[2022-06-09T05:46:22.167+0000][6][gc,init] CardTable entry size: 512
[2022-06-09T05:46:22.173+0000][6][gc     ] Using G1
[2022-06-09T05:46:22.459+0000][6][gc,init] Version: 18.0.1.1+2-6 (release)
[2022-06-09T05:46:22.459+0000][6][gc,init] CPUs: 1 total, 1 available
[2022-06-09T05:46:22.459+0000][6][gc,init] Memory: 1974M
[2022-06-09T05:46:22.459+0000][6][gc,init] Large Page Support: Disabled
[2022-06-09T05:46:22.459+0000][6][gc,init] NUMA Support: Disabled
[2022-06-09T05:46:22.459+0000][6][gc,init] Compressed Oops: Enabled (32-bit)
[2022-06-09T05:46:22.459+0000][6][gc,init] Heap Region Size: 4M
[2022-06-09T05:46:22.459+0000][6][gc,init] Heap Min Capacity: 256M
[2022-06-09T05:46:22.459+0000][6][gc,init] Heap Initial Capacity: 256M
[2022-06-09T05:46:22.459+0000][6][gc,init] Heap Max Capacity: 256M
[2022-06-09T05:46:22.459+0000][6][gc,init] Pre-touch: Enabled
[2022-06-09T05:46:22.459+0000][6][gc,init] Parallel Workers: 1
[2022-06-09T05:46:22.459+0000][6][gc,init] Concurrent Workers: 1
[2022-06-09T05:46:22.459+0000][6][gc,init] Concurrent Refinement Workers: 1
[2022-06-09T05:46:22.459+0000][6][gc,init] Periodic GC: Disabled
[2022-06-09T05:46:22.459+0000][6][gc,metaspace] CDS archive(s) mapped at: [0x0000000800000000-0x0000000800baf000-0x0000000800baf000), size 12251136, SharedBaseAddress: 0x0000000800000000, ArchiveRelocationMode: 0.
[2022-06-09T05:46:22.459+0000][6][gc,metaspace] Compressed class space mapped at: 0x0000000800c00000-0x0000000840c00000, reserved size: 1073741824
[2022-06-09T05:46:22.459+0000][6][gc,metaspace] Narrow klass base: 0x0000000800000000, Narrow klass shift: 0, Narrow klass range: 0x100000000
[2022-06-09T05:46:23.814+0000][6][gc,start    ] GC(0) Pause Young (Normal) (G1 Evacuation Pause)
[2022-06-09T05:46:23.814+0000][6][gc,task     ] GC(0) Using 1 workers of 1 for evacuation
[2022-06-09T05:46:23.814+0000][6][gc,age      ] GC(0) Desired survivor size 2097152 bytes, new threshold 15 (max threshold 15)
[2022-06-09T05:46:23.825+0000][6][gc,phases   ] GC(0)   Pre Evacuate Collection Set: 0.0ms
[2022-06-09T05:46:23.825+0000][6][gc,phases   ] GC(0)   Merge Heap Roots: 0.0ms
[2022-06-09T05:46:23.825+0000][6][gc,phases   ] GC(0)   Evacuate Collection Set: 10.6ms
[2022-06-09T05:46:23.825+0000][6][gc,phases   ] GC(0)   Post Evacuate Collection Set: 0.3ms
[2022-06-09T05:46:23.825+0000][6][gc,phases   ] GC(0)   Other: 0.2ms
[2022-06-09T05:46:23.825+0000][6][gc,age      ] GC(0) Age table with threshold 15 (max threshold 15)
[2022-06-09T05:46:23.825+0000][6][gc,age      ] GC(0) - age   1:    3155040 bytes,    3155040 total
[2022-06-09T05:46:23.825+0000][6][gc,heap     ] GC(0) Eden regions: 3->0(2)
[2022-06-09T05:46:23.825+0000][6][gc,heap     ] GC(0) Survivor regions: 0->1(1)
[2022-06-09T05:46:23.825+0000][6][gc,heap     ] GC(0) Old regions: 0->0
[2022-06-09T05:46:23.825+0000][6][gc,heap     ] GC(0) Archive regions: 2->2
[2022-06-09T05:46:23.825+0000][6][gc,heap     ] GC(0) Humongous regions: 0->0
[2022-06-09T05:46:23.825+0000][6][gc,metaspace] GC(0) Metaspace: 4760K(4864K)->4760K(4864K) NonClass: 4281K(4352K)->4281K(4352K) Class: 478K(512K)->478K(512K)
[2022-06-09T05:46:23.825+0000][6][gc          ] GC(0) Pause Young (Normal) (G1 Evacuation Pause) 15M->6M(256M) 11.361ms
[2022-06-09T05:46:23.825+0000][6][gc,cpu      ] GC(0) User=0.00s Sys=0.00s Real=0.01s
[2022-06-09T05:46:23.825+0000][6][safepoint   ] Safepoint "G1CollectForAllocation", Time since last: 1337958810 ns, Reaching safepoint: 92829 ns, At safepoint: 11403403 ns, Total: 11496232 ns
[2022-06-09T05:46:24.923+0000][6][safepoint   ] Safepoint "Cleanup", Time since last: 1098260250 ns, Reaching safepoint: 61190 ns, At safepoint: 4032 ns, Total: 65222 ns
[2022-06-09T05:46:25.119+0000][6][gc,start    ] GC(1) Pause Young (Normal) (G1 Evacuation Pause)
[2022-06-09T05:46:25.119+0000][6][gc,task     ] GC(1) Using 1 workers of 1 for evacuation
[2022-06-09T05:46:25.119+0000][6][gc,age      ] GC(1) Desired survivor size 2097152 bytes, new threshold 1 (max threshold 15)
[2022-06-09T05:46:25.136+0000][6][gc,phases   ] GC(1)   Pre Evacuate Collection Set: 0.0ms
[2022-06-09T05:46:25.136+0000][6][gc,phases   ] GC(1)   Merge Heap Roots: 0.0ms
[2022-06-09T05:46:25.136+0000][6][gc,phases   ] GC(1)   Evacuate Collection Set: 14.2ms
[2022-06-09T05:46:25.136+0000][6][gc,phases   ] GC(1)   Post Evacuate Collection Set: 3.4ms
[2022-06-09T05:46:25.136+0000][6][gc,phases   ] GC(1)   Other: 0.1ms
[2022-06-09T05:46:25.136+0000][6][gc,age      ] GC(1) Age table with threshold 1 (max threshold 15)
[2022-06-09T05:46:25.136+0000][6][gc,age      ] GC(1) - age   1:    1087584 bytes,    1087584 total
[2022-06-09T05:46:25.136+0000][6][gc,heap     ] GC(1) Eden regions: 2->0(2)
[2022-06-09T05:46:25.136+0000][6][gc,heap     ] GC(1) Survivor regions: 1->1(1)
[2022-06-09T05:46:25.136+0000][6][gc,heap     ] GC(1) Old regions: 0->1
[2022-06-09T05:46:25.136+0000][6][gc,heap     ] GC(1) Archive regions: 2->2
[2022-06-09T05:46:25.136+0000][6][gc,heap     ] GC(1) Humongous regions: 0->0
[2022-06-09T05:46:25.136+0000][6][gc,metaspace] GC(1) Metaspace: 8194K(8384K)->8194K(8384K) NonClass: 7298K(7424K)->7298K(7424K) Class: 896K(960K)->896K(960K)
[2022-06-09T05:46:25.137+0000][6][gc          ] GC(1) Pause Young (Normal) (G1 Evacuation Pause) 14M->8M(256M) 17.958ms
[2022-06-09T05:46:25.137+0000][6][gc,cpu      ] GC(1) User=0.01s Sys=0.00s Real=0.02s
[2022-06-09T05:46:25.137+0000][6][safepoint   ] Safepoint "G1CollectForAllocation", Time since last: 195091526 ns, Reaching safepoint: 35323 ns, At safepoint: 18000649 ns, Total: 18035972 ns
[2022-06-09T05:46:25.658+0000][6][gc,start    ] GC(2) Pause Young (Normal) (G1 Evacuation Pause)
[2022-06-09T05:46:25.658+0000][6][gc,task     ] GC(2) Using 1 workers of 1 for evacuation
[2022-06-09T05:46:25.658+0000][6][gc,age      ] GC(2) Desired survivor size 2097152 bytes, new threshold 15 (max threshold 15)
[2022-06-09T05:46:25.674+0000][6][gc,phases   ] GC(2)   Pre Evacuate Collection Set: 0.0ms
[2022-06-09T05:46:25.674+0000][6][gc,phases   ] GC(2)   Merge Heap Roots: 0.0ms
[2022-06-09T05:46:25.674+0000][6][gc,phases   ] GC(2)   Evacuate Collection Set: 8.2ms
[2022-06-09T05:46:25.674+0000][6][gc,phases   ] GC(2)   Post Evacuate Collection Set: 7.8ms
[2022-06-09T05:46:25.674+0000][6][gc,phases   ] GC(2)   Other: 0.1ms
[2022-06-09T05:46:25.674+0000][6][gc,age      ] GC(2) Age table with threshold 15 (max threshold 15)
[2022-06-09T05:46:25.674+0000][6][gc,age      ] GC(2) - age   1:     512184 bytes,     512184 total
[2022-06-09T05:46:25.674+0000][6][gc,age      ] GC(2) - age   2:    1060544 bytes,    1572728 total
[2022-06-09T05:46:25.674+0000][6][gc,heap     ] GC(2) Eden regions: 2->0(2)
[2022-06-09T05:46:25.674+0000][6][gc,heap     ] GC(2) Survivor regions: 1->1(1)
[2022-06-09T05:46:25.674+0000][6][gc,heap     ] GC(2) Old regions: 1->1
[2022-06-09T05:46:25.674+0000][6][gc,heap     ] GC(2) Archive regions: 2->2
[2022-06-09T05:46:25.674+0000][6][gc,heap     ] GC(2) Humongous regions: 0->0
[2022-06-09T05:46:25.674+0000][6][gc,metaspace] GC(2) Metaspace: 9817K(10048K)->9817K(10048K) NonClass: 8657K(8768K)->8657K(8768K) Class: 1160K(1280K)->1160K(1280K)
[2022-06-09T05:46:25.674+0000][6][gc          ] GC(2) Pause Young (Normal) (G1 Evacuation Pause) 16M->8M(256M) 16.356ms
[2022-06-09T05:46:25.675+0000][6][gc,cpu      ] GC(2) User=0.01s Sys=0.00s Real=0.01s
[2022-06-09T05:46:25.675+0000][6][safepoint   ] Safepoint "G1CollectForAllocation", Time since last: 521490413 ns, Reaching safepoint: 47639 ns, At safepoint: 16452803 ns, Total: 16500442 ns
[2022-06-09T05:46:26.511+0000][6][gc,start    ] GC(3) Pause Young (Normal) (G1 Evacuation Pause)
[2022-06-09T05:46:26.511+0000][6][gc,task     ] GC(3) Using 1 workers of 1 for evacuation
[2022-06-09T05:46:26.511+0000][6][gc,age      ] GC(3) Desired survivor size 2097152 bytes, new threshold 15 (max threshold 15)
[2022-06-09T05:46:26.527+0000][6][gc,phases   ] GC(3)   Pre Evacuate Collection Set: 0.0ms
[2022-06-09T05:46:26.527+0000][6][gc,phases   ] GC(3)   Merge Heap Roots: 0.0ms
[2022-06-09T05:46:26.527+0000][6][gc,phases   ] GC(3)   Evacuate Collection Set: 9.5ms
[2022-06-09T05:46:26.527+0000][6][gc,phases   ] GC(3)   Post Evacuate Collection Set: 6.5ms
[2022-06-09T05:46:26.527+0000][6][gc,phases   ] GC(3)   Other: 0.1ms
[2022-06-09T05:46:26.527+0000][6][gc,age      ] GC(3) Age table with threshold 15 (max threshold 15)
[2022-06-09T05:46:26.527+0000][6][gc,age      ] GC(3) - age   1:    1095592 bytes,    1095592 total
[2022-06-09T05:46:26.527+0000][6][gc,age      ] GC(3) - age   2:     493032 bytes,    1588624 total
[2022-06-09T05:46:26.527+0000][6][gc,age      ] GC(3) - age   3:    1059272 bytes,    2647896 total
[2022-06-09T05:46:26.527+0000][6][gc,heap     ] GC(3) Eden regions: 2->0(3)
[2022-06-09T05:46:26.527+0000][6][gc,heap     ] GC(3) Survivor regions: 1->1(1)
[2022-06-09T05:46:26.527+0000][6][gc,heap     ] GC(3) Old regions: 1->1
[2022-06-09T05:46:26.527+0000][6][gc,heap     ] GC(3) Archive regions: 2->2
[2022-06-09T05:46:26.527+0000][6][gc,heap     ] GC(3) Humongous regions: 0->0
[2022-06-09T05:46:26.527+0000][6][gc,metaspace] GC(3) Metaspace: 11335K(11584K)->11335K(11584K) NonClass: 9976K(10112K)->9976K(10112K) Class: 1358K(1472K)->1358K(1472K)
[2022-06-09T05:46:26.527+0000][6][gc          ] GC(3) Pause Young (Normal) (G1 Evacuation Pause) 16M->9M(256M) 16.320ms
[2022-06-09T05:46:26.527+0000][6][gc,cpu      ] GC(3) User=0.01s Sys=0.00s Real=0.02s
[2022-06-09T05:46:26.527+0000][6][safepoint   ] Safepoint "G1CollectForAllocation", Time since last: 835993725 ns, Reaching safepoint: 105712 ns, At safepoint: 16363524 ns, Total: 16469236 ns
[2022-06-09T05:46:27.538+0000][6][gc,start    ] GC(4) Pause Young (Normal) (G1 Evacuation Pause)
[2022-06-09T05:46:27.538+0000][6][gc,task     ] GC(4) Using 1 workers of 1 for evacuation
[2022-06-09T05:46:27.538+0000][6][gc,age      ] GC(4) Desired survivor size 2097152 bytes, new threshold 3 (max threshold 15)
[2022-06-09T05:46:27.555+0000][6][gc,phases   ] GC(4)   Pre Evacuate Collection Set: 0.0ms
[2022-06-09T05:46:27.555+0000][6][gc,phases   ] GC(4)   Merge Heap Roots: 0.0ms
[2022-06-09T05:46:27.555+0000][6][gc,phases   ] GC(4)   Evacuate Collection Set: 16.5ms
[2022-06-09T05:46:27.555+0000][6][gc,phases   ] GC(4)   Post Evacuate Collection Set: 0.4ms
[2022-06-09T05:46:27.555+0000][6][gc,phases   ] GC(4)   Other: 0.1ms
[2022-06-09T05:46:27.555+0000][6][gc,age      ] GC(4) Age table with threshold 3 (max threshold 15)
[2022-06-09T05:46:27.555+0000][6][gc,age      ] GC(4) - age   1:    1588672 bytes,    1588672 total
[2022-06-09T05:46:27.556+0000][6][gc,age      ] GC(4) - age   2:    1016176 bytes,    2604848 total
[2022-06-09T05:46:27.556+0000][6][gc,age      ] GC(4) - age   3:     478480 bytes,    3083328 total
[2022-06-09T05:46:27.556+0000][6][gc,heap     ] GC(4) Eden regions: 3->0(4)
[2022-06-09T05:46:27.556+0000][6][gc,heap     ] GC(4) Survivor regions: 1->1(1)
[2022-06-09T05:46:27.556+0000][6][gc,heap     ] GC(4) Old regions: 1->1
[2022-06-09T05:46:27.556+0000][6][gc,heap     ] GC(4) Archive regions: 2->2
[2022-06-09T05:46:27.556+0000][6][gc,heap     ] GC(4) Humongous regions: 0->0
[2022-06-09T05:46:27.556+0000][6][gc,metaspace] GC(4) Metaspace: 13409K(13696K)->13409K(13696K) NonClass: 11830K(11968K)->11830K(11968K) Class: 1578K(1728K)->1578K(1728K)
[2022-06-09T05:46:27.556+0000][6][gc          ] GC(4) Pause Young (Normal) (G1 Evacuation Pause) 21M->11M(256M) 17.229ms
[2022-06-09T05:46:27.556+0000][6][gc,cpu      ] GC(4) User=0.01s Sys=0.00s Real=0.02s
[2022-06-09T05:46:27.556+0000][6][safepoint   ] Safepoint "G1CollectForAllocation", Time since last: 1011249626 ns, Reaching safepoint: 96264 ns, At safepoint: 17297544 ns, Total: 17393808 ns
[2022-06-09T05:46:28.557+0000][6][safepoint   ] Safepoint "Cleanup", Time since last: 1000110584 ns, Reaching safepoint: 1090902 ns, At safepoint: 6495 ns, Total: 1097397 ns
[2022-06-09T05:46:28.611+0000][6][gc,start    ] GC(5) Pause Young (Normal) (G1 Evacuation Pause)
[2022-06-09T05:46:28.611+0000][6][gc,task     ] GC(5) Using 1 workers of 1 for evacuation
[2022-06-09T05:46:28.611+0000][6][gc,age      ] GC(5) Desired survivor size 2097152 bytes, new threshold 2 (max threshold 15)
[2022-06-09T05:46:28.621+0000][6][gc,phases   ] GC(5)   Pre Evacuate Collection Set: 0.0ms
[2022-06-09T05:46:28.621+0000][6][gc,phases   ] GC(5)   Merge Heap Roots: 0.0ms
[2022-06-09T05:46:28.621+0000][6][gc,phases   ] GC(5)   Evacuate Collection Set: 10.2ms
[2022-06-09T05:46:28.621+0000][6][gc,phases   ] GC(5)   Post Evacuate Collection Set: 0.4ms
[2022-06-09T05:46:28.621+0000][6][gc,phases   ] GC(5)   Other: 0.1ms
[2022-06-09T05:46:28.621+0000][6][gc,age      ] GC(5) Age table with threshold 2 (max threshold 15)
[2022-06-09T05:46:28.621+0000][6][gc,age      ] GC(5) - age   1:     522408 bytes,     522408 total
[2022-06-09T05:46:28.621+0000][6][gc,age      ] GC(5) - age   2:    1008296 bytes,    1530704 total
[2022-06-09T05:46:28.621+0000][6][gc,heap     ] GC(5) Eden regions: 4->0(37)
[2022-06-09T05:46:28.621+0000][6][gc,heap     ] GC(5) Survivor regions: 1->1(1)
[2022-06-09T05:46:28.621+0000][6][gc,heap     ] GC(5) Old regions: 1->2
[2022-06-09T05:46:28.621+0000][6][gc,heap     ] GC(5) Archive regions: 2->2
[2022-06-09T05:46:28.621+0000][6][gc,heap     ] GC(5) Humongous regions: 0->0
[2022-06-09T05:46:28.621+0000][6][gc,metaspace] GC(5) Metaspace: 14939K(15296K)->14939K(15296K) NonClass: 13216K(13376K)->13216K(13376K) Class: 1722K(1920K)->1722K(1920K)
[2022-06-09T05:46:28.622+0000][6][gc          ] GC(5) Pause Young (Normal) (G1 Evacuation Pause) 27M->11M(256M) 10.990ms
[2022-06-09T05:46:28.622+0000][6][gc,cpu      ] GC(5) User=0.01s Sys=0.00s Real=0.01s
[2022-06-09T05:46:28.622+0000][6][safepoint   ] Safepoint "G1CollectForAllocation", Time since last: 49686413 ns, Reaching safepoint: 3982896 ns, At safepoint: 11034038 ns, Total: 15016934 ns
[2022-06-09T05:46:29.623+0000][6][safepoint   ] Safepoint "Cleanup", Time since last: 1000101265 ns, Reaching safepoint: 1438448 ns, At safepoint: 7540 ns, Total: 1445988 ns
[2022-06-09T05:46:30.773+0000][6][safepoint   ] Safepoint "Cleanup", Time since last: 1147712568 ns, Reaching safepoint: 2143827 ns, At safepoint: 6450 ns, Total: 2150277 ns
[2022-06-09T05:46:31.851+0000][6][gc,start    ] GC(6) Pause Young (Normal) (G1 Evacuation Pause)
[2022-06-09T05:46:31.851+0000][6][gc,task     ] GC(6) Using 1 workers of 1 for evacuation
[2022-06-09T05:46:31.851+0000][6][gc,age      ] GC(6) Desired survivor size 10485760 bytes, new threshold 15 (max threshold 15)
[2022-06-09T05:46:31.873+0000][6][gc,phases   ] GC(6)   Pre Evacuate Collection Set: 0.0ms
[2022-06-09T05:46:31.873+0000][6][gc,phases   ] GC(6)   Merge Heap Roots: 0.0ms
[2022-06-09T05:46:31.874+0000][6][gc,phases   ] GC(6)   Evacuate Collection Set: 19.6ms
[2022-06-09T05:46:31.874+0000][6][gc,phases   ] GC(6)   Post Evacuate Collection Set: 3.1ms
[2022-06-09T05:46:31.874+0000][6][gc,phases   ] GC(6)   Other: 0.1ms
[2022-06-09T05:46:31.874+0000][6][gc,age      ] GC(6) Age table with threshold 15 (max threshold 15)
[2022-06-09T05:46:31.874+0000][6][gc,age      ] GC(6) - age   1:    2911800 bytes,    2911800 total
[2022-06-09T05:46:31.874+0000][6][gc,age      ] GC(6) - age   2:     451848 bytes,    3363648 total
[2022-06-09T05:46:31.874+0000][6][gc,age      ] GC(6) - age   3:    1007928 bytes,    4371576 total
[2022-06-09T05:46:31.874+0000][6][gc,heap     ] GC(6) Eden regions: 37->0(36)
[2022-06-09T05:46:31.874+0000][6][gc,heap     ] GC(6) Survivor regions: 1->2(5)
[2022-06-09T05:46:31.874+0000][6][gc,heap     ] GC(6) Old regions: 2->2
[2022-06-09T05:46:31.874+0000][6][gc,heap     ] GC(6) Archive regions: 2->2
[2022-06-09T05:46:31.874+0000][6][gc,heap     ] GC(6) Humongous regions: 0->0
[2022-06-09T05:46:31.874+0000][6][gc,metaspace] GC(6) Metaspace: 17719K(18176K)->17719K(18176K) NonClass: 15697K(15936K)->15697K(15936K) Class: 2022K(2240K)->2022K(2240K)
[2022-06-09T05:46:31.874+0000][6][gc          ] GC(6) Pause Young (Normal) (G1 Evacuation Pause) 159M->13M(256M) 23.022ms
[2022-06-09T05:46:31.874+0000][6][gc,cpu      ] GC(6) User=0.01s Sys=0.01s Real=0.02s
[2022-06-09T05:46:31.874+0000][6][safepoint   ] Safepoint "G1CollectForAllocation", Time since last: 1077553550 ns, Reaching safepoint: 72936 ns, At safepoint: 23075378 ns, Total: 23148314 ns
[2022-06-09T05:46:32.880+0000][6][safepoint   ] Safepoint "Cleanup", Time since last: 1000112862 ns, Reaching safepoint: 5956953 ns, At safepoint: 9311 ns, Total: 5966264 ns
[2022-06-09T05:46:33.253+0000][6][gc,start    ] GC(7) Pause Young (Normal) (G1 Evacuation Pause)
[2022-06-09T05:46:33.253+0000][6][gc,task     ] GC(7) Using 1 workers of 1 for evacuation
[2022-06-09T05:46:33.253+0000][6][gc,age      ] GC(7) Desired survivor size 10485760 bytes, new threshold 15 (max threshold 15)
[2022-06-09T05:46:33.288+0000][6][gc,phases   ] GC(7)   Pre Evacuate Collection Set: 0.0ms
[2022-06-09T05:46:33.288+0000][6][gc,phases   ] GC(7)   Merge Heap Roots: 0.0ms
[2022-06-09T05:46:33.288+0000][6][gc,phases   ] GC(7)   Evacuate Collection Set: 33.9ms
[2022-06-09T05:46:33.288+0000][6][gc,phases   ] GC(7)   Post Evacuate Collection Set: 0.6ms
[2022-06-09T05:46:33.288+0000][6][gc,phases   ] GC(7)   Other: 0.1ms
[2022-06-09T05:46:33.288+0000][6][gc,age      ] GC(7) Age table with threshold 15 (max threshold 15)
[2022-06-09T05:46:33.288+0000][6][gc,age      ] GC(7) - age   1:    2528784 bytes,    2528784 total
[2022-06-09T05:46:33.288+0000][6][gc,age      ] GC(7) - age   2:    2831936 bytes,    5360720 total
[2022-06-09T05:46:33.288+0000][6][gc,age      ] GC(7) - age   3:     451648 bytes,    5812368 total
[2022-06-09T05:46:33.288+0000][6][gc,age      ] GC(7) - age   4:    1007816 bytes,    6820184 total
[2022-06-09T05:46:33.288+0000][6][gc,heap     ] GC(7) Eden regions: 36->0(36)
[2022-06-09T05:46:33.288+0000][6][gc,heap     ] GC(7) Survivor regions: 2->2(5)
[2022-06-09T05:46:33.288+0000][6][gc,heap     ] GC(7) Old regions: 2->2
[2022-06-09T05:46:33.288+0000][6][gc,heap     ] GC(7) Archive regions: 2->2
[2022-06-09T05:46:33.288+0000][6][gc,heap     ] GC(7) Humongous regions: 0->0
[2022-06-09T05:46:33.288+0000][6][gc,metaspace] GC(7) Metaspace: 18561K(18944K)->18561K(18944K) NonClass: 16375K(16576K)->16375K(16576K) Class: 2186K(2368K)->2186K(2368K)
[2022-06-09T05:46:33.288+0000][6][gc          ] GC(7) Pause Young (Normal) (G1 Evacuation Pause) 157M->16M(256M) 34.828ms
[2022-06-09T05:46:33.288+0000][6][gc,cpu      ] GC(7) User=0.02s Sys=0.00s Real=0.04s
[2022-06-09T05:46:33.288+0000][6][safepoint   ] Safepoint "G1CollectForAllocation", Time since last: 373177026 ns, Reaching safepoint: 27180 ns, At safepoint: 34872420 ns, Total: 34899600 ns
[2022-06-09T05:46:34.291+0000][6][safepoint   ] Safepoint "Cleanup", Time since last: 1000125060 ns, Reaching safepoint: 2587638 ns, At safepoint: 18828 ns, Total: 2606466 ns
[2022-06-09T05:46:34.307+0000][6][gc,start    ] GC(8) Pause Young (Normal) (G1 Evacuation Pause)
[2022-06-09T05:46:34.307+0000][6][gc,task     ] GC(8) Using 1 workers of 1 for evacuation
[2022-06-09T05:46:34.307+0000][6][gc,age      ] GC(8) Desired survivor size 10485760 bytes, new threshold 15 (max threshold 15)
[2022-06-09T05:46:34.331+0000][6][gc,phases   ] GC(8)   Pre Evacuate Collection Set: 0.0ms
[2022-06-09T05:46:34.331+0000][6][gc,phases   ] GC(8)   Merge Heap Roots: 0.0ms
[2022-06-09T05:46:34.331+0000][6][gc,phases   ] GC(8)   Evacuate Collection Set: 21.8ms
[2022-06-09T05:46:34.331+0000][6][gc,phases   ] GC(8)   Post Evacuate Collection Set: 2.3ms
[2022-06-09T05:46:34.331+0000][6][gc,phases   ] GC(8)   Other: 0.1ms
[2022-06-09T05:46:34.331+0000][6][gc,age      ] GC(8) Age table with threshold 15 (max threshold 15)
[2022-06-09T05:46:34.331+0000][6][gc,age      ] GC(8) - age   1:    3666632 bytes,    3666632 total
[2022-06-09T05:46:34.331+0000][6][gc,age      ] GC(8) - age   2:    2066672 bytes,    5733304 total
[2022-06-09T05:46:34.331+0000][6][gc,age      ] GC(8) - age   3:    2831160 bytes,    8564464 total
[2022-06-09T05:46:34.331+0000][6][gc,age      ] GC(8) - age   4:     451648 bytes,    9016112 total
[2022-06-09T05:46:34.331+0000][6][gc,age      ] GC(8) - age   5:    1007816 bytes,   10023928 total
[2022-06-09T05:46:34.331+0000][6][gc,heap     ] GC(8) Eden regions: 36->0(35)
[2022-06-09T05:46:34.331+0000][6][gc,heap     ] GC(8) Survivor regions: 2->3(5)
[2022-06-09T05:46:34.331+0000][6][gc,heap     ] GC(8) Old regions: 2->2
[2022-06-09T05:46:34.331+0000][6][gc,heap     ] GC(8) Archive regions: 2->2
[2022-06-09T05:46:34.331+0000][6][gc,heap     ] GC(8) Humongous regions: 0->0
[2022-06-09T05:46:34.331+0000][6][gc,metaspace] GC(8) Metaspace: 19003K(19456K)->19003K(19456K) NonClass: 16777K(17024K)->16777K(17024K) Class: 2226K(2432K)->2226K(2432K)
[2022-06-09T05:46:34.331+0000][6][gc          ] GC(8) Pause Young (Normal) (G1 Evacuation Pause) 160M->19M(256M) 24.459ms
[2022-06-09T05:46:34.331+0000][6][gc,cpu      ] GC(8) User=0.02s Sys=0.01s Real=0.02s
[2022-06-09T05:46:34.331+0000][6][safepoint   ] Safepoint "G1CollectForAllocation", Time since last: 16124051 ns, Reaching safepoint: 23248 ns, At safepoint: 24504916 ns, Total: 24528164 ns
[2022-06-09T05:46:35.331+0000][6][safepoint   ] Safepoint "Cleanup", Time since last: 1000091303 ns, Reaching safepoint: 41905 ns, At safepoint: 4420 ns, Total: 46325 ns
[2022-06-09T05:46:35.443+0000][6][gc,start    ] GC(9) Pause Young (Normal) (G1 Evacuation Pause)
[2022-06-09T05:46:35.443+0000][6][gc,task     ] GC(9) Using 1 workers of 1 for evacuation
[2022-06-09T05:46:35.443+0000][6][gc,age      ] GC(9) Desired survivor size 10485760 bytes, new threshold 15 (max threshold 15)
[2022-06-09T05:46:35.479+0000][6][gc,phases   ] GC(9)   Pre Evacuate Collection Set: 0.0ms
[2022-06-09T05:46:35.479+0000][6][gc,phases   ] GC(9)   Merge Heap Roots: 0.0ms
[2022-06-09T05:46:35.479+0000][6][gc,phases   ] GC(9)   Evacuate Collection Set: 27.8ms
[2022-06-09T05:46:35.479+0000][6][gc,phases   ] GC(9)   Post Evacuate Collection Set: 8.5ms
[2022-06-09T05:46:35.479+0000][6][gc,phases   ] GC(9)   Other: 0.1ms
[2022-06-09T05:46:35.479+0000][6][gc,age      ] GC(9) Age table with threshold 15 (max threshold 15)
[2022-06-09T05:46:35.479+0000][6][gc,age      ] GC(9) - age   1:    1045344 bytes,    1045344 total
[2022-06-09T05:46:35.479+0000][6][gc,age      ] GC(9) - age   2:    2463712 bytes,    3509056 total
[2022-06-09T05:46:35.479+0000][6][gc,age      ] GC(9) - age   3:    2066672 bytes,    5575728 total
[2022-06-09T05:46:35.479+0000][6][gc,age      ] GC(9) - age   4:    2831112 bytes,    8406840 total
[2022-06-09T05:46:35.479+0000][6][gc,age      ] GC(9) - age   5:     451648 bytes,    8858488 total
[2022-06-09T05:46:35.479+0000][6][gc,age      ] GC(9) - age   6:    1007672 bytes,    9866160 total
[2022-06-09T05:46:35.479+0000][6][gc,heap     ] GC(9) Eden regions: 35->0(35)
[2022-06-09T05:46:35.479+0000][6][gc,heap     ] GC(9) Survivor regions: 3->3(5)
[2022-06-09T05:46:35.479+0000][6][gc,heap     ] GC(9) Old regions: 2->2
[2022-06-09T05:46:35.479+0000][6][gc,heap     ] GC(9) Archive regions: 2->2
[2022-06-09T05:46:35.479+0000][6][gc,heap     ] GC(9) Humongous regions: 0->0
[2022-06-09T05:46:35.479+0000][6][gc,metaspace] GC(9) Metaspace: 19565K(20032K)->19565K(20032K) NonClass: 17264K(17536K)->17264K(17536K) Class: 2300K(2496K)->2300K(2496K)
[2022-06-09T05:46:35.479+0000][6][gc          ] GC(9) Pause Young (Normal) (G1 Evacuation Pause) 159M->19M(256M) 36.598ms
[2022-06-09T05:46:35.479+0000][6][gc,cpu      ] GC(9) User=0.02s Sys=0.00s Real=0.04s
[2022-06-09T05:46:35.479+0000][6][safepoint   ] Safepoint "G1CollectForAllocation", Time since last: 111172435 ns, Reaching safepoint: 33660 ns, At safepoint: 36641904 ns, Total: 36675564 ns
[2022-06-09T05:46:36.425+0000][6][gc,start    ] GC(10) Pause Young (Normal) (G1 Evacuation Pause)
[2022-06-09T05:46:36.425+0000][6][gc,task     ] GC(10) Using 1 workers of 1 for evacuation
[2022-06-09T05:46:36.425+0000][6][gc,age      ] GC(10) Desired survivor size 10485760 bytes, new threshold 15 (max threshold 15)
[2022-06-09T05:46:36.456+0000][6][gc,phases   ] GC(10)   Pre Evacuate Collection Set: 0.0ms
[2022-06-09T05:46:36.456+0000][6][gc,phases   ] GC(10)   Merge Heap Roots: 0.0ms
[2022-06-09T05:46:36.456+0000][6][gc,phases   ] GC(10)   Evacuate Collection Set: 30.2ms
[2022-06-09T05:46:36.456+0000][6][gc,phases   ] GC(10)   Post Evacuate Collection Set: 0.6ms
[2022-06-09T05:46:36.456+0000][6][gc,phases   ] GC(10)   Other: 0.1ms
[2022-06-09T05:46:36.456+0000][6][gc,age      ] GC(10) Age table with threshold 15 (max threshold 15)
[2022-06-09T05:46:36.456+0000][6][gc,age      ] GC(10) - age   1:    2399384 bytes,    2399384 total
[2022-06-09T05:46:36.456+0000][6][gc,age      ] GC(10) - age   2:    1028776 bytes,    3428160 total
[2022-06-09T05:46:36.456+0000][6][gc,age      ] GC(10) - age   3:    2463712 bytes,    5891872 total
[2022-06-09T05:46:36.456+0000][6][gc,age      ] GC(10) - age   4:    2065728 bytes,    7957600 total
[2022-06-09T05:46:36.456+0000][6][gc,age      ] GC(10) - age   5:    2830696 bytes,   10788296 total
[2022-06-09T05:46:36.456+0000][6][gc,age      ] GC(10) - age   6:     451584 bytes,   11239880 total
[2022-06-09T05:46:36.456+0000][6][gc,age      ] GC(10) - age   7:    1007672 bytes,   12247552 total
[2022-06-09T05:46:36.456+0000][6][gc,heap     ] GC(10) Eden regions: 35->0(35)
[2022-06-09T05:46:36.456+0000][6][gc,heap     ] GC(10) Survivor regions: 3->3(5)
[2022-06-09T05:46:36.456+0000][6][gc,heap     ] GC(10) Old regions: 2->2
[2022-06-09T05:46:36.456+0000][6][gc,heap     ] GC(10) Archive regions: 2->2
[2022-06-09T05:46:36.456+0000][6][gc,heap     ] GC(10) Humongous regions: 0->0
[2022-06-09T05:46:36.456+0000][6][gc,metaspace] GC(10) Metaspace: 19899K(20416K)->19899K(20416K) NonClass: 17544K(17856K)->17544K(17856K) Class: 2354K(2560K)->2354K(2560K)
[2022-06-09T05:46:36.456+0000][6][gc          ] GC(10) Pause Young (Normal) (G1 Evacuation Pause) 159M->21M(256M) 31.201ms
[2022-06-09T05:46:36.456+0000][6][gc,cpu      ] GC(10) User=0.01s Sys=0.00s Real=0.04s
[2022-06-09T05:46:36.456+0000][6][safepoint   ] Safepoint "G1CollectForAllocation", Time since last: 945922677 ns, Reaching safepoint: 45539 ns, At safepoint: 31251434 ns, Total: 31296973 ns
[2022-06-09T05:46:37.464+0000][6][safepoint   ] Safepoint "Cleanup", Time since last: 1006757699 ns, Reaching safepoint: 413321 ns, At safepoint: 5543 ns, Total: 418864 ns
[2022-06-09T05:46:37.607+0000][6][gc,start    ] GC(11) Pause Young (Normal) (G1 Evacuation Pause)
[2022-06-09T05:46:37.607+0000][6][gc,task     ] GC(11) Using 1 workers of 1 for evacuation
[2022-06-09T05:46:37.607+0000][6][gc,age      ] GC(11) Desired survivor size 10485760 bytes, new threshold 5 (max threshold 15)
[2022-06-09T05:46:37.635+0000][6][gc,phases   ] GC(11)   Pre Evacuate Collection Set: 0.0ms
[2022-06-09T05:46:37.635+0000][6][gc,phases   ] GC(11)   Merge Heap Roots: 0.0ms
[2022-06-09T05:46:37.635+0000][6][gc,phases   ] GC(11)   Evacuate Collection Set: 27.5ms
[2022-06-09T05:46:37.635+0000][6][gc,phases   ] GC(11)   Post Evacuate Collection Set: 0.7ms
[2022-06-09T05:46:37.635+0000][6][gc,phases   ] GC(11)   Other: 0.1ms
[2022-06-09T05:46:37.635+0000][6][gc,age      ] GC(11) Age table with threshold 5 (max threshold 15)
[2022-06-09T05:46:37.635+0000][6][gc,age      ] GC(11) - age   1:    2052376 bytes,    2052376 total
[2022-06-09T05:46:37.635+0000][6][gc,age      ] GC(11) - age   2:     274472 bytes,    2326848 total
[2022-06-09T05:46:37.635+0000][6][gc,age      ] GC(11) - age   3:    1028592 bytes,    3355440 total
[2022-06-09T05:46:37.635+0000][6][gc,age      ] GC(11) - age   4:    2462640 bytes,    5818080 total
[2022-06-09T05:46:37.635+0000][6][gc,age      ] GC(11) - age   5:    2062872 bytes,    7880952 total
[2022-06-09T05:46:37.635+0000][6][gc,heap     ] GC(11) Eden regions: 35->0(36)
[2022-06-09T05:46:37.635+0000][6][gc,heap     ] GC(11) Survivor regions: 3->2(5)
[2022-06-09T05:46:37.635+0000][6][gc,heap     ] GC(11) Old regions: 2->3
[2022-06-09T05:46:37.635+0000][6][gc,heap     ] GC(11) Archive regions: 2->2
[2022-06-09T05:46:37.635+0000][6][gc,heap     ] GC(11) Humongous regions: 0->0
[2022-06-09T05:46:37.635+0000][6][gc,metaspace] GC(11) Metaspace: 20790K(21376K)->20790K(21376K) NonClass: 18323K(18688K)->18323K(18688K) Class: 2466K(2688K)->2466K(2688K)
[2022-06-09T05:46:37.635+0000][6][gc          ] GC(11) Pause Young (Normal) (G1 Evacuation Pause) 161M->21M(256M) 28.598ms
[2022-06-09T05:46:37.635+0000][6][gc,cpu      ] GC(11) User=0.01s Sys=0.00s Real=0.03s
[2022-06-09T05:46:37.635+0000][6][safepoint   ] Safepoint "G1CollectForAllocation", Time since last: 143176518 ns, Reaching safepoint: 30406 ns, At safepoint: 28642806 ns, Total: 28673212 ns
[2022-06-09T05:46:38.111+0000][6][gc,start    ] GC(12) Pause Young (Concurrent Start) (Metadata GC Threshold)
[2022-06-09T05:46:38.111+0000][6][gc,task     ] GC(12) Using 1 workers of 1 for evacuation
[2022-06-09T05:46:38.111+0000][6][gc,age      ] GC(12) Desired survivor size 10485760 bytes, new threshold 15 (max threshold 15)
[2022-06-09T05:46:38.133+0000][6][gc,phases   ] GC(12)   Pre Evacuate Collection Set: 0.1ms
[2022-06-09T05:46:38.133+0000][6][gc,phases   ] GC(12)   Merge Heap Roots: 0.0ms
[2022-06-09T05:46:38.133+0000][6][gc,phases   ] GC(12)   Evacuate Collection Set: 16.7ms
[2022-06-09T05:46:38.133+0000][6][gc,phases   ] GC(12)   Post Evacuate Collection Set: 5.6ms
[2022-06-09T05:46:38.133+0000][6][gc,phases   ] GC(12)   Other: 0.1ms
[2022-06-09T05:46:38.133+0000][6][gc,age      ] GC(12) Age table with threshold 15 (max threshold 15)
[2022-06-09T05:46:38.133+0000][6][gc,age      ] GC(12) - age   1:     493792 bytes,     493792 total
[2022-06-09T05:46:38.133+0000][6][gc,age      ] GC(12) - age   2:    1636728 bytes,    2130520 total
[2022-06-09T05:46:38.133+0000][6][gc,age      ] GC(12) - age   3:     272936 bytes,    2403456 total
[2022-06-09T05:46:38.133+0000][6][gc,age      ] GC(12) - age   4:    1028592 bytes,    3432048 total
[2022-06-09T05:46:38.133+0000][6][gc,age      ] GC(12) - age   5:    2462576 bytes,    5894624 total
[2022-06-09T05:46:38.133+0000][6][gc,age      ] GC(12) - age   6:    2062840 bytes,    7957464 total
[2022-06-09T05:46:38.133+0000][6][gc,heap     ] GC(12) Eden regions: 18->0(36)
[2022-06-09T05:46:38.133+0000][6][gc,heap     ] GC(12) Survivor regions: 2->2(5)
[2022-06-09T05:46:38.133+0000][6][gc,heap     ] GC(12) Old regions: 3->3
[2022-06-09T05:46:38.133+0000][6][gc,heap     ] GC(12) Archive regions: 2->2
[2022-06-09T05:46:38.133+0000][6][gc,heap     ] GC(12) Humongous regions: 0->0
[2022-06-09T05:46:38.133+0000][6][gc,metaspace] GC(12) Metaspace: 20972K(21504K)->20972K(21504K) NonClass: 18476K(18816K)->18476K(18816K) Class: 2495K(2688K)->2495K(2688K)
[2022-06-09T05:46:38.133+0000][6][gc          ] GC(12) Pause Young (Concurrent Start) (Metadata GC Threshold) 91M->21M(256M) 22.711ms
[2022-06-09T05:46:38.133+0000][6][gc,cpu      ] GC(12) User=0.01s Sys=0.00s Real=0.02s
[2022-06-09T05:46:38.133+0000][6][safepoint   ] Safepoint "CollectForMetadataAllocation", Time since last: 475074549 ns, Reaching safepoint: 27505 ns, At safepoint: 22816609 ns, Total: 22844114 ns
[2022-06-09T05:46:38.134+0000][6][gc          ] GC(13) Concurrent Mark Cycle
[2022-06-09T05:46:38.134+0000][6][gc,marking  ] GC(13) Concurrent Clear Claimed Marks
[2022-06-09T05:46:38.134+0000][6][gc,marking  ] GC(13) Concurrent Clear Claimed Marks 0.028ms
[2022-06-09T05:46:38.134+0000][6][gc,marking  ] GC(13) Concurrent Scan Root Regions
[2022-06-09T05:46:38.138+0000][6][gc,marking  ] GC(13) Concurrent Scan Root Regions 4.665ms
[2022-06-09T05:46:38.139+0000][6][gc,marking  ] GC(13) Concurrent Mark
[2022-06-09T05:46:38.139+0000][6][gc,marking  ] GC(13) Concurrent Mark From Roots
[2022-06-09T05:46:38.139+0000][6][gc,task     ] GC(13) Using 1 workers of 1 for marking
[2022-06-09T05:46:38.219+0000][6][gc,marking  ] GC(13) Concurrent Mark From Roots 80.450ms
[2022-06-09T05:46:38.219+0000][6][gc,marking  ] GC(13) Concurrent Preclean
[2022-06-09T05:46:38.219+0000][6][gc,marking  ] GC(13) Concurrent Preclean 0.046ms
[2022-06-09T05:46:38.219+0000][6][gc,start    ] GC(13) Pause Remark
[2022-06-09T05:46:38.237+0000][6][gc          ] GC(13) Pause Remark 33M->33M(256M) 17.525ms
[2022-06-09T05:46:38.237+0000][6][gc,cpu      ] GC(13) User=0.01s Sys=0.00s Real=0.02s
[2022-06-09T05:46:38.237+0000][6][safepoint   ] Safepoint "G1Concurrent", Time since last: 85744539 ns, Reaching safepoint: 147703 ns, At safepoint: 17593871 ns, Total: 17741574 ns
[2022-06-09T05:46:38.238+0000][6][gc,marking  ] GC(13) Concurrent Mark 99.977ms
[2022-06-09T05:46:38.239+0000][6][gc,marking  ] GC(13) Concurrent Rebuild Remembered Sets
[2022-06-09T05:46:38.271+0000][6][gc,marking  ] GC(13) Concurrent Rebuild Remembered Sets 31.987ms
[2022-06-09T05:46:38.271+0000][6][gc,start    ] GC(13) Pause Cleanup
[2022-06-09T05:46:38.271+0000][6][gc          ] GC(13) Pause Cleanup 37M->37M(256M) 0.065ms
[2022-06-09T05:46:38.271+0000][6][gc,cpu      ] GC(13) User=0.00s Sys=0.00s Real=0.00s
[2022-06-09T05:46:38.271+0000][6][safepoint   ] Safepoint "G1Concurrent", Time since last: 33722018 ns, Reaching safepoint: 148333 ns, At safepoint: 98970 ns, Total: 247303 ns
[2022-06-09T05:46:38.271+0000][6][gc,marking  ] GC(13) Concurrent Cleanup for Next Mark
[2022-06-09T05:46:38.278+0000][6][gc,marking  ] GC(13) Concurrent Cleanup for Next Mark 6.729ms
[2022-06-09T05:46:38.278+0000][6][gc          ] GC(13) Concurrent Mark Cycle 143.810ms
[2022-06-09T05:46:39.050+0000][6][gc,start    ] GC(14) Pause Young (Normal) (G1 Evacuation Pause)
[2022-06-09T05:46:39.050+0000][6][gc,task     ] GC(14) Using 1 workers of 1 for evacuation
[2022-06-09T05:46:39.050+0000][6][gc,age      ] GC(14) Desired survivor size 10485760 bytes, new threshold 15 (max threshold 15)
[2022-06-09T05:46:39.069+0000][6][gc,phases   ] GC(14)   Pre Evacuate Collection Set: 0.0ms
[2022-06-09T05:46:39.069+0000][6][gc,phases   ] GC(14)   Merge Heap Roots: 0.0ms
[2022-06-09T05:46:39.069+0000][6][gc,phases   ] GC(14)   Evacuate Collection Set: 16.5ms
[2022-06-09T05:46:39.069+0000][6][gc,phases   ] GC(14)   Post Evacuate Collection Set: 2.4ms
[2022-06-09T05:46:39.069+0000][6][gc,phases   ] GC(14)   Other: 0.1ms
[2022-06-09T05:46:39.069+0000][6][gc,age      ] GC(14) Age table with threshold 15 (max threshold 15)
[2022-06-09T05:46:39.069+0000][6][gc,age      ] GC(14) - age   1:     996592 bytes,     996592 total
[2022-06-09T05:46:39.069+0000][6][gc,age      ] GC(14) - age   2:     490920 bytes,    1487512 total
[2022-06-09T05:46:39.069+0000][6][gc,age      ] GC(14) - age   3:    1636480 bytes,    3123992 total
[2022-06-09T05:46:39.069+0000][6][gc,age      ] GC(14) - age   4:     272872 bytes,    3396864 total
[2022-06-09T05:46:39.069+0000][6][gc,age      ] GC(14) - age   5:    1028048 bytes,    4424912 total
[2022-06-09T05:46:39.069+0000][6][gc,age      ] GC(14) - age   6:    2462576 bytes,    6887488 total
[2022-06-09T05:46:39.069+0000][6][gc,age      ] GC(14) - age   7:    2062648 bytes,    8950136 total
[2022-06-09T05:46:39.069+0000][6][gc,heap     ] GC(14) Eden regions: 36->0(35)
[2022-06-09T05:46:39.069+0000][6][gc,heap     ] GC(14) Survivor regions: 2->3(5)
[2022-06-09T05:46:39.069+0000][6][gc,heap     ] GC(14) Old regions: 3->3
[2022-06-09T05:46:39.069+0000][6][gc,heap     ] GC(14) Archive regions: 2->2
[2022-06-09T05:46:39.069+0000][6][gc,heap     ] GC(14) Humongous regions: 0->0
[2022-06-09T05:46:39.069+0000][6][gc,metaspace] GC(14) Metaspace: 21089K(21696K)->21089K(21696K) NonClass: 18575K(18944K)->18575K(18944K) Class: 2513K(2752K)->2513K(2752K)
[2022-06-09T05:46:39.069+0000][6][gc          ] GC(14) Pause Young (Normal) (G1 Evacuation Pause) 165M->23M(256M) 19.347ms
[2022-06-09T05:46:39.069+0000][6][gc,cpu      ] GC(14) User=0.01s Sys=0.00s Real=0.02s
[2022-06-09T05:46:39.069+0000][6][safepoint   ] Safepoint "G1CollectForAllocation", Time since last: 778949882 ns, Reaching safepoint: 34943 ns, At safepoint: 19393262 ns, Total: 19428205 ns
[2022-06-09T05:46:39.927+0000][6][gc,start    ] GC(15) Pause Young (Normal) (G1 Evacuation Pause)
[2022-06-09T05:46:39.927+0000][6][gc,task     ] GC(15) Using 1 workers of 1 for evacuation
[2022-06-09T05:46:39.927+0000][6][gc,age      ] GC(15) Desired survivor size 10485760 bytes, new threshold 15 (max threshold 15)
[2022-06-09T05:46:39.957+0000][6][gc,phases   ] GC(15)   Pre Evacuate Collection Set: 0.0ms
[2022-06-09T05:46:39.957+0000][6][gc,phases   ] GC(15)   Merge Heap Roots: 0.0ms
[2022-06-09T05:46:39.957+0000][6][gc,phases   ] GC(15)   Evacuate Collection Set: 28.2ms
[2022-06-09T05:46:39.957+0000][6][gc,phases   ] GC(15)   Post Evacuate Collection Set: 2.3ms
[2022-06-09T05:46:39.957+0000][6][gc,phases   ] GC(15)   Other: 0.1ms
[2022-06-09T05:46:39.957+0000][6][gc,age      ] GC(15) Age table with threshold 15 (max threshold 15)
[2022-06-09T05:46:39.957+0000][6][gc,age      ] GC(15) - age   1:     677408 bytes,     677408 total
[2022-06-09T05:46:39.957+0000][6][gc,age      ] GC(15) - age   2:     285096 bytes,     962504 total
[2022-06-09T05:46:39.957+0000][6][gc,age      ] GC(15) - age   3:     490920 bytes,    1453424 total
[2022-06-09T05:46:39.957+0000][6][gc,age      ] GC(15) - age   4:    1636480 bytes,    3089904 total
[2022-06-09T05:46:39.957+0000][6][gc,age      ] GC(15) - age   5:     272872 bytes,    3362776 total
[2022-06-09T05:46:39.957+0000][6][gc,age      ] GC(15) - age   6:    1028048 bytes,    4390824 total
[2022-06-09T05:46:39.957+0000][6][gc,age      ] GC(15) - age   7:    2462304 bytes,    6853128 total
[2022-06-09T05:46:39.957+0000][6][gc,age      ] GC(15) - age   8:    2062648 bytes,    8915776 total
[2022-06-09T05:46:39.957+0000][6][gc,heap     ] GC(15) Eden regions: 35->0(35)
[2022-06-09T05:46:39.957+0000][6][gc,heap     ] GC(15) Survivor regions: 3->3(5)
[2022-06-09T05:46:39.957+0000][6][gc,heap     ] GC(15) Old regions: 3->3
[2022-06-09T05:46:39.957+0000][6][gc,heap     ] GC(15) Archive regions: 2->2
[2022-06-09T05:46:39.957+0000][6][gc,heap     ] GC(15) Humongous regions: 0->0
[2022-06-09T05:46:39.957+0000][6][gc,metaspace] GC(15) Metaspace: 21164K(21760K)->21164K(21760K) NonClass: 18637K(19008K)->18637K(19008K) Class: 2526K(2752K)->2526K(2752K)
[2022-06-09T05:46:39.958+0000][6][gc          ] GC(15) Pause Young (Normal) (G1 Evacuation Pause) 163M->23M(256M) 30.810ms
[2022-06-09T05:46:39.958+0000][6][gc,cpu      ] GC(15) User=0.02s Sys=0.00s Real=0.03s
[2022-06-09T05:46:39.958+0000][6][safepoint   ] Safepoint "G1CollectForAllocation", Time since last: 857464511 ns, Reaching safepoint: 31991 ns, At safepoint: 30862614 ns, Total: 30894605 ns
[2022-06-09T05:46:41.891+0000][6][safepoint   ] Safepoint "Cleanup", Time since last: 1929983253 ns, Reaching safepoint: 3094928 ns, At safepoint: 6589 ns, Total: 3101517 ns
[2022-06-09T05:46:43.711+0000][6][safepoint   ] Safepoint "Cleanup", Time since last: 1817647861 ns, Reaching safepoint: 2420301 ns, At safepoint: 6414 ns, Total: 2426715 ns
[2022-06-09T05:46:44.715+0000][6][safepoint   ] Safepoint "Cleanup", Time since last: 1003804382 ns, Reaching safepoint: 161400 ns, At safepoint: 5018 ns, Total: 166418 ns
[2022-06-09T05:46:45.715+0000][6][safepoint   ] Safepoint "Cleanup", Time since last: 1000144719 ns, Reaching safepoint: 155883 ns, At safepoint: 5047 ns, Total: 160930 ns
[2022-06-09T05:46:45.862+0000][6][gc,start    ] GC(16) Pause Young (Normal) (G1 Evacuation Pause)
[2022-06-09T05:46:45.862+0000][6][gc,task     ] GC(16) Using 1 workers of 1 for evacuation
[2022-06-09T05:46:45.862+0000][6][gc,age      ] GC(16) Desired survivor size 10485760 bytes, new threshold 15 (max threshold 15)
[2022-06-09T05:46:45.947+0000][6][gc,phases   ] GC(16)   Pre Evacuate Collection Set: 0.0ms
[2022-06-09T05:46:45.947+0000][6][gc,phases   ] GC(16)   Merge Heap Roots: 0.1ms
[2022-06-09T05:46:45.947+0000][6][gc,phases   ] GC(16)   Evacuate Collection Set: 78.6ms
[2022-06-09T05:46:45.947+0000][6][gc,phases   ] GC(16)   Post Evacuate Collection Set: 5.8ms
[2022-06-09T05:46:45.947+0000][6][gc,phases   ] GC(16)   Other: 0.1ms
[2022-06-09T05:46:45.947+0000][6][gc,age      ] GC(16) Age table with threshold 15 (max threshold 15)
[2022-06-09T05:46:45.947+0000][6][gc,age      ] GC(16) - age   1:   12507864 bytes,   12507864 total
[2022-06-09T05:46:45.947+0000][6][gc,age      ] GC(16) - age   2:     487992 bytes,   12995856 total
[2022-06-09T05:46:45.947+0000][6][gc,age      ] GC(16) - age   3:     282376 bytes,   13278232 total
[2022-06-09T05:46:45.947+0000][6][gc,age      ] GC(16) - age   4:     484456 bytes,   13762688 total
[2022-06-09T05:46:45.947+0000][6][gc,age      ] GC(16) - age   5:    1601176 bytes,   15363864 total
[2022-06-09T05:46:45.947+0000][6][gc,age      ] GC(16) - age   6:     271032 bytes,   15634896 total
[2022-06-09T05:46:45.947+0000][6][gc,age      ] GC(16) - age   7:    1025056 bytes,   16659952 total
[2022-06-09T05:46:45.947+0000][6][gc,age      ] GC(16) - age   8:    2458536 bytes,   19118488 total
[2022-06-09T05:46:45.947+0000][6][gc,age      ] GC(16) - age   9:    1820656 bytes,   20939144 total
[2022-06-09T05:46:45.947+0000][6][gc,heap     ] GC(16) Eden regions: 35->0(33)
[2022-06-09T05:46:45.947+0000][6][gc,heap     ] GC(16) Survivor regions: 3->5(5)
[2022-06-09T05:46:45.947+0000][6][gc,heap     ] GC(16) Old regions: 3->3
[2022-06-09T05:46:45.947+0000][6][gc,heap     ] GC(16) Archive regions: 2->2
[2022-06-09T05:46:45.947+0000][6][gc,heap     ] GC(16) Humongous regions: 0->0
[2022-06-09T05:46:45.947+0000][6][gc,metaspace] GC(16) Metaspace: 30760K(31680K)->30760K(31680K) NonClass: 26957K(27520K)->26957K(27520K) Class: 3803K(4160K)->3803K(4160K)
[2022-06-09T05:46:45.947+0000][6][gc          ] GC(16) Pause Young (Normal) (G1 Evacuation Pause) 163M->34M(256M) 84.904ms
[2022-06-09T05:46:45.947+0000][6][gc,cpu      ] GC(16) User=0.03s Sys=0.00s Real=0.09s
[2022-06-09T05:46:45.947+0000][6][safepoint   ] Safepoint "G1CollectForAllocation", Time since last: 147083457 ns, Reaching safepoint: 25090 ns, At safepoint: 84952203 ns, Total: 84977293 ns
[2022-06-09T05:46:46.947+0000][6][safepoint   ] Safepoint "Cleanup", Time since last: 1000093007 ns, Reaching safepoint: 149976 ns, At safepoint: 5389 ns, Total: 155365 ns
[2022-06-09T05:46:47.976+0000][6][safepoint   ] Safepoint "Cleanup", Time since last: 1028416436 ns, Reaching safepoint: 190190 ns, At safepoint: 5456 ns, Total: 195646 ns
[2022-06-09T05:46:49.184+0000][6][gc,start    ] GC(17) Pause Young (Normal) (G1 Evacuation Pause)
[2022-06-09T05:46:49.184+0000][6][gc,task     ] GC(17) Using 1 workers of 1 for evacuation
[2022-06-09T05:46:49.184+0000][6][gc,age      ] GC(17) Desired survivor size 10485760 bytes, new threshold 1 (max threshold 15)
[2022-06-09T05:46:49.303+0000][6][gc,phases   ] GC(17)   Pre Evacuate Collection Set: 0.0ms
[2022-06-09T05:46:49.303+0000][6][gc,phases   ] GC(17)   Merge Heap Roots: 0.1ms
[2022-06-09T05:46:49.303+0000][6][gc,phases   ] GC(17)   Evacuate Collection Set: 115.0ms
[2022-06-09T05:46:49.303+0000][6][gc,phases   ] GC(17)   Post Evacuate Collection Set: 3.7ms
[2022-06-09T05:46:49.303+0000][6][gc,phases   ] GC(17)   Other: 0.1ms
[2022-06-09T05:46:49.303+0000][6][gc,age      ] GC(17) Age table with threshold 1 (max threshold 15)
[2022-06-09T05:46:49.303+0000][6][gc,age      ] GC(17) - age   1:   12021760 bytes,   12021760 total
[2022-06-09T05:46:49.303+0000][6][gc,heap     ] GC(17) Eden regions: 33->0(35)
[2022-06-09T05:46:49.303+0000][6][gc,heap     ] GC(17) Survivor regions: 5->3(5)
[2022-06-09T05:46:49.303+0000][6][gc,heap     ] GC(17) Old regions: 3->8
[2022-06-09T05:46:49.303+0000][6][gc,heap     ] GC(17) Archive regions: 2->2
[2022-06-09T05:46:49.303+0000][6][gc,heap     ] GC(17) Humongous regions: 0->0
[2022-06-09T05:46:49.303+0000][6][gc,metaspace] GC(17) Metaspace: 30832K(31744K)->30832K(31744K) NonClass: 27022K(27584K)->27022K(27584K) Class: 3810K(4160K)->3810K(4160K)
[2022-06-09T05:46:49.303+0000][6][gc          ] GC(17) Pause Young (Normal) (G1 Evacuation Pause) 166M->46M(256M) 118.978ms
[2022-06-09T05:46:49.303+0000][6][gc,cpu      ] GC(17) User=0.06s Sys=0.00s Real=0.12s
[2022-06-09T05:46:49.303+0000][6][safepoint   ] Safepoint "G1CollectForAllocation", Time since last: 1207741634 ns, Reaching safepoint: 67631 ns, At safepoint: 119030626 ns, Total: 119098257 ns
[2022-06-09T05:46:50.307+0000][6][safepoint   ] Safepoint "Cleanup", Time since last: 1003762747 ns, Reaching safepoint: 171652 ns, At safepoint: 5003 ns, Total: 176655 ns
[2022-06-09T05:46:50.919+0000][6][gc,start    ] GC(18) Pause Young (Concurrent Start) (Metadata GC Threshold)
[2022-06-09T05:46:50.919+0000][6][gc,task     ] GC(18) Using 1 workers of 1 for evacuation
[2022-06-09T05:46:50.919+0000][6][gc,age      ] GC(18) Desired survivor size 10485760 bytes, new threshold 1 (max threshold 15)
[2022-06-09T05:46:50.975+0000][6][gc,phases   ] GC(18)   Pre Evacuate Collection Set: 0.1ms
[2022-06-09T05:46:50.975+0000][6][gc,phases   ] GC(18)   Merge Heap Roots: 0.0ms
[2022-06-09T05:46:50.975+0000][6][gc,phases   ] GC(18)   Evacuate Collection Set: 55.9ms
[2022-06-09T05:46:50.975+0000][6][gc,phases   ] GC(18)   Post Evacuate Collection Set: 0.7ms
[2022-06-09T05:46:50.975+0000][6][gc,phases   ] GC(18)   Other: 0.1ms
[2022-06-09T05:46:50.976+0000][6][gc,age      ] GC(18) Age table with threshold 1 (max threshold 15)
[2022-06-09T05:46:50.976+0000][6][gc,age      ] GC(18) - age   1:    2933528 bytes,    2933528 total
[2022-06-09T05:46:50.976+0000][6][gc,heap     ] GC(18) Eden regions: 10->0(32)
[2022-06-09T05:46:50.976+0000][6][gc,heap     ] GC(18) Survivor regions: 3->1(5)
[2022-06-09T05:46:50.976+0000][6][gc,heap     ] GC(18) Old regions: 8->11
[2022-06-09T05:46:50.976+0000][6][gc,heap     ] GC(18) Archive regions: 2->2
[2022-06-09T05:46:50.976+0000][6][gc,heap     ] GC(18) Humongous regions: 0->0
[2022-06-09T05:46:50.976+0000][6][gc,metaspace] GC(18) Metaspace: 34987K(35968K)->34987K(35968K) NonClass: 30516K(31104K)->30516K(31104K) Class: 4471K(4864K)->4471K(4864K)
[2022-06-09T05:46:50.976+0000][6][gc          ] GC(18) Pause Young (Concurrent Start) (Metadata GC Threshold) 84M->49M(256M) 57.005ms
[2022-06-09T05:46:50.976+0000][6][gc,cpu      ] GC(18) User=0.03s Sys=0.00s Real=0.06s
[2022-06-09T05:46:50.976+0000][6][safepoint   ] Safepoint "CollectForMetadataAllocation", Time since last: 611853645 ns, Reaching safepoint: 35919 ns, At safepoint: 57117097 ns, Total: 57153016 ns
[2022-06-09T05:46:50.976+0000][6][gc          ] GC(19) Concurrent Mark Cycle
[2022-06-09T05:46:50.976+0000][6][gc,marking  ] GC(19) Concurrent Clear Claimed Marks
[2022-06-09T05:46:50.976+0000][6][gc,marking  ] GC(19) Concurrent Clear Claimed Marks 0.056ms
[2022-06-09T05:46:50.976+0000][6][gc,marking  ] GC(19) Concurrent Scan Root Regions
[2022-06-09T05:46:51.052+0000][6][gc,marking  ] GC(19) Concurrent Scan Root Regions 76.016ms
[2022-06-09T05:46:51.052+0000][6][gc,marking  ] GC(19) Concurrent Mark
[2022-06-09T05:46:51.052+0000][6][gc,marking  ] GC(19) Concurrent Mark From Roots
[2022-06-09T05:46:51.052+0000][6][gc,task     ] GC(19) Using 1 workers of 1 for marking
[2022-06-09T05:46:51.083+0000][6][safepoint   ] Safepoint "CollectForMetadataAllocation", Time since last: 107192667 ns, Reaching safepoint: 53616 ns, At safepoint: 74172 ns, Total: 127788 ns
[2022-06-09T05:46:51.219+0000][6][safepoint   ] Safepoint "CollectForMetadataAllocation", Time since last: 127548012 ns, Reaching safepoint: 8007020 ns, At safepoint: 75850 ns, Total: 8082870 ns
[2022-06-09T05:46:51.331+0000][6][safepoint   ] Safepoint "CollectForMetadataAllocation", Time since last: 103936274 ns, Reaching safepoint: 7981838 ns, At safepoint: 125040 ns, Total: 8106878 ns
[2022-06-09T05:46:51.339+0000][6][gc,marking  ] GC(19) Concurrent Mark From Roots 287.155ms
[2022-06-09T05:46:51.339+0000][6][gc,marking  ] GC(19) Concurrent Preclean
[2022-06-09T05:46:51.339+0000][6][gc,marking  ] GC(19) Concurrent Preclean 0.126ms
[2022-06-09T05:46:51.339+0000][6][gc,start    ] GC(19) Pause Remark
[2022-06-09T05:46:51.347+0000][6][gc          ] GC(19) Pause Remark 55M->55M(256M) 7.380ms
[2022-06-09T05:46:51.347+0000][6][gc,cpu      ] GC(19) User=0.00s Sys=0.00s Real=0.01s
[2022-06-09T05:46:51.347+0000][6][safepoint   ] Safepoint "G1Concurrent", Time since last: 8557270 ns, Reaching safepoint: 134892 ns, At safepoint: 7426162 ns, Total: 7561054 ns
[2022-06-09T05:46:51.351+0000][6][gc,marking  ] GC(19) Concurrent Mark 298.612ms
[2022-06-09T05:46:51.351+0000][6][gc,marking  ] GC(19) Concurrent Rebuild Remembered Sets
[2022-06-09T05:46:51.536+0000][6][gc,marking  ] GC(19) Concurrent Rebuild Remembered Sets 184.998ms
[2022-06-09T05:46:51.536+0000][6][gc,start    ] GC(19) Pause Cleanup
[2022-06-09T05:46:51.536+0000][6][gc          ] GC(19) Pause Cleanup 57M->57M(256M) 0.050ms
[2022-06-09T05:46:51.536+0000][6][gc,cpu      ] GC(19) User=0.00s Sys=0.00s Real=0.00s
[2022-06-09T05:46:51.536+0000][6][safepoint   ] Safepoint "G1Concurrent", Time since last: 188804006 ns, Reaching safepoint: 591881 ns, At safepoint: 84305 ns, Total: 676186 ns
[2022-06-09T05:46:51.536+0000][6][gc,marking  ] GC(19) Concurrent Cleanup for Next Mark
[2022-06-09T05:46:51.547+0000][6][gc,marking  ] GC(19) Concurrent Cleanup for Next Mark 10.562ms
[2022-06-09T05:46:51.547+0000][6][gc          ] GC(19) Concurrent Mark Cycle 571.160ms
[2022-06-09T05:46:52.539+0000][6][safepoint   ] Safepoint "Cleanup", Time since last: 1002222238 ns, Reaching safepoint: 242091 ns, At safepoint: 5136 ns, Total: 247227 ns
[2022-06-09T05:46:54.085+0000][6][safepoint   ] Safepoint "Cleanup", Time since last: 1539946121 ns, Reaching safepoint: 6033686 ns, At safepoint: 5695 ns, Total: 6039381 ns
[2022-06-09T05:46:55.090+0000][6][safepoint   ] Safepoint "Cleanup", Time since last: 1001765604 ns, Reaching safepoint: 3435043 ns, At safepoint: 6634 ns, Total: 3441677 ns
[2022-06-09T05:46:56.007+0000][6][gc,start    ] GC(20) Pause Young (Normal) (G1 Evacuation Pause)
[2022-06-09T05:46:56.007+0000][6][gc,task     ] GC(20) Using 1 workers of 1 for evacuation
[2022-06-09T05:46:56.007+0000][6][gc,age      ] GC(20) Desired survivor size 10485760 bytes, new threshold 15 (max threshold 15)
[2022-06-09T05:46:56.055+0000][6][gc,phases   ] GC(20)   Pre Evacuate Collection Set: 0.1ms
[2022-06-09T05:46:56.055+0000][6][gc,phases   ] GC(20)   Merge Heap Roots: 0.1ms
[2022-06-09T05:46:56.055+0000][6][gc,phases   ] GC(20)   Evacuate Collection Set: 44.4ms
[2022-06-09T05:46:56.055+0000][6][gc,phases   ] GC(20)   Post Evacuate Collection Set: 2.6ms
[2022-06-09T05:46:56.055+0000][6][gc,phases   ] GC(20)   Other: 0.1ms
[2022-06-09T05:46:56.055+0000][6][gc,age      ] GC(20) Age table with threshold 15 (max threshold 15)
[2022-06-09T05:46:56.055+0000][6][gc,age      ] GC(20) - age   1:    5630016 bytes,    5630016 total
[2022-06-09T05:46:56.055+0000][6][gc,age      ] GC(20) - age   2:    2838120 bytes,    8468136 total
[2022-06-09T05:46:56.055+0000][6][gc,heap     ] GC(20) Eden regions: 32->0(31)
[2022-06-09T05:46:56.055+0000][6][gc,heap     ] GC(20) Survivor regions: 1->3(5)
[2022-06-09T05:46:56.055+0000][6][gc,heap     ] GC(20) Old regions: 11->11
[2022-06-09T05:46:56.055+0000][6][gc,heap     ] GC(20) Archive regions: 2->2
[2022-06-09T05:46:56.055+0000][6][gc,heap     ] GC(20) Humongous regions: 0->0
[2022-06-09T05:46:56.055+0000][6][gc,metaspace] GC(20) Metaspace: 51248K(52544K)->51248K(52544K) NonClass: 44555K(45312K)->44555K(45312K) Class: 6693K(7232K)->6693K(7232K)
[2022-06-09T05:46:56.055+0000][6][gc          ] GC(20) Pause Young (Normal) (G1 Evacuation Pause) 177M->54M(256M) 47.577ms
[2022-06-09T05:46:56.055+0000][6][gc,cpu      ] GC(20) User=0.03s Sys=0.00s Real=0.05s
[2022-06-09T05:46:56.055+0000][6][safepoint   ] Safepoint "G1CollectForAllocation", Time since last: 917353159 ns, Reaching safepoint: 51166 ns, At safepoint: 47626562 ns, Total: 47677728 ns
[2022-06-09T05:46:57.055+0000][6][safepoint   ] Safepoint "Cleanup", Time since last: 1000343531 ns, Reaching safepoint: 177775 ns, At safepoint: 5325 ns, Total: 183100 ns
[2022-06-09T05:46:58.067+0000][6][safepoint   ] Safepoint "Cleanup", Time since last: 1000123085 ns, Reaching safepoint: 10914565 ns, At safepoint: 7467 ns, Total: 10922032 ns
[2022-06-09T05:46:58.800+0000][6][gc,start    ] GC(21) Pause Young (Normal) (G1 Evacuation Pause)
[2022-06-09T05:46:58.801+0000][6][gc,task     ] GC(21) Using 1 workers of 1 for evacuation
[2022-06-09T05:46:58.801+0000][6][gc,age      ] GC(21) Desired survivor size 10485760 bytes, new threshold 15 (max threshold 15)
[2022-06-09T05:46:58.879+0000][6][gc,phases   ] GC(21)   Pre Evacuate Collection Set: 0.0ms
[2022-06-09T05:46:58.879+0000][6][gc,phases   ] GC(21)   Merge Heap Roots: 0.1ms
[2022-06-09T05:46:58.879+0000][6][gc,phases   ] GC(21)   Evacuate Collection Set: 71.1ms
[2022-06-09T05:46:58.879+0000][6][gc,phases   ] GC(21)   Post Evacuate Collection Set: 6.8ms
[2022-06-09T05:46:58.879+0000][6][gc,phases   ] GC(21)   Other: 0.1ms
[2022-06-09T05:46:58.879+0000][6][gc,age      ] GC(21) Age table with threshold 15 (max threshold 15)
[2022-06-09T05:46:58.879+0000][6][gc,age      ] GC(21) - age   1:     462512 bytes,     462512 total
[2022-06-09T05:46:58.879+0000][6][gc,age      ] GC(21) - age   2:    5405304 bytes,    5867816 total
[2022-06-09T05:46:58.879+0000][6][gc,age      ] GC(21) - age   3:    2836632 bytes,    8704448 total
[2022-06-09T05:46:58.879+0000][6][gc,heap     ] GC(21) Eden regions: 31->0(32)
[2022-06-09T05:46:58.879+0000][6][gc,heap     ] GC(21) Survivor regions: 3->3(5)
[2022-06-09T05:46:58.879+0000][6][gc,heap     ] GC(21) Old regions: 11->11
[2022-06-09T05:46:58.879+0000][6][gc,heap     ] GC(21) Archive regions: 2->2
[2022-06-09T05:46:58.879+0000][6][gc,heap     ] GC(21) Humongous regions: 0->0
[2022-06-09T05:46:58.879+0000][6][gc,metaspace] GC(21) Metaspace: 52223K(53504K)->52223K(53504K) NonClass: 45394K(46144K)->45394K(46144K) Class: 6829K(7360K)->6829K(7360K)
[2022-06-09T05:46:58.879+0000][6][gc          ] GC(21) Pause Young (Normal) (G1 Evacuation Pause) 178M->55M(256M) 78.412ms
[2022-06-09T05:46:58.879+0000][6][gc,cpu      ] GC(21) User=0.04s Sys=0.00s Real=0.08s
[2022-06-09T05:46:58.879+0000][6][safepoint   ] Safepoint "G1CollectForAllocation", Time since last: 733881611 ns, Reaching safepoint: 34009 ns, At safepoint: 78457681 ns, Total: 78491690 ns
[2022-06-09T05:47:00.884+0000][6][safepoint   ] Safepoint "Cleanup", Time since last: 2003689055 ns, Reaching safepoint: 952148 ns, At safepoint: 5414 ns, Total: 957562 ns
[2022-06-09T05:47:02.787+0000][6][safepoint   ] Safepoint "Cleanup", Time since last: 1894608330 ns, Reaching safepoint: 8331441 ns, At safepoint: 9735 ns, Total: 8341176 ns
[2022-06-09T05:47:05.805+0000][6][safepoint   ] Safepoint "Cleanup", Time since last: 3007995975 ns, Reaching safepoint: 10150894 ns, At safepoint: 7472 ns, Total: 10158366 ns
[2022-06-09T05:47:06.024+0000][6][gc,start    ] GC(22) Pause Young (Normal) (G1 Evacuation Pause)
[2022-06-09T05:47:06.024+0000][6][gc,task     ] GC(22) Using 1 workers of 1 for evacuation
[2022-06-09T05:47:06.024+0000][6][gc,age      ] GC(22) Desired survivor size 10485760 bytes, new threshold 15 (max threshold 15)
[2022-06-09T05:47:06.083+0000][6][gc,phases   ] GC(22)   Pre Evacuate Collection Set: 2.4ms
[2022-06-09T05:47:06.083+0000][6][gc,phases   ] GC(22)   Merge Heap Roots: 0.1ms
[2022-06-09T05:47:06.083+0000][6][gc,phases   ] GC(22)   Evacuate Collection Set: 51.8ms
[2022-06-09T05:47:06.083+0000][6][gc,phases   ] GC(22)   Post Evacuate Collection Set: 4.1ms
[2022-06-09T05:47:06.083+0000][6][gc,phases   ] GC(22)   Other: 0.1ms
[2022-06-09T05:47:06.083+0000][6][gc,age      ] GC(22) Age table with threshold 15 (max threshold 15)
[2022-06-09T05:47:06.083+0000][6][gc,age      ] GC(22) - age   1:    3566928 bytes,    3566928 total
[2022-06-09T05:47:06.083+0000][6][gc,age      ] GC(22) - age   2:     433768 bytes,    4000696 total
[2022-06-09T05:47:06.083+0000][6][gc,age      ] GC(22) - age   3:    5395312 bytes,    9396008 total
[2022-06-09T05:47:06.083+0000][6][gc,age      ] GC(22) - age   4:    2836096 bytes,   12232104 total
[2022-06-09T05:47:06.083+0000][6][gc,heap     ] GC(22) Eden regions: 32->0(33)
[2022-06-09T05:47:06.083+0000][6][gc,heap     ] GC(22) Survivor regions: 3->3(5)
[2022-06-09T05:47:06.083+0000][6][gc,heap     ] GC(22) Old regions: 11->11
[2022-06-09T05:47:06.083+0000][6][gc,heap     ] GC(22) Archive regions: 2->2
[2022-06-09T05:47:06.083+0000][6][gc,heap     ] GC(22) Humongous regions: 0->0
[2022-06-09T05:47:06.083+0000][6][gc,metaspace] GC(22) Metaspace: 58813K(60032K)->58813K(60032K) NonClass: 51098K(51840K)->51098K(51840K) Class: 7714K(8192K)->7714K(8192K)
[2022-06-09T05:47:06.083+0000][6][gc          ] GC(22) Pause Young (Normal) (G1 Evacuation Pause) 183M->57M(256M) 58.664ms
[2022-06-09T05:47:06.083+0000][6][gc,cpu      ] GC(22) User=0.02s Sys=0.00s Real=0.06s
[2022-06-09T05:47:06.083+0000][6][safepoint   ] Safepoint "G1CollectForAllocation", Time since last: 219359376 ns, Reaching safepoint: 21521 ns, At safepoint: 58712880 ns, Total: 58734401 ns
[2022-06-09T05:47:07.121+0000][6][safepoint   ] Safepoint "Cleanup", Time since last: 1030992204 ns, Reaching safepoint: 7180920 ns, At safepoint: 6095 ns, Total: 7187015 ns
[2022-06-09T05:47:08.129+0000][6][safepoint   ] Safepoint "Cleanup", Time since last: 1005509229 ns, Reaching safepoint: 2235257 ns, At safepoint: 6081 ns, Total: 2241338 ns
[2022-06-09T05:47:08.583+0000][6][gc,start    ] GC(23) Pause Young (Concurrent Start) (Metadata GC Threshold)
[2022-06-09T05:47:08.583+0000][6][gc,task     ] GC(23) Using 1 workers of 1 for evacuation
[2022-06-09T05:47:08.583+0000][6][gc,age      ] GC(23) Desired survivor size 10485760 bytes, new threshold 4 (max threshold 15)
[2022-06-09T05:47:08.651+0000][6][gc,phases   ] GC(23)   Pre Evacuate Collection Set: 0.1ms
[2022-06-09T05:47:08.652+0000][6][gc,phases   ] GC(23)   Merge Heap Roots: 0.1ms
[2022-06-09T05:47:08.652+0000][6][gc,phases   ] GC(23)   Evacuate Collection Set: 64.7ms
[2022-06-09T05:47:08.652+0000][6][gc,phases   ] GC(23)   Post Evacuate Collection Set: 3.7ms
[2022-06-09T05:47:08.652+0000][6][gc,phases   ] GC(23)   Other: 0.1ms
[2022-06-09T05:47:08.652+0000][6][gc,age      ] GC(23) Age table with threshold 4 (max threshold 15)
[2022-06-09T05:47:08.652+0000][6][gc,age      ] GC(23) - age   1:    1954584 bytes,    1954584 total
[2022-06-09T05:47:08.652+0000][6][gc,age      ] GC(23) - age   2:    3472936 bytes,    5427520 total
[2022-06-09T05:47:08.652+0000][6][gc,age      ] GC(23) - age   3:     433768 bytes,    5861288 total
[2022-06-09T05:47:08.652+0000][6][gc,age      ] GC(23) - age   4:    5391904 bytes,   11253192 total
[2022-06-09T05:47:08.652+0000][6][gc,heap     ] GC(23) Eden regions: 24->0(32)
[2022-06-09T05:47:08.652+0000][6][gc,heap     ] GC(23) Survivor regions: 3->3(5)
[2022-06-09T05:47:08.652+0000][6][gc,heap     ] GC(23) Old regions: 11->12
[2022-06-09T05:47:08.652+0000][6][gc,heap     ] GC(23) Archive regions: 2->2
[2022-06-09T05:47:08.652+0000][6][gc,heap     ] GC(23) Humongous regions: 0->0
[2022-06-09T05:47:08.652+0000][6][gc,metaspace] GC(23) Metaspace: 60427K(61696K)->60427K(61696K) NonClass: 52526K(53248K)->52526K(53248K) Class: 7901K(8448K)->7901K(8448K)
[2022-06-09T05:47:08.652+0000][6][gc          ] GC(23) Pause Young (Concurrent Start) (Metadata GC Threshold) 153M->60M(256M) 68.928ms
[2022-06-09T05:47:08.652+0000][6][gc,cpu      ] GC(23) User=0.04s Sys=0.00s Real=0.07s
[2022-06-09T05:47:08.652+0000][6][safepoint   ] Safepoint "CollectForMetadataAllocation", Time since last: 453959618 ns, Reaching safepoint: 39898 ns, At safepoint: 69029453 ns, Total: 69069351 ns
[2022-06-09T05:47:08.653+0000][6][gc          ] GC(24) Concurrent Mark Cycle
[2022-06-09T05:47:08.653+0000][6][gc,marking  ] GC(24) Concurrent Clear Claimed Marks
[2022-06-09T05:47:08.653+0000][6][gc,marking  ] GC(24) Concurrent Clear Claimed Marks 0.076ms
[2022-06-09T05:47:08.653+0000][6][gc,marking  ] GC(24) Concurrent Scan Root Regions
[2022-06-09T05:47:08.723+0000][6][gc,marking  ] GC(24) Concurrent Scan Root Regions 70.452ms
[2022-06-09T05:47:08.723+0000][6][gc,marking  ] GC(24) Concurrent Mark
[2022-06-09T05:47:08.723+0000][6][gc,marking  ] GC(24) Concurrent Mark From Roots
[2022-06-09T05:47:08.723+0000][6][gc,task     ] GC(24) Using 1 workers of 1 for marking
[2022-06-09T05:47:08.843+0000][6][safepoint   ] Safepoint "CollectForMetadataAllocation", Time since last: 190789689 ns, Reaching safepoint: 79957 ns, At safepoint: 68660 ns, Total: 148617 ns
[2022-06-09T05:47:09.027+0000][6][safepoint   ] Safepoint "CollectForMetadataAllocation", Time since last: 175847434 ns, Reaching safepoint: 8043609 ns, At safepoint: 74939 ns, Total: 8118548 ns
[2022-06-09T05:47:09.094+0000][6][gc,marking  ] GC(24) Concurrent Mark From Roots 370.695ms
[2022-06-09T05:47:09.094+0000][6][gc,marking  ] GC(24) Concurrent Preclean
[2022-06-09T05:47:09.094+0000][6][gc,marking  ] GC(24) Concurrent Preclean 0.124ms
[2022-06-09T05:47:09.095+0000][6][gc,start    ] GC(24) Pause Remark
[2022-06-09T05:47:09.110+0000][6][gc          ] GC(24) Pause Remark 66M->66M(256M) 15.528ms
[2022-06-09T05:47:09.110+0000][6][gc,cpu      ] GC(24) User=0.01s Sys=0.00s Real=0.01s
[2022-06-09T05:47:09.110+0000][6][safepoint   ] Safepoint "G1Concurrent", Time since last: 67687177 ns, Reaching safepoint: 265132 ns, At safepoint: 15614613 ns, Total: 15879745 ns
[2022-06-09T05:47:09.116+0000][6][gc,marking  ] GC(24) Concurrent Mark 392.469ms
[2022-06-09T05:47:09.116+0000][6][gc,marking  ] GC(24) Concurrent Rebuild Remembered Sets
[2022-06-09T05:47:09.339+0000][6][gc,marking  ] GC(24) Concurrent Rebuild Remembered Sets 222.627ms
[2022-06-09T05:47:09.339+0000][6][gc,start    ] GC(24) Pause Cleanup
[2022-06-09T05:47:09.339+0000][6][gc          ] GC(24) Pause Cleanup 68M->68M(256M) 0.053ms
[2022-06-09T05:47:09.339+0000][6][gc,cpu      ] GC(24) User=0.00s Sys=0.00s Real=0.00s
[2022-06-09T05:47:09.339+0000][6][safepoint   ] Safepoint "G1Concurrent", Time since last: 228392629 ns, Reaching safepoint: 758820 ns, At safepoint: 86688 ns, Total: 845508 ns
[2022-06-09T05:47:09.340+0000][6][gc,marking  ] GC(24) Concurrent Cleanup for Next Mark
[2022-06-09T05:47:09.341+0000][6][gc,marking  ] GC(24) Concurrent Cleanup for Next Mark 0.670ms
[2022-06-09T05:47:09.341+0000][6][gc          ] GC(24) Concurrent Mark Cycle 687.916ms
[2022-06-09T05:47:10.340+0000][6][safepoint   ] Safepoint "Cleanup", Time since last: 1000093994 ns, Reaching safepoint: 359843 ns, At safepoint: 5818 ns, Total: 365661 ns
[2022-06-09T05:47:11.343+0000][6][safepoint   ] Safepoint "Cleanup", Time since last: 1003330454 ns, Reaching safepoint: 43443 ns, At safepoint: 4090 ns, Total: 47533 ns
[2022-06-09T05:47:12.345+0000][6][safepoint   ] Safepoint "Cleanup", Time since last: 1000145268 ns, Reaching safepoint: 1322218 ns, At safepoint: 7365 ns, Total: 1329583 ns
[2022-06-09T05:47:13.727+0000][6][safepoint   ] Safepoint "Cleanup", Time since last: 1381769260 ns, Reaching safepoint: 372414 ns, At safepoint: 7101 ns, Total: 379515 ns
[2022-06-09T05:47:14.910+0000][6][safepoint   ] Safepoint "Cleanup", Time since last: 1182590380 ns, Reaching safepoint: 435947 ns, At safepoint: 5540 ns, Total: 441487 ns
[2022-06-09T05:47:16.091+0000][6][gc,start    ] GC(25) Pause Young (Normal) (G1 Evacuation Pause)
[2022-06-09T05:47:16.091+0000][6][gc,task     ] GC(25) Using 1 workers of 1 for evacuation
[2022-06-09T05:47:16.091+0000][6][gc,age      ] GC(25) Desired survivor size 10485760 bytes, new threshold 4 (max threshold 15)
[2022-06-09T05:47:16.183+0000][6][gc,phases   ] GC(25)   Pre Evacuate Collection Set: 0.0ms
[2022-06-09T05:47:16.183+0000][6][gc,phases   ] GC(25)   Merge Heap Roots: 0.1ms
[2022-06-09T05:47:16.183+0000][6][gc,phases   ] GC(25)   Evacuate Collection Set: 89.0ms
[2022-06-09T05:47:16.183+0000][6][gc,phases   ] GC(25)   Post Evacuate Collection Set: 2.7ms
[2022-06-09T05:47:16.183+0000][6][gc,phases   ] GC(25)   Other: 0.1ms
[2022-06-09T05:47:16.183+0000][6][gc,age      ] GC(25) Age table with threshold 4 (max threshold 15)
[2022-06-09T05:47:16.183+0000][6][gc,age      ] GC(25) - age   1:    8338384 bytes,    8338384 total
[2022-06-09T05:47:16.183+0000][6][gc,age      ] GC(25) - age   2:    1917680 bytes,   10256064 total
[2022-06-09T05:47:16.183+0000][6][gc,age      ] GC(25) - age   3:    3440512 bytes,   13696576 total
[2022-06-09T05:47:16.183+0000][6][gc,age      ] GC(25) - age   4:     426096 bytes,   14122672 total
[2022-06-09T05:47:16.183+0000][6][gc,heap     ] GC(25) Eden regions: 32->0(30)
[2022-06-09T05:47:16.183+0000][6][gc,heap     ] GC(25) Survivor regions: 3->4(5)
[2022-06-09T05:47:16.183+0000][6][gc,heap     ] GC(25) Old regions: 12->13
[2022-06-09T05:47:16.183+0000][6][gc,heap     ] GC(25) Archive regions: 2->2
[2022-06-09T05:47:16.183+0000][6][gc,heap     ] GC(25) Humongous regions: 0->0
[2022-06-09T05:47:16.183+0000][6][gc,metaspace] GC(25) Metaspace: 80305K(82240K)->80305K(82240K) NonClass: 69515K(70592K)->69515K(70592K) Class: 10789K(11648K)->10789K(11648K)
[2022-06-09T05:47:16.183+0000][6][gc          ] GC(25) Pause Young (Normal) (G1 Evacuation Pause) 188M->68M(256M) 92.166ms
[2022-06-09T05:47:16.183+0000][6][gc,cpu      ] GC(25) User=0.05s Sys=0.00s Real=0.09s
[2022-06-09T05:47:16.183+0000][6][safepoint   ] Safepoint "G1CollectForAllocation", Time since last: 1180798720 ns, Reaching safepoint: 63952 ns, At safepoint: 92234706 ns, Total: 92298658 ns
[2022-06-09T05:47:17.192+0000][6][safepoint   ] Safepoint "Cleanup", Time since last: 1000116184 ns, Reaching safepoint: 8493244 ns, At safepoint: 5656 ns, Total: 8498900 ns
[2022-06-09T05:47:18.194+0000][6][safepoint   ] Safepoint "Cleanup", Time since last: 1000975778 ns, Reaching safepoint: 1081784 ns, At safepoint: 6916 ns, Total: 1088700 ns
[2022-06-09T05:47:19.207+0000][6][safepoint   ] Safepoint "Cleanup", Time since last: 1012938081 ns, Reaching safepoint: 360192 ns, At safepoint: 5067 ns, Total: 365259 ns
[2022-06-09T05:47:20.192+0000][6][safepoint   ] Safepoint "ICBufferFull", Time since last: 984716688 ns, Reaching safepoint: 123975 ns, At safepoint: 3928 ns, Total: 127903 ns
[2022-06-09T05:47:21.663+0000][6][safepoint   ] Safepoint "Cleanup", Time since last: 1470666567 ns, Reaching safepoint: 167859 ns, At safepoint: 4841 ns, Total: 172700 ns
[2022-06-09T05:47:22.678+0000][6][safepoint   ] Safepoint "Cleanup", Time since last: 1011817744 ns, Reaching safepoint: 3217824 ns, At safepoint: 7785 ns, Total: 3225609 ns
[2022-06-09T05:47:22.937+0000][6][gc,start    ] GC(26) Pause Young (Normal) (G1 Evacuation Pause)
[2022-06-09T05:47:22.937+0000][6][gc,task     ] GC(26) Using 1 workers of 1 for evacuation
[2022-06-09T05:47:22.937+0000][6][gc,age      ] GC(26) Desired survivor size 10485760 bytes, new threshold 3 (max threshold 15)
[2022-06-09T05:47:23.040+0000][6][gc,phases   ] GC(26)   Pre Evacuate Collection Set: 0.0ms
[2022-06-09T05:47:23.040+0000][6][gc,phases   ] GC(26)   Merge Heap Roots: 0.1ms
[2022-06-09T05:47:23.040+0000][6][gc,phases   ] GC(26)   Evacuate Collection Set: 97.8ms
[2022-06-09T05:47:23.040+0000][6][gc,phases   ] GC(26)   Post Evacuate Collection Set: 4.8ms
[2022-06-09T05:47:23.040+0000][6][gc,phases   ] GC(26)   Other: 0.1ms
[2022-06-09T05:47:23.040+0000][6][gc,age      ] GC(26) Age table with threshold 3 (max threshold 15)
[2022-06-09T05:47:23.040+0000][6][gc,age      ] GC(26) - age   1:    6717112 bytes,    6717112 total
[2022-06-09T05:47:23.040+0000][6][gc,age      ] GC(26) - age   2:    7683936 bytes,   14401048 total
[2022-06-09T05:47:23.040+0000][6][gc,age      ] GC(26) - age   3:    1908008 bytes,   16309056 total
[2022-06-09T05:47:23.040+0000][6][gc,heap     ] GC(26) Eden regions: 30->0(29)
[2022-06-09T05:47:23.040+0000][6][gc,heap     ] GC(26) Survivor regions: 4->4(5)
[2022-06-09T05:47:23.040+0000][6][gc,heap     ] GC(26) Old regions: 13->14
[2022-06-09T05:47:23.040+0000][6][gc,heap     ] GC(26) Archive regions: 2->2
[2022-06-09T05:47:23.040+0000][6][gc,heap     ] GC(26) Humongous regions: 0->0
[2022-06-09T05:47:23.040+0000][6][gc,metaspace] GC(26) Metaspace: 95548K(98368K)->95548K(98368K) NonClass: 82379K(83840K)->82379K(83840K) Class: 13169K(14528K)->13169K(14528K)
[2022-06-09T05:47:23.040+0000][6][gc          ] GC(26) Pause Young (Normal) (G1 Evacuation Pause) 188M->74M(256M) 103.107ms
[2022-06-09T05:47:23.040+0000][6][gc,cpu      ] GC(26) User=0.05s Sys=0.00s Real=0.10s
[2022-06-09T05:47:23.040+0000][6][safepoint   ] Safepoint "G1CollectForAllocation", Time since last: 259408806 ns, Reaching safepoint: 36781 ns, At safepoint: 103159288 ns, Total: 103196069 ns
[2022-06-09T05:47:24.157+0000][6][safepoint   ] Safepoint "Cleanup", Time since last: 1116944531 ns, Reaching safepoint: 84081 ns, At safepoint: 4143 ns, Total: 88224 ns
[2022-06-09T05:47:25.158+0000][6][safepoint   ] Safepoint "Cleanup", Time since last: 1000129202 ns, Reaching safepoint: 188851 ns, At safepoint: 8050 ns, Total: 196901 ns
[2022-06-09T05:47:26.163+0000][6][safepoint   ] Safepoint "Cleanup", Time since last: 1004825359 ns, Reaching safepoint: 182881 ns, At safepoint: 6699 ns, Total: 189580 ns
[2022-06-09T05:47:26.919+0000][6][gc,start    ] GC(27) Pause Young (Normal) (G1 Evacuation Pause)
[2022-06-09T05:47:26.919+0000][6][gc,task     ] GC(27) Using 1 workers of 1 for evacuation
[2022-06-09T05:47:26.919+0000][6][gc,age      ] GC(27) Desired survivor size 10485760 bytes, new threshold 2 (max threshold 15)
[2022-06-09T05:47:27.008+0000][6][gc,phases   ] GC(27)   Pre Evacuate Collection Set: 0.0ms
[2022-06-09T05:47:27.010+0000][6][gc,phases   ] GC(27)   Merge Heap Roots: 0.1ms
[2022-06-09T05:47:27.010+0000][6][gc,phases   ] GC(27)   Evacuate Collection Set: 85.4ms
[2022-06-09T05:47:27.010+0000][6][gc,phases   ] GC(27)   Post Evacuate Collection Set: 4.0ms
[2022-06-09T05:47:27.010+0000][6][gc,phases   ] GC(27)   Other: 0.1ms
[2022-06-09T05:47:27.010+0000][6][gc,age      ] GC(27) Age table with threshold 2 (max threshold 15)
[2022-06-09T05:47:27.010+0000][6][gc,age      ] GC(27) - age   1:    3634448 bytes,    3634448 total
[2022-06-09T05:47:27.010+0000][6][gc,age      ] GC(27) - age   2:    6314088 bytes,    9948536 total
[2022-06-09T05:47:27.010+0000][6][gc,heap     ] GC(27) Eden regions: 29->0(27)
[2022-06-09T05:47:27.010+0000][6][gc,heap     ] GC(27) Survivor regions: 4->3(5)
[2022-06-09T05:47:27.010+0000][6][gc,heap     ] GC(27) Old regions: 14->16
[2022-06-09T05:47:27.010+0000][6][gc,heap     ] GC(27) Archive regions: 2->2
[2022-06-09T05:47:27.010+0000][6][gc,heap     ] GC(27) Humongous regions: 2->2
[2022-06-09T05:47:27.010+0000][6][gc,metaspace] GC(27) Metaspace: 99984K(102848K)->99984K(102848K) NonClass: 86193K(87680K)->86193K(87680K) Class: 13790K(15168K)->13790K(15168K)
[2022-06-09T05:47:27.010+0000][6][gc          ] GC(27) Pause Young (Normal) (G1 Evacuation Pause) 198M->85M(256M) 90.861ms
[2022-06-09T05:47:27.010+0000][6][gc,cpu      ] GC(27) User=0.04s Sys=0.00s Real=0.09s
[2022-06-09T05:47:27.010+0000][6][safepoint   ] Safepoint "G1CollectForAllocation", Time since last: 756040607 ns, Reaching safepoint: 68319 ns, At safepoint: 90943727 ns, Total: 91012046 ns
[2022-06-09T05:47:28.010+0000][6][safepoint   ] Safepoint "Cleanup", Time since last: 1000097881 ns, Reaching safepoint: 237642 ns, At safepoint: 9920 ns, Total: 247562 ns
[2022-06-09T05:47:28.687+0000][6][gc,start    ] GC(28) Pause Young (Concurrent Start) (Metadata GC Threshold)
[2022-06-09T05:47:28.687+0000][6][gc,task     ] GC(28) Using 1 workers of 1 for evacuation
[2022-06-09T05:47:28.687+0000][6][gc,age      ] GC(28) Desired survivor size 8388608 bytes, new threshold 2 (max threshold 15)
[2022-06-09T05:47:28.746+0000][6][gc,phases   ] GC(28)   Pre Evacuate Collection Set: 0.3ms
[2022-06-09T05:47:28.746+0000][6][gc,phases   ] GC(28)   Merge Heap Roots: 0.1ms
[2022-06-09T05:47:28.746+0000][6][gc,phases   ] GC(28)   Evacuate Collection Set: 57.1ms
[2022-06-09T05:47:28.746+0000][6][gc,phases   ] GC(28)   Post Evacuate Collection Set: 1.4ms
[2022-06-09T05:47:28.746+0000][6][gc,phases   ] GC(28)   Other: 0.1ms
[2022-06-09T05:47:28.746+0000][6][gc,age      ] GC(28) Age table with threshold 2 (max threshold 15)
[2022-06-09T05:47:28.746+0000][6][gc,age      ] GC(28) - age   1:     664160 bytes,     664160 total
[2022-06-09T05:47:28.746+0000][6][gc,age      ] GC(28) - age   2:    2809456 bytes,    3473616 total
[2022-06-09T05:47:28.746+0000][6][gc,heap     ] GC(28) Eden regions: 17->0(27)
[2022-06-09T05:47:28.746+0000][6][gc,heap     ] GC(28) Survivor regions: 3->1(4)
[2022-06-09T05:47:28.746+0000][6][gc,heap     ] GC(28) Old regions: 16->18
[2022-06-09T05:47:28.746+0000][6][gc,heap     ] GC(28) Archive regions: 2->2
[2022-06-09T05:47:28.746+0000][6][gc,heap     ] GC(28) Humongous regions: 2->2
[2022-06-09T05:47:28.746+0000][6][gc,metaspace] GC(28) Metaspace: 101508K(104320K)->101508K(104320K) NonClass: 87495K(88960K)->87495K(88960K) Class: 14013K(15360K)->14013K(15360K)
[2022-06-09T05:47:28.746+0000][6][gc          ] GC(28) Pause Young (Concurrent Start) (Metadata GC Threshold) 151M->87M(256M) 59.170ms
[2022-06-09T05:47:28.746+0000][6][gc,cpu      ] GC(28) User=0.03s Sys=0.00s Real=0.05s
[2022-06-09T05:47:28.746+0000][6][safepoint   ] Safepoint "CollectForMetadataAllocation", Time since last: 676406821 ns, Reaching safepoint: 58025 ns, At safepoint: 59279693 ns, Total: 59337718 ns
[2022-06-09T05:47:28.746+0000][6][gc          ] GC(29) Concurrent Mark Cycle
[2022-06-09T05:47:28.746+0000][6][gc,marking  ] GC(29) Concurrent Clear Claimed Marks
[2022-06-09T05:47:28.746+0000][6][gc,marking  ] GC(29) Concurrent Clear Claimed Marks 0.207ms
[2022-06-09T05:47:28.746+0000][6][gc,marking  ] GC(29) Concurrent Scan Root Regions
[2022-06-09T05:47:28.850+0000][6][gc,marking  ] GC(29) Concurrent Scan Root Regions 104.036ms
[2022-06-09T05:47:28.850+0000][6][gc,marking  ] GC(29) Concurrent Mark
[2022-06-09T05:47:28.850+0000][6][gc,marking  ] GC(29) Concurrent Mark From Roots
[2022-06-09T05:47:28.850+0000][6][gc,task     ] GC(29) Using 1 workers of 1 for marking
[2022-06-09T05:47:29.582+0000][6][gc,marking  ] GC(29) Concurrent Mark From Roots 731.434ms
[2022-06-09T05:47:29.582+0000][6][gc,marking  ] GC(29) Concurrent Preclean
[2022-06-09T05:47:29.582+0000][6][gc,marking  ] GC(29) Concurrent Preclean 0.207ms
[2022-06-09T05:47:29.583+0000][6][gc,start    ] GC(29) Pause Remark
[2022-06-09T05:47:29.614+0000][6][gc          ] GC(29) Pause Remark 95M->95M(256M) 31.184ms
[2022-06-09T05:47:29.614+0000][6][gc,cpu      ] GC(29) User=0.01s Sys=0.00s Real=0.03s
[2022-06-09T05:47:29.614+0000][6][safepoint   ] Safepoint "G1Concurrent", Time since last: 836098171 ns, Reaching safepoint: 608251 ns, At safepoint: 31399325 ns, Total: 32007576 ns
[2022-06-09T05:47:29.619+0000][6][gc,marking  ] GC(29) Concurrent Mark 768.277ms
[2022-06-09T05:47:29.619+0000][6][gc,marking  ] GC(29) Concurrent Rebuild Remembered Sets
[2022-06-09T05:47:30.384+0000][6][gc,marking  ] GC(29) Concurrent Rebuild Remembered Sets 765.518ms
[2022-06-09T05:47:30.391+0000][6][gc,start    ] GC(29) Pause Cleanup
[2022-06-09T05:47:30.391+0000][6][gc          ] GC(29) Pause Cleanup 104M->104M(256M) 0.071ms
[2022-06-09T05:47:30.391+0000][6][gc,cpu      ] GC(29) User=0.00s Sys=0.00s Real=0.00s
[2022-06-09T05:47:30.391+0000][6][safepoint   ] Safepoint "G1Concurrent", Time since last: 770161064 ns, Reaching safepoint: 6385442 ns, At safepoint: 113125 ns, Total: 6498567 ns
[2022-06-09T05:47:30.391+0000][6][gc,marking  ] GC(29) Concurrent Cleanup for Next Mark
[2022-06-09T05:47:30.392+0000][6][gc,marking  ] GC(29) Concurrent Cleanup for Next Mark 0.698ms
[2022-06-09T05:47:30.392+0000][6][gc          ] GC(29) Concurrent Mark Cycle 1645.837ms
[2022-06-09T05:47:31.391+0000][6][safepoint   ] Safepoint "Cleanup", Time since last: 1000094998 ns, Reaching safepoint: 75798 ns, At safepoint: 4319 ns, Total: 80117 ns
[2022-06-09T05:47:32.391+0000][6][safepoint   ] Safepoint "Cleanup", Time since last: 1000128328 ns, Reaching safepoint: 45769 ns, At safepoint: 4850 ns, Total: 50619 ns
[2022-06-09T05:47:33.391+0000][6][safepoint   ] Safepoint "Cleanup", Time since last: 1000154661 ns, Reaching safepoint: 43163 ns, At safepoint: 4840 ns, Total: 48003 ns
[2022-06-09T05:47:34.391+0000][6][safepoint   ] Safepoint "Cleanup", Time since last: 1000187089 ns, Reaching safepoint: 42402 ns, At safepoint: 4208 ns, Total: 46610 ns
[2022-06-09T05:47:35.392+0000][6][safepoint   ] Safepoint "Cleanup", Time since last: 1000177305 ns, Reaching safepoint: 56530 ns, At safepoint: 10587 ns, Total: 67117 ns
[2022-06-09T05:47:37.392+0000][6][safepoint   ] Safepoint "Cleanup", Time since last: 2000325585 ns, Reaching safepoint: 45999 ns, At safepoint: 5018 ns, Total: 51017 ns
[2022-06-09T05:47:38.392+0000][6][safepoint   ] Safepoint "Cleanup", Time since last: 1000161028 ns, Reaching safepoint: 45763 ns, At safepoint: 4345 ns, Total: 50108 ns
[2022-06-09T05:47:39.392+0000][6][safepoint   ] Safepoint "Cleanup", Time since last: 1000147082 ns, Reaching safepoint: 43215 ns, At safepoint: 4544 ns, Total: 47759 ns
[2022-06-09T05:47:41.393+0000][6][safepoint   ] Safepoint "Cleanup", Time since last: 2000214065 ns, Reaching safepoint: 42284 ns, At safepoint: 4493 ns, Total: 46777 ns
[2022-06-09T05:47:42.393+0000][6][safepoint   ] Safepoint "Cleanup", Time since last: 1000125034 ns, Reaching safepoint: 42535 ns, At safepoint: 4799 ns, Total: 47334 ns
[2022-06-09T05:47:43.393+0000][6][safepoint   ] Safepoint "Cleanup", Time since last: 1000175742 ns, Reaching safepoint: 42658 ns, At safepoint: 4622 ns, Total: 47280 ns
[2022-06-09T05:47:44.393+0000][6][safepoint   ] Safepoint "Cleanup", Time since last: 1000123611 ns, Reaching safepoint: 38186 ns, At safepoint: 4770 ns, Total: 42956 ns
[2022-06-09T05:47:45.393+0000][6][safepoint   ] Safepoint "Cleanup", Time since last: 1000158810 ns, Reaching safepoint: 40961 ns, At safepoint: 4880 ns, Total: 45841 ns
[2022-06-09T05:47:46.394+0000][6][safepoint   ] Safepoint "Cleanup", Time since last: 1000136231 ns, Reaching safepoint: 45872 ns, At safepoint: 4929 ns, Total: 50801 ns
[2022-06-09T05:47:47.394+0000][6][safepoint   ] Safepoint "Cleanup", Time since last: 1000169933 ns, Reaching safepoint: 42941 ns, At safepoint: 5128 ns, Total: 48069 ns
[2022-06-09T05:47:48.398+0000][6][safepoint   ] Safepoint "Cleanup", Time since last: 1004250753 ns, Reaching safepoint: 40450 ns, At safepoint: 4410 ns, Total: 44860 ns
[2022-06-09T05:47:50.398+0000][6][safepoint   ] Safepoint "Cleanup", Time since last: 2000231627 ns, Reaching safepoint: 42341 ns, At safepoint: 4601 ns, Total: 46942 ns
[2022-06-09T05:47:51.399+0000][6][safepoint   ] Safepoint "Cleanup", Time since last: 1000204752 ns, Reaching safepoint: 40469 ns, At safepoint: 5375 ns, Total: 45844 ns
[2022-06-09T05:47:53.399+0000][6][safepoint   ] Safepoint "Cleanup", Time since last: 2000254490 ns, Reaching safepoint: 38698 ns, At safepoint: 3857 ns, Total: 42555 ns
[2022-06-09T05:47:54.399+0000][6][safepoint   ] Safepoint "Cleanup", Time since last: 1000196744 ns, Reaching safepoint: 43521 ns, At safepoint: 4887 ns, Total: 48408 ns
[2022-06-09T05:47:55.399+0000][6][safepoint   ] Safepoint "Cleanup", Time since last: 1000180454 ns, Reaching safepoint: 46951 ns, At safepoint: 4983 ns, Total: 51934 ns
[2022-06-09T05:47:56.400+0000][6][safepoint   ] Safepoint "Cleanup", Time since last: 1000122616 ns, Reaching safepoint: 31724 ns, At safepoint: 4025 ns, Total: 35749 ns
[2022-06-09T05:47:57.400+0000][6][safepoint   ] Safepoint "Cleanup", Time since last: 1000155502 ns, Reaching safepoint: 36175 ns, At safepoint: 4344 ns, Total: 40519 ns
[2022-06-09T05:47:58.400+0000][6][safepoint   ] Safepoint "Cleanup", Time since last: 1000186219 ns, Reaching safepoint: 37929 ns, At safepoint: 4330 ns, Total: 42259 ns
[2022-06-09T05:47:59.400+0000][6][safepoint   ] Safepoint "Cleanup", Time since last: 1000165690 ns, Reaching safepoint: 38697 ns, At safepoint: 4616 ns, Total: 43313 ns
[2022-06-09T05:48:02.401+0000][6][safepoint   ] Safepoint "Cleanup", Time since last: 3000350300 ns, Reaching safepoint: 41973 ns, At safepoint: 5008 ns, Total: 46981 ns
[2022-06-09T05:48:03.401+0000][6][safepoint   ] Safepoint "Cleanup", Time since last: 1000176531 ns, Reaching safepoint: 40836 ns, At safepoint: 8437 ns, Total: 49273 ns
[2022-06-09T05:48:04.401+0000][6][safepoint   ] Safepoint "Cleanup", Time since last: 1000173336 ns, Reaching safepoint: 43195 ns, At safepoint: 4864 ns, Total: 48059 ns
[2022-06-09T05:48:06.401+0000][6][safepoint   ] Safepoint "Cleanup", Time since last: 2000256612 ns, Reaching safepoint: 41244 ns, At safepoint: 5151 ns, Total: 46395 ns
[2022-06-09T05:48:07.402+0000][6][safepoint   ] Safepoint "Cleanup", Time since last: 1000168443 ns, Reaching safepoint: 41579 ns, At safepoint: 4723 ns, Total: 46302 ns
[2022-06-09T05:48:09.402+0000][6][safepoint   ] Safepoint "Cleanup", Time since last: 2000267682 ns, Reaching safepoint: 42177 ns, At safepoint: 4597 ns, Total: 46774 ns
[2022-06-09T05:48:14.403+0000][6][safepoint   ] Safepoint "Cleanup", Time since last: 5000546458 ns, Reaching safepoint: 36292 ns, At safepoint: 4393 ns, Total: 40685 ns
[2022-06-09T05:48:16.403+0000][6][safepoint   ] Safepoint "Cleanup", Time since last: 2000276730 ns, Reaching safepoint: 59086 ns, At safepoint: 9140 ns, Total: 68226 ns
[2022-06-09T05:48:17.403+0000][6][safepoint   ] Safepoint "Cleanup", Time since last: 1000166852 ns, Reaching safepoint: 58402 ns, At safepoint: 4334 ns, Total: 62736 ns
[2022-06-09T05:48:18.403+0000][6][safepoint   ] Safepoint "Cleanup", Time since last: 1000135165 ns, Reaching safepoint: 42417 ns, At safepoint: 4070 ns, Total: 46487 ns
[2022-06-09T05:48:19.403+0000][6][safepoint   ] Safepoint "Cleanup", Time since last: 1000147203 ns, Reaching safepoint: 49981 ns, At safepoint: 4444 ns, Total: 54425 ns
[2022-06-09T05:48:20.404+0000][6][safepoint   ] Safepoint "Cleanup", Time since last: 1000147358 ns, Reaching safepoint: 38115 ns, At safepoint: 4183 ns, Total: 42298 ns
[2022-06-09T05:48:21.404+0000][6][safepoint   ] Safepoint "Cleanup", Time since last: 1000147513 ns, Reaching safepoint: 39042 ns, At safepoint: 4891 ns, Total: 43933 ns
[2022-06-09T05:48:24.404+0000][6][safepoint   ] Safepoint "Cleanup", Time since last: 3000381251 ns, Reaching safepoint: 39003 ns, At safepoint: 4694 ns, Total: 43697 ns
[2022-06-09T05:48:25.404+0000][6][safepoint   ] Safepoint "Cleanup", Time since last: 1000149886 ns, Reaching safepoint: 36941 ns, At safepoint: 4018 ns, Total: 40959 ns
[2022-06-09T05:48:26.405+0000][6][safepoint   ] Safepoint "Cleanup", Time since last: 1000128228 ns, Reaching safepoint: 44055 ns, At safepoint: 4087 ns, Total: 48142 ns
[2022-06-09T05:48:27.405+0000][6][safepoint   ] Safepoint "Cleanup", Time since last: 1000217058 ns, Reaching safepoint: 38372 ns, At safepoint: 4151 ns, Total: 42523 ns
[2022-06-09T05:48:29.405+0000][6][safepoint   ] Safepoint "Cleanup", Time since last: 2000263572 ns, Reaching safepoint: 38063 ns, At safepoint: 4356 ns, Total: 42419 ns
[2022-06-09T05:48:31.406+0000][6][safepoint   ] Safepoint "Cleanup", Time since last: 2000252695 ns, Reaching safepoint: 41816 ns, At safepoint: 5110 ns, Total: 46926 ns
[2022-06-09T05:48:32.406+0000][6][safepoint   ] Safepoint "Cleanup", Time since last: 1000210859 ns, Reaching safepoint: 72360 ns, At safepoint: 9534 ns, Total: 81894 ns
[2022-06-09T05:48:34.406+0000][6][safepoint   ] Safepoint "Cleanup", Time since last: 2000339013 ns, Reaching safepoint: 57066 ns, At safepoint: 8784 ns, Total: 65850 ns
[2022-06-09T05:48:35.406+0000][6][safepoint   ] Safepoint "Cleanup", Time since last: 1000185245 ns, Reaching safepoint: 51065 ns, At safepoint: 4548 ns, Total: 55613 ns
[2022-06-09T05:48:36.407+0000][6][safepoint   ] Safepoint "Cleanup", Time since last: 1000176387 ns, Reaching safepoint: 39498 ns, At safepoint: 4680 ns, Total: 44178 ns
[2022-06-09T05:48:38.407+0000][6][safepoint   ] Safepoint "Cleanup", Time since last: 2000234471 ns, Reaching safepoint: 74379 ns, At safepoint: 10577 ns, Total: 84956 ns
[2022-06-09T05:48:39.407+0000][6][safepoint   ] Safepoint "Cleanup", Time since last: 1000139519 ns, Reaching safepoint: 57843 ns, At safepoint: 4900 ns, Total: 62743 ns
[2022-06-09T05:48:41.407+0000][6][safepoint   ] Safepoint "Cleanup", Time since last: 2000254248 ns, Reaching safepoint: 32198 ns, At safepoint: 4174 ns, Total: 36372 ns
[2022-06-09T05:48:42.408+0000][6][safepoint   ] Safepoint "Cleanup", Time since last: 1000180873 ns, Reaching safepoint: 58120 ns, At safepoint: 9217 ns, Total: 67337 ns
[2022-06-09T05:48:43.408+0000][6][safepoint   ] Safepoint "Cleanup", Time since last: 1000169748 ns, Reaching safepoint: 38039 ns, At safepoint: 4290 ns, Total: 42329 ns
[2022-06-09T05:48:46.408+0000][6][safepoint   ] Safepoint "Cleanup", Time since last: 3000349847 ns, Reaching safepoint: 36471 ns, At safepoint: 16428 ns, Total: 52899 ns
[2022-06-09T05:48:49.409+0000][6][safepoint   ] Safepoint "Cleanup", Time since last: 3000355183 ns, Reaching safepoint: 35729 ns, At safepoint: 4402 ns, Total: 40131 ns
[2022-06-09T05:48:51.409+0000][6][safepoint   ] Safepoint "Cleanup", Time since last: 2000291120 ns, Reaching safepoint: 39775 ns, At safepoint: 4380 ns, Total: 44155 ns
[2022-06-09T05:48:56.410+0000][6][safepoint   ] Safepoint "Cleanup", Time since last: 5000649590 ns, Reaching safepoint: 35959 ns, At safepoint: 4178 ns, Total: 40137 ns
[2022-06-09T05:49:01.410+0000][6][safepoint   ] Safepoint "Cleanup", Time since last: 5000571382 ns, Reaching safepoint: 47732 ns, At safepoint: 4519 ns, Total: 52251 ns
[2022-06-09T05:49:04.411+0000][6][safepoint   ] Safepoint "Cleanup", Time since last: 3000332311 ns, Reaching safepoint: 39098 ns, At safepoint: 5036 ns, Total: 44134 ns
[2022-06-09T05:49:05.411+0000][6][safepoint   ] Safepoint "Cleanup", Time since last: 1000172016 ns, Reaching safepoint: 42279 ns, At safepoint: 5543 ns, Total: 47822 ns
[2022-06-09T05:49:06.411+0000][6][safepoint   ] Safepoint "Cleanup", Time since last: 1000149545 ns, Reaching safepoint: 37582 ns, At safepoint: 5036 ns, Total: 42618 ns
[2022-06-09T05:49:09.412+0000][6][safepoint   ] Safepoint "Cleanup", Time since last: 3000333118 ns, Reaching safepoint: 46540 ns, At safepoint: 4892 ns, Total: 51432 ns
[2022-06-09T05:49:12.412+0000][6][safepoint   ] Safepoint "Cleanup", Time since last: 3000396797 ns, Reaching safepoint: 39044 ns, At safepoint: 4774 ns, Total: 43818 ns
[2022-06-09T05:49:15.412+0000][6][safepoint   ] Safepoint "Cleanup", Time since last: 3000379750 ns, Reaching safepoint: 42097 ns, At safepoint: 5167 ns, Total: 47264 ns
[2022-06-09T05:49:16.413+0000][6][safepoint   ] Safepoint "Cleanup", Time since last: 1000158047 ns, Reaching safepoint: 39200 ns, At safepoint: 4739 ns, Total: 43939 ns
[2022-06-09T05:49:18.413+0000][6][safepoint   ] Safepoint "Cleanup", Time since last: 2000320131 ns, Reaching safepoint: 40828 ns, At safepoint: 4448 ns, Total: 45276 ns
[2022-06-09T05:49:19.413+0000][6][safepoint   ] Safepoint "Cleanup", Time since last: 1000130822 ns, Reaching safepoint: 38294 ns, At safepoint: 4311 ns, Total: 42605 ns
[2022-06-09T05:49:20.413+0000][6][safepoint   ] Safepoint "Cleanup", Time since last: 1000123807 ns, Reaching safepoint: 35637 ns, At safepoint: 4596 ns, Total: 40233 ns
[2022-06-09T05:49:21.414+0000][6][safepoint   ] Safepoint "Cleanup", Time since last: 1000151544 ns, Reaching safepoint: 41487 ns, At safepoint: 4690 ns, Total: 46177 ns
[2022-06-09T05:49:24.414+0000][6][safepoint   ] Safepoint "Cleanup", Time since last: 3000343905 ns, Reaching safepoint: 38266 ns, At safepoint: 4839 ns, Total: 43105 ns
[2022-06-09T05:49:26.414+0000][6][safepoint   ] Safepoint "Cleanup", Time since last: 2000276135 ns, Reaching safepoint: 34147 ns, At safepoint: 4443 ns, Total: 38590 ns
[2022-06-09T05:49:29.415+0000][6][safepoint   ] Safepoint "Cleanup", Time since last: 3000380868 ns, Reaching safepoint: 73934 ns, At safepoint: 4725 ns, Total: 78659 ns
[2022-06-09T05:49:31.415+0000][6][safepoint   ] Safepoint "Cleanup", Time since last: 2000245252 ns, Reaching safepoint: 37946 ns, At safepoint: 4716 ns, Total: 42662 ns
[2022-06-09T05:49:32.415+0000][6][safepoint   ] Safepoint "Cleanup", Time since last: 1000151222 ns, Reaching safepoint: 40321 ns, At safepoint: 4623 ns, Total: 44944 ns
[2022-06-09T05:49:36.416+0000][6][safepoint   ] Safepoint "Cleanup", Time since last: 4000422604 ns, Reaching safepoint: 35748 ns, At safepoint: 5168 ns, Total: 40916 ns
[2022-06-09T05:49:37.416+0000][6][safepoint   ] Safepoint "Cleanup", Time since last: 1000149840 ns, Reaching safepoint: 35980 ns, At safepoint: 4870 ns, Total: 40850 ns
[2022-06-09T05:49:45.417+0000][6][safepoint   ] Safepoint "Cleanup", Time since last: 8000906338 ns, Reaching safepoint: 32424 ns, At safepoint: 4207 ns, Total: 36631 ns
[2022-06-09T05:49:46.417+0000][6][safepoint   ] Safepoint "Cleanup", Time since last: 1000144235 ns, Reaching safepoint: 39400 ns, At safepoint: 4727 ns, Total: 44127 ns
[2022-06-09T05:49:50.417+0000][6][safepoint   ] Safepoint "Cleanup", Time since last: 4000457333 ns, Reaching safepoint: 60024 ns, At safepoint: 9617 ns, Total: 69641 ns
[2022-06-09T05:49:55.418+0000][6][safepoint   ] Safepoint "Cleanup", Time since last: 5000639088 ns, Reaching safepoint: 50826 ns, At safepoint: 4972 ns, Total: 55798 ns
[2022-06-09T05:49:56.418+0000][6][safepoint   ] Safepoint "Cleanup", Time since last: 1000202988 ns, Reaching safepoint: 49118 ns, At safepoint: 4796 ns, Total: 53914 ns
[2022-06-09T05:49:59.419+0000][6][safepoint   ] Safepoint "Cleanup", Time since last: 3000423230 ns, Reaching safepoint: 35775 ns, At safepoint: 4791 ns, Total: 40566 ns
[2022-06-09T05:50:00.419+0000][6][safepoint   ] Safepoint "Cleanup", Time since last: 1000233385 ns, Reaching safepoint: 43760 ns, At safepoint: 4838 ns, Total: 48598 ns
[2022-06-09T05:50:05.420+0000][6][safepoint   ] Safepoint "Cleanup", Time since last: 5000654523 ns, Reaching safepoint: 43306 ns, At safepoint: 4540 ns, Total: 47846 ns
[2022-06-09T05:50:08.420+0000][6][safepoint   ] Safepoint "Cleanup", Time since last: 3000350377 ns, Reaching safepoint: 51878 ns, At safepoint: 4636 ns, Total: 56514 ns
[2022-06-09T05:50:12.421+0000][6][safepoint   ] Safepoint "Cleanup", Time since last: 4000480838 ns, Reaching safepoint: 38820 ns, At safepoint: 5308 ns, Total: 44128 ns
[2022-06-09T05:50:20.422+0000][6][safepoint   ] Safepoint "Cleanup", Time since last: 8000966544 ns, Reaching safepoint: 37993 ns, At safepoint: 16405 ns, Total: 54398 ns
[2022-06-09T05:50:21.422+0000][6][safepoint   ] Safepoint "Cleanup", Time since last: 1000194701 ns, Reaching safepoint: 53519 ns, At safepoint: 4895 ns, Total: 58414 ns
[2022-06-09T05:50:22.422+0000][6][safepoint   ] Safepoint "Cleanup", Time since last: 1000184989 ns, Reaching safepoint: 70936 ns, At safepoint: 4812 ns, Total: 75748 ns
[2022-06-09T05:50:29.423+0000][6][safepoint   ] Safepoint "Cleanup", Time since last: 7000833862 ns, Reaching safepoint: 62460 ns, At safepoint: 4537 ns, Total: 66997 ns
[2022-06-09T05:50:34.424+0000][6][safepoint   ] Safepoint "Cleanup", Time since last: 5000654193 ns, Reaching safepoint: 38202 ns, At safepoint: 4955 ns, Total: 43157 ns
[2022-06-09T05:50:41.425+0000][6][safepoint   ] Safepoint "Cleanup", Time since last: 7000770566 ns, Reaching safepoint: 33723 ns, At safepoint: 4647 ns, Total: 38370 ns
[2022-06-09T05:50:43.425+0000][6][safepoint   ] Safepoint "Cleanup", Time since last: 2000248528 ns, Reaching safepoint: 40285 ns, At safepoint: 4508 ns, Total: 44793 ns
[2022-06-09T05:50:49.426+0000][6][safepoint   ] Safepoint "Cleanup", Time since last: 6000637861 ns, Reaching safepoint: 40035 ns, At safepoint: 5080 ns, Total: 45115 ns
[2022-06-09T05:50:51.426+0000][6][safepoint   ] Safepoint "Cleanup", Time since last: 2000298183 ns, Reaching safepoint: 32336 ns, At safepoint: 4620 ns, Total: 36956 ns
[2022-06-09T05:50:55.427+0000][6][safepoint   ] Safepoint "Cleanup", Time since last: 4000531043 ns, Reaching safepoint: 46791 ns, At safepoint: 4852 ns, Total: 51643 ns
[2022-06-09T05:51:11.429+0000][6][safepoint   ] Safepoint "Cleanup", Time since last: 16001808325 ns, Reaching safepoint: 33300 ns, At safepoint: 11965 ns, Total: 45265 ns
[2022-06-09T05:51:19.429+0000][6][safepoint   ] Safepoint "Cleanup", Time since last: 8000853399 ns, Reaching safepoint: 31477 ns, At safepoint: 4513 ns, Total: 35990 ns
[2022-06-09T05:51:20.839+0000][6][gc,start    ] GC(30) Pause Young (Normal) (G1 Evacuation Pause)
[2022-06-09T05:51:20.839+0000][6][gc,task     ] GC(30) Using 1 workers of 1 for evacuation
[2022-06-09T05:51:20.839+0000][6][gc,age      ] GC(30) Desired survivor size 8388608 bytes, new threshold 15 (max threshold 15)
[2022-06-09T05:51:20.853+0000][6][gc,phases   ] GC(30)   Pre Evacuate Collection Set: 0.0ms
[2022-06-09T05:51:20.853+0000][6][gc,phases   ] GC(30)   Merge Heap Roots: 0.1ms
[2022-06-09T05:51:20.853+0000][6][gc,phases   ] GC(30)   Evacuate Collection Set: 12.5ms
[2022-06-09T05:51:20.853+0000][6][gc,phases   ] GC(30)   Post Evacuate Collection Set: 1.2ms
[2022-06-09T05:51:20.853+0000][6][gc,phases   ] GC(30)   Other: 0.1ms
[2022-06-09T05:51:20.853+0000][6][gc,age      ] GC(30) Age table with threshold 15 (max threshold 15)
[2022-06-09T05:51:20.853+0000][6][gc,age      ] GC(30) - age   1:     970600 bytes,     970600 total
[2022-06-09T05:51:20.853+0000][6][gc,age      ] GC(30) - age   2:     600864 bytes,    1571464 total
[2022-06-09T05:51:20.853+0000][6][gc,age      ] GC(30) - age   3:    2787896 bytes,    4359360 total
[2022-06-09T05:51:20.853+0000][6][gc,heap     ] GC(30) Eden regions: 27->0(27)
[2022-06-09T05:51:20.853+0000][6][gc,heap     ] GC(30) Survivor regions: 1->2(4)
[2022-06-09T05:51:20.853+0000][6][gc,heap     ] GC(30) Old regions: 18->18
[2022-06-09T05:51:20.853+0000][6][gc,heap     ] GC(30) Archive regions: 2->2
[2022-06-09T05:51:20.853+0000][6][gc,heap     ] GC(30) Humongous regions: 2->2
[2022-06-09T05:51:20.853+0000][6][gc,metaspace] GC(30) Metaspace: 102879K(105664K)->102879K(105664K) NonClass: 88753K(90176K)->88753K(90176K) Class: 14125K(15488K)->14125K(15488K)
[2022-06-09T05:51:20.853+0000][6][gc          ] GC(30) Pause Young (Normal) (G1 Evacuation Pause) 195M->88M(256M) 14.190ms
[2022-06-09T05:51:20.853+0000][6][gc,cpu      ] GC(30) User=0.02s Sys=0.00s Real=0.01s
[2022-06-09T05:51:20.853+0000][6][safepoint   ] Safepoint "G1CollectForAllocation", Time since last: 1409121079 ns, Reaching safepoint: 26506 ns, At safepoint: 14247453 ns, Total: 14273959 ns
[2022-06-09T05:51:21.853+0000][6][safepoint   ] Safepoint "Cleanup", Time since last: 1000166846 ns, Reaching safepoint: 39026 ns, At safepoint: 4708 ns, Total: 43734 ns
[2022-06-09T05:51:22.853+0000][6][safepoint   ] Safepoint "Cleanup", Time since last: 1000206404 ns, Reaching safepoint: 38289 ns, At safepoint: 5244 ns, Total: 43533 ns
[2022-06-09T05:51:24.854+0000][6][safepoint   ] Safepoint "Cleanup", Time since last: 2000293423 ns, Reaching safepoint: 42847 ns, At safepoint: 4828 ns, Total: 47675 ns
[2022-06-09T05:51:25.854+0000][6][safepoint   ] Safepoint "Cleanup", Time since last: 1000161664 ns, Reaching safepoint: 38698 ns, At safepoint: 4417 ns, Total: 43115 ns
[2022-06-09T05:51:26.854+0000][6][safepoint   ] Safepoint "Cleanup", Time since last: 1000147641 ns, Reaching safepoint: 40543 ns, At safepoint: 4489 ns, Total: 45032 ns
[2022-06-09T05:51:27.854+0000][6][safepoint   ] Safepoint "Cleanup", Time since last: 1000170916 ns, Reaching safepoint: 42989 ns, At safepoint: 4478 ns, Total: 47467 ns
[2022-06-09T05:51:31.855+0000][6][safepoint   ] Safepoint "Cleanup", Time since last: 4000438171 ns, Reaching safepoint: 38854 ns, At safepoint: 4756 ns, Total: 43610 ns
[2022-06-09T05:51:36.855+0000][6][safepoint   ] Safepoint "Cleanup", Time since last: 5000583439 ns, Reaching safepoint: 40320 ns, At safepoint: 4762 ns, Total: 45082 ns
[2022-06-09T05:51:37.856+0000][6][safepoint   ] Safepoint "Cleanup", Time since last: 1000187069 ns, Reaching safepoint: 41415 ns, At safepoint: 4380 ns, Total: 45795 ns
[2022-06-09T05:51:40.856+0000][6][safepoint   ] Safepoint "Cleanup", Time since last: 3000411378 ns, Reaching safepoint: 48608 ns, At safepoint: 4832 ns, Total: 53440 ns
[2022-06-09T05:51:43.856+0000][6][safepoint   ] Safepoint "Cleanup", Time since last: 3000399818 ns, Reaching safepoint: 63005 ns, At safepoint: 5209 ns, Total: 68214 ns
[2022-06-09T05:51:44.857+0000][6][safepoint   ] Safepoint "Cleanup", Time since last: 1000218595 ns, Reaching safepoint: 69133 ns, At safepoint: 4638 ns, Total: 73771 ns
[2022-06-09T05:51:47.857+0000][6][safepoint   ] Safepoint "Cleanup", Time since last: 3000376596 ns, Reaching safepoint: 44678 ns, At safepoint: 4507 ns, Total: 49185 ns
[2022-06-09T05:51:50.858+0000][6][safepoint   ] Safepoint "Cleanup", Time since last: 3000368584 ns, Reaching safepoint: 33867 ns, At safepoint: 3920 ns, Total: 37787 ns
[2022-06-09T05:51:54.858+0000][6][safepoint   ] Safepoint "Cleanup", Time since last: 4000424074 ns, Reaching safepoint: 41042 ns, At safepoint: 4919 ns, Total: 45961 ns
[2022-06-09T05:51:58.859+0000][6][safepoint   ] Safepoint "Cleanup", Time since last: 4000525840 ns, Reaching safepoint: 39083 ns, At safepoint: 4635 ns, Total: 43718 ns
[2022-06-09T05:52:00.859+0000][6][safepoint   ] Safepoint "Cleanup", Time since last: 2000277097 ns, Reaching safepoint: 50915 ns, At safepoint: 5087 ns, Total: 56002 ns
[2022-06-09T05:52:02.859+0000][6][safepoint   ] Safepoint "Cleanup", Time since last: 2000251546 ns, Reaching safepoint: 41337 ns, At safepoint: 4936 ns, Total: 46273 ns
[2022-06-09T05:52:03.859+0000][6][safepoint   ] Safepoint "Cleanup", Time since last: 1000156341 ns, Reaching safepoint: 42774 ns, At safepoint: 4759 ns, Total: 47533 ns
[2022-06-09T05:52:07.860+0000][6][safepoint   ] Safepoint "Cleanup", Time since last: 4000366695 ns, Reaching safepoint: 42934 ns, At safepoint: 4885 ns, Total: 47819 ns
[2022-06-09T05:52:08.860+0000][6][safepoint   ] Safepoint "Cleanup", Time since last: 1000133636 ns, Reaching safepoint: 44196 ns, At safepoint: 4937 ns, Total: 49133 ns
[2022-06-09T05:52:09.860+0000][6][safepoint   ] Safepoint "Cleanup", Time since last: 1000132267 ns, Reaching safepoint: 40041 ns, At safepoint: 4539 ns, Total: 44580 ns
[2022-06-09T05:52:10.860+0000][6][safepoint   ] Safepoint "Cleanup", Time since last: 1000126172 ns, Reaching safepoint: 38495 ns, At safepoint: 4461 ns, Total: 42956 ns
[2022-06-09T05:52:18.861+0000][6][safepoint   ] Safepoint "Cleanup", Time since last: 8000743411 ns, Reaching safepoint: 60396 ns, At safepoint: 4916 ns, Total: 65312 ns
[2022-06-09T05:52:20.861+0000][6][safepoint   ] Safepoint "Cleanup", Time since last: 2000215053 ns, Reaching safepoint: 30156 ns, At safepoint: 4329 ns, Total: 34485 ns
[2022-06-09T05:52:23.863+0000][6][safepoint   ] Safepoint "Cleanup", Time since last: 3001306538 ns, Reaching safepoint: 36221 ns, At safepoint: 4666 ns, Total: 40887 ns
[2022-06-09T05:52:24.863+0000][6][safepoint   ] Safepoint "Cleanup", Time since last: 1000149455 ns, Reaching safepoint: 38983 ns, At safepoint: 4735 ns, Total: 43718 ns
[2022-06-09T05:52:25.863+0000][6][safepoint   ] Safepoint "Cleanup", Time since last: 1000159217 ns, Reaching safepoint: 39323 ns, At safepoint: 5246 ns, Total: 44569 ns
[2022-06-09T05:52:30.864+0000][6][safepoint   ] Safepoint "Cleanup", Time since last: 5000546759 ns, Reaching safepoint: 38114 ns, At safepoint: 5295 ns, Total: 43409 ns
[2022-06-09T05:52:49.866+0000][6][safepoint   ] Safepoint "Cleanup", Time since last: 19002163247 ns, Reaching safepoint: 36510 ns, At safepoint: 4434 ns, Total: 40944 ns
[2022-06-09T05:52:51.866+0000][6][safepoint   ] Safepoint "Cleanup", Time since last: 2000266895 ns, Reaching safepoint: 39870 ns, At safepoint: 5174 ns, Total: 45044 ns
[2022-06-09T05:53:01.867+0000][6][safepoint   ] Safepoint "Cleanup", Time since last: 10000913131 ns, Reaching safepoint: 39469 ns, At safepoint: 4423 ns, Total: 43892 ns
[2022-06-09T05:53:02.869+0000][6][safepoint   ] Safepoint "Cleanup", Time since last: 1001501631 ns, Reaching safepoint: 40590 ns, At safepoint: 4453 ns, Total: 45043 ns
[2022-06-09T05:53:16.870+0000][6][safepoint   ] Safepoint "Cleanup", Time since last: 14001462847 ns, Reaching safepoint: 34690 ns, At safepoint: 4594 ns, Total: 39284 ns
[2022-06-09T05:53:18.871+0000][6][safepoint   ] Safepoint "Cleanup", Time since last: 2000291621 ns, Reaching safepoint: 41159 ns, At safepoint: 4520 ns, Total: 45679 ns
[2022-06-09T05:53:22.871+0000][6][safepoint   ] Safepoint "Cleanup", Time since last: 4000414725 ns, Reaching safepoint: 53730 ns, At safepoint: 8910 ns, Total: 62640 ns
[2022-06-09T05:53:24.871+0000][6][safepoint   ] Safepoint "Cleanup", Time since last: 2000245491 ns, Reaching safepoint: 36423 ns, At safepoint: 4835 ns, Total: 41258 ns
[2022-06-09T05:53:25.872+0000][6][safepoint   ] Safepoint "Cleanup", Time since last: 1000166249 ns, Reaching safepoint: 38227 ns, At safepoint: 4805 ns, Total: 43032 ns
[2022-06-09T05:53:42.875+0000][6][safepoint   ] Safepoint "Cleanup", Time since last: 17003357164 ns, Reaching safepoint: 42394 ns, At safepoint: 4678 ns, Total: 47072 ns
[2022-06-09T05:53:53.877+0000][6][safepoint   ] Safepoint "Cleanup", Time since last: 11001462343 ns, Reaching safepoint: 35896 ns, At safepoint: 4506 ns, Total: 40402 ns
[2022-06-09T05:54:12.879+0000][6][safepoint   ] Safepoint "Cleanup", Time since last: 19002062073 ns, Reaching safepoint: 41258 ns, At safepoint: 5409 ns, Total: 46667 ns
[2022-06-09T05:54:16.879+0000][6][safepoint   ] Safepoint "Cleanup", Time since last: 4000420584 ns, Reaching safepoint: 40495 ns, At safepoint: 25423 ns, Total: 65918 ns
[2022-06-09T05:54:19.880+0000][6][safepoint   ] Safepoint "Cleanup", Time since last: 3000339982 ns, Reaching safepoint: 33670 ns, At safepoint: 4158 ns, Total: 37828 ns
[2022-06-09T05:54:20.881+0000][6][safepoint   ] Safepoint "Cleanup", Time since last: 1001324876 ns, Reaching safepoint: 31860 ns, At safepoint: 4325 ns, Total: 36185 ns
[2022-06-09T05:54:49.610+0000][6][safepoint   ] Safepoint "Cleanup", Time since last: 28728995712 ns, Reaching safepoint: 115607 ns, At safepoint: 4626 ns, Total: 120233 ns
[2022-06-09T05:54:51.610+0000][6][safepoint   ] Safepoint "Cleanup", Time since last: 2000299895 ns, Reaching safepoint: 35790 ns, At safepoint: 4489 ns, Total: 40279 ns
[2022-06-09T05:54:52.611+0000][6][safepoint   ] Safepoint "Cleanup", Time since last: 1000182984 ns, Reaching safepoint: 41458 ns, At safepoint: 4835 ns, Total: 46293 ns
[2022-06-09T05:54:59.611+0000][6][safepoint   ] Safepoint "Cleanup", Time since last: 7000831947 ns, Reaching safepoint: 38644 ns, At safepoint: 5172 ns, Total: 43816 ns
[2022-06-09T05:55:12.613+0000][6][safepoint   ] Safepoint "Cleanup", Time since last: 13001525627 ns, Reaching safepoint: 38356 ns, At safepoint: 4672 ns, Total: 43028 ns
[2022-06-09T05:55:18.614+0000][6][safepoint   ] Safepoint "Cleanup", Time since last: 6000916402 ns, Reaching safepoint: 40932 ns, At safepoint: 5055 ns, Total: 45987 ns
[2022-06-09T05:55:19.614+0000][6][safepoint   ] Safepoint "Cleanup", Time since last: 1000133924 ns, Reaching safepoint: 34681 ns, At safepoint: 4509 ns, Total: 39190 ns
[2022-06-09T05:55:20.614+0000][6][safepoint   ] Safepoint "Cleanup", Time since last: 1000154042 ns, Reaching safepoint: 38314 ns, At safepoint: 4498 ns, Total: 42812 ns
[2022-06-09T05:55:23.615+0000][6][safepoint   ] Safepoint "Cleanup", Time since last: 3000324746 ns, Reaching safepoint: 38248 ns, At safepoint: 5073 ns, Total: 43321 ns
[2022-06-09T05:55:31.616+0000][6][safepoint   ] Safepoint "Cleanup", Time since last: 8000989604 ns, Reaching safepoint: 34663 ns, At safepoint: 4708 ns, Total: 39371 ns
[2022-06-09T05:55:51.618+0000][6][safepoint   ] Safepoint "Cleanup", Time since last: 20002093308 ns, Reaching safepoint: 34897 ns, At safepoint: 5112 ns, Total: 40009 ns
[2022-06-09T05:55:58.619+0000][6][safepoint   ] Safepoint "Cleanup", Time since last: 7000733316 ns, Reaching safepoint: 37307 ns, At safepoint: 4715 ns, Total: 42022 ns
[2022-06-09T05:56:02.619+0000][6][safepoint   ] Safepoint "Cleanup", Time since last: 4000454050 ns, Reaching safepoint: 42000 ns, At safepoint: 5117 ns, Total: 47117 ns
[2022-06-09T05:56:03.619+0000][6][safepoint   ] Safepoint "Cleanup", Time since last: 1000161896 ns, Reaching safepoint: 40196 ns, At safepoint: 5112 ns, Total: 45308 ns
[2022-06-09T05:56:04.620+0000][6][safepoint   ] Safepoint "Cleanup", Time since last: 1000154523 ns, Reaching safepoint: 38209 ns, At safepoint: 4706 ns, Total: 42915 ns
[2022-06-09T05:56:16.621+0000][6][safepoint   ] Safepoint "Cleanup", Time since last: 12001442267 ns, Reaching safepoint: 41080 ns, At safepoint: 4476 ns, Total: 45556 ns
[2022-06-09T05:56:17.621+0000][6][safepoint   ] Safepoint "Cleanup", Time since last: 1000166276 ns, Reaching safepoint: 41938 ns, At safepoint: 4885 ns, Total: 46823 ns
[2022-06-09T05:56:19.622+0000][6][safepoint   ] Safepoint "Cleanup", Time since last: 2000257387 ns, Reaching safepoint: 59971 ns, At safepoint: 7087 ns, Total: 67058 ns
[2022-06-09T05:56:21.365+0000][6][gc,start    ] GC(31) Pause Young (Concurrent Start) (G1 Evacuation Pause)
[2022-06-09T05:56:21.365+0000][6][gc,task     ] GC(31) Using 1 workers of 1 for evacuation
[2022-06-09T05:56:21.365+0000][6][gc,age      ] GC(31) Desired survivor size 8388608 bytes, new threshold 15 (max threshold 15)
[2022-06-09T05:56:21.378+0000][6][gc,phases   ] GC(31)   Pre Evacuate Collection Set: 0.3ms
[2022-06-09T05:56:21.378+0000][6][gc,phases   ] GC(31)   Merge Heap Roots: 0.1ms
[2022-06-09T05:56:21.378+0000][6][gc,phases   ] GC(31)   Evacuate Collection Set: 11.8ms
[2022-06-09T05:56:21.378+0000][6][gc,phases   ] GC(31)   Post Evacuate Collection Set: 1.1ms
[2022-06-09T05:56:21.378+0000][6][gc,phases   ] GC(31)   Other: 0.1ms
[2022-06-09T05:56:21.378+0000][6][gc,age      ] GC(31) Age table with threshold 15 (max threshold 15)
[2022-06-09T05:56:21.378+0000][6][gc,age      ] GC(31) - age   1:      18352 bytes,      18352 total
[2022-06-09T05:56:21.378+0000][6][gc,age      ] GC(31) - age   2:     946608 bytes,     964960 total
[2022-06-09T05:56:21.378+0000][6][gc,age      ] GC(31) - age   3:     584976 bytes,    1549936 total
[2022-06-09T05:56:21.378+0000][6][gc,age      ] GC(31) - age   4:    2636248 bytes,    4186184 total
[2022-06-09T05:56:21.378+0000][6][gc,heap     ] GC(31) Eden regions: 27->0(28)
[2022-06-09T05:56:21.378+0000][6][gc,heap     ] GC(31) Survivor regions: 2->1(4)
[2022-06-09T05:56:21.378+0000][6][gc,heap     ] GC(31) Old regions: 18->18
[2022-06-09T05:56:21.378+0000][6][gc,heap     ] GC(31) Archive regions: 2->2
[2022-06-09T05:56:21.379+0000][6][gc,heap     ] GC(31) Humongous regions: 2->2
[2022-06-09T05:56:21.379+0000][6][gc,metaspace] GC(31) Metaspace: 103084K(105920K)->103084K(105920K) NonClass: 88958K(90432K)->88958K(90432K) Class: 14126K(15488K)->14126K(15488K)
[2022-06-09T05:56:21.379+0000][6][gc          ] GC(31) Pause Young (Concurrent Start) (G1 Evacuation Pause) 196M->87M(256M) 13.623ms
[2022-06-09T05:56:21.379+0000][6][gc,cpu      ] GC(31) User=0.01s Sys=0.00s Real=0.02s
[2022-06-09T05:56:21.379+0000][6][safepoint   ] Safepoint "G1CollectForAllocation", Time since last: 1743293501 ns, Reaching safepoint: 26565 ns, At safepoint: 13682938 ns, Total: 13709503 ns
[2022-06-09T05:56:21.379+0000][6][gc          ] GC(32) Concurrent Mark Cycle
[2022-06-09T05:56:21.379+0000][6][gc,marking  ] GC(32) Concurrent Clear Claimed Marks
[2022-06-09T05:56:21.379+0000][6][gc,marking  ] GC(32) Concurrent Clear Claimed Marks 0.100ms
[2022-06-09T05:56:21.379+0000][6][gc,marking  ] GC(32) Concurrent Scan Root Regions
[2022-06-09T05:56:21.395+0000][6][gc,marking  ] GC(32) Concurrent Scan Root Regions 16.612ms
[2022-06-09T05:56:21.395+0000][6][gc,marking  ] GC(32) Concurrent Mark
[2022-06-09T05:56:21.395+0000][6][gc,marking  ] GC(32) Concurrent Mark From Roots
[2022-06-09T05:56:21.395+0000][6][gc,task     ] GC(32) Using 1 workers of 1 for marking
[2022-06-09T05:56:21.564+0000][6][gc,marking  ] GC(32) Concurrent Mark From Roots 168.751ms
[2022-06-09T05:56:21.564+0000][6][gc,marking  ] GC(32) Concurrent Preclean
[2022-06-09T05:56:21.565+0000][6][gc,marking  ] GC(32) Concurrent Preclean 0.392ms
[2022-06-09T05:56:21.565+0000][6][gc,start    ] GC(32) Pause Remark
[2022-06-09T05:56:21.596+0000][6][gc          ] GC(32) Pause Remark 88M->88M(256M) 30.989ms
[2022-06-09T05:56:21.596+0000][6][gc,cpu      ] GC(32) User=0.03s Sys=0.00s Real=0.04s
[2022-06-09T05:56:21.600+0000][6][safepoint   ] Safepoint "G1Concurrent", Time since last: 186018618 ns, Reaching safepoint: 25167 ns, At safepoint: 34916408 ns, Total: 34941575 ns
[2022-06-09T05:56:21.600+0000][6][gc,marking  ] GC(32) Concurrent Mark 204.213ms
[2022-06-09T05:56:21.600+0000][6][gc,marking  ] GC(32) Concurrent Rebuild Remembered Sets
[2022-06-09T05:56:21.720+0000][6][gc,marking  ] GC(32) Concurrent Rebuild Remembered Sets 120.776ms
[2022-06-09T05:56:21.729+0000][6][gc,start    ] GC(32) Pause Cleanup
[2022-06-09T05:56:21.729+0000][6][gc          ] GC(32) Pause Cleanup 88M->88M(256M) 0.073ms
[2022-06-09T05:56:21.729+0000][6][gc,cpu      ] GC(32) User=0.00s Sys=0.00s Real=0.00s
[2022-06-09T05:56:21.729+0000][6][safepoint   ] Safepoint "G1Concurrent", Time since last: 120891261 ns, Reaching safepoint: 8557352 ns, At safepoint: 115275 ns, Total: 8672627 ns
[2022-06-09T05:56:21.729+0000][6][gc,marking  ] GC(32) Concurrent Cleanup for Next Mark
[2022-06-09T05:56:21.730+0000][6][gc,marking  ] GC(32) Concurrent Cleanup for Next Mark 0.647ms
[2022-06-09T05:56:21.730+0000][6][gc          ] GC(32) Concurrent Mark Cycle 351.188ms
[2022-06-09T05:56:29.730+0000][6][safepoint   ] Safepoint "Cleanup", Time since last: 8000872924 ns, Reaching safepoint: 37258 ns, At safepoint: 4580 ns, Total: 41838 ns
[2022-06-09T05:56:31.730+0000][6][safepoint   ] Safepoint "Cleanup", Time since last: 2000241129 ns, Reaching safepoint: 39417 ns, At safepoint: 4548 ns, Total: 43965 ns
[2022-06-09T05:56:48.732+0000][6][safepoint   ] Safepoint "Cleanup", Time since last: 17001732409 ns, Reaching safepoint: 36778 ns, At safepoint: 4564 ns, Total: 41342 ns
[2022-06-09T05:56:51.733+0000][6][safepoint   ] Safepoint "Cleanup", Time since last: 3000381182 ns, Reaching safepoint: 38950 ns, At safepoint: 26900 ns, Total: 65850 ns
[2022-06-09T05:56:58.733+0000][6][safepoint   ] Safepoint "Cleanup", Time since last: 7000792354 ns, Reaching safepoint: 36269 ns, At safepoint: 4451 ns, Total: 40720 ns
[2022-06-09T05:57:11.735+0000][6][safepoint   ] Safepoint "Cleanup", Time since last: 13001491746 ns, Reaching safepoint: 36305 ns, At safepoint: 4502 ns, Total: 40807 ns
[2022-06-09T05:57:20.736+0000][6][safepoint   ] Safepoint "Cleanup", Time since last: 9001041406 ns, Reaching safepoint: 59917 ns, At safepoint: 7531 ns, Total: 67448 ns
[2022-06-09T05:57:21.736+0000][6][safepoint   ] Safepoint "Cleanup", Time since last: 1000142347 ns, Reaching safepoint: 42602 ns, At safepoint: 4861 ns, Total: 47463 ns
[2022-06-09T05:57:25.737+0000][6][safepoint   ] Safepoint "Cleanup", Time since last: 4000505839 ns, Reaching safepoint: 42552 ns, At safepoint: 4840 ns, Total: 47392 ns
[2022-06-09T05:57:49.740+0000][6][safepoint   ] Safepoint "Cleanup", Time since last: 24002766090 ns, Reaching safepoint: 40802 ns, At safepoint: 4513 ns, Total: 45315 ns
[2022-06-09T05:58:26.745+0000][6][safepoint   ] Safepoint "Cleanup", Time since last: 37005635069 ns, Reaching safepoint: 54450 ns, At safepoint: 8564 ns, Total: 63014 ns
[2022-06-09T05:58:33.746+0000][6][safepoint   ] Safepoint "Cleanup", Time since last: 7000758339 ns, Reaching safepoint: 34785 ns, At safepoint: 4695 ns, Total: 39480 ns
[2022-06-09T05:58:35.746+0000][6][safepoint   ] Safepoint "Cleanup", Time since last: 2000269773 ns, Reaching safepoint: 39248 ns, At safepoint: 5315 ns, Total: 44563 ns
[2022-06-09T05:58:51.748+0000][6][safepoint   ] Safepoint "Cleanup", Time since last: 16001935971 ns, Reaching safepoint: 60350 ns, At safepoint: 8690 ns, Total: 69040 ns
[2022-06-09T05:58:55.749+0000][6][safepoint   ] Safepoint "Cleanup", Time since last: 4000482394 ns, Reaching safepoint: 38337 ns, At safepoint: 4392 ns, Total: 42729 ns
[2022-06-09T05:59:10.751+0000][6][safepoint   ] Safepoint "Cleanup", Time since last: 15001649169 ns, Reaching safepoint: 44968 ns, At safepoint: 4751 ns, Total: 49719 ns
[2022-06-09T05:59:16.751+0000][6][safepoint   ] Safepoint "Cleanup", Time since last: 6000702392 ns, Reaching safepoint: 36959 ns, At safepoint: 4546 ns, Total: 41505 ns
[2022-06-09T05:59:30.753+0000][6][safepoint   ] Safepoint "Cleanup", Time since last: 14001651304 ns, Reaching safepoint: 38767 ns, At safepoint: 4462 ns, Total: 43229 ns
[2022-06-09T05:59:51.755+0000][6][safepoint   ] Safepoint "Cleanup", Time since last: 21002247435 ns, Reaching safepoint: 37755 ns, At safepoint: 4263 ns, Total: 42018 ns
[2022-06-09T06:00:00.757+0000][6][safepoint   ] Safepoint "Cleanup", Time since last: 9001111647 ns, Reaching safepoint: 40715 ns, At safepoint: 5130 ns, Total: 45845 ns
[2022-06-09T06:00:14.759+0000][6][safepoint   ] Safepoint "Cleanup", Time since last: 14002430822 ns, Reaching safepoint: 38609 ns, At safepoint: 5081 ns, Total: 43690 ns
[2022-06-09T06:00:29.761+0000][6][safepoint   ] Safepoint "Cleanup", Time since last: 15001567073 ns, Reaching safepoint: 39247 ns, At safepoint: 4435 ns, Total: 43682 ns
[2022-06-09T06:00:36.761+0000][6][safepoint   ] Safepoint "Cleanup", Time since last: 7000828462 ns, Reaching safepoint: 37677 ns, At safepoint: 4899 ns, Total: 42576 ns
[2022-06-09T06:00:40.762+0000][6][safepoint   ] Safepoint "Cleanup", Time since last: 4000469541 ns, Reaching safepoint: 43051 ns, At safepoint: 5002 ns, Total: 48053 ns
[2022-06-09T06:00:44.762+0000][6][safepoint   ] Safepoint "Cleanup", Time since last: 4000457579 ns, Reaching safepoint: 38461 ns, At safepoint: 4765 ns, Total: 43226 ns
[2022-06-09T06:00:48.763+0000][6][safepoint   ] Safepoint "Cleanup", Time since last: 4000501175 ns, Reaching safepoint: 37952 ns, At safepoint: 4307 ns, Total: 42259 ns
[2022-06-09T06:01:32.768+0000][6][safepoint   ] Safepoint "Cleanup", Time since last: 44004776543 ns, Reaching safepoint: 43942 ns, At safepoint: 4939 ns, Total: 48881 ns
[2022-06-09T06:01:34.946+0000][6][gc,start    ] GC(33) Pause Young (Normal) (G1 Evacuation Pause)
[2022-06-09T06:01:34.946+0000][6][gc,task     ] GC(33) Using 1 workers of 1 for evacuation
[2022-06-09T06:01:34.947+0000][6][gc,age      ] GC(33) Desired survivor size 8388608 bytes, new threshold 15 (max threshold 15)
[2022-06-09T06:01:34.960+0000][6][gc,phases   ] GC(33)   Pre Evacuate Collection Set: 0.0ms
[2022-06-09T06:01:34.960+0000][6][gc,phases   ] GC(33)   Merge Heap Roots: 0.1ms
[2022-06-09T06:01:34.960+0000][6][gc,phases   ] GC(33)   Evacuate Collection Set: 11.9ms
[2022-06-09T06:01:34.960+0000][6][gc,phases   ] GC(33)   Post Evacuate Collection Set: 1.1ms
[2022-06-09T06:01:34.960+0000][6][gc,phases   ] GC(33)   Other: 0.1ms
[2022-06-09T06:01:34.960+0000][6][gc,age      ] GC(33) Age table with threshold 15 (max threshold 15)
[2022-06-09T06:01:34.960+0000][6][gc,age      ] GC(33) - age   1:      29768 bytes,      29768 total
[2022-06-09T06:01:34.960+0000][6][gc,age      ] GC(33) - age   2:      10584 bytes,      40352 total
[2022-06-09T06:01:34.960+0000][6][gc,age      ] GC(33) - age   3:     945248 bytes,     985600 total
[2022-06-09T06:01:34.960+0000][6][gc,age      ] GC(33) - age   4:     584728 bytes,    1570328 total
[2022-06-09T06:01:34.960+0000][6][gc,age      ] GC(33) - age   5:    2625648 bytes,    4195976 total
[2022-06-09T06:01:34.960+0000][6][gc,heap     ] GC(33) Eden regions: 28->0(28)
[2022-06-09T06:01:34.960+0000][6][gc,heap     ] GC(33) Survivor regions: 1->2(4)
[2022-06-09T06:01:34.960+0000][6][gc,heap     ] GC(33) Old regions: 18->18
[2022-06-09T06:01:34.960+0000][6][gc,heap     ] GC(33) Archive regions: 2->2
[2022-06-09T06:01:34.960+0000][6][gc,heap     ] GC(33) Humongous regions: 2->2
[2022-06-09T06:01:34.960+0000][6][gc,metaspace] GC(33) Metaspace: 101048K(105920K)->101048K(105920K) NonClass: 87398K(90432K)->87398K(90432K) Class: 13650K(15488K)->13650K(15488K)
[2022-06-09T06:01:34.960+0000][6][gc          ] GC(33) Pause Young (Normal) (G1 Evacuation Pause) 199M->87M(256M) 13.479ms
[2022-06-09T06:01:34.960+0000][6][gc,cpu      ] GC(33) User=0.01s Sys=0.00s Real=0.02s
[2022-06-09T06:01:34.960+0000][6][safepoint   ] Safepoint "G1CollectForAllocation", Time since last: 2178540210 ns, Reaching safepoint: 26583 ns, At safepoint: 13532308 ns, Total: 13558891 ns
[2022-06-09T06:02:12.964+0000][6][safepoint   ] Safepoint "Cleanup", Time since last: 38004146931 ns, Reaching safepoint: 38853 ns, At safepoint: 4538 ns, Total: 43391 ns
[2022-06-09T06:02:20.965+0000][6][safepoint   ] Safepoint "Cleanup", Time since last: 8000881282 ns, Reaching safepoint: 37734 ns, At safepoint: 4747 ns, Total: 42481 ns
[2022-06-09T06:02:21.965+0000][6][safepoint   ] Safepoint "Cleanup", Time since last: 1000191611 ns, Reaching safepoint: 59924 ns, At safepoint: 9460 ns, Total: 69384 ns
[2022-06-09T06:02:28.966+0000][6][safepoint   ] Safepoint "Cleanup", Time since last: 7000865234 ns, Reaching safepoint: 35506 ns, At safepoint: 28576 ns, Total: 64082 ns
[2022-06-09T06:02:48.968+0000][6][safepoint   ] Safepoint "Cleanup", Time since last: 20002171651 ns, Reaching safepoint: 60227 ns, At safepoint: 9163 ns, Total: 69390 ns
[2022-06-09T06:02:55.969+0000][6][safepoint   ] Safepoint "Cleanup", Time since last: 7000867227 ns, Reaching safepoint: 38486 ns, At safepoint: 4625 ns, Total: 43111 ns
[2022-06-09T06:03:16.973+0000][6][safepoint   ] Safepoint "Cleanup", Time since last: 21003904429 ns, Reaching safepoint: 39633 ns, At safepoint: 4754 ns, Total: 44387 ns
[2022-06-09T06:03:32.975+0000][6][safepoint   ] Safepoint "Cleanup", Time since last: 16001795610 ns, Reaching safepoint: 40222 ns, At safepoint: 4444 ns, Total: 44666 ns
[2022-06-09T06:04:01.979+0000][6][safepoint   ] Safepoint "Cleanup", Time since last: 29003423452 ns, Reaching safepoint: 41274 ns, At safepoint: 4913 ns, Total: 46187 ns
[2022-06-09T06:04:12.980+0000][6][safepoint   ] Safepoint "Cleanup", Time since last: 11001186649 ns, Reaching safepoint: 36868 ns, At safepoint: 4293 ns, Total: 41161 ns
[2022-06-09T06:04:20.981+0000][6][safepoint   ] Safepoint "Cleanup", Time since last: 8000913974 ns, Reaching safepoint: 38374 ns, At safepoint: 4672 ns, Total: 43046 ns
[2022-06-09T06:04:43.983+0000][6][safepoint   ] Safepoint "Cleanup", Time since last: 23002429051 ns, Reaching safepoint: 39350 ns, At safepoint: 4652 ns, Total: 44002 ns
[2022-06-09T06:05:03.986+0000][6][safepoint   ] Safepoint "Cleanup", Time since last: 20002245383 ns, Reaching safepoint: 39905 ns, At safepoint: 4638 ns, Total: 44543 ns
[2022-06-09T06:05:07.986+0000][6][safepoint   ] Safepoint "Cleanup", Time since last: 4000475904 ns, Reaching safepoint: 41602 ns, At safepoint: 5098 ns, Total: 46700 ns
[2022-06-09T06:05:13.987+0000][6][safepoint   ] Safepoint "Cleanup", Time since last: 6000627809 ns, Reaching safepoint: 36677 ns, At safepoint: 4744 ns, Total: 41421 ns
[2022-06-09T06:05:34.989+0000][6][safepoint   ] Safepoint "Cleanup", Time since last: 21002267098 ns, Reaching safepoint: 38165 ns, At safepoint: 4924 ns, Total: 43089 ns
[2022-06-09T06:05:39.990+0000][6][safepoint   ] Safepoint "Cleanup", Time since last: 5000672106 ns, Reaching safepoint: 41532 ns, At safepoint: 4893 ns, Total: 46425 ns
[2022-06-09T06:05:47.991+0000][6][safepoint   ] Safepoint "Cleanup", Time since last: 8000967206 ns, Reaching safepoint: 36493 ns, At safepoint: 4440 ns, Total: 40933 ns
[2022-06-09T06:05:48.991+0000][6][safepoint   ] Safepoint "Cleanup", Time since last: 1000225445 ns, Reaching safepoint: 58654 ns, At safepoint: 8900 ns, Total: 67554 ns
[2022-06-09T06:05:55.992+0000][6][safepoint   ] Safepoint "Cleanup", Time since last: 7000830227 ns, Reaching safepoint: 36526 ns, At safepoint: 4831 ns, Total: 41357 ns
[2022-06-09T06:05:56.992+0000][6][safepoint   ] Safepoint "Cleanup", Time since last: 1000147440 ns, Reaching safepoint: 38348 ns, At safepoint: 4362 ns, Total: 42710 ns
[2022-06-09T06:06:05.993+0000][6][safepoint   ] Safepoint "Cleanup", Time since last: 9000948341 ns, Reaching safepoint: 51235 ns, At safepoint: 4568 ns, Total: 55803 ns
[2022-06-09T06:06:46.661+0000][6][gc,start    ] GC(34) Pause Young (Concurrent Start) (G1 Evacuation Pause)
[2022-06-09T06:06:46.661+0000][6][gc,task     ] GC(34) Using 1 workers of 1 for evacuation
[2022-06-09T06:06:46.661+0000][6][gc,age      ] GC(34) Desired survivor size 8388608 bytes, new threshold 15 (max threshold 15)
[2022-06-09T06:06:46.679+0000][6][gc,phases   ] GC(34)   Pre Evacuate Collection Set: 0.2ms
[2022-06-09T06:06:46.679+0000][6][gc,phases   ] GC(34)   Merge Heap Roots: 0.1ms
[2022-06-09T06:06:46.679+0000][6][gc,phases   ] GC(34)   Evacuate Collection Set: 16.0ms
[2022-06-09T06:06:46.679+0000][6][gc,phases   ] GC(34)   Post Evacuate Collection Set: 1.1ms
[2022-06-09T06:06:46.679+0000][6][gc,phases   ] GC(34)   Other: 0.1ms
[2022-06-09T06:06:46.679+0000][6][gc,age      ] GC(34) Age table with threshold 15 (max threshold 15)
[2022-06-09T06:06:46.679+0000][6][gc,age      ] GC(34) - age   1:      12648 bytes,      12648 total
[2022-06-09T06:06:46.679+0000][6][gc,age      ] GC(34) - age   2:      19120 bytes,      31768 total
[2022-06-09T06:06:46.679+0000][6][gc,age      ] GC(34) - age   3:      10384 bytes,      42152 total
[2022-06-09T06:06:46.679+0000][6][gc,age      ] GC(34) - age   4:     945248 bytes,     987400 total
[2022-06-09T06:06:46.679+0000][6][gc,age      ] GC(34) - age   5:     584728 bytes,    1572128 total
[2022-06-09T06:06:46.679+0000][6][gc,age      ] GC(34) - age   6:    2625648 bytes,    4197776 total
[2022-06-09T06:06:46.679+0000][6][gc,heap     ] GC(34) Eden regions: 28->0(28)
[2022-06-09T06:06:46.679+0000][6][gc,heap     ] GC(34) Survivor regions: 2->2(4)
[2022-06-09T06:06:46.679+0000][6][gc,heap     ] GC(34) Old regions: 18->18
[2022-06-09T06:06:46.679+0000][6][gc,heap     ] GC(34) Archive regions: 2->2
[2022-06-09T06:06:46.679+0000][6][gc,heap     ] GC(34) Humongous regions: 2->2
[2022-06-09T06:06:46.679+0000][6][gc,metaspace] GC(34) Metaspace: 101074K(105920K)->101074K(105920K) NonClass: 87424K(90432K)->87424K(90432K) Class: 13650K(15488K)->13650K(15488K)
[2022-06-09T06:06:46.679+0000][6][gc          ] GC(34) Pause Young (Concurrent Start) (G1 Evacuation Pause) 199M->87M(256M) 17.707ms
[2022-06-09T06:06:46.679+0000][6][gc,cpu      ] GC(34) User=0.02s Sys=0.00s Real=0.02s
[2022-06-09T06:06:46.679+0000][6][safepoint   ] Safepoint "G1CollectForAllocation", Time since last: 40668007206 ns, Reaching safepoint: 60209 ns, At safepoint: 17765479 ns, Total: 17825688 ns
[2022-06-09T06:06:46.680+0000][6][gc          ] GC(35) Concurrent Mark Cycle
[2022-06-09T06:06:46.680+0000][6][gc,marking  ] GC(35) Concurrent Clear Claimed Marks
[2022-06-09T06:06:46.680+0000][6][gc,marking  ] GC(35) Concurrent Clear Claimed Marks 0.075ms
[2022-06-09T06:06:46.680+0000][6][gc,marking  ] GC(35) Concurrent Scan Root Regions
[2022-06-09T06:06:46.686+0000][6][gc,marking  ] GC(35) Concurrent Scan Root Regions 6.038ms
[2022-06-09T06:06:46.686+0000][6][gc,marking  ] GC(35) Concurrent Mark
[2022-06-09T06:06:46.686+0000][6][gc,marking  ] GC(35) Concurrent Mark From Roots
[2022-06-09T06:06:46.686+0000][6][gc,task     ] GC(35) Using 1 workers of 1 for marking
[2022-06-09T06:06:46.805+0000][6][gc,marking  ] GC(35) Concurrent Mark From Roots 119.262ms
[2022-06-09T06:06:46.805+0000][6][gc,marking  ] GC(35) Concurrent Preclean
[2022-06-09T06:06:46.806+0000][6][gc,marking  ] GC(35) Concurrent Preclean 0.133ms
[2022-06-09T06:06:46.806+0000][6][gc,start    ] GC(35) Pause Remark
[2022-06-09T06:06:46.825+0000][6][gc          ] GC(35) Pause Remark 89M->89M(256M) 19.609ms
[2022-06-09T06:06:46.825+0000][6][gc,cpu      ] GC(35) User=0.02s Sys=0.00s Real=0.02s
[2022-06-09T06:06:46.825+0000][6][safepoint   ] Safepoint "G1Concurrent", Time since last: 126534196 ns, Reaching safepoint: 32546 ns, At safepoint: 19706363 ns, Total: 19738909 ns
[2022-06-09T06:06:46.825+0000][6][gc,marking  ] GC(35) Concurrent Mark 139.240ms
[2022-06-09T06:06:46.825+0000][6][gc,marking  ] GC(35) Concurrent Rebuild Remembered Sets
[2022-06-09T06:06:46.884+0000][6][gc,marking  ] GC(35) Concurrent Rebuild Remembered Sets 58.635ms
[2022-06-09T06:06:46.884+0000][6][gc,start    ] GC(35) Pause Cleanup
[2022-06-09T06:06:46.884+0000][6][gc          ] GC(35) Pause Cleanup 89M->89M(256M) 0.051ms
[2022-06-09T06:06:46.884+0000][6][gc,cpu      ] GC(35) User=0.00s Sys=0.00s Real=0.00s
[2022-06-09T06:06:46.884+0000][6][safepoint   ] Safepoint "G1Concurrent", Time since last: 58739617 ns, Reaching safepoint: 22924 ns, At safepoint: 87506 ns, Total: 110430 ns
[2022-06-09T06:06:46.884+0000][6][gc,marking  ] GC(35) Concurrent Cleanup for Next Mark
[2022-06-09T06:06:46.885+0000][6][gc,marking  ] GC(35) Concurrent Cleanup for Next Mark 0.672ms
[2022-06-09T06:06:46.885+0000][6][gc          ] GC(35) Concurrent Mark Cycle 204.935ms
[2022-06-09T06:06:51.885+0000][6][safepoint   ] Safepoint "Cleanup", Time since last: 5000665575 ns, Reaching safepoint: 44688 ns, At safepoint: 5215 ns, Total: 49903 ns
[2022-06-09T06:06:59.887+0000][6][safepoint   ] Safepoint "Cleanup", Time since last: 8002586710 ns, Reaching safepoint: 37852 ns, At safepoint: 4893 ns, Total: 42745 ns
[2022-06-09T06:07:09.889+0000][6][safepoint   ] Safepoint "Cleanup", Time since last: 10001152450 ns, Reaching safepoint: 39314 ns, At safepoint: 4453 ns, Total: 43767 ns
[2022-06-09T06:07:10.889+0000][6][safepoint   ] Safepoint "Cleanup", Time since last: 1000190911 ns, Reaching safepoint: 43255 ns, At safepoint: 4839 ns, Total: 48094 ns
[2022-06-09T06:07:11.889+0000][6][safepoint   ] Safepoint "Cleanup", Time since last: 1000194487 ns, Reaching safepoint: 57734 ns, At safepoint: 9603 ns, Total: 67337 ns
[2022-06-09T06:07:18.890+0000][6][safepoint   ] Safepoint "Cleanup", Time since last: 7000803668 ns, Reaching safepoint: 36621 ns, At safepoint: 4524 ns, Total: 41145 ns
[2022-06-09T06:07:19.890+0000][6][safepoint   ] Safepoint "Cleanup", Time since last: 1000125080 ns, Reaching safepoint: 27712 ns, At safepoint: 4451 ns, Total: 32163 ns
[2022-06-09T06:07:25.891+0000][6][safepoint   ] Safepoint "Cleanup", Time since last: 6000835416 ns, Reaching safepoint: 43135 ns, At safepoint: 4830 ns, Total: 47965 ns
[2022-06-09T06:07:44.893+0000][6][safepoint   ] Safepoint "Cleanup", Time since last: 19002286716 ns, Reaching safepoint: 37377 ns, At safepoint: 5155 ns, Total: 42532 ns
[2022-06-09T06:07:45.894+0000][6][safepoint   ] Safepoint "Cleanup", Time since last: 1000166501 ns, Reaching safepoint: 42966 ns, At safepoint: 4999 ns, Total: 47965 ns
[2022-06-09T06:08:01.896+0000][6][safepoint   ] Safepoint "Cleanup", Time since last: 16001829753 ns, Reaching safepoint: 49517 ns, At safepoint: 5295 ns, Total: 54812 ns
[2022-06-09T06:08:02.896+0000][6][safepoint   ] Safepoint "Cleanup", Time since last: 1000176391 ns, Reaching safepoint: 43278 ns, At safepoint: 4673 ns, Total: 47951 ns
[2022-06-09T06:08:12.897+0000][6][safepoint   ] Safepoint "Cleanup", Time since last: 10001147211 ns, Reaching safepoint: 40702 ns, At safepoint: 4311 ns, Total: 45013 ns
[2022-06-09T06:08:13.897+0000][6][safepoint   ] Safepoint "Cleanup", Time since last: 1000198747 ns, Reaching safepoint: 41353 ns, At safepoint: 4763 ns, Total: 46116 ns
[2022-06-09T06:08:18.898+0000][6][safepoint   ] Safepoint "Cleanup", Time since last: 5000615551 ns, Reaching safepoint: 45845 ns, At safepoint: 4587 ns, Total: 50432 ns
[2022-06-09T06:08:19.898+0000][6][safepoint   ] Safepoint "Cleanup", Time since last: 1000166205 ns, Reaching safepoint: 37897 ns, At safepoint: 4433 ns, Total: 42330 ns
[2022-06-09T06:08:26.899+0000][6][safepoint   ] Safepoint "Cleanup", Time since last: 7000891124 ns, Reaching safepoint: 39498 ns, At safepoint: 4389 ns, Total: 43887 ns
[2022-06-09T06:08:49.902+0000][6][safepoint   ] Safepoint "Cleanup", Time since last: 23002797998 ns, Reaching safepoint: 40402 ns, At safepoint: 4882 ns, Total: 45284 ns
[2022-06-09T06:09:48.909+0000][6][safepoint   ] Safepoint "Cleanup", Time since last: 59007552863 ns, Reaching safepoint: 38612 ns, At safepoint: 4824 ns, Total: 43436 ns
[2022-06-09T06:09:51.910+0000][6][safepoint   ] Safepoint "Cleanup", Time since last: 3000348320 ns, Reaching safepoint: 35708 ns, At safepoint: 4427 ns, Total: 40135 ns
[2022-06-09T06:09:52.910+0000][6][safepoint   ] Safepoint "Cleanup", Time since last: 1000156219 ns, Reaching safepoint: 40450 ns, At safepoint: 4847 ns, Total: 45297 ns
[2022-06-09T06:10:21.913+0000][6][safepoint   ] Safepoint "Cleanup", Time since last: 29003030612 ns, Reaching safepoint: 36757 ns, At safepoint: 4928 ns, Total: 41685 ns
[2022-06-09T06:10:31.915+0000][6][safepoint   ] Safepoint "Cleanup", Time since last: 10002099562 ns, Reaching safepoint: 36985 ns, At safepoint: 4679 ns, Total: 41664 ns
[2022-06-09T06:10:35.916+0000][6][safepoint   ] Safepoint "Cleanup", Time since last: 4000444979 ns, Reaching safepoint: 37345 ns, At safepoint: 4346 ns, Total: 41691 ns
[2022-06-09T06:10:39.916+0000][6][safepoint   ] Safepoint "Cleanup", Time since last: 4000455824 ns, Reaching safepoint: 59082 ns, At safepoint: 7271 ns, Total: 66353 ns
[2022-06-09T06:10:40.916+0000][6][safepoint   ] Safepoint "Cleanup", Time since last: 1000175467 ns, Reaching safepoint: 42845 ns, At safepoint: 4847 ns, Total: 47692 ns
[2022-06-09T06:10:48.917+0000][6][safepoint   ] Safepoint "Cleanup", Time since last: 8000943595 ns, Reaching safepoint: 39902 ns, At safepoint: 4707 ns, Total: 44609 ns
[2022-06-09T06:11:03.920+0000][6][safepoint   ] Safepoint "Cleanup", Time since last: 15002073715 ns, Reaching safepoint: 41368 ns, At safepoint: 4743 ns, Total: 46111 ns
[2022-06-09T06:11:18.921+0000][6][safepoint   ] Safepoint "Cleanup", Time since last: 15001621458 ns, Reaching safepoint: 34919 ns, At safepoint: 4484 ns, Total: 39403 ns
[2022-06-09T06:11:20.922+0000][6][safepoint   ] Safepoint "Cleanup", Time since last: 2000270396 ns, Reaching safepoint: 30830 ns, At safepoint: 4282 ns, Total: 35112 ns
[2022-06-09T06:11:21.922+0000][6][safepoint   ] Safepoint "Cleanup", Time since last: 1000157459 ns, Reaching safepoint: 39008 ns, At safepoint: 4365 ns, Total: 43373 ns
[2022-06-09T06:11:22.922+0000][6][safepoint   ] Safepoint "Cleanup", Time since last: 1000189944 ns, Reaching safepoint: 43382 ns, At safepoint: 4827 ns, Total: 48209 ns
[2022-06-09T06:11:23.922+0000][6][safepoint   ] Safepoint "Cleanup", Time since last: 1000162620 ns, Reaching safepoint: 38013 ns, At safepoint: 4817 ns, Total: 42830 ns
[2022-06-09T06:11:28.923+0000][6][safepoint   ] Safepoint "Cleanup", Time since last: 5000544535 ns, Reaching safepoint: 31299 ns, At safepoint: 4340 ns, Total: 35639 ns
[2022-06-09T06:11:59.097+0000][6][gc,start    ] GC(36) Pause Young (Normal) (G1 Evacuation Pause)
[2022-06-09T06:11:59.097+0000][6][gc,task     ] GC(36) Using 1 workers of 1 for evacuation
[2022-06-09T06:11:59.097+0000][6][gc,age      ] GC(36) Desired survivor size 8388608 bytes, new threshold 15 (max threshold 15)
[2022-06-09T06:11:59.109+0000][6][gc,phases   ] GC(36)   Pre Evacuate Collection Set: 0.0ms
[2022-06-09T06:11:59.110+0000][6][gc,phases   ] GC(36)   Merge Heap Roots: 0.1ms
[2022-06-09T06:11:59.110+0000][6][gc,phases   ] GC(36)   Evacuate Collection Set: 11.5ms
[2022-06-09T06:11:59.110+0000][6][gc,phases   ] GC(36)   Post Evacuate Collection Set: 1.1ms
[2022-06-09T06:11:59.110+0000][6][gc,phases   ] GC(36)   Other: 0.1ms
[2022-06-09T06:11:59.110+0000][6][gc,age      ] GC(36) Age table with threshold 15 (max threshold 15)
[2022-06-09T06:11:59.110+0000][6][gc,age      ] GC(36) - age   1:      43568 bytes,      43568 total
[2022-06-09T06:11:59.110+0000][6][gc,age      ] GC(36) - age   2:       3712 bytes,      47280 total
[2022-06-09T06:11:59.110+0000][6][gc,age      ] GC(36) - age   3:      17952 bytes,      65232 total
[2022-06-09T06:11:59.110+0000][6][gc,age      ] GC(36) - age   4:      10384 bytes,      75616 total
[2022-06-09T06:11:59.110+0000][6][gc,age      ] GC(36) - age   5:     945248 bytes,    1020864 total
[2022-06-09T06:11:59.110+0000][6][gc,age      ] GC(36) - age   6:     584728 bytes,    1605592 total
[2022-06-09T06:11:59.110+0000][6][gc,age      ] GC(36) - age   7:    2625648 bytes,    4231240 total
[2022-06-09T06:11:59.110+0000][6][gc,heap     ] GC(36) Eden regions: 28->0(28)
[2022-06-09T06:11:59.110+0000][6][gc,heap     ] GC(36) Survivor regions: 2->2(4)
[2022-06-09T06:11:59.110+0000][6][gc,heap     ] GC(36) Old regions: 18->18
[2022-06-09T06:11:59.110+0000][6][gc,heap     ] GC(36) Archive regions: 2->2
[2022-06-09T06:11:59.110+0000][6][gc,heap     ] GC(36) Humongous regions: 2->2
[2022-06-09T06:11:59.110+0000][6][gc,metaspace] GC(36) Metaspace: 101107K(105920K)->101107K(105920K) NonClass: 87455K(90432K)->87455K(90432K) Class: 13651K(15488K)->13651K(15488K)
[2022-06-09T06:11:59.110+0000][6][gc          ] GC(36) Pause Young (Normal) (G1 Evacuation Pause) 199M->87M(256M) 13.141ms
[2022-06-09T06:11:59.110+0000][6][gc,cpu      ] GC(36) User=0.01s Sys=0.00s Real=0.01s
[2022-06-09T06:11:59.110+0000][6][safepoint   ] Safepoint "G1CollectForAllocation", Time since last: 30173590703 ns, Reaching safepoint: 153463 ns, At safepoint: 13196928 ns, Total: 13350391 ns
[2022-06-09T06:12:19.112+0000][6][safepoint   ] Safepoint "Cleanup", Time since last: 20002249785 ns, Reaching safepoint: 37703 ns, At safepoint: 25916 ns, Total: 63619 ns
[2022-06-09T06:12:40.115+0000][6][safepoint   ] Safepoint "Cleanup", Time since last: 21002500302 ns, Reaching safepoint: 42889 ns, At safepoint: 4645 ns, Total: 47534 ns
[2022-06-09T06:12:43.115+0000][6][safepoint   ] Safepoint "Cleanup", Time since last: 3000389113 ns, Reaching safepoint: 61414 ns, At safepoint: 7048 ns, Total: 68462 ns
[2022-06-09T06:12:51.116+0000][6][safepoint   ] Safepoint "Cleanup", Time since last: 8000886344 ns, Reaching safepoint: 40749 ns, At safepoint: 4869 ns, Total: 45618 ns
[2022-06-09T06:12:57.117+0000][6][safepoint   ] Safepoint "Cleanup", Time since last: 6000740410 ns, Reaching safepoint: 40507 ns, At safepoint: 4547 ns, Total: 45054 ns
[2022-06-09T06:12:58.117+0000][6][safepoint   ] Safepoint "Cleanup", Time since last: 1000161249 ns, Reaching safepoint: 32724 ns, At safepoint: 4070 ns, Total: 36794 ns
[2022-06-09T06:12:59.117+0000][6][safepoint   ] Safepoint "Cleanup", Time since last: 1000133952 ns, Reaching safepoint: 36898 ns, At safepoint: 4305 ns, Total: 41203 ns
[2022-06-09T06:13:19.119+0000][6][safepoint   ] Safepoint "Cleanup", Time since last: 20002238725 ns, Reaching safepoint: 38932 ns, At safepoint: 30436 ns, Total: 69368 ns
[2022-06-09T06:13:36.121+0000][6][safepoint   ] Safepoint "Cleanup", Time since last: 17001904257 ns, Reaching safepoint: 58826 ns, At safepoint: 4575 ns, Total: 63401 ns
[2022-06-09T06:14:21.127+0000][6][safepoint   ] Safepoint "Cleanup", Time since last: 45005265516 ns, Reaching safepoint: 35850 ns, At safepoint: 4440 ns, Total: 40290 ns
[2022-06-09T06:15:19.134+0000][6][safepoint   ] Safepoint "Cleanup", Time since last: 58007180016 ns, Reaching safepoint: 36449 ns, At safepoint: 4629 ns, Total: 41078 ns
[2022-06-09T06:15:22.134+0000][6][safepoint   ] Safepoint "Cleanup", Time since last: 3000381379 ns, Reaching safepoint: 38369 ns, At safepoint: 4920 ns, Total: 43289 ns
[2022-06-09T06:16:27.141+0000][6][safepoint   ] Safepoint "Cleanup", Time since last: 65006711712 ns, Reaching safepoint: 37441 ns, At safepoint: 4609 ns, Total: 42050 ns
[2022-06-09T06:16:36.142+0000][6][safepoint   ] Safepoint "Cleanup", Time since last: 9001026692 ns, Reaching safepoint: 35799 ns, At safepoint: 4517 ns, Total: 40316 ns
[2022-06-09T06:16:49.144+0000][6][safepoint   ] Safepoint "Cleanup", Time since last: 13001408943 ns, Reaching safepoint: 46863 ns, At safepoint: 4408 ns, Total: 51271 ns
[2022-06-09T06:17:11.146+0000][6][safepoint   ] Safepoint "Cleanup", Time since last: 22002261627 ns, Reaching safepoint: 36167 ns, At safepoint: 4836 ns, Total: 41003 ns
[2022-06-09T06:17:12.143+0000][6][gc,start    ] GC(37) Pause Young (Concurrent Start) (G1 Evacuation Pause)
[2022-06-09T06:17:12.143+0000][6][gc,task     ] GC(37) Using 1 workers of 1 for evacuation
[2022-06-09T06:17:12.143+0000][6][gc,age      ] GC(37) Desired survivor size 8388608 bytes, new threshold 15 (max threshold 15)
[2022-06-09T06:17:12.156+0000][6][gc,phases   ] GC(37)   Pre Evacuate Collection Set: 0.2ms
[2022-06-09T06:17:12.156+0000][6][gc,phases   ] GC(37)   Merge Heap Roots: 0.1ms
[2022-06-09T06:17:12.156+0000][6][gc,phases   ] GC(37)   Evacuate Collection Set: 11.6ms
[2022-06-09T06:17:12.156+0000][6][gc,phases   ] GC(37)   Post Evacuate Collection Set: 1.2ms
[2022-06-09T06:17:12.156+0000][6][gc,phases   ] GC(37)   Other: 0.1ms
[2022-06-09T06:17:12.156+0000][6][gc,age      ] GC(37) Age table with threshold 15 (max threshold 15)
[2022-06-09T06:17:12.156+0000][6][gc,age      ] GC(37) - age   1:      13096 bytes,      13096 total
[2022-06-09T06:17:12.156+0000][6][gc,age      ] GC(37) - age   2:      36008 bytes,      49104 total
[2022-06-09T06:17:12.156+0000][6][gc,age      ] GC(37) - age   3:       3328 bytes,      52432 total
[2022-06-09T06:17:12.156+0000][6][gc,age      ] GC(37) - age   4:      17952 bytes,      70384 total
[2022-06-09T06:17:12.156+0000][6][gc,age      ] GC(37) - age   5:      10384 bytes,      80768 total
[2022-06-09T06:17:12.156+0000][6][gc,age      ] GC(37) - age   6:     945248 bytes,    1026016 total
[2022-06-09T06:17:12.156+0000][6][gc,age      ] GC(37) - age   7:     584728 bytes,    1610744 total
[2022-06-09T06:17:12.156+0000][6][gc,age      ] GC(37) - age   8:    2625648 bytes,    4236392 total
[2022-06-09T06:17:12.156+0000][6][gc,heap     ] GC(37) Eden regions: 28->0(28)
[2022-06-09T06:17:12.156+0000][6][gc,heap     ] GC(37) Survivor regions: 2->2(4)
[2022-06-09T06:17:12.156+0000][6][gc,heap     ] GC(37) Old regions: 18->18
[2022-06-09T06:17:12.156+0000][6][gc,heap     ] GC(37) Archive regions: 2->2
[2022-06-09T06:17:12.156+0000][6][gc,heap     ] GC(37) Humongous regions: 2->2
[2022-06-09T06:17:12.156+0000][6][gc,metaspace] GC(37) Metaspace: 101126K(105920K)->101126K(105920K) NonClass: 87474K(90432K)->87474K(90432K) Class: 13651K(15488K)->13651K(15488K)
[2022-06-09T06:17:12.156+0000][6][gc          ] GC(37) Pause Young (Concurrent Start) (G1 Evacuation Pause) 199M->87M(256M) 13.444ms
[2022-06-09T06:17:12.156+0000][6][gc,cpu      ] GC(37) User=0.02s Sys=0.00s Real=0.02s
[2022-06-09T06:17:12.156+0000][6][safepoint   ] Safepoint "G1CollectForAllocation", Time since last: 996667155 ns, Reaching safepoint: 155115 ns, At safepoint: 13508869 ns, Total: 13663984 ns
[2022-06-09T06:17:12.157+0000][6][gc          ] GC(38) Concurrent Mark Cycle
[2022-06-09T06:17:12.157+0000][6][gc,marking  ] GC(38) Concurrent Clear Claimed Marks
[2022-06-09T06:17:12.157+0000][6][gc,marking  ] GC(38) Concurrent Clear Claimed Marks 0.118ms
[2022-06-09T06:17:12.157+0000][6][gc,marking  ] GC(38) Concurrent Scan Root Regions
[2022-06-09T06:17:12.162+0000][6][gc,marking  ] GC(38) Concurrent Scan Root Regions 4.997ms
[2022-06-09T06:17:12.162+0000][6][gc,marking  ] GC(38) Concurrent Mark
[2022-06-09T06:17:12.162+0000][6][gc,marking  ] GC(38) Concurrent Mark From Roots
[2022-06-09T06:17:12.162+0000][6][gc,task     ] GC(38) Using 1 workers of 1 for marking
[2022-06-09T06:17:12.270+0000][6][gc,marking  ] GC(38) Concurrent Mark From Roots 108.065ms
[2022-06-09T06:17:12.270+0000][6][gc,marking  ] GC(38) Concurrent Preclean
[2022-06-09T06:17:12.271+0000][6][gc,marking  ] GC(38) Concurrent Preclean 0.150ms
[2022-06-09T06:17:12.271+0000][6][gc,start    ] GC(38) Pause Remark
[2022-06-09T06:17:12.283+0000][6][gc          ] GC(38) Pause Remark 89M->89M(256M) 12.277ms
[2022-06-09T06:17:12.283+0000][6][gc,cpu      ] GC(38) User=0.01s Sys=0.00s Real=0.01s
[2022-06-09T06:17:12.283+0000][6][safepoint   ] Safepoint "G1Concurrent", Time since last: 114362033 ns, Reaching safepoint: 24118 ns, At safepoint: 12336433 ns, Total: 12360551 ns
[2022-06-09T06:17:12.283+0000][6][gc,marking  ] GC(38) Concurrent Mark 120.682ms
[2022-06-09T06:17:12.283+0000][6][gc,marking  ] GC(38) Concurrent Rebuild Remembered Sets
[2022-06-09T06:17:12.341+0000][6][gc,marking  ] GC(38) Concurrent Rebuild Remembered Sets 58.100ms
[2022-06-09T06:17:12.341+0000][6][gc,start    ] GC(38) Pause Cleanup
[2022-06-09T06:17:12.341+0000][6][gc          ] GC(38) Pause Cleanup 89M->89M(256M) 0.050ms
[2022-06-09T06:17:12.341+0000][6][gc,cpu      ] GC(38) User=0.00s Sys=0.00s Real=0.00s
[2022-06-09T06:17:12.341+0000][6][safepoint   ] Safepoint "G1Concurrent", Time since last: 58194436 ns, Reaching safepoint: 29215 ns, At safepoint: 85972 ns, Total: 115187 ns
[2022-06-09T06:17:12.341+0000][6][gc,marking  ] GC(38) Concurrent Cleanup for Next Mark
[2022-06-09T06:17:12.342+0000][6][gc,marking  ] GC(38) Concurrent Cleanup for Next Mark 0.642ms
[2022-06-09T06:17:12.342+0000][6][gc          ] GC(38) Concurrent Mark Cycle 184.808ms
[2022-06-09T06:17:27.343+0000][6][safepoint   ] Safepoint "Cleanup", Time since last: 15001864576 ns, Reaching safepoint: 40244 ns, At safepoint: 4815 ns, Total: 45059 ns
[2022-06-09T06:17:49.346+0000][6][safepoint   ] Safepoint "Cleanup", Time since last: 22002460337 ns, Reaching safepoint: 53804 ns, At safepoint: 7539 ns, Total: 61343 ns
[2022-06-09T06:17:51.346+0000][6][safepoint   ] Safepoint "Cleanup", Time since last: 2000265986 ns, Reaching safepoint: 48443 ns, At safepoint: 4685 ns, Total: 53128 ns
[2022-06-09T06:17:56.347+0000][6][safepoint   ] Safepoint "Cleanup", Time since last: 5000582119 ns, Reaching safepoint: 51179 ns, At safepoint: 4365 ns, Total: 55544 ns
[2022-06-09T06:17:57.347+0000][6][safepoint   ] Safepoint "Cleanup", Time since last: 1000211994 ns, Reaching safepoint: 62926 ns, At safepoint: 8717 ns, Total: 71643 ns
[2022-06-09T06:18:10.348+0000][6][safepoint   ] Safepoint "Cleanup", Time since last: 13001419989 ns, Reaching safepoint: 38645 ns, At safepoint: 4604 ns, Total: 43249 ns
[2022-06-09T06:18:19.350+0000][6][safepoint   ] Safepoint "Cleanup", Time since last: 9001084832 ns, Reaching safepoint: 39270 ns, At safepoint: 5079 ns, Total: 44349 ns
[2022-06-09T06:18:41.352+0000][6][safepoint   ] Safepoint "Cleanup", Time since last: 22002638424 ns, Reaching safepoint: 39021 ns, At safepoint: 4892 ns, Total: 43913 ns
[2022-06-09T06:18:42.352+0000][6][safepoint   ] Safepoint "Cleanup", Time since last: 1000187156 ns, Reaching safepoint: 57956 ns, At safepoint: 20371 ns, Total: 78327 ns
[2022-06-09T06:18:49.353+0000][6][safepoint   ] Safepoint "Cleanup", Time since last: 7000841040 ns, Reaching safepoint: 44930 ns, At safepoint: 5035 ns, Total: 49965 ns
[2022-06-09T06:18:51.354+0000][6][safepoint   ] Safepoint "Cleanup", Time since last: 2000357735 ns, Reaching safepoint: 84247 ns, At safepoint: 4226 ns, Total: 88473 ns
[2022-06-09T06:18:53.354+0000][6][safepoint   ] Safepoint "Cleanup", Time since last: 2000297255 ns, Reaching safepoint: 39427 ns, At safepoint: 5035 ns, Total: 44462 ns
[2022-06-09T06:19:21.357+0000][6][safepoint   ] Safepoint "Cleanup", Time since last: 28003220477 ns, Reaching safepoint: 44901 ns, At safepoint: 4579 ns, Total: 49480 ns
[2022-06-09T06:19:51.361+0000][6][safepoint   ] Safepoint "Cleanup", Time since last: 30003141940 ns, Reaching safepoint: 40555 ns, At safepoint: 5015 ns, Total: 45570 ns
[2022-06-09T06:20:05.362+0000][6][safepoint   ] Safepoint "Cleanup", Time since last: 14001550572 ns, Reaching safepoint: 36492 ns, At safepoint: 4733 ns, Total: 41225 ns
[2022-06-09T06:20:19.364+0000][6][safepoint   ] Safepoint "Cleanup", Time since last: 14001594365 ns, Reaching safepoint: 45365 ns, At safepoint: 4730 ns, Total: 50095 ns
[2022-06-09T06:20:34.366+0000][6][safepoint   ] Safepoint "Cleanup", Time since last: 15001648270 ns, Reaching safepoint: 40367 ns, At safepoint: 4816 ns, Total: 45183 ns
[2022-06-09T06:20:39.367+0000][6][safepoint   ] Safepoint "Cleanup", Time since last: 5001398976 ns, Reaching safepoint: 41318 ns, At safepoint: 5132 ns, Total: 46450 ns
[2022-06-09T06:20:59.369+0000][6][safepoint   ] Safepoint "Cleanup", Time since last: 20002208328 ns, Reaching safepoint: 67185 ns, At safepoint: 4699 ns, Total: 71884 ns
[2022-06-09T06:21:50.375+0000][6][safepoint   ] Safepoint "Cleanup", Time since last: 51005693252 ns, Reaching safepoint: 35849 ns, At safepoint: 4443 ns, Total: 40292 ns
[2022-06-09T06:22:22.379+0000][6][safepoint   ] Safepoint "Cleanup", Time since last: 32003457931 ns, Reaching safepoint: 37469 ns, At safepoint: 4642 ns, Total: 42111 ns
[2022-06-09T06:22:24.379+0000][6][safepoint   ] Safepoint "Cleanup", Time since last: 2000300920 ns, Reaching safepoint: 41669 ns, At safepoint: 4592 ns, Total: 46261 ns
[2022-06-09T06:22:27.091+0000][6][gc,start    ] GC(39) Pause Young (Normal) (G1 Evacuation Pause)
[2022-06-09T06:22:27.091+0000][6][gc,task     ] GC(39) Using 1 workers of 1 for evacuation
[2022-06-09T06:22:27.091+0000][6][gc,age      ] GC(39) Desired survivor size 8388608 bytes, new threshold 15 (max threshold 15)
[2022-06-09T06:22:27.104+0000][6][gc,phases   ] GC(39)   Pre Evacuate Collection Set: 0.0ms
[2022-06-09T06:22:27.104+0000][6][gc,phases   ] GC(39)   Merge Heap Roots: 0.1ms
[2022-06-09T06:22:27.104+0000][6][gc,phases   ] GC(39)   Evacuate Collection Set: 11.8ms
[2022-06-09T06:22:27.104+0000][6][gc,phases   ] GC(39)   Post Evacuate Collection Set: 1.1ms
[2022-06-09T06:22:27.104+0000][6][gc,phases   ] GC(39)   Other: 0.1ms
[2022-06-09T06:22:27.104+0000][6][gc,age      ] GC(39) Age table with threshold 15 (max threshold 15)
[2022-06-09T06:22:27.104+0000][6][gc,age      ] GC(39) - age   1:      11520 bytes,      11520 total
[2022-06-09T06:22:27.104+0000][6][gc,age      ] GC(39) - age   2:       5808 bytes,      17328 total
[2022-06-09T06:22:27.104+0000][6][gc,age      ] GC(39) - age   3:      34840 bytes,      52168 total
[2022-06-09T06:22:27.104+0000][6][gc,age      ] GC(39) - age   4:       3328 bytes,      55496 total
[2022-06-09T06:22:27.104+0000][6][gc,age      ] GC(39) - age   5:      17952 bytes,      73448 total
[2022-06-09T06:22:27.104+0000][6][gc,age      ] GC(39) - age   6:      10384 bytes,      83832 total
[2022-06-09T06:22:27.104+0000][6][gc,age      ] GC(39) - age   7:     944352 bytes,    1028184 total
[2022-06-09T06:22:27.104+0000][6][gc,age      ] GC(39) - age   8:     584728 bytes,    1612912 total
[2022-06-09T06:22:27.104+0000][6][gc,age      ] GC(39) - age   9:    2625200 bytes,    4238112 total
[2022-06-09T06:22:27.104+0000][6][gc,heap     ] GC(39) Eden regions: 28->0(28)
[2022-06-09T06:22:27.104+0000][6][gc,heap     ] GC(39) Survivor regions: 2->2(4)
[2022-06-09T06:22:27.104+0000][6][gc,heap     ] GC(39) Old regions: 18->18
[2022-06-09T06:22:27.104+0000][6][gc,heap     ] GC(39) Archive regions: 2->2
[2022-06-09T06:22:27.104+0000][6][gc,heap     ] GC(39) Humongous regions: 2->2
[2022-06-09T06:22:27.104+0000][6][gc,metaspace] GC(39) Metaspace: 101173K(105920K)->101173K(105920K) NonClass: 87521K(90432K)->87521K(90432K) Class: 13651K(15488K)->13651K(15488K)
[2022-06-09T06:22:27.104+0000][6][gc          ] GC(39) Pause Young (Normal) (G1 Evacuation Pause) 199M->87M(256M) 13.349ms
[2022-06-09T06:22:27.104+0000][6][gc,cpu      ] GC(39) User=0.01s Sys=0.00s Real=0.01s
[2022-06-09T06:22:27.105+0000][6][safepoint   ] Safepoint "G1CollectForAllocation", Time since last: 2712217564 ns, Reaching safepoint: 24370 ns, At safepoint: 13401158 ns, Total: 13425528 ns
[2022-06-09T06:22:53.108+0000][6][safepoint   ] Safepoint "Cleanup", Time since last: 26003849257 ns, Reaching safepoint: 44812 ns, At safepoint: 5095 ns, Total: 49907 ns
[2022-06-09T06:23:02.111+0000][6][safepoint   ] Safepoint "Cleanup", Time since last: 9002086692 ns, Reaching safepoint: 39722 ns, At safepoint: 4436 ns, Total: 44158 ns
[2022-06-09T06:23:28.114+0000][6][safepoint   ] Safepoint "Cleanup", Time since last: 26003041208 ns, Reaching safepoint: 36897 ns, At safepoint: 26929 ns, Total: 63826 ns
[2022-06-09T06:23:49.116+0000][6][safepoint   ] Safepoint "Cleanup", Time since last: 21002260299 ns, Reaching safepoint: 39558 ns, At safepoint: 4712 ns, Total: 44270 ns
[2022-06-09T06:24:12.120+0000][6][safepoint   ] Safepoint "Cleanup", Time since last: 23004185355 ns, Reaching safepoint: 40551 ns, At safepoint: 4827 ns, Total: 45378 ns
[2022-06-09T06:24:19.121+0000][6][safepoint   ] Safepoint "Cleanup", Time since last: 7000841682 ns, Reaching safepoint: 37137 ns, At safepoint: 4864 ns, Total: 42001 ns
[2022-06-09T06:24:30.123+0000][6][safepoint   ] Safepoint "Cleanup", Time since last: 11002329948 ns, Reaching safepoint: 39203 ns, At safepoint: 4715 ns, Total: 43918 ns
[2022-06-09T06:24:58.127+0000][6][safepoint   ] Safepoint "Cleanup", Time since last: 28003080023 ns, Reaching safepoint: 42911 ns, At safepoint: 4982 ns, Total: 47893 ns
[2022-06-09T06:25:19.129+0000][6][safepoint   ] Safepoint "Cleanup", Time since last: 21002454352 ns, Reaching safepoint: 39436 ns, At safepoint: 29507 ns, Total: 68943 ns
[2022-06-09T06:25:26.130+0000][6][safepoint   ] Safepoint "Cleanup", Time since last: 7000779513 ns, Reaching safepoint: 37030 ns, At safepoint: 4439 ns, Total: 41469 ns
[2022-06-09T06:26:27.137+0000][6][safepoint   ] Safepoint "Cleanup", Time since last: 61007243556 ns, Reaching safepoint: 60099 ns, At safepoint: 4934 ns, Total: 65033 ns
[2022-06-09T06:26:43.139+0000][6][safepoint   ] Safepoint "Cleanup", Time since last: 16001759633 ns, Reaching safepoint: 42761 ns, At safepoint: 4880 ns, Total: 47641 ns
[2022-06-09T06:26:57.141+0000][6][safepoint   ] Safepoint "Cleanup", Time since last: 14001692871 ns, Reaching safepoint: 39673 ns, At safepoint: 4819 ns, Total: 44492 ns
[2022-06-09T06:27:46.117+0000][6][gc,start    ] GC(40) Pause Young (Concurrent Start) (G1 Evacuation Pause)
[2022-06-09T06:27:46.117+0000][6][gc,task     ] GC(40) Using 1 workers of 1 for evacuation
[2022-06-09T06:27:46.117+0000][6][gc,age      ] GC(40) Desired survivor size 8388608 bytes, new threshold 15 (max threshold 15)
[2022-06-09T06:27:46.130+0000][6][gc,phases   ] GC(40)   Pre Evacuate Collection Set: 0.2ms
[2022-06-09T06:27:46.130+0000][6][gc,phases   ] GC(40)   Merge Heap Roots: 0.1ms
[2022-06-09T06:27:46.130+0000][6][gc,phases   ] GC(40)   Evacuate Collection Set: 11.9ms
[2022-06-09T06:27:46.130+0000][6][gc,phases   ] GC(40)   Post Evacuate Collection Set: 1.1ms
[2022-06-09T06:27:46.130+0000][6][gc,phases   ] GC(40)   Other: 0.1ms
[2022-06-09T06:27:46.130+0000][6][gc,age      ] GC(40) Age table with threshold 15 (max threshold 15)
[2022-06-09T06:27:46.130+0000][6][gc,age      ] GC(40) - age   1:      17328 bytes,      17328 total
[2022-06-09T06:27:46.130+0000][6][gc,age      ] GC(40) - age   2:       1848 bytes,      19176 total
[2022-06-09T06:27:46.130+0000][6][gc,age      ] GC(40) - age   3:       5408 bytes,      24584 total
[2022-06-09T06:27:46.130+0000][6][gc,age      ] GC(40) - age   4:      34840 bytes,      59424 total
[2022-06-09T06:27:46.130+0000][6][gc,age      ] GC(40) - age   5:       3328 bytes,      62752 total
[2022-06-09T06:27:46.130+0000][6][gc,age      ] GC(40) - age   6:      17952 bytes,      80704 total
[2022-06-09T06:27:46.130+0000][6][gc,age      ] GC(40) - age   7:      10384 bytes,      91088 total
[2022-06-09T06:27:46.130+0000][6][gc,age      ] GC(40) - age   8:     944352 bytes,    1035440 total
[2022-06-09T06:27:46.130+0000][6][gc,age      ] GC(40) - age   9:     584728 bytes,    1620168 total
[2022-06-09T06:27:46.130+0000][6][gc,age      ] GC(40) - age  10:    2625200 bytes,    4245368 total
[2022-06-09T06:27:46.130+0000][6][gc,heap     ] GC(40) Eden regions: 28->0(28)
[2022-06-09T06:27:46.130+0000][6][gc,heap     ] GC(40) Survivor regions: 2->2(4)
[2022-06-09T06:27:46.130+0000][6][gc,heap     ] GC(40) Old regions: 18->18
[2022-06-09T06:27:46.130+0000][6][gc,heap     ] GC(40) Archive regions: 2->2
[2022-06-09T06:27:46.130+0000][6][gc,heap     ] GC(40) Humongous regions: 2->2
[2022-06-09T06:27:46.130+0000][6][gc,metaspace] GC(40) Metaspace: 101181K(105920K)->101181K(105920K) NonClass: 87530K(90432K)->87530K(90432K) Class: 13651K(15488K)->13651K(15488K)
[2022-06-09T06:27:46.131+0000][6][gc          ] GC(40) Pause Young (Concurrent Start) (G1 Evacuation Pause) 199M->87M(256M) 13.719ms
[2022-06-09T06:27:46.131+0000][6][gc,cpu      ] GC(40) User=0.01s Sys=0.00s Real=0.01s
[2022-06-09T06:27:46.131+0000][6][safepoint   ] Safepoint "G1CollectForAllocation", Time since last: 48975995817 ns, Reaching safepoint: 26001 ns, At safepoint: 13786407 ns, Total: 13812408 ns
[2022-06-09T06:27:46.131+0000][6][gc          ] GC(41) Concurrent Mark Cycle
[2022-06-09T06:27:46.131+0000][6][gc,marking  ] GC(41) Concurrent Clear Claimed Marks
[2022-06-09T06:27:46.131+0000][6][gc,marking  ] GC(41) Concurrent Clear Claimed Marks 0.120ms
[2022-06-09T06:27:46.131+0000][6][gc,marking  ] GC(41) Concurrent Scan Root Regions
[2022-06-09T06:27:46.137+0000][6][gc,marking  ] GC(41) Concurrent Scan Root Regions 6.572ms
[2022-06-09T06:27:46.137+0000][6][gc,marking  ] GC(41) Concurrent Mark
[2022-06-09T06:27:46.137+0000][6][gc,marking  ] GC(41) Concurrent Mark From Roots
[2022-06-09T06:27:46.137+0000][6][gc,task     ] GC(41) Using 1 workers of 1 for marking
[2022-06-09T06:27:46.245+0000][6][gc,marking  ] GC(41) Concurrent Mark From Roots 107.601ms
[2022-06-09T06:27:46.245+0000][6][gc,marking  ] GC(41) Concurrent Preclean
[2022-06-09T06:27:46.245+0000][6][gc,marking  ] GC(41) Concurrent Preclean 0.134ms
[2022-06-09T06:27:46.245+0000][6][gc,start    ] GC(41) Pause Remark
[2022-06-09T06:27:46.258+0000][6][gc          ] GC(41) Pause Remark 90M->90M(256M) 12.779ms
[2022-06-09T06:27:46.258+0000][6][gc,cpu      ] GC(41) User=0.01s Sys=0.00s Real=0.02s
[2022-06-09T06:27:46.258+0000][6][safepoint   ] Safepoint "G1Concurrent", Time since last: 114579461 ns, Reaching safepoint: 22844 ns, At safepoint: 12853421 ns, Total: 12876265 ns
[2022-06-09T06:27:46.258+0000][6][gc,marking  ] GC(41) Concurrent Mark 120.717ms
[2022-06-09T06:27:46.258+0000][6][gc,marking  ] GC(41) Concurrent Rebuild Remembered Sets
[2022-06-09T06:27:46.316+0000][6][gc,marking  ] GC(41) Concurrent Rebuild Remembered Sets 57.686ms
[2022-06-09T06:27:46.316+0000][6][gc,start    ] GC(41) Pause Cleanup
[2022-06-09T06:27:46.316+0000][6][gc          ] GC(41) Pause Cleanup 90M->90M(256M) 0.052ms
[2022-06-09T06:27:46.316+0000][6][gc,cpu      ] GC(41) User=0.00s Sys=0.00s Real=0.00s
[2022-06-09T06:27:46.316+0000][6][safepoint   ] Safepoint "G1Concurrent", Time since last: 57787036 ns, Reaching safepoint: 23875 ns, At safepoint: 86581 ns, Total: 110456 ns
[2022-06-09T06:27:46.316+0000][6][gc,marking  ] GC(41) Concurrent Cleanup for Next Mark
[2022-06-09T06:27:46.317+0000][6][gc,marking  ] GC(41) Concurrent Cleanup for Next Mark 0.655ms
[2022-06-09T06:27:46.317+0000][6][gc          ] GC(41) Concurrent Mark Cycle 186.021ms
[2022-06-09T06:27:49.316+0000][6][safepoint   ] Safepoint "Cleanup", Time since last: 3000356770 ns, Reaching safepoint: 39859 ns, At safepoint: 4861 ns, Total: 44720 ns
[2022-06-09T06:28:12.320+0000][6][safepoint   ] Safepoint "Cleanup", Time since last: 23003670441 ns, Reaching safepoint: 40884 ns, At safepoint: 4496 ns, Total: 45380 ns
[2022-06-09T06:28:16.321+0000][6][safepoint   ] Safepoint "Cleanup", Time since last: 4000454141 ns, Reaching safepoint: 35457 ns, At safepoint: 4591 ns, Total: 40048 ns
[2022-06-09T06:28:18.321+0000][6][safepoint   ] Safepoint "Cleanup", Time since last: 2000235007 ns, Reaching safepoint: 38561 ns, At safepoint: 4437 ns, Total: 42998 ns
[2022-06-09T06:28:19.321+0000][6][safepoint   ] Safepoint "Cleanup", Time since last: 1000138436 ns, Reaching safepoint: 46853 ns, At safepoint: 4882 ns, Total: 51735 ns
[2022-06-09T06:28:32.323+0000][6][safepoint   ] Safepoint "Cleanup", Time since last: 13001597169 ns, Reaching safepoint: 38849 ns, At safepoint: 4936 ns, Total: 43785 ns
[2022-06-09T06:28:39.324+0000][6][safepoint   ] Safepoint "Cleanup", Time since last: 7000834230 ns, Reaching safepoint: 39823 ns, At safepoint: 31052 ns, Total: 70875 ns
[2022-06-09T06:30:10.336+0000][6][safepoint   ] Safepoint "Cleanup", Time since last: 91011948117 ns, Reaching safepoint: 38276 ns, At safepoint: 4566 ns, Total: 42842 ns
[2022-06-09T06:30:14.336+0000][6][safepoint   ] Safepoint "Cleanup", Time since last: 4000367954 ns, Reaching safepoint: 33038 ns, At safepoint: 4549 ns, Total: 37587 ns
[2022-06-09T06:31:11.342+0000][6][safepoint   ] Safepoint "Cleanup", Time since last: 57005964389 ns, Reaching safepoint: 30985 ns, At safepoint: 4319 ns, Total: 35304 ns
[2022-06-09T06:31:16.343+0000][6][safepoint   ] Safepoint "Cleanup", Time since last: 5000557453 ns, Reaching safepoint: 32607 ns, At safepoint: 4651 ns, Total: 37258 ns
[2022-06-09T06:31:19.343+0000][6][safepoint   ] Safepoint "Cleanup", Time since last: 3000398926 ns, Reaching safepoint: 49823 ns, At safepoint: 9253 ns, Total: 59076 ns
[2022-06-09T06:31:23.344+0000][6][safepoint   ] Safepoint "Cleanup", Time since last: 4000599477 ns, Reaching safepoint: 45292 ns, At safepoint: 4929 ns, Total: 50221 ns
[2022-06-09T06:32:05.348+0000][6][safepoint   ] Safepoint "Cleanup", Time since last: 42004559980 ns, Reaching safepoint: 29970 ns, At safepoint: 4507 ns, Total: 34477 ns
[2022-06-09T06:32:17.349+0000][6][safepoint   ] Safepoint "Cleanup", Time since last: 12001202689 ns, Reaching safepoint: 33818 ns, At safepoint: 4878 ns, Total: 38696 ns
[2022-06-09T06:32:58.416+0000][6][gc,start    ] GC(42) Pause Young (Normal) (G1 Evacuation Pause)
[2022-06-09T06:32:58.416+0000][6][gc,task     ] GC(42) Using 1 workers of 1 for evacuation
[2022-06-09T06:32:58.416+0000][6][gc,age      ] GC(42) Desired survivor size 8388608 bytes, new threshold 15 (max threshold 15)
[2022-06-09T06:32:58.429+0000][6][gc,phases   ] GC(42)   Pre Evacuate Collection Set: 0.1ms
[2022-06-09T06:32:58.429+0000][6][gc,phases   ] GC(42)   Merge Heap Roots: 0.1ms
[2022-06-09T06:32:58.429+0000][6][gc,phases   ] GC(42)   Evacuate Collection Set: 11.7ms
[2022-06-09T06:32:58.429+0000][6][gc,phases   ] GC(42)   Post Evacuate Collection Set: 1.1ms
[2022-06-09T06:32:58.429+0000][6][gc,phases   ] GC(42)   Other: 0.1ms
[2022-06-09T06:32:58.429+0000][6][gc,age      ] GC(42) Age table with threshold 15 (max threshold 15)
[2022-06-09T06:32:58.429+0000][6][gc,age      ] GC(42) - age   1:      14552 bytes,      14552 total
[2022-06-09T06:32:58.429+0000][6][gc,age      ] GC(42) - age   2:       9784 bytes,      24336 total
[2022-06-09T06:32:58.429+0000][6][gc,age      ] GC(42) - age   3:       1648 bytes,      25984 total
[2022-06-09T06:32:58.429+0000][6][gc,age      ] GC(42) - age   4:       5224 bytes,      31208 total
[2022-06-09T06:32:58.429+0000][6][gc,age      ] GC(42) - age   5:      34840 bytes,      66048 total
[2022-06-09T06:32:58.429+0000][6][gc,age      ] GC(42) - age   6:       3328 bytes,      69376 total
[2022-06-09T06:32:58.429+0000][6][gc,age      ] GC(42) - age   7:      17808 bytes,      87184 total
[2022-06-09T06:32:58.429+0000][6][gc,age      ] GC(42) - age   8:      10384 bytes,      97568 total
[2022-06-09T06:32:58.429+0000][6][gc,age      ] GC(42) - age   9:     944352 bytes,    1041920 total
[2022-06-09T06:32:58.429+0000][6][gc,age      ] GC(42) - age  10:     584728 bytes,    1626648 total
[2022-06-09T06:32:58.429+0000][6][gc,age      ] GC(42) - age  11:    2625200 bytes,    4251848 total
[2022-06-09T06:32:58.429+0000][6][gc,heap     ] GC(42) Eden regions: 28->0(28)
[2022-06-09T06:32:58.429+0000][6][gc,heap     ] GC(42) Survivor regions: 2->2(4)
[2022-06-09T06:32:58.429+0000][6][gc,heap     ] GC(42) Old regions: 18->18
[2022-06-09T06:32:58.429+0000][6][gc,heap     ] GC(42) Archive regions: 2->2
[2022-06-09T06:32:58.429+0000][6][gc,heap     ] GC(42) Humongous regions: 2->2
[2022-06-09T06:32:58.429+0000][6][gc,metaspace] GC(42) Metaspace: 101208K(105920K)->101208K(105920K) NonClass: 87557K(90432K)->87557K(90432K) Class: 13651K(15488K)->13651K(15488K)
[2022-06-09T06:32:58.429+0000][6][gc          ] GC(42) Pause Young (Normal) (G1 Evacuation Pause) 199M->87M(256M) 13.299ms
[2022-06-09T06:32:58.429+0000][6][gc,cpu      ] GC(42) User=0.01s Sys=0.00s Real=0.01s
[2022-06-09T06:32:58.429+0000][6][safepoint   ] Safepoint "G1CollectForAllocation", Time since last: 41066563478 ns, Reaching safepoint: 26104 ns, At safepoint: 13353271 ns, Total: 13379375 ns
[2022-06-09T06:33:09.431+0000][6][safepoint   ] Safepoint "Cleanup", Time since last: 11001188572 ns, Reaching safepoint: 43000 ns, At safepoint: 4948 ns, Total: 47948 ns
[2022-06-09T06:33:52.436+0000][6][safepoint   ] Safepoint "Cleanup", Time since last: 43004991834 ns, Reaching safepoint: 53891 ns, At safepoint: 20467 ns, Total: 74358 ns
[2022-06-09T06:34:23.199+0000][6][safepoint   ] Safepoint "Cleanup", Time since last: 30763384036 ns, Reaching safepoint: 179075 ns, At safepoint: 8010 ns, Total: 187085 ns
[2022-06-09T06:34:23.405+0000][6][gc,heap,exit] Heap
[2022-06-09T06:34:23.405+0000][6][gc,heap,exit]  garbage-first heap   total 262144K, used 128867K [0x00000000f0000000, 0x0000000100000000)
[2022-06-09T06:34:23.405+0000][6][gc,heap,exit]   region size 4096K, 12 young (49152K), 2 survivors (8192K)
[2022-06-09T06:34:23.405+0000][6][gc,heap,exit]  Metaspace       used 101375K, committed 105920K, reserved 1179648K
[2022-06-09T06:34:23.405+0000][6][gc,heap,exit]   class space    used 13689K, committed 15488K, reserved 1048576K
