[2022-06-09T04:09:05.186+0000][141][gc,init] CardTable entry size: 512
[2022-06-09T04:09:05.192+0000][141][gc     ] Using G1
[2022-06-09T04:09:05.203+0000][141][gc,init] Version: 18.0.1.1+2-6 (release)
[2022-06-09T04:09:05.203+0000][141][gc,init] CPUs: 1 total, 1 available
[2022-06-09T04:09:05.204+0000][141][gc,init] Memory: 1974M
[2022-06-09T04:09:05.204+0000][141][gc,init] Large Page Support: Disabled
[2022-06-09T04:09:05.204+0000][141][gc,init] NUMA Support: Disabled
[2022-06-09T04:09:05.204+0000][141][gc,init] Compressed Oops: Enabled (32-bit)
[2022-06-09T04:09:05.204+0000][141][gc,init] Heap Region Size: 1M
[2022-06-09T04:09:05.204+0000][141][gc,init] Heap Min Capacity: 256M
[2022-06-09T04:09:05.204+0000][141][gc,init] Heap Initial Capacity: 256M
[2022-06-09T04:09:05.204+0000][141][gc,init] Heap Max Capacity: 256M
[2022-06-09T04:09:05.204+0000][141][gc,init] Pre-touch: Disabled
[2022-06-09T04:09:05.204+0000][141][gc,init] Parallel Workers: 1
[2022-06-09T04:09:05.204+0000][141][gc,init] Concurrent Workers: 1
[2022-06-09T04:09:05.204+0000][141][gc,init] Concurrent Refinement Workers: 1
[2022-06-09T04:09:05.204+0000][141][gc,init] Periodic GC: Disabled
[2022-06-09T04:09:05.204+0000][141][gc,metaspace] CDS archive(s) not mapped
[2022-06-09T04:09:05.204+0000][141][gc,metaspace] Compressed class space mapped at: 0x0000000100000000-0x0000000140000000, reserved size: 1073741824
[2022-06-09T04:09:05.204+0000][141][gc,metaspace] Narrow klass base: 0x0000000000000000, Narrow klass shift: 3, Narrow klass range: 0x140000000
[2022-06-09T04:09:05.720+0000][141][gc,heap,exit] Heap
[2022-06-09T04:09:05.720+0000][141][gc,heap,exit]  garbage-first heap   total 262144K, used 1517K [0x00000000f0000000, 0x0000000100000000)
[2022-06-09T04:09:05.720+0000][141][gc,heap,exit]   region size 1024K, 2 young (2048K), 0 survivors (0K)
[2022-06-09T04:09:05.720+0000][141][gc,heap,exit]  Metaspace       used 3531K, committed 3584K, reserved 1114112K
[2022-06-09T04:09:05.720+0000][141][gc,heap,exit]   class space    used 271K, committed 320K, reserved 1048576K
