[2022-06-30T11:47:48.774+0000][7][gc,init] CardTable entry size: 512
[2022-06-30T11:47:48.781+0000][7][gc     ] Using G1
[2022-06-30T11:47:49.063+0000][7][gc,init] Version: 18.0.1.1+2-6 (release)
[2022-06-30T11:47:49.063+0000][7][gc,init] CPUs: 1 total, 1 available
[2022-06-30T11:47:49.063+0000][7][gc,init] Memory: 1974M
[2022-06-30T11:47:49.063+0000][7][gc,init] Large Page Support: Disabled
[2022-06-30T11:47:49.063+0000][7][gc,init] NUMA Support: Disabled
[2022-06-30T11:47:49.063+0000][7][gc,init] Compressed Oops: Enabled (32-bit)
[2022-06-30T11:47:49.063+0000][7][gc,init] Heap Region Size: 4M
[2022-06-30T11:47:49.063+0000][7][gc,init] Heap Min Capacity: 256M
[2022-06-30T11:47:49.063+0000][7][gc,init] Heap Initial Capacity: 256M
[2022-06-30T11:47:49.063+0000][7][gc,init] Heap Max Capacity: 256M
[2022-06-30T11:47:49.063+0000][7][gc,init] Pre-touch: Enabled
[2022-06-30T11:47:49.063+0000][7][gc,init] Parallel Workers: 1
[2022-06-30T11:47:49.063+0000][7][gc,init] Concurrent Workers: 1
[2022-06-30T11:47:49.063+0000][7][gc,init] Concurrent Refinement Workers: 1
[2022-06-30T11:47:49.063+0000][7][gc,init] Periodic GC: Disabled
[2022-06-30T11:47:49.064+0000][7][gc,metaspace] CDS archive(s) mapped at: [0x0000000800000000-0x0000000800baf000-0x0000000800baf000), size 12251136, SharedBaseAddress: 0x0000000800000000, ArchiveRelocationMode: 0.
[2022-06-30T11:47:49.064+0000][7][gc,metaspace] Compressed class space mapped at: 0x0000000800c00000-0x0000000840c00000, reserved size: 1073741824
[2022-06-30T11:47:49.064+0000][7][gc,metaspace] Narrow klass base: 0x0000000800000000, Narrow klass shift: 0, Narrow klass range: 0x100000000
[2022-06-30T11:47:50.412+0000][7][gc,start    ] GC(0) Pause Young (Normal) (G1 Evacuation Pause)
[2022-06-30T11:47:50.413+0000][7][gc,task     ] GC(0) Using 1 workers of 1 for evacuation
[2022-06-30T11:47:50.413+0000][7][gc,age      ] GC(0) Desired survivor size 2097152 bytes, new threshold 15 (max threshold 15)
[2022-06-30T11:47:50.421+0000][7][gc,phases   ] GC(0)   Pre Evacuate Collection Set: 0.0ms
[2022-06-30T11:47:50.421+0000][7][gc,phases   ] GC(0)   Merge Heap Roots: 0.0ms
[2022-06-30T11:47:50.421+0000][7][gc,phases   ] GC(0)   Evacuate Collection Set: 7.7ms
[2022-06-30T11:47:50.421+0000][7][gc,phases   ] GC(0)   Post Evacuate Collection Set: 0.3ms
[2022-06-30T11:47:50.421+0000][7][gc,phases   ] GC(0)   Other: 0.1ms
[2022-06-30T11:47:50.421+0000][7][gc,age      ] GC(0) Age table with threshold 15 (max threshold 15)
[2022-06-30T11:47:50.421+0000][7][gc,age      ] GC(0) - age   1:    3171704 bytes,    3171704 total
[2022-06-30T11:47:50.421+0000][7][gc,heap     ] GC(0) Eden regions: 3->0(2)
[2022-06-30T11:47:50.421+0000][7][gc,heap     ] GC(0) Survivor regions: 0->1(1)
[2022-06-30T11:47:50.421+0000][7][gc,heap     ] GC(0) Old regions: 0->0
[2022-06-30T11:47:50.421+0000][7][gc,heap     ] GC(0) Archive regions: 2->2
[2022-06-30T11:47:50.421+0000][7][gc,heap     ] GC(0) Humongous regions: 0->0
[2022-06-30T11:47:50.421+0000][7][gc,metaspace] GC(0) Metaspace: 4744K(4864K)->4744K(4864K) NonClass: 4266K(4352K)->4266K(4352K) Class: 478K(512K)->478K(512K)
[2022-06-30T11:47:50.421+0000][7][gc          ] GC(0) Pause Young (Normal) (G1 Evacuation Pause) 15M->6M(256M) 8.319ms
[2022-06-30T11:47:50.421+0000][7][gc,cpu      ] GC(0) User=0.01s Sys=0.00s Real=0.01s
[2022-06-30T11:47:50.421+0000][7][safepoint   ] Safepoint "G1CollectForAllocation", Time since last: 1332241110 ns, Reaching safepoint: 91754 ns, At safepoint: 8364220 ns, Total: 8455974 ns
[2022-06-30T11:47:51.589+0000][7][gc,start    ] GC(1) Pause Young (Normal) (G1 Evacuation Pause)
[2022-06-30T11:47:51.589+0000][7][gc,task     ] GC(1) Using 1 workers of 1 for evacuation
[2022-06-30T11:47:51.589+0000][7][gc,age      ] GC(1) Desired survivor size 2097152 bytes, new threshold 1 (max threshold 15)
[2022-06-30T11:47:51.609+0000][7][gc,phases   ] GC(1)   Pre Evacuate Collection Set: 0.0ms
[2022-06-30T11:47:51.609+0000][7][gc,phases   ] GC(1)   Merge Heap Roots: 0.0ms
[2022-06-30T11:47:51.609+0000][7][gc,phases   ] GC(1)   Evacuate Collection Set: 19.2ms
[2022-06-30T11:47:51.609+0000][7][gc,phases   ] GC(1)   Post Evacuate Collection Set: 0.4ms
[2022-06-30T11:47:51.609+0000][7][gc,phases   ] GC(1)   Other: 0.1ms
[2022-06-30T11:47:51.609+0000][7][gc,age      ] GC(1) Age table with threshold 1 (max threshold 15)
[2022-06-30T11:47:51.609+0000][7][gc,age      ] GC(1) - age   1:    1088992 bytes,    1088992 total
[2022-06-30T11:47:51.609+0000][7][gc,heap     ] GC(1) Eden regions: 2->0(2)
[2022-06-30T11:47:51.609+0000][7][gc,heap     ] GC(1) Survivor regions: 1->1(1)
[2022-06-30T11:47:51.609+0000][7][gc,heap     ] GC(1) Old regions: 0->1
[2022-06-30T11:47:51.609+0000][7][gc,heap     ] GC(1) Archive regions: 2->2
[2022-06-30T11:47:51.609+0000][7][gc,heap     ] GC(1) Humongous regions: 0->0
[2022-06-30T11:47:51.609+0000][7][gc,metaspace] GC(1) Metaspace: 8131K(8320K)->8131K(8320K) NonClass: 7241K(7360K)->7241K(7360K) Class: 890K(960K)->890K(960K)
[2022-06-30T11:47:51.609+0000][7][gc          ] GC(1) Pause Young (Normal) (G1 Evacuation Pause) 14M->8M(256M) 19.937ms
[2022-06-30T11:47:51.609+0000][7][gc,cpu      ] GC(1) User=0.01s Sys=0.00s Real=0.02s
[2022-06-30T11:47:51.609+0000][7][safepoint   ] Safepoint "G1CollectForAllocation", Time since last: 1168288331 ns, Reaching safepoint: 79767 ns, At safepoint: 19981130 ns, Total: 20060897 ns
[2022-06-30T11:47:52.145+0000][7][gc,start    ] GC(2) Pause Young (Normal) (G1 Evacuation Pause)
[2022-06-30T11:47:52.145+0000][7][gc,task     ] GC(2) Using 1 workers of 1 for evacuation
[2022-06-30T11:47:52.145+0000][7][gc,age      ] GC(2) Desired survivor size 2097152 bytes, new threshold 15 (max threshold 15)
[2022-06-30T11:47:52.155+0000][7][gc,phases   ] GC(2)   Pre Evacuate Collection Set: 0.0ms
[2022-06-30T11:47:52.155+0000][7][gc,phases   ] GC(2)   Merge Heap Roots: 0.0ms
[2022-06-30T11:47:52.155+0000][7][gc,phases   ] GC(2)   Evacuate Collection Set: 9.0ms
[2022-06-30T11:47:52.155+0000][7][gc,phases   ] GC(2)   Post Evacuate Collection Set: 0.3ms
[2022-06-30T11:47:52.155+0000][7][gc,phases   ] GC(2)   Other: 0.1ms
[2022-06-30T11:47:52.155+0000][7][gc,age      ] GC(2) Age table with threshold 15 (max threshold 15)
[2022-06-30T11:47:52.155+0000][7][gc,age      ] GC(2) - age   1:     546600 bytes,     546600 total
[2022-06-30T11:47:52.155+0000][7][gc,age      ] GC(2) - age   2:    1056616 bytes,    1603216 total
[2022-06-30T11:47:52.155+0000][7][gc,heap     ] GC(2) Eden regions: 2->0(2)
[2022-06-30T11:47:52.155+0000][7][gc,heap     ] GC(2) Survivor regions: 1->1(1)
[2022-06-30T11:47:52.155+0000][7][gc,heap     ] GC(2) Old regions: 1->1
[2022-06-30T11:47:52.155+0000][7][gc,heap     ] GC(2) Archive regions: 2->2
[2022-06-30T11:47:52.155+0000][7][gc,heap     ] GC(2) Humongous regions: 0->0
[2022-06-30T11:47:52.155+0000][7][gc,metaspace] GC(2) Metaspace: 9746K(10048K)->9746K(10048K) NonClass: 8593K(8768K)->8593K(8768K) Class: 1152K(1280K)->1152K(1280K)
[2022-06-30T11:47:52.155+0000][7][gc          ] GC(2) Pause Young (Normal) (G1 Evacuation Pause) 16M->8M(256M) 9.584ms
[2022-06-30T11:47:52.155+0000][7][gc,cpu      ] GC(2) User=0.00s Sys=0.00s Real=0.02s
[2022-06-30T11:47:52.155+0000][7][safepoint   ] Safepoint "G1CollectForAllocation", Time since last: 536126960 ns, Reaching safepoint: 57806 ns, At safepoint: 9624362 ns, Total: 9682168 ns
[2022-06-30T11:47:52.975+0000][7][gc,start    ] GC(3) Pause Young (Normal) (G1 Evacuation Pause)
[2022-06-30T11:47:52.975+0000][7][gc,task     ] GC(3) Using 1 workers of 1 for evacuation
[2022-06-30T11:47:52.975+0000][7][gc,age      ] GC(3) Desired survivor size 2097152 bytes, new threshold 15 (max threshold 15)
[2022-06-30T11:47:52.985+0000][7][gc,phases   ] GC(3)   Pre Evacuate Collection Set: 0.0ms
[2022-06-30T11:47:52.985+0000][7][gc,phases   ] GC(3)   Merge Heap Roots: 0.0ms
[2022-06-30T11:47:52.985+0000][7][gc,phases   ] GC(3)   Evacuate Collection Set: 9.6ms
[2022-06-30T11:47:52.985+0000][7][gc,phases   ] GC(3)   Post Evacuate Collection Set: 0.3ms
[2022-06-30T11:47:52.985+0000][7][gc,phases   ] GC(3)   Other: 0.1ms
[2022-06-30T11:47:52.985+0000][7][gc,age      ] GC(3) Age table with threshold 15 (max threshold 15)
[2022-06-30T11:47:52.985+0000][7][gc,age      ] GC(3) - age   1:    1057280 bytes,    1057280 total
[2022-06-30T11:47:52.985+0000][7][gc,age      ] GC(3) - age   2:     527544 bytes,    1584824 total
[2022-06-30T11:47:52.985+0000][7][gc,age      ] GC(3) - age   3:    1055392 bytes,    2640216 total
[2022-06-30T11:47:52.985+0000][7][gc,heap     ] GC(3) Eden regions: 2->0(3)
[2022-06-30T11:47:52.985+0000][7][gc,heap     ] GC(3) Survivor regions: 1->1(1)
[2022-06-30T11:47:52.985+0000][7][gc,heap     ] GC(3) Old regions: 1->1
[2022-06-30T11:47:52.985+0000][7][gc,heap     ] GC(3) Archive regions: 2->2
[2022-06-30T11:47:52.985+0000][7][gc,heap     ] GC(3) Humongous regions: 0->0
[2022-06-30T11:47:52.985+0000][7][gc,metaspace] GC(3) Metaspace: 11288K(11584K)->11288K(11584K) NonClass: 9937K(10112K)->9937K(10112K) Class: 1351K(1472K)->1351K(1472K)
[2022-06-30T11:47:52.985+0000][7][gc          ] GC(3) Pause Young (Normal) (G1 Evacuation Pause) 16M->9M(256M) 10.269ms
[2022-06-30T11:47:52.985+0000][7][gc,cpu      ] GC(3) User=0.01s Sys=0.00s Real=0.00s
[2022-06-30T11:47:52.985+0000][7][safepoint   ] Safepoint "G1CollectForAllocation", Time since last: 819527409 ns, Reaching safepoint: 86317 ns, At safepoint: 10318662 ns, Total: 10404979 ns
[2022-06-30T11:47:53.966+0000][7][gc,start    ] GC(4) Pause Young (Normal) (G1 Evacuation Pause)
[2022-06-30T11:47:53.966+0000][7][gc,task     ] GC(4) Using 1 workers of 1 for evacuation
[2022-06-30T11:47:53.966+0000][7][gc,age      ] GC(4) Desired survivor size 2097152 bytes, new threshold 3 (max threshold 15)
[2022-06-30T11:47:53.999+0000][7][gc,phases   ] GC(4)   Pre Evacuate Collection Set: 0.0ms
[2022-06-30T11:47:53.999+0000][7][gc,phases   ] GC(4)   Merge Heap Roots: 0.0ms
[2022-06-30T11:47:53.999+0000][7][gc,phases   ] GC(4)   Evacuate Collection Set: 32.6ms
[2022-06-30T11:47:53.999+0000][7][gc,phases   ] GC(4)   Post Evacuate Collection Set: 0.5ms
[2022-06-30T11:47:53.999+0000][7][gc,phases   ] GC(4)   Other: 0.1ms
[2022-06-30T11:47:53.999+0000][7][gc,age      ] GC(4) Age table with threshold 3 (max threshold 15)
[2022-06-30T11:47:53.999+0000][7][gc,age      ] GC(4) - age   1:    1618320 bytes,    1618320 total
[2022-06-30T11:47:53.999+0000][7][gc,age      ] GC(4) - age   2:     979480 bytes,    2597800 total
[2022-06-30T11:47:53.999+0000][7][gc,age      ] GC(4) - age   3:     513328 bytes,    3111128 total
[2022-06-30T11:47:53.999+0000][7][gc,heap     ] GC(4) Eden regions: 3->0(4)
[2022-06-30T11:47:53.999+0000][7][gc,heap     ] GC(4) Survivor regions: 1->1(1)
[2022-06-30T11:47:53.999+0000][7][gc,heap     ] GC(4) Old regions: 1->1
[2022-06-30T11:47:53.999+0000][7][gc,heap     ] GC(4) Archive regions: 2->2
[2022-06-30T11:47:53.999+0000][7][gc,heap     ] GC(4) Humongous regions: 0->0
[2022-06-30T11:47:53.999+0000][7][gc,metaspace] GC(4) Metaspace: 13293K(13504K)->13293K(13504K) NonClass: 11726K(11840K)->11726K(11840K) Class: 1567K(1664K)->1567K(1664K)
[2022-06-30T11:47:53.999+0000][7][gc          ] GC(4) Pause Young (Normal) (G1 Evacuation Pause) 21M->11M(256M) 33.405ms
[2022-06-30T11:47:53.999+0000][7][gc,cpu      ] GC(4) User=0.02s Sys=0.00s Real=0.04s
[2022-06-30T11:47:53.999+0000][7][safepoint   ] Safepoint "G1CollectForAllocation", Time since last: 981000227 ns, Reaching safepoint: 106156 ns, At safepoint: 33459859 ns, Total: 33566015 ns
[2022-06-30T11:47:55.004+0000][7][safepoint   ] Safepoint "Cleanup", Time since last: 1000096965 ns, Reaching safepoint: 4067388 ns, At safepoint: 8398 ns, Total: 4075786 ns
[2022-06-30T11:47:55.068+0000][7][gc,start    ] GC(5) Pause Young (Normal) (G1 Evacuation Pause)
[2022-06-30T11:47:55.068+0000][7][gc,task     ] GC(5) Using 1 workers of 1 for evacuation
[2022-06-30T11:47:55.068+0000][7][gc,age      ] GC(5) Desired survivor size 2097152 bytes, new threshold 2 (max threshold 15)
[2022-06-30T11:47:55.091+0000][7][gc,phases   ] GC(5)   Pre Evacuate Collection Set: 2.2ms
[2022-06-30T11:47:55.091+0000][7][gc,phases   ] GC(5)   Merge Heap Roots: 0.0ms
[2022-06-30T11:47:55.091+0000][7][gc,phases   ] GC(5)   Evacuate Collection Set: 12.0ms
[2022-06-30T11:47:55.091+0000][7][gc,phases   ] GC(5)   Post Evacuate Collection Set: 8.3ms
[2022-06-30T11:47:55.091+0000][7][gc,phases   ] GC(5)   Other: 0.1ms
[2022-06-30T11:47:55.091+0000][7][gc,age      ] GC(5) Age table with threshold 2 (max threshold 15)
[2022-06-30T11:47:55.091+0000][7][gc,age      ] GC(5) - age   1:     531896 bytes,     531896 total
[2022-06-30T11:47:55.091+0000][7][gc,age      ] GC(5) - age   2:     998424 bytes,    1530320 total
[2022-06-30T11:47:55.091+0000][7][gc,heap     ] GC(5) Eden regions: 4->0(37)
[2022-06-30T11:47:55.091+0000][7][gc,heap     ] GC(5) Survivor regions: 1->1(1)
[2022-06-30T11:47:55.091+0000][7][gc,heap     ] GC(5) Old regions: 1->2
[2022-06-30T11:47:55.091+0000][7][gc,heap     ] GC(5) Archive regions: 2->2
[2022-06-30T11:47:55.091+0000][7][gc,heap     ] GC(5) Humongous regions: 0->0
[2022-06-30T11:47:55.091+0000][7][gc,metaspace] GC(5) Metaspace: 14874K(15232K)->14874K(15232K) NonClass: 13160K(13312K)->13160K(13312K) Class: 1714K(1920K)->1714K(1920K)
[2022-06-30T11:47:55.091+0000][7][gc          ] GC(5) Pause Young (Normal) (G1 Evacuation Pause) 27M->11M(256M) 22.822ms
[2022-06-30T11:47:55.091+0000][7][gc,cpu      ] GC(5) User=0.01s Sys=0.00s Real=0.02s
[2022-06-30T11:47:55.091+0000][7][safepoint   ] Safepoint "G1CollectForAllocation", Time since last: 64542786 ns, Reaching safepoint: 34679 ns, At safepoint: 22867252 ns, Total: 22901931 ns
[2022-06-30T11:47:56.091+0000][7][safepoint   ] Safepoint "Cleanup", Time since last: 1000103208 ns, Reaching safepoint: 161313 ns, At safepoint: 6018 ns, Total: 167331 ns
[2022-06-30T11:47:57.223+0000][7][safepoint   ] Safepoint "Cleanup", Time since last: 1124780765 ns, Reaching safepoint: 6414443 ns, At safepoint: 9248 ns, Total: 6423691 ns
[2022-06-30T11:47:58.223+0000][7][safepoint   ] Safepoint "Cleanup", Time since last: 1000123311 ns, Reaching safepoint: 234082 ns, At safepoint: 5086 ns, Total: 239168 ns
[2022-06-30T11:47:59.151+0000][7][gc,start    ] GC(6) Pause Young (Normal) (G1 Evacuation Pause)
[2022-06-30T11:47:59.151+0000][7][gc,task     ] GC(6) Using 1 workers of 1 for evacuation
[2022-06-30T11:47:59.151+0000][7][gc,age      ] GC(6) Desired survivor size 10485760 bytes, new threshold 15 (max threshold 15)
[2022-06-30T11:47:59.170+0000][7][gc,phases   ] GC(6)   Pre Evacuate Collection Set: 0.0ms
[2022-06-30T11:47:59.170+0000][7][gc,phases   ] GC(6)   Merge Heap Roots: 0.0ms
[2022-06-30T11:47:59.170+0000][7][gc,phases   ] GC(6)   Evacuate Collection Set: 18.4ms
[2022-06-30T11:47:59.170+0000][7][gc,phases   ] GC(6)   Post Evacuate Collection Set: 0.6ms
[2022-06-30T11:47:59.170+0000][7][gc,phases   ] GC(6)   Other: 0.1ms
[2022-06-30T11:47:59.170+0000][7][gc,age      ] GC(6) Age table with threshold 15 (max threshold 15)
[2022-06-30T11:47:59.170+0000][7][gc,age      ] GC(6) - age   1:    3870016 bytes,    3870016 total
[2022-06-30T11:47:59.170+0000][7][gc,age      ] GC(6) - age   2:     459624 bytes,    4329640 total
[2022-06-30T11:47:59.170+0000][7][gc,age      ] GC(6) - age   3:     998056 bytes,    5327696 total
[2022-06-30T11:47:59.170+0000][7][gc,heap     ] GC(6) Eden regions: 37->0(36)
[2022-06-30T11:47:59.170+0000][7][gc,heap     ] GC(6) Survivor regions: 1->2(5)
[2022-06-30T11:47:59.170+0000][7][gc,heap     ] GC(6) Old regions: 2->2
[2022-06-30T11:47:59.170+0000][7][gc,heap     ] GC(6) Archive regions: 2->2
[2022-06-30T11:47:59.170+0000][7][gc,heap     ] GC(6) Humongous regions: 0->0
[2022-06-30T11:47:59.170+0000][7][gc,metaspace] GC(6) Metaspace: 17821K(18176K)->17821K(18176K) NonClass: 15766K(15936K)->15766K(15936K) Class: 2054K(2240K)->2054K(2240K)
[2022-06-30T11:47:59.170+0000][7][gc          ] GC(6) Pause Young (Normal) (G1 Evacuation Pause) 159M->14M(256M) 19.411ms
[2022-06-30T11:47:59.170+0000][7][gc,cpu      ] GC(6) User=0.01s Sys=0.00s Real=0.02s
[2022-06-30T11:47:59.170+0000][7][safepoint   ] Safepoint "G1CollectForAllocation", Time since last: 927588670 ns, Reaching safepoint: 181985 ns, At safepoint: 19462031 ns, Total: 19644016 ns
[2022-06-30T11:48:00.175+0000][7][safepoint   ] Safepoint "Cleanup", Time since last: 1004365712 ns, Reaching safepoint: 174951 ns, At safepoint: 5047 ns, Total: 179998 ns
[2022-06-30T11:48:00.419+0000][7][gc,start    ] GC(7) Pause Young (Normal) (G1 Evacuation Pause)
[2022-06-30T11:48:00.419+0000][7][gc,task     ] GC(7) Using 1 workers of 1 for evacuation
[2022-06-30T11:48:00.419+0000][7][gc,age      ] GC(7) Desired survivor size 10485760 bytes, new threshold 15 (max threshold 15)
[2022-06-30T11:48:00.451+0000][7][gc,phases   ] GC(7)   Pre Evacuate Collection Set: 0.0ms
[2022-06-30T11:48:00.451+0000][7][gc,phases   ] GC(7)   Merge Heap Roots: 0.0ms
[2022-06-30T11:48:00.451+0000][7][gc,phases   ] GC(7)   Evacuate Collection Set: 29.6ms
[2022-06-30T11:48:00.451+0000][7][gc,phases   ] GC(7)   Post Evacuate Collection Set: 2.5ms
[2022-06-30T11:48:00.451+0000][7][gc,phases   ] GC(7)   Other: 0.1ms
[2022-06-30T11:48:00.451+0000][7][gc,age      ] GC(7) Age table with threshold 15 (max threshold 15)
[2022-06-30T11:48:00.451+0000][7][gc,age      ] GC(7) - age   1:    2160944 bytes,    2160944 total
[2022-06-30T11:48:00.451+0000][7][gc,age      ] GC(7) - age   2:    3842040 bytes,    6002984 total
[2022-06-30T11:48:00.451+0000][7][gc,age      ] GC(7) - age   3:     459424 bytes,    6462408 total
[2022-06-30T11:48:00.451+0000][7][gc,age      ] GC(7) - age   4:     997944 bytes,    7460352 total
[2022-06-30T11:48:00.451+0000][7][gc,heap     ] GC(7) Eden regions: 36->0(36)
[2022-06-30T11:48:00.451+0000][7][gc,heap     ] GC(7) Survivor regions: 2->2(5)
[2022-06-30T11:48:00.451+0000][7][gc,heap     ] GC(7) Old regions: 2->2
[2022-06-30T11:48:00.451+0000][7][gc,heap     ] GC(7) Archive regions: 2->2
[2022-06-30T11:48:00.451+0000][7][gc,heap     ] GC(7) Humongous regions: 0->0
[2022-06-30T11:48:00.451+0000][7][gc,metaspace] GC(7) Metaspace: 18472K(18880K)->18472K(18880K) NonClass: 16293K(16512K)->16293K(16512K) Class: 2179K(2368K)->2179K(2368K)
[2022-06-30T11:48:00.451+0000][7][gc          ] GC(7) Pause Young (Normal) (G1 Evacuation Pause) 158M->16M(256M) 32.382ms
[2022-06-30T11:48:00.451+0000][7][gc,cpu      ] GC(7) User=0.02s Sys=0.00s Real=0.03s
[2022-06-30T11:48:00.451+0000][7][safepoint   ] Safepoint "G1CollectForAllocation", Time since last: 243804956 ns, Reaching safepoint: 27935 ns, At safepoint: 32430316 ns, Total: 32458251 ns
[2022-06-30T11:48:01.451+0000][7][safepoint   ] Safepoint "Cleanup", Time since last: 1000096812 ns, Reaching safepoint: 153395 ns, At safepoint: 7057 ns, Total: 160452 ns
[2022-06-30T11:48:01.507+0000][7][gc,start    ] GC(8) Pause Young (Normal) (G1 Evacuation Pause)
[2022-06-30T11:48:01.507+0000][7][gc,task     ] GC(8) Using 1 workers of 1 for evacuation
[2022-06-30T11:48:01.507+0000][7][gc,age      ] GC(8) Desired survivor size 10485760 bytes, new threshold 15 (max threshold 15)
[2022-06-30T11:48:01.539+0000][7][gc,phases   ] GC(8)   Pre Evacuate Collection Set: 0.0ms
[2022-06-30T11:48:01.539+0000][7][gc,phases   ] GC(8)   Merge Heap Roots: 0.0ms
[2022-06-30T11:48:01.539+0000][7][gc,phases   ] GC(8)   Evacuate Collection Set: 31.1ms
[2022-06-30T11:48:01.539+0000][7][gc,phases   ] GC(8)   Post Evacuate Collection Set: 0.6ms
[2022-06-30T11:48:01.539+0000][7][gc,phases   ] GC(8)   Other: 0.1ms
[2022-06-30T11:48:01.539+0000][7][gc,age      ] GC(8) Age table with threshold 15 (max threshold 15)
[2022-06-30T11:48:01.539+0000][7][gc,age      ] GC(8) - age   1:    3936632 bytes,    3936632 total
[2022-06-30T11:48:01.539+0000][7][gc,age      ] GC(8) - age   2:    1049248 bytes,    4985880 total
[2022-06-30T11:48:01.539+0000][7][gc,age      ] GC(8) - age   3:    3841200 bytes,    8827080 total
[2022-06-30T11:48:01.539+0000][7][gc,age      ] GC(8) - age   4:     459424 bytes,    9286504 total
[2022-06-30T11:48:01.539+0000][7][gc,age      ] GC(8) - age   5:     997944 bytes,   10284448 total
[2022-06-30T11:48:01.539+0000][7][gc,heap     ] GC(8) Eden regions: 36->0(35)
[2022-06-30T11:48:01.539+0000][7][gc,heap     ] GC(8) Survivor regions: 2->3(5)
[2022-06-30T11:48:01.539+0000][7][gc,heap     ] GC(8) Old regions: 2->2
[2022-06-30T11:48:01.539+0000][7][gc,heap     ] GC(8) Archive regions: 2->2
[2022-06-30T11:48:01.539+0000][7][gc,heap     ] GC(8) Humongous regions: 0->0
[2022-06-30T11:48:01.539+0000][7][gc,metaspace] GC(8) Metaspace: 18922K(19328K)->18922K(19328K) NonClass: 16703K(16960K)->16703K(16960K) Class: 2219K(2368K)->2219K(2368K)
[2022-06-30T11:48:01.539+0000][7][gc          ] GC(8) Pause Young (Normal) (G1 Evacuation Pause) 160M->19M(256M) 32.116ms
[2022-06-30T11:48:01.539+0000][7][gc,cpu      ] GC(8) User=0.02s Sys=0.00s Real=0.03s
[2022-06-30T11:48:01.539+0000][7][safepoint   ] Safepoint "G1CollectForAllocation", Time since last: 55986792 ns, Reaching safepoint: 20294 ns, At safepoint: 32165958 ns, Total: 32186252 ns
[2022-06-30T11:48:02.540+0000][7][safepoint   ] Safepoint "Cleanup", Time since last: 1000134131 ns, Reaching safepoint: 156821 ns, At safepoint: 4830 ns, Total: 161651 ns
[2022-06-30T11:48:02.687+0000][7][gc,start    ] GC(9) Pause Young (Normal) (G1 Evacuation Pause)
[2022-06-30T11:48:02.687+0000][7][gc,task     ] GC(9) Using 1 workers of 1 for evacuation
[2022-06-30T11:48:02.687+0000][7][gc,age      ] GC(9) Desired survivor size 10485760 bytes, new threshold 15 (max threshold 15)
[2022-06-30T11:48:02.735+0000][7][gc,phases   ] GC(9)   Pre Evacuate Collection Set: 0.0ms
[2022-06-30T11:48:02.735+0000][7][gc,phases   ] GC(9)   Merge Heap Roots: 0.0ms
[2022-06-30T11:48:02.735+0000][7][gc,phases   ] GC(9)   Evacuate Collection Set: 40.5ms
[2022-06-30T11:48:02.735+0000][7][gc,phases   ] GC(9)   Post Evacuate Collection Set: 7.5ms
[2022-06-30T11:48:02.735+0000][7][gc,phases   ] GC(9)   Other: 0.1ms
[2022-06-30T11:48:02.735+0000][7][gc,age      ] GC(9) Age table with threshold 15 (max threshold 15)
[2022-06-30T11:48:02.735+0000][7][gc,age      ] GC(9) - age   1:    2792680 bytes,    2792680 total
[2022-06-30T11:48:02.735+0000][7][gc,age      ] GC(9) - age   2:    2464128 bytes,    5256808 total
[2022-06-30T11:48:02.735+0000][7][gc,age      ] GC(9) - age   3:    1049248 bytes,    6306056 total
[2022-06-30T11:48:02.735+0000][7][gc,age      ] GC(9) - age   4:    3841152 bytes,   10147208 total
[2022-06-30T11:48:02.735+0000][7][gc,age      ] GC(9) - age   5:     459424 bytes,   10606632 total
[2022-06-30T11:48:02.735+0000][7][gc,age      ] GC(9) - age   6:     997800 bytes,   11604432 total
[2022-06-30T11:48:02.735+0000][7][gc,heap     ] GC(9) Eden regions: 35->0(35)
[2022-06-30T11:48:02.735+0000][7][gc,heap     ] GC(9) Survivor regions: 3->3(5)
[2022-06-30T11:48:02.735+0000][7][gc,heap     ] GC(9) Old regions: 2->2
[2022-06-30T11:48:02.735+0000][7][gc,heap     ] GC(9) Archive regions: 2->2
[2022-06-30T11:48:02.735+0000][7][gc,heap     ] GC(9) Humongous regions: 0->0
[2022-06-30T11:48:02.735+0000][7][gc,metaspace] GC(9) Metaspace: 19534K(19968K)->19534K(19968K) NonClass: 17237K(17472K)->17237K(17472K) Class: 2297K(2496K)->2297K(2496K)
[2022-06-30T11:48:02.735+0000][7][gc          ] GC(9) Pause Young (Normal) (G1 Evacuation Pause) 159M->20M(256M) 48.366ms
[2022-06-30T11:48:02.735+0000][7][gc,cpu      ] GC(9) User=0.02s Sys=0.00s Real=0.05s
[2022-06-30T11:48:02.735+0000][7][safepoint   ] Safepoint "G1CollectForAllocation", Time since last: 146816117 ns, Reaching safepoint: 28897 ns, At safepoint: 48410686 ns, Total: 48439583 ns
[2022-06-30T11:48:03.683+0000][7][gc,start    ] GC(10) Pause Young (Normal) (G1 Evacuation Pause)
[2022-06-30T11:48:03.683+0000][7][gc,task     ] GC(10) Using 1 workers of 1 for evacuation
[2022-06-30T11:48:03.683+0000][7][gc,age      ] GC(10) Desired survivor size 10485760 bytes, new threshold 5 (max threshold 15)
[2022-06-30T11:48:03.707+0000][7][gc,phases   ] GC(10)   Pre Evacuate Collection Set: 0.0ms
[2022-06-30T11:48:03.707+0000][7][gc,phases   ] GC(10)   Merge Heap Roots: 0.0ms
[2022-06-30T11:48:03.707+0000][7][gc,phases   ] GC(10)   Evacuate Collection Set: 19.6ms
[2022-06-30T11:48:03.707+0000][7][gc,phases   ] GC(10)   Post Evacuate Collection Set: 4.7ms
[2022-06-30T11:48:03.707+0000][7][gc,phases   ] GC(10)   Other: 0.1ms
[2022-06-30T11:48:03.707+0000][7][gc,age      ] GC(10) Age table with threshold 5 (max threshold 15)
[2022-06-30T11:48:03.707+0000][7][gc,age      ] GC(10) - age   1:     702232 bytes,     702232 total
[2022-06-30T11:48:03.707+0000][7][gc,age      ] GC(10) - age   2:    1038728 bytes,    1740960 total
[2022-06-30T11:48:03.707+0000][7][gc,age      ] GC(10) - age   3:    2464128 bytes,    4205088 total
[2022-06-30T11:48:03.707+0000][7][gc,age      ] GC(10) - age   4:    1048304 bytes,    5253392 total
[2022-06-30T11:48:03.707+0000][7][gc,age      ] GC(10) - age   5:    3840736 bytes,    9094128 total
[2022-06-30T11:48:03.707+0000][7][gc,heap     ] GC(10) Eden regions: 35->0(35)
[2022-06-30T11:48:03.707+0000][7][gc,heap     ] GC(10) Survivor regions: 3->3(5)
[2022-06-30T11:48:03.707+0000][7][gc,heap     ] GC(10) Old regions: 2->2
[2022-06-30T11:48:03.707+0000][7][gc,heap     ] GC(10) Archive regions: 2->2
[2022-06-30T11:48:03.707+0000][7][gc,heap     ] GC(10) Humongous regions: 0->0
[2022-06-30T11:48:03.707+0000][7][gc,metaspace] GC(10) Metaspace: 19870K(20352K)->19870K(20352K) NonClass: 17519K(17792K)->17519K(17792K) Class: 2351K(2560K)->2351K(2560K)
[2022-06-30T11:48:03.707+0000][7][gc          ] GC(10) Pause Young (Normal) (G1 Evacuation Pause) 160M->20M(256M) 24.718ms
[2022-06-30T11:48:03.707+0000][7][gc,cpu      ] GC(10) User=0.01s Sys=0.00s Real=0.03s
[2022-06-30T11:48:03.707+0000][7][safepoint   ] Safepoint "G1CollectForAllocation", Time since last: 947560256 ns, Reaching safepoint: 32907 ns, At safepoint: 24772632 ns, Total: 24805539 ns
[2022-06-30T11:48:04.866+0000][7][gc,start    ] GC(11) Pause Young (Normal) (G1 Evacuation Pause)
[2022-06-30T11:48:04.866+0000][7][gc,task     ] GC(11) Using 1 workers of 1 for evacuation
[2022-06-30T11:48:04.866+0000][7][gc,age      ] GC(11) Desired survivor size 10485760 bytes, new threshold 15 (max threshold 15)
[2022-06-30T11:48:04.893+0000][7][gc,phases   ] GC(11)   Pre Evacuate Collection Set: 0.0ms
[2022-06-30T11:48:04.893+0000][7][gc,phases   ] GC(11)   Merge Heap Roots: 0.0ms
[2022-06-30T11:48:04.893+0000][7][gc,phases   ] GC(11)   Evacuate Collection Set: 26.4ms
[2022-06-30T11:48:04.893+0000][7][gc,phases   ] GC(11)   Post Evacuate Collection Set: 0.6ms
[2022-06-30T11:48:04.893+0000][7][gc,phases   ] GC(11)   Other: 0.1ms
[2022-06-30T11:48:04.893+0000][7][gc,age      ] GC(11) Age table with threshold 15 (max threshold 15)
[2022-06-30T11:48:04.893+0000][7][gc,age      ] GC(11) - age   1:    2358736 bytes,    2358736 total
[2022-06-30T11:48:04.893+0000][7][gc,age      ] GC(11) - age   2:     293104 bytes,    2651840 total
[2022-06-30T11:48:04.893+0000][7][gc,age      ] GC(11) - age   3:    1038696 bytes,    3690536 total
[2022-06-30T11:48:04.893+0000][7][gc,age      ] GC(11) - age   4:    2463056 bytes,    6153592 total
[2022-06-30T11:48:04.893+0000][7][gc,age      ] GC(11) - age   5:    1045448 bytes,    7199040 total
[2022-06-30T11:48:04.893+0000][7][gc,age      ] GC(11) - age   6:    3839520 bytes,   11038560 total
[2022-06-30T11:48:04.893+0000][7][gc,heap     ] GC(11) Eden regions: 35->0(35)
[2022-06-30T11:48:04.893+0000][7][gc,heap     ] GC(11) Survivor regions: 3->3(5)
[2022-06-30T11:48:04.893+0000][7][gc,heap     ] GC(11) Old regions: 2->2
[2022-06-30T11:48:04.893+0000][7][gc,heap     ] GC(11) Archive regions: 2->2
[2022-06-30T11:48:04.893+0000][7][gc,heap     ] GC(11) Humongous regions: 0->0
[2022-06-30T11:48:04.894+0000][7][gc,metaspace] GC(11) Metaspace: 20776K(21248K)->20776K(21248K) NonClass: 18312K(18624K)->18312K(18624K) Class: 2463K(2624K)->2463K(2624K)
[2022-06-30T11:48:04.894+0000][7][gc          ] GC(11) Pause Young (Normal) (G1 Evacuation Pause) 160M->22M(256M) 27.353ms
[2022-06-30T11:48:04.894+0000][7][gc,cpu      ] GC(11) User=0.02s Sys=0.00s Real=0.03s
[2022-06-30T11:48:04.894+0000][7][safepoint   ] Safepoint "G1CollectForAllocation", Time since last: 1158736002 ns, Reaching safepoint: 113210 ns, At safepoint: 27411256 ns, Total: 27524466 ns
[2022-06-30T11:48:05.319+0000][7][gc,start    ] GC(12) Pause Young (Concurrent Start) (Metadata GC Threshold)
[2022-06-30T11:48:05.319+0000][7][gc,task     ] GC(12) Using 1 workers of 1 for evacuation
[2022-06-30T11:48:05.319+0000][7][gc,age      ] GC(12) Desired survivor size 10485760 bytes, new threshold 6 (max threshold 15)
[2022-06-30T11:48:05.343+0000][7][gc,phases   ] GC(12)   Pre Evacuate Collection Set: 0.1ms
[2022-06-30T11:48:05.343+0000][7][gc,phases   ] GC(12)   Merge Heap Roots: 0.0ms
[2022-06-30T11:48:05.343+0000][7][gc,phases   ] GC(12)   Evacuate Collection Set: 22.9ms
[2022-06-30T11:48:05.343+0000][7][gc,phases   ] GC(12)   Post Evacuate Collection Set: 0.5ms
[2022-06-30T11:48:05.343+0000][7][gc,phases   ] GC(12)   Other: 0.1ms
[2022-06-30T11:48:05.343+0000][7][gc,age      ] GC(12) Age table with threshold 6 (max threshold 15)
[2022-06-30T11:48:05.343+0000][7][gc,age      ] GC(12) - age   1:     493664 bytes,     493664 total
[2022-06-30T11:48:05.343+0000][7][gc,age      ] GC(12) - age   2:    1618008 bytes,    2111672 total
[2022-06-30T11:48:05.343+0000][7][gc,age      ] GC(12) - age   3:     291568 bytes,    2403240 total
[2022-06-30T11:48:05.343+0000][7][gc,age      ] GC(12) - age   4:    1038696 bytes,    3441936 total
[2022-06-30T11:48:05.343+0000][7][gc,age      ] GC(12) - age   5:    2462992 bytes,    5904928 total
[2022-06-30T11:48:05.343+0000][7][gc,age      ] GC(12) - age   6:    1045352 bytes,    6950280 total
[2022-06-30T11:48:05.343+0000][7][gc,heap     ] GC(12) Eden regions: 16->0(36)
[2022-06-30T11:48:05.343+0000][7][gc,heap     ] GC(12) Survivor regions: 3->2(5)
[2022-06-30T11:48:05.343+0000][7][gc,heap     ] GC(12) Old regions: 2->3
[2022-06-30T11:48:05.343+0000][7][gc,heap     ] GC(12) Archive regions: 2->2
[2022-06-30T11:48:05.343+0000][7][gc,heap     ] GC(12) Humongous regions: 0->0
[2022-06-30T11:48:05.343+0000][7][gc,metaspace] GC(12) Metaspace: 20959K(21504K)->20959K(21504K) NonClass: 18465K(18816K)->18465K(18816K) Class: 2493K(2688K)->2493K(2688K)
[2022-06-30T11:48:05.343+0000][7][gc          ] GC(12) Pause Young (Concurrent Start) (Metadata GC Threshold) 86M->22M(256M) 23.867ms
[2022-06-30T11:48:05.343+0000][7][gc,cpu      ] GC(12) User=0.01s Sys=0.00s Real=0.02s
[2022-06-30T11:48:05.343+0000][7][safepoint   ] Safepoint "CollectForMetadataAllocation", Time since last: 425764203 ns, Reaching safepoint: 18355 ns, At safepoint: 23990296 ns, Total: 24008651 ns
[2022-06-30T11:48:05.344+0000][7][gc          ] GC(13) Concurrent Mark Cycle
[2022-06-30T11:48:05.344+0000][7][gc,marking  ] GC(13) Concurrent Clear Claimed Marks
[2022-06-30T11:48:05.344+0000][7][gc,marking  ] GC(13) Concurrent Clear Claimed Marks 0.035ms
[2022-06-30T11:48:05.344+0000][7][gc,marking  ] GC(13) Concurrent Scan Root Regions
[2022-06-30T11:48:05.367+0000][7][gc,marking  ] GC(13) Concurrent Scan Root Regions 23.138ms
[2022-06-30T11:48:05.367+0000][7][gc,marking  ] GC(13) Concurrent Mark
[2022-06-30T11:48:05.367+0000][7][gc,marking  ] GC(13) Concurrent Mark From Roots
[2022-06-30T11:48:05.367+0000][7][gc,task     ] GC(13) Using 1 workers of 1 for marking
[2022-06-30T11:48:05.414+0000][7][gc,marking  ] GC(13) Concurrent Mark From Roots 47.410ms
[2022-06-30T11:48:05.415+0000][7][gc,marking  ] GC(13) Concurrent Preclean
[2022-06-30T11:48:05.415+0000][7][gc,marking  ] GC(13) Concurrent Preclean 0.031ms
[2022-06-30T11:48:05.415+0000][7][gc,start    ] GC(13) Pause Remark
[2022-06-30T11:48:05.428+0000][7][gc          ] GC(13) Pause Remark 30M->30M(256M) 13.354ms
[2022-06-30T11:48:05.428+0000][7][gc,cpu      ] GC(13) User=0.01s Sys=0.00s Real=0.01s
[2022-06-30T11:48:05.428+0000][7][safepoint   ] Safepoint "G1Concurrent", Time since last: 71240500 ns, Reaching safepoint: 25055 ns, At safepoint: 13419293 ns, Total: 13444348 ns
[2022-06-30T11:48:05.428+0000][7][gc,marking  ] GC(13) Concurrent Mark 61.034ms
[2022-06-30T11:48:05.428+0000][7][gc,marking  ] GC(13) Concurrent Rebuild Remembered Sets
[2022-06-30T11:48:05.479+0000][7][gc,marking  ] GC(13) Concurrent Rebuild Remembered Sets 51.202ms
[2022-06-30T11:48:05.483+0000][7][gc,start    ] GC(13) Pause Cleanup
[2022-06-30T11:48:05.483+0000][7][gc          ] GC(13) Pause Cleanup 40M->40M(256M) 0.050ms
[2022-06-30T11:48:05.483+0000][7][gc,cpu      ] GC(13) User=0.00s Sys=0.00s Real=0.00s
[2022-06-30T11:48:05.483+0000][7][safepoint   ] Safepoint "G1Concurrent", Time since last: 51304319 ns, Reaching safepoint: 3183808 ns, At safepoint: 85754 ns, Total: 3269562 ns
[2022-06-30T11:48:05.483+0000][7][gc,marking  ] GC(13) Concurrent Cleanup for Next Mark
[2022-06-30T11:48:05.483+0000][7][gc,marking  ] GC(13) Concurrent Cleanup for Next Mark 0.676ms
[2022-06-30T11:48:05.483+0000][7][gc          ] GC(13) Concurrent Mark Cycle 139.547ms
[2022-06-30T11:48:06.227+0000][7][gc,start    ] GC(14) Pause Young (Normal) (G1 Evacuation Pause)
[2022-06-30T11:48:06.227+0000][7][gc,task     ] GC(14) Using 1 workers of 1 for evacuation
[2022-06-30T11:48:06.227+0000][7][gc,age      ] GC(14) Desired survivor size 10485760 bytes, new threshold 15 (max threshold 15)
[2022-06-30T11:48:06.244+0000][7][gc,phases   ] GC(14)   Pre Evacuate Collection Set: 0.0ms
[2022-06-30T11:48:06.244+0000][7][gc,phases   ] GC(14)   Merge Heap Roots: 0.0ms
[2022-06-30T11:48:06.244+0000][7][gc,phases   ] GC(14)   Evacuate Collection Set: 9.9ms
[2022-06-30T11:48:06.244+0000][7][gc,phases   ] GC(14)   Post Evacuate Collection Set: 7.1ms
[2022-06-30T11:48:06.244+0000][7][gc,phases   ] GC(14)   Other: 0.1ms
[2022-06-30T11:48:06.244+0000][7][gc,age      ] GC(14) Age table with threshold 15 (max threshold 15)
[2022-06-30T11:48:06.244+0000][7][gc,age      ] GC(14) - age   1:     902592 bytes,     902592 total
[2022-06-30T11:48:06.244+0000][7][gc,age      ] GC(14) - age   2:     490824 bytes,    1393416 total
[2022-06-30T11:48:06.244+0000][7][gc,age      ] GC(14) - age   3:    1617976 bytes,    3011392 total
[2022-06-30T11:48:06.244+0000][7][gc,age      ] GC(14) - age   4:     291288 bytes,    3302680 total
[2022-06-30T11:48:06.244+0000][7][gc,age      ] GC(14) - age   5:    1038152 bytes,    4340832 total
[2022-06-30T11:48:06.244+0000][7][gc,age      ] GC(14) - age   6:    2462992 bytes,    6803824 total
[2022-06-30T11:48:06.244+0000][7][gc,age      ] GC(14) - age   7:    1045352 bytes,    7849176 total
[2022-06-30T11:48:06.244+0000][7][gc,heap     ] GC(14) Eden regions: 36->0(36)
[2022-06-30T11:48:06.244+0000][7][gc,heap     ] GC(14) Survivor regions: 2->2(5)
[2022-06-30T11:48:06.244+0000][7][gc,heap     ] GC(14) Old regions: 3->3
[2022-06-30T11:48:06.244+0000][7][gc,heap     ] GC(14) Archive regions: 2->2
[2022-06-30T11:48:06.244+0000][7][gc,heap     ] GC(14) Humongous regions: 0->0
[2022-06-30T11:48:06.244+0000][7][gc,metaspace] GC(14) Metaspace: 21076K(21632K)->21076K(21632K) NonClass: 18564K(18944K)->18564K(18944K) Class: 2511K(2688K)->2511K(2688K)
[2022-06-30T11:48:06.244+0000][7][gc          ] GC(14) Pause Young (Normal) (G1 Evacuation Pause) 166M->22M(256M) 17.292ms
[2022-06-30T11:48:06.244+0000][7][gc,cpu      ] GC(14) User=0.01s Sys=0.00s Real=0.01s
[2022-06-30T11:48:06.244+0000][7][safepoint   ] Safepoint "G1CollectForAllocation", Time since last: 744472460 ns, Reaching safepoint: 24079 ns, At safepoint: 17347638 ns, Total: 17371717 ns
[2022-06-30T11:48:07.060+0000][7][gc,start    ] GC(15) Pause Young (Normal) (G1 Evacuation Pause)
[2022-06-30T11:48:07.061+0000][7][gc,task     ] GC(15) Using 1 workers of 1 for evacuation
[2022-06-30T11:48:07.061+0000][7][gc,age      ] GC(15) Desired survivor size 10485760 bytes, new threshold 15 (max threshold 15)
[2022-06-30T11:48:07.077+0000][7][gc,phases   ] GC(15)   Pre Evacuate Collection Set: 0.0ms
[2022-06-30T11:48:07.077+0000][7][gc,phases   ] GC(15)   Merge Heap Roots: 0.0ms
[2022-06-30T11:48:07.077+0000][7][gc,phases   ] GC(15)   Evacuate Collection Set: 16.0ms
[2022-06-30T11:48:07.077+0000][7][gc,phases   ] GC(15)   Post Evacuate Collection Set: 0.6ms
[2022-06-30T11:48:07.077+0000][7][gc,phases   ] GC(15)   Other: 0.1ms
[2022-06-30T11:48:07.077+0000][7][gc,age      ] GC(15) Age table with threshold 15 (max threshold 15)
[2022-06-30T11:48:07.077+0000][7][gc,age      ] GC(15) - age   1:    1326816 bytes,    1326816 total
[2022-06-30T11:48:07.077+0000][7][gc,age      ] GC(15) - age   2:     284720 bytes,    1611536 total
[2022-06-30T11:48:07.077+0000][7][gc,age      ] GC(15) - age   3:     490824 bytes,    2102360 total
[2022-06-30T11:48:07.077+0000][7][gc,age      ] GC(15) - age   4:    1617976 bytes,    3720336 total
[2022-06-30T11:48:07.077+0000][7][gc,age      ] GC(15) - age   5:     291288 bytes,    4011624 total
[2022-06-30T11:48:07.077+0000][7][gc,age      ] GC(15) - age   6:    1038152 bytes,    5049776 total
[2022-06-30T11:48:07.077+0000][7][gc,age      ] GC(15) - age   7:    2462720 bytes,    7512496 total
[2022-06-30T11:48:07.077+0000][7][gc,age      ] GC(15) - age   8:    1045352 bytes,    8557848 total
[2022-06-30T11:48:07.077+0000][7][gc,heap     ] GC(15) Eden regions: 36->0(35)
[2022-06-30T11:48:07.077+0000][7][gc,heap     ] GC(15) Survivor regions: 2->3(5)
[2022-06-30T11:48:07.077+0000][7][gc,heap     ] GC(15) Old regions: 3->3
[2022-06-30T11:48:07.077+0000][7][gc,heap     ] GC(15) Archive regions: 2->2
[2022-06-30T11:48:07.077+0000][7][gc,heap     ] GC(15) Humongous regions: 0->0
[2022-06-30T11:48:07.077+0000][7][gc,metaspace] GC(15) Metaspace: 21138K(21760K)->21138K(21760K) NonClass: 18613K(19008K)->18613K(19008K) Class: 2524K(2752K)->2524K(2752K)
[2022-06-30T11:48:07.077+0000][7][gc          ] GC(15) Pause Young (Normal) (G1 Evacuation Pause) 166M->23M(256M) 17.000ms
[2022-06-30T11:48:07.077+0000][7][gc,cpu      ] GC(15) User=0.01s Sys=0.00s Real=0.02s
[2022-06-30T11:48:07.077+0000][7][safepoint   ] Safepoint "G1CollectForAllocation", Time since last: 815943113 ns, Reaching safepoint: 48551 ns, At safepoint: 17047435 ns, Total: 17095986 ns
[2022-06-30T11:48:08.915+0000][7][safepoint   ] Safepoint "Cleanup", Time since last: 1832938764 ns, Reaching safepoint: 4295746 ns, At safepoint: 5631 ns, Total: 4301377 ns
[2022-06-30T11:48:10.744+0000][7][safepoint   ] Safepoint "Cleanup", Time since last: 1828474424 ns, Reaching safepoint: 1039216 ns, At safepoint: 7005 ns, Total: 1046221 ns
[2022-06-30T11:48:11.747+0000][7][safepoint   ] Safepoint "Cleanup", Time since last: 1000119301 ns, Reaching safepoint: 2164455 ns, At safepoint: 7044 ns, Total: 2171499 ns
[2022-06-30T11:48:12.755+0000][7][safepoint   ] Safepoint "Cleanup", Time since last: 1007974353 ns, Reaching safepoint: 189760 ns, At safepoint: 6854 ns, Total: 196614 ns
[2022-06-30T11:48:12.942+0000][7][gc,start    ] GC(16) Pause Young (Normal) (G1 Evacuation Pause)
[2022-06-30T11:48:12.942+0000][7][gc,task     ] GC(16) Using 1 workers of 1 for evacuation
[2022-06-30T11:48:12.942+0000][7][gc,age      ] GC(16) Desired survivor size 10485760 bytes, new threshold 15 (max threshold 15)
[2022-06-30T11:48:13.028+0000][7][gc,phases   ] GC(16)   Pre Evacuate Collection Set: 0.0ms
[2022-06-30T11:48:13.028+0000][7][gc,phases   ] GC(16)   Merge Heap Roots: 0.1ms
[2022-06-30T11:48:13.028+0000][7][gc,phases   ] GC(16)   Evacuate Collection Set: 85.0ms
[2022-06-30T11:48:13.028+0000][7][gc,phases   ] GC(16)   Post Evacuate Collection Set: 1.4ms
[2022-06-30T11:48:13.028+0000][7][gc,phases   ] GC(16)   Other: 0.1ms
[2022-06-30T11:48:13.028+0000][7][gc,age      ] GC(16) Age table with threshold 15 (max threshold 15)
[2022-06-30T11:48:13.028+0000][7][gc,age      ] GC(16) - age   1:   13219704 bytes,   13219704 total
[2022-06-30T11:48:13.028+0000][7][gc,age      ] GC(16) - age   2:     488488 bytes,   13708192 total
[2022-06-30T11:48:13.028+0000][7][gc,age      ] GC(16) - age   3:     282776 bytes,   13990968 total
[2022-06-30T11:48:13.028+0000][7][gc,age      ] GC(16) - age   4:     485048 bytes,   14476016 total
[2022-06-30T11:48:13.028+0000][7][gc,age      ] GC(16) - age   5:    1607760 bytes,   16083776 total
[2022-06-30T11:48:13.028+0000][7][gc,age      ] GC(16) - age   6:     289872 bytes,   16373648 total
[2022-06-30T11:48:13.028+0000][7][gc,age      ] GC(16) - age   7:    1037208 bytes,   17410856 total
[2022-06-30T11:48:13.028+0000][7][gc,age      ] GC(16) - age   8:    2459968 bytes,   19870824 total
[2022-06-30T11:48:13.028+0000][7][gc,age      ] GC(16) - age   9:    1040352 bytes,   20911176 total
[2022-06-30T11:48:13.028+0000][7][gc,heap     ] GC(16) Eden regions: 35->0(33)
[2022-06-30T11:48:13.028+0000][7][gc,heap     ] GC(16) Survivor regions: 3->5(5)
[2022-06-30T11:48:13.028+0000][7][gc,heap     ] GC(16) Old regions: 3->3
[2022-06-30T11:48:13.028+0000][7][gc,heap     ] GC(16) Archive regions: 2->2
[2022-06-30T11:48:13.028+0000][7][gc,heap     ] GC(16) Humongous regions: 0->0
[2022-06-30T11:48:13.028+0000][7][gc,metaspace] GC(16) Metaspace: 30460K(31360K)->30460K(31360K) NonClass: 26698K(27264K)->26698K(27264K) Class: 3762K(4096K)->3762K(4096K)
[2022-06-30T11:48:13.028+0000][7][gc          ] GC(16) Pause Young (Normal) (G1 Evacuation Pause) 163M->34M(256M) 86.902ms
[2022-06-30T11:48:13.029+0000][7][gc,cpu      ] GC(16) User=0.05s Sys=0.00s Real=0.09s
[2022-06-30T11:48:13.029+0000][7][safepoint   ] Safepoint "G1CollectForAllocation", Time since last: 186839108 ns, Reaching safepoint: 22715 ns, At safepoint: 86953137 ns, Total: 86975852 ns
[2022-06-30T11:48:14.039+0000][7][safepoint   ] Safepoint "Cleanup", Time since last: 1001976366 ns, Reaching safepoint: 8014307 ns, At safepoint: 7320 ns, Total: 8021627 ns
[2022-06-30T11:48:15.615+0000][7][safepoint   ] Safepoint "Cleanup", Time since last: 1567320939 ns, Reaching safepoint: 8719104 ns, At safepoint: 7670 ns, Total: 8726774 ns
[2022-06-30T11:48:16.427+0000][7][gc,start    ] GC(17) Pause Young (Normal) (G1 Evacuation Pause)
[2022-06-30T11:48:16.427+0000][7][gc,task     ] GC(17) Using 1 workers of 1 for evacuation
[2022-06-30T11:48:16.427+0000][7][gc,age      ] GC(17) Desired survivor size 10485760 bytes, new threshold 1 (max threshold 15)
[2022-06-30T11:48:16.560+0000][7][gc,phases   ] GC(17)   Pre Evacuate Collection Set: 0.0ms
[2022-06-30T11:48:16.560+0000][7][gc,phases   ] GC(17)   Merge Heap Roots: 0.1ms
[2022-06-30T11:48:16.560+0000][7][gc,phases   ] GC(17)   Evacuate Collection Set: 131.7ms
[2022-06-30T11:48:16.560+0000][7][gc,phases   ] GC(17)   Post Evacuate Collection Set: 1.0ms
[2022-06-30T11:48:16.560+0000][7][gc,phases   ] GC(17)   Other: 0.1ms
[2022-06-30T11:48:16.560+0000][7][gc,age      ] GC(17) Age table with threshold 1 (max threshold 15)
[2022-06-30T11:48:16.560+0000][7][gc,age      ] GC(17) - age   1:   12325224 bytes,   12325224 total
[2022-06-30T11:48:16.560+0000][7][gc,heap     ] GC(17) Eden regions: 33->0(34)
[2022-06-30T11:48:16.560+0000][7][gc,heap     ] GC(17) Survivor regions: 5->3(5)
[2022-06-30T11:48:16.560+0000][7][gc,heap     ] GC(17) Old regions: 3->8
[2022-06-30T11:48:16.560+0000][7][gc,heap     ] GC(17) Archive regions: 2->2
[2022-06-30T11:48:16.560+0000][7][gc,heap     ] GC(17) Humongous regions: 0->0
[2022-06-30T11:48:16.560+0000][7][gc,metaspace] GC(17) Metaspace: 30742K(31680K)->30742K(31680K) NonClass: 26943K(27520K)->26943K(27520K) Class: 3799K(4160K)->3799K(4160K)
[2022-06-30T11:48:16.560+0000][7][gc          ] GC(17) Pause Young (Normal) (G1 Evacuation Pause) 166M->46M(256M) 133.065ms
[2022-06-30T11:48:16.560+0000][7][gc,cpu      ] GC(17) User=0.07s Sys=0.00s Real=0.13s
[2022-06-30T11:48:16.560+0000][7][safepoint   ] Safepoint "G1CollectForAllocation", Time since last: 811953451 ns, Reaching safepoint: 44280 ns, At safepoint: 133114719 ns, Total: 133158999 ns
[2022-06-30T11:48:17.563+0000][7][safepoint   ] Safepoint "Cleanup", Time since last: 1002818283 ns, Reaching safepoint: 171887 ns, At safepoint: 4743 ns, Total: 176630 ns
[2022-06-30T11:48:18.056+0000][7][gc,start    ] GC(18) Pause Young (Concurrent Start) (Metadata GC Threshold)
[2022-06-30T11:48:18.056+0000][7][gc,task     ] GC(18) Using 1 workers of 1 for evacuation
[2022-06-30T11:48:18.056+0000][7][gc,age      ] GC(18) Desired survivor size 10485760 bytes, new threshold 1 (max threshold 15)
[2022-06-30T11:48:18.112+0000][7][gc,phases   ] GC(18)   Pre Evacuate Collection Set: 0.1ms
[2022-06-30T11:48:18.112+0000][7][gc,phases   ] GC(18)   Merge Heap Roots: 0.1ms
[2022-06-30T11:48:18.112+0000][7][gc,phases   ] GC(18)   Evacuate Collection Set: 55.5ms
[2022-06-30T11:48:18.112+0000][7][gc,phases   ] GC(18)   Post Evacuate Collection Set: 0.7ms
[2022-06-30T11:48:18.112+0000][7][gc,phases   ] GC(18)   Other: 0.1ms
[2022-06-30T11:48:18.112+0000][7][gc,age      ] GC(18) Age table with threshold 1 (max threshold 15)
[2022-06-30T11:48:18.112+0000][7][gc,age      ] GC(18) - age   1:    2467848 bytes,    2467848 total
[2022-06-30T11:48:18.112+0000][7][gc,heap     ] GC(18) Eden regions: 9->0(32)
[2022-06-30T11:48:18.112+0000][7][gc,heap     ] GC(18) Survivor regions: 3->1(5)
[2022-06-30T11:48:18.112+0000][7][gc,heap     ] GC(18) Old regions: 8->11
[2022-06-30T11:48:18.112+0000][7][gc,heap     ] GC(18) Archive regions: 2->2
[2022-06-30T11:48:18.112+0000][7][gc,heap     ] GC(18) Humongous regions: 0->0
[2022-06-30T11:48:18.112+0000][7][gc,metaspace] GC(18) Metaspace: 34997K(35968K)->34997K(35968K) NonClass: 30527K(31104K)->30527K(31104K) Class: 4470K(4864K)->4470K(4864K)
[2022-06-30T11:48:18.112+0000][7][gc          ] GC(18) Pause Young (Concurrent Start) (Metadata GC Threshold) 81M->51M(256M) 56.653ms
[2022-06-30T11:48:18.112+0000][7][gc,cpu      ] GC(18) User=0.03s Sys=0.00s Real=0.05s
[2022-06-30T11:48:18.113+0000][7][safepoint   ] Safepoint "CollectForMetadataAllocation", Time since last: 493019012 ns, Reaching safepoint: 36749 ns, At safepoint: 56767510 ns, Total: 56804259 ns
[2022-06-30T11:48:18.113+0000][7][gc          ] GC(19) Concurrent Mark Cycle
[2022-06-30T11:48:18.113+0000][7][gc,marking  ] GC(19) Concurrent Clear Claimed Marks
[2022-06-30T11:48:18.113+0000][7][gc,marking  ] GC(19) Concurrent Clear Claimed Marks 0.056ms
[2022-06-30T11:48:18.113+0000][7][gc,marking  ] GC(19) Concurrent Scan Root Regions
[2022-06-30T11:48:18.195+0000][7][gc,marking  ] GC(19) Concurrent Scan Root Regions 82.669ms
[2022-06-30T11:48:18.195+0000][7][gc,marking  ] GC(19) Concurrent Mark
[2022-06-30T11:48:18.195+0000][7][gc,marking  ] GC(19) Concurrent Mark From Roots
[2022-06-30T11:48:18.195+0000][7][gc,task     ] GC(19) Using 1 workers of 1 for marking
[2022-06-30T11:48:18.231+0000][7][safepoint   ] Safepoint "CollectForMetadataAllocation", Time since last: 110010208 ns, Reaching safepoint: 8047513 ns, At safepoint: 65834 ns, Total: 8113347 ns
[2022-06-30T11:48:18.360+0000][7][safepoint   ] Safepoint "CollectForMetadataAllocation", Time since last: 129508595 ns, Reaching safepoint: 72889 ns, At safepoint: 77554 ns, Total: 150443 ns
[2022-06-30T11:48:18.449+0000][7][gc,marking  ] GC(19) Concurrent Mark From Roots 253.907ms
[2022-06-30T11:48:18.449+0000][7][gc,marking  ] GC(19) Concurrent Preclean
[2022-06-30T11:48:18.449+0000][7][gc,marking  ] GC(19) Concurrent Preclean 0.119ms
[2022-06-30T11:48:18.451+0000][7][gc,start    ] GC(19) Pause Remark
[2022-06-30T11:48:18.469+0000][7][gc          ] GC(19) Pause Remark 55M->55M(256M) 18.862ms
[2022-06-30T11:48:18.469+0000][7][gc,cpu      ] GC(19) User=0.01s Sys=0.00s Real=0.02s
[2022-06-30T11:48:18.469+0000][7][safepoint   ] Safepoint "G1Concurrent", Time since last: 89165310 ns, Reaching safepoint: 1063747 ns, At safepoint: 18932668 ns, Total: 19996415 ns
[2022-06-30T11:48:18.471+0000][7][gc,marking  ] GC(19) Concurrent Mark 275.173ms
[2022-06-30T11:48:18.471+0000][7][gc,marking  ] GC(19) Concurrent Rebuild Remembered Sets
[2022-06-30T11:48:18.471+0000][7][gc,marking  ] GC(19) Concurrent Rebuild Remembered Sets 0.010ms
[2022-06-30T11:48:18.471+0000][7][gc,start    ] GC(19) Pause Cleanup
[2022-06-30T11:48:18.471+0000][7][gc          ] GC(19) Pause Cleanup 55M->55M(256M) 0.023ms
[2022-06-30T11:48:18.471+0000][7][gc,cpu      ] GC(19) User=0.00s Sys=0.00s Real=0.00s
[2022-06-30T11:48:18.471+0000][7][safepoint   ] Safepoint "G1Concurrent", Time since last: 1102663 ns, Reaching safepoint: 141689 ns, At safepoint: 60908 ns, Total: 202597 ns
[2022-06-30T11:48:18.471+0000][7][gc,marking  ] GC(19) Concurrent Cleanup for Next Mark
[2022-06-30T11:48:18.478+0000][7][gc,marking  ] GC(19) Concurrent Cleanup for Next Mark 7.387ms
[2022-06-30T11:48:18.478+0000][7][gc          ] GC(19) Concurrent Mark Cycle 365.673ms
[2022-06-30T11:48:19.475+0000][7][safepoint   ] Safepoint "Cleanup", Time since last: 1000163642 ns, Reaching safepoint: 3652424 ns, At safepoint: 7067 ns, Total: 3659491 ns
[2022-06-30T11:48:21.288+0000][7][safepoint   ] Safepoint "Cleanup", Time since last: 1812836567 ns, Reaching safepoint: 456036 ns, At safepoint: 6029 ns, Total: 462065 ns
[2022-06-30T11:48:22.291+0000][7][safepoint   ] Safepoint "Cleanup", Time since last: 1002620947 ns, Reaching safepoint: 159447 ns, At safepoint: 5062 ns, Total: 164509 ns
[2022-06-30T11:48:23.189+0000][7][gc,start    ] GC(20) Pause Young (Normal) (G1 Evacuation Pause)
[2022-06-30T11:48:23.189+0000][7][gc,task     ] GC(20) Using 1 workers of 1 for evacuation
[2022-06-30T11:48:23.189+0000][7][gc,age      ] GC(20) Desired survivor size 10485760 bytes, new threshold 15 (max threshold 15)
[2022-06-30T11:48:23.264+0000][7][gc,phases   ] GC(20)   Pre Evacuate Collection Set: 0.0ms
[2022-06-30T11:48:23.264+0000][7][gc,phases   ] GC(20)   Merge Heap Roots: 0.1ms
[2022-06-30T11:48:23.264+0000][7][gc,phases   ] GC(20)   Evacuate Collection Set: 68.9ms
[2022-06-30T11:48:23.264+0000][7][gc,phases   ] GC(20)   Post Evacuate Collection Set: 5.6ms
[2022-06-30T11:48:23.264+0000][7][gc,phases   ] GC(20)   Other: 0.1ms
[2022-06-30T11:48:23.264+0000][7][gc,age      ] GC(20) Age table with threshold 15 (max threshold 15)
[2022-06-30T11:48:23.264+0000][7][gc,age      ] GC(20) - age   1:    5625536 bytes,    5625536 total
[2022-06-30T11:48:23.264+0000][7][gc,age      ] GC(20) - age   2:    2359216 bytes,    7984752 total
[2022-06-30T11:48:23.264+0000][7][gc,heap     ] GC(20) Eden regions: 32->0(32)
[2022-06-30T11:48:23.264+0000][7][gc,heap     ] GC(20) Survivor regions: 1->2(5)
[2022-06-30T11:48:23.264+0000][7][gc,heap     ] GC(20) Old regions: 11->11
[2022-06-30T11:48:23.264+0000][7][gc,heap     ] GC(20) Archive regions: 2->2
[2022-06-30T11:48:23.264+0000][7][gc,heap     ] GC(20) Humongous regions: 0->0
[2022-06-30T11:48:23.264+0000][7][gc,metaspace] GC(20) Metaspace: 51131K(52352K)->51131K(52352K) NonClass: 44447K(45184K)->44447K(45184K) Class: 6684K(7168K)->6684K(7168K)
[2022-06-30T11:48:23.264+0000][7][gc          ] GC(20) Pause Young (Normal) (G1 Evacuation Pause) 179M->55M(256M) 74.892ms
[2022-06-30T11:48:23.264+0000][7][gc,cpu      ] GC(20) User=0.04s Sys=0.00s Real=0.07s
[2022-06-30T11:48:23.264+0000][7][safepoint   ] Safepoint "G1CollectForAllocation", Time since last: 898285980 ns, Reaching safepoint: 38866 ns, At safepoint: 74942822 ns, Total: 74981688 ns
[2022-06-30T11:48:24.264+0000][7][safepoint   ] Safepoint "Cleanup", Time since last: 1000094946 ns, Reaching safepoint: 167482 ns, At safepoint: 5748 ns, Total: 173230 ns
[2022-06-30T11:48:25.267+0000][7][safepoint   ] Safepoint "Cleanup", Time since last: 1002297774 ns, Reaching safepoint: 147763 ns, At safepoint: 5333 ns, Total: 153096 ns
[2022-06-30T11:48:26.271+0000][7][safepoint   ] Safepoint "Cleanup", Time since last: 1003852297 ns, Reaching safepoint: 487805 ns, At safepoint: 5475 ns, Total: 493280 ns
[2022-06-30T11:48:26.662+0000][7][gc,start    ] GC(21) Pause Young (Normal) (G1 Evacuation Pause)
[2022-06-30T11:48:26.662+0000][7][gc,task     ] GC(21) Using 1 workers of 1 for evacuation
[2022-06-30T11:48:26.662+0000][7][gc,age      ] GC(21) Desired survivor size 10485760 bytes, new threshold 15 (max threshold 15)
[2022-06-30T11:48:26.736+0000][7][gc,phases   ] GC(21)   Pre Evacuate Collection Set: 0.0ms
[2022-06-30T11:48:26.736+0000][7][gc,phases   ] GC(21)   Merge Heap Roots: 0.1ms
[2022-06-30T11:48:26.736+0000][7][gc,phases   ] GC(21)   Evacuate Collection Set: 72.8ms
[2022-06-30T11:48:26.736+0000][7][gc,phases   ] GC(21)   Post Evacuate Collection Set: 1.1ms
[2022-06-30T11:48:26.736+0000][7][gc,phases   ] GC(21)   Other: 0.1ms
[2022-06-30T11:48:26.736+0000][7][gc,age      ] GC(21) Age table with threshold 15 (max threshold 15)
[2022-06-30T11:48:26.736+0000][7][gc,age      ] GC(21) - age   1:     452696 bytes,     452696 total
[2022-06-30T11:48:26.736+0000][7][gc,age      ] GC(21) - age   2:    5405768 bytes,    5858464 total
[2022-06-30T11:48:26.736+0000][7][gc,age      ] GC(21) - age   3:    2359056 bytes,    8217520 total
[2022-06-30T11:48:26.736+0000][7][gc,heap     ] GC(21) Eden regions: 32->0(33)
[2022-06-30T11:48:26.736+0000][7][gc,heap     ] GC(21) Survivor regions: 2->2(5)
[2022-06-30T11:48:26.736+0000][7][gc,heap     ] GC(21) Old regions: 11->11
[2022-06-30T11:48:26.736+0000][7][gc,heap     ] GC(21) Archive regions: 2->2
[2022-06-30T11:48:26.736+0000][7][gc,heap     ] GC(21) Humongous regions: 0->0
[2022-06-30T11:48:26.736+0000][7][gc,metaspace] GC(21) Metaspace: 52090K(53312K)->52090K(53312K) NonClass: 45273K(46016K)->45273K(46016K) Class: 6816K(7296K)->6816K(7296K)
[2022-06-30T11:48:26.736+0000][7][gc          ] GC(21) Pause Young (Normal) (G1 Evacuation Pause) 183M->55M(256M) 74.241ms
[2022-06-30T11:48:26.736+0000][7][gc,cpu      ] GC(21) User=0.04s Sys=0.00s Real=0.08s
[2022-06-30T11:48:26.736+0000][7][safepoint   ] Safepoint "G1CollectForAllocation", Time since last: 390622693 ns, Reaching safepoint: 20265 ns, At safepoint: 74286206 ns, Total: 74306471 ns
[2022-06-30T11:48:28.743+0000][7][safepoint   ] Safepoint "Cleanup", Time since last: 2006703821 ns, Reaching safepoint: 165080 ns, At safepoint: 6229 ns, Total: 171309 ns
[2022-06-30T11:48:29.745+0000][7][safepoint   ] Safepoint "Cleanup", Time since last: 1001672007 ns, Reaching safepoint: 215621 ns, At safepoint: 17352 ns, Total: 232973 ns
[2022-06-30T11:48:31.336+0000][7][safepoint   ] Safepoint "Cleanup", Time since last: 1587962465 ns, Reaching safepoint: 3692487 ns, At safepoint: 6020 ns, Total: 3698507 ns
[2022-06-30T11:48:32.338+0000][7][safepoint   ] Safepoint "Cleanup", Time since last: 1000119397 ns, Reaching safepoint: 1067207 ns, At safepoint: 6910 ns, Total: 1074117 ns
[2022-06-30T11:48:33.347+0000][7][safepoint   ] Safepoint "Cleanup", Time since last: 1002709058 ns, Reaching safepoint: 6249989 ns, At safepoint: 6153 ns, Total: 6256142 ns
[2022-06-30T11:48:34.347+0000][7][safepoint   ] Safepoint "Cleanup", Time since last: 1000114171 ns, Reaching safepoint: 153897 ns, At safepoint: 5553 ns, Total: 159450 ns
[2022-06-30T11:48:34.475+0000][7][gc,start    ] GC(22) Pause Young (Normal) (G1 Evacuation Pause)
[2022-06-30T11:48:34.475+0000][7][gc,task     ] GC(22) Using 1 workers of 1 for evacuation
[2022-06-30T11:48:34.475+0000][7][gc,age      ] GC(22) Desired survivor size 10485760 bytes, new threshold 15 (max threshold 15)
[2022-06-30T11:48:34.548+0000][7][gc,phases   ] GC(22)   Pre Evacuate Collection Set: 0.0ms
[2022-06-30T11:48:34.548+0000][7][gc,phases   ] GC(22)   Merge Heap Roots: 0.1ms
[2022-06-30T11:48:34.548+0000][7][gc,phases   ] GC(22)   Evacuate Collection Set: 72.2ms
[2022-06-30T11:48:34.548+0000][7][gc,phases   ] GC(22)   Post Evacuate Collection Set: 1.4ms
[2022-06-30T11:48:34.548+0000][7][gc,phases   ] GC(22)   Other: 0.1ms
[2022-06-30T11:48:34.548+0000][7][gc,age      ] GC(22) Age table with threshold 15 (max threshold 15)
[2022-06-30T11:48:34.548+0000][7][gc,age      ] GC(22) - age   1:    4099616 bytes,    4099616 total
[2022-06-30T11:48:34.548+0000][7][gc,age      ] GC(22) - age   2:     425264 bytes,    4524880 total
[2022-06-30T11:48:34.548+0000][7][gc,age      ] GC(22) - age   3:    5392160 bytes,    9917040 total
[2022-06-30T11:48:34.548+0000][7][gc,age      ] GC(22) - age   4:    2357032 bytes,   12274072 total
[2022-06-30T11:48:34.549+0000][7][gc,heap     ] GC(22) Eden regions: 33->0(33)
[2022-06-30T11:48:34.549+0000][7][gc,heap     ] GC(22) Survivor regions: 2->3(5)
[2022-06-30T11:48:34.549+0000][7][gc,heap     ] GC(22) Old regions: 11->11
[2022-06-30T11:48:34.549+0000][7][gc,heap     ] GC(22) Archive regions: 2->2
[2022-06-30T11:48:34.549+0000][7][gc,heap     ] GC(22) Humongous regions: 0->0
[2022-06-30T11:48:34.549+0000][7][gc,metaspace] GC(22) Metaspace: 59303K(60608K)->59303K(60608K) NonClass: 51516K(52288K)->51516K(52288K) Class: 7787K(8320K)->7787K(8320K)
[2022-06-30T11:48:34.549+0000][7][gc          ] GC(22) Pause Young (Normal) (G1 Evacuation Pause) 187M->59M(256M) 74.027ms
[2022-06-30T11:48:34.549+0000][7][gc,cpu      ] GC(22) User=0.03s Sys=0.00s Real=0.07s
[2022-06-30T11:48:34.549+0000][7][safepoint   ] Safepoint "G1CollectForAllocation", Time since last: 127718950 ns, Reaching safepoint: 20135 ns, At safepoint: 74078394 ns, Total: 74098529 ns
[2022-06-30T11:48:35.679+0000][7][safepoint   ] Safepoint "Cleanup", Time since last: 1129985487 ns, Reaching safepoint: 221914 ns, At safepoint: 5325 ns, Total: 227239 ns
[2022-06-30T11:48:36.679+0000][7][safepoint   ] Safepoint "Cleanup", Time since last: 1000111589 ns, Reaching safepoint: 281786 ns, At safepoint: 5051 ns, Total: 286837 ns
[2022-06-30T11:48:36.759+0000][7][gc,start    ] GC(23) Pause Young (Concurrent Start) (Metadata GC Threshold)
[2022-06-30T11:48:36.759+0000][7][gc,task     ] GC(23) Using 1 workers of 1 for evacuation
[2022-06-30T11:48:36.759+0000][7][gc,age      ] GC(23) Desired survivor size 10485760 bytes, new threshold 4 (max threshold 15)
[2022-06-30T11:48:36.872+0000][7][gc,phases   ] GC(23)   Pre Evacuate Collection Set: 0.1ms
[2022-06-30T11:48:36.872+0000][7][gc,phases   ] GC(23)   Merge Heap Roots: 0.1ms
[2022-06-30T11:48:36.872+0000][7][gc,phases   ] GC(23)   Evacuate Collection Set: 103.7ms
[2022-06-30T11:48:36.872+0000][7][gc,phases   ] GC(23)   Post Evacuate Collection Set: 9.0ms
[2022-06-30T11:48:36.872+0000][7][gc,phases   ] GC(23)   Other: 0.1ms
[2022-06-30T11:48:36.872+0000][7][gc,age      ] GC(23) Age table with threshold 4 (max threshold 15)
[2022-06-30T11:48:36.872+0000][7][gc,age      ] GC(23) - age   1:    1495680 bytes,    1495680 total
[2022-06-30T11:48:36.872+0000][7][gc,age      ] GC(23) - age   2:    3984944 bytes,    5480624 total
[2022-06-30T11:48:36.872+0000][7][gc,age      ] GC(23) - age   3:     425264 bytes,    5905888 total
[2022-06-30T11:48:36.872+0000][7][gc,age      ] GC(23) - age   4:    5392144 bytes,   11298032 total
[2022-06-30T11:48:36.872+0000][7][gc,heap     ] GC(23) Eden regions: 21->0(32)
[2022-06-30T11:48:36.872+0000][7][gc,heap     ] GC(23) Survivor regions: 3->3(5)
[2022-06-30T11:48:36.872+0000][7][gc,heap     ] GC(23) Old regions: 11->12
[2022-06-30T11:48:36.872+0000][7][gc,heap     ] GC(23) Archive regions: 2->2
[2022-06-30T11:48:36.872+0000][7][gc,heap     ] GC(23) Humongous regions: 0->0
[2022-06-30T11:48:36.872+0000][7][gc,metaspace] GC(23) Metaspace: 60222K(61568K)->60222K(61568K) NonClass: 52327K(53120K)->52327K(53120K) Class: 7894K(8448K)->7894K(8448K)
[2022-06-30T11:48:36.872+0000][7][gc          ] GC(23) Pause Young (Concurrent Start) (Metadata GC Threshold) 143M->62M(256M) 113.163ms
[2022-06-30T11:48:36.872+0000][7][gc,cpu      ] GC(23) User=0.06s Sys=0.00s Real=0.11s
[2022-06-30T11:48:36.872+0000][7][safepoint   ] Safepoint "CollectForMetadataAllocation", Time since last: 79291118 ns, Reaching safepoint: 24842 ns, At safepoint: 113274252 ns, Total: 113299094 ns
[2022-06-30T11:48:36.873+0000][7][gc          ] GC(24) Concurrent Mark Cycle
[2022-06-30T11:48:36.873+0000][7][gc,marking  ] GC(24) Concurrent Clear Claimed Marks
[2022-06-30T11:48:36.873+0000][7][gc,marking  ] GC(24) Concurrent Clear Claimed Marks 0.071ms
[2022-06-30T11:48:36.873+0000][7][gc,marking  ] GC(24) Concurrent Scan Root Regions
[2022-06-30T11:48:36.943+0000][7][gc,marking  ] GC(24) Concurrent Scan Root Regions 69.628ms
[2022-06-30T11:48:36.943+0000][7][gc,marking  ] GC(24) Concurrent Mark
[2022-06-30T11:48:36.943+0000][7][gc,marking  ] GC(24) Concurrent Mark From Roots
[2022-06-30T11:48:36.943+0000][7][gc,task     ] GC(24) Using 1 workers of 1 for marking
[2022-06-30T11:48:37.031+0000][7][safepoint   ] Safepoint "CollectForMetadataAllocation", Time since last: 150702477 ns, Reaching safepoint: 8037009 ns, At safepoint: 101705 ns, Total: 8138714 ns
[2022-06-30T11:48:37.243+0000][7][safepoint   ] Safepoint "CollectForMetadataAllocation", Time since last: 203847660 ns, Reaching safepoint: 8623046 ns, At safepoint: 60748 ns, Total: 8683794 ns
[2022-06-30T11:48:37.343+0000][7][gc,marking  ] GC(24) Concurrent Mark From Roots 399.359ms
[2022-06-30T11:48:37.343+0000][7][gc,marking  ] GC(24) Concurrent Preclean
[2022-06-30T11:48:37.343+0000][7][gc,marking  ] GC(24) Concurrent Preclean 0.135ms
[2022-06-30T11:48:37.343+0000][7][gc,start    ] GC(24) Pause Remark
[2022-06-30T11:48:37.363+0000][7][gc          ] GC(24) Pause Remark 68M->68M(256M) 19.360ms
[2022-06-30T11:48:37.363+0000][7][gc,cpu      ] GC(24) User=0.01s Sys=0.00s Real=0.02s
[2022-06-30T11:48:37.363+0000][7][safepoint   ] Safepoint "G1Concurrent", Time since last: 99521589 ns, Reaching safepoint: 524039 ns, At safepoint: 19433995 ns, Total: 19958034 ns
[2022-06-30T11:48:37.370+0000][7][gc,marking  ] GC(24) Concurrent Mark 427.366ms
[2022-06-30T11:48:37.371+0000][7][gc,marking  ] GC(24) Concurrent Rebuild Remembered Sets
[2022-06-30T11:48:37.583+0000][7][gc,marking  ] GC(24) Concurrent Rebuild Remembered Sets 211.977ms
[2022-06-30T11:48:37.583+0000][7][gc,start    ] GC(24) Pause Cleanup
[2022-06-30T11:48:37.583+0000][7][gc          ] GC(24) Pause Cleanup 70M->70M(256M) 0.064ms
[2022-06-30T11:48:37.583+0000][7][gc,cpu      ] GC(24) User=0.00s Sys=0.00s Real=0.00s
[2022-06-30T11:48:37.583+0000][7][safepoint   ] Safepoint "G1Concurrent", Time since last: 219889692 ns, Reaching safepoint: 145160 ns, At safepoint: 98424 ns, Total: 243584 ns
[2022-06-30T11:48:37.583+0000][7][gc,marking  ] GC(24) Concurrent Cleanup for Next Mark
[2022-06-30T11:48:37.583+0000][7][gc,marking  ] GC(24) Concurrent Cleanup for Next Mark 0.677ms
[2022-06-30T11:48:37.584+0000][7][gc          ] GC(24) Concurrent Mark Cycle 710.157ms
[2022-06-30T11:48:38.585+0000][7][safepoint   ] Safepoint "Cleanup", Time since last: 1002031386 ns, Reaching safepoint: 327273 ns, At safepoint: 7178 ns, Total: 334451 ns
[2022-06-30T11:48:39.591+0000][7][safepoint   ] Safepoint "Cleanup", Time since last: 1005334297 ns, Reaching safepoint: 337125 ns, At safepoint: 9013 ns, Total: 346138 ns
[2022-06-30T11:48:40.591+0000][7][safepoint   ] Safepoint "Cleanup", Time since last: 1000126976 ns, Reaching safepoint: 155782 ns, At safepoint: 5398 ns, Total: 161180 ns
[2022-06-30T11:48:41.991+0000][7][safepoint   ] Safepoint "Cleanup", Time since last: 1397272123 ns, Reaching safepoint: 2313181 ns, At safepoint: 8389 ns, Total: 2321570 ns
[2022-06-30T11:48:43.007+0000][7][safepoint   ] Safepoint "Cleanup", Time since last: 1016013197 ns, Reaching safepoint: 218874 ns, At safepoint: 6843 ns, Total: 225717 ns
[2022-06-30T11:48:44.008+0000][7][gc,start    ] GC(25) Pause Young (Prepare Mixed) (G1 Evacuation Pause)
[2022-06-30T11:48:44.009+0000][7][gc,task     ] GC(25) Using 1 workers of 1 for evacuation
[2022-06-30T11:48:44.009+0000][7][gc,age      ] GC(25) Desired survivor size 10485760 bytes, new threshold 4 (max threshold 15)
[2022-06-30T11:48:44.105+0000][7][gc,phases   ] GC(25)   Pre Evacuate Collection Set: 0.0ms
[2022-06-30T11:48:44.105+0000][7][gc,phases   ] GC(25)   Merge Heap Roots: 1.9ms
[2022-06-30T11:48:44.105+0000][7][gc,phases   ] GC(25)   Evacuate Collection Set: 92.0ms
[2022-06-30T11:48:44.105+0000][7][gc,phases   ] GC(25)   Post Evacuate Collection Set: 2.0ms
[2022-06-30T11:48:44.105+0000][7][gc,phases   ] GC(25)   Other: 0.1ms
[2022-06-30T11:48:44.105+0000][7][gc,age      ] GC(25) Age table with threshold 4 (max threshold 15)
[2022-06-30T11:48:44.105+0000][7][gc,age      ] GC(25) - age   1:    8167848 bytes,    8167848 total
[2022-06-30T11:48:44.105+0000][7][gc,age      ] GC(25) - age   2:    1466184 bytes,    9634032 total
[2022-06-30T11:48:44.105+0000][7][gc,age      ] GC(25) - age   3:    3944368 bytes,   13578400 total
[2022-06-30T11:48:44.105+0000][7][gc,age      ] GC(25) - age   4:     419816 bytes,   13998216 total
[2022-06-30T11:48:44.105+0000][7][gc,heap     ] GC(25) Eden regions: 32->0(1)
[2022-06-30T11:48:44.105+0000][7][gc,heap     ] GC(25) Survivor regions: 3->4(5)
[2022-06-30T11:48:44.105+0000][7][gc,heap     ] GC(25) Old regions: 12->13
[2022-06-30T11:48:44.105+0000][7][gc,heap     ] GC(25) Archive regions: 2->2
[2022-06-30T11:48:44.105+0000][7][gc,heap     ] GC(25) Humongous regions: 0->0
[2022-06-30T11:48:44.105+0000][7][gc,metaspace] GC(25) Metaspace: 79971K(81792K)->79971K(81792K) NonClass: 69244K(70272K)->69244K(70272K) Class: 10726K(11520K)->10726K(11520K)
[2022-06-30T11:48:44.105+0000][7][gc          ] GC(25) Pause Young (Prepare Mixed) (G1 Evacuation Pause) 190M->69M(256M) 96.175ms
[2022-06-30T11:48:44.105+0000][7][gc,cpu      ] GC(25) User=0.05s Sys=0.00s Real=0.09s
[2022-06-30T11:48:44.105+0000][7][safepoint   ] Safepoint "G1CollectForAllocation", Time since last: 1001453506 ns, Reaching safepoint: 63264 ns, At safepoint: 96229490 ns, Total: 96292754 ns
[2022-06-30T11:48:44.223+0000][7][gc,start    ] GC(26) Pause Young (Mixed) (G1 Evacuation Pause)
[2022-06-30T11:48:44.223+0000][7][gc,task     ] GC(26) Using 1 workers of 1 for evacuation
[2022-06-30T11:48:44.223+0000][7][gc,age      ] GC(26) Desired survivor size 2097152 bytes, new threshold 1 (max threshold 15)
[2022-06-30T11:48:44.292+0000][7][gc,phases   ] GC(26)   Pre Evacuate Collection Set: 0.0ms
[2022-06-30T11:48:44.292+0000][7][gc,phases   ] GC(26)   Merge Heap Roots: 0.1ms
[2022-06-30T11:48:44.292+0000][7][gc,phases   ] GC(26)   Evacuate Collection Set: 67.2ms
[2022-06-30T11:48:44.292+0000][7][gc,phases   ] GC(26)   Post Evacuate Collection Set: 1.1ms
[2022-06-30T11:48:44.292+0000][7][gc,phases   ] GC(26)   Other: 0.1ms
[2022-06-30T11:48:44.292+0000][7][gc,age      ] GC(26) Age table with threshold 1 (max threshold 15)
[2022-06-30T11:48:44.292+0000][7][gc,age      ] GC(26) - age   1:     137104 bytes,     137104 total
[2022-06-30T11:48:44.292+0000][7][gc,heap     ] GC(26) Eden regions: 1->0(30)
[2022-06-30T11:48:44.292+0000][7][gc,heap     ] GC(26) Survivor regions: 4->1(1)
[2022-06-30T11:48:44.292+0000][7][gc,heap     ] GC(26) Old regions: 13->16
[2022-06-30T11:48:44.292+0000][7][gc,heap     ] GC(26) Archive regions: 2->2
[2022-06-30T11:48:44.292+0000][7][gc,heap     ] GC(26) Humongous regions: 0->0
[2022-06-30T11:48:44.292+0000][7][gc,metaspace] GC(26) Metaspace: 80233K(82048K)->80233K(82048K) NonClass: 69460K(70464K)->69460K(70464K) Class: 10772K(11584K)->10772K(11584K)
[2022-06-30T11:48:44.292+0000][7][gc          ] GC(26) Pause Young (Mixed) (G1 Evacuation Pause) 73M->69M(256M) 68.712ms
[2022-06-30T11:48:44.292+0000][7][gc,cpu      ] GC(26) User=0.03s Sys=0.00s Real=0.07s
[2022-06-30T11:48:44.292+0000][7][safepoint   ] Safepoint "G1CollectForAllocation", Time since last: 118552610 ns, Reaching safepoint: 146208 ns, At safepoint: 68766006 ns, Total: 68912214 ns
[2022-06-30T11:48:45.300+0000][7][safepoint   ] Safepoint "Cleanup", Time since last: 1000096527 ns, Reaching safepoint: 7363058 ns, At safepoint: 8520 ns, Total: 7371578 ns
[2022-06-30T11:48:46.300+0000][7][safepoint   ] Safepoint "Cleanup", Time since last: 1000253959 ns, Reaching safepoint: 167205 ns, At safepoint: 5755 ns, Total: 172960 ns
[2022-06-30T11:48:47.663+0000][7][safepoint   ] Safepoint "Cleanup", Time since last: 1362442502 ns, Reaching safepoint: 357615 ns, At safepoint: 5575 ns, Total: 363190 ns
[2022-06-30T11:48:48.459+0000][7][safepoint   ] Safepoint "ICBufferFull", Time since last: 794119220 ns, Reaching safepoint: 1508603 ns, At safepoint: 6373 ns, Total: 1514976 ns
[2022-06-30T11:48:50.358+0000][7][safepoint   ] Safepoint "Cleanup", Time since last: 1897918038 ns, Reaching safepoint: 1852941 ns, At safepoint: 9142 ns, Total: 1862083 ns
[2022-06-30T11:48:51.358+0000][7][safepoint   ] Safepoint "Cleanup", Time since last: 1000121172 ns, Reaching safepoint: 43042 ns, At safepoint: 4474 ns, Total: 47516 ns
[2022-06-30T11:48:52.359+0000][7][safepoint   ] Safepoint "Cleanup", Time since last: 1000155397 ns, Reaching safepoint: 51025 ns, At safepoint: 4277 ns, Total: 55302 ns
[2022-06-30T11:48:52.420+0000][7][gc,start    ] GC(27) Pause Young (Normal) (G1 Evacuation Pause)
[2022-06-30T11:48:52.420+0000][7][gc,task     ] GC(27) Using 1 workers of 1 for evacuation
[2022-06-30T11:48:52.420+0000][7][gc,age      ] GC(27) Desired survivor size 8388608 bytes, new threshold 15 (max threshold 15)
[2022-06-30T11:48:52.471+0000][7][gc,phases   ] GC(27)   Pre Evacuate Collection Set: 0.0ms
[2022-06-30T11:48:52.471+0000][7][gc,phases   ] GC(27)   Merge Heap Roots: 0.2ms
[2022-06-30T11:48:52.471+0000][7][gc,phases   ] GC(27)   Evacuate Collection Set: 46.6ms
[2022-06-30T11:48:52.471+0000][7][gc,phases   ] GC(27)   Post Evacuate Collection Set: 3.7ms
[2022-06-30T11:48:52.471+0000][7][gc,phases   ] GC(27)   Other: 0.1ms
[2022-06-30T11:48:52.471+0000][7][gc,age      ] GC(27) Age table with threshold 15 (max threshold 15)
[2022-06-30T11:48:52.471+0000][7][gc,age      ] GC(27) - age   1:    6126776 bytes,    6126776 total
[2022-06-30T11:48:52.471+0000][7][gc,age      ] GC(27) - age   2:     116736 bytes,    6243512 total
[2022-06-30T11:48:52.471+0000][7][gc,heap     ] GC(27) Eden regions: 30->0(29)
[2022-06-30T11:48:52.471+0000][7][gc,heap     ] GC(27) Survivor regions: 1->2(4)
[2022-06-30T11:48:52.471+0000][7][gc,heap     ] GC(27) Old regions: 16->16
[2022-06-30T11:48:52.471+0000][7][gc,heap     ] GC(27) Archive regions: 2->2
[2022-06-30T11:48:52.471+0000][7][gc,heap     ] GC(27) Humongous regions: 0->0
[2022-06-30T11:48:52.471+0000][7][gc,metaspace] GC(27) Metaspace: 95644K(98432K)->95644K(98432K) NonClass: 82572K(84032K)->82572K(84032K) Class: 13072K(14400K)->13072K(14400K)
[2022-06-30T11:48:52.471+0000][7][gc          ] GC(27) Pause Young (Normal) (G1 Evacuation Pause) 189M->73M(256M) 50.841ms
[2022-06-30T11:48:52.471+0000][7][gc,cpu      ] GC(27) User=0.03s Sys=0.00s Real=0.05s
[2022-06-30T11:48:52.471+0000][7][safepoint   ] Safepoint "G1CollectForAllocation", Time since last: 61378157 ns, Reaching safepoint: 27021 ns, At safepoint: 50899251 ns, Total: 50926272 ns
[2022-06-30T11:48:53.475+0000][7][safepoint   ] Safepoint "Cleanup", Time since last: 1003572380 ns, Reaching safepoint: 61071 ns, At safepoint: 4295 ns, Total: 65366 ns
[2022-06-30T11:48:54.476+0000][7][safepoint   ] Safepoint "Cleanup", Time since last: 1001663332 ns, Reaching safepoint: 178535 ns, At safepoint: 6637 ns, Total: 185172 ns
[2022-06-30T11:48:56.022+0000][7][safepoint   ] Safepoint "ICBufferFull", Time since last: 1545202052 ns, Reaching safepoint: 120253 ns, At safepoint: 3921 ns, Total: 124174 ns
[2022-06-30T11:48:56.960+0000][7][gc,start    ] GC(28) Pause Young (Concurrent Start) (G1 Humongous Allocation)
[2022-06-30T11:48:56.960+0000][7][gc,task     ] GC(28) Using 1 workers of 1 for evacuation
[2022-06-30T11:48:56.960+0000][7][gc,age      ] GC(28) Desired survivor size 8388608 bytes, new threshold 15 (max threshold 15)
[2022-06-30T11:48:57.021+0000][7][gc,phases   ] GC(28)   Pre Evacuate Collection Set: 7.0ms
[2022-06-30T11:48:57.021+0000][7][gc,phases   ] GC(28)   Merge Heap Roots: 0.2ms
[2022-06-30T11:48:57.021+0000][7][gc,phases   ] GC(28)   Evacuate Collection Set: 52.5ms
[2022-06-30T11:48:57.021+0000][7][gc,phases   ] GC(28)   Post Evacuate Collection Set: 1.6ms
[2022-06-30T11:48:57.021+0000][7][gc,phases   ] GC(28)   Other: 0.1ms
[2022-06-30T11:48:57.021+0000][7][gc,age      ] GC(28) Age table with threshold 15 (max threshold 15)
[2022-06-30T11:48:57.021+0000][7][gc,age      ] GC(28) - age   1:    2864328 bytes,    2864328 total
[2022-06-30T11:48:57.021+0000][7][gc,age      ] GC(28) - age   2:    5720600 bytes,    8584928 total
[2022-06-30T11:48:57.021+0000][7][gc,age      ] GC(28) - age   3:     116704 bytes,    8701632 total
[2022-06-30T11:48:57.021+0000][7][gc,heap     ] GC(28) Eden regions: 16->0(27)
[2022-06-30T11:48:57.021+0000][7][gc,heap     ] GC(28) Survivor regions: 2->3(4)
[2022-06-30T11:48:57.021+0000][7][gc,heap     ] GC(28) Old regions: 16->16
[2022-06-30T11:48:57.021+0000][7][gc,heap     ] GC(28) Archive regions: 2->2
[2022-06-30T11:48:57.021+0000][7][gc,heap     ] GC(28) Humongous regions: 1->1
[2022-06-30T11:48:57.021+0000][7][gc,metaspace] GC(28) Metaspace: 100056K(102848K)->100056K(102848K) NonClass: 86309K(87808K)->86309K(87808K) Class: 13746K(15040K)->13746K(15040K)
[2022-06-30T11:48:57.021+0000][7][gc          ] GC(28) Pause Young (Concurrent Start) (G1 Humongous Allocation) 140M->80M(256M) 61.611ms
[2022-06-30T11:48:57.021+0000][7][gc,cpu      ] GC(28) User=0.03s Sys=0.00s Real=0.06s
[2022-06-30T11:48:57.021+0000][7][safepoint   ] Safepoint "G1TryInitiateConcMark", Time since last: 937719673 ns, Reaching safepoint: 98329 ns, At safepoint: 61675644 ns, Total: 61773973 ns
[2022-06-30T11:48:57.021+0000][7][gc          ] GC(29) Concurrent Undo Cycle
[2022-06-30T11:48:57.021+0000][7][gc,marking  ] GC(29) Concurrent Cleanup for Next Mark
[2022-06-30T11:48:57.036+0000][7][gc,marking  ] GC(29) Concurrent Cleanup for Next Mark 14.858ms
[2022-06-30T11:48:57.036+0000][7][gc          ] GC(29) Concurrent Undo Cycle 14.923ms
[2022-06-30T11:48:57.847+0000][7][gc,start    ] GC(30) Pause Young (Concurrent Start) (Metadata GC Threshold)
[2022-06-30T11:48:57.847+0000][7][gc,task     ] GC(30) Using 1 workers of 1 for evacuation
[2022-06-30T11:48:57.847+0000][7][gc,age      ] GC(30) Desired survivor size 8388608 bytes, new threshold 2 (max threshold 15)
[2022-06-30T11:48:57.900+0000][7][gc,phases   ] GC(30)   Pre Evacuate Collection Set: 0.2ms
[2022-06-30T11:48:57.900+0000][7][gc,phases   ] GC(30)   Merge Heap Roots: 0.1ms
[2022-06-30T11:48:57.900+0000][7][gc,phases   ] GC(30)   Evacuate Collection Set: 51.8ms
[2022-06-30T11:48:57.900+0000][7][gc,phases   ] GC(30)   Post Evacuate Collection Set: 1.2ms
[2022-06-30T11:48:57.900+0000][7][gc,phases   ] GC(30)   Other: 0.1ms
[2022-06-30T11:48:57.900+0000][7][gc,age      ] GC(30) Age table with threshold 2 (max threshold 15)
[2022-06-30T11:48:57.900+0000][7][gc,age      ] GC(30) - age   1:    1040536 bytes,    1040536 total
[2022-06-30T11:48:57.900+0000][7][gc,age      ] GC(30) - age   2:    2791576 bytes,    3832112 total
[2022-06-30T11:48:57.900+0000][7][gc,heap     ] GC(30) Eden regions: 3->0(24)
[2022-06-30T11:48:57.900+0000][7][gc,heap     ] GC(30) Survivor regions: 3->1(4)
[2022-06-30T11:48:57.900+0000][7][gc,heap     ] GC(30) Old regions: 16->18
[2022-06-30T11:48:57.900+0000][7][gc,heap     ] GC(30) Archive regions: 2->2
[2022-06-30T11:48:57.900+0000][7][gc,heap     ] GC(30) Humongous regions: 2->2
[2022-06-30T11:48:57.900+0000][7][gc,metaspace] GC(30) Metaspace: 101323K(104000K)->101323K(104000K) NonClass: 87414K(88832K)->87414K(88832K) Class: 13909K(15168K)->13909K(15168K)
[2022-06-30T11:48:57.900+0000][7][gc          ] GC(30) Pause Young (Concurrent Start) (Metadata GC Threshold) 95M->85M(256M) 53.735ms
[2022-06-30T11:48:57.900+0000][7][gc,cpu      ] GC(30) User=0.03s Sys=0.00s Real=0.05s
[2022-06-30T11:48:57.900+0000][7][safepoint   ] Safepoint "CollectForMetadataAllocation", Time since last: 825217521 ns, Reaching safepoint: 79696 ns, At safepoint: 53858737 ns, Total: 53938433 ns
[2022-06-30T11:48:57.902+0000][7][gc          ] GC(31) Concurrent Mark Cycle
[2022-06-30T11:48:57.903+0000][7][gc,marking  ] GC(31) Concurrent Clear Claimed Marks
[2022-06-30T11:48:57.903+0000][7][gc,marking  ] GC(31) Concurrent Clear Claimed Marks 0.198ms
[2022-06-30T11:48:57.903+0000][7][gc,marking  ] GC(31) Concurrent Scan Root Regions
[2022-06-30T11:48:57.931+0000][7][safepoint   ] Safepoint "CollectForMetadataAllocation", Time since last: 30414430 ns, Reaching safepoint: 589808 ns, At safepoint: 9316 ns, Total: 599124 ns
[2022-06-30T11:48:57.935+0000][7][safepoint   ] Safepoint "CollectForMetadataAllocation", Time since last: 3058227 ns, Reaching safepoint: 129144 ns, At safepoint: 6022 ns, Total: 135166 ns
[2022-06-30T11:48:57.996+0000][7][gc,marking  ] GC(31) Concurrent Scan Root Regions 92.852ms
[2022-06-30T11:48:57.996+0000][7][gc,marking  ] GC(31) Concurrent Mark
[2022-06-30T11:48:57.996+0000][7][gc,marking  ] GC(31) Concurrent Mark From Roots
[2022-06-30T11:48:57.996+0000][7][gc,task     ] GC(31) Using 1 workers of 1 for marking
[2022-06-30T11:48:58.195+0000][7][safepoint   ] Safepoint "CollectForMetadataAllocation", Time since last: 255852947 ns, Reaching safepoint: 4757148 ns, At safepoint: 57573 ns, Total: 4814721 ns
[2022-06-30T11:48:58.212+0000][7][safepoint   ] Safepoint "CollectForMetadataAllocation", Time since last: 9698499 ns, Reaching safepoint: 7421143 ns, At safepoint: 11715 ns, Total: 7432858 ns
[2022-06-30T11:48:58.443+0000][7][gc,marking  ] GC(31) Concurrent Mark From Roots 447.358ms
[2022-06-30T11:48:58.443+0000][7][gc,marking  ] GC(31) Concurrent Preclean
[2022-06-30T11:48:58.443+0000][7][gc,marking  ] GC(31) Concurrent Preclean 0.246ms
[2022-06-30T11:48:58.443+0000][7][gc,start    ] GC(31) Pause Remark
[2022-06-30T11:48:58.470+0000][7][gc          ] GC(31) Pause Remark 92M->92M(256M) 26.685ms
[2022-06-30T11:48:58.470+0000][7][gc,cpu      ] GC(31) User=0.01s Sys=0.00s Real=0.03s
[2022-06-30T11:48:58.470+0000][7][safepoint   ] Safepoint "G1Concurrent", Time since last: 230850764 ns, Reaching safepoint: 150460 ns, At safepoint: 26766840 ns, Total: 26917300 ns
[2022-06-30T11:48:58.483+0000][7][gc,marking  ] GC(31) Concurrent Mark 486.878ms
[2022-06-30T11:48:58.483+0000][7][gc,marking  ] GC(31) Concurrent Rebuild Remembered Sets
[2022-06-30T11:48:58.862+0000][7][gc,marking  ] GC(31) Concurrent Rebuild Remembered Sets 379.347ms
[2022-06-30T11:48:58.862+0000][7][gc,start    ] GC(31) Pause Cleanup
[2022-06-30T11:48:58.862+0000][7][gc          ] GC(31) Pause Cleanup 100M->100M(256M) 0.049ms
[2022-06-30T11:48:58.862+0000][7][gc,cpu      ] GC(31) User=0.00s Sys=0.00s Real=0.00s
[2022-06-30T11:48:58.862+0000][7][safepoint   ] Safepoint "G1Concurrent", Time since last: 391717007 ns, Reaching safepoint: 162785 ns, At safepoint: 87509 ns, Total: 250294 ns
[2022-06-30T11:48:58.862+0000][7][gc,marking  ] GC(31) Concurrent Cleanup for Next Mark
[2022-06-30T11:48:58.871+0000][7][gc,marking  ] GC(31) Concurrent Cleanup for Next Mark 8.927ms
[2022-06-30T11:48:58.871+0000][7][gc          ] GC(31) Concurrent Mark Cycle 968.665ms
[2022-06-30T11:48:59.868+0000][7][safepoint   ] Safepoint "Cleanup", Time since last: 1004316830 ns, Reaching safepoint: 1097509 ns, At safepoint: 6269 ns, Total: 1103778 ns
[2022-06-30T11:49:00.868+0000][7][safepoint   ] Safepoint "Cleanup", Time since last: 1000107481 ns, Reaching safepoint: 198604 ns, At safepoint: 6947 ns, Total: 205551 ns
[2022-06-30T11:49:01.875+0000][7][safepoint   ] Safepoint "Cleanup", Time since last: 1002596998 ns, Reaching safepoint: 4030154 ns, At safepoint: 10908 ns, Total: 4041062 ns
[2022-06-30T11:49:02.879+0000][7][safepoint   ] Safepoint "Cleanup", Time since last: 1003945795 ns, Reaching safepoint: 294047 ns, At safepoint: 5711 ns, Total: 299758 ns
[2022-06-30T11:49:03.065+0000][7][gc,start    ] GC(32) Pause Young (Normal) (G1 Evacuation Pause)
[2022-06-30T11:49:03.065+0000][7][gc,task     ] GC(32) Using 1 workers of 1 for evacuation
[2022-06-30T11:49:03.065+0000][7][gc,age      ] GC(32) Desired survivor size 8388608 bytes, new threshold 15 (max threshold 15)
[2022-06-30T11:49:03.096+0000][7][gc,phases   ] GC(32)   Pre Evacuate Collection Set: 0.0ms
[2022-06-30T11:49:03.096+0000][7][gc,phases   ] GC(32)   Merge Heap Roots: 0.1ms
[2022-06-30T11:49:03.096+0000][7][gc,phases   ] GC(32)   Evacuate Collection Set: 29.1ms
[2022-06-30T11:49:03.096+0000][7][gc,phases   ] GC(32)   Post Evacuate Collection Set: 1.2ms
[2022-06-30T11:49:03.096+0000][7][gc,phases   ] GC(32)   Other: 0.1ms
[2022-06-30T11:49:03.096+0000][7][gc,age      ] GC(32) Age table with threshold 15 (max threshold 15)
[2022-06-30T11:49:03.096+0000][7][gc,age      ] GC(32) - age   1:    5608488 bytes,    5608488 total
[2022-06-30T11:49:03.096+0000][7][gc,age      ] GC(32) - age   2:     972224 bytes,    6580712 total
[2022-06-30T11:49:03.096+0000][7][gc,age      ] GC(32) - age   3:    2743304 bytes,    9324016 total
[2022-06-30T11:49:03.096+0000][7][gc,heap     ] GC(32) Eden regions: 24->0(23)
[2022-06-30T11:49:03.096+0000][7][gc,heap     ] GC(32) Survivor regions: 1->3(4)
[2022-06-30T11:49:03.096+0000][7][gc,heap     ] GC(32) Old regions: 18->18
[2022-06-30T11:49:03.096+0000][7][gc,heap     ] GC(32) Archive regions: 2->2
[2022-06-30T11:49:03.096+0000][7][gc,heap     ] GC(32) Humongous regions: 2->2
[2022-06-30T11:49:03.096+0000][7][gc,metaspace] GC(32) Metaspace: 103093K(105856K)->103093K(105856K) NonClass: 88963K(90432K)->88963K(90432K) Class: 14129K(15424K)->14129K(15424K)
[2022-06-30T11:49:03.096+0000][7][gc          ] GC(32) Pause Young (Normal) (G1 Evacuation Pause) 180M->90M(256M) 30.726ms
[2022-06-30T11:49:03.096+0000][7][gc,cpu      ] GC(32) User=0.01s Sys=0.00s Real=0.04s
[2022-06-30T11:49:03.096+0000][7][safepoint   ] Safepoint "G1CollectForAllocation", Time since last: 186314302 ns, Reaching safepoint: 30983 ns, At safepoint: 30786577 ns, Total: 30817560 ns
[2022-06-30T11:49:04.387+0000][7][safepoint   ] Safepoint "Cleanup", Time since last: 1290576454 ns, Reaching safepoint: 536711 ns, At safepoint: 9065 ns, Total: 545776 ns
[2022-06-30T11:49:05.388+0000][7][safepoint   ] Safepoint "Cleanup", Time since last: 1000115051 ns, Reaching safepoint: 333381 ns, At safepoint: 9993 ns, Total: 343374 ns
[2022-06-30T11:49:06.388+0000][7][safepoint   ] Safepoint "Cleanup", Time since last: 1000137701 ns, Reaching safepoint: 72232 ns, At safepoint: 4351 ns, Total: 76583 ns
[2022-06-30T11:49:06.523+0000][7][gc,start    ] GC(33) Pause Young (Concurrent Start) (G1 Evacuation Pause)
[2022-06-30T11:49:06.523+0000][7][gc,task     ] GC(33) Using 1 workers of 1 for evacuation
[2022-06-30T11:49:06.523+0000][7][gc,age      ] GC(33) Desired survivor size 8388608 bytes, new threshold 3 (max threshold 15)
[2022-06-30T11:49:06.548+0000][7][gc,phases   ] GC(33)   Pre Evacuate Collection Set: 0.2ms
[2022-06-30T11:49:06.548+0000][7][gc,phases   ] GC(33)   Merge Heap Roots: 0.1ms
[2022-06-30T11:49:06.548+0000][7][gc,phases   ] GC(33)   Evacuate Collection Set: 23.5ms
[2022-06-30T11:49:06.548+0000][7][gc,phases   ] GC(33)   Post Evacuate Collection Set: 1.1ms
[2022-06-30T11:49:06.548+0000][7][gc,phases   ] GC(33)   Other: 0.1ms
[2022-06-30T11:49:06.548+0000][7][gc,age      ] GC(33) Age table with threshold 3 (max threshold 15)
[2022-06-30T11:49:06.548+0000][7][gc,age      ] GC(33) - age   1:    2014208 bytes,    2014208 total
[2022-06-30T11:49:06.548+0000][7][gc,age      ] GC(33) - age   2:    2984328 bytes,    4998536 total
[2022-06-30T11:49:06.548+0000][7][gc,age      ] GC(33) - age   3:     950528 bytes,    5949064 total
[2022-06-30T11:49:06.548+0000][7][gc,heap     ] GC(33) Eden regions: 23->0(24)
[2022-06-30T11:49:06.548+0000][7][gc,heap     ] GC(33) Survivor regions: 3->2(4)
[2022-06-30T11:49:06.548+0000][7][gc,heap     ] GC(33) Old regions: 18->18
[2022-06-30T11:49:06.548+0000][7][gc,heap     ] GC(33) Archive regions: 2->2
[2022-06-30T11:49:06.548+0000][7][gc,heap     ] GC(33) Humongous regions: 2->2
[2022-06-30T11:49:06.548+0000][7][gc,metaspace] GC(33) Metaspace: 103674K(106368K)->103674K(106368K) NonClass: 89473K(90880K)->89473K(90880K) Class: 14201K(15488K)->14201K(15488K)
[2022-06-30T11:49:06.548+0000][7][gc          ] GC(33) Pause Young (Concurrent Start) (G1 Evacuation Pause) 182M->90M(256M) 25.178ms
[2022-06-30T11:49:06.548+0000][7][gc,cpu      ] GC(33) User=0.02s Sys=0.00s Real=0.03s
[2022-06-30T11:49:06.548+0000][7][safepoint   ] Safepoint "G1CollectForAllocation", Time since last: 135015861 ns, Reaching safepoint: 31364 ns, At safepoint: 25293111 ns, Total: 25324475 ns
[2022-06-30T11:49:06.548+0000][7][gc          ] GC(34) Concurrent Mark Cycle
[2022-06-30T11:49:06.548+0000][7][gc,marking  ] GC(34) Concurrent Clear Claimed Marks
[2022-06-30T11:49:06.548+0000][7][gc,marking  ] GC(34) Concurrent Clear Claimed Marks 0.199ms
[2022-06-30T11:49:06.548+0000][7][gc,marking  ] GC(34) Concurrent Scan Root Regions
[2022-06-30T11:49:06.573+0000][7][gc,marking  ] GC(34) Concurrent Scan Root Regions 25.076ms
[2022-06-30T11:49:06.573+0000][7][gc,marking  ] GC(34) Concurrent Mark
[2022-06-30T11:49:06.573+0000][7][gc,marking  ] GC(34) Concurrent Mark From Roots
[2022-06-30T11:49:06.573+0000][7][gc,task     ] GC(34) Using 1 workers of 1 for marking
[2022-06-30T11:49:06.871+0000][7][gc,marking  ] GC(34) Concurrent Mark From Roots 297.038ms
[2022-06-30T11:49:06.871+0000][7][gc,marking  ] GC(34) Concurrent Preclean
[2022-06-30T11:49:06.871+0000][7][gc,marking  ] GC(34) Concurrent Preclean 0.115ms
[2022-06-30T11:49:06.871+0000][7][gc,start    ] GC(34) Pause Remark
[2022-06-30T11:49:06.895+0000][7][gc          ] GC(34) Pause Remark 98M->98M(256M) 23.797ms
[2022-06-30T11:49:06.895+0000][7][gc,cpu      ] GC(34) User=0.01s Sys=0.00s Real=0.03s
[2022-06-30T11:49:06.895+0000][7][safepoint   ] Safepoint "G1Concurrent", Time since last: 322627261 ns, Reaching safepoint: 48367 ns, At safepoint: 23876929 ns, Total: 23925296 ns
[2022-06-30T11:49:06.895+0000][7][gc,marking  ] GC(34) Concurrent Mark 321.184ms
[2022-06-30T11:49:06.895+0000][7][gc,marking  ] GC(34) Concurrent Rebuild Remembered Sets
[2022-06-30T11:49:06.895+0000][7][gc,marking  ] GC(34) Concurrent Rebuild Remembered Sets 0.008ms
[2022-06-30T11:49:06.895+0000][7][gc,start    ] GC(34) Pause Cleanup
[2022-06-30T11:49:06.895+0000][7][gc          ] GC(34) Pause Cleanup 98M->98M(256M) 0.018ms
[2022-06-30T11:49:06.895+0000][7][gc,cpu      ] GC(34) User=0.00s Sys=0.00s Real=0.00s
[2022-06-30T11:49:06.895+0000][7][safepoint   ] Safepoint "G1Concurrent", Time since last: 66415 ns, Reaching safepoint: 11598 ns, At safepoint: 54081 ns, Total: 65679 ns
[2022-06-30T11:49:06.895+0000][7][gc,marking  ] GC(34) Concurrent Cleanup for Next Mark
[2022-06-30T11:49:06.896+0000][7][gc,marking  ] GC(34) Concurrent Cleanup for Next Mark 0.752ms
[2022-06-30T11:49:06.896+0000][7][gc          ] GC(34) Concurrent Mark Cycle 347.422ms
[2022-06-30T11:49:07.896+0000][7][safepoint   ] Safepoint "Cleanup", Time since last: 1000086288 ns, Reaching safepoint: 1369968 ns, At safepoint: 4448 ns, Total: 1374416 ns
[2022-06-30T11:49:08.899+0000][7][safepoint   ] Safepoint "Cleanup", Time since last: 1002333049 ns, Reaching safepoint: 54234 ns, At safepoint: 4225 ns, Total: 58459 ns
[2022-06-30T11:49:09.835+0000][7][gc,start    ] GC(35) Pause Young (Normal) (G1 Evacuation Pause)
[2022-06-30T11:49:09.835+0000][7][gc,task     ] GC(35) Using 1 workers of 1 for evacuation
[2022-06-30T11:49:09.835+0000][7][gc,age      ] GC(35) Desired survivor size 8388608 bytes, new threshold 15 (max threshold 15)
[2022-06-30T11:49:09.844+0000][7][gc,phases   ] GC(35)   Pre Evacuate Collection Set: 0.0ms
[2022-06-30T11:49:09.844+0000][7][gc,phases   ] GC(35)   Merge Heap Roots: 0.1ms
[2022-06-30T11:49:09.844+0000][7][gc,phases   ] GC(35)   Evacuate Collection Set: 8.0ms
[2022-06-30T11:49:09.844+0000][7][gc,phases   ] GC(35)   Post Evacuate Collection Set: 1.0ms
[2022-06-30T11:49:09.844+0000][7][gc,phases   ] GC(35)   Other: 0.1ms
[2022-06-30T11:49:09.844+0000][7][gc,age      ] GC(35) Age table with threshold 15 (max threshold 15)
[2022-06-30T11:49:09.844+0000][7][gc,age      ] GC(35) - age   1:     820632 bytes,     820632 total
[2022-06-30T11:49:09.844+0000][7][gc,age      ] GC(35) - age   2:     155408 bytes,     976040 total
[2022-06-30T11:49:09.844+0000][7][gc,age      ] GC(35) - age   3:    2984072 bytes,    3960112 total
[2022-06-30T11:49:09.844+0000][7][gc,age      ] GC(35) - age   4:     950328 bytes,    4910440 total
[2022-06-30T11:49:09.844+0000][7][gc,heap     ] GC(35) Eden regions: 24->0(25)
[2022-06-30T11:49:09.844+0000][7][gc,heap     ] GC(35) Survivor regions: 2->2(4)
[2022-06-30T11:49:09.844+0000][7][gc,heap     ] GC(35) Old regions: 18->18
[2022-06-30T11:49:09.844+0000][7][gc,heap     ] GC(35) Archive regions: 2->2
[2022-06-30T11:49:09.844+0000][7][gc,heap     ] GC(35) Humongous regions: 2->2
[2022-06-30T11:49:09.844+0000][7][gc,metaspace] GC(35) Metaspace: 103793K(106560K)->103793K(106560K) NonClass: 89592K(91072K)->89592K(91072K) Class: 14201K(15488K)->14201K(15488K)
[2022-06-30T11:49:09.844+0000][7][gc          ] GC(35) Pause Young (Normal) (G1 Evacuation Pause) 186M->88M(256M) 9.488ms
[2022-06-30T11:49:09.844+0000][7][gc,cpu      ] GC(35) User=0.00s Sys=0.00s Real=0.00s
[2022-06-30T11:49:09.844+0000][7][safepoint   ] Safepoint "G1CollectForAllocation", Time since last: 935961283 ns, Reaching safepoint: 47631 ns, At safepoint: 9548177 ns, Total: 9595808 ns
[2022-06-30T11:49:10.844+0000][7][safepoint   ] Safepoint "Cleanup", Time since last: 1000093120 ns, Reaching safepoint: 174829 ns, At safepoint: 9083 ns, Total: 183912 ns
[2022-06-30T11:49:11.845+0000][7][safepoint   ] Safepoint "Cleanup", Time since last: 1000106063 ns, Reaching safepoint: 171328 ns, At safepoint: 6155 ns, Total: 177483 ns
[2022-06-30T11:49:11.979+0000][7][gc,start    ] GC(36) Pause Young (Concurrent Start) (G1 Evacuation Pause)
[2022-06-30T11:49:11.979+0000][7][gc,task     ] GC(36) Using 1 workers of 1 for evacuation
[2022-06-30T11:49:11.979+0000][7][gc,age      ] GC(36) Desired survivor size 8388608 bytes, new threshold 15 (max threshold 15)
[2022-06-30T11:49:11.990+0000][7][gc,phases   ] GC(36)   Pre Evacuate Collection Set: 0.2ms
[2022-06-30T11:49:11.990+0000][7][gc,phases   ] GC(36)   Merge Heap Roots: 0.0ms
[2022-06-30T11:49:11.990+0000][7][gc,phases   ] GC(36)   Evacuate Collection Set: 9.8ms
[2022-06-30T11:49:11.990+0000][7][gc,phases   ] GC(36)   Post Evacuate Collection Set: 1.0ms
[2022-06-30T11:49:11.990+0000][7][gc,phases   ] GC(36)   Other: 0.1ms
[2022-06-30T11:49:11.990+0000][7][gc,age      ] GC(36) Age table with threshold 15 (max threshold 15)
[2022-06-30T11:49:11.990+0000][7][gc,age      ] GC(36) - age   1:    2071064 bytes,    2071064 total
[2022-06-30T11:49:11.990+0000][7][gc,age      ] GC(36) - age   2:      86024 bytes,    2157088 total
[2022-06-30T11:49:11.990+0000][7][gc,age      ] GC(36) - age   3:     155184 bytes,    2312272 total
[2022-06-30T11:49:11.990+0000][7][gc,age      ] GC(36) - age   4:    2984072 bytes,    5296344 total
[2022-06-30T11:49:11.990+0000][7][gc,age      ] GC(36) - age   5:     950328 bytes,    6246672 total
[2022-06-30T11:49:11.990+0000][7][gc,heap     ] GC(36) Eden regions: 25->0(26)
[2022-06-30T11:49:11.990+0000][7][gc,heap     ] GC(36) Survivor regions: 2->2(4)
[2022-06-30T11:49:11.990+0000][7][gc,heap     ] GC(36) Old regions: 18->18
[2022-06-30T11:49:11.990+0000][7][gc,heap     ] GC(36) Archive regions: 2->2
[2022-06-30T11:49:11.990+0000][7][gc,heap     ] GC(36) Humongous regions: 2->2
[2022-06-30T11:49:11.990+0000][7][gc,metaspace] GC(36) Metaspace: 103872K(106624K)->103872K(106624K) NonClass: 89671K(91136K)->89671K(91136K) Class: 14201K(15488K)->14201K(15488K)
[2022-06-30T11:49:11.990+0000][7][gc          ] GC(36) Pause Young (Concurrent Start) (G1 Evacuation Pause) 188M->89M(256M) 11.358ms
[2022-06-30T11:49:11.990+0000][7][gc,cpu      ] GC(36) User=0.01s Sys=0.00s Real=0.01s
[2022-06-30T11:49:11.990+0000][7][safepoint   ] Safepoint "G1CollectForAllocation", Time since last: 133785325 ns, Reaching safepoint: 35087 ns, At safepoint: 11428765 ns, Total: 11463852 ns
[2022-06-30T11:49:11.990+0000][7][gc          ] GC(37) Concurrent Mark Cycle
[2022-06-30T11:49:11.990+0000][7][gc,marking  ] GC(37) Concurrent Clear Claimed Marks
[2022-06-30T11:49:11.990+0000][7][gc,marking  ] GC(37) Concurrent Clear Claimed Marks 0.157ms
[2022-06-30T11:49:11.990+0000][7][gc,marking  ] GC(37) Concurrent Scan Root Regions
[2022-06-30T11:49:11.998+0000][7][gc,marking  ] GC(37) Concurrent Scan Root Regions 7.648ms
[2022-06-30T11:49:11.998+0000][7][gc,marking  ] GC(37) Concurrent Mark
[2022-06-30T11:49:11.998+0000][7][gc,marking  ] GC(37) Concurrent Mark From Roots
[2022-06-30T11:49:11.998+0000][7][gc,task     ] GC(37) Using 1 workers of 1 for marking
[2022-06-30T11:49:12.280+0000][7][gc,marking  ] GC(37) Concurrent Mark From Roots 281.822ms
[2022-06-30T11:49:12.280+0000][7][gc,marking  ] GC(37) Concurrent Preclean
[2022-06-30T11:49:12.280+0000][7][gc,marking  ] GC(37) Concurrent Preclean 0.093ms
[2022-06-30T11:49:12.280+0000][7][gc,start    ] GC(37) Pause Remark
[2022-06-30T11:49:12.312+0000][7][gc          ] GC(37) Pause Remark 98M->98M(256M) 31.630ms
[2022-06-30T11:49:12.312+0000][7][gc,cpu      ] GC(37) User=0.02s Sys=0.00s Real=0.03s
[2022-06-30T11:49:12.312+0000][7][safepoint   ] Safepoint "G1Concurrent", Time since last: 289881256 ns, Reaching safepoint: 40185 ns, At safepoint: 31704585 ns, Total: 31744770 ns
[2022-06-30T11:49:12.312+0000][7][gc,marking  ] GC(37) Concurrent Mark 313.955ms
[2022-06-30T11:49:12.312+0000][7][gc,marking  ] GC(37) Concurrent Rebuild Remembered Sets
[2022-06-30T11:49:12.312+0000][7][gc,marking  ] GC(37) Concurrent Rebuild Remembered Sets 0.009ms
[2022-06-30T11:49:12.313+0000][7][gc,start    ] GC(37) Pause Cleanup
[2022-06-30T11:49:12.313+0000][7][gc          ] GC(37) Pause Cleanup 98M->98M(256M) 0.029ms
[2022-06-30T11:49:12.313+0000][7][gc,cpu      ] GC(37) User=0.00s Sys=0.00s Real=0.00s
[2022-06-30T11:49:12.313+0000][7][safepoint   ] Safepoint "G1Concurrent", Time since last: 777726 ns, Reaching safepoint: 966821 ns, At safepoint: 61196 ns, Total: 1028017 ns
[2022-06-30T11:49:12.313+0000][7][gc,marking  ] GC(37) Concurrent Cleanup for Next Mark
[2022-06-30T11:49:12.315+0000][7][gc,marking  ] GC(37) Concurrent Cleanup for Next Mark 1.877ms
[2022-06-30T11:49:12.315+0000][7][gc          ] GC(37) Concurrent Mark Cycle 325.310ms
[2022-06-30T11:49:13.900+0000][7][safepoint   ] Safepoint "Cleanup", Time since last: 1586634479 ns, Reaching safepoint: 104396 ns, At safepoint: 4358 ns, Total: 108754 ns
[2022-06-30T11:49:14.900+0000][7][safepoint   ] Safepoint "Cleanup", Time since last: 1000114014 ns, Reaching safepoint: 56630 ns, At safepoint: 4442 ns, Total: 61072 ns
[2022-06-30T11:49:15.901+0000][7][safepoint   ] Safepoint "Cleanup", Time since last: 1000128753 ns, Reaching safepoint: 61041 ns, At safepoint: 4263 ns, Total: 65304 ns
[2022-06-30T11:49:16.901+0000][7][safepoint   ] Safepoint "Cleanup", Time since last: 1000154774 ns, Reaching safepoint: 38445 ns, At safepoint: 4532 ns, Total: 42977 ns
[2022-06-30T11:49:17.901+0000][7][safepoint   ] Safepoint "Cleanup", Time since last: 1000120747 ns, Reaching safepoint: 155994 ns, At safepoint: 7506 ns, Total: 163500 ns
[2022-06-30T11:49:19.901+0000][7][safepoint   ] Safepoint "Cleanup", Time since last: 2000240729 ns, Reaching safepoint: 35392 ns, At safepoint: 4296 ns, Total: 39688 ns
[2022-06-30T11:49:21.902+0000][7][safepoint   ] Safepoint "Cleanup", Time since last: 2000214304 ns, Reaching safepoint: 46690 ns, At safepoint: 4796 ns, Total: 51486 ns
[2022-06-30T11:49:22.902+0000][7][safepoint   ] Safepoint "Cleanup", Time since last: 1000155285 ns, Reaching safepoint: 36839 ns, At safepoint: 4250 ns, Total: 41089 ns
[2022-06-30T11:49:23.279+0000][7][gc,start    ] GC(38) Pause Young (Normal) (G1 Evacuation Pause)
[2022-06-30T11:49:23.279+0000][7][gc,task     ] GC(38) Using 1 workers of 1 for evacuation
[2022-06-30T11:49:23.279+0000][7][gc,age      ] GC(38) Desired survivor size 8388608 bytes, new threshold 15 (max threshold 15)
[2022-06-30T11:49:23.288+0000][7][gc,phases   ] GC(38)   Pre Evacuate Collection Set: 0.0ms
[2022-06-30T11:49:23.288+0000][7][gc,phases   ] GC(38)   Merge Heap Roots: 0.1ms
[2022-06-30T11:49:23.288+0000][7][gc,phases   ] GC(38)   Evacuate Collection Set: 7.9ms
[2022-06-30T11:49:23.288+0000][7][gc,phases   ] GC(38)   Post Evacuate Collection Set: 1.0ms
[2022-06-30T11:49:23.288+0000][7][gc,phases   ] GC(38)   Other: 0.1ms
[2022-06-30T11:49:23.288+0000][7][gc,age      ] GC(38) Age table with threshold 15 (max threshold 15)
[2022-06-30T11:49:23.288+0000][7][gc,age      ] GC(38) - age   1:     372280 bytes,     372280 total
[2022-06-30T11:49:23.288+0000][7][gc,age      ] GC(38) - age   2:      48704 bytes,     420984 total
[2022-06-30T11:49:23.288+0000][7][gc,age      ] GC(38) - age   3:      28832 bytes,     449816 total
[2022-06-30T11:49:23.288+0000][7][gc,age      ] GC(38) - age   4:      89040 bytes,     538856 total
[2022-06-30T11:49:23.288+0000][7][gc,age      ] GC(38) - age   5:    2918040 bytes,    3456896 total
[2022-06-30T11:49:23.288+0000][7][gc,age      ] GC(38) - age   6:     934744 bytes,    4391640 total
[2022-06-30T11:49:23.288+0000][7][gc,heap     ] GC(38) Eden regions: 26->0(26)
[2022-06-30T11:49:23.288+0000][7][gc,heap     ] GC(38) Survivor regions: 2->2(4)
[2022-06-30T11:49:23.288+0000][7][gc,heap     ] GC(38) Old regions: 18->18
[2022-06-30T11:49:23.288+0000][7][gc,heap     ] GC(38) Archive regions: 2->2
[2022-06-30T11:49:23.288+0000][7][gc,heap     ] GC(38) Humongous regions: 2->2
[2022-06-30T11:49:23.288+0000][7][gc,metaspace] GC(38) Metaspace: 105312K(108096K)->105312K(108096K) NonClass: 90933K(92416K)->90933K(92416K) Class: 14379K(15680K)->14379K(15680K)
[2022-06-30T11:49:23.288+0000][7][gc          ] GC(38) Pause Young (Normal) (G1 Evacuation Pause) 193M->88M(256M) 9.371ms
[2022-06-30T11:49:23.288+0000][7][gc,cpu      ] GC(38) User=0.00s Sys=0.00s Real=0.01s
[2022-06-30T11:49:23.288+0000][7][safepoint   ] Safepoint "G1CollectForAllocation", Time since last: 377176466 ns, Reaching safepoint: 23944 ns, At safepoint: 9423993 ns, Total: 9447937 ns
[2022-06-30T11:49:27.289+0000][7][safepoint   ] Safepoint "Cleanup", Time since last: 4000425831 ns, Reaching safepoint: 37581 ns, At safepoint: 4773 ns, Total: 42354 ns
[2022-06-30T11:49:29.291+0000][7][safepoint   ] Safepoint "Cleanup", Time since last: 2001698212 ns, Reaching safepoint: 38761 ns, At safepoint: 4665 ns, Total: 43426 ns
[2022-06-30T11:49:31.291+0000][7][safepoint   ] Safepoint "Cleanup", Time since last: 2000200545 ns, Reaching safepoint: 37510 ns, At safepoint: 4433 ns, Total: 41943 ns
[2022-06-30T11:49:32.291+0000][7][safepoint   ] Safepoint "Cleanup", Time since last: 1000158847 ns, Reaching safepoint: 36356 ns, At safepoint: 4509 ns, Total: 40865 ns
[2022-06-30T11:49:34.291+0000][7][safepoint   ] Safepoint "Cleanup", Time since last: 2000232032 ns, Reaching safepoint: 38586 ns, At safepoint: 4504 ns, Total: 43090 ns
[2022-06-30T11:49:35.291+0000][7][safepoint   ] Safepoint "Cleanup", Time since last: 1000155499 ns, Reaching safepoint: 39352 ns, At safepoint: 4237 ns, Total: 43589 ns
[2022-06-30T11:49:36.292+0000][7][safepoint   ] Safepoint "Cleanup", Time since last: 1000187215 ns, Reaching safepoint: 40906 ns, At safepoint: 5421 ns, Total: 46327 ns
[2022-06-30T11:49:37.292+0000][7][safepoint   ] Safepoint "Cleanup", Time since last: 1000179749 ns, Reaching safepoint: 43306 ns, At safepoint: 4965 ns, Total: 48271 ns
[2022-06-30T11:49:39.292+0000][7][safepoint   ] Safepoint "Cleanup", Time since last: 2000207182 ns, Reaching safepoint: 46984 ns, At safepoint: 4251 ns, Total: 51235 ns
[2022-06-30T11:49:41.293+0000][7][safepoint   ] Safepoint "Cleanup", Time since last: 2000289636 ns, Reaching safepoint: 37679 ns, At safepoint: 4508 ns, Total: 42187 ns
[2022-06-30T11:49:42.293+0000][7][safepoint   ] Safepoint "Cleanup", Time since last: 1000140673 ns, Reaching safepoint: 37730 ns, At safepoint: 10727 ns, Total: 48457 ns
[2022-06-30T11:49:44.293+0000][7][safepoint   ] Safepoint "Cleanup", Time since last: 2000256095 ns, Reaching safepoint: 40654 ns, At safepoint: 4647 ns, Total: 45301 ns
[2022-06-30T11:49:45.293+0000][7][safepoint   ] Safepoint "Cleanup", Time since last: 1000138473 ns, Reaching safepoint: 37481 ns, At safepoint: 4215 ns, Total: 41696 ns
[2022-06-30T11:49:49.294+0000][7][safepoint   ] Safepoint "Cleanup", Time since last: 4000430374 ns, Reaching safepoint: 38650 ns, At safepoint: 4762 ns, Total: 43412 ns
[2022-06-30T11:49:50.294+0000][7][safepoint   ] Safepoint "Cleanup", Time since last: 1000146723 ns, Reaching safepoint: 36766 ns, At safepoint: 4482 ns, Total: 41248 ns
[2022-06-30T11:49:53.294+0000][7][safepoint   ] Safepoint "Cleanup", Time since last: 3000376673 ns, Reaching safepoint: 45210 ns, At safepoint: 5068 ns, Total: 50278 ns
[2022-06-30T11:49:54.295+0000][7][safepoint   ] Safepoint "Cleanup", Time since last: 1000159343 ns, Reaching safepoint: 40404 ns, At safepoint: 5003 ns, Total: 45407 ns
[2022-06-30T11:49:59.295+0000][7][safepoint   ] Safepoint "Cleanup", Time since last: 5000598519 ns, Reaching safepoint: 36050 ns, At safepoint: 4739 ns, Total: 40789 ns
[2022-06-30T11:50:00.295+0000][7][safepoint   ] Safepoint "Cleanup", Time since last: 1000150825 ns, Reaching safepoint: 45087 ns, At safepoint: 5138 ns, Total: 50225 ns
[2022-06-30T11:50:01.296+0000][7][safepoint   ] Safepoint "Cleanup", Time since last: 1000151502 ns, Reaching safepoint: 39223 ns, At safepoint: 4603 ns, Total: 43826 ns
[2022-06-30T11:50:03.296+0000][7][safepoint   ] Safepoint "Cleanup", Time since last: 2000256617 ns, Reaching safepoint: 40077 ns, At safepoint: 4577 ns, Total: 44654 ns
[2022-06-30T11:50:05.296+0000][7][safepoint   ] Safepoint "Cleanup", Time since last: 2000292504 ns, Reaching safepoint: 66613 ns, At safepoint: 8487 ns, Total: 75100 ns
[2022-06-30T11:50:06.296+0000][7][safepoint   ] Safepoint "Cleanup", Time since last: 1000161293 ns, Reaching safepoint: 35603 ns, At safepoint: 4497 ns, Total: 40100 ns
[2022-06-30T11:50:08.297+0000][7][safepoint   ] Safepoint "Cleanup", Time since last: 2000233553 ns, Reaching safepoint: 35113 ns, At safepoint: 4329 ns, Total: 39442 ns
[2022-06-30T11:50:09.297+0000][7][safepoint   ] Safepoint "Cleanup", Time since last: 1000127347 ns, Reaching safepoint: 37667 ns, At safepoint: 4772 ns, Total: 42439 ns
[2022-06-30T11:50:10.297+0000][7][safepoint   ] Safepoint "Cleanup", Time since last: 1000148268 ns, Reaching safepoint: 38596 ns, At safepoint: 4369 ns, Total: 42965 ns
[2022-06-30T11:50:14.299+0000][7][safepoint   ] Safepoint "Cleanup", Time since last: 4001510993 ns, Reaching safepoint: 51423 ns, At safepoint: 4401 ns, Total: 55824 ns
[2022-06-30T11:50:15.305+0000][7][safepoint   ] Safepoint "Cleanup", Time since last: 1006710364 ns, Reaching safepoint: 55536 ns, At safepoint: 4243 ns, Total: 59779 ns
[2022-06-30T11:50:18.306+0000][7][safepoint   ] Safepoint "Cleanup", Time since last: 3000367995 ns, Reaching safepoint: 43692 ns, At safepoint: 21188 ns, Total: 64880 ns
[2022-06-30T11:50:19.306+0000][7][safepoint   ] Safepoint "Cleanup", Time since last: 1000163996 ns, Reaching safepoint: 39509 ns, At safepoint: 4313 ns, Total: 43822 ns
[2022-06-30T11:50:20.306+0000][7][safepoint   ] Safepoint "Cleanup", Time since last: 1000167382 ns, Reaching safepoint: 48790 ns, At safepoint: 4928 ns, Total: 53718 ns
[2022-06-30T11:50:22.307+0000][7][safepoint   ] Safepoint "Cleanup", Time since last: 2000266037 ns, Reaching safepoint: 37724 ns, At safepoint: 4561 ns, Total: 42285 ns
[2022-06-30T11:50:25.307+0000][7][safepoint   ] Safepoint "Cleanup", Time since last: 3000280853 ns, Reaching safepoint: 39873 ns, At safepoint: 4491 ns, Total: 44364 ns
[2022-06-30T11:50:26.307+0000][7][safepoint   ] Safepoint "Cleanup", Time since last: 1000150725 ns, Reaching safepoint: 39725 ns, At safepoint: 4458 ns, Total: 44183 ns
[2022-06-30T11:50:27.307+0000][7][safepoint   ] Safepoint "Cleanup", Time since last: 1000141556 ns, Reaching safepoint: 37714 ns, At safepoint: 4448 ns, Total: 42162 ns
[2022-06-30T11:50:31.308+0000][7][safepoint   ] Safepoint "Cleanup", Time since last: 4000465033 ns, Reaching safepoint: 37270 ns, At safepoint: 4566 ns, Total: 41836 ns
[2022-06-30T11:50:32.308+0000][7][safepoint   ] Safepoint "Cleanup", Time since last: 1000175486 ns, Reaching safepoint: 39696 ns, At safepoint: 4473 ns, Total: 44169 ns
[2022-06-30T11:50:36.308+0000][7][safepoint   ] Safepoint "Cleanup", Time since last: 4000451955 ns, Reaching safepoint: 38627 ns, At safepoint: 4495 ns, Total: 43122 ns
[2022-06-30T11:50:38.309+0000][7][safepoint   ] Safepoint "Cleanup", Time since last: 2000299077 ns, Reaching safepoint: 39142 ns, At safepoint: 4580 ns, Total: 43722 ns
[2022-06-30T11:50:41.309+0000][7][safepoint   ] Safepoint "Cleanup", Time since last: 3000361035 ns, Reaching safepoint: 39991 ns, At safepoint: 4460 ns, Total: 44451 ns
[2022-06-30T11:50:44.310+0000][7][safepoint   ] Safepoint "Cleanup", Time since last: 3000319873 ns, Reaching safepoint: 38227 ns, At safepoint: 5177 ns, Total: 43404 ns
[2022-06-30T11:50:45.310+0000][7][safepoint   ] Safepoint "Cleanup", Time since last: 1000160298 ns, Reaching safepoint: 46330 ns, At safepoint: 4746 ns, Total: 51076 ns
[2022-06-30T11:50:46.310+0000][7][safepoint   ] Safepoint "Cleanup", Time since last: 1000180046 ns, Reaching safepoint: 43926 ns, At safepoint: 5506 ns, Total: 49432 ns
[2022-06-30T11:50:50.311+0000][7][safepoint   ] Safepoint "Cleanup", Time since last: 4000469947 ns, Reaching safepoint: 70973 ns, At safepoint: 5132 ns, Total: 76105 ns
[2022-06-30T11:50:51.311+0000][7][safepoint   ] Safepoint "Cleanup", Time since last: 1000151808 ns, Reaching safepoint: 41205 ns, At safepoint: 9215 ns, Total: 50420 ns
[2022-06-30T11:50:52.311+0000][7][safepoint   ] Safepoint "Cleanup", Time since last: 1000124967 ns, Reaching safepoint: 41216 ns, At safepoint: 4502 ns, Total: 45718 ns
[2022-06-30T11:50:54.311+0000][7][safepoint   ] Safepoint "Cleanup", Time since last: 2000218584 ns, Reaching safepoint: 38848 ns, At safepoint: 4523 ns, Total: 43371 ns
[2022-06-30T11:50:55.311+0000][7][safepoint   ] Safepoint "Cleanup", Time since last: 1000128982 ns, Reaching safepoint: 44909 ns, At safepoint: 5296 ns, Total: 50205 ns
[2022-06-30T11:50:57.312+0000][7][safepoint   ] Safepoint "Cleanup", Time since last: 2000285659 ns, Reaching safepoint: 45717 ns, At safepoint: 4920 ns, Total: 50637 ns
[2022-06-30T11:50:58.312+0000][7][safepoint   ] Safepoint "Cleanup", Time since last: 1000159720 ns, Reaching safepoint: 39771 ns, At safepoint: 4770 ns, Total: 44541 ns
[2022-06-30T11:51:00.312+0000][7][safepoint   ] Safepoint "Cleanup", Time since last: 2000288357 ns, Reaching safepoint: 43431 ns, At safepoint: 5948 ns, Total: 49379 ns
[2022-06-30T11:51:02.313+0000][7][safepoint   ] Safepoint "Cleanup", Time since last: 2000274964 ns, Reaching safepoint: 48184 ns, At safepoint: 4889 ns, Total: 53073 ns
[2022-06-30T11:51:09.313+0000][7][safepoint   ] Safepoint "Cleanup", Time since last: 7000775518 ns, Reaching safepoint: 38655 ns, At safepoint: 4810 ns, Total: 43465 ns
[2022-06-30T11:51:20.315+0000][7][safepoint   ] Safepoint "Cleanup", Time since last: 11001132993 ns, Reaching safepoint: 88881 ns, At safepoint: 8970 ns, Total: 97851 ns
[2022-06-30T11:51:25.315+0000][7][safepoint   ] Safepoint "Cleanup", Time since last: 5000551416 ns, Reaching safepoint: 39999 ns, At safepoint: 4168 ns, Total: 44167 ns
[2022-06-30T11:51:26.315+0000][7][safepoint   ] Safepoint "Cleanup", Time since last: 1000121083 ns, Reaching safepoint: 35825 ns, At safepoint: 4442 ns, Total: 40267 ns
[2022-06-30T11:51:34.316+0000][7][safepoint   ] Safepoint "Cleanup", Time since last: 8000833957 ns, Reaching safepoint: 35473 ns, At safepoint: 4277 ns, Total: 39750 ns
[2022-06-30T11:51:39.317+0000][7][safepoint   ] Safepoint "Cleanup", Time since last: 5000590639 ns, Reaching safepoint: 33249 ns, At safepoint: 4640 ns, Total: 37889 ns
[2022-06-30T11:51:41.317+0000][7][safepoint   ] Safepoint "Cleanup", Time since last: 2000244770 ns, Reaching safepoint: 33819 ns, At safepoint: 4336 ns, Total: 38155 ns
[2022-06-30T11:51:42.317+0000][7][safepoint   ] Safepoint "Cleanup", Time since last: 1000125061 ns, Reaching safepoint: 28076 ns, At safepoint: 15483 ns, Total: 43559 ns
[2022-06-30T11:51:45.318+0000][7][safepoint   ] Safepoint "Cleanup", Time since last: 3000336211 ns, Reaching safepoint: 39505 ns, At safepoint: 4761 ns, Total: 44266 ns
[2022-06-30T11:51:50.318+0000][7][safepoint   ] Safepoint "Cleanup", Time since last: 5000625678 ns, Reaching safepoint: 60959 ns, At safepoint: 9014 ns, Total: 69973 ns
[2022-06-30T11:51:55.319+0000][7][safepoint   ] Safepoint "Cleanup", Time since last: 5000596848 ns, Reaching safepoint: 37377 ns, At safepoint: 4762 ns, Total: 42139 ns
[2022-06-30T11:51:57.319+0000][7][safepoint   ] Safepoint "Cleanup", Time since last: 2000257735 ns, Reaching safepoint: 39540 ns, At safepoint: 4597 ns, Total: 44137 ns
[2022-06-30T11:52:05.320+0000][7][safepoint   ] Safepoint "Cleanup", Time since last: 8000851535 ns, Reaching safepoint: 39232 ns, At safepoint: 4493 ns, Total: 43725 ns
[2022-06-30T11:52:22.322+0000][7][safepoint   ] Safepoint "Cleanup", Time since last: 17001778945 ns, Reaching safepoint: 34665 ns, At safepoint: 4428 ns, Total: 39093 ns
[2022-06-30T11:52:27.323+0000][7][safepoint   ] Safepoint "Cleanup", Time since last: 5000585256 ns, Reaching safepoint: 35477 ns, At safepoint: 4234 ns, Total: 39711 ns
[2022-06-30T11:52:28.508+0000][7][gc,start    ] GC(39) Pause Young (Concurrent Start) (G1 Evacuation Pause)
[2022-06-30T11:52:28.508+0000][7][gc,task     ] GC(39) Using 1 workers of 1 for evacuation
[2022-06-30T11:52:28.508+0000][7][gc,age      ] GC(39) Desired survivor size 8388608 bytes, new threshold 15 (max threshold 15)
[2022-06-30T11:52:28.517+0000][7][gc,phases   ] GC(39)   Pre Evacuate Collection Set: 0.2ms
[2022-06-30T11:52:28.517+0000][7][gc,phases   ] GC(39)   Merge Heap Roots: 0.1ms
[2022-06-30T11:52:28.517+0000][7][gc,phases   ] GC(39)   Evacuate Collection Set: 7.7ms
[2022-06-30T11:52:28.517+0000][7][gc,phases   ] GC(39)   Post Evacuate Collection Set: 1.0ms
[2022-06-30T11:52:28.517+0000][7][gc,phases   ] GC(39)   Other: 0.4ms
[2022-06-30T11:52:28.517+0000][7][gc,age      ] GC(39) Age table with threshold 15 (max threshold 15)
[2022-06-30T11:52:28.517+0000][7][gc,age      ] GC(39) - age   1:      26296 bytes,      26296 total
[2022-06-30T11:52:28.517+0000][7][gc,age      ] GC(39) - age   2:     338400 bytes,     364696 total
[2022-06-30T11:52:28.517+0000][7][gc,age      ] GC(39) - age   3:      48704 bytes,     413400 total
[2022-06-30T11:52:28.517+0000][7][gc,age      ] GC(39) - age   4:      28464 bytes,     441864 total
[2022-06-30T11:52:28.517+0000][7][gc,age      ] GC(39) - age   5:      88304 bytes,     530168 total
[2022-06-30T11:52:28.517+0000][7][gc,age      ] GC(39) - age   6:    2917280 bytes,    3447448 total
[2022-06-30T11:52:28.517+0000][7][gc,age      ] GC(39) - age   7:     933976 bytes,    4381424 total
[2022-06-30T11:52:28.517+0000][7][gc,heap     ] GC(39) Eden regions: 26->0(27)
[2022-06-30T11:52:28.517+0000][7][gc,heap     ] GC(39) Survivor regions: 2->2(4)
[2022-06-30T11:52:28.517+0000][7][gc,heap     ] GC(39) Old regions: 18->18
[2022-06-30T11:52:28.517+0000][7][gc,heap     ] GC(39) Archive regions: 2->2
[2022-06-30T11:52:28.517+0000][7][gc,heap     ] GC(39) Humongous regions: 2->2
[2022-06-30T11:52:28.517+0000][7][gc,metaspace] GC(39) Metaspace: 105682K(108416K)->105682K(108416K) NonClass: 91300K(92736K)->91300K(92736K) Class: 14382K(15680K)->14382K(15680K)
[2022-06-30T11:52:28.517+0000][7][gc          ] GC(39) Pause Young (Concurrent Start) (G1 Evacuation Pause) 192M->88M(256M) 9.679ms
[2022-06-30T11:52:28.517+0000][7][gc,cpu      ] GC(39) User=0.01s Sys=0.00s Real=0.01s
[2022-06-30T11:52:28.517+0000][7][safepoint   ] Safepoint "G1CollectForAllocation", Time since last: 1184879551 ns, Reaching safepoint: 26403 ns, At safepoint: 9743188 ns, Total: 9769591 ns
[2022-06-30T11:52:28.517+0000][7][gc          ] GC(40) Concurrent Mark Cycle
[2022-06-30T11:52:28.517+0000][7][gc,marking  ] GC(40) Concurrent Clear Claimed Marks
[2022-06-30T11:52:28.518+0000][7][gc,marking  ] GC(40) Concurrent Clear Claimed Marks 0.157ms
[2022-06-30T11:52:28.518+0000][7][gc,marking  ] GC(40) Concurrent Scan Root Regions
[2022-06-30T11:52:28.522+0000][7][gc,marking  ] GC(40) Concurrent Scan Root Regions 4.321ms
[2022-06-30T11:52:28.522+0000][7][gc,marking  ] GC(40) Concurrent Mark
[2022-06-30T11:52:28.522+0000][7][gc,marking  ] GC(40) Concurrent Mark From Roots
[2022-06-30T11:52:28.522+0000][7][gc,task     ] GC(40) Using 1 workers of 1 for marking
[2022-06-30T11:52:28.640+0000][7][gc,marking  ] GC(40) Concurrent Mark From Roots 117.968ms
[2022-06-30T11:52:28.640+0000][7][gc,marking  ] GC(40) Concurrent Preclean
[2022-06-30T11:52:28.640+0000][7][gc,marking  ] GC(40) Concurrent Preclean 0.391ms
[2022-06-30T11:52:28.640+0000][7][gc,start    ] GC(40) Pause Remark
[2022-06-30T11:52:28.685+0000][7][gc          ] GC(40) Pause Remark 90M->90M(256M) 44.621ms
[2022-06-30T11:52:28.685+0000][7][gc,cpu      ] GC(40) User=0.03s Sys=0.00s Real=0.04s
[2022-06-30T11:52:28.691+0000][7][safepoint   ] Safepoint "G1Concurrent", Time since last: 123008734 ns, Reaching safepoint: 39276 ns, At safepoint: 50911330 ns, Total: 50950606 ns
[2022-06-30T11:52:28.691+0000][7][gc,marking  ] GC(40) Concurrent Mark 169.438ms
[2022-06-30T11:52:28.691+0000][7][gc,marking  ] GC(40) Concurrent Rebuild Remembered Sets
[2022-06-30T11:52:28.811+0000][7][gc,marking  ] GC(40) Concurrent Rebuild Remembered Sets 119.609ms
[2022-06-30T11:52:28.816+0000][7][gc,start    ] GC(40) Pause Cleanup
[2022-06-30T11:52:28.817+0000][7][gc          ] GC(40) Pause Cleanup 90M->90M(256M) 0.068ms
[2022-06-30T11:52:28.817+0000][7][gc,cpu      ] GC(40) User=0.00s Sys=0.00s Real=0.00s
[2022-06-30T11:52:28.817+0000][7][safepoint   ] Safepoint "G1Concurrent", Time since last: 119730909 ns, Reaching safepoint: 5428646 ns, At safepoint: 109774 ns, Total: 5538420 ns
[2022-06-30T11:52:28.817+0000][7][gc,marking  ] GC(40) Concurrent Cleanup for Next Mark
[2022-06-30T11:52:28.817+0000][7][gc,marking  ] GC(40) Concurrent Cleanup for Next Mark 0.684ms
[2022-06-30T11:52:28.817+0000][7][gc          ] GC(40) Concurrent Mark Cycle 299.905ms
[2022-06-30T11:52:32.817+0000][7][safepoint   ] Safepoint "Cleanup", Time since last: 4000460207 ns, Reaching safepoint: 41082 ns, At safepoint: 4470 ns, Total: 45552 ns
[2022-06-30T11:52:33.817+0000][7][safepoint   ] Safepoint "Cleanup", Time since last: 1000158493 ns, Reaching safepoint: 40046 ns, At safepoint: 4975 ns, Total: 45021 ns
[2022-06-30T11:52:34.818+0000][7][safepoint   ] Safepoint "Cleanup", Time since last: 1000187578 ns, Reaching safepoint: 52183 ns, At safepoint: 4922 ns, Total: 57105 ns
[2022-06-30T11:52:35.818+0000][7][safepoint   ] Safepoint "Cleanup", Time since last: 1000194468 ns, Reaching safepoint: 49395 ns, At safepoint: 4526 ns, Total: 53921 ns
[2022-06-30T11:52:38.818+0000][7][safepoint   ] Safepoint "Cleanup", Time since last: 3000350228 ns, Reaching safepoint: 36068 ns, At safepoint: 4507 ns, Total: 40575 ns
[2022-06-30T11:52:41.819+0000][7][safepoint   ] Safepoint "Cleanup", Time since last: 3000337891 ns, Reaching safepoint: 44845 ns, At safepoint: 4698 ns, Total: 49543 ns
[2022-06-30T11:52:44.819+0000][7][safepoint   ] Safepoint "Cleanup", Time since last: 3000406323 ns, Reaching safepoint: 38634 ns, At safepoint: 4608 ns, Total: 43242 ns
[2022-06-30T11:52:45.819+0000][7][safepoint   ] Safepoint "Cleanup", Time since last: 1000150244 ns, Reaching safepoint: 44977 ns, At safepoint: 5111 ns, Total: 50088 ns
[2022-06-30T11:52:49.820+0000][7][safepoint   ] Safepoint "Cleanup", Time since last: 4000631965 ns, Reaching safepoint: 42627 ns, At safepoint: 4618 ns, Total: 47245 ns
[2022-06-30T11:52:50.820+0000][7][safepoint   ] Safepoint "Cleanup", Time since last: 1000155681 ns, Reaching safepoint: 54599 ns, At safepoint: 6933 ns, Total: 61532 ns
[2022-06-30T11:52:54.821+0000][7][safepoint   ] Safepoint "Cleanup", Time since last: 4000458368 ns, Reaching safepoint: 36397 ns, At safepoint: 4349 ns, Total: 40746 ns
[2022-06-30T11:52:55.821+0000][7][safepoint   ] Safepoint "Cleanup", Time since last: 1000183578 ns, Reaching safepoint: 53295 ns, At safepoint: 4614 ns, Total: 57909 ns
[2022-06-30T11:52:57.821+0000][7][safepoint   ] Safepoint "Cleanup", Time since last: 2000279775 ns, Reaching safepoint: 59673 ns, At safepoint: 8623 ns, Total: 68296 ns
[2022-06-30T11:53:02.822+0000][7][safepoint   ] Safepoint "Cleanup", Time since last: 5000627085 ns, Reaching safepoint: 37926 ns, At safepoint: 4807 ns, Total: 42733 ns
[2022-06-30T11:53:07.822+0000][7][safepoint   ] Safepoint "Cleanup", Time since last: 5000526098 ns, Reaching safepoint: 37685 ns, At safepoint: 5240 ns, Total: 42925 ns
[2022-06-30T11:53:11.823+0000][7][safepoint   ] Safepoint "Cleanup", Time since last: 4000462072 ns, Reaching safepoint: 36572 ns, At safepoint: 4686 ns, Total: 41258 ns
[2022-06-30T11:53:14.823+0000][7][safepoint   ] Safepoint "Cleanup", Time since last: 3000302048 ns, Reaching safepoint: 37207 ns, At safepoint: 4525 ns, Total: 41732 ns
[2022-06-30T11:53:19.824+0000][7][safepoint   ] Safepoint "Cleanup", Time since last: 5000502154 ns, Reaching safepoint: 52888 ns, At safepoint: 5011 ns, Total: 57899 ns
[2022-06-30T11:53:29.825+0000][7][safepoint   ] Safepoint "Cleanup", Time since last: 10001131445 ns, Reaching safepoint: 36029 ns, At safepoint: 5184 ns, Total: 41213 ns
[2022-06-30T11:53:35.826+0000][7][safepoint   ] Safepoint "Cleanup", Time since last: 6000725790 ns, Reaching safepoint: 37231 ns, At safepoint: 4462 ns, Total: 41693 ns
[2022-06-30T11:53:42.827+0000][7][safepoint   ] Safepoint "Cleanup", Time since last: 7000756639 ns, Reaching safepoint: 40190 ns, At safepoint: 4942 ns, Total: 45132 ns
[2022-06-30T11:53:43.827+0000][7][safepoint   ] Safepoint "Cleanup", Time since last: 1000184005 ns, Reaching safepoint: 59209 ns, At safepoint: 9104 ns, Total: 68313 ns
[2022-06-30T11:53:44.827+0000][7][safepoint   ] Safepoint "Cleanup", Time since last: 1000146033 ns, Reaching safepoint: 36915 ns, At safepoint: 4585 ns, Total: 41500 ns
[2022-06-30T11:53:58.829+0000][7][safepoint   ] Safepoint "Cleanup", Time since last: 14001541896 ns, Reaching safepoint: 38780 ns, At safepoint: 4551 ns, Total: 43331 ns
[2022-06-30T11:54:03.829+0000][7][safepoint   ] Safepoint "Cleanup", Time since last: 5000568538 ns, Reaching safepoint: 37583 ns, At safepoint: 4798 ns, Total: 42381 ns
[2022-06-30T11:54:04.829+0000][7][safepoint   ] Safepoint "Cleanup", Time since last: 1000158820 ns, Reaching safepoint: 41314 ns, At safepoint: 4491 ns, Total: 45805 ns
[2022-06-30T11:54:07.830+0000][7][safepoint   ] Safepoint "Cleanup", Time since last: 3000374655 ns, Reaching safepoint: 62292 ns, At safepoint: 4658 ns, Total: 66950 ns
[2022-06-30T11:54:12.830+0000][7][safepoint   ] Safepoint "Cleanup", Time since last: 5000565235 ns, Reaching safepoint: 41457 ns, At safepoint: 4620 ns, Total: 46077 ns
[2022-06-30T11:54:14.831+0000][7][safepoint   ] Safepoint "Cleanup", Time since last: 2000333959 ns, Reaching safepoint: 74333 ns, At safepoint: 9157 ns, Total: 83490 ns
[2022-06-30T11:54:15.831+0000][7][safepoint   ] Safepoint "Cleanup", Time since last: 1000160990 ns, Reaching safepoint: 41154 ns, At safepoint: 4850 ns, Total: 46004 ns
[2022-06-30T11:54:18.832+0000][7][safepoint   ] Safepoint "Cleanup", Time since last: 3000418478 ns, Reaching safepoint: 38299 ns, At safepoint: 4433 ns, Total: 42732 ns
[2022-06-30T11:54:22.832+0000][7][safepoint   ] Safepoint "Cleanup", Time since last: 4000470844 ns, Reaching safepoint: 39808 ns, At safepoint: 4493 ns, Total: 44301 ns
[2022-06-30T11:54:24.832+0000][7][safepoint   ] Safepoint "Cleanup", Time since last: 2000230528 ns, Reaching safepoint: 37768 ns, At safepoint: 4656 ns, Total: 42424 ns
[2022-06-30T11:54:28.833+0000][7][safepoint   ] Safepoint "Cleanup", Time since last: 4000541782 ns, Reaching safepoint: 61315 ns, At safepoint: 5103 ns, Total: 66418 ns
[2022-06-30T11:54:29.833+0000][7][safepoint   ] Safepoint "Cleanup", Time since last: 1000161853 ns, Reaching safepoint: 41429 ns, At safepoint: 4648 ns, Total: 46077 ns
[2022-06-30T11:54:34.834+0000][7][safepoint   ] Safepoint "Cleanup", Time since last: 5000658343 ns, Reaching safepoint: 60100 ns, At safepoint: 8367 ns, Total: 68467 ns
[2022-06-30T11:54:43.835+0000][7][safepoint   ] Safepoint "Cleanup", Time since last: 9001071583 ns, Reaching safepoint: 40525 ns, At safepoint: 4927 ns, Total: 45452 ns
[2022-06-30T11:54:47.836+0000][7][safepoint   ] Safepoint "Cleanup", Time since last: 4000451988 ns, Reaching safepoint: 34864 ns, At safepoint: 4080 ns, Total: 38944 ns
[2022-06-30T11:55:05.838+0000][7][safepoint   ] Safepoint "Cleanup", Time since last: 18002161170 ns, Reaching safepoint: 40002 ns, At safepoint: 4586 ns, Total: 44588 ns
[2022-06-30T11:55:08.838+0000][7][safepoint   ] Safepoint "Cleanup", Time since last: 3000361690 ns, Reaching safepoint: 39212 ns, At safepoint: 4626 ns, Total: 43838 ns
[2022-06-30T11:55:09.838+0000][7][safepoint   ] Safepoint "Cleanup", Time since last: 1000168666 ns, Reaching safepoint: 44617 ns, At safepoint: 4870 ns, Total: 49487 ns
[2022-06-30T11:55:15.839+0000][7][safepoint   ] Safepoint "Cleanup", Time since last: 6000676476 ns, Reaching safepoint: 35355 ns, At safepoint: 4356 ns, Total: 39711 ns
[2022-06-30T11:55:20.840+0000][7][safepoint   ] Safepoint "Cleanup", Time since last: 5000550596 ns, Reaching safepoint: 41538 ns, At safepoint: 4210 ns, Total: 45748 ns
[2022-06-30T11:55:21.840+0000][7][safepoint   ] Safepoint "Cleanup", Time since last: 1000182325 ns, Reaching safepoint: 40343 ns, At safepoint: 4272 ns, Total: 44615 ns
[2022-06-30T11:55:25.840+0000][7][safepoint   ] Safepoint "Cleanup", Time since last: 4000456284 ns, Reaching safepoint: 49663 ns, At safepoint: 4411 ns, Total: 54074 ns
[2022-06-30T11:55:27.841+0000][7][safepoint   ] Safepoint "Cleanup", Time since last: 2000295553 ns, Reaching safepoint: 38671 ns, At safepoint: 5071 ns, Total: 43742 ns
[2022-06-30T11:55:33.841+0000][7][safepoint   ] Safepoint "Cleanup", Time since last: 6000657938 ns, Reaching safepoint: 40387 ns, At safepoint: 4695 ns, Total: 45082 ns
[2022-06-30T11:55:37.842+0000][7][safepoint   ] Safepoint "Cleanup", Time since last: 4000472600 ns, Reaching safepoint: 57380 ns, At safepoint: 8100 ns, Total: 65480 ns
[2022-06-30T11:55:38.727+0000][7][gc,start    ] GC(41) Pause Young (Normal) (G1 Evacuation Pause)
[2022-06-30T11:55:38.727+0000][7][gc,task     ] GC(41) Using 1 workers of 1 for evacuation
[2022-06-30T11:55:38.727+0000][7][gc,age      ] GC(41) Desired survivor size 8388608 bytes, new threshold 15 (max threshold 15)
[2022-06-30T11:55:38.737+0000][7][gc,phases   ] GC(41)   Pre Evacuate Collection Set: 0.1ms
[2022-06-30T11:55:38.737+0000][7][gc,phases   ] GC(41)   Merge Heap Roots: 0.1ms
[2022-06-30T11:55:38.737+0000][7][gc,phases   ] GC(41)   Evacuate Collection Set: 8.8ms
[2022-06-30T11:55:38.737+0000][7][gc,phases   ] GC(41)   Post Evacuate Collection Set: 1.1ms
[2022-06-30T11:55:38.737+0000][7][gc,phases   ] GC(41)   Other: 0.1ms
[2022-06-30T11:55:38.737+0000][7][gc,age      ] GC(41) Age table with threshold 15 (max threshold 15)
[2022-06-30T11:55:38.737+0000][7][gc,age      ] GC(41) - age   1:      47200 bytes,      47200 total
[2022-06-30T11:55:38.737+0000][7][gc,age      ] GC(41) - age   2:      17832 bytes,      65032 total
[2022-06-30T11:55:38.737+0000][7][gc,age      ] GC(41) - age   3:     271408 bytes,     336440 total
[2022-06-30T11:55:38.737+0000][7][gc,age      ] GC(41) - age   4:      48128 bytes,     384568 total
[2022-06-30T11:55:38.737+0000][7][gc,age      ] GC(41) - age   5:      24728 bytes,     409296 total
[2022-06-30T11:55:38.737+0000][7][gc,age      ] GC(41) - age   6:      75504 bytes,     484800 total
[2022-06-30T11:55:38.737+0000][7][gc,age      ] GC(41) - age   7:    2869768 bytes,    3354568 total
[2022-06-30T11:55:38.737+0000][7][gc,age      ] GC(41) - age   8:     902640 bytes,    4257208 total
[2022-06-30T11:55:38.737+0000][7][gc,heap     ] GC(41) Eden regions: 27->0(28)
[2022-06-30T11:55:38.737+0000][7][gc,heap     ] GC(41) Survivor regions: 2->2(4)
[2022-06-30T11:55:38.737+0000][7][gc,heap     ] GC(41) Old regions: 18->18
[2022-06-30T11:55:38.737+0000][7][gc,heap     ] GC(41) Archive regions: 2->2
[2022-06-30T11:55:38.737+0000][7][gc,heap     ] GC(41) Humongous regions: 2->2
[2022-06-30T11:55:38.737+0000][7][gc,metaspace] GC(41) Metaspace: 103971K(108480K)->103971K(108480K) NonClass: 90036K(92800K)->90036K(92800K) Class: 13934K(15680K)->13934K(15680K)
[2022-06-30T11:55:38.737+0000][7][gc          ] GC(41) Pause Young (Normal) (G1 Evacuation Pause) 196M->88M(256M) 10.332ms
[2022-06-30T11:55:38.737+0000][7][gc,cpu      ] GC(41) User=0.01s Sys=0.00s Real=0.01s
[2022-06-30T11:55:38.737+0000][7][safepoint   ] Safepoint "G1CollectForAllocation", Time since last: 884566751 ns, Reaching safepoint: 28865 ns, At safepoint: 10389787 ns, Total: 10418652 ns
[2022-06-30T11:55:54.739+0000][7][safepoint   ] Safepoint "Cleanup", Time since last: 16001759307 ns, Reaching safepoint: 40562 ns, At safepoint: 4699 ns, Total: 45261 ns
[2022-06-30T11:56:13.741+0000][7][safepoint   ] Safepoint "Cleanup", Time since last: 19002009740 ns, Reaching safepoint: 43123 ns, At safepoint: 4615 ns, Total: 47738 ns
[2022-06-30T11:56:14.741+0000][7][safepoint   ] Safepoint "Cleanup", Time since last: 1000167806 ns, Reaching safepoint: 38704 ns, At safepoint: 4883 ns, Total: 43587 ns
[2022-06-30T11:56:15.741+0000][7][safepoint   ] Safepoint "Cleanup", Time since last: 1000138627 ns, Reaching safepoint: 41922 ns, At safepoint: 4713 ns, Total: 46635 ns
[2022-06-30T11:56:20.742+0000][7][safepoint   ] Safepoint "Cleanup", Time since last: 5000556796 ns, Reaching safepoint: 46118 ns, At safepoint: 4805 ns, Total: 50923 ns
[2022-06-30T11:56:46.201+0000][7][safepoint   ] Safepoint "Cleanup", Time since last: 25458783712 ns, Reaching safepoint: 61723 ns, At safepoint: 4562 ns, Total: 66285 ns
[2022-06-30T11:57:02.202+0000][7][safepoint   ] Safepoint "Cleanup", Time since last: 16001656690 ns, Reaching safepoint: 39131 ns, At safepoint: 4579 ns, Total: 43710 ns
[2022-06-30T11:57:03.203+0000][7][safepoint   ] Safepoint "Cleanup", Time since last: 1000127639 ns, Reaching safepoint: 39596 ns, At safepoint: 4720 ns, Total: 44316 ns
[2022-06-30T11:57:21.204+0000][7][safepoint   ] Safepoint "Cleanup", Time since last: 18001875931 ns, Reaching safepoint: 37237 ns, At safepoint: 4688 ns, Total: 41925 ns
[2022-06-30T11:57:22.205+0000][7][safepoint   ] Safepoint "Cleanup", Time since last: 1000203522 ns, Reaching safepoint: 43755 ns, At safepoint: 4592 ns, Total: 48347 ns
[2022-06-30T11:57:26.205+0000][7][safepoint   ] Safepoint "Cleanup", Time since last: 4000535614 ns, Reaching safepoint: 62674 ns, At safepoint: 8866 ns, Total: 71540 ns
[2022-06-30T11:57:27.206+0000][7][safepoint   ] Safepoint "Cleanup", Time since last: 1000189053 ns, Reaching safepoint: 58471 ns, At safepoint: 7371 ns, Total: 65842 ns
[2022-06-30T11:57:34.680+0000][7][safepoint   ] Safepoint "Cleanup", Time since last: 7473906675 ns, Reaching safepoint: 46078 ns, At safepoint: 4763 ns, Total: 50841 ns
[2022-06-30T11:57:47.681+0000][7][safepoint   ] Safepoint "Cleanup", Time since last: 13001366243 ns, Reaching safepoint: 38383 ns, At safepoint: 4356 ns, Total: 42739 ns
[2022-06-30T11:57:51.681+0000][7][safepoint   ] Safepoint "Cleanup", Time since last: 4000438394 ns, Reaching safepoint: 37461 ns, At safepoint: 4279 ns, Total: 41740 ns
[2022-06-30T11:57:54.682+0000][7][safepoint   ] Safepoint "Cleanup", Time since last: 3000313313 ns, Reaching safepoint: 38363 ns, At safepoint: 4526 ns, Total: 42889 ns
[2022-06-30T11:57:58.017+0000][7][safepoint   ] Safepoint "Cleanup", Time since last: 3334893587 ns, Reaching safepoint: 65436 ns, At safepoint: 7362 ns, Total: 72798 ns
[2022-06-30T11:58:00.018+0000][7][safepoint   ] Safepoint "Cleanup", Time since last: 2001369634 ns, Reaching safepoint: 42478 ns, At safepoint: 4877 ns, Total: 47355 ns
[2022-06-30T11:58:13.023+0000][7][safepoint   ] Safepoint "Cleanup", Time since last: 13005126557 ns, Reaching safepoint: 38480 ns, At safepoint: 4667 ns, Total: 43147 ns
[2022-06-30T11:58:20.024+0000][7][safepoint   ] Safepoint "Cleanup", Time since last: 7000730770 ns, Reaching safepoint: 45340 ns, At safepoint: 4994 ns, Total: 50334 ns
[2022-06-30T11:58:27.025+0000][7][safepoint   ] Safepoint "Cleanup", Time since last: 7000799497 ns, Reaching safepoint: 41587 ns, At safepoint: 4886 ns, Total: 46473 ns
[2022-06-30T11:58:33.026+0000][7][safepoint   ] Safepoint "Cleanup", Time since last: 6000744693 ns, Reaching safepoint: 38693 ns, At safepoint: 4627 ns, Total: 43320 ns
[2022-06-30T11:58:34.026+0000][7][safepoint   ] Safepoint "Cleanup", Time since last: 1000166962 ns, Reaching safepoint: 39194 ns, At safepoint: 5449 ns, Total: 44643 ns
[2022-06-30T11:58:45.027+0000][7][safepoint   ] Safepoint "Cleanup", Time since last: 11001260064 ns, Reaching safepoint: 39987 ns, At safepoint: 4798 ns, Total: 44785 ns
[2022-06-30T11:58:47.028+0000][7][safepoint   ] Safepoint "Cleanup", Time since last: 2000276697 ns, Reaching safepoint: 40793 ns, At safepoint: 4812 ns, Total: 45605 ns
[2022-06-30T11:58:52.028+0000][7][safepoint   ] Safepoint "Cleanup", Time since last: 5000634557 ns, Reaching safepoint: 42783 ns, At safepoint: 4347 ns, Total: 47130 ns
[2022-06-30T11:58:53.028+0000][7][safepoint   ] Safepoint "Cleanup", Time since last: 1000168167 ns, Reaching safepoint: 36660 ns, At safepoint: 15694 ns, Total: 52354 ns
[2022-06-30T11:58:57.132+0000][7][gc,start    ] GC(42) Pause Young (Concurrent Start) (G1 Evacuation Pause)
[2022-06-30T11:58:57.132+0000][7][gc,task     ] GC(42) Using 1 workers of 1 for evacuation
[2022-06-30T11:58:57.132+0000][7][gc,age      ] GC(42) Desired survivor size 8388608 bytes, new threshold 15 (max threshold 15)
[2022-06-30T11:58:57.141+0000][7][gc,phases   ] GC(42)   Pre Evacuate Collection Set: 0.2ms
[2022-06-30T11:58:57.141+0000][7][gc,phases   ] GC(42)   Merge Heap Roots: 0.1ms
[2022-06-30T11:58:57.141+0000][7][gc,phases   ] GC(42)   Evacuate Collection Set: 7.8ms
[2022-06-30T11:58:57.141+0000][7][gc,phases   ] GC(42)   Post Evacuate Collection Set: 1.0ms
[2022-06-30T11:58:57.141+0000][7][gc,phases   ] GC(42)   Other: 0.1ms
[2022-06-30T11:58:57.141+0000][7][gc,age      ] GC(42) Age table with threshold 15 (max threshold 15)
[2022-06-30T11:58:57.141+0000][7][gc,age      ] GC(42) - age   1:      18056 bytes,      18056 total
[2022-06-30T11:58:57.141+0000][7][gc,age      ] GC(42) - age   2:      37512 bytes,      55568 total
[2022-06-30T11:58:57.141+0000][7][gc,age      ] GC(42) - age   3:      17504 bytes,      73072 total
[2022-06-30T11:58:57.141+0000][7][gc,age      ] GC(42) - age   4:     271280 bytes,     344352 total
[2022-06-30T11:58:57.141+0000][7][gc,age      ] GC(42) - age   5:      48128 bytes,     392480 total
[2022-06-30T11:58:57.141+0000][7][gc,age      ] GC(42) - age   6:      24728 bytes,     417208 total
[2022-06-30T11:58:57.141+0000][7][gc,age      ] GC(42) - age   7:      75504 bytes,     492712 total
[2022-06-30T11:58:57.141+0000][7][gc,age      ] GC(42) - age   8:    2869344 bytes,    3362056 total
[2022-06-30T11:58:57.141+0000][7][gc,age      ] GC(42) - age   9:     902624 bytes,    4264680 total
[2022-06-30T11:58:57.141+0000][7][gc,heap     ] GC(42) Eden regions: 28->0(28)
[2022-06-30T11:58:57.141+0000][7][gc,heap     ] GC(42) Survivor regions: 2->2(4)
[2022-06-30T11:58:57.141+0000][7][gc,heap     ] GC(42) Old regions: 18->18
[2022-06-30T11:58:57.141+0000][7][gc,heap     ] GC(42) Archive regions: 2->2
[2022-06-30T11:58:57.141+0000][7][gc,heap     ] GC(42) Humongous regions: 2->2
[2022-06-30T11:58:57.141+0000][7][gc,metaspace] GC(42) Metaspace: 104009K(108480K)->104009K(108480K) NonClass: 90073K(92800K)->90073K(92800K) Class: 13936K(15680K)->13936K(15680K)
[2022-06-30T11:58:57.141+0000][7][gc          ] GC(42) Pause Young (Concurrent Start) (G1 Evacuation Pause) 200M->88M(256M) 9.373ms
[2022-06-30T11:58:57.141+0000][7][gc,cpu      ] GC(42) User=0.01s Sys=0.00s Real=0.01s
[2022-06-30T11:58:57.141+0000][7][safepoint   ] Safepoint "G1CollectForAllocation", Time since last: 4103240831 ns, Reaching safepoint: 153595 ns, At safepoint: 9433772 ns, Total: 9587367 ns
[2022-06-30T11:58:57.141+0000][7][gc          ] GC(43) Concurrent Mark Cycle
[2022-06-30T11:58:57.141+0000][7][gc,marking  ] GC(43) Concurrent Clear Claimed Marks
[2022-06-30T11:58:57.141+0000][7][gc,marking  ] GC(43) Concurrent Clear Claimed Marks 0.062ms
[2022-06-30T11:58:57.141+0000][7][gc,marking  ] GC(43) Concurrent Scan Root Regions
[2022-06-30T11:58:57.145+0000][7][gc,marking  ] GC(43) Concurrent Scan Root Regions 3.745ms
[2022-06-30T11:58:57.145+0000][7][gc,marking  ] GC(43) Concurrent Mark
[2022-06-30T11:58:57.145+0000][7][gc,marking  ] GC(43) Concurrent Mark From Roots
[2022-06-30T11:58:57.145+0000][7][gc,task     ] GC(43) Using 1 workers of 1 for marking
[2022-06-30T11:58:57.274+0000][7][gc,marking  ] GC(43) Concurrent Mark From Roots 129.128ms
[2022-06-30T11:58:57.274+0000][7][gc,marking  ] GC(43) Concurrent Preclean
[2022-06-30T11:58:57.275+0000][7][gc,marking  ] GC(43) Concurrent Preclean 0.122ms
[2022-06-30T11:58:57.275+0000][7][gc,start    ] GC(43) Pause Remark
[2022-06-30T11:58:57.287+0000][7][gc          ] GC(43) Pause Remark 89M->89M(256M) 12.640ms
[2022-06-30T11:58:57.287+0000][7][gc,cpu      ] GC(43) User=0.01s Sys=0.00s Real=0.01s
[2022-06-30T11:58:57.287+0000][7][safepoint   ] Safepoint "G1Concurrent", Time since last: 133233006 ns, Reaching safepoint: 25214 ns, At safepoint: 12709874 ns, Total: 12735088 ns
[2022-06-30T11:58:57.287+0000][7][gc,marking  ] GC(43) Concurrent Mark 142.097ms
[2022-06-30T11:58:57.287+0000][7][gc,marking  ] GC(43) Concurrent Rebuild Remembered Sets
[2022-06-30T11:58:57.345+0000][7][gc,marking  ] GC(43) Concurrent Rebuild Remembered Sets 58.070ms
[2022-06-30T11:58:57.345+0000][7][gc,start    ] GC(43) Pause Cleanup
[2022-06-30T11:58:57.346+0000][7][gc          ] GC(43) Pause Cleanup 89M->89M(256M) 0.050ms
[2022-06-30T11:58:57.346+0000][7][gc,cpu      ] GC(43) User=0.00s Sys=0.00s Real=0.00s
[2022-06-30T11:58:57.346+0000][7][safepoint   ] Safepoint "G1Concurrent", Time since last: 58167927 ns, Reaching safepoint: 23832 ns, At safepoint: 88058 ns, Total: 111890 ns
[2022-06-30T11:58:57.346+0000][7][gc,marking  ] GC(43) Concurrent Cleanup for Next Mark
[2022-06-30T11:58:57.346+0000][7][gc,marking  ] GC(43) Concurrent Cleanup for Next Mark 0.726ms
[2022-06-30T11:58:57.346+0000][7][gc          ] GC(43) Concurrent Mark Cycle 204.967ms
[2022-06-30T11:59:33.349+0000][7][safepoint   ] Safepoint "Cleanup", Time since last: 36003788101 ns, Reaching safepoint: 42283 ns, At safepoint: 4875 ns, Total: 47158 ns
[2022-06-30T11:59:53.352+0000][7][safepoint   ] Safepoint "Cleanup", Time since last: 20002186377 ns, Reaching safepoint: 41134 ns, At safepoint: 4610 ns, Total: 45744 ns
[2022-06-30T12:00:20.355+0000][7][safepoint   ] Safepoint "Cleanup", Time since last: 27003076472 ns, Reaching safepoint: 44481 ns, At safepoint: 4688 ns, Total: 49169 ns
[2022-06-30T12:00:22.355+0000][7][safepoint   ] Safepoint "Cleanup", Time since last: 2000241371 ns, Reaching safepoint: 32753 ns, At safepoint: 4302 ns, Total: 37055 ns
[2022-06-30T12:00:37.357+0000][7][safepoint   ] Safepoint "Cleanup", Time since last: 15001488341 ns, Reaching safepoint: 39874 ns, At safepoint: 5182 ns, Total: 45056 ns
[2022-06-30T12:00:47.358+0000][7][safepoint   ] Safepoint "Cleanup", Time since last: 10001162430 ns, Reaching safepoint: 50450 ns, At safepoint: 4580 ns, Total: 55030 ns
[2022-06-30T12:00:52.358+0000][7][safepoint   ] Safepoint "Cleanup", Time since last: 5000545244 ns, Reaching safepoint: 38278 ns, At safepoint: 4534 ns, Total: 42812 ns
[2022-06-30T12:00:53.359+0000][7][safepoint   ] Safepoint "Cleanup", Time since last: 1000129753 ns, Reaching safepoint: 42098 ns, At safepoint: 4645 ns, Total: 46743 ns
[2022-06-30T12:01:21.362+0000][7][safepoint   ] Safepoint "Cleanup", Time since last: 28002910695 ns, Reaching safepoint: 38529 ns, At safepoint: 12944 ns, Total: 51473 ns
[2022-06-30T12:01:23.362+0000][7][safepoint   ] Safepoint "Cleanup", Time since last: 2000261565 ns, Reaching safepoint: 39293 ns, At safepoint: 4837 ns, Total: 44130 ns
[2022-06-30T12:01:28.362+0000][7][safepoint   ] Safepoint "Cleanup", Time since last: 5000620576 ns, Reaching safepoint: 38926 ns, At safepoint: 4617 ns, Total: 43543 ns
[2022-06-30T12:01:36.363+0000][7][safepoint   ] Safepoint "Cleanup", Time since last: 8000906914 ns, Reaching safepoint: 39969 ns, At safepoint: 4566 ns, Total: 44535 ns
[2022-06-30T12:01:41.364+0000][7][safepoint   ] Safepoint "Cleanup", Time since last: 5000597811 ns, Reaching safepoint: 36572 ns, At safepoint: 4600 ns, Total: 41172 ns
[2022-06-30T12:01:46.365+0000][7][safepoint   ] Safepoint "Cleanup", Time since last: 5000615595 ns, Reaching safepoint: 55058 ns, At safepoint: 16253 ns, Total: 71311 ns
[2022-06-30T12:01:48.365+0000][7][safepoint   ] Safepoint "Cleanup", Time since last: 2000303646 ns, Reaching safepoint: 51452 ns, At safepoint: 4956 ns, Total: 56408 ns
[2022-06-30T12:01:52.366+0000][7][safepoint   ] Safepoint "Cleanup", Time since last: 4000444702 ns, Reaching safepoint: 39784 ns, At safepoint: 5047 ns, Total: 44831 ns
[2022-06-30T12:02:15.079+0000][7][gc,start    ] GC(44) Pause Young (Normal) (G1 Evacuation Pause)
[2022-06-30T12:02:15.079+0000][7][gc,task     ] GC(44) Using 1 workers of 1 for evacuation
[2022-06-30T12:02:15.079+0000][7][gc,age      ] GC(44) Desired survivor size 8388608 bytes, new threshold 15 (max threshold 15)
[2022-06-30T12:02:15.088+0000][7][gc,phases   ] GC(44)   Pre Evacuate Collection Set: 0.0ms
[2022-06-30T12:02:15.088+0000][7][gc,phases   ] GC(44)   Merge Heap Roots: 0.1ms
[2022-06-30T12:02:15.088+0000][7][gc,phases   ] GC(44)   Evacuate Collection Set: 7.7ms
[2022-06-30T12:02:15.088+0000][7][gc,phases   ] GC(44)   Post Evacuate Collection Set: 1.1ms
[2022-06-30T12:02:15.088+0000][7][gc,phases   ] GC(44)   Other: 0.1ms
[2022-06-30T12:02:15.088+0000][7][gc,age      ] GC(44) Age table with threshold 15 (max threshold 15)
[2022-06-30T12:02:15.088+0000][7][gc,age      ] GC(44) - age   1:      10432 bytes,      10432 total
[2022-06-30T12:02:15.088+0000][7][gc,age      ] GC(44) - age   2:       8296 bytes,      18728 total
[2022-06-30T12:02:15.088+0000][7][gc,age      ] GC(44) - age   3:      34368 bytes,      53096 total
[2022-06-30T12:02:15.088+0000][7][gc,age      ] GC(44) - age   4:      17504 bytes,      70600 total
[2022-06-30T12:02:15.088+0000][7][gc,age      ] GC(44) - age   5:     271280 bytes,     341880 total
[2022-06-30T12:02:15.088+0000][7][gc,age      ] GC(44) - age   6:      48128 bytes,     390008 total
[2022-06-30T12:02:15.088+0000][7][gc,age      ] GC(44) - age   7:      24728 bytes,     414736 total
[2022-06-30T12:02:15.088+0000][7][gc,age      ] GC(44) - age   8:      75504 bytes,     490240 total
[2022-06-30T12:02:15.088+0000][7][gc,age      ] GC(44) - age   9:    2869152 bytes,    3359392 total
[2022-06-30T12:02:15.088+0000][7][gc,age      ] GC(44) - age  10:     902256 bytes,    4261648 total
[2022-06-30T12:02:15.088+0000][7][gc,heap     ] GC(44) Eden regions: 28->0(28)
[2022-06-30T12:02:15.088+0000][7][gc,heap     ] GC(44) Survivor regions: 2->2(4)
[2022-06-30T12:02:15.088+0000][7][gc,heap     ] GC(44) Old regions: 18->18
[2022-06-30T12:02:15.088+0000][7][gc,heap     ] GC(44) Archive regions: 2->2
[2022-06-30T12:02:15.088+0000][7][gc,heap     ] GC(44) Humongous regions: 2->2
[2022-06-30T12:02:15.088+0000][7][gc,metaspace] GC(44) Metaspace: 104024K(108480K)->104024K(108480K) NonClass: 90087K(92800K)->90087K(92800K) Class: 13936K(15680K)->13936K(15680K)
[2022-06-30T12:02:15.088+0000][7][gc          ] GC(44) Pause Young (Normal) (G1 Evacuation Pause) 200M->88M(256M) 9.297ms
[2022-06-30T12:02:15.088+0000][7][gc,cpu      ] GC(44) User=0.01s Sys=0.00s Real=0.01s
[2022-06-30T12:02:15.088+0000][7][safepoint   ] Safepoint "G1CollectForAllocation", Time since last: 22713377674 ns, Reaching safepoint: 25836 ns, At safepoint: 9354543 ns, Total: 9380379 ns
[2022-06-30T12:02:20.089+0000][7][safepoint   ] Safepoint "Cleanup", Time since last: 5000519196 ns, Reaching safepoint: 41262 ns, At safepoint: 4404 ns, Total: 45666 ns
[2022-06-30T12:02:32.090+0000][7][safepoint   ] Safepoint "Cleanup", Time since last: 12001316492 ns, Reaching safepoint: 42052 ns, At safepoint: 4981 ns, Total: 47033 ns
[2022-06-30T12:02:41.091+0000][7][safepoint   ] Safepoint "Cleanup", Time since last: 9000861812 ns, Reaching safepoint: 40638 ns, At safepoint: 4717 ns, Total: 45355 ns
[2022-06-30T12:02:42.091+0000][7][safepoint   ] Safepoint "Cleanup", Time since last: 1000144982 ns, Reaching safepoint: 40033 ns, At safepoint: 4507 ns, Total: 44540 ns
[2022-06-30T12:03:08.094+0000][7][safepoint   ] Safepoint "Cleanup", Time since last: 26002990209 ns, Reaching safepoint: 65831 ns, At safepoint: 9183 ns, Total: 75014 ns
[2022-06-30T12:03:43.098+0000][7][safepoint   ] Safepoint "Cleanup", Time since last: 35003537966 ns, Reaching safepoint: 58934 ns, At safepoint: 4583 ns, Total: 63517 ns
[2022-06-30T12:03:57.100+0000][7][safepoint   ] Safepoint "Cleanup", Time since last: 14001409389 ns, Reaching safepoint: 57816 ns, At safepoint: 8677 ns, Total: 66493 ns
[2022-06-30T12:04:04.100+0000][7][safepoint   ] Safepoint "Cleanup", Time since last: 7000823663 ns, Reaching safepoint: 43395 ns, At safepoint: 5232 ns, Total: 48627 ns
[2022-06-30T12:04:26.103+0000][7][safepoint   ] Safepoint "Cleanup", Time since last: 22002244697 ns, Reaching safepoint: 36961 ns, At safepoint: 4443 ns, Total: 41404 ns
[2022-06-30T12:04:37.104+0000][7][safepoint   ] Safepoint "Cleanup", Time since last: 11001187830 ns, Reaching safepoint: 35578 ns, At safepoint: 4204 ns, Total: 39782 ns
[2022-06-30T12:04:50.105+0000][7][safepoint   ] Safepoint "Cleanup", Time since last: 13001441903 ns, Reaching safepoint: 42870 ns, At safepoint: 4622 ns, Total: 47492 ns
[2022-06-30T12:05:05.107+0000][7][safepoint   ] Safepoint "Cleanup", Time since last: 15001691321 ns, Reaching safepoint: 42758 ns, At safepoint: 4917 ns, Total: 47675 ns
[2022-06-30T12:05:09.108+0000][7][safepoint   ] Safepoint "Cleanup", Time since last: 4000475890 ns, Reaching safepoint: 39843 ns, At safepoint: 5396 ns, Total: 45239 ns
[2022-06-30T12:05:10.108+0000][7][safepoint   ] Safepoint "Cleanup", Time since last: 1000156420 ns, Reaching safepoint: 43168 ns, At safepoint: 5271 ns, Total: 48439 ns
[2022-06-30T12:05:14.108+0000][7][safepoint   ] Safepoint "Cleanup", Time since last: 4000450204 ns, Reaching safepoint: 38945 ns, At safepoint: 4185 ns, Total: 43130 ns
[2022-06-30T12:05:20.109+0000][7][safepoint   ] Safepoint "Cleanup", Time since last: 6000783848 ns, Reaching safepoint: 51631 ns, At safepoint: 4297 ns, Total: 55928 ns
[2022-06-30T12:05:34.259+0000][7][gc,start    ] GC(45) Pause Young (Concurrent Start) (G1 Evacuation Pause)
[2022-06-30T12:05:34.259+0000][7][gc,task     ] GC(45) Using 1 workers of 1 for evacuation
[2022-06-30T12:05:34.259+0000][7][gc,age      ] GC(45) Desired survivor size 8388608 bytes, new threshold 15 (max threshold 15)
[2022-06-30T12:05:34.268+0000][7][gc,phases   ] GC(45)   Pre Evacuate Collection Set: 0.2ms
[2022-06-30T12:05:34.268+0000][7][gc,phases   ] GC(45)   Merge Heap Roots: 0.1ms
[2022-06-30T12:05:34.268+0000][7][gc,phases   ] GC(45)   Evacuate Collection Set: 7.9ms
[2022-06-30T12:05:34.268+0000][7][gc,phases   ] GC(45)   Post Evacuate Collection Set: 1.0ms
[2022-06-30T12:05:34.268+0000][7][gc,phases   ] GC(45)   Other: 0.1ms
[2022-06-30T12:05:34.268+0000][7][gc,age      ] GC(45) Age table with threshold 15 (max threshold 15)
[2022-06-30T12:05:34.268+0000][7][gc,age      ] GC(45) - age   1:      30696 bytes,      30696 total
[2022-06-30T12:05:34.268+0000][7][gc,age      ] GC(45) - age   2:       2304 bytes,      33000 total
[2022-06-30T12:05:34.268+0000][7][gc,age      ] GC(45) - age   3:       8296 bytes,      41296 total
[2022-06-30T12:05:34.268+0000][7][gc,age      ] GC(45) - age   4:      34168 bytes,      75464 total
[2022-06-30T12:05:34.268+0000][7][gc,age      ] GC(45) - age   5:      17504 bytes,      92968 total
[2022-06-30T12:05:34.268+0000][7][gc,age      ] GC(45) - age   6:     271280 bytes,     364248 total
[2022-06-30T12:05:34.268+0000][7][gc,age      ] GC(45) - age   7:      48128 bytes,     412376 total
[2022-06-30T12:05:34.268+0000][7][gc,age      ] GC(45) - age   8:      24728 bytes,     437104 total
[2022-06-30T12:05:34.268+0000][7][gc,age      ] GC(45) - age   9:      75504 bytes,     512608 total
[2022-06-30T12:05:34.268+0000][7][gc,age      ] GC(45) - age  10:    2869152 bytes,    3381760 total
[2022-06-30T12:05:34.268+0000][7][gc,age      ] GC(45) - age  11:     902256 bytes,    4284016 total
[2022-06-30T12:05:34.268+0000][7][gc,heap     ] GC(45) Eden regions: 28->0(28)
[2022-06-30T12:05:34.268+0000][7][gc,heap     ] GC(45) Survivor regions: 2->2(4)
[2022-06-30T12:05:34.268+0000][7][gc,heap     ] GC(45) Old regions: 18->18
[2022-06-30T12:05:34.268+0000][7][gc,heap     ] GC(45) Archive regions: 2->2
[2022-06-30T12:05:34.268+0000][7][gc,heap     ] GC(45) Humongous regions: 2->2
[2022-06-30T12:05:34.268+0000][7][gc,metaspace] GC(45) Metaspace: 104046K(108480K)->104046K(108480K) NonClass: 90109K(92800K)->90109K(92800K) Class: 13936K(15680K)->13936K(15680K)
[2022-06-30T12:05:34.268+0000][7][gc          ] GC(45) Pause Young (Concurrent Start) (G1 Evacuation Pause) 200M->88M(256M) 9.551ms
[2022-06-30T12:05:34.268+0000][7][gc,cpu      ] GC(45) User=0.01s Sys=0.00s Real=0.01s
[2022-06-30T12:05:34.268+0000][7][safepoint   ] Safepoint "G1CollectForAllocation", Time since last: 14149558143 ns, Reaching safepoint: 26585 ns, At safepoint: 9608097 ns, Total: 9634682 ns
[2022-06-30T12:05:34.268+0000][7][gc          ] GC(46) Concurrent Mark Cycle
[2022-06-30T12:05:34.268+0000][7][gc,marking  ] GC(46) Concurrent Clear Claimed Marks
[2022-06-30T12:05:34.269+0000][7][gc,marking  ] GC(46) Concurrent Clear Claimed Marks 0.054ms
[2022-06-30T12:05:34.269+0000][7][gc,marking  ] GC(46) Concurrent Scan Root Regions
[2022-06-30T12:05:34.273+0000][7][gc,marking  ] GC(46) Concurrent Scan Root Regions 4.928ms
[2022-06-30T12:05:34.273+0000][7][gc,marking  ] GC(46) Concurrent Mark
[2022-06-30T12:05:34.274+0000][7][gc,marking  ] GC(46) Concurrent Mark From Roots
[2022-06-30T12:05:34.274+0000][7][gc,task     ] GC(46) Using 1 workers of 1 for marking
[2022-06-30T12:05:34.385+0000][7][gc,marking  ] GC(46) Concurrent Mark From Roots 111.344ms
[2022-06-30T12:05:34.385+0000][7][gc,marking  ] GC(46) Concurrent Preclean
[2022-06-30T12:05:34.385+0000][7][gc,marking  ] GC(46) Concurrent Preclean 0.118ms
[2022-06-30T12:05:34.385+0000][7][gc,start    ] GC(46) Pause Remark
[2022-06-30T12:05:34.398+0000][7][gc          ] GC(46) Pause Remark 90M->90M(256M) 12.849ms
[2022-06-30T12:05:34.398+0000][7][gc,cpu      ] GC(46) User=0.01s Sys=0.00s Real=0.02s
[2022-06-30T12:05:34.398+0000][7][safepoint   ] Safepoint "G1Concurrent", Time since last: 116644139 ns, Reaching safepoint: 24265 ns, At safepoint: 12905260 ns, Total: 12929525 ns
[2022-06-30T12:05:34.398+0000][7][gc,marking  ] GC(46) Concurrent Mark 124.505ms
[2022-06-30T12:05:34.398+0000][7][gc,marking  ] GC(46) Concurrent Rebuild Remembered Sets
[2022-06-30T12:05:34.456+0000][7][gc,marking  ] GC(46) Concurrent Rebuild Remembered Sets 57.801ms
[2022-06-30T12:05:34.456+0000][7][gc,start    ] GC(46) Pause Cleanup
[2022-06-30T12:05:34.456+0000][7][gc          ] GC(46) Pause Cleanup 90M->90M(256M) 0.053ms
[2022-06-30T12:05:34.456+0000][7][gc,cpu      ] GC(46) User=0.00s Sys=0.00s Real=0.00s
[2022-06-30T12:05:34.456+0000][7][safepoint   ] Safepoint "G1Concurrent", Time since last: 57922772 ns, Reaching safepoint: 21433 ns, At safepoint: 89700 ns, Total: 111133 ns
[2022-06-30T12:05:34.456+0000][7][gc,marking  ] GC(46) Concurrent Cleanup for Next Mark
[2022-06-30T12:05:34.457+0000][7][gc,marking  ] GC(46) Concurrent Cleanup for Next Mark 0.694ms
[2022-06-30T12:05:34.457+0000][7][gc          ] GC(46) Concurrent Mark Cycle 188.286ms
[2022-06-30T12:05:45.457+0000][7][safepoint   ] Safepoint "Cleanup", Time since last: 11001225106 ns, Reaching safepoint: 38480 ns, At safepoint: 4665 ns, Total: 43145 ns
[2022-06-30T12:06:03.460+0000][7][safepoint   ] Safepoint "Cleanup", Time since last: 18002319715 ns, Reaching safepoint: 43645 ns, At safepoint: 4905 ns, Total: 48550 ns
[2022-06-30T12:06:14.461+0000][7][safepoint   ] Safepoint "Cleanup", Time since last: 11001214045 ns, Reaching safepoint: 44380 ns, At safepoint: 39540 ns, Total: 83920 ns
[2022-06-30T12:06:17.461+0000][7][safepoint   ] Safepoint "Cleanup", Time since last: 3000376075 ns, Reaching safepoint: 32349 ns, At safepoint: 4161 ns, Total: 36510 ns
[2022-06-30T12:06:30.463+0000][7][safepoint   ] Safepoint "Cleanup", Time since last: 13001333190 ns, Reaching safepoint: 35371 ns, At safepoint: 4391 ns, Total: 39762 ns
[2022-06-30T12:06:41.464+0000][7][safepoint   ] Safepoint "Cleanup", Time since last: 11001189389 ns, Reaching safepoint: 32835 ns, At safepoint: 4595 ns, Total: 37430 ns
[2022-06-30T12:06:52.466+0000][7][safepoint   ] Safepoint "Cleanup", Time since last: 11001731802 ns, Reaching safepoint: 40280 ns, At safepoint: 4690 ns, Total: 44970 ns
[2022-06-30T12:07:06.468+0000][7][safepoint   ] Safepoint "Cleanup", Time since last: 14002042237 ns, Reaching safepoint: 37077 ns, At safepoint: 4334 ns, Total: 41411 ns
[2022-06-30T12:07:08.468+0000][7][safepoint   ] Safepoint "Cleanup", Time since last: 2000258300 ns, Reaching safepoint: 36875 ns, At safepoint: 4675 ns, Total: 41550 ns
[2022-06-30T12:07:49.472+0000][7][safepoint   ] Safepoint "Cleanup", Time since last: 41004249753 ns, Reaching safepoint: 38408 ns, At safepoint: 4690 ns, Total: 43098 ns
[2022-06-30T12:08:07.475+0000][7][safepoint   ] Safepoint "Cleanup", Time since last: 18002077887 ns, Reaching safepoint: 50889 ns, At safepoint: 4491 ns, Total: 55380 ns
[2022-06-30T12:08:09.475+0000][7][safepoint   ] Safepoint "Cleanup", Time since last: 2000216530 ns, Reaching safepoint: 34287 ns, At safepoint: 4210 ns, Total: 38497 ns
[2022-06-30T12:08:21.476+0000][7][safepoint   ] Safepoint "Cleanup", Time since last: 12001334291 ns, Reaching safepoint: 50267 ns, At safepoint: 4868 ns, Total: 55135 ns
[2022-06-30T12:08:22.476+0000][7][safepoint   ] Safepoint "Cleanup", Time since last: 1000154278 ns, Reaching safepoint: 34990 ns, At safepoint: 4723 ns, Total: 39713 ns
[2022-06-30T12:08:23.477+0000][7][safepoint   ] Safepoint "Cleanup", Time since last: 1000209054 ns, Reaching safepoint: 43471 ns, At safepoint: 5306 ns, Total: 48777 ns
[2022-06-30T12:08:26.477+0000][7][safepoint   ] Safepoint "Cleanup", Time since last: 3000359456 ns, Reaching safepoint: 39286 ns, At safepoint: 5015 ns, Total: 44301 ns
[2022-06-30T12:08:27.477+0000][7][safepoint   ] Safepoint "Cleanup", Time since last: 1000133630 ns, Reaching safepoint: 36720 ns, At safepoint: 4544 ns, Total: 41264 ns
[2022-06-30T12:08:28.478+0000][7][safepoint   ] Safepoint "Cleanup", Time since last: 1001054118 ns, Reaching safepoint: 37707 ns, At safepoint: 4749 ns, Total: 42456 ns
[2022-06-30T12:08:34.479+0000][7][safepoint   ] Safepoint "Cleanup", Time since last: 6000518045 ns, Reaching safepoint: 38186 ns, At safepoint: 4423 ns, Total: 42609 ns
[2022-06-30T12:08:41.480+0000][7][safepoint   ] Safepoint "Cleanup", Time since last: 7000831010 ns, Reaching safepoint: 39725 ns, At safepoint: 12694 ns, Total: 52419 ns
[2022-06-30T12:08:42.480+0000][7][safepoint   ] Safepoint "Cleanup", Time since last: 1000225957 ns, Reaching safepoint: 56740 ns, At safepoint: 8397 ns, Total: 65137 ns
[2022-06-30T12:08:50.438+0000][7][gc,start    ] GC(47) Pause Young (Normal) (G1 Evacuation Pause)
[2022-06-30T12:08:50.438+0000][7][gc,task     ] GC(47) Using 1 workers of 1 for evacuation
[2022-06-30T12:08:50.438+0000][7][gc,age      ] GC(47) Desired survivor size 8388608 bytes, new threshold 15 (max threshold 15)
[2022-06-30T12:08:50.447+0000][7][gc,phases   ] GC(47)   Pre Evacuate Collection Set: 0.0ms
[2022-06-30T12:08:50.447+0000][7][gc,phases   ] GC(47)   Merge Heap Roots: 0.1ms
[2022-06-30T12:08:50.447+0000][7][gc,phases   ] GC(47)   Evacuate Collection Set: 7.8ms
[2022-06-30T12:08:50.447+0000][7][gc,phases   ] GC(47)   Post Evacuate Collection Set: 1.1ms
[2022-06-30T12:08:50.447+0000][7][gc,phases   ] GC(47)   Other: 0.1ms
[2022-06-30T12:08:50.447+0000][7][gc,age      ] GC(47) Age table with threshold 15 (max threshold 15)
[2022-06-30T12:08:50.448+0000][7][gc,age      ] GC(47) - age   1:      14112 bytes,      14112 total
[2022-06-30T12:08:50.448+0000][7][gc,age      ] GC(47) - age   2:      21136 bytes,      35248 total
[2022-06-30T12:08:50.448+0000][7][gc,age      ] GC(47) - age   3:       2304 bytes,      37552 total
[2022-06-30T12:08:50.448+0000][7][gc,age      ] GC(47) - age   4:       8008 bytes,      45560 total
[2022-06-30T12:08:50.448+0000][7][gc,age      ] GC(47) - age   5:      33928 bytes,      79488 total
[2022-06-30T12:08:50.448+0000][7][gc,age      ] GC(47) - age   6:      17504 bytes,      96992 total
[2022-06-30T12:08:50.448+0000][7][gc,age      ] GC(47) - age   7:     271280 bytes,     368272 total
[2022-06-30T12:08:50.448+0000][7][gc,age      ] GC(47) - age   8:      48128 bytes,     416400 total
[2022-06-30T12:08:50.448+0000][7][gc,age      ] GC(47) - age   9:      24728 bytes,     441128 total
[2022-06-30T12:08:50.448+0000][7][gc,age      ] GC(47) - age  10:      75504 bytes,     516632 total
[2022-06-30T12:08:50.448+0000][7][gc,age      ] GC(47) - age  11:    2869152 bytes,    3385784 total
[2022-06-30T12:08:50.448+0000][7][gc,age      ] GC(47) - age  12:     902256 bytes,    4288040 total
[2022-06-30T12:08:50.448+0000][7][gc,heap     ] GC(47) Eden regions: 28->0(28)
[2022-06-30T12:08:50.448+0000][7][gc,heap     ] GC(47) Survivor regions: 2->2(4)
[2022-06-30T12:08:50.448+0000][7][gc,heap     ] GC(47) Old regions: 18->18
[2022-06-30T12:08:50.448+0000][7][gc,heap     ] GC(47) Archive regions: 2->2
[2022-06-30T12:08:50.448+0000][7][gc,heap     ] GC(47) Humongous regions: 2->2
[2022-06-30T12:08:50.448+0000][7][gc,metaspace] GC(47) Metaspace: 104066K(108480K)->104066K(108480K) NonClass: 90129K(92800K)->90129K(92800K) Class: 13937K(15680K)->13937K(15680K)
[2022-06-30T12:08:50.448+0000][7][gc          ] GC(47) Pause Young (Normal) (G1 Evacuation Pause) 200M->88M(256M) 9.387ms
[2022-06-30T12:08:50.448+0000][7][gc,cpu      ] GC(47) User=0.01s Sys=0.00s Real=0.01s
[2022-06-30T12:08:50.448+0000][7][safepoint   ] Safepoint "G1CollectForAllocation", Time since last: 7958032178 ns, Reaching safepoint: 159935 ns, At safepoint: 9446195 ns, Total: 9606130 ns
[2022-06-30T12:08:51.448+0000][7][safepoint   ] Safepoint "Cleanup", Time since last: 1000108602 ns, Reaching safepoint: 32280 ns, At safepoint: 5207 ns, Total: 37487 ns
[2022-06-30T12:08:52.448+0000][7][safepoint   ] Safepoint "Cleanup", Time since last: 1000158408 ns, Reaching safepoint: 27357 ns, At safepoint: 4051 ns, Total: 31408 ns
[2022-06-30T12:09:25.452+0000][7][safepoint   ] Safepoint "Cleanup", Time since last: 33003531441 ns, Reaching safepoint: 48842 ns, At safepoint: 4970 ns, Total: 53812 ns
[2022-06-30T12:09:26.452+0000][7][safepoint   ] Safepoint "Cleanup", Time since last: 1000136038 ns, Reaching safepoint: 36356 ns, At safepoint: 3988 ns, Total: 40344 ns
[2022-06-30T12:09:38.453+0000][7][safepoint   ] Safepoint "Cleanup", Time since last: 12001373032 ns, Reaching safepoint: 41795 ns, At safepoint: 4328 ns, Total: 46123 ns
[2022-06-30T12:09:57.455+0000][7][safepoint   ] Safepoint "Cleanup", Time since last: 19002038414 ns, Reaching safepoint: 36054 ns, At safepoint: 4556 ns, Total: 40610 ns
[2022-06-30T12:10:01.456+0000][7][safepoint   ] Safepoint "Cleanup", Time since last: 4000464725 ns, Reaching safepoint: 40668 ns, At safepoint: 4562 ns, Total: 45230 ns
[2022-06-30T12:10:17.458+0000][7][safepoint   ] Safepoint "Cleanup", Time since last: 16001741693 ns, Reaching safepoint: 37923 ns, At safepoint: 25448 ns, Total: 63371 ns
[2022-06-30T12:10:37.460+0000][7][safepoint   ] Safepoint "Cleanup", Time since last: 20001990313 ns, Reaching safepoint: 36352 ns, At safepoint: 4940 ns, Total: 41292 ns
[2022-06-30T12:10:46.461+0000][7][safepoint   ] Safepoint "Cleanup", Time since last: 9001023675 ns, Reaching safepoint: 90827 ns, At safepoint: 14530 ns, Total: 105357 ns
[2022-06-30T12:10:50.461+0000][7][safepoint   ] Safepoint "Cleanup", Time since last: 4000485641 ns, Reaching safepoint: 36859 ns, At safepoint: 4429 ns, Total: 41288 ns
[2022-06-30T12:11:00.462+0000][7][safepoint   ] Safepoint "Cleanup", Time since last: 10001141999 ns, Reaching safepoint: 41453 ns, At safepoint: 4471 ns, Total: 45924 ns
[2022-06-30T12:11:17.464+0000][7][safepoint   ] Safepoint "Cleanup", Time since last: 17001850657 ns, Reaching safepoint: 53537 ns, At safepoint: 39543 ns, Total: 93080 ns
[2022-06-30T12:11:22.465+0000][7][safepoint   ] Safepoint "Cleanup", Time since last: 5000525209 ns, Reaching safepoint: 38201 ns, At safepoint: 4899 ns, Total: 43100 ns
[2022-06-30T12:11:31.466+0000][7][safepoint   ] Safepoint "Cleanup", Time since last: 9000985963 ns, Reaching safepoint: 36759 ns, At safepoint: 5050 ns, Total: 41809 ns
[2022-06-30T12:11:34.466+0000][7][safepoint   ] Safepoint "Cleanup", Time since last: 3000317998 ns, Reaching safepoint: 36587 ns, At safepoint: 4563 ns, Total: 41150 ns
[2022-06-30T12:11:59.469+0000][7][safepoint   ] Safepoint "Cleanup", Time since last: 25002564215 ns, Reaching safepoint: 38404 ns, At safepoint: 4723 ns, Total: 43127 ns
[2022-06-30T12:12:07.470+0000][7][safepoint   ] Safepoint "Cleanup", Time since last: 8000972574 ns, Reaching safepoint: 37289 ns, At safepoint: 4660 ns, Total: 41949 ns
[2022-06-30T12:12:09.719+0000][7][gc,start    ] GC(48) Pause Young (Concurrent Start) (G1 Evacuation Pause)
[2022-06-30T12:12:09.719+0000][7][gc,task     ] GC(48) Using 1 workers of 1 for evacuation
[2022-06-30T12:12:09.719+0000][7][gc,age      ] GC(48) Desired survivor size 8388608 bytes, new threshold 15 (max threshold 15)
[2022-06-30T12:12:09.728+0000][7][gc,phases   ] GC(48)   Pre Evacuate Collection Set: 0.2ms
[2022-06-30T12:12:09.728+0000][7][gc,phases   ] GC(48)   Merge Heap Roots: 0.1ms
[2022-06-30T12:12:09.728+0000][7][gc,phases   ] GC(48)   Evacuate Collection Set: 7.8ms
[2022-06-30T12:12:09.728+0000][7][gc,phases   ] GC(48)   Post Evacuate Collection Set: 1.1ms
[2022-06-30T12:12:09.728+0000][7][gc,phases   ] GC(48)   Other: 0.1ms
[2022-06-30T12:12:09.728+0000][7][gc,age      ] GC(48) Age table with threshold 15 (max threshold 15)
[2022-06-30T12:12:09.728+0000][7][gc,age      ] GC(48) - age   1:      12736 bytes,      12736 total
[2022-06-30T12:12:09.728+0000][7][gc,age      ] GC(48) - age   2:       2784 bytes,      15520 total
[2022-06-30T12:12:09.728+0000][7][gc,age      ] GC(48) - age   3:      21136 bytes,      36656 total
[2022-06-30T12:12:09.728+0000][7][gc,age      ] GC(48) - age   4:       1728 bytes,      38384 total
[2022-06-30T12:12:09.728+0000][7][gc,age      ] GC(48) - age   5:       8008 bytes,      46392 total
[2022-06-30T12:12:09.728+0000][7][gc,age      ] GC(48) - age   6:      33928 bytes,      80320 total
[2022-06-30T12:12:09.728+0000][7][gc,age      ] GC(48) - age   7:      17504 bytes,      97824 total
[2022-06-30T12:12:09.728+0000][7][gc,age      ] GC(48) - age   8:     271280 bytes,     369104 total
[2022-06-30T12:12:09.728+0000][7][gc,age      ] GC(48) - age   9:      48128 bytes,     417232 total
[2022-06-30T12:12:09.728+0000][7][gc,age      ] GC(48) - age  10:      24728 bytes,     441960 total
[2022-06-30T12:12:09.728+0000][7][gc,age      ] GC(48) - age  11:      75504 bytes,     517464 total
[2022-06-30T12:12:09.728+0000][7][gc,age      ] GC(48) - age  12:    2869152 bytes,    3386616 total
[2022-06-30T12:12:09.728+0000][7][gc,age      ] GC(48) - age  13:     902256 bytes,    4288872 total
[2022-06-30T12:12:09.728+0000][7][gc,heap     ] GC(48) Eden regions: 28->0(28)
[2022-06-30T12:12:09.728+0000][7][gc,heap     ] GC(48) Survivor regions: 2->2(4)
[2022-06-30T12:12:09.728+0000][7][gc,heap     ] GC(48) Old regions: 18->18
[2022-06-30T12:12:09.728+0000][7][gc,heap     ] GC(48) Archive regions: 2->2
[2022-06-30T12:12:09.728+0000][7][gc,heap     ] GC(48) Humongous regions: 2->2
[2022-06-30T12:12:09.728+0000][7][gc,metaspace] GC(48) Metaspace: 104079K(108480K)->104079K(108480K) NonClass: 90142K(92800K)->90142K(92800K) Class: 13937K(15680K)->13937K(15680K)
[2022-06-30T12:12:09.728+0000][7][gc          ] GC(48) Pause Young (Concurrent Start) (G1 Evacuation Pause) 200M->88M(256M) 9.440ms
[2022-06-30T12:12:09.728+0000][7][gc,cpu      ] GC(48) User=0.01s Sys=0.00s Real=0.01s
[2022-06-30T12:12:09.728+0000][7][safepoint   ] Safepoint "G1CollectForAllocation", Time since last: 2248785800 ns, Reaching safepoint: 27124 ns, At safepoint: 9497882 ns, Total: 9525006 ns
[2022-06-30T12:12:09.728+0000][7][gc          ] GC(49) Concurrent Mark Cycle
[2022-06-30T12:12:09.728+0000][7][gc,marking  ] GC(49) Concurrent Clear Claimed Marks
[2022-06-30T12:12:09.728+0000][7][gc,marking  ] GC(49) Concurrent Clear Claimed Marks 0.050ms
[2022-06-30T12:12:09.728+0000][7][gc,marking  ] GC(49) Concurrent Scan Root Regions
[2022-06-30T12:12:09.732+0000][7][gc,marking  ] GC(49) Concurrent Scan Root Regions 3.316ms
[2022-06-30T12:12:09.732+0000][7][gc,marking  ] GC(49) Concurrent Mark
[2022-06-30T12:12:09.732+0000][7][gc,marking  ] GC(49) Concurrent Mark From Roots
[2022-06-30T12:12:09.732+0000][7][gc,task     ] GC(49) Using 1 workers of 1 for marking
[2022-06-30T12:12:09.843+0000][7][gc,marking  ] GC(49) Concurrent Mark From Roots 111.177ms
[2022-06-30T12:12:09.843+0000][7][gc,marking  ] GC(49) Concurrent Preclean
[2022-06-30T12:12:09.843+0000][7][gc,marking  ] GC(49) Concurrent Preclean 0.115ms
[2022-06-30T12:12:09.843+0000][7][gc,start    ] GC(49) Pause Remark
[2022-06-30T12:12:09.856+0000][7][gc          ] GC(49) Pause Remark 88M->88M(256M) 12.939ms
[2022-06-30T12:12:09.856+0000][7][gc,cpu      ] GC(49) User=0.01s Sys=0.00s Real=0.02s
[2022-06-30T12:12:09.856+0000][7][safepoint   ] Safepoint "G1Concurrent", Time since last: 114839133 ns, Reaching safepoint: 26000 ns, At safepoint: 13019138 ns, Total: 13045138 ns
[2022-06-30T12:12:09.856+0000][7][gc,marking  ] GC(49) Concurrent Mark 124.451ms
[2022-06-30T12:12:09.856+0000][7][gc,marking  ] GC(49) Concurrent Rebuild Remembered Sets
[2022-06-30T12:12:09.916+0000][7][gc,marking  ] GC(49) Concurrent Rebuild Remembered Sets 59.452ms
[2022-06-30T12:12:09.916+0000][7][gc,start    ] GC(49) Pause Cleanup
[2022-06-30T12:12:09.916+0000][7][gc          ] GC(49) Pause Cleanup 89M->89M(256M) 0.049ms
[2022-06-30T12:12:09.916+0000][7][gc,cpu      ] GC(49) User=0.00s Sys=0.00s Real=0.00s
[2022-06-30T12:12:09.916+0000][7][safepoint   ] Safepoint "G1Concurrent", Time since last: 59551582 ns, Reaching safepoint: 24234 ns, At safepoint: 102396 ns, Total: 126630 ns
[2022-06-30T12:12:09.916+0000][7][gc,marking  ] GC(49) Concurrent Cleanup for Next Mark
[2022-06-30T12:12:09.917+0000][7][gc,marking  ] GC(49) Concurrent Cleanup for Next Mark 0.648ms
[2022-06-30T12:12:09.917+0000][7][gc          ] GC(49) Concurrent Mark Cycle 188.217ms
[2022-06-30T12:12:20.917+0000][7][safepoint   ] Safepoint "Cleanup", Time since last: 11001288067 ns, Reaching safepoint: 40857 ns, At safepoint: 5058 ns, Total: 45915 ns
[2022-06-30T12:12:39.919+0000][7][safepoint   ] Safepoint "Cleanup", Time since last: 19002090228 ns, Reaching safepoint: 33421 ns, At safepoint: 4322 ns, Total: 37743 ns
[2022-06-30T12:12:40.920+0000][7][safepoint   ] Safepoint "Cleanup", Time since last: 1000156160 ns, Reaching safepoint: 33635 ns, At safepoint: 4355 ns, Total: 37990 ns
[2022-06-30T12:13:10.923+0000][7][safepoint   ] Safepoint "Cleanup", Time since last: 30003099048 ns, Reaching safepoint: 51847 ns, At safepoint: 4215 ns, Total: 56062 ns
[2022-06-30T12:13:22.924+0000][7][safepoint   ] Safepoint "Cleanup", Time since last: 12001336092 ns, Reaching safepoint: 42721 ns, At safepoint: 4653 ns, Total: 47374 ns
[2022-06-30T12:13:52.927+0000][7][safepoint   ] Safepoint "Cleanup", Time since last: 30002989291 ns, Reaching safepoint: 41047 ns, At safepoint: 4520 ns, Total: 45567 ns
[2022-06-30T12:14:20.930+0000][7][safepoint   ] Safepoint "Cleanup", Time since last: 28002994138 ns, Reaching safepoint: 39309 ns, At safepoint: 4090 ns, Total: 43399 ns
[2022-06-30T12:14:52.934+0000][7][safepoint   ] Safepoint "Cleanup", Time since last: 32003834235 ns, Reaching safepoint: 50907 ns, At safepoint: 4305 ns, Total: 55212 ns
[2022-06-30T12:15:23.937+0000][7][safepoint   ] Safepoint "Cleanup", Time since last: 31003190957 ns, Reaching safepoint: 68920 ns, At safepoint: 4603 ns, Total: 73523 ns
[2022-06-30T12:15:29.763+0000][7][gc,start    ] GC(50) Pause Young (Normal) (G1 Evacuation Pause)
[2022-06-30T12:15:29.763+0000][7][gc,task     ] GC(50) Using 1 workers of 1 for evacuation
[2022-06-30T12:15:29.763+0000][7][gc,age      ] GC(50) Desired survivor size 8388608 bytes, new threshold 15 (max threshold 15)
[2022-06-30T12:15:29.772+0000][7][gc,phases   ] GC(50)   Pre Evacuate Collection Set: 0.0ms
[2022-06-30T12:15:29.772+0000][7][gc,phases   ] GC(50)   Merge Heap Roots: 0.1ms
[2022-06-30T12:15:29.772+0000][7][gc,phases   ] GC(50)   Evacuate Collection Set: 7.9ms
[2022-06-30T12:15:29.772+0000][7][gc,phases   ] GC(50)   Post Evacuate Collection Set: 1.0ms
[2022-06-30T12:15:29.772+0000][7][gc,phases   ] GC(50)   Other: 0.1ms
[2022-06-30T12:15:29.772+0000][7][gc,age      ] GC(50) Age table with threshold 15 (max threshold 15)
[2022-06-30T12:15:29.772+0000][7][gc,age      ] GC(50) - age   1:      26336 bytes,      26336 total
[2022-06-30T12:15:29.772+0000][7][gc,age      ] GC(50) - age   2:       4688 bytes,      31024 total
[2022-06-30T12:15:29.772+0000][7][gc,age      ] GC(50) - age   3:       2784 bytes,      33808 total
[2022-06-30T12:15:29.772+0000][7][gc,age      ] GC(50) - age   4:      20936 bytes,      54744 total
[2022-06-30T12:15:29.772+0000][7][gc,age      ] GC(50) - age   5:       1528 bytes,      56272 total
[2022-06-30T12:15:29.772+0000][7][gc,age      ] GC(50) - age   6:       8008 bytes,      64280 total
[2022-06-30T12:15:29.772+0000][7][gc,age      ] GC(50) - age   7:      33928 bytes,      98208 total
[2022-06-30T12:15:29.772+0000][7][gc,age      ] GC(50) - age   8:      17504 bytes,     115712 total
[2022-06-30T12:15:29.772+0000][7][gc,age      ] GC(50) - age   9:     271280 bytes,     386992 total
[2022-06-30T12:15:29.772+0000][7][gc,age      ] GC(50) - age  10:      48128 bytes,     435120 total
[2022-06-30T12:15:29.772+0000][7][gc,age      ] GC(50) - age  11:      24728 bytes,     459848 total
[2022-06-30T12:15:29.772+0000][7][gc,age      ] GC(50) - age  12:      75504 bytes,     535352 total
[2022-06-30T12:15:29.772+0000][7][gc,age      ] GC(50) - age  13:    2869152 bytes,    3404504 total
[2022-06-30T12:15:29.772+0000][7][gc,age      ] GC(50) - age  14:     902256 bytes,    4306760 total
[2022-06-30T12:15:29.772+0000][7][gc,heap     ] GC(50) Eden regions: 28->0(28)
[2022-06-30T12:15:29.772+0000][7][gc,heap     ] GC(50) Survivor regions: 2->2(4)
[2022-06-30T12:15:29.772+0000][7][gc,heap     ] GC(50) Old regions: 18->18
[2022-06-30T12:15:29.772+0000][7][gc,heap     ] GC(50) Archive regions: 2->2
[2022-06-30T12:15:29.772+0000][7][gc,heap     ] GC(50) Humongous regions: 2->2
[2022-06-30T12:15:29.772+0000][7][gc,metaspace] GC(50) Metaspace: 104091K(108480K)->104091K(108480K) NonClass: 90154K(92800K)->90154K(92800K) Class: 13937K(15680K)->13937K(15680K)
[2022-06-30T12:15:29.772+0000][7][gc          ] GC(50) Pause Young (Normal) (G1 Evacuation Pause) 200M->88M(256M) 9.310ms
[2022-06-30T12:15:29.772+0000][7][gc,cpu      ] GC(50) User=0.01s Sys=0.00s Real=0.01s
[2022-06-30T12:15:29.772+0000][7][safepoint   ] Safepoint "G1CollectForAllocation", Time since last: 5825520060 ns, Reaching safepoint: 25333 ns, At safepoint: 9361558 ns, Total: 9386891 ns
[2022-06-30T12:16:22.778+0000][7][safepoint   ] Safepoint "Cleanup", Time since last: 53005581782 ns, Reaching safepoint: 38408 ns, At safepoint: 4904 ns, Total: 43312 ns
[2022-06-30T12:16:43.780+0000][7][safepoint   ] Safepoint "Cleanup", Time since last: 21002586999 ns, Reaching safepoint: 43689 ns, At safepoint: 4982 ns, Total: 48671 ns
[2022-06-30T12:16:47.781+0000][7][safepoint   ] Safepoint "Cleanup", Time since last: 4000464202 ns, Reaching safepoint: 39601 ns, At safepoint: 4314 ns, Total: 43915 ns
[2022-06-30T12:16:50.781+0000][7][safepoint   ] Safepoint "Cleanup", Time since last: 3000388193 ns, Reaching safepoint: 40056 ns, At safepoint: 4970 ns, Total: 45026 ns
[2022-06-30T12:16:57.782+0000][7][safepoint   ] Safepoint "Cleanup", Time since last: 7000819910 ns, Reaching safepoint: 51549 ns, At safepoint: 39370 ns, Total: 90919 ns
[2022-06-30T12:17:22.785+0000][7][safepoint   ] Safepoint "Cleanup", Time since last: 25002698993 ns, Reaching safepoint: 40560 ns, At safepoint: 4877 ns, Total: 45437 ns
[2022-06-30T12:17:30.786+0000][7][safepoint   ] Safepoint "Cleanup", Time since last: 8000946880 ns, Reaching safepoint: 39833 ns, At safepoint: 4739 ns, Total: 44572 ns
[2022-06-30T12:17:50.788+0000][7][safepoint   ] Safepoint "Cleanup", Time since last: 20002212825 ns, Reaching safepoint: 40229 ns, At safepoint: 4837 ns, Total: 45066 ns
[2022-06-30T12:18:20.792+0000][7][safepoint   ] Safepoint "Cleanup", Time since last: 30003223556 ns, Reaching safepoint: 42013 ns, At safepoint: 4918 ns, Total: 46931 ns
[2022-06-30T12:18:35.793+0000][7][safepoint   ] Safepoint "Cleanup", Time since last: 15001504197 ns, Reaching safepoint: 38122 ns, At safepoint: 4250 ns, Total: 42372 ns
[2022-06-30T12:18:49.934+0000][7][gc,start    ] GC(51) Pause Young (Concurrent Start) (G1 Evacuation Pause)
[2022-06-30T12:18:49.934+0000][7][gc,task     ] GC(51) Using 1 workers of 1 for evacuation
[2022-06-30T12:18:49.934+0000][7][gc,age      ] GC(51) Desired survivor size 8388608 bytes, new threshold 15 (max threshold 15)
[2022-06-30T12:18:49.943+0000][7][gc,phases   ] GC(51)   Pre Evacuate Collection Set: 0.2ms
[2022-06-30T12:18:49.943+0000][7][gc,phases   ] GC(51)   Merge Heap Roots: 0.1ms
[2022-06-30T12:18:49.943+0000][7][gc,phases   ] GC(51)   Evacuate Collection Set: 7.7ms
[2022-06-30T12:18:49.943+0000][7][gc,phases   ] GC(51)   Post Evacuate Collection Set: 1.0ms
[2022-06-30T12:18:49.943+0000][7][gc,phases   ] GC(51)   Other: 0.1ms
[2022-06-30T12:18:49.943+0000][7][gc,age      ] GC(51) Age table with threshold 15 (max threshold 15)
[2022-06-30T12:18:49.943+0000][7][gc,age      ] GC(51) - age   1:      12704 bytes,      12704 total
[2022-06-30T12:18:49.943+0000][7][gc,age      ] GC(51) - age   2:      16776 bytes,      29480 total
[2022-06-30T12:18:49.943+0000][7][gc,age      ] GC(51) - age   3:       4488 bytes,      33968 total
[2022-06-30T12:18:49.943+0000][7][gc,age      ] GC(51) - age   4:       2584 bytes,      36552 total
[2022-06-30T12:18:49.943+0000][7][gc,age      ] GC(51) - age   5:      20936 bytes,      57488 total
[2022-06-30T12:18:49.943+0000][7][gc,age      ] GC(51) - age   6:       1528 bytes,      59016 total
[2022-06-30T12:18:49.943+0000][7][gc,age      ] GC(51) - age   7:       8008 bytes,      67024 total
[2022-06-30T12:18:49.943+0000][7][gc,age      ] GC(51) - age   8:      33928 bytes,     100952 total
[2022-06-30T12:18:49.943+0000][7][gc,age      ] GC(51) - age   9:      17504 bytes,     118456 total
[2022-06-30T12:18:49.943+0000][7][gc,age      ] GC(51) - age  10:     271280 bytes,     389736 total
[2022-06-30T12:18:49.943+0000][7][gc,age      ] GC(51) - age  11:      48128 bytes,     437864 total
[2022-06-30T12:18:49.943+0000][7][gc,age      ] GC(51) - age  12:      24728 bytes,     462592 total
[2022-06-30T12:18:49.943+0000][7][gc,age      ] GC(51) - age  13:      75504 bytes,     538096 total
[2022-06-30T12:18:49.943+0000][7][gc,age      ] GC(51) - age  14:    2869152 bytes,    3407248 total
[2022-06-30T12:18:49.943+0000][7][gc,age      ] GC(51) - age  15:     902256 bytes,    4309504 total
[2022-06-30T12:18:49.943+0000][7][gc,heap     ] GC(51) Eden regions: 28->0(28)
[2022-06-30T12:18:49.944+0000][7][gc,heap     ] GC(51) Survivor regions: 2->2(4)
[2022-06-30T12:18:49.944+0000][7][gc,heap     ] GC(51) Old regions: 18->18
[2022-06-30T12:18:49.944+0000][7][gc,heap     ] GC(51) Archive regions: 2->2
[2022-06-30T12:18:49.944+0000][7][gc,heap     ] GC(51) Humongous regions: 2->2
[2022-06-30T12:18:49.944+0000][7][gc,metaspace] GC(51) Metaspace: 104105K(108480K)->104105K(108480K) NonClass: 90167K(92800K)->90167K(92800K) Class: 13937K(15680K)->13937K(15680K)
[2022-06-30T12:18:49.944+0000][7][gc          ] GC(51) Pause Young (Concurrent Start) (G1 Evacuation Pause) 200M->88M(256M) 9.400ms
[2022-06-30T12:18:49.944+0000][7][gc,cpu      ] GC(51) User=0.01s Sys=0.00s Real=0.01s
[2022-06-30T12:18:49.944+0000][7][safepoint   ] Safepoint "G1CollectForAllocation", Time since last: 14141000468 ns, Reaching safepoint: 26078 ns, At safepoint: 9454756 ns, Total: 9480834 ns
[2022-06-30T12:18:49.944+0000][7][gc          ] GC(52) Concurrent Mark Cycle
[2022-06-30T12:18:49.944+0000][7][gc,marking  ] GC(52) Concurrent Clear Claimed Marks
[2022-06-30T12:18:49.944+0000][7][gc,marking  ] GC(52) Concurrent Clear Claimed Marks 0.042ms
[2022-06-30T12:18:49.944+0000][7][gc,marking  ] GC(52) Concurrent Scan Root Regions
[2022-06-30T12:18:49.949+0000][7][gc,marking  ] GC(52) Concurrent Scan Root Regions 5.659ms
[2022-06-30T12:18:49.949+0000][7][gc,marking  ] GC(52) Concurrent Mark
[2022-06-30T12:18:49.949+0000][7][gc,marking  ] GC(52) Concurrent Mark From Roots
[2022-06-30T12:18:49.949+0000][7][gc,task     ] GC(52) Using 1 workers of 1 for marking
[2022-06-30T12:18:50.060+0000][7][gc,marking  ] GC(52) Concurrent Mark From Roots 110.415ms
[2022-06-30T12:18:50.060+0000][7][gc,marking  ] GC(52) Concurrent Preclean
[2022-06-30T12:18:50.060+0000][7][gc,marking  ] GC(52) Concurrent Preclean 0.107ms
[2022-06-30T12:18:50.060+0000][7][gc,start    ] GC(52) Pause Remark
[2022-06-30T12:18:50.073+0000][7][gc          ] GC(52) Pause Remark 89M->89M(256M) 13.081ms
[2022-06-30T12:18:50.073+0000][7][gc,cpu      ] GC(52) User=0.01s Sys=0.00s Real=0.01s
[2022-06-30T12:18:50.073+0000][7][safepoint   ] Safepoint "G1Concurrent", Time since last: 116396956 ns, Reaching safepoint: 25921 ns, At safepoint: 13149599 ns, Total: 13175520 ns
[2022-06-30T12:18:50.073+0000][7][gc,marking  ] GC(52) Concurrent Mark 123.808ms
[2022-06-30T12:18:50.073+0000][7][gc,marking  ] GC(52) Concurrent Rebuild Remembered Sets
[2022-06-30T12:18:50.141+0000][7][gc,marking  ] GC(52) Concurrent Rebuild Remembered Sets 67.450ms
[2022-06-30T12:18:50.141+0000][7][gc,start    ] GC(52) Pause Cleanup
[2022-06-30T12:18:50.141+0000][7][gc          ] GC(52) Pause Cleanup 90M->90M(256M) 0.051ms
[2022-06-30T12:18:50.141+0000][7][gc,cpu      ] GC(52) User=0.00s Sys=0.00s Real=0.00s
[2022-06-30T12:18:50.141+0000][7][safepoint   ] Safepoint "G1Concurrent", Time since last: 67541768 ns, Reaching safepoint: 22656 ns, At safepoint: 87372 ns, Total: 110028 ns
[2022-06-30T12:18:50.141+0000][7][gc,marking  ] GC(52) Concurrent Cleanup for Next Mark
[2022-06-30T12:18:50.141+0000][7][gc,marking  ] GC(52) Concurrent Cleanup for Next Mark 0.642ms
[2022-06-30T12:18:50.142+0000][7][gc          ] GC(52) Concurrent Mark Cycle 197.859ms
[2022-06-30T12:18:51.141+0000][7][safepoint   ] Safepoint "Cleanup", Time since last: 1000143370 ns, Reaching safepoint: 58256 ns, At safepoint: 9030 ns, Total: 67286 ns
[2022-06-30T12:18:53.141+0000][7][safepoint   ] Safepoint "Cleanup", Time since last: 2000278984 ns, Reaching safepoint: 50019 ns, At safepoint: 4416 ns, Total: 54435 ns
[2022-06-30T12:19:08.143+0000][7][safepoint   ] Safepoint "Cleanup", Time since last: 15001650745 ns, Reaching safepoint: 39879 ns, At safepoint: 4780 ns, Total: 44659 ns
[2022-06-30T12:19:18.144+0000][7][safepoint   ] Safepoint "Cleanup", Time since last: 10001021070 ns, Reaching safepoint: 44445 ns, At safepoint: 4876 ns, Total: 49321 ns
[2022-06-30T12:19:23.145+0000][7][safepoint   ] Safepoint "Cleanup", Time since last: 5000535295 ns, Reaching safepoint: 40820 ns, At safepoint: 4537 ns, Total: 45357 ns
[2022-06-30T12:19:27.145+0000][7][safepoint   ] Safepoint "Cleanup", Time since last: 4000458312 ns, Reaching safepoint: 38974 ns, At safepoint: 4948 ns, Total: 43922 ns
[2022-06-30T12:19:28.145+0000][7][safepoint   ] Safepoint "Cleanup", Time since last: 1000152358 ns, Reaching safepoint: 57587 ns, At safepoint: 7195 ns, Total: 64782 ns
[2022-06-30T12:20:19.151+0000][7][safepoint   ] Safepoint "Cleanup", Time since last: 51005520545 ns, Reaching safepoint: 48160 ns, At safepoint: 4437 ns, Total: 52597 ns
[2022-06-30T12:20:25.157+0000][7][safepoint   ] Safepoint "Cleanup", Time since last: 6005733884 ns, Reaching safepoint: 41326 ns, At safepoint: 4528 ns, Total: 45854 ns
[2022-06-30T12:20:51.160+0000][7][safepoint   ] Safepoint "Cleanup", Time since last: 26003476172 ns, Reaching safepoint: 53845 ns, At safepoint: 5140 ns, Total: 58985 ns
[2022-06-30T12:21:21.164+0000][7][safepoint   ] Safepoint "Cleanup", Time since last: 30003406546 ns, Reaching safepoint: 40725 ns, At safepoint: 4720 ns, Total: 45445 ns
[2022-06-30T12:21:51.167+0000][7][safepoint   ] Safepoint "Cleanup", Time since last: 30003289280 ns, Reaching safepoint: 36475 ns, At safepoint: 4348 ns, Total: 40823 ns
[2022-06-30T12:22:09.794+0000][7][gc,start    ] GC(53) Pause Young (Normal) (G1 Evacuation Pause)
[2022-06-30T12:22:09.794+0000][7][gc,task     ] GC(53) Using 1 workers of 1 for evacuation
[2022-06-30T12:22:09.795+0000][7][gc,age      ] GC(53) Desired survivor size 8388608 bytes, new threshold 15 (max threshold 15)
[2022-06-30T12:22:09.805+0000][7][gc,phases   ] GC(53)   Pre Evacuate Collection Set: 0.0ms
[2022-06-30T12:22:09.805+0000][7][gc,phases   ] GC(53)   Merge Heap Roots: 0.1ms
[2022-06-30T12:22:09.805+0000][7][gc,phases   ] GC(53)   Evacuate Collection Set: 8.8ms
[2022-06-30T12:22:09.805+0000][7][gc,phases   ] GC(53)   Post Evacuate Collection Set: 1.1ms
[2022-06-30T12:22:09.805+0000][7][gc,phases   ] GC(53)   Other: 0.1ms
[2022-06-30T12:22:09.805+0000][7][gc,age      ] GC(53) Age table with threshold 15 (max threshold 15)
[2022-06-30T12:22:09.805+0000][7][gc,age      ] GC(53) - age   1:       9944 bytes,       9944 total
[2022-06-30T12:22:09.805+0000][7][gc,age      ] GC(53) - age   2:       2920 bytes,      12864 total
[2022-06-30T12:22:09.805+0000][7][gc,age      ] GC(53) - age   3:      16776 bytes,      29640 total
[2022-06-30T12:22:09.805+0000][7][gc,age      ] GC(53) - age   4:       3912 bytes,      33552 total
[2022-06-30T12:22:09.805+0000][7][gc,age      ] GC(53) - age   5:       2584 bytes,      36136 total
[2022-06-30T12:22:09.805+0000][7][gc,age      ] GC(53) - age   6:      20936 bytes,      57072 total
[2022-06-30T12:22:09.805+0000][7][gc,age      ] GC(53) - age   7:       1528 bytes,      58600 total
[2022-06-30T12:22:09.805+0000][7][gc,age      ] GC(53) - age   8:       8008 bytes,      66608 total
[2022-06-30T12:22:09.805+0000][7][gc,age      ] GC(53) - age   9:      33928 bytes,     100536 total
[2022-06-30T12:22:09.805+0000][7][gc,age      ] GC(53) - age  10:      17504 bytes,     118040 total
[2022-06-30T12:22:09.805+0000][7][gc,age      ] GC(53) - age  11:     271280 bytes,     389320 total
[2022-06-30T12:22:09.805+0000][7][gc,age      ] GC(53) - age  12:      48128 bytes,     437448 total
[2022-06-30T12:22:09.805+0000][7][gc,age      ] GC(53) - age  13:      24728 bytes,     462176 total
[2022-06-30T12:22:09.805+0000][7][gc,age      ] GC(53) - age  14:      75504 bytes,     537680 total
[2022-06-30T12:22:09.805+0000][7][gc,age      ] GC(53) - age  15:    2868704 bytes,    3406384 total
[2022-06-30T12:22:09.805+0000][7][gc,heap     ] GC(53) Eden regions: 28->0(29)
[2022-06-30T12:22:09.805+0000][7][gc,heap     ] GC(53) Survivor regions: 2->1(4)
[2022-06-30T12:22:09.805+0000][7][gc,heap     ] GC(53) Old regions: 18->19
[2022-06-30T12:22:09.805+0000][7][gc,heap     ] GC(53) Archive regions: 2->2
[2022-06-30T12:22:09.805+0000][7][gc,heap     ] GC(53) Humongous regions: 2->2
[2022-06-30T12:22:09.805+0000][7][gc,metaspace] GC(53) Metaspace: 104116K(108480K)->104116K(108480K) NonClass: 90178K(92800K)->90178K(92800K) Class: 13937K(15680K)->13937K(15680K)
[2022-06-30T12:22:09.805+0000][7][gc          ] GC(53) Pause Young (Normal) (G1 Evacuation Pause) 200M->88M(256M) 10.346ms
[2022-06-30T12:22:09.805+0000][7][gc,cpu      ] GC(53) User=0.01s Sys=0.00s Real=0.01s
[2022-06-30T12:22:09.805+0000][7][safepoint   ] Safepoint "G1CollectForAllocation", Time since last: 18627271739 ns, Reaching safepoint: 26569 ns, At safepoint: 10396838 ns, Total: 10423407 ns
[2022-06-30T12:22:27.807+0000][7][safepoint   ] Safepoint "Cleanup", Time since last: 18001859267 ns, Reaching safepoint: 38352 ns, At safepoint: 4766 ns, Total: 43118 ns
[2022-06-30T12:22:35.808+0000][7][safepoint   ] Safepoint "Cleanup", Time since last: 8000900865 ns, Reaching safepoint: 57250 ns, At safepoint: 9203 ns, Total: 66453 ns
[2022-06-30T12:22:55.810+0000][7][safepoint   ] Safepoint "Cleanup", Time since last: 20002240051 ns, Reaching safepoint: 38072 ns, At safepoint: 4871 ns, Total: 42943 ns
[2022-06-30T12:23:02.811+0000][7][safepoint   ] Safepoint "Cleanup", Time since last: 7000857294 ns, Reaching safepoint: 39134 ns, At safepoint: 4492 ns, Total: 43626 ns
[2022-06-30T12:24:32.821+0000][7][safepoint   ] Safepoint "Cleanup", Time since last: 90009848604 ns, Reaching safepoint: 39925 ns, At safepoint: 4559 ns, Total: 44484 ns
[2022-06-30T12:24:33.821+0000][7][safepoint   ] Safepoint "Cleanup", Time since last: 1000188724 ns, Reaching safepoint: 57193 ns, At safepoint: 8807 ns, Total: 66000 ns
[2022-06-30T12:24:48.823+0000][7][safepoint   ] Safepoint "Cleanup", Time since last: 15001906406 ns, Reaching safepoint: 37533 ns, At safepoint: 4461 ns, Total: 41994 ns
[2022-06-30T12:24:55.824+0000][7][safepoint   ] Safepoint "Cleanup", Time since last: 7000712504 ns, Reaching safepoint: 38160 ns, At safepoint: 4653 ns, Total: 42813 ns
[2022-06-30T12:25:34.019+0000][7][gc,start    ] GC(54) Pause Young (Concurrent Start) (G1 Evacuation Pause)
[2022-06-30T12:25:34.019+0000][7][gc,task     ] GC(54) Using 1 workers of 1 for evacuation
[2022-06-30T12:25:34.019+0000][7][gc,age      ] GC(54) Desired survivor size 8388608 bytes, new threshold 15 (max threshold 15)
[2022-06-30T12:25:34.027+0000][7][gc,phases   ] GC(54)   Pre Evacuate Collection Set: 0.2ms
[2022-06-30T12:25:34.027+0000][7][gc,phases   ] GC(54)   Merge Heap Roots: 0.1ms
[2022-06-30T12:25:34.027+0000][7][gc,phases   ] GC(54)   Evacuate Collection Set: 6.6ms
[2022-06-30T12:25:34.027+0000][7][gc,phases   ] GC(54)   Post Evacuate Collection Set: 1.1ms
[2022-06-30T12:25:34.027+0000][7][gc,phases   ] GC(54)   Other: 0.1ms
[2022-06-30T12:25:34.027+0000][7][gc,age      ] GC(54) Age table with threshold 15 (max threshold 15)
[2022-06-30T12:25:34.027+0000][7][gc,age      ] GC(54) - age   1:      11792 bytes,      11792 total
[2022-06-30T12:25:34.027+0000][7][gc,age      ] GC(54) - age   2:       1592 bytes,      13384 total
[2022-06-30T12:25:34.027+0000][7][gc,age      ] GC(54) - age   3:       2920 bytes,      16304 total
[2022-06-30T12:25:34.027+0000][7][gc,age      ] GC(54) - age   4:      16576 bytes,      32880 total
[2022-06-30T12:25:34.027+0000][7][gc,age      ] GC(54) - age   5:       3912 bytes,      36792 total
[2022-06-30T12:25:34.027+0000][7][gc,age      ] GC(54) - age   6:       2584 bytes,      39376 total
[2022-06-30T12:25:34.027+0000][7][gc,age      ] GC(54) - age   7:      20936 bytes,      60312 total
[2022-06-30T12:25:34.027+0000][7][gc,age      ] GC(54) - age   8:       1528 bytes,      61840 total
[2022-06-30T12:25:34.027+0000][7][gc,age      ] GC(54) - age   9:       8008 bytes,      69848 total
[2022-06-30T12:25:34.027+0000][7][gc,age      ] GC(54) - age  10:      33928 bytes,     103776 total
[2022-06-30T12:25:34.027+0000][7][gc,age      ] GC(54) - age  11:      17504 bytes,     121280 total
[2022-06-30T12:25:34.027+0000][7][gc,age      ] GC(54) - age  12:     271280 bytes,     392560 total
[2022-06-30T12:25:34.027+0000][7][gc,age      ] GC(54) - age  13:      48128 bytes,     440688 total
[2022-06-30T12:25:34.027+0000][7][gc,age      ] GC(54) - age  14:      24728 bytes,     465416 total
[2022-06-30T12:25:34.027+0000][7][gc,age      ] GC(54) - age  15:      75504 bytes,     540920 total
[2022-06-30T12:25:34.027+0000][7][gc,heap     ] GC(54) Eden regions: 29->0(29)
[2022-06-30T12:25:34.027+0000][7][gc,heap     ] GC(54) Survivor regions: 1->1(4)
[2022-06-30T12:25:34.027+0000][7][gc,heap     ] GC(54) Old regions: 19->19
[2022-06-30T12:25:34.027+0000][7][gc,heap     ] GC(54) Archive regions: 2->2
[2022-06-30T12:25:34.027+0000][7][gc,heap     ] GC(54) Humongous regions: 2->2
[2022-06-30T12:25:34.027+0000][7][gc,metaspace] GC(54) Metaspace: 104121K(108480K)->104121K(108480K) NonClass: 90183K(92800K)->90183K(92800K) Class: 13937K(15680K)->13937K(15680K)
[2022-06-30T12:25:34.027+0000][7][gc          ] GC(54) Pause Young (Concurrent Start) (G1 Evacuation Pause) 204M->88M(256M) 8.263ms
[2022-06-30T12:25:34.027+0000][7][gc,cpu      ] GC(54) User=0.01s Sys=0.00s Real=0.01s
[2022-06-30T12:25:34.027+0000][7][safepoint   ] Safepoint "G1CollectForAllocation", Time since last: 38194916357 ns, Reaching safepoint: 154997 ns, At safepoint: 8318947 ns, Total: 8473944 ns
[2022-06-30T12:25:34.027+0000][7][gc          ] GC(55) Concurrent Mark Cycle
[2022-06-30T12:25:34.027+0000][7][gc,marking  ] GC(55) Concurrent Clear Claimed Marks
[2022-06-30T12:25:34.027+0000][7][gc,marking  ] GC(55) Concurrent Clear Claimed Marks 0.047ms
[2022-06-30T12:25:34.027+0000][7][gc,marking  ] GC(55) Concurrent Scan Root Regions
[2022-06-30T12:25:34.029+0000][7][gc,marking  ] GC(55) Concurrent Scan Root Regions 2.136ms
[2022-06-30T12:25:34.029+0000][7][gc,marking  ] GC(55) Concurrent Mark
[2022-06-30T12:25:34.029+0000][7][gc,marking  ] GC(55) Concurrent Mark From Roots
[2022-06-30T12:25:34.029+0000][7][gc,task     ] GC(55) Using 1 workers of 1 for marking
[2022-06-30T12:25:34.150+0000][7][gc,marking  ] GC(55) Concurrent Mark From Roots 120.324ms
[2022-06-30T12:25:34.150+0000][7][gc,marking  ] GC(55) Concurrent Preclean
[2022-06-30T12:25:34.150+0000][7][gc,marking  ] GC(55) Concurrent Preclean 0.105ms
[2022-06-30T12:25:34.150+0000][7][gc,start    ] GC(55) Pause Remark
[2022-06-30T12:25:34.163+0000][7][gc          ] GC(55) Pause Remark 90M->90M(256M) 13.500ms
[2022-06-30T12:25:34.163+0000][7][gc,cpu      ] GC(55) User=0.01s Sys=0.00s Real=0.01s
[2022-06-30T12:25:34.163+0000][7][safepoint   ] Safepoint "G1Concurrent", Time since last: 122775020 ns, Reaching safepoint: 26075 ns, At safepoint: 13583376 ns, Total: 13609451 ns
[2022-06-30T12:25:34.164+0000][7][gc,marking  ] GC(55) Concurrent Mark 134.142ms
[2022-06-30T12:25:34.164+0000][7][gc,marking  ] GC(55) Concurrent Rebuild Remembered Sets
[2022-06-30T12:25:34.230+0000][7][gc,marking  ] GC(55) Concurrent Rebuild Remembered Sets 66.487ms
[2022-06-30T12:25:34.230+0000][7][gc,start    ] GC(55) Pause Cleanup
[2022-06-30T12:25:34.230+0000][7][gc          ] GC(55) Pause Cleanup 90M->90M(256M) 0.046ms
[2022-06-30T12:25:34.230+0000][7][gc,cpu      ] GC(55) User=0.00s Sys=0.00s Real=0.00s
[2022-06-30T12:25:34.230+0000][7][safepoint   ] Safepoint "G1Concurrent", Time since last: 66601391 ns, Reaching safepoint: 21793 ns, At safepoint: 78536 ns, Total: 100329 ns
[2022-06-30T12:25:34.230+0000][7][gc,marking  ] GC(55) Concurrent Cleanup for Next Mark
[2022-06-30T12:25:34.231+0000][7][gc,marking  ] GC(55) Concurrent Cleanup for Next Mark 0.680ms
[2022-06-30T12:25:34.231+0000][7][gc          ] GC(55) Concurrent Mark Cycle 203.762ms
[2022-06-30T12:25:47.232+0000][7][safepoint   ] Safepoint "Cleanup", Time since last: 13001283368 ns, Reaching safepoint: 38642 ns, At safepoint: 35156 ns, Total: 73798 ns
[2022-06-30T12:26:46.238+0000][7][safepoint   ] Safepoint "Cleanup", Time since last: 59006263734 ns, Reaching safepoint: 61973 ns, At safepoint: 8893 ns, Total: 70866 ns
[2022-06-30T12:26:53.239+0000][7][safepoint   ] Safepoint "Cleanup", Time since last: 7000902710 ns, Reaching safepoint: 38833 ns, At safepoint: 4344 ns, Total: 43177 ns
[2022-06-30T12:26:56.239+0000][7][safepoint   ] Safepoint "Cleanup", Time since last: 3000420152 ns, Reaching safepoint: 37906 ns, At safepoint: 4307 ns, Total: 42213 ns
[2022-06-30T12:27:57.246+0000][7][safepoint   ] Safepoint "Cleanup", Time since last: 61006929935 ns, Reaching safepoint: 38730 ns, At safepoint: 4251 ns, Total: 42981 ns
[2022-06-30T12:28:04.247+0000][7][safepoint   ] Safepoint "Cleanup", Time since last: 7000700846 ns, Reaching safepoint: 37186 ns, At safepoint: 4951 ns, Total: 42137 ns
[2022-06-30T12:28:49.252+0000][7][safepoint   ] Safepoint "Cleanup", Time since last: 45004709584 ns, Reaching safepoint: 50687 ns, At safepoint: 8467 ns, Total: 59154 ns
[2022-06-30T12:28:56.994+0000][7][gc,start    ] GC(56) Pause Young (Normal) (G1 Evacuation Pause)
[2022-06-30T12:28:56.994+0000][7][gc,task     ] GC(56) Using 1 workers of 1 for evacuation
[2022-06-30T12:28:56.994+0000][7][gc,age      ] GC(56) Desired survivor size 8388608 bytes, new threshold 15 (max threshold 15)
[2022-06-30T12:28:57.000+0000][7][gc,phases   ] GC(56)   Pre Evacuate Collection Set: 0.0ms
[2022-06-30T12:28:57.000+0000][7][gc,phases   ] GC(56)   Merge Heap Roots: 0.1ms
[2022-06-30T12:28:57.000+0000][7][gc,phases   ] GC(56)   Evacuate Collection Set: 4.7ms
[2022-06-30T12:28:57.000+0000][7][gc,phases   ] GC(56)   Post Evacuate Collection Set: 1.0ms
[2022-06-30T12:28:57.000+0000][7][gc,phases   ] GC(56)   Other: 0.1ms
[2022-06-30T12:28:57.000+0000][7][gc,age      ] GC(56) Age table with threshold 15 (max threshold 15)
[2022-06-30T12:28:57.000+0000][7][gc,age      ] GC(56) - age   1:      14560 bytes,      14560 total
[2022-06-30T12:28:57.000+0000][7][gc,age      ] GC(56) - age   2:       2624 bytes,      17184 total
[2022-06-30T12:28:57.000+0000][7][gc,age      ] GC(56) - age   3:       1592 bytes,      18776 total
[2022-06-30T12:28:57.000+0000][7][gc,age      ] GC(56) - age   4:       2720 bytes,      21496 total
[2022-06-30T12:28:57.000+0000][7][gc,age      ] GC(56) - age   5:      16376 bytes,      37872 total
[2022-06-30T12:28:57.000+0000][7][gc,age      ] GC(56) - age   6:       3912 bytes,      41784 total
[2022-06-30T12:28:57.000+0000][7][gc,age      ] GC(56) - age   7:       2584 bytes,      44368 total
[2022-06-30T12:28:57.000+0000][7][gc,age      ] GC(56) - age   8:      20936 bytes,      65304 total
[2022-06-30T12:28:57.000+0000][7][gc,age      ] GC(56) - age   9:       1528 bytes,      66832 total
[2022-06-30T12:28:57.000+0000][7][gc,age      ] GC(56) - age  10:       8008 bytes,      74840 total
[2022-06-30T12:28:57.000+0000][7][gc,age      ] GC(56) - age  11:      33928 bytes,     108768 total
[2022-06-30T12:28:57.000+0000][7][gc,age      ] GC(56) - age  12:      17504 bytes,     126272 total
[2022-06-30T12:28:57.000+0000][7][gc,age      ] GC(56) - age  13:     271280 bytes,     397552 total
[2022-06-30T12:28:57.000+0000][7][gc,age      ] GC(56) - age  14:      48128 bytes,     445680 total
[2022-06-30T12:28:57.000+0000][7][gc,age      ] GC(56) - age  15:      24728 bytes,     470408 total
[2022-06-30T12:28:57.000+0000][7][gc,heap     ] GC(56) Eden regions: 29->0(29)
[2022-06-30T12:28:57.000+0000][7][gc,heap     ] GC(56) Survivor regions: 1->1(4)
[2022-06-30T12:28:57.000+0000][7][gc,heap     ] GC(56) Old regions: 19->19
[2022-06-30T12:28:57.000+0000][7][gc,heap     ] GC(56) Archive regions: 2->2
[2022-06-30T12:28:57.000+0000][7][gc,heap     ] GC(56) Humongous regions: 2->2
[2022-06-30T12:28:57.000+0000][7][gc,metaspace] GC(56) Metaspace: 104134K(108480K)->104134K(108480K) NonClass: 90196K(92800K)->90196K(92800K) Class: 13937K(15680K)->13937K(15680K)
[2022-06-30T12:28:57.000+0000][7][gc          ] GC(56) Pause Young (Normal) (G1 Evacuation Pause) 203M->87M(256M) 6.219ms
[2022-06-30T12:28:57.000+0000][7][gc,cpu      ] GC(56) User=0.01s Sys=0.00s Real=0.01s
[2022-06-30T12:28:57.000+0000][7][safepoint   ] Safepoint "G1CollectForAllocation", Time since last: 7741809372 ns, Reaching safepoint: 27904 ns, At safepoint: 6274015 ns, Total: 6301919 ns
[2022-06-30T12:28:58.000+0000][7][safepoint   ] Safepoint "Cleanup", Time since last: 1000105738 ns, Reaching safepoint: 44925 ns, At safepoint: 5020 ns, Total: 49945 ns
[2022-06-30T12:29:05.001+0000][7][safepoint   ] Safepoint "Cleanup", Time since last: 7000860544 ns, Reaching safepoint: 47320 ns, At safepoint: 4537 ns, Total: 51857 ns
[2022-06-30T12:29:07.001+0000][7][safepoint   ] Safepoint "Cleanup", Time since last: 2000441037 ns, Reaching safepoint: 43187 ns, At safepoint: 4836 ns, Total: 48023 ns
[2022-06-30T12:29:48.006+0000][7][safepoint   ] Safepoint "Cleanup", Time since last: 41004295393 ns, Reaching safepoint: 44847 ns, At safepoint: 4447 ns, Total: 49294 ns
[2022-06-30T12:29:58.007+0000][7][safepoint   ] Safepoint "Cleanup", Time since last: 10001261085 ns, Reaching safepoint: 44126 ns, At safepoint: 4670 ns, Total: 48796 ns
[2022-06-30T12:30:21.010+0000][7][safepoint   ] Safepoint "Cleanup", Time since last: 23002901678 ns, Reaching safepoint: 42873 ns, At safepoint: 4895 ns, Total: 47768 ns
[2022-06-30T12:30:51.014+0000][7][safepoint   ] Safepoint "Cleanup", Time since last: 30003540968 ns, Reaching safepoint: 35603 ns, At safepoint: 4770 ns, Total: 40373 ns
[2022-06-30T12:30:57.014+0000][7][safepoint   ] Safepoint "Cleanup", Time since last: 6000688408 ns, Reaching safepoint: 45089 ns, At safepoint: 4840 ns, Total: 49929 ns
[2022-06-30T12:31:41.020+0000][7][safepoint   ] Safepoint "Cleanup", Time since last: 44005941702 ns, Reaching safepoint: 49568 ns, At safepoint: 4397 ns, Total: 53965 ns
[2022-06-30T12:31:53.022+0000][7][safepoint   ] Safepoint "Cleanup", Time since last: 12001883206 ns, Reaching safepoint: 39110 ns, At safepoint: 4244 ns, Total: 43354 ns
[2022-06-30T12:32:07.025+0000][7][safepoint   ] Safepoint "Cleanup", Time since last: 14002622713 ns, Reaching safepoint: 43468 ns, At safepoint: 4812 ns, Total: 48280 ns
[2022-06-30T12:32:21.636+0000][7][gc,start    ] GC(57) Pause Young (Concurrent Start) (G1 Evacuation Pause)
[2022-06-30T12:32:21.636+0000][7][gc,task     ] GC(57) Using 1 workers of 1 for evacuation
[2022-06-30T12:32:21.636+0000][7][gc,age      ] GC(57) Desired survivor size 8388608 bytes, new threshold 15 (max threshold 15)
[2022-06-30T12:32:21.641+0000][7][gc,phases   ] GC(57)   Pre Evacuate Collection Set: 0.2ms
[2022-06-30T12:32:21.641+0000][7][gc,phases   ] GC(57)   Merge Heap Roots: 0.0ms
[2022-06-30T12:32:21.641+0000][7][gc,phases   ] GC(57)   Evacuate Collection Set: 3.9ms
[2022-06-30T12:32:21.641+0000][7][gc,phases   ] GC(57)   Post Evacuate Collection Set: 1.0ms
[2022-06-30T12:32:21.641+0000][7][gc,phases   ] GC(57)   Other: 0.1ms
[2022-06-30T12:32:21.641+0000][7][gc,age      ] GC(57) Age table with threshold 15 (max threshold 15)
[2022-06-30T12:32:21.642+0000][7][gc,age      ] GC(57) - age   1:      11472 bytes,      11472 total
[2022-06-30T12:32:21.642+0000][7][gc,age      ] GC(57) - age   2:       6232 bytes,      17704 total
[2022-06-30T12:32:21.642+0000][7][gc,age      ] GC(57) - age   3:       2624 bytes,      20328 total
[2022-06-30T12:32:21.642+0000][7][gc,age      ] GC(57) - age   4:       1016 bytes,      21344 total
[2022-06-30T12:32:21.642+0000][7][gc,age      ] GC(57) - age   5:       2720 bytes,      24064 total
[2022-06-30T12:32:21.642+0000][7][gc,age      ] GC(57) - age   6:      16376 bytes,      40440 total
[2022-06-30T12:32:21.642+0000][7][gc,age      ] GC(57) - age   7:       3912 bytes,      44352 total
[2022-06-30T12:32:21.642+0000][7][gc,age      ] GC(57) - age   8:       2584 bytes,      46936 total
[2022-06-30T12:32:21.642+0000][7][gc,age      ] GC(57) - age   9:      20936 bytes,      67872 total
[2022-06-30T12:32:21.642+0000][7][gc,age      ] GC(57) - age  10:       1528 bytes,      69400 total
[2022-06-30T12:32:21.642+0000][7][gc,age      ] GC(57) - age  11:       8008 bytes,      77408 total
[2022-06-30T12:32:21.642+0000][7][gc,age      ] GC(57) - age  12:      33928 bytes,     111336 total
[2022-06-30T12:32:21.642+0000][7][gc,age      ] GC(57) - age  13:      17504 bytes,     128840 total
[2022-06-30T12:32:21.642+0000][7][gc,age      ] GC(57) - age  14:     271280 bytes,     400120 total
[2022-06-30T12:32:21.642+0000][7][gc,age      ] GC(57) - age  15:      48128 bytes,     448248 total
[2022-06-30T12:32:21.642+0000][7][gc,heap     ] GC(57) Eden regions: 29->0(29)
[2022-06-30T12:32:21.642+0000][7][gc,heap     ] GC(57) Survivor regions: 1->1(4)
[2022-06-30T12:32:21.642+0000][7][gc,heap     ] GC(57) Old regions: 19->19
[2022-06-30T12:32:21.642+0000][7][gc,heap     ] GC(57) Archive regions: 2->2
[2022-06-30T12:32:21.642+0000][7][gc,heap     ] GC(57) Humongous regions: 2->2
[2022-06-30T12:32:21.642+0000][7][gc,metaspace] GC(57) Metaspace: 104189K(108480K)->104189K(108480K) NonClass: 90251K(92800K)->90251K(92800K) Class: 13937K(15680K)->13937K(15680K)
[2022-06-30T12:32:21.642+0000][7][gc          ] GC(57) Pause Young (Concurrent Start) (G1 Evacuation Pause) 203M->88M(256M) 5.452ms
[2022-06-30T12:32:21.642+0000][7][gc,cpu      ] GC(57) User=0.00s Sys=0.01s Real=0.00s
[2022-06-30T12:32:21.642+0000][7][safepoint   ] Safepoint "G1CollectForAllocation", Time since last: 14611110123 ns, Reaching safepoint: 152165 ns, At safepoint: 5508302 ns, Total: 5660467 ns
[2022-06-30T12:32:21.642+0000][7][gc          ] GC(58) Concurrent Mark Cycle
[2022-06-30T12:32:21.642+0000][7][gc,marking  ] GC(58) Concurrent Clear Claimed Marks
[2022-06-30T12:32:21.642+0000][7][gc,marking  ] GC(58) Concurrent Clear Claimed Marks 0.040ms
[2022-06-30T12:32:21.642+0000][7][gc,marking  ] GC(58) Concurrent Scan Root Regions
[2022-06-30T12:32:21.643+0000][7][gc,marking  ] GC(58) Concurrent Scan Root Regions 1.412ms
[2022-06-30T12:32:21.643+0000][7][gc,marking  ] GC(58) Concurrent Mark
[2022-06-30T12:32:21.643+0000][7][gc,marking  ] GC(58) Concurrent Mark From Roots
[2022-06-30T12:32:21.643+0000][7][gc,task     ] GC(58) Using 1 workers of 1 for marking
[2022-06-30T12:32:21.764+0000][7][gc,marking  ] GC(58) Concurrent Mark From Roots 120.508ms
[2022-06-30T12:32:21.764+0000][7][gc,marking  ] GC(58) Concurrent Preclean
[2022-06-30T12:32:21.764+0000][7][gc,marking  ] GC(58) Concurrent Preclean 0.107ms
[2022-06-30T12:32:21.764+0000][7][gc,start    ] GC(58) Pause Remark
[2022-06-30T12:32:21.782+0000][7][gc          ] GC(58) Pause Remark 89M->89M(256M) 17.953ms
[2022-06-30T12:32:21.782+0000][7][gc,cpu      ] GC(58) User=0.01s Sys=0.00s Real=0.02s
[2022-06-30T12:32:21.782+0000][7][safepoint   ] Safepoint "G1Concurrent", Time since last: 122228195 ns, Reaching safepoint: 25837 ns, At safepoint: 18015962 ns, Total: 18041799 ns
[2022-06-30T12:32:21.782+0000][7][gc,marking  ] GC(58) Concurrent Mark 138.765ms
[2022-06-30T12:32:21.782+0000][7][gc,marking  ] GC(58) Concurrent Rebuild Remembered Sets
[2022-06-30T12:32:21.842+0000][7][gc,marking  ] GC(58) Concurrent Rebuild Remembered Sets 59.853ms
[2022-06-30T12:32:21.842+0000][7][gc,start    ] GC(58) Pause Cleanup
[2022-06-30T12:32:21.842+0000][7][gc          ] GC(58) Pause Cleanup 89M->89M(256M) 0.050ms
[2022-06-30T12:32:21.842+0000][7][gc,cpu      ] GC(58) User=0.00s Sys=0.00s Real=0.00s
[2022-06-30T12:32:21.842+0000][7][safepoint   ] Safepoint "G1Concurrent", Time since last: 59952199 ns, Reaching safepoint: 22898 ns, At safepoint: 86824 ns, Total: 109722 ns
[2022-06-30T12:32:21.842+0000][7][gc,marking  ] GC(58) Concurrent Cleanup for Next Mark
[2022-06-30T12:32:21.843+0000][7][gc,marking  ] GC(58) Concurrent Cleanup for Next Mark 0.665ms
[2022-06-30T12:32:21.843+0000][7][gc          ] GC(58) Concurrent Mark Cycle 200.993ms
[2022-06-30T12:33:05.846+0000][7][safepoint   ] Safepoint "Cleanup", Time since last: 44004386034 ns, Reaching safepoint: 41460 ns, At safepoint: 4958 ns, Total: 46418 ns
[2022-06-30T12:33:34.850+0000][7][safepoint   ] Safepoint "Cleanup", Time since last: 29003248699 ns, Reaching safepoint: 38180 ns, At safepoint: 4552 ns, Total: 42732 ns
[2022-06-30T12:34:04.853+0000][7][safepoint   ] Safepoint "Cleanup", Time since last: 30003127762 ns, Reaching safepoint: 43451 ns, At safepoint: 4794 ns, Total: 48245 ns
[2022-06-30T12:34:50.858+0000][7][safepoint   ] Safepoint "Cleanup", Time since last: 46005028500 ns, Reaching safepoint: 36217 ns, At safepoint: 39051 ns, Total: 75268 ns
[2022-06-30T12:35:50.375+0000][7][gc,start    ] GC(59) Pause Young (Normal) (G1 Evacuation Pause)
[2022-06-30T12:35:50.375+0000][7][gc,task     ] GC(59) Using 1 workers of 1 for evacuation
[2022-06-30T12:35:50.375+0000][7][gc,age      ] GC(59) Desired survivor size 8388608 bytes, new threshold 15 (max threshold 15)
[2022-06-30T12:35:50.382+0000][7][gc,phases   ] GC(59)   Pre Evacuate Collection Set: 0.0ms
[2022-06-30T12:35:50.382+0000][7][gc,phases   ] GC(59)   Merge Heap Roots: 0.1ms
[2022-06-30T12:35:50.382+0000][7][gc,phases   ] GC(59)   Evacuate Collection Set: 6.0ms
[2022-06-30T12:35:50.382+0000][7][gc,phases   ] GC(59)   Post Evacuate Collection Set: 0.9ms
[2022-06-30T12:35:50.382+0000][7][gc,phases   ] GC(59)   Other: 0.1ms
[2022-06-30T12:35:50.382+0000][7][gc,age      ] GC(59) Age table with threshold 15 (max threshold 15)
[2022-06-30T12:35:50.382+0000][7][gc,age      ] GC(59) - age   1:       8608 bytes,       8608 total
[2022-06-30T12:35:50.382+0000][7][gc,age      ] GC(59) - age   2:       3304 bytes,      11912 total
[2022-06-30T12:35:50.382+0000][7][gc,age      ] GC(59) - age   3:       6232 bytes,      18144 total
[2022-06-30T12:35:50.382+0000][7][gc,age      ] GC(59) - age   4:       2424 bytes,      20568 total
[2022-06-30T12:35:50.382+0000][7][gc,age      ] GC(59) - age   5:        816 bytes,      21384 total
[2022-06-30T12:35:50.382+0000][7][gc,age      ] GC(59) - age   6:       2720 bytes,      24104 total
[2022-06-30T12:35:50.382+0000][7][gc,age      ] GC(59) - age   7:      16376 bytes,      40480 total
[2022-06-30T12:35:50.382+0000][7][gc,age      ] GC(59) - age   8:       3912 bytes,      44392 total
[2022-06-30T12:35:50.382+0000][7][gc,age      ] GC(59) - age   9:       2584 bytes,      46976 total
[2022-06-30T12:35:50.382+0000][7][gc,age      ] GC(59) - age  10:      20936 bytes,      67912 total
[2022-06-30T12:35:50.382+0000][7][gc,age      ] GC(59) - age  11:       1528 bytes,      69440 total
[2022-06-30T12:35:50.382+0000][7][gc,age      ] GC(59) - age  12:       8008 bytes,      77448 total
[2022-06-30T12:35:50.382+0000][7][gc,age      ] GC(59) - age  13:      33928 bytes,     111376 total
[2022-06-30T12:35:50.382+0000][7][gc,age      ] GC(59) - age  14:      17504 bytes,     128880 total
[2022-06-30T12:35:50.382+0000][7][gc,age      ] GC(59) - age  15:     271280 bytes,     400160 total
[2022-06-30T12:35:50.382+0000][7][gc,heap     ] GC(59) Eden regions: 29->0(29)
[2022-06-30T12:35:50.382+0000][7][gc,heap     ] GC(59) Survivor regions: 1->1(4)
[2022-06-30T12:35:50.382+0000][7][gc,heap     ] GC(59) Old regions: 19->19
[2022-06-30T12:35:50.382+0000][7][gc,heap     ] GC(59) Archive regions: 2->2
[2022-06-30T12:35:50.382+0000][7][gc,heap     ] GC(59) Humongous regions: 2->2
[2022-06-30T12:35:50.382+0000][7][gc,metaspace] GC(59) Metaspace: 104190K(108480K)->104190K(108480K) NonClass: 90252K(92800K)->90252K(92800K) Class: 13937K(15680K)->13937K(15680K)
[2022-06-30T12:35:50.382+0000][7][gc          ] GC(59) Pause Young (Normal) (G1 Evacuation Pause) 204M->87M(256M) 7.406ms
[2022-06-30T12:35:50.382+0000][7][gc,cpu      ] GC(59) User=0.01s Sys=0.00s Real=0.00s
[2022-06-30T12:35:50.382+0000][7][safepoint   ] Safepoint "G1CollectForAllocation", Time since last: 59516667897 ns, Reaching safepoint: 31258 ns, At safepoint: 7450032 ns, Total: 7481290 ns
[2022-06-30T12:37:23.392+0000][7][safepoint   ] Safepoint "Cleanup", Time since last: 93009712227 ns, Reaching safepoint: 48873 ns, At safepoint: 6495 ns, Total: 55368 ns
[2022-06-30T12:38:17.397+0000][7][safepoint   ] Safepoint "Cleanup", Time since last: 54005338258 ns, Reaching safepoint: 36840 ns, At safepoint: 4201 ns, Total: 41041 ns
[2022-06-30T12:38:59.402+0000][7][safepoint   ] Safepoint "Cleanup", Time since last: 42004239767 ns, Reaching safepoint: 39396 ns, At safepoint: 4561 ns, Total: 43957 ns
[2022-06-30T12:39:13.839+0000][7][gc,start    ] GC(60) Pause Young (Concurrent Start) (G1 Evacuation Pause)
[2022-06-30T12:39:13.839+0000][7][gc,task     ] GC(60) Using 1 workers of 1 for evacuation
[2022-06-30T12:39:13.839+0000][7][gc,age      ] GC(60) Desired survivor size 8388608 bytes, new threshold 15 (max threshold 15)
[2022-06-30T12:39:13.844+0000][7][gc,phases   ] GC(60)   Pre Evacuate Collection Set: 0.2ms
[2022-06-30T12:39:13.844+0000][7][gc,phases   ] GC(60)   Merge Heap Roots: 0.0ms
[2022-06-30T12:39:13.844+0000][7][gc,phases   ] GC(60)   Evacuate Collection Set: 3.7ms
[2022-06-30T12:39:13.844+0000][7][gc,phases   ] GC(60)   Post Evacuate Collection Set: 0.9ms
[2022-06-30T12:39:13.844+0000][7][gc,phases   ] GC(60)   Other: 0.1ms
[2022-06-30T12:39:13.844+0000][7][gc,age      ] GC(60) Age table with threshold 15 (max threshold 15)
[2022-06-30T12:39:13.844+0000][7][gc,age      ] GC(60) - age   1:      14208 bytes,      14208 total
[2022-06-30T12:39:13.844+0000][7][gc,age      ] GC(60) - age   2:        480 bytes,      14688 total
[2022-06-30T12:39:13.844+0000][7][gc,age      ] GC(60) - age   3:       2528 bytes,      17216 total
[2022-06-30T12:39:13.844+0000][7][gc,age      ] GC(60) - age   4:       6032 bytes,      23248 total
[2022-06-30T12:39:13.844+0000][7][gc,age      ] GC(60) - age   5:       2424 bytes,      25672 total
[2022-06-30T12:39:13.844+0000][7][gc,age      ] GC(60) - age   6:        816 bytes,      26488 total
[2022-06-30T12:39:13.844+0000][7][gc,age      ] GC(60) - age   7:       2720 bytes,      29208 total
[2022-06-30T12:39:13.844+0000][7][gc,age      ] GC(60) - age   8:      16376 bytes,      45584 total
[2022-06-30T12:39:13.844+0000][7][gc,age      ] GC(60) - age   9:       3912 bytes,      49496 total
[2022-06-30T12:39:13.844+0000][7][gc,age      ] GC(60) - age  10:       2440 bytes,      51936 total
[2022-06-30T12:39:13.844+0000][7][gc,age      ] GC(60) - age  11:      20936 bytes,      72872 total
[2022-06-30T12:39:13.844+0000][7][gc,age      ] GC(60) - age  12:       1528 bytes,      74400 total
[2022-06-30T12:39:13.844+0000][7][gc,age      ] GC(60) - age  13:       8008 bytes,      82408 total
[2022-06-30T12:39:13.844+0000][7][gc,age      ] GC(60) - age  14:      33928 bytes,     116336 total
[2022-06-30T12:39:13.844+0000][7][gc,age      ] GC(60) - age  15:      17504 bytes,     133840 total
[2022-06-30T12:39:13.844+0000][7][gc,heap     ] GC(60) Eden regions: 29->0(29)
[2022-06-30T12:39:13.844+0000][7][gc,heap     ] GC(60) Survivor regions: 1->1(4)
[2022-06-30T12:39:13.844+0000][7][gc,heap     ] GC(60) Old regions: 19->19
[2022-06-30T12:39:13.844+0000][7][gc,heap     ] GC(60) Archive regions: 2->2
[2022-06-30T12:39:13.844+0000][7][gc,heap     ] GC(60) Humongous regions: 2->2
[2022-06-30T12:39:13.844+0000][7][gc,metaspace] GC(60) Metaspace: 104199K(108480K)->104199K(108480K) NonClass: 90261K(92800K)->90261K(92800K) Class: 13938K(15680K)->13938K(15680K)
[2022-06-30T12:39:13.844+0000][7][gc          ] GC(60) Pause Young (Concurrent Start) (G1 Evacuation Pause) 203M->87M(256M) 5.178ms
[2022-06-30T12:39:13.844+0000][7][gc,cpu      ] GC(60) User=0.00s Sys=0.00s Real=0.00s
[2022-06-30T12:39:13.844+0000][7][safepoint   ] Safepoint "G1CollectForAllocation", Time since last: 14437356982 ns, Reaching safepoint: 185318 ns, At safepoint: 5226903 ns, Total: 5412221 ns
[2022-06-30T12:39:13.844+0000][7][gc          ] GC(61) Concurrent Mark Cycle
[2022-06-30T12:39:13.844+0000][7][gc,marking  ] GC(61) Concurrent Clear Claimed Marks
[2022-06-30T12:39:13.845+0000][7][gc,marking  ] GC(61) Concurrent Clear Claimed Marks 0.040ms
[2022-06-30T12:39:13.845+0000][7][gc,marking  ] GC(61) Concurrent Scan Root Regions
[2022-06-30T12:39:13.846+0000][7][gc,marking  ] GC(61) Concurrent Scan Root Regions 1.728ms
[2022-06-30T12:39:13.846+0000][7][gc,marking  ] GC(61) Concurrent Mark
[2022-06-30T12:39:13.846+0000][7][gc,marking  ] GC(61) Concurrent Mark From Roots
[2022-06-30T12:39:13.846+0000][7][gc,task     ] GC(61) Using 1 workers of 1 for marking
[2022-06-30T12:39:13.961+0000][7][gc,marking  ] GC(61) Concurrent Mark From Roots 114.315ms
[2022-06-30T12:39:13.961+0000][7][gc,marking  ] GC(61) Concurrent Preclean
[2022-06-30T12:39:13.961+0000][7][gc,marking  ] GC(61) Concurrent Preclean 0.106ms
[2022-06-30T12:39:13.961+0000][7][gc,start    ] GC(61) Pause Remark
[2022-06-30T12:39:13.974+0000][7][gc          ] GC(61) Pause Remark 90M->90M(256M) 13.382ms
[2022-06-30T12:39:13.974+0000][7][gc,cpu      ] GC(61) User=0.01s Sys=0.00s Real=0.01s
[2022-06-30T12:39:13.974+0000][7][safepoint   ] Safepoint "G1Concurrent", Time since last: 116348918 ns, Reaching safepoint: 21428 ns, At safepoint: 13458732 ns, Total: 13480160 ns
[2022-06-30T12:39:13.974+0000][7][gc,marking  ] GC(61) Concurrent Mark 128.002ms
[2022-06-30T12:39:13.974+0000][7][gc,marking  ] GC(61) Concurrent Rebuild Remembered Sets
[2022-06-30T12:39:14.034+0000][7][gc,marking  ] GC(61) Concurrent Rebuild Remembered Sets 59.324ms
[2022-06-30T12:39:14.034+0000][7][gc,start    ] GC(61) Pause Cleanup
[2022-06-30T12:39:14.034+0000][7][gc          ] GC(61) Pause Cleanup 90M->90M(256M) 0.047ms
[2022-06-30T12:39:14.034+0000][7][gc,cpu      ] GC(61) User=0.00s Sys=0.00s Real=0.00s
[2022-06-30T12:39:14.034+0000][7][safepoint   ] Safepoint "G1Concurrent", Time since last: 59413495 ns, Reaching safepoint: 22775 ns, At safepoint: 83180 ns, Total: 105955 ns
[2022-06-30T12:39:14.034+0000][7][gc,marking  ] GC(61) Concurrent Cleanup for Next Mark
[2022-06-30T12:39:14.034+0000][7][gc,marking  ] GC(61) Concurrent Cleanup for Next Mark 0.642ms
[2022-06-30T12:39:14.034+0000][7][gc          ] GC(61) Concurrent Mark Cycle 189.987ms
[2022-06-30T12:40:57.045+0000][7][safepoint   ] Safepoint "Cleanup", Time since last: 103011257933 ns, Reaching safepoint: 36283 ns, At safepoint: 4299 ns, Total: 40582 ns
[2022-06-30T12:42:38.017+0000][7][gc,start    ] GC(62) Pause Young (Normal) (G1 Evacuation Pause)
[2022-06-30T12:42:38.017+0000][7][gc,task     ] GC(62) Using 1 workers of 1 for evacuation
[2022-06-30T12:42:38.017+0000][7][gc,age      ] GC(62) Desired survivor size 8388608 bytes, new threshold 15 (max threshold 15)
[2022-06-30T12:42:38.021+0000][7][gc,phases   ] GC(62)   Pre Evacuate Collection Set: 0.0ms
[2022-06-30T12:42:38.021+0000][7][gc,phases   ] GC(62)   Merge Heap Roots: 0.1ms
[2022-06-30T12:42:38.021+0000][7][gc,phases   ] GC(62)   Evacuate Collection Set: 2.5ms
[2022-06-30T12:42:38.021+0000][7][gc,phases   ] GC(62)   Post Evacuate Collection Set: 1.0ms
[2022-06-30T12:42:38.021+0000][7][gc,phases   ] GC(62)   Other: 0.1ms
[2022-06-30T12:42:38.021+0000][7][gc,age      ] GC(62) Age table with threshold 15 (max threshold 15)
[2022-06-30T12:42:38.021+0000][7][gc,age      ] GC(62) - age   1:       9608 bytes,       9608 total
[2022-06-30T12:42:38.021+0000][7][gc,age      ] GC(62) - age   2:       1760 bytes,      11368 total
[2022-06-30T12:42:38.021+0000][7][gc,age      ] GC(62) - age   3:        280 bytes,      11648 total
[2022-06-30T12:42:38.021+0000][7][gc,age      ] GC(62) - age   4:       2528 bytes,      14176 total
[2022-06-30T12:42:38.021+0000][7][gc,age      ] GC(62) - age   5:       6032 bytes,      20208 total
[2022-06-30T12:42:38.021+0000][7][gc,age      ] GC(62) - age   6:       2424 bytes,      22632 total
[2022-06-30T12:42:38.021+0000][7][gc,age      ] GC(62) - age   7:        816 bytes,      23448 total
[2022-06-30T12:42:38.021+0000][7][gc,age      ] GC(62) - age   8:       2720 bytes,      26168 total
[2022-06-30T12:42:38.021+0000][7][gc,age      ] GC(62) - age   9:      16376 bytes,      42544 total
[2022-06-30T12:42:38.021+0000][7][gc,age      ] GC(62) - age  10:       3912 bytes,      46456 total
[2022-06-30T12:42:38.021+0000][7][gc,age      ] GC(62) - age  11:       2440 bytes,      48896 total
[2022-06-30T12:42:38.021+0000][7][gc,age      ] GC(62) - age  12:      20936 bytes,      69832 total
[2022-06-30T12:42:38.021+0000][7][gc,age      ] GC(62) - age  13:       1528 bytes,      71360 total
[2022-06-30T12:42:38.021+0000][7][gc,age      ] GC(62) - age  14:       8008 bytes,      79368 total
[2022-06-30T12:42:38.021+0000][7][gc,age      ] GC(62) - age  15:      33928 bytes,     113296 total
[2022-06-30T12:42:38.021+0000][7][gc,heap     ] GC(62) Eden regions: 29->0(29)
[2022-06-30T12:42:38.021+0000][7][gc,heap     ] GC(62) Survivor regions: 1->1(4)
[2022-06-30T12:42:38.021+0000][7][gc,heap     ] GC(62) Old regions: 19->19
[2022-06-30T12:42:38.021+0000][7][gc,heap     ] GC(62) Archive regions: 2->2
[2022-06-30T12:42:38.021+0000][7][gc,heap     ] GC(62) Humongous regions: 2->2
[2022-06-30T12:42:38.021+0000][7][gc,metaspace] GC(62) Metaspace: 104200K(108480K)->104200K(108480K) NonClass: 90262K(92800K)->90262K(92800K) Class: 13938K(15680K)->13938K(15680K)
[2022-06-30T12:42:38.021+0000][7][gc          ] GC(62) Pause Young (Normal) (G1 Evacuation Pause) 203M->87M(256M) 3.976ms
[2022-06-30T12:42:38.021+0000][7][gc,cpu      ] GC(62) User=0.01s Sys=0.00s Real=0.00s
[2022-06-30T12:42:38.021+0000][7][safepoint   ] Safepoint "G1CollectForAllocation", Time since last: 100971658535 ns, Reaching safepoint: 155758 ns, At safepoint: 4025108 ns, Total: 4180866 ns
[2022-06-30T12:45:23.039+0000][7][safepoint   ] Safepoint "Cleanup", Time since last: 165018345714 ns, Reaching safepoint: 38521 ns, At safepoint: 4837 ns, Total: 43358 ns
[2022-06-30T12:46:05.184+0000][7][gc,start    ] GC(63) Pause Young (Concurrent Start) (G1 Evacuation Pause)
[2022-06-30T12:46:05.184+0000][7][gc,task     ] GC(63) Using 1 workers of 1 for evacuation
[2022-06-30T12:46:05.184+0000][7][gc,age      ] GC(63) Desired survivor size 8388608 bytes, new threshold 15 (max threshold 15)
[2022-06-30T12:46:05.187+0000][7][gc,phases   ] GC(63)   Pre Evacuate Collection Set: 0.2ms
[2022-06-30T12:46:05.187+0000][7][gc,phases   ] GC(63)   Merge Heap Roots: 0.0ms
[2022-06-30T12:46:05.187+0000][7][gc,phases   ] GC(63)   Evacuate Collection Set: 2.1ms
[2022-06-30T12:46:05.187+0000][7][gc,phases   ] GC(63)   Post Evacuate Collection Set: 0.9ms
[2022-06-30T12:46:05.187+0000][7][gc,phases   ] GC(63)   Other: 0.1ms
[2022-06-30T12:46:05.187+0000][7][gc,age      ] GC(63) Age table with threshold 15 (max threshold 15)
[2022-06-30T12:46:05.187+0000][7][gc,age      ] GC(63) - age   1:       9808 bytes,       9808 total
[2022-06-30T12:46:05.187+0000][7][gc,age      ] GC(63) - age   2:        104 bytes,       9912 total
[2022-06-30T12:46:05.187+0000][7][gc,age      ] GC(63) - age   3:       1760 bytes,      11672 total
[2022-06-30T12:46:05.187+0000][7][gc,age      ] GC(63) - age   4:         80 bytes,      11752 total
[2022-06-30T12:46:05.187+0000][7][gc,age      ] GC(63) - age   5:       2528 bytes,      14280 total
[2022-06-30T12:46:05.187+0000][7][gc,age      ] GC(63) - age   6:       6032 bytes,      20312 total
[2022-06-30T12:46:05.187+0000][7][gc,age      ] GC(63) - age   7:       2424 bytes,      22736 total
[2022-06-30T12:46:05.187+0000][7][gc,age      ] GC(63) - age   8:        816 bytes,      23552 total
[2022-06-30T12:46:05.187+0000][7][gc,age      ] GC(63) - age   9:       2720 bytes,      26272 total
[2022-06-30T12:46:05.187+0000][7][gc,age      ] GC(63) - age  10:      16376 bytes,      42648 total
[2022-06-30T12:46:05.187+0000][7][gc,age      ] GC(63) - age  11:       3912 bytes,      46560 total
[2022-06-30T12:46:05.187+0000][7][gc,age      ] GC(63) - age  12:       2440 bytes,      49000 total
[2022-06-30T12:46:05.187+0000][7][gc,age      ] GC(63) - age  13:      20936 bytes,      69936 total
[2022-06-30T12:46:05.187+0000][7][gc,age      ] GC(63) - age  14:       1528 bytes,      71464 total
[2022-06-30T12:46:05.187+0000][7][gc,age      ] GC(63) - age  15:       8008 bytes,      79472 total
[2022-06-30T12:46:05.187+0000][7][gc,heap     ] GC(63) Eden regions: 29->0(29)
[2022-06-30T12:46:05.187+0000][7][gc,heap     ] GC(63) Survivor regions: 1->1(4)
[2022-06-30T12:46:05.187+0000][7][gc,heap     ] GC(63) Old regions: 19->19
[2022-06-30T12:46:05.187+0000][7][gc,heap     ] GC(63) Archive regions: 2->2
[2022-06-30T12:46:05.187+0000][7][gc,heap     ] GC(63) Humongous regions: 2->2
[2022-06-30T12:46:05.187+0000][7][gc,metaspace] GC(63) Metaspace: 104202K(108480K)->104202K(108480K) NonClass: 90263K(92800K)->90263K(92800K) Class: 13938K(15680K)->13938K(15680K)
[2022-06-30T12:46:05.187+0000][7][gc          ] GC(63) Pause Young (Concurrent Start) (G1 Evacuation Pause) 203M->87M(256M) 3.573ms
[2022-06-30T12:46:05.187+0000][7][gc,cpu      ] GC(63) User=0.01s Sys=0.00s Real=0.01s
[2022-06-30T12:46:05.187+0000][7][safepoint   ] Safepoint "G1CollectForAllocation", Time since last: 42144401181 ns, Reaching safepoint: 165860 ns, At safepoint: 3634145 ns, Total: 3800005 ns
[2022-06-30T12:46:05.188+0000][7][gc          ] GC(64) Concurrent Mark Cycle
[2022-06-30T12:46:05.188+0000][7][gc,marking  ] GC(64) Concurrent Clear Claimed Marks
[2022-06-30T12:46:05.188+0000][7][gc,marking  ] GC(64) Concurrent Clear Claimed Marks 0.039ms
[2022-06-30T12:46:05.188+0000][7][gc,marking  ] GC(64) Concurrent Scan Root Regions
[2022-06-30T12:46:05.189+0000][7][gc,marking  ] GC(64) Concurrent Scan Root Regions 1.045ms
[2022-06-30T12:46:05.189+0000][7][gc,marking  ] GC(64) Concurrent Mark
[2022-06-30T12:46:05.189+0000][7][gc,marking  ] GC(64) Concurrent Mark From Roots
[2022-06-30T12:46:05.189+0000][7][gc,task     ] GC(64) Using 1 workers of 1 for marking
[2022-06-30T12:46:05.306+0000][7][gc,marking  ] GC(64) Concurrent Mark From Roots 117.075ms
[2022-06-30T12:46:05.306+0000][7][gc,marking  ] GC(64) Concurrent Preclean
[2022-06-30T12:46:05.306+0000][7][gc,marking  ] GC(64) Concurrent Preclean 0.121ms
[2022-06-30T12:46:05.306+0000][7][gc,start    ] GC(64) Pause Remark
[2022-06-30T12:46:05.320+0000][7][gc          ] GC(64) Pause Remark 90M->90M(256M) 14.006ms
[2022-06-30T12:46:05.320+0000][7][gc,cpu      ] GC(64) User=0.02s Sys=0.00s Real=0.02s
[2022-06-30T12:46:05.320+0000][7][safepoint   ] Safepoint "G1Concurrent", Time since last: 118459957 ns, Reaching safepoint: 26264 ns, At safepoint: 14092492 ns, Total: 14118756 ns
[2022-06-30T12:46:05.320+0000][7][gc,marking  ] GC(64) Concurrent Mark 131.427ms
[2022-06-30T12:46:05.320+0000][7][gc,marking  ] GC(64) Concurrent Rebuild Remembered Sets
[2022-06-30T12:46:05.379+0000][7][gc,marking  ] GC(64) Concurrent Rebuild Remembered Sets 59.269ms
[2022-06-30T12:46:05.379+0000][7][gc,start    ] GC(64) Pause Cleanup
[2022-06-30T12:46:05.380+0000][7][gc          ] GC(64) Pause Cleanup 90M->90M(256M) 0.048ms
[2022-06-30T12:46:05.380+0000][7][gc,cpu      ] GC(64) User=0.00s Sys=0.00s Real=0.00s
[2022-06-30T12:46:05.380+0000][7][safepoint   ] Safepoint "G1Concurrent", Time since last: 59368721 ns, Reaching safepoint: 22916 ns, At safepoint: 85082 ns, Total: 107998 ns
[2022-06-30T12:46:05.380+0000][7][gc,marking  ] GC(64) Concurrent Cleanup for Next Mark
[2022-06-30T12:46:05.380+0000][7][gc,marking  ] GC(64) Concurrent Cleanup for Next Mark 0.654ms
[2022-06-30T12:46:05.380+0000][7][gc          ] GC(64) Concurrent Mark Cycle 192.688ms
[2022-06-30T12:46:21.382+0000][7][safepoint   ] Safepoint "Cleanup", Time since last: 16001832858 ns, Reaching safepoint: 35075 ns, At safepoint: 107425 ns, Total: 142500 ns
[2022-06-30T12:48:22.395+0000][7][safepoint   ] Safepoint "Cleanup", Time since last: 121013561574 ns, Reaching safepoint: 42687 ns, At safepoint: 4302 ns, Total: 46989 ns
[2022-06-30T12:48:31.396+0000][7][safepoint   ] Safepoint "Cleanup", Time since last: 9000965237 ns, Reaching safepoint: 39651 ns, At safepoint: 4504 ns, Total: 44155 ns
[2022-06-30T12:48:51.399+0000][7][safepoint   ] Safepoint "Cleanup", Time since last: 20002568214 ns, Reaching safepoint: 39507 ns, At safepoint: 5038 ns, Total: 44545 ns
[2022-06-30T12:49:01.400+0000][7][safepoint   ] Safepoint "Cleanup", Time since last: 10001090385 ns, Reaching safepoint: 39852 ns, At safepoint: 5590 ns, Total: 45442 ns
[2022-06-30T12:49:21.402+0000][7][safepoint   ] Safepoint "Cleanup", Time since last: 20002195666 ns, Reaching safepoint: 48113 ns, At safepoint: 4217 ns, Total: 52330 ns
[2022-06-30T12:49:28.352+0000][7][gc,start    ] GC(65) Pause Young (Normal) (G1 Evacuation Pause)
[2022-06-30T12:49:28.352+0000][7][gc,task     ] GC(65) Using 1 workers of 1 for evacuation
[2022-06-30T12:49:28.352+0000][7][gc,age      ] GC(65) Desired survivor size 8388608 bytes, new threshold 15 (max threshold 15)
[2022-06-30T12:49:28.355+0000][7][gc,phases   ] GC(65)   Pre Evacuate Collection Set: 0.0ms
[2022-06-30T12:49:28.355+0000][7][gc,phases   ] GC(65)   Merge Heap Roots: 0.1ms
[2022-06-30T12:49:28.355+0000][7][gc,phases   ] GC(65)   Evacuate Collection Set: 2.0ms
[2022-06-30T12:49:28.355+0000][7][gc,phases   ] GC(65)   Post Evacuate Collection Set: 1.0ms
[2022-06-30T12:49:28.355+0000][7][gc,phases   ] GC(65)   Other: 0.1ms
[2022-06-30T12:49:28.355+0000][7][gc,age      ] GC(65) Age table with threshold 15 (max threshold 15)
[2022-06-30T12:49:28.355+0000][7][gc,age      ] GC(65) - age   1:      13528 bytes,      13528 total
[2022-06-30T12:49:28.355+0000][7][gc,age      ] GC(65) - age   2:        104 bytes,      13632 total
[2022-06-30T12:49:28.355+0000][7][gc,age      ] GC(65) - age   3:        104 bytes,      13736 total
[2022-06-30T12:49:28.355+0000][7][gc,age      ] GC(65) - age   4:       1184 bytes,      14920 total
[2022-06-30T12:49:28.355+0000][7][gc,age      ] GC(65) - age   5:         80 bytes,      15000 total
[2022-06-30T12:49:28.355+0000][7][gc,age      ] GC(65) - age   6:       2528 bytes,      17528 total
[2022-06-30T12:49:28.355+0000][7][gc,age      ] GC(65) - age   7:       6032 bytes,      23560 total
[2022-06-30T12:49:28.355+0000][7][gc,age      ] GC(65) - age   8:       2424 bytes,      25984 total
[2022-06-30T12:49:28.355+0000][7][gc,age      ] GC(65) - age   9:        816 bytes,      26800 total
[2022-06-30T12:49:28.355+0000][7][gc,age      ] GC(65) - age  10:       2720 bytes,      29520 total
[2022-06-30T12:49:28.355+0000][7][gc,age      ] GC(65) - age  11:      16376 bytes,      45896 total
[2022-06-30T12:49:28.355+0000][7][gc,age      ] GC(65) - age  12:       3912 bytes,      49808 total
[2022-06-30T12:49:28.355+0000][7][gc,age      ] GC(65) - age  13:       2440 bytes,      52248 total
[2022-06-30T12:49:28.355+0000][7][gc,age      ] GC(65) - age  14:      20936 bytes,      73184 total
[2022-06-30T12:49:28.355+0000][7][gc,age      ] GC(65) - age  15:       1528 bytes,      74712 total
[2022-06-30T12:49:28.355+0000][7][gc,heap     ] GC(65) Eden regions: 29->0(28)
[2022-06-30T12:49:28.355+0000][7][gc,heap     ] GC(65) Survivor regions: 1->1(4)
[2022-06-30T12:49:28.355+0000][7][gc,heap     ] GC(65) Old regions: 19->20
[2022-06-30T12:49:28.355+0000][7][gc,heap     ] GC(65) Archive regions: 2->2
[2022-06-30T12:49:28.355+0000][7][gc,heap     ] GC(65) Humongous regions: 2->2
[2022-06-30T12:49:28.355+0000][7][gc,metaspace] GC(65) Metaspace: 104209K(108480K)->104209K(108480K) NonClass: 90270K(92800K)->90270K(92800K) Class: 13938K(15680K)->13938K(15680K)
[2022-06-30T12:49:28.355+0000][7][gc          ] GC(65) Pause Young (Normal) (G1 Evacuation Pause) 203M->87M(256M) 3.682ms
[2022-06-30T12:49:28.355+0000][7][gc,cpu      ] GC(65) User=0.01s Sys=0.00s Real=0.01s
[2022-06-30T12:49:28.355+0000][7][safepoint   ] Safepoint "G1CollectForAllocation", Time since last: 6949447767 ns, Reaching safepoint: 154673 ns, At safepoint: 3741757 ns, Total: 3896430 ns
[2022-06-30T12:49:51.358+0000][7][safepoint   ] Safepoint "Cleanup", Time since last: 23002726728 ns, Reaching safepoint: 38401 ns, At safepoint: 4537 ns, Total: 42938 ns
[2022-06-30T12:50:51.364+0000][7][safepoint   ] Safepoint "Cleanup", Time since last: 60006041582 ns, Reaching safepoint: 38478 ns, At safepoint: 4458 ns, Total: 42936 ns
[2022-06-30T12:51:21.368+0000][7][safepoint   ] Safepoint "Cleanup", Time since last: 30003605718 ns, Reaching safepoint: 36332 ns, At safepoint: 4173 ns, Total: 40505 ns
[2022-06-30T12:51:51.371+0000][7][safepoint   ] Safepoint "Cleanup", Time since last: 30003414339 ns, Reaching safepoint: 39457 ns, At safepoint: 5164 ns, Total: 44621 ns
[2022-06-30T12:52:48.604+0000][7][gc,start    ] GC(66) Pause Young (Concurrent Start) (G1 Evacuation Pause)
[2022-06-30T12:52:48.604+0000][7][gc,task     ] GC(66) Using 1 workers of 1 for evacuation
[2022-06-30T12:52:48.604+0000][7][gc,age      ] GC(66) Desired survivor size 8388608 bytes, new threshold 15 (max threshold 15)
[2022-06-30T12:52:48.607+0000][7][gc,phases   ] GC(66)   Pre Evacuate Collection Set: 0.2ms
[2022-06-30T12:52:48.607+0000][7][gc,phases   ] GC(66)   Merge Heap Roots: 0.0ms
[2022-06-30T12:52:48.607+0000][7][gc,phases   ] GC(66)   Evacuate Collection Set: 1.7ms
[2022-06-30T12:52:48.607+0000][7][gc,phases   ] GC(66)   Post Evacuate Collection Set: 1.0ms
[2022-06-30T12:52:48.607+0000][7][gc,phases   ] GC(66)   Other: 0.1ms
[2022-06-30T12:52:48.607+0000][7][gc,age      ] GC(66) Age table with threshold 15 (max threshold 15)
[2022-06-30T12:52:48.607+0000][7][gc,age      ] GC(66) - age   1:       8848 bytes,       8848 total
[2022-06-30T12:52:48.607+0000][7][gc,age      ] GC(66) - age   2:       3848 bytes,      12696 total
[2022-06-30T12:52:48.607+0000][7][gc,age      ] GC(66) - age   3:        104 bytes,      12800 total
[2022-06-30T12:52:48.607+0000][7][gc,age      ] GC(66) - age   4:        104 bytes,      12904 total
[2022-06-30T12:52:48.607+0000][7][gc,age      ] GC(66) - age   5:        984 bytes,      13888 total
[2022-06-30T12:52:48.607+0000][7][gc,age      ] GC(66) - age   6:         80 bytes,      13968 total
[2022-06-30T12:52:48.607+0000][7][gc,age      ] GC(66) - age   7:       2528 bytes,      16496 total
[2022-06-30T12:52:48.607+0000][7][gc,age      ] GC(66) - age   8:       6032 bytes,      22528 total
[2022-06-30T12:52:48.607+0000][7][gc,age      ] GC(66) - age   9:       2424 bytes,      24952 total
[2022-06-30T12:52:48.607+0000][7][gc,age      ] GC(66) - age  10:        816 bytes,      25768 total
[2022-06-30T12:52:48.607+0000][7][gc,age      ] GC(66) - age  11:       2720 bytes,      28488 total
[2022-06-30T12:52:48.607+0000][7][gc,age      ] GC(66) - age  12:      16376 bytes,      44864 total
[2022-06-30T12:52:48.607+0000][7][gc,age      ] GC(66) - age  13:       3912 bytes,      48776 total
[2022-06-30T12:52:48.607+0000][7][gc,age      ] GC(66) - age  14:       2440 bytes,      51216 total
[2022-06-30T12:52:48.607+0000][7][gc,age      ] GC(66) - age  15:      20936 bytes,      72152 total
[2022-06-30T12:52:48.607+0000][7][gc,heap     ] GC(66) Eden regions: 28->0(28)
[2022-06-30T12:52:48.607+0000][7][gc,heap     ] GC(66) Survivor regions: 1->1(4)
[2022-06-30T12:52:48.607+0000][7][gc,heap     ] GC(66) Old regions: 20->20
[2022-06-30T12:52:48.607+0000][7][gc,heap     ] GC(66) Archive regions: 2->2
[2022-06-30T12:52:48.607+0000][7][gc,heap     ] GC(66) Humongous regions: 2->2
[2022-06-30T12:52:48.607+0000][7][gc,metaspace] GC(66) Metaspace: 104236K(108480K)->104236K(108480K) NonClass: 90297K(92800K)->90297K(92800K) Class: 13938K(15680K)->13938K(15680K)
[2022-06-30T12:52:48.607+0000][7][gc          ] GC(66) Pause Young (Concurrent Start) (G1 Evacuation Pause) 199M->88M(256M) 3.200ms
[2022-06-30T12:52:48.607+0000][7][gc,cpu      ] GC(66) User=0.01s Sys=0.00s Real=0.01s
[2022-06-30T12:52:48.607+0000][7][safepoint   ] Safepoint "G1CollectForAllocation", Time since last: 57232352532 ns, Reaching safepoint: 153090 ns, At safepoint: 3263576 ns, Total: 3416666 ns
[2022-06-30T12:52:48.607+0000][7][gc          ] GC(67) Concurrent Mark Cycle
[2022-06-30T12:52:48.607+0000][7][gc,marking  ] GC(67) Concurrent Clear Claimed Marks
[2022-06-30T12:52:48.607+0000][7][gc,marking  ] GC(67) Concurrent Clear Claimed Marks 0.039ms
[2022-06-30T12:52:48.607+0000][7][gc,marking  ] GC(67) Concurrent Scan Root Regions
[2022-06-30T12:52:48.608+0000][7][gc,marking  ] GC(67) Concurrent Scan Root Regions 1.004ms
[2022-06-30T12:52:48.608+0000][7][gc,marking  ] GC(67) Concurrent Mark
[2022-06-30T12:52:48.608+0000][7][gc,marking  ] GC(67) Concurrent Mark From Roots
[2022-06-30T12:52:48.608+0000][7][gc,task     ] GC(67) Using 1 workers of 1 for marking
[2022-06-30T12:52:48.722+0000][7][gc,marking  ] GC(67) Concurrent Mark From Roots 113.884ms
[2022-06-30T12:52:48.722+0000][7][gc,marking  ] GC(67) Concurrent Preclean
[2022-06-30T12:52:48.722+0000][7][gc,marking  ] GC(67) Concurrent Preclean 0.113ms
[2022-06-30T12:52:48.722+0000][7][gc,start    ] GC(67) Pause Remark
[2022-06-30T12:52:48.736+0000][7][gc          ] GC(67) Pause Remark 89M->89M(256M) 13.423ms
[2022-06-30T12:52:48.736+0000][7][gc,cpu      ] GC(67) User=0.01s Sys=0.00s Real=0.02s
[2022-06-30T12:52:48.736+0000][7][safepoint   ] Safepoint "G1Concurrent", Time since last: 115200452 ns, Reaching safepoint: 26824 ns, At safepoint: 13489141 ns, Total: 13515965 ns
[2022-06-30T12:52:48.736+0000][7][gc,marking  ] GC(67) Concurrent Mark 127.628ms
[2022-06-30T12:52:48.736+0000][7][gc,marking  ] GC(67) Concurrent Rebuild Remembered Sets
[2022-06-30T12:52:48.796+0000][7][gc,marking  ] GC(67) Concurrent Rebuild Remembered Sets 60.179ms
[2022-06-30T12:52:48.796+0000][7][gc,start    ] GC(67) Pause Cleanup
[2022-06-30T12:52:48.796+0000][7][gc          ] GC(67) Pause Cleanup 89M->89M(256M) 0.051ms
[2022-06-30T12:52:48.796+0000][7][gc,cpu      ] GC(67) User=0.00s Sys=0.00s Real=0.00s
[2022-06-30T12:52:48.796+0000][7][safepoint   ] Safepoint "G1Concurrent", Time since last: 60280920 ns, Reaching safepoint: 23325 ns, At safepoint: 87038 ns, Total: 110363 ns
[2022-06-30T12:52:48.796+0000][7][gc,marking  ] GC(67) Concurrent Cleanup for Next Mark
[2022-06-30T12:52:48.797+0000][7][gc,marking  ] GC(67) Concurrent Cleanup for Next Mark 0.645ms
[2022-06-30T12:52:48.797+0000][7][gc          ] GC(67) Concurrent Mark Cycle 189.747ms
[2022-06-30T12:52:57.797+0000][7][safepoint   ] Safepoint "Cleanup", Time since last: 9001052009 ns, Reaching safepoint: 39633 ns, At safepoint: 4650 ns, Total: 44283 ns
[2022-06-30T12:54:01.804+0000][7][safepoint   ] Safepoint "Cleanup", Time since last: 64006730298 ns, Reaching safepoint: 40024 ns, At safepoint: 5196 ns, Total: 45220 ns
[2022-06-30T12:55:32.814+0000][7][safepoint   ] Safepoint "Cleanup", Time since last: 91009728168 ns, Reaching safepoint: 37786 ns, At safepoint: 4551 ns, Total: 42337 ns
[2022-06-30T12:55:50.816+0000][7][safepoint   ] Safepoint "Cleanup", Time since last: 18002152444 ns, Reaching safepoint: 40524 ns, At safepoint: 26464 ns, Total: 66988 ns
[2022-06-30T12:56:06.763+0000][7][gc,start    ] GC(68) Pause Young (Normal) (G1 Evacuation Pause)
[2022-06-30T12:56:06.763+0000][7][gc,task     ] GC(68) Using 1 workers of 1 for evacuation
[2022-06-30T12:56:06.763+0000][7][gc,age      ] GC(68) Desired survivor size 8388608 bytes, new threshold 15 (max threshold 15)
[2022-06-30T12:56:06.766+0000][7][gc,phases   ] GC(68)   Pre Evacuate Collection Set: 0.1ms
[2022-06-30T12:56:06.766+0000][7][gc,phases   ] GC(68)   Merge Heap Roots: 0.1ms
[2022-06-30T12:56:06.767+0000][7][gc,phases   ] GC(68)   Evacuate Collection Set: 2.0ms
[2022-06-30T12:56:06.767+0000][7][gc,phases   ] GC(68)   Post Evacuate Collection Set: 0.9ms
[2022-06-30T12:56:06.767+0000][7][gc,phases   ] GC(68)   Other: 0.1ms
[2022-06-30T12:56:06.767+0000][7][gc,age      ] GC(68) Age table with threshold 15 (max threshold 15)
[2022-06-30T12:56:06.767+0000][7][gc,age      ] GC(68) - age   1:      10176 bytes,      10176 total
[2022-06-30T12:56:06.767+0000][7][gc,age      ] GC(68) - age   2:        840 bytes,      11016 total
[2022-06-30T12:56:06.767+0000][7][gc,age      ] GC(68) - age   3:       3624 bytes,      14640 total
[2022-06-30T12:56:06.767+0000][7][gc,age      ] GC(68) - age   4:        104 bytes,      14744 total
[2022-06-30T12:56:06.767+0000][7][gc,age      ] GC(68) - age   5:        104 bytes,      14848 total
[2022-06-30T12:56:06.767+0000][7][gc,age      ] GC(68) - age   6:        984 bytes,      15832 total
[2022-06-30T12:56:06.767+0000][7][gc,age      ] GC(68) - age   7:         80 bytes,      15912 total
[2022-06-30T12:56:06.767+0000][7][gc,age      ] GC(68) - age   8:       2528 bytes,      18440 total
[2022-06-30T12:56:06.767+0000][7][gc,age      ] GC(68) - age   9:       6032 bytes,      24472 total
[2022-06-30T12:56:06.767+0000][7][gc,age      ] GC(68) - age  10:       2424 bytes,      26896 total
[2022-06-30T12:56:06.767+0000][7][gc,age      ] GC(68) - age  11:        816 bytes,      27712 total
[2022-06-30T12:56:06.767+0000][7][gc,age      ] GC(68) - age  12:       2720 bytes,      30432 total
[2022-06-30T12:56:06.767+0000][7][gc,age      ] GC(68) - age  13:      16376 bytes,      46808 total
[2022-06-30T12:56:06.767+0000][7][gc,age      ] GC(68) - age  14:       3912 bytes,      50720 total
[2022-06-30T12:56:06.767+0000][7][gc,age      ] GC(68) - age  15:       2440 bytes,      53160 total
[2022-06-30T12:56:06.767+0000][7][gc,heap     ] GC(68) Eden regions: 28->0(28)
[2022-06-30T12:56:06.767+0000][7][gc,heap     ] GC(68) Survivor regions: 1->1(4)
[2022-06-30T12:56:06.767+0000][7][gc,heap     ] GC(68) Old regions: 20->20
[2022-06-30T12:56:06.767+0000][7][gc,heap     ] GC(68) Archive regions: 2->2
[2022-06-30T12:56:06.767+0000][7][gc,heap     ] GC(68) Humongous regions: 2->2
[2022-06-30T12:56:06.767+0000][7][gc,metaspace] GC(68) Metaspace: 104242K(108480K)->104242K(108480K) NonClass: 90303K(92800K)->90303K(92800K) Class: 13938K(15680K)->13938K(15680K)
[2022-06-30T12:56:06.767+0000][7][gc          ] GC(68) Pause Young (Normal) (G1 Evacuation Pause) 200M->88M(256M) 3.430ms
[2022-06-30T12:56:06.767+0000][7][gc,cpu      ] GC(68) User=0.00s Sys=0.00s Real=0.01s
[2022-06-30T12:56:06.767+0000][7][safepoint   ] Safepoint "G1CollectForAllocation", Time since last: 15947055040 ns, Reaching safepoint: 27841 ns, At safepoint: 3481209 ns, Total: 3509050 ns
[2022-06-30T12:56:08.767+0000][7][safepoint   ] Safepoint "Cleanup", Time since last: 2000198481 ns, Reaching safepoint: 45683 ns, At safepoint: 5674 ns, Total: 51357 ns
[2022-06-30T12:56:20.768+0000][7][safepoint   ] Safepoint "Cleanup", Time since last: 12001387151 ns, Reaching safepoint: 50336 ns, At safepoint: 4915 ns, Total: 55251 ns
[2022-06-30T12:56:42.771+0000][7][safepoint   ] Safepoint "Cleanup", Time since last: 22002357877 ns, Reaching safepoint: 47522 ns, At safepoint: 5364 ns, Total: 52886 ns
[2022-06-30T12:59:20.788+0000][7][safepoint   ] Safepoint "Cleanup", Time since last: 158017528704 ns, Reaching safepoint: 59730 ns, At safepoint: 4917 ns, Total: 64647 ns
[2022-06-30T12:59:26.922+0000][7][gc,start    ] GC(69) Pause Young (Concurrent Start) (G1 Evacuation Pause)
[2022-06-30T12:59:26.922+0000][7][gc,task     ] GC(69) Using 1 workers of 1 for evacuation
[2022-06-30T12:59:26.922+0000][7][gc,age      ] GC(69) Desired survivor size 8388608 bytes, new threshold 15 (max threshold 15)
[2022-06-30T12:59:26.925+0000][7][gc,phases   ] GC(69)   Pre Evacuate Collection Set: 0.2ms
[2022-06-30T12:59:26.925+0000][7][gc,phases   ] GC(69)   Merge Heap Roots: 0.0ms
[2022-06-30T12:59:26.925+0000][7][gc,phases   ] GC(69)   Evacuate Collection Set: 1.7ms
[2022-06-30T12:59:26.925+0000][7][gc,phases   ] GC(69)   Post Evacuate Collection Set: 0.9ms
[2022-06-30T12:59:26.925+0000][7][gc,phases   ] GC(69)   Other: 0.1ms
[2022-06-30T12:59:26.925+0000][7][gc,age      ] GC(69) Age table with threshold 15 (max threshold 15)
[2022-06-30T12:59:26.925+0000][7][gc,age      ] GC(69) - age   1:      10704 bytes,      10704 total
[2022-06-30T12:59:26.925+0000][7][gc,age      ] GC(69) - age   2:        200 bytes,      10904 total
[2022-06-30T12:59:26.925+0000][7][gc,age      ] GC(69) - age   3:        640 bytes,      11544 total
[2022-06-30T12:59:26.925+0000][7][gc,age      ] GC(69) - age   4:       3048 bytes,      14592 total
[2022-06-30T12:59:26.925+0000][7][gc,age      ] GC(69) - age   5:        104 bytes,      14696 total
[2022-06-30T12:59:26.925+0000][7][gc,age      ] GC(69) - age   6:        104 bytes,      14800 total
[2022-06-30T12:59:26.925+0000][7][gc,age      ] GC(69) - age   7:        784 bytes,      15584 total
[2022-06-30T12:59:26.925+0000][7][gc,age      ] GC(69) - age   8:         80 bytes,      15664 total
[2022-06-30T12:59:26.925+0000][7][gc,age      ] GC(69) - age   9:       2528 bytes,      18192 total
[2022-06-30T12:59:26.925+0000][7][gc,age      ] GC(69) - age  10:       6032 bytes,      24224 total
[2022-06-30T12:59:26.925+0000][7][gc,age      ] GC(69) - age  11:       2424 bytes,      26648 total
[2022-06-30T12:59:26.925+0000][7][gc,age      ] GC(69) - age  12:        816 bytes,      27464 total
[2022-06-30T12:59:26.925+0000][7][gc,age      ] GC(69) - age  13:       2720 bytes,      30184 total
[2022-06-30T12:59:26.925+0000][7][gc,age      ] GC(69) - age  14:      16376 bytes,      46560 total
[2022-06-30T12:59:26.925+0000][7][gc,age      ] GC(69) - age  15:       3912 bytes,      50472 total
[2022-06-30T12:59:26.925+0000][7][gc,heap     ] GC(69) Eden regions: 28->0(28)
[2022-06-30T12:59:26.925+0000][7][gc,heap     ] GC(69) Survivor regions: 1->1(4)
[2022-06-30T12:59:26.925+0000][7][gc,heap     ] GC(69) Old regions: 20->20
[2022-06-30T12:59:26.925+0000][7][gc,heap     ] GC(69) Archive regions: 2->2
[2022-06-30T12:59:26.925+0000][7][gc,heap     ] GC(69) Humongous regions: 2->2
[2022-06-30T12:59:26.925+0000][7][gc,metaspace] GC(69) Metaspace: 104246K(108480K)->104246K(108480K) NonClass: 90307K(92800K)->90307K(92800K) Class: 13938K(15680K)->13938K(15680K)
[2022-06-30T12:59:26.926+0000][7][gc          ] GC(69) Pause Young (Concurrent Start) (G1 Evacuation Pause) 200M->88M(256M) 3.178ms
[2022-06-30T12:59:26.926+0000][7][gc,cpu      ] GC(69) User=0.00s Sys=0.00s Real=0.00s
[2022-06-30T12:59:26.926+0000][7][safepoint   ] Safepoint "G1CollectForAllocation", Time since last: 6133858654 ns, Reaching safepoint: 25485 ns, At safepoint: 3226505 ns, Total: 3251990 ns
[2022-06-30T12:59:26.926+0000][7][gc          ] GC(70) Concurrent Mark Cycle
[2022-06-30T12:59:26.926+0000][7][gc,marking  ] GC(70) Concurrent Clear Claimed Marks
[2022-06-30T12:59:26.926+0000][7][gc,marking  ] GC(70) Concurrent Clear Claimed Marks 0.050ms
[2022-06-30T12:59:26.926+0000][7][gc,marking  ] GC(70) Concurrent Scan Root Regions
[2022-06-30T12:59:26.927+0000][7][gc,marking  ] GC(70) Concurrent Scan Root Regions 1.000ms
[2022-06-30T12:59:26.927+0000][7][gc,marking  ] GC(70) Concurrent Mark
[2022-06-30T12:59:26.927+0000][7][gc,marking  ] GC(70) Concurrent Mark From Roots
[2022-06-30T12:59:26.927+0000][7][gc,task     ] GC(70) Using 1 workers of 1 for marking
[2022-06-30T12:59:27.046+0000][7][gc,marking  ] GC(70) Concurrent Mark From Roots 118.837ms
[2022-06-30T12:59:27.046+0000][7][gc,marking  ] GC(70) Concurrent Preclean
[2022-06-30T12:59:27.046+0000][7][gc,marking  ] GC(70) Concurrent Preclean 0.129ms
[2022-06-30T12:59:27.046+0000][7][gc,start    ] GC(70) Pause Remark
[2022-06-30T12:59:27.060+0000][7][gc          ] GC(70) Pause Remark 89M->89M(256M) 13.793ms
[2022-06-30T12:59:27.060+0000][7][gc,cpu      ] GC(70) User=0.02s Sys=0.00s Real=0.02s
[2022-06-30T12:59:27.060+0000][7][safepoint   ] Safepoint "G1Concurrent", Time since last: 120183364 ns, Reaching safepoint: 26423 ns, At safepoint: 13874128 ns, Total: 13900551 ns
[2022-06-30T12:59:27.060+0000][7][gc,marking  ] GC(70) Concurrent Mark 132.983ms
[2022-06-30T12:59:27.060+0000][7][gc,marking  ] GC(70) Concurrent Rebuild Remembered Sets
[2022-06-30T12:59:27.120+0000][7][gc,marking  ] GC(70) Concurrent Rebuild Remembered Sets 59.862ms
[2022-06-30T12:59:27.120+0000][7][gc,start    ] GC(70) Pause Cleanup
[2022-06-30T12:59:27.120+0000][7][gc          ] GC(70) Pause Cleanup 89M->89M(256M) 0.051ms
[2022-06-30T12:59:27.120+0000][7][gc,cpu      ] GC(70) User=0.00s Sys=0.00s Real=0.00s
[2022-06-30T12:59:27.120+0000][7][safepoint   ] Safepoint "G1Concurrent", Time since last: 59961311 ns, Reaching safepoint: 24110 ns, At safepoint: 88329 ns, Total: 112439 ns
[2022-06-30T12:59:27.120+0000][7][gc,marking  ] GC(70) Concurrent Cleanup for Next Mark
[2022-06-30T12:59:27.120+0000][7][gc,marking  ] GC(70) Concurrent Cleanup for Next Mark 0.647ms
[2022-06-30T12:59:27.120+0000][7][gc          ] GC(70) Concurrent Mark Cycle 194.802ms
[2022-06-30T12:59:53.123+0000][7][safepoint   ] Safepoint "Cleanup", Time since last: 26002937593 ns, Reaching safepoint: 39946 ns, At safepoint: 4104 ns, Total: 44050 ns
[2022-06-30T13:00:44.129+0000][7][safepoint   ] Safepoint "Cleanup", Time since last: 51006488039 ns, Reaching safepoint: 37638 ns, At safepoint: 4317 ns, Total: 41955 ns
[2022-06-30T13:01:22.133+0000][7][safepoint   ] Safepoint "Cleanup", Time since last: 38003954914 ns, Reaching safepoint: 38019 ns, At safepoint: 4817 ns, Total: 42836 ns
[2022-06-30T13:02:46.089+0000][7][gc,start    ] GC(71) Pause Young (Normal) (G1 Evacuation Pause)
[2022-06-30T13:02:46.089+0000][7][gc,task     ] GC(71) Using 1 workers of 1 for evacuation
[2022-06-30T13:02:46.089+0000][7][gc,age      ] GC(71) Desired survivor size 8388608 bytes, new threshold 15 (max threshold 15)
[2022-06-30T13:02:46.092+0000][7][gc,phases   ] GC(71)   Pre Evacuate Collection Set: 0.0ms
[2022-06-30T13:02:46.092+0000][7][gc,phases   ] GC(71)   Merge Heap Roots: 0.1ms
[2022-06-30T13:02:46.092+0000][7][gc,phases   ] GC(71)   Evacuate Collection Set: 1.9ms
[2022-06-30T13:02:46.092+0000][7][gc,phases   ] GC(71)   Post Evacuate Collection Set: 0.8ms
[2022-06-30T13:02:46.092+0000][7][gc,phases   ] GC(71)   Other: 0.1ms
[2022-06-30T13:02:46.092+0000][7][gc,age      ] GC(71) Age table with threshold 15 (max threshold 15)
[2022-06-30T13:02:46.092+0000][7][gc,age      ] GC(71) - age   1:       8536 bytes,       8536 total
[2022-06-30T13:02:46.092+0000][7][gc,age      ] GC(71) - age   2:        920 bytes,       9456 total
[2022-06-30T13:02:46.092+0000][7][gc,age      ] GC(71) - age   3:        200 bytes,       9656 total
[2022-06-30T13:02:46.092+0000][7][gc,age      ] GC(71) - age   4:        640 bytes,      10296 total
[2022-06-30T13:02:46.092+0000][7][gc,age      ] GC(71) - age   5:       3048 bytes,      13344 total
[2022-06-30T13:02:46.092+0000][7][gc,age      ] GC(71) - age   6:        104 bytes,      13448 total
[2022-06-30T13:02:46.092+0000][7][gc,age      ] GC(71) - age   7:        104 bytes,      13552 total
[2022-06-30T13:02:46.092+0000][7][gc,age      ] GC(71) - age   8:        784 bytes,      14336 total
[2022-06-30T13:02:46.092+0000][7][gc,age      ] GC(71) - age   9:         80 bytes,      14416 total
[2022-06-30T13:02:46.092+0000][7][gc,age      ] GC(71) - age  10:       2528 bytes,      16944 total
[2022-06-30T13:02:46.092+0000][7][gc,age      ] GC(71) - age  11:       6032 bytes,      22976 total
[2022-06-30T13:02:46.092+0000][7][gc,age      ] GC(71) - age  12:       2424 bytes,      25400 total
[2022-06-30T13:02:46.092+0000][7][gc,age      ] GC(71) - age  13:        816 bytes,      26216 total
[2022-06-30T13:02:46.092+0000][7][gc,age      ] GC(71) - age  14:       2720 bytes,      28936 total
[2022-06-30T13:02:46.092+0000][7][gc,age      ] GC(71) - age  15:      16376 bytes,      45312 total
[2022-06-30T13:02:46.092+0000][7][gc,heap     ] GC(71) Eden regions: 28->0(28)
[2022-06-30T13:02:46.092+0000][7][gc,heap     ] GC(71) Survivor regions: 1->1(4)
[2022-06-30T13:02:46.092+0000][7][gc,heap     ] GC(71) Old regions: 20->20
[2022-06-30T13:02:46.092+0000][7][gc,heap     ] GC(71) Archive regions: 2->2
[2022-06-30T13:02:46.092+0000][7][gc,heap     ] GC(71) Humongous regions: 2->2
[2022-06-30T13:02:46.092+0000][7][gc,metaspace] GC(71) Metaspace: 104253K(108480K)->104253K(108480K) NonClass: 90315K(92800K)->90315K(92800K) Class: 13938K(15680K)->13938K(15680K)
[2022-06-30T13:02:46.092+0000][7][gc          ] GC(71) Pause Young (Normal) (G1 Evacuation Pause) 200M->88M(256M) 3.242ms
[2022-06-30T13:02:46.092+0000][7][gc,cpu      ] GC(71) User=0.00s Sys=0.00s Real=0.00s
[2022-06-30T13:02:46.092+0000][7][safepoint   ] Safepoint "G1CollectForAllocation", Time since last: 83955636166 ns, Reaching safepoint: 154422 ns, At safepoint: 3290958 ns, Total: 3445380 ns
[2022-06-30T13:02:53.093+0000][7][safepoint   ] Safepoint "Cleanup", Time since last: 7000707762 ns, Reaching safepoint: 36816 ns, At safepoint: 4298 ns, Total: 41114 ns
[2022-06-30T13:03:22.097+0000][7][safepoint   ] Safepoint "Cleanup", Time since last: 29003530695 ns, Reaching safepoint: 39010 ns, At safepoint: 4657 ns, Total: 43667 ns
[2022-06-30T13:03:23.097+0000][7][safepoint   ] Safepoint "Cleanup", Time since last: 1000145444 ns, Reaching safepoint: 34868 ns, At safepoint: 5120 ns, Total: 39988 ns
[2022-06-30T13:03:45.137+0000][7][safepoint   ] Safepoint "Cleanup", Time since last: 22039766742 ns, Reaching safepoint: 34360 ns, At safepoint: 4461 ns, Total: 38821 ns
[2022-06-30T13:03:50.823+0000][7][gc,heap,exit] Heap
[2022-06-30T13:03:50.823+0000][7][gc,heap,exit]  garbage-first heap   total 262144K, used 138938K [0x00000000f0000000, 0x0000000100000000)
[2022-06-30T13:03:50.823+0000][7][gc,heap,exit]   region size 4096K, 13 young (53248K), 1 survivors (4096K)
[2022-06-30T13:03:50.823+0000][7][gc,heap,exit]  Metaspace       used 104434K, committed 108480K, reserved 1179648K
[2022-06-30T13:03:50.823+0000][7][gc,heap,exit]   class space    used 13976K, committed 15680K, reserved 1048576K
