[2022-06-09T04:09:05.818+0000][7][gc,init] CardTable entry size: 512
[2022-06-09T04:09:05.825+0000][7][gc     ] Using G1
[2022-06-09T04:09:06.150+0000][7][gc,init] Version: 18.0.1.1+2-6 (release)
[2022-06-09T04:09:06.150+0000][7][gc,init] CPUs: 1 total, 1 available
[2022-06-09T04:09:06.150+0000][7][gc,init] Memory: 1974M
[2022-06-09T04:09:06.150+0000][7][gc,init] Large Page Support: Disabled
[2022-06-09T04:09:06.150+0000][7][gc,init] NUMA Support: Disabled
[2022-06-09T04:09:06.150+0000][7][gc,init] Compressed Oops: Enabled (32-bit)
[2022-06-09T04:09:06.150+0000][7][gc,init] Heap Region Size: 4M
[2022-06-09T04:09:06.150+0000][7][gc,init] Heap Min Capacity: 256M
[2022-06-09T04:09:06.150+0000][7][gc,init] Heap Initial Capacity: 256M
[2022-06-09T04:09:06.150+0000][7][gc,init] Heap Max Capacity: 256M
[2022-06-09T04:09:06.150+0000][7][gc,init] Pre-touch: Enabled
[2022-06-09T04:09:06.150+0000][7][gc,init] Parallel Workers: 1
[2022-06-09T04:09:06.150+0000][7][gc,init] Concurrent Workers: 1
[2022-06-09T04:09:06.150+0000][7][gc,init] Concurrent Refinement Workers: 1
[2022-06-09T04:09:06.150+0000][7][gc,init] Periodic GC: Disabled
[2022-06-09T04:09:06.150+0000][7][gc,metaspace] CDS archive(s) mapped at: [0x0000000800000000-0x0000000800baf000-0x0000000800baf000), size 12251136, SharedBaseAddress: 0x0000000800000000, ArchiveRelocationMode: 0.
[2022-06-09T04:09:06.150+0000][7][gc,metaspace] Compressed class space mapped at: 0x0000000800c00000-0x0000000840c00000, reserved size: 1073741824
[2022-06-09T04:09:06.150+0000][7][gc,metaspace] Narrow klass base: 0x0000000800000000, Narrow klass shift: 0, Narrow klass range: 0x100000000
[2022-06-09T04:09:07.501+0000][7][gc,start    ] GC(0) Pause Young (Normal) (G1 Evacuation Pause)
[2022-06-09T04:09:07.501+0000][7][gc,task     ] GC(0) Using 1 workers of 1 for evacuation
[2022-06-09T04:09:07.501+0000][7][gc,age      ] GC(0) Desired survivor size 2097152 bytes, new threshold 15 (max threshold 15)
[2022-06-09T04:09:07.515+0000][7][gc,phases   ] GC(0)   Pre Evacuate Collection Set: 3.4ms
[2022-06-09T04:09:07.515+0000][7][gc,phases   ] GC(0)   Merge Heap Roots: 0.0ms
[2022-06-09T04:09:07.515+0000][7][gc,phases   ] GC(0)   Evacuate Collection Set: 5.5ms
[2022-06-09T04:09:07.515+0000][7][gc,phases   ] GC(0)   Post Evacuate Collection Set: 4.4ms
[2022-06-09T04:09:07.515+0000][7][gc,phases   ] GC(0)   Other: 0.1ms
[2022-06-09T04:09:07.515+0000][7][gc,age      ] GC(0) Age table with threshold 15 (max threshold 15)
[2022-06-09T04:09:07.515+0000][7][gc,age      ] GC(0) - age   1:    3154632 bytes,    3154632 total
[2022-06-09T04:09:07.515+0000][7][gc,heap     ] GC(0) Eden regions: 3->0(2)
[2022-06-09T04:09:07.515+0000][7][gc,heap     ] GC(0) Survivor regions: 0->1(1)
[2022-06-09T04:09:07.515+0000][7][gc,heap     ] GC(0) Old regions: 0->0
[2022-06-09T04:09:07.515+0000][7][gc,heap     ] GC(0) Archive regions: 2->2
[2022-06-09T04:09:07.515+0000][7][gc,heap     ] GC(0) Humongous regions: 0->0
[2022-06-09T04:09:07.515+0000][7][gc,metaspace] GC(0) Metaspace: 4754K(4864K)->4754K(4864K) NonClass: 4275K(4352K)->4275K(4352K) Class: 478K(512K)->478K(512K)
[2022-06-09T04:09:07.515+0000][7][gc          ] GC(0) Pause Young (Normal) (G1 Evacuation Pause) 15M->6M(256M) 13.748ms
[2022-06-09T04:09:07.515+0000][7][gc,cpu      ] GC(0) User=0.01s Sys=0.00s Real=0.02s
[2022-06-09T04:09:07.515+0000][7][safepoint   ] Safepoint "G1CollectForAllocation", Time since last: 1331443810 ns, Reaching safepoint: 98783 ns, At safepoint: 13787047 ns, Total: 13885830 ns
[2022-06-09T04:09:08.699+0000][7][safepoint   ] Safepoint "Cleanup", Time since last: 1183483691 ns, Reaching safepoint: 74105 ns, At safepoint: 4121 ns, Total: 78226 ns
[2022-06-09T04:09:08.895+0000][7][gc,start    ] GC(1) Pause Young (Normal) (G1 Evacuation Pause)
[2022-06-09T04:09:08.895+0000][7][gc,task     ] GC(1) Using 1 workers of 1 for evacuation
[2022-06-09T04:09:08.895+0000][7][gc,age      ] GC(1) Desired survivor size 2097152 bytes, new threshold 1 (max threshold 15)
[2022-06-09T04:09:08.916+0000][7][gc,phases   ] GC(1)   Pre Evacuate Collection Set: 0.0ms
[2022-06-09T04:09:08.916+0000][7][gc,phases   ] GC(1)   Merge Heap Roots: 0.0ms
[2022-06-09T04:09:08.916+0000][7][gc,phases   ] GC(1)   Evacuate Collection Set: 21.1ms
[2022-06-09T04:09:08.916+0000][7][gc,phases   ] GC(1)   Post Evacuate Collection Set: 0.4ms
[2022-06-09T04:09:08.916+0000][7][gc,phases   ] GC(1)   Other: 0.1ms
[2022-06-09T04:09:08.916+0000][7][gc,age      ] GC(1) Age table with threshold 1 (max threshold 15)
[2022-06-09T04:09:08.916+0000][7][gc,age      ] GC(1) - age   1:    1089256 bytes,    1089256 total
[2022-06-09T04:09:08.916+0000][7][gc,heap     ] GC(1) Eden regions: 2->0(2)
[2022-06-09T04:09:08.916+0000][7][gc,heap     ] GC(1) Survivor regions: 1->1(1)
[2022-06-09T04:09:08.916+0000][7][gc,heap     ] GC(1) Old regions: 0->1
[2022-06-09T04:09:08.916+0000][7][gc,heap     ] GC(1) Archive regions: 2->2
[2022-06-09T04:09:08.916+0000][7][gc,heap     ] GC(1) Humongous regions: 0->0
[2022-06-09T04:09:08.916+0000][7][gc,metaspace] GC(1) Metaspace: 8186K(8448K)->8186K(8448K) NonClass: 7293K(7424K)->7293K(7424K) Class: 892K(1024K)->892K(1024K)
[2022-06-09T04:09:08.916+0000][7][gc          ] GC(1) Pause Young (Normal) (G1 Evacuation Pause) 14M->8M(256M) 21.758ms
[2022-06-09T04:09:08.916+0000][7][gc,cpu      ] GC(1) User=0.01s Sys=0.00s Real=0.02s
[2022-06-09T04:09:08.916+0000][7][safepoint   ] Safepoint "G1CollectForAllocation", Time since last: 195829937 ns, Reaching safepoint: 27920 ns, At safepoint: 21799789 ns, Total: 21827709 ns
[2022-06-09T04:09:09.448+0000][7][gc,start    ] GC(2) Pause Young (Normal) (G1 Evacuation Pause)
[2022-06-09T04:09:09.448+0000][7][gc,task     ] GC(2) Using 1 workers of 1 for evacuation
[2022-06-09T04:09:09.448+0000][7][gc,age      ] GC(2) Desired survivor size 2097152 bytes, new threshold 15 (max threshold 15)
[2022-06-09T04:09:09.459+0000][7][gc,phases   ] GC(2)   Pre Evacuate Collection Set: 2.7ms
[2022-06-09T04:09:09.459+0000][7][gc,phases   ] GC(2)   Merge Heap Roots: 0.0ms
[2022-06-09T04:09:09.459+0000][7][gc,phases   ] GC(2)   Evacuate Collection Set: 8.6ms
[2022-06-09T04:09:09.459+0000][7][gc,phases   ] GC(2)   Post Evacuate Collection Set: 0.3ms
[2022-06-09T04:09:09.460+0000][7][gc,phases   ] GC(2)   Other: 0.1ms
[2022-06-09T04:09:09.460+0000][7][gc,age      ] GC(2) Age table with threshold 15 (max threshold 15)
[2022-06-09T04:09:09.460+0000][7][gc,age      ] GC(2) - age   1:     520832 bytes,     520832 total
[2022-06-09T04:09:09.460+0000][7][gc,age      ] GC(2) - age   2:    1055088 bytes,    1575920 total
[2022-06-09T04:09:09.460+0000][7][gc,heap     ] GC(2) Eden regions: 2->0(2)
[2022-06-09T04:09:09.460+0000][7][gc,heap     ] GC(2) Survivor regions: 1->1(1)
[2022-06-09T04:09:09.460+0000][7][gc,heap     ] GC(2) Old regions: 1->1
[2022-06-09T04:09:09.460+0000][7][gc,heap     ] GC(2) Archive regions: 2->2
[2022-06-09T04:09:09.460+0000][7][gc,heap     ] GC(2) Humongous regions: 0->0
[2022-06-09T04:09:09.460+0000][7][gc,metaspace] GC(2) Metaspace: 9808K(10048K)->9808K(10048K) NonClass: 8654K(8768K)->8654K(8768K) Class: 1154K(1280K)->1154K(1280K)
[2022-06-09T04:09:09.460+0000][7][gc          ] GC(2) Pause Young (Normal) (G1 Evacuation Pause) 16M->8M(256M) 11.862ms
[2022-06-09T04:09:09.460+0000][7][gc,cpu      ] GC(2) User=0.00s Sys=0.00s Real=0.01s
[2022-06-09T04:09:09.460+0000][7][safepoint   ] Safepoint "G1CollectForAllocation", Time since last: 531335515 ns, Reaching safepoint: 45155 ns, At safepoint: 11906453 ns, Total: 11951608 ns
[2022-06-09T04:09:10.279+0000][7][gc,start    ] GC(3) Pause Young (Normal) (G1 Evacuation Pause)
[2022-06-09T04:09:10.279+0000][7][gc,task     ] GC(3) Using 1 workers of 1 for evacuation
[2022-06-09T04:09:10.279+0000][7][gc,age      ] GC(3) Desired survivor size 2097152 bytes, new threshold 15 (max threshold 15)
[2022-06-09T04:09:10.289+0000][7][gc,phases   ] GC(3)   Pre Evacuate Collection Set: 0.0ms
[2022-06-09T04:09:10.289+0000][7][gc,phases   ] GC(3)   Merge Heap Roots: 0.0ms
[2022-06-09T04:09:10.289+0000][7][gc,phases   ] GC(3)   Evacuate Collection Set: 10.0ms
[2022-06-09T04:09:10.289+0000][7][gc,phases   ] GC(3)   Post Evacuate Collection Set: 0.4ms
[2022-06-09T04:09:10.289+0000][7][gc,phases   ] GC(3)   Other: 0.1ms
[2022-06-09T04:09:10.289+0000][7][gc,age      ] GC(3) Age table with threshold 15 (max threshold 15)
[2022-06-09T04:09:10.289+0000][7][gc,age      ] GC(3) - age   1:    1091560 bytes,    1091560 total
[2022-06-09T04:09:10.289+0000][7][gc,age      ] GC(3) - age   2:     501648 bytes,    1593208 total
[2022-06-09T04:09:10.289+0000][7][gc,age      ] GC(3) - age   3:    1053880 bytes,    2647088 total
[2022-06-09T04:09:10.289+0000][7][gc,heap     ] GC(3) Eden regions: 2->0(3)
[2022-06-09T04:09:10.289+0000][7][gc,heap     ] GC(3) Survivor regions: 1->1(1)
[2022-06-09T04:09:10.289+0000][7][gc,heap     ] GC(3) Old regions: 1->1
[2022-06-09T04:09:10.289+0000][7][gc,heap     ] GC(3) Archive regions: 2->2
[2022-06-09T04:09:10.289+0000][7][gc,heap     ] GC(3) Humongous regions: 0->0
[2022-06-09T04:09:10.289+0000][7][gc,metaspace] GC(3) Metaspace: 11341K(11584K)->11341K(11584K) NonClass: 9989K(10112K)->9989K(10112K) Class: 1352K(1472K)->1352K(1472K)
[2022-06-09T04:09:10.289+0000][7][gc          ] GC(3) Pause Young (Normal) (G1 Evacuation Pause) 16M->9M(256M) 10.644ms
[2022-06-09T04:09:10.289+0000][7][gc,cpu      ] GC(3) User=0.01s Sys=0.00s Real=0.01s
[2022-06-09T04:09:10.289+0000][7][safepoint   ] Safepoint "G1CollectForAllocation", Time since last: 818886766 ns, Reaching safepoint: 77418 ns, At safepoint: 10682921 ns, Total: 10760339 ns
[2022-06-09T04:09:11.342+0000][7][gc,start    ] GC(4) Pause Young (Normal) (G1 Evacuation Pause)
[2022-06-09T04:09:11.342+0000][7][gc,task     ] GC(4) Using 1 workers of 1 for evacuation
[2022-06-09T04:09:11.342+0000][7][gc,age      ] GC(4) Desired survivor size 2097152 bytes, new threshold 3 (max threshold 15)
[2022-06-09T04:09:11.362+0000][7][gc,phases   ] GC(4)   Pre Evacuate Collection Set: 0.0ms
[2022-06-09T04:09:11.362+0000][7][gc,phases   ] GC(4)   Merge Heap Roots: 0.0ms
[2022-06-09T04:09:11.362+0000][7][gc,phases   ] GC(4)   Evacuate Collection Set: 16.3ms
[2022-06-09T04:09:11.362+0000][7][gc,phases   ] GC(4)   Post Evacuate Collection Set: 3.5ms
[2022-06-09T04:09:11.362+0000][7][gc,phases   ] GC(4)   Other: 0.1ms
[2022-06-09T04:09:11.362+0000][7][gc,age      ] GC(4) Age table with threshold 3 (max threshold 15)
[2022-06-09T04:09:11.362+0000][7][gc,age      ] GC(4) - age   1:    1631400 bytes,    1631400 total
[2022-06-09T04:09:11.362+0000][7][gc,age      ] GC(4) - age   2:    1012720 bytes,    2644120 total
[2022-06-09T04:09:11.362+0000][7][gc,age      ] GC(4) - age   3:     487288 bytes,    3131408 total
[2022-06-09T04:09:11.362+0000][7][gc,heap     ] GC(4) Eden regions: 3->0(4)
[2022-06-09T04:09:11.362+0000][7][gc,heap     ] GC(4) Survivor regions: 1->1(1)
[2022-06-09T04:09:11.362+0000][7][gc,heap     ] GC(4) Old regions: 1->1
[2022-06-09T04:09:11.362+0000][7][gc,heap     ] GC(4) Archive regions: 2->2
[2022-06-09T04:09:11.362+0000][7][gc,heap     ] GC(4) Humongous regions: 0->0
[2022-06-09T04:09:11.362+0000][7][gc,metaspace] GC(4) Metaspace: 13333K(13632K)->13333K(13632K) NonClass: 11766K(11904K)->11766K(11904K) Class: 1566K(1728K)->1566K(1728K)
[2022-06-09T04:09:11.362+0000][7][gc          ] GC(4) Pause Young (Normal) (G1 Evacuation Pause) 21M->11M(256M) 20.170ms
[2022-06-09T04:09:11.362+0000][7][gc,cpu      ] GC(4) User=0.01s Sys=0.00s Real=0.02s
[2022-06-09T04:09:11.362+0000][7][safepoint   ] Safepoint "G1CollectForAllocation", Time since last: 1052244214 ns, Reaching safepoint: 106140 ns, At safepoint: 20217879 ns, Total: 20324019 ns
[2022-06-09T04:09:12.364+0000][7][safepoint   ] Safepoint "Cleanup", Time since last: 1001980291 ns, Reaching safepoint: 170328 ns, At safepoint: 5749 ns, Total: 176077 ns
[2022-06-09T04:09:12.449+0000][7][gc,start    ] GC(5) Pause Young (Normal) (G1 Evacuation Pause)
[2022-06-09T04:09:12.449+0000][7][gc,task     ] GC(5) Using 1 workers of 1 for evacuation
[2022-06-09T04:09:12.449+0000][7][gc,age      ] GC(5) Desired survivor size 2097152 bytes, new threshold 2 (max threshold 15)
[2022-06-09T04:09:12.475+0000][7][gc,phases   ] GC(5)   Pre Evacuate Collection Set: 0.0ms
[2022-06-09T04:09:12.475+0000][7][gc,phases   ] GC(5)   Merge Heap Roots: 0.0ms
[2022-06-09T04:09:12.475+0000][7][gc,phases   ] GC(5)   Evacuate Collection Set: 18.2ms
[2022-06-09T04:09:12.475+0000][7][gc,phases   ] GC(5)   Post Evacuate Collection Set: 7.2ms
[2022-06-09T04:09:12.475+0000][7][gc,phases   ] GC(5)   Other: 0.1ms
[2022-06-09T04:09:12.475+0000][7][gc,age      ] GC(5) Age table with threshold 2 (max threshold 15)
[2022-06-09T04:09:12.475+0000][7][gc,age      ] GC(5) - age   1:     514728 bytes,     514728 total
[2022-06-09T04:09:12.475+0000][7][gc,age      ] GC(5) - age   2:     990568 bytes,    1505296 total
[2022-06-09T04:09:12.475+0000][7][gc,heap     ] GC(5) Eden regions: 4->0(37)
[2022-06-09T04:09:12.475+0000][7][gc,heap     ] GC(5) Survivor regions: 1->1(1)
[2022-06-09T04:09:12.475+0000][7][gc,heap     ] GC(5) Old regions: 1->2
[2022-06-09T04:09:12.475+0000][7][gc,heap     ] GC(5) Archive regions: 2->2
[2022-06-09T04:09:12.475+0000][7][gc,heap     ] GC(5) Humongous regions: 0->0
[2022-06-09T04:09:12.475+0000][7][gc,metaspace] GC(5) Metaspace: 14881K(15232K)->14881K(15232K) NonClass: 13168K(13376K)->13168K(13376K) Class: 1712K(1856K)->1712K(1856K)
[2022-06-09T04:09:12.475+0000][7][gc          ] GC(5) Pause Young (Normal) (G1 Evacuation Pause) 27M->11M(256M) 25.732ms
[2022-06-09T04:09:12.475+0000][7][gc,cpu      ] GC(5) User=0.02s Sys=0.00s Real=0.03s
[2022-06-09T04:09:12.475+0000][7][safepoint   ] Safepoint "G1CollectForAllocation", Time since last: 85267908 ns, Reaching safepoint: 26848 ns, At safepoint: 25775404 ns, Total: 25802252 ns
[2022-06-09T04:09:13.481+0000][7][safepoint   ] Safepoint "Cleanup", Time since last: 1000091230 ns, Reaching safepoint: 5358464 ns, At safepoint: 8007 ns, Total: 5366471 ns
[2022-06-09T04:09:14.592+0000][7][safepoint   ] Safepoint "Cleanup", Time since last: 1111372243 ns, Reaching safepoint: 186525 ns, At safepoint: 4951 ns, Total: 191476 ns
[2022-06-09T04:09:15.594+0000][7][safepoint   ] Safepoint "Cleanup", Time since last: 1001375985 ns, Reaching safepoint: 73687 ns, At safepoint: 4040 ns, Total: 77727 ns
[2022-06-09T04:09:15.723+0000][7][gc,start    ] GC(6) Pause Young (Normal) (G1 Evacuation Pause)
[2022-06-09T04:09:15.723+0000][7][gc,task     ] GC(6) Using 1 workers of 1 for evacuation
[2022-06-09T04:09:15.723+0000][7][gc,age      ] GC(6) Desired survivor size 10485760 bytes, new threshold 15 (max threshold 15)
[2022-06-09T04:09:15.743+0000][7][gc,phases   ] GC(6)   Pre Evacuate Collection Set: 0.0ms
[2022-06-09T04:09:15.743+0000][7][gc,phases   ] GC(6)   Merge Heap Roots: 0.0ms
[2022-06-09T04:09:15.743+0000][7][gc,phases   ] GC(6)   Evacuate Collection Set: 19.5ms
[2022-06-09T04:09:15.743+0000][7][gc,phases   ] GC(6)   Post Evacuate Collection Set: 0.5ms
[2022-06-09T04:09:15.743+0000][7][gc,phases   ] GC(6)   Other: 0.1ms
[2022-06-09T04:09:15.743+0000][7][gc,age      ] GC(6) Age table with threshold 15 (max threshold 15)
[2022-06-09T04:09:15.743+0000][7][gc,age      ] GC(6) - age   1:    3101264 bytes,    3101264 total
[2022-06-09T04:09:15.743+0000][7][gc,age      ] GC(6) - age   2:     475784 bytes,    3577048 total
[2022-06-09T04:09:15.743+0000][7][gc,age      ] GC(6) - age   3:     990200 bytes,    4567248 total
[2022-06-09T04:09:15.743+0000][7][gc,heap     ] GC(6) Eden regions: 37->0(36)
[2022-06-09T04:09:15.743+0000][7][gc,heap     ] GC(6) Survivor regions: 1->2(5)
[2022-06-09T04:09:15.743+0000][7][gc,heap     ] GC(6) Old regions: 2->2
[2022-06-09T04:09:15.743+0000][7][gc,heap     ] GC(6) Archive regions: 2->2
[2022-06-09T04:09:15.743+0000][7][gc,heap     ] GC(6) Humongous regions: 0->0
[2022-06-09T04:09:15.743+0000][7][gc,metaspace] GC(6) Metaspace: 17647K(17984K)->17647K(17984K) NonClass: 15634K(15808K)->15634K(15808K) Class: 2013K(2176K)->2013K(2176K)
[2022-06-09T04:09:15.743+0000][7][gc          ] GC(6) Pause Young (Normal) (G1 Evacuation Pause) 159M->14M(256M) 20.337ms
[2022-06-09T04:09:15.743+0000][7][gc,cpu      ] GC(6) User=0.01s Sys=0.00s Real=0.02s
[2022-06-09T04:09:15.743+0000][7][safepoint   ] Safepoint "G1CollectForAllocation", Time since last: 129249147 ns, Reaching safepoint: 30620 ns, At safepoint: 20382274 ns, Total: 20412894 ns
[2022-06-09T04:09:16.743+0000][7][safepoint   ] Safepoint "Cleanup", Time since last: 1000107831 ns, Reaching safepoint: 54636 ns, At safepoint: 4338 ns, Total: 58974 ns
[2022-06-09T04:09:17.188+0000][7][gc,start    ] GC(7) Pause Young (Normal) (G1 Evacuation Pause)
[2022-06-09T04:09:17.188+0000][7][gc,task     ] GC(7) Using 1 workers of 1 for evacuation
[2022-06-09T04:09:17.188+0000][7][gc,age      ] GC(7) Desired survivor size 10485760 bytes, new threshold 15 (max threshold 15)
[2022-06-09T04:09:17.226+0000][7][gc,phases   ] GC(7)   Pre Evacuate Collection Set: 0.0ms
[2022-06-09T04:09:17.226+0000][7][gc,phases   ] GC(7)   Merge Heap Roots: 0.0ms
[2022-06-09T04:09:17.226+0000][7][gc,phases   ] GC(7)   Evacuate Collection Set: 34.4ms
[2022-06-09T04:09:17.226+0000][7][gc,phases   ] GC(7)   Post Evacuate Collection Set: 3.8ms
[2022-06-09T04:09:17.226+0000][7][gc,phases   ] GC(7)   Other: 0.1ms
[2022-06-09T04:09:17.226+0000][7][gc,age      ] GC(7) Age table with threshold 15 (max threshold 15)
[2022-06-09T04:09:17.226+0000][7][gc,age      ] GC(7) - age   1:    2547488 bytes,    2547488 total
[2022-06-09T04:09:17.226+0000][7][gc,age      ] GC(7) - age   2:    3034456 bytes,    5581944 total
[2022-06-09T04:09:17.226+0000][7][gc,age      ] GC(7) - age   3:     475584 bytes,    6057528 total
[2022-06-09T04:09:17.226+0000][7][gc,age      ] GC(7) - age   4:     990088 bytes,    7047616 total
[2022-06-09T04:09:17.226+0000][7][gc,heap     ] GC(7) Eden regions: 36->0(36)
[2022-06-09T04:09:17.226+0000][7][gc,heap     ] GC(7) Survivor regions: 2->2(5)
[2022-06-09T04:09:17.230+0000][7][gc,heap     ] GC(7) Old regions: 2->2
[2022-06-09T04:09:17.230+0000][7][gc,heap     ] GC(7) Archive regions: 2->2
[2022-06-09T04:09:17.230+0000][7][gc,heap     ] GC(7) Humongous regions: 0->0
[2022-06-09T04:09:17.230+0000][7][gc,metaspace] GC(7) Metaspace: 18493K(18880K)->18493K(18880K) NonClass: 16315K(16512K)->16315K(16512K) Class: 2178K(2368K)->2178K(2368K)
[2022-06-09T04:09:17.230+0000][7][gc          ] GC(7) Pause Young (Normal) (G1 Evacuation Pause) 158M->16M(256M) 41.794ms
[2022-06-09T04:09:17.230+0000][7][gc,cpu      ] GC(7) User=0.02s Sys=0.01s Real=0.04s
[2022-06-09T04:09:17.230+0000][7][safepoint   ] Safepoint "G1CollectForAllocation", Time since last: 444570175 ns, Reaching safepoint: 27892 ns, At safepoint: 41844910 ns, Total: 41872802 ns
[2022-06-09T04:09:18.232+0000][7][safepoint   ] Safepoint "Cleanup", Time since last: 1000691864 ns, Reaching safepoint: 1037941 ns, At safepoint: 7290 ns, Total: 1045231 ns
[2022-06-09T04:09:18.432+0000][7][gc,start    ] GC(8) Pause Young (Normal) (G1 Evacuation Pause)
[2022-06-09T04:09:18.432+0000][7][gc,task     ] GC(8) Using 1 workers of 1 for evacuation
[2022-06-09T04:09:18.432+0000][7][gc,age      ] GC(8) Desired survivor size 10485760 bytes, new threshold 15 (max threshold 15)
[2022-06-09T04:09:18.471+0000][7][gc,phases   ] GC(8)   Pre Evacuate Collection Set: 0.0ms
[2022-06-09T04:09:18.471+0000][7][gc,phases   ] GC(8)   Merge Heap Roots: 0.0ms
[2022-06-09T04:09:18.471+0000][7][gc,phases   ] GC(8)   Evacuate Collection Set: 37.9ms
[2022-06-09T04:09:18.471+0000][7][gc,phases   ] GC(8)   Post Evacuate Collection Set: 0.8ms
[2022-06-09T04:09:18.471+0000][7][gc,phases   ] GC(8)   Other: 0.1ms
[2022-06-09T04:09:18.471+0000][7][gc,age      ] GC(8) Age table with threshold 15 (max threshold 15)
[2022-06-09T04:09:18.471+0000][7][gc,age      ] GC(8) - age   1:    3651400 bytes,    3651400 total
[2022-06-09T04:09:18.471+0000][7][gc,age      ] GC(8) - age   2:    1839808 bytes,    5491208 total
[2022-06-09T04:09:18.471+0000][7][gc,age      ] GC(8) - age   3:    3033680 bytes,    8524888 total
[2022-06-09T04:09:18.471+0000][7][gc,age      ] GC(8) - age   4:     475584 bytes,    9000472 total
[2022-06-09T04:09:18.471+0000][7][gc,age      ] GC(8) - age   5:     990088 bytes,    9990560 total
[2022-06-09T04:09:18.471+0000][7][gc,heap     ] GC(8) Eden regions: 36->0(35)
[2022-06-09T04:09:18.471+0000][7][gc,heap     ] GC(8) Survivor regions: 2->3(5)
[2022-06-09T04:09:18.471+0000][7][gc,heap     ] GC(8) Old regions: 2->2
[2022-06-09T04:09:18.471+0000][7][gc,heap     ] GC(8) Archive regions: 2->2
[2022-06-09T04:09:18.471+0000][7][gc,heap     ] GC(8) Humongous regions: 0->0
[2022-06-09T04:09:18.471+0000][7][gc,metaspace] GC(8) Metaspace: 18940K(19392K)->18940K(19392K) NonClass: 16721K(16960K)->16721K(16960K) Class: 2218K(2432K)->2218K(2432K)
[2022-06-09T04:09:18.471+0000][7][gc          ] GC(8) Pause Young (Normal) (G1 Evacuation Pause) 160M->19M(256M) 39.097ms
[2022-06-09T04:09:18.471+0000][7][gc,cpu      ] GC(8) User=0.01s Sys=0.00s Real=0.04s
[2022-06-09T04:09:18.471+0000][7][safepoint   ] Safepoint "G1CollectForAllocation", Time since last: 200079876 ns, Reaching safepoint: 24964 ns, At safepoint: 39138299 ns, Total: 39163263 ns
[2022-06-09T04:09:19.473+0000][7][safepoint   ] Safepoint "Cleanup", Time since last: 1002428461 ns, Reaching safepoint: 159703 ns, At safepoint: 5797 ns, Total: 165500 ns
[2022-06-09T04:09:19.864+0000][7][gc,start    ] GC(9) Pause Young (Normal) (G1 Evacuation Pause)
[2022-06-09T04:09:19.864+0000][7][gc,task     ] GC(9) Using 1 workers of 1 for evacuation
[2022-06-09T04:09:19.864+0000][7][gc,age      ] GC(9) Desired survivor size 10485760 bytes, new threshold 15 (max threshold 15)
[2022-06-09T04:09:19.889+0000][7][gc,phases   ] GC(9)   Pre Evacuate Collection Set: 0.0ms
[2022-06-09T04:09:19.889+0000][7][gc,phases   ] GC(9)   Merge Heap Roots: 0.0ms
[2022-06-09T04:09:19.889+0000][7][gc,phases   ] GC(9)   Evacuate Collection Set: 23.8ms
[2022-06-09T04:09:19.889+0000][7][gc,phases   ] GC(9)   Post Evacuate Collection Set: 0.6ms
[2022-06-09T04:09:19.889+0000][7][gc,phases   ] GC(9)   Other: 0.1ms
[2022-06-09T04:09:19.889+0000][7][gc,age      ] GC(9) Age table with threshold 15 (max threshold 15)
[2022-06-09T04:09:19.889+0000][7][gc,age      ] GC(9) - age   1:    1078816 bytes,    1078816 total
[2022-06-09T04:09:19.889+0000][7][gc,age      ] GC(9) - age   2:    2463712 bytes,    3542528 total
[2022-06-09T04:09:19.889+0000][7][gc,age      ] GC(9) - age   3:    1839808 bytes,    5382336 total
[2022-06-09T04:09:19.889+0000][7][gc,age      ] GC(9) - age   4:    3033632 bytes,    8415968 total
[2022-06-09T04:09:19.889+0000][7][gc,age      ] GC(9) - age   5:     475584 bytes,    8891552 total
[2022-06-09T04:09:19.889+0000][7][gc,age      ] GC(9) - age   6:     989944 bytes,    9881496 total
[2022-06-09T04:09:19.889+0000][7][gc,heap     ] GC(9) Eden regions: 35->0(35)
[2022-06-09T04:09:19.889+0000][7][gc,heap     ] GC(9) Survivor regions: 3->3(5)
[2022-06-09T04:09:19.889+0000][7][gc,heap     ] GC(9) Old regions: 2->2
[2022-06-09T04:09:19.889+0000][7][gc,heap     ] GC(9) Archive regions: 2->2
[2022-06-09T04:09:19.889+0000][7][gc,heap     ] GC(9) Humongous regions: 0->0
[2022-06-09T04:09:19.889+0000][7][gc,metaspace] GC(9) Metaspace: 19509K(19968K)->19509K(19968K) NonClass: 17217K(17472K)->17217K(17472K) Class: 2292K(2496K)->2292K(2496K)
[2022-06-09T04:09:19.889+0000][7][gc          ] GC(9) Pause Young (Normal) (G1 Evacuation Pause) 159M->19M(256M) 24.752ms
[2022-06-09T04:09:19.889+0000][7][gc,cpu      ] GC(9) User=0.01s Sys=0.00s Real=0.03s
[2022-06-09T04:09:19.889+0000][7][safepoint   ] Safepoint "G1CollectForAllocation", Time since last: 390881340 ns, Reaching safepoint: 26312 ns, At safepoint: 24797715 ns, Total: 24824027 ns
[2022-06-09T04:09:20.976+0000][7][gc,start    ] GC(10) Pause Young (Normal) (G1 Evacuation Pause)
[2022-06-09T04:09:20.976+0000][7][gc,task     ] GC(10) Using 1 workers of 1 for evacuation
[2022-06-09T04:09:20.976+0000][7][gc,age      ] GC(10) Desired survivor size 10485760 bytes, new threshold 15 (max threshold 15)
[2022-06-09T04:09:21.011+0000][7][gc,phases   ] GC(10)   Pre Evacuate Collection Set: 0.0ms
[2022-06-09T04:09:21.011+0000][7][gc,phases   ] GC(10)   Merge Heap Roots: 2.7ms
[2022-06-09T04:09:21.011+0000][7][gc,phases   ] GC(10)   Evacuate Collection Set: 32.0ms
[2022-06-09T04:09:21.011+0000][7][gc,phases   ] GC(10)   Post Evacuate Collection Set: 0.7ms
[2022-06-09T04:09:21.011+0000][7][gc,phases   ] GC(10)   Other: 0.1ms
[2022-06-09T04:09:21.011+0000][7][gc,age      ] GC(10) Age table with threshold 15 (max threshold 15)
[2022-06-09T04:09:21.011+0000][7][gc,age      ] GC(10) - age   1:    2031120 bytes,    2031120 total
[2022-06-09T04:09:21.011+0000][7][gc,age      ] GC(10) - age   2:    1030752 bytes,    3061872 total
[2022-06-09T04:09:21.011+0000][7][gc,age      ] GC(10) - age   3:    2463712 bytes,    5525584 total
[2022-06-09T04:09:21.011+0000][7][gc,age      ] GC(10) - age   4:    1838864 bytes,    7364448 total
[2022-06-09T04:09:21.011+0000][7][gc,age      ] GC(10) - age   5:    3033216 bytes,   10397664 total
[2022-06-09T04:09:21.011+0000][7][gc,age      ] GC(10) - age   6:     475520 bytes,   10873184 total
[2022-06-09T04:09:21.011+0000][7][gc,age      ] GC(10) - age   7:     989944 bytes,   11863128 total
[2022-06-09T04:09:21.011+0000][7][gc,heap     ] GC(10) Eden regions: 35->0(35)
[2022-06-09T04:09:21.011+0000][7][gc,heap     ] GC(10) Survivor regions: 3->3(5)
[2022-06-09T04:09:21.011+0000][7][gc,heap     ] GC(10) Old regions: 2->2
[2022-06-09T04:09:21.011+0000][7][gc,heap     ] GC(10) Archive regions: 2->2
[2022-06-09T04:09:21.011+0000][7][gc,heap     ] GC(10) Humongous regions: 0->0
[2022-06-09T04:09:21.011+0000][7][gc,metaspace] GC(10) Metaspace: 19885K(20416K)->19885K(20416K) NonClass: 17536K(17856K)->17536K(17856K) Class: 2349K(2560K)->2349K(2560K)
[2022-06-09T04:09:21.011+0000][7][gc          ] GC(10) Pause Young (Normal) (G1 Evacuation Pause) 159M->21M(256M) 35.690ms
[2022-06-09T04:09:21.011+0000][7][gc,cpu      ] GC(10) User=0.01s Sys=0.00s Real=0.03s
[2022-06-09T04:09:21.011+0000][7][safepoint   ] Safepoint "G1CollectForAllocation", Time since last: 1086503329 ns, Reaching safepoint: 104087 ns, At safepoint: 35735612 ns, Total: 35839699 ns
[2022-06-09T04:09:22.012+0000][7][safepoint   ] Safepoint "Cleanup", Time since last: 1000093119 ns, Reaching safepoint: 34401 ns, At safepoint: 4353 ns, Total: 38754 ns
[2022-06-09T04:09:22.339+0000][7][gc,start    ] GC(11) Pause Young (Normal) (G1 Evacuation Pause)
[2022-06-09T04:09:22.339+0000][7][gc,task     ] GC(11) Using 1 workers of 1 for evacuation
[2022-06-09T04:09:22.339+0000][7][gc,age      ] GC(11) Desired survivor size 10485760 bytes, new threshold 6 (max threshold 15)
[2022-06-09T04:09:22.369+0000][7][gc,phases   ] GC(11)   Pre Evacuate Collection Set: 0.0ms
[2022-06-09T04:09:22.369+0000][7][gc,phases   ] GC(11)   Merge Heap Roots: 0.0ms
[2022-06-09T04:09:22.369+0000][7][gc,phases   ] GC(11)   Evacuate Collection Set: 29.8ms
[2022-06-09T04:09:22.369+0000][7][gc,phases   ] GC(11)   Post Evacuate Collection Set: 0.7ms
[2022-06-09T04:09:22.369+0000][7][gc,phases   ] GC(11)   Other: 0.1ms
[2022-06-09T04:09:22.369+0000][7][gc,age      ] GC(11) Age table with threshold 6 (max threshold 15)
[2022-06-09T04:09:22.369+0000][7][gc,age      ] GC(11) - age   1:    2432744 bytes,    2432744 total
[2022-06-09T04:09:22.369+0000][7][gc,age      ] GC(11) - age   2:     282608 bytes,    2715352 total
[2022-06-09T04:09:22.369+0000][7][gc,age      ] GC(11) - age   3:    1030568 bytes,    3745920 total
[2022-06-09T04:09:22.369+0000][7][gc,age      ] GC(11) - age   4:    2462640 bytes,    6208560 total
[2022-06-09T04:09:22.369+0000][7][gc,age      ] GC(11) - age   5:    1836008 bytes,    8044568 total
[2022-06-09T04:09:22.369+0000][7][gc,age      ] GC(11) - age   6:    3032000 bytes,   11076568 total
[2022-06-09T04:09:22.369+0000][7][gc,heap     ] GC(11) Eden regions: 35->0(35)
[2022-06-09T04:09:22.369+0000][7][gc,heap     ] GC(11) Survivor regions: 3->3(5)
[2022-06-09T04:09:22.369+0000][7][gc,heap     ] GC(11) Old regions: 2->2
[2022-06-09T04:09:22.369+0000][7][gc,heap     ] GC(11) Archive regions: 2->2
[2022-06-09T04:09:22.369+0000][7][gc,heap     ] GC(11) Humongous regions: 0->0
[2022-06-09T04:09:22.369+0000][7][gc,metaspace] GC(11) Metaspace: 20780K(21312K)->20780K(21312K) NonClass: 18318K(18624K)->18318K(18624K) Class: 2461K(2688K)->2461K(2688K)
[2022-06-09T04:09:22.369+0000][7][gc          ] GC(11) Pause Young (Normal) (G1 Evacuation Pause) 161M->22M(256M) 30.806ms
[2022-06-09T04:09:22.369+0000][7][gc,cpu      ] GC(11) User=0.02s Sys=0.00s Real=0.03s
[2022-06-09T04:09:22.369+0000][7][safepoint   ] Safepoint "G1CollectForAllocation", Time since last: 326952891 ns, Reaching safepoint: 48397 ns, At safepoint: 30867053 ns, Total: 30915450 ns
[2022-06-09T04:09:23.019+0000][7][gc,start    ] GC(12) Pause Young (Concurrent Start) (Metadata GC Threshold)
[2022-06-09T04:09:23.019+0000][7][gc,task     ] GC(12) Using 1 workers of 1 for evacuation
[2022-06-09T04:09:23.019+0000][7][gc,age      ] GC(12) Desired survivor size 10485760 bytes, new threshold 6 (max threshold 15)
[2022-06-09T04:09:23.051+0000][7][gc,phases   ] GC(12)   Pre Evacuate Collection Set: 0.1ms
[2022-06-09T04:09:23.051+0000][7][gc,phases   ] GC(12)   Merge Heap Roots: 0.0ms
[2022-06-09T04:09:23.051+0000][7][gc,phases   ] GC(12)   Evacuate Collection Set: 25.8ms
[2022-06-09T04:09:23.051+0000][7][gc,phases   ] GC(12)   Post Evacuate Collection Set: 6.3ms
[2022-06-09T04:09:23.051+0000][7][gc,phases   ] GC(12)   Other: 0.1ms
[2022-06-09T04:09:23.051+0000][7][gc,age      ] GC(12) Age table with threshold 6 (max threshold 15)
[2022-06-09T04:09:23.051+0000][7][gc,age      ] GC(12) - age   1:     513344 bytes,     513344 total
[2022-06-09T04:09:23.051+0000][7][gc,age      ] GC(12) - age   2:    1636840 bytes,    2150184 total
[2022-06-09T04:09:23.051+0000][7][gc,age      ] GC(12) - age   3:     281072 bytes,    2431256 total
[2022-06-09T04:09:23.051+0000][7][gc,age      ] GC(12) - age   4:    1030568 bytes,    3461824 total
[2022-06-09T04:09:23.051+0000][7][gc,age      ] GC(12) - age   5:    2462576 bytes,    5924400 total
[2022-06-09T04:09:23.051+0000][7][gc,age      ] GC(12) - age   6:    1835880 bytes,    7760280 total
[2022-06-09T04:09:23.051+0000][7][gc,heap     ] GC(12) Eden regions: 23->0(36)
[2022-06-09T04:09:23.051+0000][7][gc,heap     ] GC(12) Survivor regions: 3->2(5)
[2022-06-09T04:09:23.051+0000][7][gc,heap     ] GC(12) Old regions: 2->3
[2022-06-09T04:09:23.051+0000][7][gc,heap     ] GC(12) Archive regions: 2->2
[2022-06-09T04:09:23.051+0000][7][gc,heap     ] GC(12) Humongous regions: 0->0
[2022-06-09T04:09:23.051+0000][7][gc,metaspace] GC(12) Metaspace: 21004K(21504K)->21004K(21504K) NonClass: 18509K(18816K)->18509K(18816K) Class: 2494K(2688K)->2494K(2688K)
[2022-06-09T04:09:23.051+0000][7][gc          ] GC(12) Pause Young (Concurrent Start) (Metadata GC Threshold) 114M->21M(256M) 32.540ms
[2022-06-09T04:09:23.051+0000][7][gc,cpu      ] GC(12) User=0.02s Sys=0.00s Real=0.03s
[2022-06-09T04:09:23.051+0000][7][safepoint   ] Safepoint "CollectForMetadataAllocation", Time since last: 649062394 ns, Reaching safepoint: 26349 ns, At safepoint: 32647129 ns, Total: 32673478 ns
[2022-06-09T04:09:23.052+0000][7][gc          ] GC(13) Concurrent Mark Cycle
[2022-06-09T04:09:23.052+0000][7][gc,marking  ] GC(13) Concurrent Clear Claimed Marks
[2022-06-09T04:09:23.052+0000][7][gc,marking  ] GC(13) Concurrent Clear Claimed Marks 0.033ms
[2022-06-09T04:09:23.052+0000][7][gc,marking  ] GC(13) Concurrent Scan Root Regions
[2022-06-09T04:09:23.067+0000][7][gc,marking  ] GC(13) Concurrent Scan Root Regions 14.877ms
[2022-06-09T04:09:23.067+0000][7][gc,marking  ] GC(13) Concurrent Mark
[2022-06-09T04:09:23.067+0000][7][gc,marking  ] GC(13) Concurrent Mark From Roots
[2022-06-09T04:09:23.067+0000][7][gc,task     ] GC(13) Using 1 workers of 1 for marking
[2022-06-09T04:09:23.131+0000][7][gc,marking  ] GC(13) Concurrent Mark From Roots 64.595ms
[2022-06-09T04:09:23.131+0000][7][gc,marking  ] GC(13) Concurrent Preclean
[2022-06-09T04:09:23.131+0000][7][gc,marking  ] GC(13) Concurrent Preclean 0.039ms
[2022-06-09T04:09:23.135+0000][7][gc,start    ] GC(13) Pause Remark
[2022-06-09T04:09:23.143+0000][7][gc          ] GC(13) Pause Remark 33M->33M(256M) 8.820ms
[2022-06-09T04:09:23.143+0000][7][gc,cpu      ] GC(13) User=0.00s Sys=0.00s Real=0.00s
[2022-06-09T04:09:23.143+0000][7][safepoint   ] Safepoint "G1Concurrent", Time since last: 80056288 ns, Reaching safepoint: 3283774 ns, At safepoint: 8871004 ns, Total: 12154778 ns
[2022-06-09T04:09:23.144+0000][7][gc,marking  ] GC(13) Concurrent Mark 77.072ms
[2022-06-09T04:09:23.144+0000][7][gc,marking  ] GC(13) Concurrent Rebuild Remembered Sets
[2022-06-09T04:09:23.178+0000][7][gc,marking  ] GC(13) Concurrent Rebuild Remembered Sets 34.616ms
[2022-06-09T04:09:23.178+0000][7][gc,start    ] GC(13) Pause Cleanup
[2022-06-09T04:09:23.178+0000][7][gc          ] GC(13) Pause Cleanup 35M->35M(256M) 0.053ms
[2022-06-09T04:09:23.179+0000][7][gc,cpu      ] GC(13) User=0.00s Sys=0.00s Real=0.00s
[2022-06-09T04:09:23.179+0000][7][safepoint   ] Safepoint "G1Concurrent", Time since last: 34905490 ns, Reaching safepoint: 134551 ns, At safepoint: 103603 ns, Total: 238154 ns
[2022-06-09T04:09:23.179+0000][7][gc,marking  ] GC(13) Concurrent Cleanup for Next Mark
[2022-06-09T04:09:23.191+0000][7][gc,marking  ] GC(13) Concurrent Cleanup for Next Mark 12.594ms
[2022-06-09T04:09:23.191+0000][7][gc          ] GC(13) Concurrent Mark Cycle 139.615ms
[2022-06-09T04:09:23.895+0000][7][gc,start    ] GC(14) Pause Young (Normal) (G1 Evacuation Pause)
[2022-06-09T04:09:23.895+0000][7][gc,task     ] GC(14) Using 1 workers of 1 for evacuation
[2022-06-09T04:09:23.895+0000][7][gc,age      ] GC(14) Desired survivor size 10485760 bytes, new threshold 15 (max threshold 15)
[2022-06-09T04:09:23.911+0000][7][gc,phases   ] GC(14)   Pre Evacuate Collection Set: 0.0ms
[2022-06-09T04:09:23.911+0000][7][gc,phases   ] GC(14)   Merge Heap Roots: 0.0ms
[2022-06-09T04:09:23.911+0000][7][gc,phases   ] GC(14)   Evacuate Collection Set: 11.8ms
[2022-06-09T04:09:23.911+0000][7][gc,phases   ] GC(14)   Post Evacuate Collection Set: 4.3ms
[2022-06-09T04:09:23.911+0000][7][gc,phases   ] GC(14)   Other: 0.1ms
[2022-06-09T04:09:23.911+0000][7][gc,age      ] GC(14) Age table with threshold 15 (max threshold 15)
[2022-06-09T04:09:23.911+0000][7][gc,age      ] GC(14) - age   1:     696984 bytes,     696984 total
[2022-06-09T04:09:23.911+0000][7][gc,age      ] GC(14) - age   2:     510752 bytes,    1207736 total
[2022-06-09T04:09:23.911+0000][7][gc,age      ] GC(14) - age   3:    1636592 bytes,    2844328 total
[2022-06-09T04:09:23.911+0000][7][gc,age      ] GC(14) - age   4:     281008 bytes,    3125336 total
[2022-06-09T04:09:23.911+0000][7][gc,age      ] GC(14) - age   5:    1030024 bytes,    4155360 total
[2022-06-09T04:09:23.911+0000][7][gc,age      ] GC(14) - age   6:    2462576 bytes,    6617936 total
[2022-06-09T04:09:23.911+0000][7][gc,age      ] GC(14) - age   7:    1835880 bytes,    8453816 total
[2022-06-09T04:09:23.911+0000][7][gc,heap     ] GC(14) Eden regions: 36->0(35)
[2022-06-09T04:09:23.911+0000][7][gc,heap     ] GC(14) Survivor regions: 2->3(5)
[2022-06-09T04:09:23.911+0000][7][gc,heap     ] GC(14) Old regions: 3->3
[2022-06-09T04:09:23.911+0000][7][gc,heap     ] GC(14) Archive regions: 2->2
[2022-06-09T04:09:23.911+0000][7][gc,heap     ] GC(14) Humongous regions: 0->0
[2022-06-09T04:09:23.911+0000][7][gc,metaspace] GC(14) Metaspace: 21110K(21696K)->21110K(21696K) NonClass: 18599K(18944K)->18599K(18944K) Class: 2511K(2752K)->2511K(2752K)
[2022-06-09T04:09:23.911+0000][7][gc          ] GC(14) Pause Young (Normal) (G1 Evacuation Pause) 165M->23M(256M) 16.457ms
[2022-06-09T04:09:23.911+0000][7][gc,cpu      ] GC(14) User=0.01s Sys=0.00s Real=0.01s
[2022-06-09T04:09:23.911+0000][7][safepoint   ] Safepoint "G1CollectForAllocation", Time since last: 715981448 ns, Reaching safepoint: 46377 ns, At safepoint: 16497470 ns, Total: 16543847 ns
[2022-06-09T04:09:24.741+0000][7][gc,start    ] GC(15) Pause Young (Normal) (G1 Evacuation Pause)
[2022-06-09T04:09:24.741+0000][7][gc,task     ] GC(15) Using 1 workers of 1 for evacuation
[2022-06-09T04:09:24.741+0000][7][gc,age      ] GC(15) Desired survivor size 10485760 bytes, new threshold 15 (max threshold 15)
[2022-06-09T04:09:24.765+0000][7][gc,phases   ] GC(15)   Pre Evacuate Collection Set: 0.0ms
[2022-06-09T04:09:24.765+0000][7][gc,phases   ] GC(15)   Merge Heap Roots: 0.0ms
[2022-06-09T04:09:24.765+0000][7][gc,phases   ] GC(15)   Evacuate Collection Set: 20.9ms
[2022-06-09T04:09:24.765+0000][7][gc,phases   ] GC(15)   Post Evacuate Collection Set: 3.2ms
[2022-06-09T04:09:24.765+0000][7][gc,phases   ] GC(15)   Other: 0.1ms
[2022-06-09T04:09:24.765+0000][7][gc,age      ] GC(15) Age table with threshold 15 (max threshold 15)
[2022-06-09T04:09:24.765+0000][7][gc,age      ] GC(15) - age   1:    1266000 bytes,    1266000 total
[2022-06-09T04:09:24.765+0000][7][gc,age      ] GC(15) - age   2:     279504 bytes,    1545504 total
[2022-06-09T04:09:24.765+0000][7][gc,age      ] GC(15) - age   3:     510752 bytes,    2056256 total
[2022-06-09T04:09:24.765+0000][7][gc,age      ] GC(15) - age   4:    1636592 bytes,    3692848 total
[2022-06-09T04:09:24.765+0000][7][gc,age      ] GC(15) - age   5:     281008 bytes,    3973856 total
[2022-06-09T04:09:24.765+0000][7][gc,age      ] GC(15) - age   6:    1030024 bytes,    5003880 total
[2022-06-09T04:09:24.765+0000][7][gc,age      ] GC(15) - age   7:    2462304 bytes,    7466184 total
[2022-06-09T04:09:24.765+0000][7][gc,age      ] GC(15) - age   8:    1835880 bytes,    9302064 total
[2022-06-09T04:09:24.765+0000][7][gc,heap     ] GC(15) Eden regions: 35->0(35)
[2022-06-09T04:09:24.765+0000][7][gc,heap     ] GC(15) Survivor regions: 3->3(5)
[2022-06-09T04:09:24.765+0000][7][gc,heap     ] GC(15) Old regions: 3->3
[2022-06-09T04:09:24.765+0000][7][gc,heap     ] GC(15) Archive regions: 2->2
[2022-06-09T04:09:24.765+0000][7][gc,heap     ] GC(15) Humongous regions: 0->0
[2022-06-09T04:09:24.765+0000][7][gc,metaspace] GC(15) Metaspace: 21180K(21760K)->21180K(21760K) NonClass: 18657K(19008K)->18657K(19008K) Class: 2523K(2752K)->2523K(2752K)
[2022-06-09T04:09:24.765+0000][7][gc          ] GC(15) Pause Young (Normal) (G1 Evacuation Pause) 163M->23M(256M) 24.467ms
[2022-06-09T04:09:24.765+0000][7][gc,cpu      ] GC(15) User=0.01s Sys=0.00s Real=0.02s
[2022-06-09T04:09:24.765+0000][7][safepoint   ] Safepoint "G1CollectForAllocation", Time since last: 829636001 ns, Reaching safepoint: 30256 ns, At safepoint: 24513360 ns, Total: 24543616 ns
[2022-06-09T04:09:26.535+0000][7][safepoint   ] Safepoint "ICBufferFull", Time since last: 1769660717 ns, Reaching safepoint: 125156 ns, At safepoint: 4133 ns, Total: 129289 ns
[2022-06-09T04:09:28.413+0000][7][safepoint   ] Safepoint "Cleanup", Time since last: 1875481249 ns, Reaching safepoint: 2352234 ns, At safepoint: 7297 ns, Total: 2359531 ns
[2022-06-09T04:09:29.413+0000][7][safepoint   ] Safepoint "Cleanup", Time since last: 1000414709 ns, Reaching safepoint: 173816 ns, At safepoint: 5015 ns, Total: 178831 ns
[2022-06-09T04:09:30.415+0000][7][safepoint   ] Safepoint "Cleanup", Time since last: 1001122964 ns, Reaching safepoint: 154220 ns, At safepoint: 4868 ns, Total: 159088 ns
[2022-06-09T04:09:31.095+0000][7][gc,start    ] GC(16) Pause Young (Normal) (G1 Evacuation Pause)
[2022-06-09T04:09:31.095+0000][7][gc,task     ] GC(16) Using 1 workers of 1 for evacuation
[2022-06-09T04:09:31.095+0000][7][gc,age      ] GC(16) Desired survivor size 10485760 bytes, new threshold 15 (max threshold 15)
[2022-06-09T04:09:31.227+0000][7][gc,phases   ] GC(16)   Pre Evacuate Collection Set: 0.0ms
[2022-06-09T04:09:31.227+0000][7][gc,phases   ] GC(16)   Merge Heap Roots: 0.1ms
[2022-06-09T04:09:31.227+0000][7][gc,phases   ] GC(16)   Evacuate Collection Set: 126.5ms
[2022-06-09T04:09:31.227+0000][7][gc,phases   ] GC(16)   Post Evacuate Collection Set: 5.3ms
[2022-06-09T04:09:31.227+0000][7][gc,phases   ] GC(16)   Other: 0.1ms
[2022-06-09T04:09:31.227+0000][7][gc,age      ] GC(16) Age table with threshold 15 (max threshold 15)
[2022-06-09T04:09:31.227+0000][7][gc,age      ] GC(16) - age   1:   12572776 bytes,   12572776 total
[2022-06-09T04:09:31.227+0000][7][gc,age      ] GC(16) - age   2:     467192 bytes,   13039968 total
[2022-06-09T04:09:31.227+0000][7][gc,age      ] GC(16) - age   3:     268072 bytes,   13308040 total
[2022-06-09T04:09:31.227+0000][7][gc,age      ] GC(16) - age   4:     494472 bytes,   13802512 total
[2022-06-09T04:09:31.227+0000][7][gc,age      ] GC(16) - age   5:    1588144 bytes,   15390656 total
[2022-06-09T04:09:31.227+0000][7][gc,age      ] GC(16) - age   6:     218520 bytes,   15609176 total
[2022-06-09T04:09:31.227+0000][7][gc,age      ] GC(16) - age   7:    1016968 bytes,   16626144 total
[2022-06-09T04:09:31.227+0000][7][gc,age      ] GC(16) - age   8:    2450256 bytes,   19076400 total
[2022-06-09T04:09:31.227+0000][7][gc,age      ] GC(16) - age   9:    1765936 bytes,   20842336 total
[2022-06-09T04:09:31.227+0000][7][gc,heap     ] GC(16) Eden regions: 35->0(33)
[2022-06-09T04:09:31.227+0000][7][gc,heap     ] GC(16) Survivor regions: 3->5(5)
[2022-06-09T04:09:31.227+0000][7][gc,heap     ] GC(16) Old regions: 3->3
[2022-06-09T04:09:31.227+0000][7][gc,heap     ] GC(16) Archive regions: 2->2
[2022-06-09T04:09:31.227+0000][7][gc,heap     ] GC(16) Humongous regions: 0->0
[2022-06-09T04:09:31.227+0000][7][gc,metaspace] GC(16) Metaspace: 30740K(31680K)->30740K(31680K) NonClass: 26952K(27520K)->26952K(27520K) Class: 3787K(4160K)->3787K(4160K)
[2022-06-09T04:09:31.227+0000][7][gc          ] GC(16) Pause Young (Normal) (G1 Evacuation Pause) 163M->35M(256M) 132.249ms
[2022-06-09T04:09:31.227+0000][7][gc,cpu      ] GC(16) User=0.07s Sys=0.00s Real=0.13s
[2022-06-09T04:09:31.227+0000][7][safepoint   ] Safepoint "G1CollectForAllocation", Time since last: 679903726 ns, Reaching safepoint: 33806 ns, At safepoint: 132303217 ns, Total: 132337023 ns
[2022-06-09T04:09:32.295+0000][7][safepoint   ] Safepoint "Cleanup", Time since last: 1063525690 ns, Reaching safepoint: 4045883 ns, At safepoint: 7291 ns, Total: 4053174 ns
[2022-06-09T04:09:33.295+0000][7][safepoint   ] Safepoint "Cleanup", Time since last: 1000114040 ns, Reaching safepoint: 150545 ns, At safepoint: 5307 ns, Total: 155852 ns
[2022-06-09T04:09:34.536+0000][7][safepoint   ] Safepoint "Cleanup", Time since last: 1236006053 ns, Reaching safepoint: 5569684 ns, At safepoint: 6580 ns, Total: 5576264 ns
[2022-06-09T04:09:35.147+0000][7][gc,start    ] GC(17) Pause Young (Normal) (G1 Evacuation Pause)
[2022-06-09T04:09:35.147+0000][7][gc,task     ] GC(17) Using 1 workers of 1 for evacuation
[2022-06-09T04:09:35.147+0000][7][gc,age      ] GC(17) Desired survivor size 10485760 bytes, new threshold 1 (max threshold 15)
[2022-06-09T04:09:35.269+0000][7][gc,phases   ] GC(17)   Pre Evacuate Collection Set: 0.0ms
[2022-06-09T04:09:35.269+0000][7][gc,phases   ] GC(17)   Merge Heap Roots: 0.1ms
[2022-06-09T04:09:35.269+0000][7][gc,phases   ] GC(17)   Evacuate Collection Set: 120.8ms
[2022-06-09T04:09:35.269+0000][7][gc,phases   ] GC(17)   Post Evacuate Collection Set: 1.7ms
[2022-06-09T04:09:35.269+0000][7][gc,phases   ] GC(17)   Other: 0.1ms
[2022-06-09T04:09:35.269+0000][7][gc,age      ] GC(17) Age table with threshold 1 (max threshold 15)
[2022-06-09T04:09:35.269+0000][7][gc,age      ] GC(17) - age   1:   13178416 bytes,   13178416 total
[2022-06-09T04:09:35.269+0000][7][gc,heap     ] GC(17) Eden regions: 33->0(33)
[2022-06-09T04:09:35.269+0000][7][gc,heap     ] GC(17) Survivor regions: 5->4(5)
[2022-06-09T04:09:35.269+0000][7][gc,heap     ] GC(17) Old regions: 3->8
[2022-06-09T04:09:35.269+0000][7][gc,heap     ] GC(17) Archive regions: 2->2
[2022-06-09T04:09:35.269+0000][7][gc,heap     ] GC(17) Humongous regions: 0->0
[2022-06-09T04:09:35.269+0000][7][gc,metaspace] GC(17) Metaspace: 31338K(32320K)->31338K(32320K) NonClass: 27481K(28096K)->27481K(28096K) Class: 3857K(4224K)->3857K(4224K)
[2022-06-09T04:09:35.269+0000][7][gc          ] GC(17) Pause Young (Normal) (G1 Evacuation Pause) 167M->49M(256M) 122.843ms
[2022-06-09T04:09:35.269+0000][7][gc,cpu      ] GC(17) User=0.06s Sys=0.00s Real=0.12s
[2022-06-09T04:09:35.269+0000][7][safepoint   ] Safepoint "G1CollectForAllocation", Time since last: 610091836 ns, Reaching safepoint: 31072 ns, At safepoint: 122889585 ns, Total: 122920657 ns
[2022-06-09T04:09:36.455+0000][7][gc,start    ] GC(18) Pause Young (Concurrent Start) (Metadata GC Threshold)
[2022-06-09T04:09:36.455+0000][7][gc,task     ] GC(18) Using 1 workers of 1 for evacuation
[2022-06-09T04:09:36.455+0000][7][gc,age      ] GC(18) Desired survivor size 10485760 bytes, new threshold 1 (max threshold 15)
[2022-06-09T04:09:36.510+0000][7][gc,phases   ] GC(18)   Pre Evacuate Collection Set: 0.1ms
[2022-06-09T04:09:36.510+0000][7][gc,phases   ] GC(18)   Merge Heap Roots: 0.1ms
[2022-06-09T04:09:36.510+0000][7][gc,phases   ] GC(18)   Evacuate Collection Set: 54.6ms
[2022-06-09T04:09:36.510+0000][7][gc,phases   ] GC(18)   Post Evacuate Collection Set: 0.7ms
[2022-06-09T04:09:36.510+0000][7][gc,phases   ] GC(18)   Other: 0.1ms
[2022-06-09T04:09:36.510+0000][7][gc,age      ] GC(18) Age table with threshold 1 (max threshold 15)
[2022-06-09T04:09:36.510+0000][7][gc,age      ] GC(18) - age   1:    1361736 bytes,    1361736 total
[2022-06-09T04:09:36.510+0000][7][gc,heap     ] GC(18) Eden regions: 6->0(33)
[2022-06-09T04:09:36.510+0000][7][gc,heap     ] GC(18) Survivor regions: 4->1(5)
[2022-06-09T04:09:36.510+0000][7][gc,heap     ] GC(18) Old regions: 8->11
[2022-06-09T04:09:36.510+0000][7][gc,heap     ] GC(18) Archive regions: 2->2
[2022-06-09T04:09:36.510+0000][7][gc,heap     ] GC(18) Humongous regions: 0->0
[2022-06-09T04:09:36.510+0000][7][gc,metaspace] GC(18) Metaspace: 35014K(35968K)->35014K(35968K) NonClass: 30543K(31104K)->30543K(31104K) Class: 4471K(4864K)->4471K(4864K)
[2022-06-09T04:09:36.510+0000][7][gc          ] GC(18) Pause Young (Concurrent Start) (Metadata GC Threshold) 73M->49M(256M) 55.760ms
[2022-06-09T04:09:36.510+0000][7][gc,cpu      ] GC(18) User=0.03s Sys=0.00s Real=0.05s
[2022-06-09T04:09:36.510+0000][7][safepoint   ] Safepoint "CollectForMetadataAllocation", Time since last: 1185080986 ns, Reaching safepoint: 65835 ns, At safepoint: 55867638 ns, Total: 55933473 ns
[2022-06-09T04:09:36.511+0000][7][gc          ] GC(19) Concurrent Mark Cycle
[2022-06-09T04:09:36.511+0000][7][gc,marking  ] GC(19) Concurrent Clear Claimed Marks
[2022-06-09T04:09:36.511+0000][7][gc,marking  ] GC(19) Concurrent Clear Claimed Marks 0.067ms
[2022-06-09T04:09:36.511+0000][7][gc,marking  ] GC(19) Concurrent Scan Root Regions
[2022-06-09T04:09:36.592+0000][7][gc,marking  ] GC(19) Concurrent Scan Root Regions 81.008ms
[2022-06-09T04:09:36.592+0000][7][gc,marking  ] GC(19) Concurrent Mark
[2022-06-09T04:09:36.592+0000][7][gc,marking  ] GC(19) Concurrent Mark From Roots
[2022-06-09T04:09:36.592+0000][7][gc,task     ] GC(19) Using 1 workers of 1 for marking
[2022-06-09T04:09:36.599+0000][7][safepoint   ] Safepoint "CollectForMetadataAllocation", Time since last: 88077299 ns, Reaching safepoint: 69925 ns, At safepoint: 65950 ns, Total: 135875 ns
[2022-06-09T04:09:36.707+0000][7][safepoint   ] Safepoint "CollectForMetadataAllocation", Time since last: 107844251 ns, Reaching safepoint: 46717 ns, At safepoint: 65467 ns, Total: 112184 ns
[2022-06-09T04:09:36.793+0000][7][safepoint   ] Safepoint "CollectForMetadataAllocation", Time since last: 86322985 ns, Reaching safepoint: 71395 ns, At safepoint: 64539 ns, Total: 135934 ns
[2022-06-09T04:09:36.807+0000][7][gc,marking  ] GC(19) Concurrent Mark From Roots 214.855ms
[2022-06-09T04:09:36.807+0000][7][gc,marking  ] GC(19) Concurrent Preclean
[2022-06-09T04:09:36.807+0000][7][gc,marking  ] GC(19) Concurrent Preclean 0.148ms
[2022-06-09T04:09:36.811+0000][7][gc,start    ] GC(19) Pause Remark
[2022-06-09T04:09:36.820+0000][7][gc          ] GC(19) Pause Remark 53M->53M(256M) 9.686ms
[2022-06-09T04:09:36.820+0000][7][gc,cpu      ] GC(19) User=0.00s Sys=0.00s Real=0.01s
[2022-06-09T04:09:36.820+0000][7][safepoint   ] Safepoint "G1Concurrent", Time since last: 13654079 ns, Reaching safepoint: 3805463 ns, At safepoint: 9742827 ns, Total: 13548290 ns
[2022-06-09T04:09:36.820+0000][7][gc,marking  ] GC(19) Concurrent Mark 228.659ms
[2022-06-09T04:09:36.820+0000][7][gc,marking  ] GC(19) Concurrent Rebuild Remembered Sets
[2022-06-09T04:09:36.820+0000][7][gc,marking  ] GC(19) Concurrent Rebuild Remembered Sets 0.008ms
[2022-06-09T04:09:36.820+0000][7][gc,start    ] GC(19) Pause Cleanup
[2022-06-09T04:09:36.821+0000][7][gc          ] GC(19) Pause Cleanup 53M->53M(256M) 0.034ms
[2022-06-09T04:09:36.821+0000][7][gc,cpu      ] GC(19) User=0.00s Sys=0.00s Real=0.00s
[2022-06-09T04:09:36.821+0000][7][safepoint   ] Safepoint "G1Concurrent", Time since last: 72490 ns, Reaching safepoint: 136504 ns, At safepoint: 58420 ns, Total: 194924 ns
[2022-06-09T04:09:36.821+0000][7][gc,marking  ] GC(19) Concurrent Cleanup for Next Mark
[2022-06-09T04:09:36.821+0000][7][gc,marking  ] GC(19) Concurrent Cleanup for Next Mark 0.772ms
[2022-06-09T04:09:36.821+0000][7][gc          ] GC(19) Concurrent Mark Cycle 310.863ms
[2022-06-09T04:09:37.821+0000][7][safepoint   ] Safepoint "Cleanup", Time since last: 1000107214 ns, Reaching safepoint: 209300 ns, At safepoint: 5584 ns, Total: 214884 ns
[2022-06-09T04:09:39.383+0000][7][safepoint   ] Safepoint "Cleanup", Time since last: 1561432840 ns, Reaching safepoint: 1034484 ns, At safepoint: 7190 ns, Total: 1041674 ns
[2022-06-09T04:09:40.384+0000][7][safepoint   ] Safepoint "Cleanup", Time since last: 1000129938 ns, Reaching safepoint: 160365 ns, At safepoint: 5121 ns, Total: 165486 ns
[2022-06-09T04:09:41.519+0000][7][gc,start    ] GC(20) Pause Young (Normal) (G1 Evacuation Pause)
[2022-06-09T04:09:41.519+0000][7][gc,task     ] GC(20) Using 1 workers of 1 for evacuation
[2022-06-09T04:09:41.519+0000][7][gc,age      ] GC(20) Desired survivor size 10485760 bytes, new threshold 15 (max threshold 15)
[2022-06-09T04:09:41.563+0000][7][gc,phases   ] GC(20)   Pre Evacuate Collection Set: 0.0ms
[2022-06-09T04:09:41.563+0000][7][gc,phases   ] GC(20)   Merge Heap Roots: 0.1ms
[2022-06-09T04:09:41.563+0000][7][gc,phases   ] GC(20)   Evacuate Collection Set: 39.7ms
[2022-06-09T04:09:41.563+0000][7][gc,phases   ] GC(20)   Post Evacuate Collection Set: 4.3ms
[2022-06-09T04:09:41.563+0000][7][gc,phases   ] GC(20)   Other: 0.1ms
[2022-06-09T04:09:41.563+0000][7][gc,age      ] GC(20) Age table with threshold 15 (max threshold 15)
[2022-06-09T04:09:41.563+0000][7][gc,age      ] GC(20) - age   1:    5856040 bytes,    5856040 total
[2022-06-09T04:09:41.563+0000][7][gc,age      ] GC(20) - age   2:    1194960 bytes,    7051000 total
[2022-06-09T04:09:41.563+0000][7][gc,heap     ] GC(20) Eden regions: 33->0(33)
[2022-06-09T04:09:41.563+0000][7][gc,heap     ] GC(20) Survivor regions: 1->2(5)
[2022-06-09T04:09:41.563+0000][7][gc,heap     ] GC(20) Old regions: 11->11
[2022-06-09T04:09:41.563+0000][7][gc,heap     ] GC(20) Archive regions: 2->2
[2022-06-09T04:09:41.563+0000][7][gc,heap     ] GC(20) Humongous regions: 0->0
[2022-06-09T04:09:41.563+0000][7][gc,metaspace] GC(20) Metaspace: 51686K(52992K)->51686K(52992K) NonClass: 44914K(45696K)->44914K(45696K) Class: 6771K(7296K)->6771K(7296K)
[2022-06-09T04:09:41.563+0000][7][gc          ] GC(20) Pause Young (Normal) (G1 Evacuation Pause) 181M->55M(256M) 44.354ms
[2022-06-09T04:09:41.563+0000][7][gc,cpu      ] GC(20) User=0.02s Sys=0.00s Real=0.04s
[2022-06-09T04:09:41.563+0000][7][safepoint   ] Safepoint "G1CollectForAllocation", Time since last: 1134873366 ns, Reaching safepoint: 56794 ns, At safepoint: 44404914 ns, Total: 44461708 ns
[2022-06-09T04:09:42.566+0000][7][safepoint   ] Safepoint "Cleanup", Time since last: 1002342571 ns, Reaching safepoint: 186648 ns, At safepoint: 6250 ns, Total: 192898 ns
[2022-06-09T04:09:43.566+0000][7][safepoint   ] Safepoint "Cleanup", Time since last: 1000120128 ns, Reaching safepoint: 146621 ns, At safepoint: 5016 ns, Total: 151637 ns
[2022-06-09T04:09:43.905+0000][7][gc,start    ] GC(21) Pause Young (Normal) (G1 Evacuation Pause)
[2022-06-09T04:09:43.905+0000][7][gc,task     ] GC(21) Using 1 workers of 1 for evacuation
[2022-06-09T04:09:43.905+0000][7][gc,age      ] GC(21) Desired survivor size 10485760 bytes, new threshold 15 (max threshold 15)
[2022-06-09T04:09:43.955+0000][7][gc,phases   ] GC(21)   Pre Evacuate Collection Set: 0.0ms
[2022-06-09T04:09:43.955+0000][7][gc,phases   ] GC(21)   Merge Heap Roots: 0.1ms
[2022-06-09T04:09:43.955+0000][7][gc,phases   ] GC(21)   Evacuate Collection Set: 49.3ms
[2022-06-09T04:09:43.955+0000][7][gc,phases   ] GC(21)   Post Evacuate Collection Set: 0.9ms
[2022-06-09T04:09:43.955+0000][7][gc,phases   ] GC(21)   Other: 0.1ms
[2022-06-09T04:09:43.955+0000][7][gc,age      ] GC(21) Age table with threshold 15 (max threshold 15)
[2022-06-09T04:09:43.956+0000][7][gc,age      ] GC(21) - age   1:     247272 bytes,     247272 total
[2022-06-09T04:09:43.956+0000][7][gc,age      ] GC(21) - age   2:    5638744 bytes,    5886016 total
[2022-06-09T04:09:43.956+0000][7][gc,age      ] GC(21) - age   3:    1194960 bytes,    7080976 total
[2022-06-09T04:09:43.956+0000][7][gc,heap     ] GC(21) Eden regions: 33->0(34)
[2022-06-09T04:09:43.956+0000][7][gc,heap     ] GC(21) Survivor regions: 2->2(5)
[2022-06-09T04:09:43.956+0000][7][gc,heap     ] GC(21) Old regions: 11->11
[2022-06-09T04:09:43.956+0000][7][gc,heap     ] GC(21) Archive regions: 2->2
[2022-06-09T04:09:43.956+0000][7][gc,heap     ] GC(21) Humongous regions: 0->0
[2022-06-09T04:09:43.956+0000][7][gc,metaspace] GC(21) Metaspace: 52200K(53440K)->52200K(53440K) NonClass: 45377K(46144K)->45377K(46144K) Class: 6823K(7296K)->6823K(7296K)
[2022-06-09T04:09:43.956+0000][7][gc          ] GC(21) Pause Young (Normal) (G1 Evacuation Pause) 187M->55M(256M) 50.567ms
[2022-06-09T04:09:43.956+0000][7][gc,cpu      ] GC(21) User=0.03s Sys=0.00s Real=0.06s
[2022-06-09T04:09:43.956+0000][7][safepoint   ] Safepoint "G1CollectForAllocation", Time since last: 339206049 ns, Reaching safepoint: 39682 ns, At safepoint: 50613496 ns, Total: 50653178 ns
[2022-06-09T04:09:44.956+0000][7][safepoint   ] Safepoint "Cleanup", Time since last: 1000095409 ns, Reaching safepoint: 143431 ns, At safepoint: 4894 ns, Total: 148325 ns
[2022-06-09T04:09:45.966+0000][7][safepoint   ] Safepoint "Cleanup", Time since last: 1001861786 ns, Reaching safepoint: 8021836 ns, At safepoint: 6505 ns, Total: 8028341 ns
[2022-06-09T04:09:47.331+0000][7][safepoint   ] Safepoint "Cleanup", Time since last: 1364731063 ns, Reaching safepoint: 991436 ns, At safepoint: 6779 ns, Total: 998215 ns
[2022-06-09T04:09:48.345+0000][7][safepoint   ] Safepoint "Cleanup", Time since last: 1002997715 ns, Reaching safepoint: 10195986 ns, At safepoint: 6625 ns, Total: 10202611 ns
[2022-06-09T04:09:49.195+0000][7][gc,start    ] GC(22) Pause Young (Normal) (G1 Evacuation Pause)
[2022-06-09T04:09:49.195+0000][7][gc,task     ] GC(22) Using 1 workers of 1 for evacuation
[2022-06-09T04:09:49.195+0000][7][gc,age      ] GC(22) Desired survivor size 10485760 bytes, new threshold 15 (max threshold 15)
[2022-06-09T04:09:49.252+0000][7][gc,phases   ] GC(22)   Pre Evacuate Collection Set: 0.0ms
[2022-06-09T04:09:49.252+0000][7][gc,phases   ] GC(22)   Merge Heap Roots: 0.1ms
[2022-06-09T04:09:49.252+0000][7][gc,phases   ] GC(22)   Evacuate Collection Set: 54.9ms
[2022-06-09T04:09:49.252+0000][7][gc,phases   ] GC(22)   Post Evacuate Collection Set: 1.2ms
[2022-06-09T04:09:49.252+0000][7][gc,phases   ] GC(22)   Other: 0.1ms
[2022-06-09T04:09:49.252+0000][7][gc,age      ] GC(22) Age table with threshold 15 (max threshold 15)
[2022-06-09T04:09:49.252+0000][7][gc,age      ] GC(22) - age   1:    4274984 bytes,    4274984 total
[2022-06-09T04:09:49.252+0000][7][gc,age      ] GC(22) - age   2:     194224 bytes,    4469208 total
[2022-06-09T04:09:49.252+0000][7][gc,age      ] GC(22) - age   3:    5625968 bytes,   10095176 total
[2022-06-09T04:09:49.252+0000][7][gc,age      ] GC(22) - age   4:    1194240 bytes,   11289416 total
[2022-06-09T04:09:49.252+0000][7][gc,heap     ] GC(22) Eden regions: 34->0(33)
[2022-06-09T04:09:49.252+0000][7][gc,heap     ] GC(22) Survivor regions: 2->3(5)
[2022-06-09T04:09:49.252+0000][7][gc,heap     ] GC(22) Old regions: 11->11
[2022-06-09T04:09:49.252+0000][7][gc,heap     ] GC(22) Archive regions: 2->2
[2022-06-09T04:09:49.252+0000][7][gc,heap     ] GC(22) Humongous regions: 0->0
[2022-06-09T04:09:49.252+0000][7][gc,metaspace] GC(22) Metaspace: 59465K(60672K)->59465K(60672K) NonClass: 51670K(52416K)->51670K(52416K) Class: 7794K(8256K)->7794K(8256K)
[2022-06-09T04:09:49.252+0000][7][gc          ] GC(22) Pause Young (Normal) (G1 Evacuation Pause) 191M->59M(256M) 56.539ms
[2022-06-09T04:09:49.252+0000][7][gc,cpu      ] GC(22) User=0.02s Sys=0.00s Real=0.05s
[2022-06-09T04:09:49.252+0000][7][safepoint   ] Safepoint "G1CollectForAllocation", Time since last: 850616145 ns, Reaching safepoint: 53553 ns, At safepoint: 56587257 ns, Total: 56640810 ns
[2022-06-09T04:09:50.259+0000][7][safepoint   ] Safepoint "Cleanup", Time since last: 1000931370 ns, Reaching safepoint: 5658611 ns, At safepoint: 6385 ns, Total: 5664996 ns
[2022-06-09T04:09:50.705+0000][7][gc,start    ] GC(23) Pause Young (Concurrent Start) (Metadata GC Threshold)
[2022-06-09T04:09:50.705+0000][7][gc,task     ] GC(23) Using 1 workers of 1 for evacuation
[2022-06-09T04:09:50.705+0000][7][gc,age      ] GC(23) Desired survivor size 10485760 bytes, new threshold 4 (max threshold 15)
[2022-06-09T04:09:50.757+0000][7][gc,phases   ] GC(23)   Pre Evacuate Collection Set: 0.1ms
[2022-06-09T04:09:50.757+0000][7][gc,phases   ] GC(23)   Merge Heap Roots: 0.1ms
[2022-06-09T04:09:50.757+0000][7][gc,phases   ] GC(23)   Evacuate Collection Set: 50.4ms
[2022-06-09T04:09:50.757+0000][7][gc,phases   ] GC(23)   Post Evacuate Collection Set: 2.1ms
[2022-06-09T04:09:50.758+0000][7][gc,phases   ] GC(23)   Other: 0.1ms
[2022-06-09T04:09:50.758+0000][7][gc,age      ] GC(23) Age table with threshold 4 (max threshold 15)
[2022-06-09T04:09:50.758+0000][7][gc,age      ] GC(23) - age   1:    1455936 bytes,    1455936 total
[2022-06-09T04:09:50.758+0000][7][gc,age      ] GC(23) - age   2:    4169952 bytes,    5625888 total
[2022-06-09T04:09:50.758+0000][7][gc,age      ] GC(23) - age   3:     194224 bytes,    5820112 total
[2022-06-09T04:09:50.758+0000][7][gc,age      ] GC(23) - age   4:    5625936 bytes,   11446048 total
[2022-06-09T04:09:50.758+0000][7][gc,heap     ] GC(23) Eden regions: 20->0(33)
[2022-06-09T04:09:50.758+0000][7][gc,heap     ] GC(23) Survivor regions: 3->3(5)
[2022-06-09T04:09:50.758+0000][7][gc,heap     ] GC(23) Old regions: 11->12
[2022-06-09T04:09:50.758+0000][7][gc,heap     ] GC(23) Archive regions: 2->2
[2022-06-09T04:09:50.758+0000][7][gc,heap     ] GC(23) Humongous regions: 0->0
[2022-06-09T04:09:50.758+0000][7][gc,metaspace] GC(23) Metaspace: 60731K(62016K)->60731K(62016K) NonClass: 52796K(53568K)->52796K(53568K) Class: 7934K(8448K)->7934K(8448K)
[2022-06-09T04:09:50.758+0000][7][gc          ] GC(23) Pause Young (Concurrent Start) (Metadata GC Threshold) 136M->60M(256M) 53.072ms
[2022-06-09T04:09:50.758+0000][7][gc,cpu      ] GC(23) User=0.03s Sys=0.00s Real=0.06s
[2022-06-09T04:09:50.760+0000][7][gc          ] GC(24) Concurrent Mark Cycle
[2022-06-09T04:09:50.760+0000][7][gc,marking  ] GC(24) Concurrent Clear Claimed Marks
[2022-06-09T04:09:50.761+0000][7][gc,marking  ] GC(24) Concurrent Clear Claimed Marks 0.077ms
[2022-06-09T04:09:50.761+0000][7][gc,marking  ] GC(24) Concurrent Scan Root Regions
[2022-06-09T04:09:50.764+0000][7][safepoint   ] Safepoint "CollectForMetadataAllocation", Time since last: 445897604 ns, Reaching safepoint: 89998 ns, At safepoint: 59906636 ns, Total: 59996634 ns
[2022-06-09T04:09:50.829+0000][7][gc,marking  ] GC(24) Concurrent Scan Root Regions 68.257ms
[2022-06-09T04:09:50.829+0000][7][gc,marking  ] GC(24) Concurrent Mark
[2022-06-09T04:09:50.829+0000][7][gc,marking  ] GC(24) Concurrent Mark From Roots
[2022-06-09T04:09:50.829+0000][7][gc,task     ] GC(24) Using 1 workers of 1 for marking
[2022-06-09T04:09:50.963+0000][7][safepoint   ] Safepoint "CollectForMetadataAllocation", Time since last: 198060441 ns, Reaching safepoint: 56233 ns, At safepoint: 82170 ns, Total: 138403 ns
[2022-06-09T04:09:51.198+0000][7][safepoint   ] Safepoint "CollectForMetadataAllocation", Time since last: 229535257 ns, Reaching safepoint: 5836481 ns, At safepoint: 74770 ns, Total: 5911251 ns
[2022-06-09T04:09:51.254+0000][7][gc,marking  ] GC(24) Concurrent Mark From Roots 425.250ms
[2022-06-09T04:09:51.254+0000][7][gc,marking  ] GC(24) Concurrent Preclean
[2022-06-09T04:09:51.254+0000][7][gc,marking  ] GC(24) Concurrent Preclean 0.146ms
[2022-06-09T04:09:51.255+0000][7][gc,start    ] GC(24) Pause Remark
[2022-06-09T04:09:51.285+0000][7][gc          ] GC(24) Pause Remark 68M->68M(256M) 30.282ms
[2022-06-09T04:09:51.285+0000][7][gc,cpu      ] GC(24) User=0.01s Sys=0.00s Real=0.02s
[2022-06-09T04:09:51.285+0000][7][safepoint   ] Safepoint "G1Concurrent", Time since last: 56240109 ns, Reaching safepoint: 612642 ns, At safepoint: 30369234 ns, Total: 30981876 ns
[2022-06-09T04:09:51.290+0000][7][gc,marking  ] GC(24) Concurrent Mark 461.635ms
[2022-06-09T04:09:51.291+0000][7][gc,marking  ] GC(24) Concurrent Rebuild Remembered Sets
[2022-06-09T04:09:51.543+0000][7][gc,marking  ] GC(24) Concurrent Rebuild Remembered Sets 252.685ms
[2022-06-09T04:09:51.543+0000][7][gc,start    ] GC(24) Pause Cleanup
[2022-06-09T04:09:51.543+0000][7][gc          ] GC(24) Pause Cleanup 71M->71M(256M) 0.049ms
[2022-06-09T04:09:51.543+0000][7][gc,cpu      ] GC(24) User=0.00s Sys=0.00s Real=0.00s
[2022-06-09T04:09:51.543+0000][7][safepoint   ] Safepoint "G1Concurrent", Time since last: 257955807 ns, Reaching safepoint: 139948 ns, At safepoint: 82670 ns, Total: 222618 ns
[2022-06-09T04:09:51.544+0000][7][gc,marking  ] GC(24) Concurrent Cleanup for Next Mark
[2022-06-09T04:09:51.544+0000][7][gc,marking  ] GC(24) Concurrent Cleanup for Next Mark 0.643ms
[2022-06-09T04:09:51.544+0000][7][gc          ] GC(24) Concurrent Mark Cycle 783.725ms
[2022-06-09T04:09:52.544+0000][7][safepoint   ] Safepoint "Cleanup", Time since last: 1000094821 ns, Reaching safepoint: 315998 ns, At safepoint: 6286 ns, Total: 322284 ns
[2022-06-09T04:09:53.547+0000][7][safepoint   ] Safepoint "Cleanup", Time since last: 1002625198 ns, Reaching safepoint: 295134 ns, At safepoint: 7186 ns, Total: 302320 ns
[2022-06-09T04:09:54.551+0000][7][safepoint   ] Safepoint "Cleanup", Time since last: 1003688975 ns, Reaching safepoint: 149640 ns, At safepoint: 5315 ns, Total: 154955 ns
[2022-06-09T04:09:55.810+0000][7][safepoint   ] Safepoint "Cleanup", Time since last: 1258591964 ns, Reaching safepoint: 376114 ns, At safepoint: 6679 ns, Total: 382793 ns
[2022-06-09T04:09:56.963+0000][7][safepoint   ] Safepoint "Cleanup", Time since last: 1144854528 ns, Reaching safepoint: 8067060 ns, At safepoint: 7873 ns, Total: 8074933 ns
[2022-06-09T04:09:58.216+0000][7][gc,start    ] GC(25) Pause Young (Prepare Mixed) (G1 Evacuation Pause)
[2022-06-09T04:09:58.216+0000][7][gc,task     ] GC(25) Using 1 workers of 1 for evacuation
[2022-06-09T04:09:58.216+0000][7][gc,age      ] GC(25) Desired survivor size 10485760 bytes, new threshold 4 (max threshold 15)
[2022-06-09T04:09:58.311+0000][7][gc,phases   ] GC(25)   Pre Evacuate Collection Set: 0.1ms
[2022-06-09T04:09:58.311+0000][7][gc,phases   ] GC(25)   Merge Heap Roots: 0.1ms
[2022-06-09T04:09:58.311+0000][7][gc,phases   ] GC(25)   Evacuate Collection Set: 92.0ms
[2022-06-09T04:09:58.311+0000][7][gc,phases   ] GC(25)   Post Evacuate Collection Set: 3.0ms
[2022-06-09T04:09:58.311+0000][7][gc,phases   ] GC(25)   Other: 0.1ms
[2022-06-09T04:09:58.311+0000][7][gc,age      ] GC(25) Age table with threshold 4 (max threshold 15)
[2022-06-09T04:09:58.311+0000][7][gc,age      ] GC(25) - age   1:    8419432 bytes,    8419432 total
[2022-06-09T04:09:58.311+0000][7][gc,age      ] GC(25) - age   2:    1438536 bytes,    9857968 total
[2022-06-09T04:09:58.311+0000][7][gc,age      ] GC(25) - age   3:    4132376 bytes,   13990344 total
[2022-06-09T04:09:58.311+0000][7][gc,age      ] GC(25) - age   4:     193896 bytes,   14184240 total
[2022-06-09T04:09:58.311+0000][7][gc,heap     ] GC(25) Eden regions: 33->0(1)
[2022-06-09T04:09:58.311+0000][7][gc,heap     ] GC(25) Survivor regions: 3->4(5)
[2022-06-09T04:09:58.311+0000][7][gc,heap     ] GC(25) Old regions: 12->13
[2022-06-09T04:09:58.311+0000][7][gc,heap     ] GC(25) Archive regions: 2->2
[2022-06-09T04:09:58.311+0000][7][gc,heap     ] GC(25) Humongous regions: 0->0
[2022-06-09T04:09:58.311+0000][7][gc,metaspace] GC(25) Metaspace: 80716K(82688K)->80716K(82688K) NonClass: 69833K(70912K)->69833K(70912K) Class: 10882K(11776K)->10882K(11776K)
[2022-06-09T04:09:58.311+0000][7][gc          ] GC(25) Pause Young (Prepare Mixed) (G1 Evacuation Pause) 192M->68M(256M) 95.459ms
[2022-06-09T04:09:58.311+0000][7][gc,cpu      ] GC(25) User=0.05s Sys=0.00s Real=0.09s
[2022-06-09T04:09:58.311+0000][7][safepoint   ] Safepoint "G1CollectForAllocation", Time since last: 1252868519 ns, Reaching safepoint: 59457 ns, At safepoint: 95510699 ns, Total: 95570156 ns
[2022-06-09T04:09:58.511+0000][7][gc,start    ] GC(26) Pause Young (Mixed) (G1 Evacuation Pause)
[2022-06-09T04:09:58.511+0000][7][gc,task     ] GC(26) Using 1 workers of 1 for evacuation
[2022-06-09T04:09:58.511+0000][7][gc,age      ] GC(26) Desired survivor size 2097152 bytes, new threshold 1 (max threshold 15)
[2022-06-09T04:09:58.630+0000][7][gc,phases   ] GC(26)   Pre Evacuate Collection Set: 0.0ms
[2022-06-09T04:09:58.630+0000][7][gc,phases   ] GC(26)   Merge Heap Roots: 0.3ms
[2022-06-09T04:09:58.630+0000][7][gc,phases   ] GC(26)   Evacuate Collection Set: 117.3ms
[2022-06-09T04:09:58.630+0000][7][gc,phases   ] GC(26)   Post Evacuate Collection Set: 1.2ms
[2022-06-09T04:09:58.630+0000][7][gc,phases   ] GC(26)   Other: 0.1ms
[2022-06-09T04:09:58.630+0000][7][gc,age      ] GC(26) Age table with threshold 1 (max threshold 15)
[2022-06-09T04:09:58.630+0000][7][gc,age      ] GC(26) - age   1:     320272 bytes,     320272 total
[2022-06-09T04:09:58.630+0000][7][gc,heap     ] GC(26) Eden regions: 1->0(30)
[2022-06-09T04:09:58.630+0000][7][gc,heap     ] GC(26) Survivor regions: 4->1(1)
[2022-06-09T04:09:58.630+0000][7][gc,heap     ] GC(26) Old regions: 13->16
[2022-06-09T04:09:58.630+0000][7][gc,heap     ] GC(26) Archive regions: 2->2
[2022-06-09T04:09:58.630+0000][7][gc,heap     ] GC(26) Humongous regions: 0->0
[2022-06-09T04:09:58.630+0000][7][gc,metaspace] GC(26) Metaspace: 81426K(83392K)->81426K(83392K) NonClass: 70473K(71552K)->70473K(71552K) Class: 10953K(11840K)->10953K(11840K)
[2022-06-09T04:09:58.630+0000][7][gc          ] GC(26) Pause Young (Mixed) (G1 Evacuation Pause) 72M->69M(256M) 119.174ms
[2022-06-09T04:09:58.630+0000][7][gc,cpu      ] GC(26) User=0.06s Sys=0.01s Real=0.12s
[2022-06-09T04:09:58.630+0000][7][safepoint   ] Safepoint "G1CollectForAllocation", Time since last: 199494291 ns, Reaching safepoint: 42855 ns, At safepoint: 119225765 ns, Total: 119268620 ns
[2022-06-09T04:09:59.635+0000][7][safepoint   ] Safepoint "Cleanup", Time since last: 1004727566 ns, Reaching safepoint: 66733 ns, At safepoint: 4879 ns, Total: 71612 ns
[2022-06-09T04:10:00.638+0000][7][safepoint   ] Safepoint "Cleanup", Time since last: 1000127214 ns, Reaching safepoint: 3216816 ns, At safepoint: 5718 ns, Total: 3222534 ns
[2022-06-09T04:10:01.710+0000][7][safepoint   ] Safepoint "Cleanup", Time since last: 1071271376 ns, Reaching safepoint: 377847 ns, At safepoint: 5028 ns, Total: 382875 ns
[2022-06-09T04:10:03.529+0000][7][safepoint   ] Safepoint "ICBufferFull", Time since last: 1818894877 ns, Reaching safepoint: 241070 ns, At safepoint: 6520 ns, Total: 247590 ns
[2022-06-09T04:10:04.530+0000][7][safepoint   ] Safepoint "Cleanup", Time since last: 1000939418 ns, Reaching safepoint: 51616 ns, At safepoint: 4433 ns, Total: 56049 ns
[2022-06-09T04:10:05.751+0000][7][safepoint   ] Safepoint "Cleanup", Time since last: 1217285982 ns, Reaching safepoint: 3608761 ns, At safepoint: 7638 ns, Total: 3616399 ns
[2022-06-09T04:10:05.808+0000][7][gc,start    ] GC(27) Pause Young (Normal) (G1 Evacuation Pause)
[2022-06-09T04:10:05.808+0000][7][gc,task     ] GC(27) Using 1 workers of 1 for evacuation
[2022-06-09T04:10:05.808+0000][7][gc,age      ] GC(27) Desired survivor size 8388608 bytes, new threshold 15 (max threshold 15)
[2022-06-09T04:10:05.835+0000][7][gc,phases   ] GC(27)   Pre Evacuate Collection Set: 0.0ms
[2022-06-09T04:10:05.835+0000][7][gc,phases   ] GC(27)   Merge Heap Roots: 0.2ms
[2022-06-09T04:10:05.835+0000][7][gc,phases   ] GC(27)   Evacuate Collection Set: 25.3ms
[2022-06-09T04:10:05.835+0000][7][gc,phases   ] GC(27)   Post Evacuate Collection Set: 1.7ms
[2022-06-09T04:10:05.835+0000][7][gc,phases   ] GC(27)   Other: 0.1ms
[2022-06-09T04:10:05.835+0000][7][gc,age      ] GC(27) Age table with threshold 15 (max threshold 15)
[2022-06-09T04:10:05.835+0000][7][gc,age      ] GC(27) - age   1:    6686088 bytes,    6686088 total
[2022-06-09T04:10:05.835+0000][7][gc,age      ] GC(27) - age   2:     285584 bytes,    6971672 total
[2022-06-09T04:10:05.835+0000][7][gc,heap     ] GC(27) Eden regions: 30->0(29)
[2022-06-09T04:10:05.835+0000][7][gc,heap     ] GC(27) Survivor regions: 1->2(4)
[2022-06-09T04:10:05.835+0000][7][gc,heap     ] GC(27) Old regions: 16->16
[2022-06-09T04:10:05.835+0000][7][gc,heap     ] GC(27) Archive regions: 2->2
[2022-06-09T04:10:05.835+0000][7][gc,heap     ] GC(27) Humongous regions: 0->0
[2022-06-09T04:10:05.835+0000][7][gc,metaspace] GC(27) Metaspace: 96850K(99712K)->96850K(99712K) NonClass: 83484K(84992K)->83484K(84992K) Class: 13365K(14720K)->13365K(14720K)
[2022-06-09T04:10:05.835+0000][7][gc          ] GC(27) Pause Young (Normal) (G1 Evacuation Pause) 189M->74M(256M) 27.590ms
[2022-06-09T04:10:05.835+0000][7][gc,cpu      ] GC(27) User=0.03s Sys=0.00s Real=0.03s
[2022-06-09T04:10:05.835+0000][7][safepoint   ] Safepoint "G1CollectForAllocation", Time since last: 56630319 ns, Reaching safepoint: 238756 ns, At safepoint: 27650290 ns, Total: 27889046 ns
[2022-06-09T04:10:06.835+0000][7][safepoint   ] Safepoint "Cleanup", Time since last: 1000099896 ns, Reaching safepoint: 68364 ns, At safepoint: 4188 ns, Total: 72552 ns
[2022-06-09T04:10:07.835+0000][7][safepoint   ] Safepoint "Cleanup", Time since last: 1000124090 ns, Reaching safepoint: 43406 ns, At safepoint: 4346 ns, Total: 47752 ns
[2022-06-09T04:10:09.228+0000][7][safepoint   ] Safepoint "Cleanup", Time since last: 1391459964 ns, Reaching safepoint: 672759 ns, At safepoint: 6773 ns, Total: 679532 ns
[2022-06-09T04:10:09.640+0000][7][gc,start    ] GC(28) Pause Young (Concurrent Start) (G1 Humongous Allocation)
[2022-06-09T04:10:09.640+0000][7][gc,task     ] GC(28) Using 1 workers of 1 for evacuation
[2022-06-09T04:10:09.640+0000][7][gc,age      ] GC(28) Desired survivor size 8388608 bytes, new threshold 15 (max threshold 15)
[2022-06-09T04:10:09.703+0000][7][gc,phases   ] GC(28)   Pre Evacuate Collection Set: 0.2ms
[2022-06-09T04:10:09.703+0000][7][gc,phases   ] GC(28)   Merge Heap Roots: 0.1ms
[2022-06-09T04:10:09.703+0000][7][gc,phases   ] GC(28)   Evacuate Collection Set: 57.4ms
[2022-06-09T04:10:09.703+0000][7][gc,phases   ] GC(28)   Post Evacuate Collection Set: 5.5ms
[2022-06-09T04:10:09.703+0000][7][gc,phases   ] GC(28)   Other: 0.1ms
[2022-06-09T04:10:09.703+0000][7][gc,age      ] GC(28) Age table with threshold 15 (max threshold 15)
[2022-06-09T04:10:09.703+0000][7][gc,age      ] GC(28) - age   1:    1637640 bytes,    1637640 total
[2022-06-09T04:10:09.703+0000][7][gc,age      ] GC(28) - age   2:    6387344 bytes,    8024984 total
[2022-06-09T04:10:09.703+0000][7][gc,age      ] GC(28) - age   3:     285584 bytes,    8310568 total
[2022-06-09T04:10:09.703+0000][7][gc,heap     ] GC(28) Eden regions: 11->0(29)
[2022-06-09T04:10:09.703+0000][7][gc,heap     ] GC(28) Survivor regions: 2->2(4)
[2022-06-09T04:10:09.703+0000][7][gc,heap     ] GC(28) Old regions: 16->16
[2022-06-09T04:10:09.703+0000][7][gc,heap     ] GC(28) Archive regions: 2->2
[2022-06-09T04:10:09.703+0000][7][gc,heap     ] GC(28) Humongous regions: 1->1
[2022-06-09T04:10:09.703+0000][7][gc,metaspace] GC(28) Metaspace: 99150K(101952K)->99150K(101952K) NonClass: 85446K(86912K)->85446K(86912K) Class: 13704K(15040K)->13704K(15040K)
[2022-06-09T04:10:09.703+0000][7][gc          ] GC(28) Pause Young (Concurrent Start) (G1 Humongous Allocation) 120M->79M(256M) 63.610ms
[2022-06-09T04:10:09.703+0000][7][gc,cpu      ] GC(28) User=0.03s Sys=0.00s Real=0.06s
[2022-06-09T04:10:09.703+0000][7][safepoint   ] Safepoint "G1TryInitiateConcMark", Time since last: 412100768 ns, Reaching safepoint: 45865 ns, At safepoint: 63669290 ns, Total: 63715155 ns
[2022-06-09T04:10:09.704+0000][7][gc          ] GC(29) Concurrent Undo Cycle
[2022-06-09T04:10:09.704+0000][7][gc,marking  ] GC(29) Concurrent Cleanup for Next Mark
[2022-06-09T04:10:09.715+0000][7][gc,marking  ] GC(29) Concurrent Cleanup for Next Mark 11.562ms
[2022-06-09T04:10:09.715+0000][7][gc          ] GC(29) Concurrent Undo Cycle 11.610ms
[2022-06-09T04:10:10.704+0000][7][safepoint   ] Safepoint "Cleanup", Time since last: 1000089838 ns, Reaching safepoint: 82151 ns, At safepoint: 4461 ns, Total: 86612 ns
[2022-06-09T04:10:12.251+0000][7][safepoint   ] Safepoint "Cleanup", Time since last: 1547213290 ns, Reaching safepoint: 133477 ns, At safepoint: 4817 ns, Total: 138294 ns
[2022-06-09T04:10:12.637+0000][7][gc,start    ] GC(30) Pause Young (Normal) (G1 Evacuation Pause)
[2022-06-09T04:10:12.637+0000][7][gc,task     ] GC(30) Using 1 workers of 1 for evacuation
[2022-06-09T04:10:12.637+0000][7][gc,age      ] GC(30) Desired survivor size 8388608 bytes, new threshold 15 (max threshold 15)
[2022-06-09T04:10:12.692+0000][7][gc,phases   ] GC(30)   Pre Evacuate Collection Set: 0.1ms
[2022-06-09T04:10:12.692+0000][7][gc,phases   ] GC(30)   Merge Heap Roots: 0.1ms
[2022-06-09T04:10:12.692+0000][7][gc,phases   ] GC(30)   Evacuate Collection Set: 53.3ms
[2022-06-09T04:10:12.692+0000][7][gc,phases   ] GC(30)   Post Evacuate Collection Set: 1.6ms
[2022-06-09T04:10:12.692+0000][7][gc,phases   ] GC(30)   Other: 0.1ms
[2022-06-09T04:10:12.692+0000][7][gc,age      ] GC(30) Age table with threshold 15 (max threshold 15)
[2022-06-09T04:10:12.692+0000][7][gc,age      ] GC(30) - age   1:    1688200 bytes,    1688200 total
[2022-06-09T04:10:12.692+0000][7][gc,age      ] GC(30) - age   2:    1519152 bytes,    3207352 total
[2022-06-09T04:10:12.692+0000][7][gc,age      ] GC(30) - age   3:    6384272 bytes,    9591624 total
[2022-06-09T04:10:12.692+0000][7][gc,age      ] GC(30) - age   4:     285456 bytes,    9877080 total
[2022-06-09T04:10:12.692+0000][7][gc,heap     ] GC(30) Eden regions: 29->0(28)
[2022-06-09T04:10:12.692+0000][7][gc,heap     ] GC(30) Survivor regions: 2->3(4)
[2022-06-09T04:10:12.692+0000][7][gc,heap     ] GC(30) Old regions: 16->16
[2022-06-09T04:10:12.692+0000][7][gc,heap     ] GC(30) Archive regions: 2->2
[2022-06-09T04:10:12.692+0000][7][gc,heap     ] GC(30) Humongous regions: 2->2
[2022-06-09T04:10:12.692+0000][7][gc,metaspace] GC(30) Metaspace: 101161K(104000K)->101161K(104000K) NonClass: 87217K(88704K)->87217K(88704K) Class: 13944K(15296K)->13944K(15296K)
[2022-06-09T04:10:12.692+0000][7][gc          ] GC(30) Pause Young (Normal) (G1 Evacuation Pause) 199M->85M(256M) 55.330ms
[2022-06-09T04:10:12.692+0000][7][gc,cpu      ] GC(30) User=0.03s Sys=0.00s Real=0.05s
[2022-06-09T04:10:12.692+0000][7][safepoint   ] Safepoint "G1CollectForAllocation", Time since last: 385900912 ns, Reaching safepoint: 63978 ns, At safepoint: 55394205 ns, Total: 55458183 ns
[2022-06-09T04:10:13.700+0000][7][safepoint   ] Safepoint "Cleanup", Time since last: 1002027118 ns, Reaching safepoint: 5312971 ns, At safepoint: 10123 ns, Total: 5323094 ns
[2022-06-09T04:10:14.700+0000][7][safepoint   ] Safepoint "Cleanup", Time since last: 1000140060 ns, Reaching safepoint: 65527 ns, At safepoint: 3898 ns, Total: 69425 ns
[2022-06-09T04:10:14.725+0000][7][safepoint   ] Safepoint "CollectForMetadataAllocation", Time since last: 25483882 ns, Reaching safepoint: 21478 ns, At safepoint: 60199 ns, Total: 81677 ns
[2022-06-09T04:10:14.743+0000][7][gc,start    ] GC(31) Pause Young (Concurrent Start) (GCLocker Initiated GC)
[2022-06-09T04:10:14.743+0000][7][gc,task     ] GC(31) Using 1 workers of 1 for evacuation
[2022-06-09T04:10:14.743+0000][7][gc,age      ] GC(31) Desired survivor size 8388608 bytes, new threshold 3 (max threshold 15)
[2022-06-09T04:10:14.802+0000][7][gc,phases   ] GC(31)   Pre Evacuate Collection Set: 0.2ms
[2022-06-09T04:10:14.802+0000][7][gc,phases   ] GC(31)   Merge Heap Roots: 0.1ms
[2022-06-09T04:10:14.802+0000][7][gc,phases   ] GC(31)   Evacuate Collection Set: 57.5ms
[2022-06-09T04:10:14.802+0000][7][gc,phases   ] GC(31)   Post Evacuate Collection Set: 1.4ms
[2022-06-09T04:10:14.802+0000][7][gc,phases   ] GC(31)   Other: 0.1ms
[2022-06-09T04:10:14.802+0000][7][gc,age      ] GC(31) Age table with threshold 3 (max threshold 15)
[2022-06-09T04:10:14.802+0000][7][gc,age      ] GC(31) - age   1:     515352 bytes,     515352 total
[2022-06-09T04:10:14.802+0000][7][gc,age      ] GC(31) - age   2:    1477008 bytes,    1992360 total
[2022-06-09T04:10:14.802+0000][7][gc,age      ] GC(31) - age   3:    1515288 bytes,    3507648 total
[2022-06-09T04:10:14.802+0000][7][gc,heap     ] GC(31) Eden regions: 23->0(28)
[2022-06-09T04:10:14.802+0000][7][gc,heap     ] GC(31) Survivor regions: 3->1(4)
[2022-06-09T04:10:14.802+0000][7][gc,heap     ] GC(31) Old regions: 16->18
[2022-06-09T04:10:14.802+0000][7][gc,heap     ] GC(31) Archive regions: 2->2
[2022-06-09T04:10:14.802+0000][7][gc,heap     ] GC(31) Humongous regions: 2->2
[2022-06-09T04:10:14.802+0000][7][gc,metaspace] GC(31) Metaspace: 101904K(104704K)->101904K(104704K) NonClass: 87877K(89344K)->87877K(89344K) Class: 14026K(15360K)->14026K(15360K)
[2022-06-09T04:10:14.802+0000][7][gc          ] GC(31) Pause Young (Concurrent Start) (GCLocker Initiated GC) 173M->85M(256M) 59.614ms
[2022-06-09T04:10:14.802+0000][7][gc,cpu      ] GC(31) User=0.03s Sys=0.00s Real=0.06s
[2022-06-09T04:10:14.802+0000][7][safepoint   ] Safepoint "G1CollectForAllocation", Time since last: 17081594 ns, Reaching safepoint: 159892 ns, At safepoint: 59677651 ns, Total: 59837543 ns
[2022-06-09T04:10:14.805+0000][7][gc          ] GC(32) Concurrent Mark Cycle
[2022-06-09T04:10:14.805+0000][7][gc,marking  ] GC(32) Concurrent Clear Claimed Marks
[2022-06-09T04:10:14.805+0000][7][gc,marking  ] GC(32) Concurrent Clear Claimed Marks 0.227ms
[2022-06-09T04:10:14.805+0000][7][gc,marking  ] GC(32) Concurrent Scan Root Regions
[2022-06-09T04:10:14.893+0000][7][gc,marking  ] GC(32) Concurrent Scan Root Regions 88.236ms
[2022-06-09T04:10:14.893+0000][7][gc,marking  ] GC(32) Concurrent Mark
[2022-06-09T04:10:14.893+0000][7][gc,marking  ] GC(32) Concurrent Mark From Roots
[2022-06-09T04:10:14.893+0000][7][gc,task     ] GC(32) Using 1 workers of 1 for marking
[2022-06-09T04:10:15.911+0000][7][gc,marking  ] GC(32) Concurrent Mark From Roots 1017.631ms
[2022-06-09T04:10:15.911+0000][7][gc,marking  ] GC(32) Concurrent Preclean
[2022-06-09T04:10:15.911+0000][7][gc,marking  ] GC(32) Concurrent Preclean 0.192ms
[2022-06-09T04:10:15.911+0000][7][gc,start    ] GC(32) Pause Remark
[2022-06-09T04:10:15.936+0000][7][gc          ] GC(32) Pause Remark 106M->106M(256M) 24.805ms
[2022-06-09T04:10:15.936+0000][7][gc,cpu      ] GC(32) User=0.01s Sys=0.00s Real=0.03s
[2022-06-09T04:10:15.936+0000][7][safepoint   ] Safepoint "G1Concurrent", Time since last: 1108631241 ns, Reaching safepoint: 55030 ns, At safepoint: 24880328 ns, Total: 24935358 ns
[2022-06-09T04:10:15.951+0000][7][gc,marking  ] GC(32) Concurrent Mark 1057.524ms
[2022-06-09T04:10:15.951+0000][7][gc,marking  ] GC(32) Concurrent Rebuild Remembered Sets
[2022-06-09T04:10:16.557+0000][7][gc,marking  ] GC(32) Concurrent Rebuild Remembered Sets 606.709ms
[2022-06-09T04:10:16.558+0000][7][gc,start    ] GC(32) Pause Cleanup
[2022-06-09T04:10:16.558+0000][7][gc          ] GC(32) Pause Cleanup 122M->122M(256M) 0.057ms
[2022-06-09T04:10:16.558+0000][7][gc,cpu      ] GC(32) User=0.00s Sys=0.00s Real=0.00s
[2022-06-09T04:10:16.558+0000][7][safepoint   ] Safepoint "G1Concurrent", Time since last: 621483499 ns, Reaching safepoint: 806961 ns, At safepoint: 100034 ns, Total: 906995 ns
[2022-06-09T04:10:16.558+0000][7][gc,marking  ] GC(32) Concurrent Cleanup for Next Mark
[2022-06-09T04:10:16.583+0000][7][gc,marking  ] GC(32) Concurrent Cleanup for Next Mark 24.776ms
[2022-06-09T04:10:16.583+0000][7][gc          ] GC(32) Concurrent Mark Cycle 1778.595ms
[2022-06-09T04:10:17.559+0000][7][safepoint   ] Safepoint "Cleanup", Time since last: 1000212494 ns, Reaching safepoint: 864841 ns, At safepoint: 8657 ns, Total: 873498 ns
[2022-06-09T04:10:19.447+0000][7][safepoint   ] Safepoint "Cleanup", Time since last: 1887419181 ns, Reaching safepoint: 107783 ns, At safepoint: 4682 ns, Total: 112465 ns
[2022-06-09T04:10:20.447+0000][7][safepoint   ] Safepoint "Cleanup", Time since last: 1000115553 ns, Reaching safepoint: 66929 ns, At safepoint: 4920 ns, Total: 71849 ns
[2022-06-09T04:10:20.451+0000][7][gc,start    ] GC(33) Pause Young (Prepare Mixed) (G1 Evacuation Pause)
[2022-06-09T04:10:20.451+0000][7][gc,task     ] GC(33) Using 1 workers of 1 for evacuation
[2022-06-09T04:10:20.451+0000][7][gc,age      ] GC(33) Desired survivor size 8388608 bytes, new threshold 15 (max threshold 15)
[2022-06-09T04:10:20.469+0000][7][gc,phases   ] GC(33)   Pre Evacuate Collection Set: 0.0ms
[2022-06-09T04:10:20.469+0000][7][gc,phases   ] GC(33)   Merge Heap Roots: 0.2ms
[2022-06-09T04:10:20.469+0000][7][gc,phases   ] GC(33)   Evacuate Collection Set: 16.1ms
[2022-06-09T04:10:20.469+0000][7][gc,phases   ] GC(33)   Post Evacuate Collection Set: 1.2ms
[2022-06-09T04:10:20.469+0000][7][gc,phases   ] GC(33)   Other: 0.2ms
[2022-06-09T04:10:20.469+0000][7][gc,age      ] GC(33) Age table with threshold 15 (max threshold 15)
[2022-06-09T04:10:20.469+0000][7][gc,age      ] GC(33) - age   1:    4651128 bytes,    4651128 total
[2022-06-09T04:10:20.469+0000][7][gc,age      ] GC(33) - age   2:     328456 bytes,    4979584 total
[2022-06-09T04:10:20.469+0000][7][gc,age      ] GC(33) - age   3:    1439840 bytes,    6419424 total
[2022-06-09T04:10:20.469+0000][7][gc,age      ] GC(33) - age   4:    1497904 bytes,    7917328 total
[2022-06-09T04:10:20.469+0000][7][gc,heap     ] GC(33) Eden regions: 28->0(1)
[2022-06-09T04:10:20.469+0000][7][gc,heap     ] GC(33) Survivor regions: 1->2(4)
[2022-06-09T04:10:20.469+0000][7][gc,heap     ] GC(33) Old regions: 18->18
[2022-06-09T04:10:20.469+0000][7][gc,heap     ] GC(33) Archive regions: 2->2
[2022-06-09T04:10:20.469+0000][7][gc,heap     ] GC(33) Humongous regions: 2->2
[2022-06-09T04:10:20.469+0000][7][gc,metaspace] GC(33) Metaspace: 103341K(106240K)->103341K(106240K) NonClass: 89099K(90624K)->89099K(90624K) Class: 14242K(15616K)->14242K(15616K)
[2022-06-09T04:10:20.469+0000][7][gc          ] GC(33) Pause Young (Prepare Mixed) (G1 Evacuation Pause) 197M->90M(256M) 18.012ms
[2022-06-09T04:10:20.469+0000][7][gc,cpu      ] GC(33) User=0.01s Sys=0.00s Real=0.02s
[2022-06-09T04:10:20.469+0000][7][safepoint   ] Safepoint "G1CollectForAllocation", Time since last: 3596235 ns, Reaching safepoint: 18160 ns, At safepoint: 18074094 ns, Total: 18092254 ns
[2022-06-09T04:10:20.680+0000][7][gc,start    ] GC(34) Pause Young (Mixed) (G1 Evacuation Pause)
[2022-06-09T04:10:20.680+0000][7][gc,task     ] GC(34) Using 1 workers of 1 for evacuation
[2022-06-09T04:10:20.680+0000][7][gc,age      ] GC(34) Desired survivor size 2097152 bytes, new threshold 1 (max threshold 15)
[2022-06-09T04:10:20.702+0000][7][gc,phases   ] GC(34)   Pre Evacuate Collection Set: 0.0ms
[2022-06-09T04:10:20.702+0000][7][gc,phases   ] GC(34)   Merge Heap Roots: 0.1ms
[2022-06-09T04:10:20.702+0000][7][gc,phases   ] GC(34)   Evacuate Collection Set: 21.0ms
[2022-06-09T04:10:20.702+0000][7][gc,phases   ] GC(34)   Post Evacuate Collection Set: 1.0ms
[2022-06-09T04:10:20.702+0000][7][gc,phases   ] GC(34)   Other: 0.1ms
[2022-06-09T04:10:20.702+0000][7][gc,age      ] GC(34) Age table with threshold 1 (max threshold 15)
[2022-06-09T04:10:20.702+0000][7][gc,age      ] GC(34) - age   1:     358656 bytes,     358656 total
[2022-06-09T04:10:20.702+0000][7][gc,heap     ] GC(34) Eden regions: 1->0(26)
[2022-06-09T04:10:20.702+0000][7][gc,heap     ] GC(34) Survivor regions: 2->1(1)
[2022-06-09T04:10:20.702+0000][7][gc,heap     ] GC(34) Old regions: 18->20
[2022-06-09T04:10:20.702+0000][7][gc,heap     ] GC(34) Archive regions: 2->2
[2022-06-09T04:10:20.702+0000][7][gc,heap     ] GC(34) Humongous regions: 2->2
[2022-06-09T04:10:20.702+0000][7][gc,metaspace] GC(34) Metaspace: 103344K(106240K)->103344K(106240K) NonClass: 89102K(90624K)->89102K(90624K) Class: 14242K(15616K)->14242K(15616K)
[2022-06-09T04:10:20.702+0000][7][gc          ] GC(34) Pause Young (Mixed) (G1 Evacuation Pause) 94M->90M(256M) 22.334ms
[2022-06-09T04:10:20.702+0000][7][gc,cpu      ] GC(34) User=0.02s Sys=0.00s Real=0.02s
[2022-06-09T04:10:20.702+0000][7][safepoint   ] Safepoint "G1CollectForAllocation", Time since last: 210715463 ns, Reaching safepoint: 39807 ns, At safepoint: 22388988 ns, Total: 22428795 ns
[2022-06-09T04:10:21.702+0000][7][safepoint   ] Safepoint "Cleanup", Time since last: 1000105604 ns, Reaching safepoint: 55807 ns, At safepoint: 4430 ns, Total: 60237 ns
[2022-06-09T04:10:22.702+0000][7][safepoint   ] Safepoint "Cleanup", Time since last: 1000114850 ns, Reaching safepoint: 50882 ns, At safepoint: 4388 ns, Total: 55270 ns
[2022-06-09T04:10:23.703+0000][7][safepoint   ] Safepoint "Cleanup", Time since last: 1000161746 ns, Reaching safepoint: 64969 ns, At safepoint: 4895 ns, Total: 69864 ns
[2022-06-09T04:10:23.969+0000][7][gc,start    ] GC(35) Pause Young (Concurrent Start) (G1 Evacuation Pause)
[2022-06-09T04:10:23.969+0000][7][gc,task     ] GC(35) Using 1 workers of 1 for evacuation
[2022-06-09T04:10:23.969+0000][7][gc,age      ] GC(35) Desired survivor size 8388608 bytes, new threshold 15 (max threshold 15)
[2022-06-09T04:10:23.979+0000][7][gc,phases   ] GC(35)   Pre Evacuate Collection Set: 0.3ms
[2022-06-09T04:10:23.979+0000][7][gc,phases   ] GC(35)   Merge Heap Roots: 0.0ms
[2022-06-09T04:10:23.979+0000][7][gc,phases   ] GC(35)   Evacuate Collection Set: 8.2ms
[2022-06-09T04:10:23.979+0000][7][gc,phases   ] GC(35)   Post Evacuate Collection Set: 1.1ms
[2022-06-09T04:10:23.979+0000][7][gc,phases   ] GC(35)   Other: 0.1ms
[2022-06-09T04:10:23.979+0000][7][gc,age      ] GC(35) Age table with threshold 15 (max threshold 15)
[2022-06-09T04:10:23.979+0000][7][gc,age      ] GC(35) - age   1:    2511576 bytes,    2511576 total
[2022-06-09T04:10:23.979+0000][7][gc,age      ] GC(35) - age   2:        568 bytes,    2512144 total
[2022-06-09T04:10:23.979+0000][7][gc,heap     ] GC(35) Eden regions: 26->0(26)
[2022-06-09T04:10:23.979+0000][7][gc,heap     ] GC(35) Survivor regions: 1->1(4)
[2022-06-09T04:10:23.979+0000][7][gc,heap     ] GC(35) Old regions: 20->20
[2022-06-09T04:10:23.979+0000][7][gc,heap     ] GC(35) Archive regions: 2->2
[2022-06-09T04:10:23.979+0000][7][gc,heap     ] GC(35) Humongous regions: 2->2
[2022-06-09T04:10:23.979+0000][7][gc,metaspace] GC(35) Metaspace: 103416K(106240K)->103416K(106240K) NonClass: 89174K(90624K)->89174K(90624K) Class: 14242K(15616K)->14242K(15616K)
[2022-06-09T04:10:23.979+0000][7][gc          ] GC(35) Pause Young (Concurrent Start) (G1 Evacuation Pause) 193M->91M(256M) 9.818ms
[2022-06-09T04:10:23.979+0000][7][gc,cpu      ] GC(35) User=0.00s Sys=0.00s Real=0.01s
[2022-06-09T04:10:23.979+0000][7][safepoint   ] Safepoint "G1CollectForAllocation", Time since last: 266719393 ns, Reaching safepoint: 25872 ns, At safepoint: 9873189 ns, Total: 9899061 ns
[2022-06-09T04:10:23.979+0000][7][gc          ] GC(36) Concurrent Mark Cycle
[2022-06-09T04:10:23.979+0000][7][gc,marking  ] GC(36) Concurrent Clear Claimed Marks
[2022-06-09T04:10:23.979+0000][7][gc,marking  ] GC(36) Concurrent Clear Claimed Marks 0.108ms
[2022-06-09T04:10:23.979+0000][7][gc,marking  ] GC(36) Concurrent Scan Root Regions
[2022-06-09T04:10:23.981+0000][7][gc,marking  ] GC(36) Concurrent Scan Root Regions 1.244ms
[2022-06-09T04:10:23.981+0000][7][gc,marking  ] GC(36) Concurrent Mark
[2022-06-09T04:10:23.981+0000][7][gc,marking  ] GC(36) Concurrent Mark From Roots
[2022-06-09T04:10:23.981+0000][7][gc,task     ] GC(36) Using 1 workers of 1 for marking
[2022-06-09T04:10:24.304+0000][7][gc,marking  ] GC(36) Concurrent Mark From Roots 323.394ms
[2022-06-09T04:10:24.307+0000][7][gc,marking  ] GC(36) Concurrent Preclean
[2022-06-09T04:10:24.307+0000][7][gc,marking  ] GC(36) Concurrent Preclean 0.136ms
[2022-06-09T04:10:24.307+0000][7][gc,start    ] GC(36) Pause Remark
[2022-06-09T04:10:24.381+0000][7][gc          ] GC(36) Pause Remark 95M->95M(256M) 74.160ms
[2022-06-09T04:10:24.381+0000][7][gc,cpu      ] GC(36) User=0.02s Sys=0.00s Real=0.07s
[2022-06-09T04:10:24.381+0000][7][safepoint   ] Safepoint "G1Concurrent", Time since last: 327588446 ns, Reaching safepoint: 510175 ns, At safepoint: 74224667 ns, Total: 74734842 ns
[2022-06-09T04:10:24.382+0000][7][gc,marking  ] GC(36) Concurrent Mark 401.601ms
[2022-06-09T04:10:24.382+0000][7][gc,marking  ] GC(36) Concurrent Rebuild Remembered Sets
[2022-06-09T04:10:24.783+0000][7][gc,marking  ] GC(36) Concurrent Rebuild Remembered Sets 401.206ms
[2022-06-09T04:10:24.786+0000][7][gc,start    ] GC(36) Pause Cleanup
[2022-06-09T04:10:24.786+0000][7][gc          ] GC(36) Pause Cleanup 105M->105M(256M) 0.054ms
[2022-06-09T04:10:24.786+0000][7][gc,cpu      ] GC(36) User=0.00s Sys=0.00s Real=0.00s
[2022-06-09T04:10:24.786+0000][7][safepoint   ] Safepoint "G1Concurrent", Time since last: 401994531 ns, Reaching safepoint: 2289468 ns, At safepoint: 115184 ns, Total: 2404652 ns
[2022-06-09T04:10:24.786+0000][7][gc,marking  ] GC(36) Concurrent Cleanup for Next Mark
[2022-06-09T04:10:24.787+0000][7][gc,marking  ] GC(36) Concurrent Cleanup for Next Mark 0.720ms
[2022-06-09T04:10:24.787+0000][7][gc          ] GC(36) Concurrent Mark Cycle 807.432ms
[2022-06-09T04:10:25.786+0000][7][safepoint   ] Safepoint "Cleanup", Time since last: 1000128927 ns, Reaching safepoint: 193006 ns, At safepoint: 6594 ns, Total: 199600 ns
[2022-06-09T04:10:26.490+0000][7][gc,start    ] GC(37) Pause Young (Prepare Mixed) (G1 Evacuation Pause)
[2022-06-09T04:10:26.490+0000][7][gc,task     ] GC(37) Using 1 workers of 1 for evacuation
[2022-06-09T04:10:26.490+0000][7][gc,age      ] GC(37) Desired survivor size 8388608 bytes, new threshold 15 (max threshold 15)
[2022-06-09T04:10:26.506+0000][7][gc,phases   ] GC(37)   Pre Evacuate Collection Set: 0.0ms
[2022-06-09T04:10:26.506+0000][7][gc,phases   ] GC(37)   Merge Heap Roots: 0.1ms
[2022-06-09T04:10:26.506+0000][7][gc,phases   ] GC(37)   Evacuate Collection Set: 14.3ms
[2022-06-09T04:10:26.506+0000][7][gc,phases   ] GC(37)   Post Evacuate Collection Set: 1.0ms
[2022-06-09T04:10:26.506+0000][7][gc,phases   ] GC(37)   Other: 0.1ms
[2022-06-09T04:10:26.506+0000][7][gc,age      ] GC(37) Age table with threshold 15 (max threshold 15)
[2022-06-09T04:10:26.506+0000][7][gc,age      ] GC(37) - age   1:    2901768 bytes,    2901768 total
[2022-06-09T04:10:26.506+0000][7][gc,age      ] GC(37) - age   2:      68528 bytes,    2970296 total
[2022-06-09T04:10:26.506+0000][7][gc,age      ] GC(37) - age   3:        136 bytes,    2970432 total
[2022-06-09T04:10:26.506+0000][7][gc,heap     ] GC(37) Eden regions: 26->0(2)
[2022-06-09T04:10:26.506+0000][7][gc,heap     ] GC(37) Survivor regions: 1->1(4)
[2022-06-09T04:10:26.506+0000][7][gc,heap     ] GC(37) Old regions: 20->20
[2022-06-09T04:10:26.506+0000][7][gc,heap     ] GC(37) Archive regions: 2->2
[2022-06-09T04:10:26.506+0000][7][gc,heap     ] GC(37) Humongous regions: 2->2
[2022-06-09T04:10:26.506+0000][7][gc,metaspace] GC(37) Metaspace: 103876K(106624K)->103876K(106624K) NonClass: 89587K(91008K)->89587K(91008K) Class: 14288K(15616K)->14288K(15616K)
[2022-06-09T04:10:26.506+0000][7][gc          ] GC(37) Pause Young (Prepare Mixed) (G1 Evacuation Pause) 195M->91M(256M) 15.691ms
[2022-06-09T04:10:26.506+0000][7][gc,cpu      ] GC(37) User=0.01s Sys=0.00s Real=0.01s
[2022-06-09T04:10:26.506+0000][7][safepoint   ] Safepoint "G1CollectForAllocation", Time since last: 701125920 ns, Reaching safepoint: 3022513 ns, At safepoint: 15760660 ns, Total: 18783173 ns
[2022-06-09T04:10:26.601+0000][7][gc,start    ] GC(38) Pause Young (Mixed) (G1 Evacuation Pause)
[2022-06-09T04:10:26.601+0000][7][gc,task     ] GC(38) Using 1 workers of 1 for evacuation
[2022-06-09T04:10:26.601+0000][7][gc,age      ] GC(38) Desired survivor size 2097152 bytes, new threshold 1 (max threshold 15)
[2022-06-09T04:10:26.623+0000][7][gc,phases   ] GC(38)   Pre Evacuate Collection Set: 0.0ms
[2022-06-09T04:10:26.623+0000][7][gc,phases   ] GC(38)   Merge Heap Roots: 0.0ms
[2022-06-09T04:10:26.623+0000][7][gc,phases   ] GC(38)   Evacuate Collection Set: 14.7ms
[2022-06-09T04:10:26.623+0000][7][gc,phases   ] GC(38)   Post Evacuate Collection Set: 6.5ms
[2022-06-09T04:10:26.623+0000][7][gc,phases   ] GC(38)   Other: 0.1ms
[2022-06-09T04:10:26.623+0000][7][gc,age      ] GC(38) Age table with threshold 1 (max threshold 15)
[2022-06-09T04:10:26.623+0000][7][gc,age      ] GC(38) - age   1:    1052608 bytes,    1052608 total
[2022-06-09T04:10:26.623+0000][7][gc,heap     ] GC(38) Eden regions: 2->0(26)
[2022-06-09T04:10:26.623+0000][7][gc,heap     ] GC(38) Survivor regions: 1->1(1)
[2022-06-09T04:10:26.623+0000][7][gc,heap     ] GC(38) Old regions: 20->20
[2022-06-09T04:10:26.623+0000][7][gc,heap     ] GC(38) Archive regions: 2->2
[2022-06-09T04:10:26.623+0000][7][gc,heap     ] GC(38) Humongous regions: 2->2
[2022-06-09T04:10:26.623+0000][7][gc,metaspace] GC(38) Metaspace: 103891K(106688K)->103891K(106688K) NonClass: 89603K(91072K)->89603K(91072K) Class: 14288K(15616K)->14288K(15616K)
[2022-06-09T04:10:26.623+0000][7][gc          ] GC(38) Pause Young (Mixed) (G1 Evacuation Pause) 98M->90M(256M) 21.572ms
[2022-06-09T04:10:26.623+0000][7][gc,cpu      ] GC(38) User=0.01s Sys=0.00s Real=0.02s
[2022-06-09T04:10:26.623+0000][7][safepoint   ] Safepoint "G1CollectForAllocation", Time since last: 92862647 ns, Reaching safepoint: 2103510 ns, At safepoint: 21630933 ns, Total: 23734443 ns
[2022-06-09T04:10:27.623+0000][7][safepoint   ] Safepoint "Cleanup", Time since last: 1000092090 ns, Reaching safepoint: 80064 ns, At safepoint: 4648 ns, Total: 84712 ns
[2022-06-09T04:10:28.623+0000][7][safepoint   ] Safepoint "Cleanup", Time since last: 1000103855 ns, Reaching safepoint: 126815 ns, At safepoint: 4692 ns, Total: 131507 ns
[2022-06-09T04:10:29.627+0000][7][safepoint   ] Safepoint "Cleanup", Time since last: 1000107316 ns, Reaching safepoint: 3291947 ns, At safepoint: 9383 ns, Total: 3301330 ns
[2022-06-09T04:10:30.108+0000][7][gc,start    ] GC(39) Pause Young (Concurrent Start) (G1 Evacuation Pause)
[2022-06-09T04:10:30.108+0000][7][gc,task     ] GC(39) Using 1 workers of 1 for evacuation
[2022-06-09T04:10:30.108+0000][7][gc,age      ] GC(39) Desired survivor size 8388608 bytes, new threshold 15 (max threshold 15)
[2022-06-09T04:10:30.119+0000][7][gc,phases   ] GC(39)   Pre Evacuate Collection Set: 0.3ms
[2022-06-09T04:10:30.119+0000][7][gc,phases   ] GC(39)   Merge Heap Roots: 0.0ms
[2022-06-09T04:10:30.119+0000][7][gc,phases   ] GC(39)   Evacuate Collection Set: 5.1ms
[2022-06-09T04:10:30.119+0000][7][gc,phases   ] GC(39)   Post Evacuate Collection Set: 0.9ms
[2022-06-09T04:10:30.119+0000][7][gc,phases   ] GC(39)   Other: 3.8ms
[2022-06-09T04:10:30.119+0000][7][gc,age      ] GC(39) Age table with threshold 15 (max threshold 15)
[2022-06-09T04:10:30.119+0000][7][gc,age      ] GC(39) - age   1:    3522472 bytes,    3522472 total
[2022-06-09T04:10:30.119+0000][7][gc,age      ] GC(39) - age   2:         96 bytes,    3522568 total
[2022-06-09T04:10:30.119+0000][7][gc,heap     ] GC(39) Eden regions: 26->0(26)
[2022-06-09T04:10:30.119+0000][7][gc,heap     ] GC(39) Survivor regions: 1->1(4)
[2022-06-09T04:10:30.119+0000][7][gc,heap     ] GC(39) Old regions: 20->20
[2022-06-09T04:10:30.119+0000][7][gc,heap     ] GC(39) Archive regions: 2->2
[2022-06-09T04:10:30.119+0000][7][gc,heap     ] GC(39) Humongous regions: 2->2
[2022-06-09T04:10:30.119+0000][7][gc,metaspace] GC(39) Metaspace: 104101K(106944K)->104101K(106944K) NonClass: 89813K(91264K)->89813K(91264K) Class: 14288K(15680K)->14288K(15680K)
[2022-06-09T04:10:30.119+0000][7][gc          ] GC(39) Pause Young (Concurrent Start) (G1 Evacuation Pause) 193M->92M(256M) 10.338ms
[2022-06-09T04:10:30.119+0000][7][gc,cpu      ] GC(39) User=0.01s Sys=0.00s Real=0.01s
[2022-06-09T04:10:30.119+0000][7][safepoint   ] Safepoint "G1CollectForAllocation", Time since last: 481751451 ns, Reaching safepoint: 28207 ns, At safepoint: 10403274 ns, Total: 10431481 ns
[2022-06-09T04:10:30.119+0000][7][gc          ] GC(40) Concurrent Mark Cycle
[2022-06-09T04:10:30.119+0000][7][gc,marking  ] GC(40) Concurrent Clear Claimed Marks
[2022-06-09T04:10:30.119+0000][7][gc,marking  ] GC(40) Concurrent Clear Claimed Marks 0.071ms
[2022-06-09T04:10:30.119+0000][7][gc,marking  ] GC(40) Concurrent Scan Root Regions
[2022-06-09T04:10:30.120+0000][7][gc,marking  ] GC(40) Concurrent Scan Root Regions 1.311ms
[2022-06-09T04:10:30.120+0000][7][gc,marking  ] GC(40) Concurrent Mark
[2022-06-09T04:10:30.120+0000][7][gc,marking  ] GC(40) Concurrent Mark From Roots
[2022-06-09T04:10:30.120+0000][7][gc,task     ] GC(40) Using 1 workers of 1 for marking
[2022-06-09T04:10:30.524+0000][7][gc,marking  ] GC(40) Concurrent Mark From Roots 404.120ms
[2022-06-09T04:10:30.524+0000][7][gc,marking  ] GC(40) Concurrent Preclean
[2022-06-09T04:10:30.524+0000][7][gc,marking  ] GC(40) Concurrent Preclean 0.105ms
[2022-06-09T04:10:30.525+0000][7][gc,start    ] GC(40) Pause Remark
[2022-06-09T04:10:30.551+0000][7][gc          ] GC(40) Pause Remark 98M->98M(256M) 26.700ms
[2022-06-09T04:10:30.551+0000][7][gc,cpu      ] GC(40) User=0.01s Sys=0.00s Real=0.03s
[2022-06-09T04:10:30.551+0000][7][safepoint   ] Safepoint "G1Concurrent", Time since last: 405766957 ns, Reaching safepoint: 53678 ns, At safepoint: 26771965 ns, Total: 26825643 ns
[2022-06-09T04:10:30.551+0000][7][gc,marking  ] GC(40) Concurrent Mark 431.162ms
[2022-06-09T04:10:30.551+0000][7][gc,marking  ] GC(40) Concurrent Rebuild Remembered Sets
[2022-06-09T04:10:30.677+0000][7][gc,marking  ] GC(40) Concurrent Rebuild Remembered Sets 125.718ms
[2022-06-09T04:10:30.677+0000][7][gc,start    ] GC(40) Pause Cleanup
[2022-06-09T04:10:30.677+0000][7][gc          ] GC(40) Pause Cleanup 98M->98M(256M) 0.048ms
[2022-06-09T04:10:30.677+0000][7][gc,cpu      ] GC(40) User=0.00s Sys=0.00s Real=0.00s
[2022-06-09T04:10:30.677+0000][7][safepoint   ] Safepoint "G1Concurrent", Time since last: 125809816 ns, Reaching safepoint: 36095 ns, At safepoint: 88822 ns, Total: 124917 ns
[2022-06-09T04:10:30.677+0000][7][gc,marking  ] GC(40) Concurrent Cleanup for Next Mark
[2022-06-09T04:10:30.678+0000][7][gc,marking  ] GC(40) Concurrent Cleanup for Next Mark 0.828ms
[2022-06-09T04:10:30.678+0000][7][gc          ] GC(40) Concurrent Mark Cycle 559.357ms
[2022-06-09T04:10:31.677+0000][7][safepoint   ] Safepoint "Cleanup", Time since last: 1000116905 ns, Reaching safepoint: 42761 ns, At safepoint: 4707 ns, Total: 47468 ns
[2022-06-09T04:10:32.678+0000][7][safepoint   ] Safepoint "Cleanup", Time since last: 1000161353 ns, Reaching safepoint: 50977 ns, At safepoint: 4434 ns, Total: 55411 ns
[2022-06-09T04:10:33.678+0000][7][safepoint   ] Safepoint "Cleanup", Time since last: 1000158656 ns, Reaching safepoint: 47202 ns, At safepoint: 4730 ns, Total: 51932 ns
[2022-06-09T04:10:34.678+0000][7][safepoint   ] Safepoint "Cleanup", Time since last: 1000179406 ns, Reaching safepoint: 41157 ns, At safepoint: 5053 ns, Total: 46210 ns
[2022-06-09T04:10:35.678+0000][7][safepoint   ] Safepoint "Cleanup", Time since last: 1000166203 ns, Reaching safepoint: 43454 ns, At safepoint: 4529 ns, Total: 47983 ns
[2022-06-09T04:10:36.678+0000][7][safepoint   ] Safepoint "Cleanup", Time since last: 1000163582 ns, Reaching safepoint: 46131 ns, At safepoint: 4602 ns, Total: 50733 ns
[2022-06-09T04:10:37.679+0000][7][safepoint   ] Safepoint "Cleanup", Time since last: 1000183834 ns, Reaching safepoint: 46358 ns, At safepoint: 4680 ns, Total: 51038 ns
[2022-06-09T04:10:38.679+0000][7][safepoint   ] Safepoint "Cleanup", Time since last: 1000154251 ns, Reaching safepoint: 39216 ns, At safepoint: 4907 ns, Total: 44123 ns
[2022-06-09T04:10:39.679+0000][7][safepoint   ] Safepoint "Cleanup", Time since last: 1000171263 ns, Reaching safepoint: 57486 ns, At safepoint: 9317 ns, Total: 66803 ns
[2022-06-09T04:10:40.679+0000][7][safepoint   ] Safepoint "Cleanup", Time since last: 1000206390 ns, Reaching safepoint: 44484 ns, At safepoint: 4773 ns, Total: 49257 ns
[2022-06-09T04:10:41.680+0000][7][safepoint   ] Safepoint "Cleanup", Time since last: 1000181311 ns, Reaching safepoint: 46595 ns, At safepoint: 4653 ns, Total: 51248 ns
[2022-06-09T04:10:47.680+0000][7][safepoint   ] Safepoint "Cleanup", Time since last: 6000690231 ns, Reaching safepoint: 38502 ns, At safepoint: 5278 ns, Total: 43780 ns
[2022-06-09T04:10:48.681+0000][7][safepoint   ] Safepoint "Cleanup", Time since last: 1000160067 ns, Reaching safepoint: 40566 ns, At safepoint: 4482 ns, Total: 45048 ns
[2022-06-09T04:10:50.681+0000][7][safepoint   ] Safepoint "Cleanup", Time since last: 2000286955 ns, Reaching safepoint: 41187 ns, At safepoint: 5040 ns, Total: 46227 ns
[2022-06-09T04:10:51.681+0000][7][safepoint   ] Safepoint "Cleanup", Time since last: 1000150663 ns, Reaching safepoint: 41461 ns, At safepoint: 4701 ns, Total: 46162 ns
[2022-06-09T04:10:52.681+0000][7][safepoint   ] Safepoint "Cleanup", Time since last: 1000138763 ns, Reaching safepoint: 42570 ns, At safepoint: 4637 ns, Total: 47207 ns
[2022-06-09T04:10:53.682+0000][7][safepoint   ] Safepoint "Cleanup", Time since last: 1000149441 ns, Reaching safepoint: 38761 ns, At safepoint: 4693 ns, Total: 43454 ns
[2022-06-09T04:10:54.682+0000][7][safepoint   ] Safepoint "Cleanup", Time since last: 1000152429 ns, Reaching safepoint: 44312 ns, At safepoint: 4816 ns, Total: 49128 ns
[2022-06-09T04:10:55.682+0000][7][safepoint   ] Safepoint "Cleanup", Time since last: 1000197875 ns, Reaching safepoint: 40171 ns, At safepoint: 4430 ns, Total: 44601 ns
[2022-06-09T04:10:56.682+0000][7][safepoint   ] Safepoint "Cleanup", Time since last: 1000156878 ns, Reaching safepoint: 40248 ns, At safepoint: 4906 ns, Total: 45154 ns
[2022-06-09T04:10:59.683+0000][7][safepoint   ] Safepoint "Cleanup", Time since last: 3000338755 ns, Reaching safepoint: 38334 ns, At safepoint: 4775 ns, Total: 43109 ns
[2022-06-09T04:11:00.683+0000][7][safepoint   ] Safepoint "Cleanup", Time since last: 1000143212 ns, Reaching safepoint: 38274 ns, At safepoint: 4770 ns, Total: 43044 ns
[2022-06-09T04:11:02.683+0000][7][safepoint   ] Safepoint "Cleanup", Time since last: 2000253201 ns, Reaching safepoint: 41910 ns, At safepoint: 4600 ns, Total: 46510 ns
[2022-06-09T04:11:03.683+0000][7][safepoint   ] Safepoint "Cleanup", Time since last: 1000155931 ns, Reaching safepoint: 43262 ns, At safepoint: 4480 ns, Total: 47742 ns
[2022-06-09T04:11:05.684+0000][7][safepoint   ] Safepoint "Cleanup", Time since last: 2000293159 ns, Reaching safepoint: 40912 ns, At safepoint: 4642 ns, Total: 45554 ns
[2022-06-09T04:11:10.684+0000][7][safepoint   ] Safepoint "Cleanup", Time since last: 5000578002 ns, Reaching safepoint: 41151 ns, At safepoint: 5024 ns, Total: 46175 ns
[2022-06-09T04:11:12.684+0000][7][safepoint   ] Safepoint "Cleanup", Time since last: 2000265478 ns, Reaching safepoint: 44210 ns, At safepoint: 4722 ns, Total: 48932 ns
[2022-06-09T04:11:13.685+0000][7][safepoint   ] Safepoint "Cleanup", Time since last: 1000169572 ns, Reaching safepoint: 53165 ns, At safepoint: 4522 ns, Total: 57687 ns
[2022-06-09T04:11:14.685+0000][7][safepoint   ] Safepoint "Cleanup", Time since last: 1000148115 ns, Reaching safepoint: 50305 ns, At safepoint: 4600 ns, Total: 54905 ns
[2022-06-09T04:11:16.685+0000][7][safepoint   ] Safepoint "Cleanup", Time since last: 2000275450 ns, Reaching safepoint: 42727 ns, At safepoint: 4647 ns, Total: 47374 ns
[2022-06-09T04:11:18.686+0000][7][safepoint   ] Safepoint "Cleanup", Time since last: 2000315679 ns, Reaching safepoint: 40591 ns, At safepoint: 5171 ns, Total: 45762 ns
[2022-06-09T04:11:21.686+0000][7][safepoint   ] Safepoint "Cleanup", Time since last: 3000406291 ns, Reaching safepoint: 44893 ns, At safepoint: 4750 ns, Total: 49643 ns
[2022-06-09T04:11:25.687+0000][7][safepoint   ] Safepoint "Cleanup", Time since last: 4000530135 ns, Reaching safepoint: 39148 ns, At safepoint: 4707 ns, Total: 43855 ns
[2022-06-09T04:11:31.687+0000][7][safepoint   ] Safepoint "Cleanup", Time since last: 6000646312 ns, Reaching safepoint: 38838 ns, At safepoint: 4659 ns, Total: 43497 ns
[2022-06-09T04:11:33.688+0000][7][safepoint   ] Safepoint "Cleanup", Time since last: 2000245094 ns, Reaching safepoint: 45695 ns, At safepoint: 4792 ns, Total: 50487 ns
[2022-06-09T04:11:34.688+0000][7][safepoint   ] Safepoint "Cleanup", Time since last: 1000161545 ns, Reaching safepoint: 43174 ns, At safepoint: 4657 ns, Total: 47831 ns
[2022-06-09T04:11:35.688+0000][7][safepoint   ] Safepoint "Cleanup", Time since last: 1000162837 ns, Reaching safepoint: 55718 ns, At safepoint: 4925 ns, Total: 60643 ns
[2022-06-09T04:11:37.688+0000][7][safepoint   ] Safepoint "Cleanup", Time since last: 2000302937 ns, Reaching safepoint: 45506 ns, At safepoint: 4776 ns, Total: 50282 ns
[2022-06-09T04:11:40.689+0000][7][safepoint   ] Safepoint "Cleanup", Time since last: 3000390440 ns, Reaching safepoint: 44272 ns, At safepoint: 4692 ns, Total: 48964 ns
[2022-06-09T04:11:43.689+0000][7][safepoint   ] Safepoint "Cleanup", Time since last: 3000393485 ns, Reaching safepoint: 39102 ns, At safepoint: 4978 ns, Total: 44080 ns
[2022-06-09T04:11:46.690+0000][7][safepoint   ] Safepoint "Cleanup", Time since last: 3000398431 ns, Reaching safepoint: 39116 ns, At safepoint: 4430 ns, Total: 43546 ns
[2022-06-09T04:11:50.690+0000][7][safepoint   ] Safepoint "Cleanup", Time since last: 4000461282 ns, Reaching safepoint: 39555 ns, At safepoint: 4502 ns, Total: 44057 ns
[2022-06-09T04:11:58.691+0000][7][safepoint   ] Safepoint "Cleanup", Time since last: 8000953018 ns, Reaching safepoint: 43572 ns, At safepoint: 4620 ns, Total: 48192 ns
[2022-06-09T04:12:00.692+0000][7][safepoint   ] Safepoint "Cleanup", Time since last: 2000301145 ns, Reaching safepoint: 41030 ns, At safepoint: 5207 ns, Total: 46237 ns
[2022-06-09T04:12:07.693+0000][7][safepoint   ] Safepoint "Cleanup", Time since last: 7000928677 ns, Reaching safepoint: 41113 ns, At safepoint: 4639 ns, Total: 45752 ns
[2022-06-09T04:12:08.693+0000][7][safepoint   ] Safepoint "Cleanup", Time since last: 1000156485 ns, Reaching safepoint: 41289 ns, At safepoint: 4900 ns, Total: 46189 ns
[2022-06-09T04:12:23.694+0000][7][safepoint   ] Safepoint "Cleanup", Time since last: 15001556957 ns, Reaching safepoint: 40652 ns, At safepoint: 4677 ns, Total: 45329 ns
[2022-06-09T04:12:33.696+0000][7][safepoint   ] Safepoint "Cleanup", Time since last: 10001114076 ns, Reaching safepoint: 67483 ns, At safepoint: 13164 ns, Total: 80647 ns
[2022-06-09T04:12:35.696+0000][7][safepoint   ] Safepoint "Cleanup", Time since last: 2000231743 ns, Reaching safepoint: 34538 ns, At safepoint: 4312 ns, Total: 38850 ns
[2022-06-09T04:12:36.696+0000][7][safepoint   ] Safepoint "Cleanup", Time since last: 1000198807 ns, Reaching safepoint: 59801 ns, At safepoint: 8930 ns, Total: 68731 ns
[2022-06-09T04:12:38.696+0000][7][safepoint   ] Safepoint "Cleanup", Time since last: 2000274470 ns, Reaching safepoint: 36122 ns, At safepoint: 4270 ns, Total: 40392 ns
[2022-06-09T04:12:50.698+0000][7][safepoint   ] Safepoint "Cleanup", Time since last: 12001418921 ns, Reaching safepoint: 37522 ns, At safepoint: 4630 ns, Total: 42152 ns
[2022-06-09T04:12:51.698+0000][7][safepoint   ] Safepoint "Cleanup", Time since last: 1000125926 ns, Reaching safepoint: 35018 ns, At safepoint: 4415 ns, Total: 39433 ns
[2022-06-09T04:12:56.699+0000][7][safepoint   ] Safepoint "Cleanup", Time since last: 5000470507 ns, Reaching safepoint: 33845 ns, At safepoint: 4805 ns, Total: 38650 ns
[2022-06-09T04:13:01.699+0000][7][safepoint   ] Safepoint "Cleanup", Time since last: 5000813402 ns, Reaching safepoint: 48738 ns, At safepoint: 6697 ns, Total: 55435 ns
[2022-06-09T04:13:03.700+0000][7][safepoint   ] Safepoint "Cleanup", Time since last: 2000284922 ns, Reaching safepoint: 44210 ns, At safepoint: 4817 ns, Total: 49027 ns
[2022-06-09T04:13:04.700+0000][7][safepoint   ] Safepoint "Cleanup", Time since last: 1000171728 ns, Reaching safepoint: 54117 ns, At safepoint: 4530 ns, Total: 58647 ns
[2022-06-09T04:13:09.701+0000][7][safepoint   ] Safepoint "Cleanup", Time since last: 5000653844 ns, Reaching safepoint: 41187 ns, At safepoint: 4912 ns, Total: 46099 ns
[2022-06-09T04:13:24.702+0000][7][safepoint   ] Safepoint "Cleanup", Time since last: 15001692302 ns, Reaching safepoint: 38122 ns, At safepoint: 5144 ns, Total: 43266 ns
[2022-06-09T04:13:54.706+0000][7][safepoint   ] Safepoint "Cleanup", Time since last: 30003310530 ns, Reaching safepoint: 37037 ns, At safepoint: 4377 ns, Total: 41414 ns
[2022-06-09T04:13:55.706+0000][7][safepoint   ] Safepoint "Cleanup", Time since last: 1000130026 ns, Reaching safepoint: 37720 ns, At safepoint: 4751 ns, Total: 42471 ns
[2022-06-09T04:14:00.707+0000][7][safepoint   ] Safepoint "Cleanup", Time since last: 5000589119 ns, Reaching safepoint: 38880 ns, At safepoint: 4560 ns, Total: 43440 ns
[2022-06-09T04:14:07.708+0000][7][safepoint   ] Safepoint "Cleanup", Time since last: 7000934151 ns, Reaching safepoint: 62586 ns, At safepoint: 4837 ns, Total: 67423 ns
[2022-06-09T04:14:08.708+0000][7][safepoint   ] Safepoint "Cleanup", Time since last: 1000129199 ns, Reaching safepoint: 47831 ns, At safepoint: 5120 ns, Total: 52951 ns
[2022-06-09T04:14:09.708+0000][7][safepoint   ] Safepoint "Cleanup", Time since last: 1000163474 ns, Reaching safepoint: 37047 ns, At safepoint: 4774 ns, Total: 41821 ns
[2022-06-09T04:14:14.709+0000][7][safepoint   ] Safepoint "Cleanup", Time since last: 5000512862 ns, Reaching safepoint: 35969 ns, At safepoint: 4727 ns, Total: 40696 ns
[2022-06-09T04:14:29.710+0000][7][safepoint   ] Safepoint "Cleanup", Time since last: 15001653066 ns, Reaching safepoint: 42303 ns, At safepoint: 4752 ns, Total: 47055 ns
[2022-06-09T04:14:30.710+0000][7][safepoint   ] Safepoint "Cleanup", Time since last: 1000132040 ns, Reaching safepoint: 36874 ns, At safepoint: 4544 ns, Total: 41418 ns
[2022-06-09T04:14:33.711+0000][7][safepoint   ] Safepoint "Cleanup", Time since last: 3000360345 ns, Reaching safepoint: 40204 ns, At safepoint: 4916 ns, Total: 45120 ns
[2022-06-09T04:14:41.712+0000][7][safepoint   ] Safepoint "Cleanup", Time since last: 8001036934 ns, Reaching safepoint: 40577 ns, At safepoint: 5150 ns, Total: 45727 ns
[2022-06-09T04:14:45.712+0000][7][safepoint   ] Safepoint "Cleanup", Time since last: 4000517978 ns, Reaching safepoint: 39552 ns, At safepoint: 4546 ns, Total: 44098 ns
[2022-06-09T04:14:48.713+0000][7][safepoint   ] Safepoint "Cleanup", Time since last: 3000318646 ns, Reaching safepoint: 30832 ns, At safepoint: 4593 ns, Total: 35425 ns
[2022-06-09T04:14:49.713+0000][7][safepoint   ] Safepoint "Cleanup", Time since last: 1000139170 ns, Reaching safepoint: 35459 ns, At safepoint: 4959 ns, Total: 40418 ns
[2022-06-09T04:14:53.713+0000][7][safepoint   ] Safepoint "Cleanup", Time since last: 4000449216 ns, Reaching safepoint: 37750 ns, At safepoint: 4797 ns, Total: 42547 ns
[2022-06-09T04:14:56.087+0000][7][gc,start    ] GC(41) Pause Young (Normal) (G1 Evacuation Pause)
[2022-06-09T04:14:56.087+0000][7][gc,task     ] GC(41) Using 1 workers of 1 for evacuation
[2022-06-09T04:14:56.087+0000][7][gc,age      ] GC(41) Desired survivor size 8388608 bytes, new threshold 15 (max threshold 15)
[2022-06-09T04:14:56.091+0000][7][gc,phases   ] GC(41)   Pre Evacuate Collection Set: 0.0ms
[2022-06-09T04:14:56.091+0000][7][gc,phases   ] GC(41)   Merge Heap Roots: 0.1ms
[2022-06-09T04:14:56.091+0000][7][gc,phases   ] GC(41)   Evacuate Collection Set: 2.7ms
[2022-06-09T04:14:56.091+0000][7][gc,phases   ] GC(41)   Post Evacuate Collection Set: 1.0ms
[2022-06-09T04:14:56.091+0000][7][gc,phases   ] GC(41)   Other: 0.1ms
[2022-06-09T04:14:56.091+0000][7][gc,age      ] GC(41) Age table with threshold 15 (max threshold 15)
[2022-06-09T04:14:56.091+0000][7][gc,age      ] GC(41) - age   1:      76864 bytes,      76864 total
[2022-06-09T04:14:56.091+0000][7][gc,age      ] GC(41) - age   2:     138968 bytes,     215832 total
[2022-06-09T04:14:56.091+0000][7][gc,age      ] GC(41) - age   3:         96 bytes,     215928 total
[2022-06-09T04:14:56.091+0000][7][gc,heap     ] GC(41) Eden regions: 26->0(26)
[2022-06-09T04:14:56.091+0000][7][gc,heap     ] GC(41) Survivor regions: 1->1(4)
[2022-06-09T04:14:56.091+0000][7][gc,heap     ] GC(41) Old regions: 20->20
[2022-06-09T04:14:56.091+0000][7][gc,heap     ] GC(41) Archive regions: 2->2
[2022-06-09T04:14:56.091+0000][7][gc,heap     ] GC(41) Humongous regions: 2->2
[2022-06-09T04:14:56.091+0000][7][gc,metaspace] GC(41) Metaspace: 104591K(107456K)->104591K(107456K) NonClass: 90292K(91776K)->90292K(91776K) Class: 14298K(15680K)->14298K(15680K)
[2022-06-09T04:14:56.091+0000][7][gc          ] GC(41) Pause Young (Normal) (G1 Evacuation Pause) 196M->89M(256M) 4.097ms
[2022-06-09T04:14:56.092+0000][7][gc,cpu      ] GC(41) User=0.01s Sys=0.00s Real=0.00s
[2022-06-09T04:14:56.092+0000][7][safepoint   ] Safepoint "G1CollectForAllocation", Time since last: 2373894166 ns, Reaching safepoint: 26710 ns, At safepoint: 4142650 ns, Total: 4169360 ns
[2022-06-09T04:14:58.092+0000][7][safepoint   ] Safepoint "Cleanup", Time since last: 2000228462 ns, Reaching safepoint: 36354 ns, At safepoint: 4270 ns, Total: 40624 ns
[2022-06-09T04:15:12.094+0000][7][safepoint   ] Safepoint "Cleanup", Time since last: 14001700047 ns, Reaching safepoint: 39438 ns, At safepoint: 4599 ns, Total: 44037 ns
[2022-06-09T04:15:16.094+0000][7][safepoint   ] Safepoint "Cleanup", Time since last: 4000500728 ns, Reaching safepoint: 51920 ns, At safepoint: 4858 ns, Total: 56778 ns
[2022-06-09T04:15:31.096+0000][7][safepoint   ] Safepoint "Cleanup", Time since last: 15001475211 ns, Reaching safepoint: 49916 ns, At safepoint: 4807 ns, Total: 54723 ns
[2022-06-09T04:15:32.096+0000][7][safepoint   ] Safepoint "Cleanup", Time since last: 1000139417 ns, Reaching safepoint: 38574 ns, At safepoint: 4868 ns, Total: 43442 ns
[2022-06-09T04:15:44.097+0000][7][safepoint   ] Safepoint "Cleanup", Time since last: 12001312873 ns, Reaching safepoint: 36274 ns, At safepoint: 4028 ns, Total: 40302 ns
[2022-06-09T04:15:48.098+0000][7][safepoint   ] Safepoint "Cleanup", Time since last: 4000434733 ns, Reaching safepoint: 36590 ns, At safepoint: 4629 ns, Total: 41219 ns
[2022-06-09T04:16:04.099+0000][7][safepoint   ] Safepoint "Cleanup", Time since last: 16001762223 ns, Reaching safepoint: 41256 ns, At safepoint: 4757 ns, Total: 46013 ns
[2022-06-09T04:16:08.100+0000][7][safepoint   ] Safepoint "Cleanup", Time since last: 4000500388 ns, Reaching safepoint: 41137 ns, At safepoint: 5020 ns, Total: 46157 ns
[2022-06-09T04:16:17.101+0000][7][safepoint   ] Safepoint "Cleanup", Time since last: 9001164217 ns, Reaching safepoint: 40232 ns, At safepoint: 4498 ns, Total: 44730 ns
[2022-06-09T04:16:23.102+0000][7][safepoint   ] Safepoint "Cleanup", Time since last: 6000803417 ns, Reaching safepoint: 41272 ns, At safepoint: 5145 ns, Total: 46417 ns
[2022-06-09T04:16:25.102+0000][7][safepoint   ] Safepoint "Cleanup", Time since last: 2000269876 ns, Reaching safepoint: 39969 ns, At safepoint: 4944 ns, Total: 44913 ns
[2022-06-09T04:16:31.103+0000][7][safepoint   ] Safepoint "Cleanup", Time since last: 6000650282 ns, Reaching safepoint: 50420 ns, At safepoint: 4602 ns, Total: 55022 ns
[2022-06-09T04:16:40.105+0000][7][safepoint   ] Safepoint "Cleanup", Time since last: 9002241700 ns, Reaching safepoint: 40427 ns, At safepoint: 4442 ns, Total: 44869 ns
[2022-06-09T04:16:41.106+0000][7][safepoint   ] Safepoint "Cleanup", Time since last: 1000138745 ns, Reaching safepoint: 41875 ns, At safepoint: 4557 ns, Total: 46432 ns
[2022-06-09T04:16:58.107+0000][7][safepoint   ] Safepoint "Cleanup", Time since last: 17001774687 ns, Reaching safepoint: 44749 ns, At safepoint: 5010 ns, Total: 49759 ns
[2022-06-09T04:17:24.110+0000][7][safepoint   ] Safepoint "Cleanup", Time since last: 26002967799 ns, Reaching safepoint: 40893 ns, At safepoint: 5023 ns, Total: 45916 ns
[2022-06-09T04:17:26.111+0000][7][safepoint   ] Safepoint "Cleanup", Time since last: 2000318795 ns, Reaching safepoint: 45221 ns, At safepoint: 4692 ns, Total: 49913 ns
[2022-06-09T04:17:58.114+0000][7][safepoint   ] Safepoint "Cleanup", Time since last: 32003362766 ns, Reaching safepoint: 37503 ns, At safepoint: 4660 ns, Total: 42163 ns
[2022-06-09T04:18:08.116+0000][7][safepoint   ] Safepoint "Cleanup", Time since last: 10001310688 ns, Reaching safepoint: 40395 ns, At safepoint: 4798 ns, Total: 45193 ns
[2022-06-09T04:18:11.116+0000][7][safepoint   ] Safepoint "Cleanup", Time since last: 3000411443 ns, Reaching safepoint: 39989 ns, At safepoint: 4601 ns, Total: 44590 ns
[2022-06-09T04:18:31.118+0000][7][safepoint   ] Safepoint "Cleanup", Time since last: 20002434547 ns, Reaching safepoint: 36627 ns, At safepoint: 4451 ns, Total: 41078 ns
[2022-06-09T04:18:46.237+0000][7][safepoint   ] Safepoint "Cleanup", Time since last: 15117954167 ns, Reaching safepoint: 176670 ns, At safepoint: 7380 ns, Total: 184050 ns
[2022-06-09T04:18:47.237+0000][7][safepoint   ] Safepoint "Cleanup", Time since last: 1000154588 ns, Reaching safepoint: 46856 ns, At safepoint: 4644 ns, Total: 51500 ns
[2022-06-09T04:18:52.237+0000][7][safepoint   ] Safepoint "Cleanup", Time since last: 5000592434 ns, Reaching safepoint: 37416 ns, At safepoint: 4720 ns, Total: 42136 ns
[2022-06-09T04:19:03.239+0000][7][safepoint   ] Safepoint "Cleanup", Time since last: 11001210528 ns, Reaching safepoint: 42982 ns, At safepoint: 5116 ns, Total: 48098 ns
[2022-06-09T04:19:04.239+0000][7][safepoint   ] Safepoint "Cleanup", Time since last: 1000175470 ns, Reaching safepoint: 37688 ns, At safepoint: 4585 ns, Total: 42273 ns
[2022-06-09T04:19:10.240+0000][7][safepoint   ] Safepoint "Cleanup", Time since last: 6000736773 ns, Reaching safepoint: 45629 ns, At safepoint: 5124 ns, Total: 50753 ns
[2022-06-09T04:19:38.243+0000][7][safepoint   ] Safepoint "Cleanup", Time since last: 28003052043 ns, Reaching safepoint: 34107 ns, At safepoint: 5095 ns, Total: 39202 ns
[2022-06-09T04:19:42.365+0000][7][gc,start    ] GC(42) Pause Young (Concurrent Start) (G1 Evacuation Pause)
[2022-06-09T04:19:42.365+0000][7][gc,task     ] GC(42) Using 1 workers of 1 for evacuation
[2022-06-09T04:19:42.365+0000][7][gc,age      ] GC(42) Desired survivor size 8388608 bytes, new threshold 15 (max threshold 15)
[2022-06-09T04:19:42.369+0000][7][gc,phases   ] GC(42)   Pre Evacuate Collection Set: 0.3ms
[2022-06-09T04:19:42.369+0000][7][gc,phases   ] GC(42)   Merge Heap Roots: 0.0ms
[2022-06-09T04:19:42.369+0000][7][gc,phases   ] GC(42)   Evacuate Collection Set: 2.5ms
[2022-06-09T04:19:42.369+0000][7][gc,phases   ] GC(42)   Post Evacuate Collection Set: 1.0ms
[2022-06-09T04:19:42.369+0000][7][gc,phases   ] GC(42)   Other: 0.1ms
[2022-06-09T04:19:42.369+0000][7][gc,age      ] GC(42) Age table with threshold 15 (max threshold 15)
[2022-06-09T04:19:42.369+0000][7][gc,age      ] GC(42) - age   1:      50040 bytes,      50040 total
[2022-06-09T04:19:42.369+0000][7][gc,age      ] GC(42) - age   2:      54304 bytes,     104344 total
[2022-06-09T04:19:42.369+0000][7][gc,age      ] GC(42) - age   3:      91184 bytes,     195528 total
[2022-06-09T04:19:42.369+0000][7][gc,age      ] GC(42) - age   4:         96 bytes,     195624 total
[2022-06-09T04:19:42.369+0000][7][gc,heap     ] GC(42) Eden regions: 26->0(27)
[2022-06-09T04:19:42.370+0000][7][gc,heap     ] GC(42) Survivor regions: 1->1(4)
[2022-06-09T04:19:42.370+0000][7][gc,heap     ] GC(42) Old regions: 20->20
[2022-06-09T04:19:42.370+0000][7][gc,heap     ] GC(42) Archive regions: 2->2
[2022-06-09T04:19:42.370+0000][7][gc,heap     ] GC(42) Humongous regions: 2->2
[2022-06-09T04:19:42.370+0000][7][gc,metaspace] GC(42) Metaspace: 104633K(107456K)->104633K(107456K) NonClass: 90334K(91776K)->90334K(91776K) Class: 14299K(15680K)->14299K(15680K)
[2022-06-09T04:19:42.370+0000][7][gc          ] GC(42) Pause Young (Concurrent Start) (G1 Evacuation Pause) 193M->89M(256M) 4.144ms
[2022-06-09T04:19:42.370+0000][7][gc,cpu      ] GC(42) User=0.00s Sys=0.00s Real=0.01s
[2022-06-09T04:19:42.370+0000][7][safepoint   ] Safepoint "G1CollectForAllocation", Time since last: 4122595251 ns, Reaching safepoint: 27060 ns, At safepoint: 4194496 ns, Total: 4221556 ns
[2022-06-09T04:19:42.370+0000][7][gc          ] GC(43) Concurrent Mark Cycle
[2022-06-09T04:19:42.370+0000][7][gc,marking  ] GC(43) Concurrent Clear Claimed Marks
[2022-06-09T04:19:42.370+0000][7][gc,marking  ] GC(43) Concurrent Clear Claimed Marks 0.061ms
[2022-06-09T04:19:42.370+0000][7][gc,marking  ] GC(43) Concurrent Scan Root Regions
[2022-06-09T04:19:42.371+0000][7][gc,marking  ] GC(43) Concurrent Scan Root Regions 1.205ms
[2022-06-09T04:19:42.371+0000][7][gc,marking  ] GC(43) Concurrent Mark
[2022-06-09T04:19:42.371+0000][7][gc,marking  ] GC(43) Concurrent Mark From Roots
[2022-06-09T04:19:42.371+0000][7][gc,task     ] GC(43) Using 1 workers of 1 for marking
[2022-06-09T04:19:42.489+0000][7][gc,marking  ] GC(43) Concurrent Mark From Roots 117.801ms
[2022-06-09T04:19:42.489+0000][7][gc,marking  ] GC(43) Concurrent Preclean
[2022-06-09T04:19:42.489+0000][7][gc,marking  ] GC(43) Concurrent Preclean 0.384ms
[2022-06-09T04:19:42.489+0000][7][gc,start    ] GC(43) Pause Remark
[2022-06-09T04:19:42.521+0000][7][gc          ] GC(43) Pause Remark 90M->90M(256M) 31.701ms
[2022-06-09T04:19:42.521+0000][7][gc,cpu      ] GC(43) User=0.03s Sys=0.00s Real=0.03s
[2022-06-09T04:19:42.528+0000][7][safepoint   ] Safepoint "G1Concurrent", Time since last: 119628632 ns, Reaching safepoint: 22553 ns, At safepoint: 38480064 ns, Total: 38502617 ns
[2022-06-09T04:19:42.528+0000][7][gc,marking  ] GC(43) Concurrent Mark 156.847ms
[2022-06-09T04:19:42.528+0000][7][gc,marking  ] GC(43) Concurrent Rebuild Remembered Sets
[2022-06-09T04:19:42.606+0000][7][gc,marking  ] GC(43) Concurrent Rebuild Remembered Sets 77.996ms
[2022-06-09T04:19:42.606+0000][7][gc,start    ] GC(43) Pause Cleanup
[2022-06-09T04:19:42.606+0000][7][gc          ] GC(43) Pause Cleanup 90M->90M(256M) 0.051ms
[2022-06-09T04:19:42.606+0000][7][gc,cpu      ] GC(43) User=0.00s Sys=0.00s Real=0.00s
[2022-06-09T04:19:42.606+0000][7][safepoint   ] Safepoint "G1Concurrent", Time since last: 78155348 ns, Reaching safepoint: 27700 ns, At safepoint: 86723 ns, Total: 114423 ns
[2022-06-09T04:19:42.606+0000][7][gc,marking  ] GC(43) Concurrent Cleanup for Next Mark
[2022-06-09T04:19:42.607+0000][7][gc,marking  ] GC(43) Concurrent Cleanup for Next Mark 0.696ms
[2022-06-09T04:19:42.607+0000][7][gc          ] GC(43) Concurrent Mark Cycle 237.094ms
[2022-06-09T04:19:46.607+0000][7][safepoint   ] Safepoint "Cleanup", Time since last: 4000443258 ns, Reaching safepoint: 63666 ns, At safepoint: 4756 ns, Total: 68422 ns
[2022-06-09T04:20:03.609+0000][7][safepoint   ] Safepoint "Cleanup", Time since last: 17001944405 ns, Reaching safepoint: 42502 ns, At safepoint: 4857 ns, Total: 47359 ns
[2022-06-09T04:20:05.609+0000][7][safepoint   ] Safepoint "Cleanup", Time since last: 2000245131 ns, Reaching safepoint: 43131 ns, At safepoint: 4898 ns, Total: 48029 ns
[2022-06-09T04:20:14.610+0000][7][safepoint   ] Safepoint "Cleanup", Time since last: 9001053833 ns, Reaching safepoint: 60860 ns, At safepoint: 7621 ns, Total: 68481 ns
[2022-06-09T04:20:37.613+0000][7][safepoint   ] Safepoint "Cleanup", Time since last: 23002549732 ns, Reaching safepoint: 45126 ns, At safepoint: 4821 ns, Total: 49947 ns
[2022-06-09T04:20:49.614+0000][7][safepoint   ] Safepoint "Cleanup", Time since last: 12001477274 ns, Reaching safepoint: 44703 ns, At safepoint: 4642 ns, Total: 49345 ns
[2022-06-09T04:21:00.615+0000][7][safepoint   ] Safepoint "Cleanup", Time since last: 11001223797 ns, Reaching safepoint: 40763 ns, At safepoint: 5585 ns, Total: 46348 ns
[2022-06-09T04:21:36.619+0000][7][safepoint   ] Safepoint "Cleanup", Time since last: 36003929180 ns, Reaching safepoint: 49538 ns, At safepoint: 4733 ns, Total: 54271 ns
[2022-06-09T04:21:41.620+0000][7][safepoint   ] Safepoint "Cleanup", Time since last: 5000523451 ns, Reaching safepoint: 40077 ns, At safepoint: 4415 ns, Total: 44492 ns
[2022-06-09T04:21:46.621+0000][7][safepoint   ] Safepoint "Cleanup", Time since last: 5000650515 ns, Reaching safepoint: 38912 ns, At safepoint: 4788 ns, Total: 43700 ns
[2022-06-09T04:21:51.621+0000][7][safepoint   ] Safepoint "Cleanup", Time since last: 5000656928 ns, Reaching safepoint: 61709 ns, At safepoint: 9664 ns, Total: 71373 ns
[2022-06-09T04:21:56.622+0000][7][safepoint   ] Safepoint "Cleanup", Time since last: 5000578021 ns, Reaching safepoint: 40221 ns, At safepoint: 4661 ns, Total: 44882 ns
[2022-06-09T04:22:07.623+0000][7][safepoint   ] Safepoint "Cleanup", Time since last: 11001316295 ns, Reaching safepoint: 61020 ns, At safepoint: 4370 ns, Total: 65390 ns
[2022-06-09T04:22:13.624+0000][7][safepoint   ] Safepoint "Cleanup", Time since last: 6000775302 ns, Reaching safepoint: 44382 ns, At safepoint: 4510 ns, Total: 48892 ns
[2022-06-09T04:22:24.625+0000][7][safepoint   ] Safepoint "Cleanup", Time since last: 11001194082 ns, Reaching safepoint: 40148 ns, At safepoint: 4381 ns, Total: 44529 ns
[2022-06-09T04:22:27.626+0000][7][safepoint   ] Safepoint "Cleanup", Time since last: 3000401525 ns, Reaching safepoint: 50032 ns, At safepoint: 4560 ns, Total: 54592 ns
[2022-06-09T04:22:34.627+0000][7][safepoint   ] Safepoint "Cleanup", Time since last: 7000864385 ns, Reaching safepoint: 56338 ns, At safepoint: 8470 ns, Total: 64808 ns
[2022-06-09T04:22:36.627+0000][7][safepoint   ] Safepoint "Cleanup", Time since last: 2000269733 ns, Reaching safepoint: 41385 ns, At safepoint: 4550 ns, Total: 45935 ns
[2022-06-09T04:22:37.627+0000][7][safepoint   ] Safepoint "Cleanup", Time since last: 1000203929 ns, Reaching safepoint: 38616 ns, At safepoint: 4742 ns, Total: 43358 ns
[2022-06-09T04:22:48.629+0000][7][safepoint   ] Safepoint "Cleanup", Time since last: 11001269539 ns, Reaching safepoint: 61650 ns, At safepoint: 41440 ns, Total: 103090 ns
[2022-06-09T04:22:51.629+0000][7][safepoint   ] Safepoint "Cleanup", Time since last: 3000470031 ns, Reaching safepoint: 39473 ns, At safepoint: 4815 ns, Total: 44288 ns
[2022-06-09T04:23:03.631+0000][7][safepoint   ] Safepoint "Cleanup", Time since last: 12001347682 ns, Reaching safepoint: 39155 ns, At safepoint: 4893 ns, Total: 44048 ns
[2022-06-09T04:23:11.633+0000][7][safepoint   ] Safepoint "Cleanup", Time since last: 8002077297 ns, Reaching safepoint: 41046 ns, At safepoint: 4777 ns, Total: 45823 ns
[2022-06-09T04:23:16.633+0000][7][safepoint   ] Safepoint "Cleanup", Time since last: 5000571903 ns, Reaching safepoint: 48832 ns, At safepoint: 3975 ns, Total: 52807 ns
[2022-06-09T04:23:33.635+0000][7][safepoint   ] Safepoint "Cleanup", Time since last: 17001993796 ns, Reaching safepoint: 56839 ns, At safepoint: 9118 ns, Total: 65957 ns
[2022-06-09T04:24:13.640+0000][7][safepoint   ] Safepoint "Cleanup", Time since last: 40004413632 ns, Reaching safepoint: 47988 ns, At safepoint: 4673 ns, Total: 52661 ns
[2022-06-09T04:24:14.640+0000][7][safepoint   ] Safepoint "Cleanup", Time since last: 1000146988 ns, Reaching safepoint: 36788 ns, At safepoint: 4567 ns, Total: 41355 ns
[2022-06-09T04:24:25.642+0000][7][safepoint   ] Safepoint "Cleanup", Time since last: 11001523343 ns, Reaching safepoint: 34800 ns, At safepoint: 4422 ns, Total: 39222 ns
[2022-06-09T04:24:42.645+0000][7][safepoint   ] Safepoint "Cleanup", Time since last: 17003277449 ns, Reaching safepoint: 41045 ns, At safepoint: 4781 ns, Total: 45826 ns
[2022-06-09T04:24:46.380+0000][7][gc,start    ] GC(44) Pause Young (Normal) (G1 Evacuation Pause)
[2022-06-09T04:24:46.380+0000][7][gc,task     ] GC(44) Using 1 workers of 1 for evacuation
[2022-06-09T04:24:46.380+0000][7][gc,age      ] GC(44) Desired survivor size 8388608 bytes, new threshold 15 (max threshold 15)
[2022-06-09T04:24:46.385+0000][7][gc,phases   ] GC(44)   Pre Evacuate Collection Set: 0.0ms
[2022-06-09T04:24:46.385+0000][7][gc,phases   ] GC(44)   Merge Heap Roots: 0.1ms
[2022-06-09T04:24:46.385+0000][7][gc,phases   ] GC(44)   Evacuate Collection Set: 3.3ms
[2022-06-09T04:24:46.385+0000][7][gc,phases   ] GC(44)   Post Evacuate Collection Set: 0.9ms
[2022-06-09T04:24:46.385+0000][7][gc,phases   ] GC(44)   Other: 0.1ms
[2022-06-09T04:24:46.385+0000][7][gc,age      ] GC(44) Age table with threshold 15 (max threshold 15)
[2022-06-09T04:24:46.385+0000][7][gc,age      ] GC(44) - age   1:      35744 bytes,      35744 total
[2022-06-09T04:24:46.385+0000][7][gc,age      ] GC(44) - age   2:      41360 bytes,      77104 total
[2022-06-09T04:24:46.385+0000][7][gc,age      ] GC(44) - age   3:      54136 bytes,     131240 total
[2022-06-09T04:24:46.385+0000][7][gc,age      ] GC(44) - age   4:      64536 bytes,     195776 total
[2022-06-09T04:24:46.385+0000][7][gc,age      ] GC(44) - age   5:         96 bytes,     195872 total
[2022-06-09T04:24:46.385+0000][7][gc,heap     ] GC(44) Eden regions: 27->0(27)
[2022-06-09T04:24:46.385+0000][7][gc,heap     ] GC(44) Survivor regions: 1->1(4)
[2022-06-09T04:24:46.385+0000][7][gc,heap     ] GC(44) Old regions: 20->20
[2022-06-09T04:24:46.385+0000][7][gc,heap     ] GC(44) Archive regions: 2->2
[2022-06-09T04:24:46.385+0000][7][gc,heap     ] GC(44) Humongous regions: 2->2
[2022-06-09T04:24:46.385+0000][7][gc,metaspace] GC(44) Metaspace: 102581K(107456K)->102581K(107456K) NonClass: 88761K(91776K)->88761K(91776K) Class: 13820K(15680K)->13820K(15680K)
[2022-06-09T04:24:46.385+0000][7][gc          ] GC(44) Pause Young (Normal) (G1 Evacuation Pause) 197M->89M(256M) 4.621ms
[2022-06-09T04:24:46.385+0000][7][gc,cpu      ] GC(44) User=0.00s Sys=0.00s Real=0.00s
[2022-06-09T04:24:46.385+0000][7][safepoint   ] Safepoint "G1CollectForAllocation", Time since last: 3735183206 ns, Reaching safepoint: 155745 ns, At safepoint: 4668361 ns, Total: 4824106 ns
[2022-06-09T04:24:50.386+0000][7][safepoint   ] Safepoint "Cleanup", Time since last: 4000539973 ns, Reaching safepoint: 47117 ns, At safepoint: 5313 ns, Total: 52430 ns
[2022-06-09T04:26:15.395+0000][7][safepoint   ] Safepoint "Cleanup", Time since last: 85009508224 ns, Reaching safepoint: 39553 ns, At safepoint: 5165 ns, Total: 44718 ns
[2022-06-09T04:26:29.566+0000][7][safepoint   ] Safepoint "Cleanup", Time since last: 14170943949 ns, Reaching safepoint: 71584 ns, At safepoint: 4559 ns, Total: 76143 ns
[2022-06-09T04:26:31.566+0000][7][safepoint   ] Safepoint "Cleanup", Time since last: 2000302402 ns, Reaching safepoint: 36628 ns, At safepoint: 4429 ns, Total: 41057 ns
[2022-06-09T04:26:33.568+0000][7][safepoint   ] Safepoint "Cleanup", Time since last: 2001715779 ns, Reaching safepoint: 38703 ns, At safepoint: 4769 ns, Total: 43472 ns
[2022-06-09T04:26:53.571+0000][7][safepoint   ] Safepoint "Cleanup", Time since last: 20002280300 ns, Reaching safepoint: 39194 ns, At safepoint: 4476 ns, Total: 43670 ns
[2022-06-09T04:26:54.571+0000][7][safepoint   ] Safepoint "Cleanup", Time since last: 1000146462 ns, Reaching safepoint: 62317 ns, At safepoint: 6922 ns, Total: 69239 ns
[2022-06-09T04:27:06.572+0000][7][safepoint   ] Safepoint "Cleanup", Time since last: 12001483685 ns, Reaching safepoint: 38262 ns, At safepoint: 4661 ns, Total: 42923 ns
[2022-06-09T04:27:07.572+0000][7][safepoint   ] Safepoint "Cleanup", Time since last: 1000171542 ns, Reaching safepoint: 37899 ns, At safepoint: 4392 ns, Total: 42291 ns
[2022-06-09T04:27:13.573+0000][7][safepoint   ] Safepoint "Cleanup", Time since last: 6000664404 ns, Reaching safepoint: 50150 ns, At safepoint: 4342 ns, Total: 54492 ns
[2022-06-09T04:27:28.575+0000][7][safepoint   ] Safepoint "Cleanup", Time since last: 15001623634 ns, Reaching safepoint: 54937 ns, At safepoint: 8913 ns, Total: 63850 ns
[2022-06-09T04:27:29.575+0000][7][safepoint   ] Safepoint "Cleanup", Time since last: 1000237133 ns, Reaching safepoint: 56993 ns, At safepoint: 9070 ns, Total: 66063 ns
[2022-06-09T04:27:38.576+0000][7][safepoint   ] Safepoint "Cleanup", Time since last: 9001058181 ns, Reaching safepoint: 39090 ns, At safepoint: 4538 ns, Total: 43628 ns
[2022-06-09T04:27:41.577+0000][7][safepoint   ] Safepoint "Cleanup", Time since last: 3000427782 ns, Reaching safepoint: 39354 ns, At safepoint: 4539 ns, Total: 43893 ns
[2022-06-09T04:27:42.577+0000][7][safepoint   ] Safepoint "Cleanup", Time since last: 1000190220 ns, Reaching safepoint: 42650 ns, At safepoint: 5068 ns, Total: 47718 ns
[2022-06-09T04:28:04.579+0000][7][safepoint   ] Safepoint "Cleanup", Time since last: 22002375999 ns, Reaching safepoint: 38759 ns, At safepoint: 5069 ns, Total: 43828 ns
[2022-06-09T04:28:16.581+0000][7][safepoint   ] Safepoint "Cleanup", Time since last: 12001265085 ns, Reaching safepoint: 51320 ns, At safepoint: 4721 ns, Total: 56041 ns
[2022-06-09T04:28:21.581+0000][7][safepoint   ] Safepoint "Cleanup", Time since last: 5000630575 ns, Reaching safepoint: 33567 ns, At safepoint: 3963 ns, Total: 37530 ns
[2022-06-09T04:28:31.583+0000][7][safepoint   ] Safepoint "Cleanup", Time since last: 10001216301 ns, Reaching safepoint: 35973 ns, At safepoint: 4293 ns, Total: 40266 ns
[2022-06-09T04:29:02.586+0000][7][safepoint   ] Safepoint "Cleanup", Time since last: 31003259497 ns, Reaching safepoint: 36888 ns, At safepoint: 4572 ns, Total: 41460 ns
[2022-06-09T04:29:03.586+0000][7][safepoint   ] Safepoint "Cleanup", Time since last: 1000158132 ns, Reaching safepoint: 39659 ns, At safepoint: 4804 ns, Total: 44463 ns
[2022-06-09T04:29:33.589+0000][7][safepoint   ] Safepoint "Cleanup", Time since last: 30003159763 ns, Reaching safepoint: 36399 ns, At safepoint: 5120 ns, Total: 41519 ns
[2022-06-09T04:29:46.515+0000][7][gc,start    ] GC(45) Pause Young (Concurrent Start) (G1 Evacuation Pause)
[2022-06-09T04:29:46.515+0000][7][gc,task     ] GC(45) Using 1 workers of 1 for evacuation
[2022-06-09T04:29:46.515+0000][7][gc,age      ] GC(45) Desired survivor size 8388608 bytes, new threshold 15 (max threshold 15)
[2022-06-09T04:29:46.518+0000][7][gc,phases   ] GC(45)   Pre Evacuate Collection Set: 0.2ms
[2022-06-09T04:29:46.518+0000][7][gc,phases   ] GC(45)   Merge Heap Roots: 0.0ms
[2022-06-09T04:29:46.518+0000][7][gc,phases   ] GC(45)   Evacuate Collection Set: 2.3ms
[2022-06-09T04:29:46.518+0000][7][gc,phases   ] GC(45)   Post Evacuate Collection Set: 1.0ms
[2022-06-09T04:29:46.518+0000][7][gc,phases   ] GC(45)   Other: 0.1ms
[2022-06-09T04:29:46.518+0000][7][gc,age      ] GC(45) Age table with threshold 15 (max threshold 15)
[2022-06-09T04:29:46.518+0000][7][gc,age      ] GC(45) - age   1:      13168 bytes,      13168 total
[2022-06-09T04:29:46.518+0000][7][gc,age      ] GC(45) - age   2:      25072 bytes,      38240 total
[2022-06-09T04:29:46.518+0000][7][gc,age      ] GC(45) - age   3:      41160 bytes,      79400 total
[2022-06-09T04:29:46.518+0000][7][gc,age      ] GC(45) - age   4:      54136 bytes,     133536 total
[2022-06-09T04:29:46.518+0000][7][gc,age      ] GC(45) - age   5:      64536 bytes,     198072 total
[2022-06-09T04:29:46.518+0000][7][gc,age      ] GC(45) - age   6:         96 bytes,     198168 total
[2022-06-09T04:29:46.518+0000][7][gc,heap     ] GC(45) Eden regions: 27->0(27)
[2022-06-09T04:29:46.518+0000][7][gc,heap     ] GC(45) Survivor regions: 1->1(4)
[2022-06-09T04:29:46.518+0000][7][gc,heap     ] GC(45) Old regions: 20->20
[2022-06-09T04:29:46.518+0000][7][gc,heap     ] GC(45) Archive regions: 2->2
[2022-06-09T04:29:46.518+0000][7][gc,heap     ] GC(45) Humongous regions: 2->2
[2022-06-09T04:29:46.518+0000][7][gc,metaspace] GC(45) Metaspace: 102628K(107456K)->102628K(107456K) NonClass: 88807K(91776K)->88807K(91776K) Class: 13820K(15680K)->13820K(15680K)
[2022-06-09T04:29:46.518+0000][7][gc          ] GC(45) Pause Young (Concurrent Start) (G1 Evacuation Pause) 197M->89M(256M) 3.772ms
[2022-06-09T04:29:46.518+0000][7][gc,cpu      ] GC(45) User=0.00s Sys=0.00s Real=0.00s
[2022-06-09T04:29:46.518+0000][7][safepoint   ] Safepoint "G1CollectForAllocation", Time since last: 12925065786 ns, Reaching safepoint: 24195 ns, At safepoint: 3851074 ns, Total: 3875269 ns
[2022-06-09T04:29:46.518+0000][7][gc          ] GC(46) Concurrent Mark Cycle
[2022-06-09T04:29:46.518+0000][7][gc,marking  ] GC(46) Concurrent Clear Claimed Marks
[2022-06-09T04:29:46.518+0000][7][gc,marking  ] GC(46) Concurrent Clear Claimed Marks 0.038ms
[2022-06-09T04:29:46.518+0000][7][gc,marking  ] GC(46) Concurrent Scan Root Regions
[2022-06-09T04:29:46.520+0000][7][gc,marking  ] GC(46) Concurrent Scan Root Regions 1.185ms
[2022-06-09T04:29:46.520+0000][7][gc,marking  ] GC(46) Concurrent Mark
[2022-06-09T04:29:46.520+0000][7][gc,marking  ] GC(46) Concurrent Mark From Roots
[2022-06-09T04:29:46.520+0000][7][gc,task     ] GC(46) Using 1 workers of 1 for marking
[2022-06-09T04:29:46.636+0000][7][gc,marking  ] GC(46) Concurrent Mark From Roots 116.405ms
[2022-06-09T04:29:46.636+0000][7][gc,marking  ] GC(46) Concurrent Preclean
[2022-06-09T04:29:46.636+0000][7][gc,marking  ] GC(46) Concurrent Preclean 0.122ms
[2022-06-09T04:29:46.636+0000][7][gc,start    ] GC(46) Pause Remark
[2022-06-09T04:29:46.649+0000][7][gc          ] GC(46) Pause Remark 90M->90M(256M) 12.584ms
[2022-06-09T04:29:46.649+0000][7][gc,cpu      ] GC(46) User=0.01s Sys=0.00s Real=0.01s
[2022-06-09T04:29:46.649+0000][7][safepoint   ] Safepoint "G1Concurrent", Time since last: 117910915 ns, Reaching safepoint: 25020 ns, At safepoint: 12663410 ns, Total: 12688430 ns
[2022-06-09T04:29:46.649+0000][7][gc,marking  ] GC(46) Concurrent Mark 129.324ms
[2022-06-09T04:29:46.649+0000][7][gc,marking  ] GC(46) Concurrent Rebuild Remembered Sets
[2022-06-09T04:29:46.710+0000][7][gc,marking  ] GC(46) Concurrent Rebuild Remembered Sets 61.341ms
[2022-06-09T04:29:46.710+0000][7][gc,start    ] GC(46) Pause Cleanup
[2022-06-09T04:29:46.710+0000][7][gc          ] GC(46) Pause Cleanup 90M->90M(256M) 0.051ms
[2022-06-09T04:29:46.710+0000][7][gc,cpu      ] GC(46) User=0.00s Sys=0.00s Real=0.00s
[2022-06-09T04:29:46.710+0000][7][safepoint   ] Safepoint "G1Concurrent", Time since last: 61435955 ns, Reaching safepoint: 21657 ns, At safepoint: 124630 ns, Total: 146287 ns
[2022-06-09T04:29:46.711+0000][7][gc,marking  ] GC(46) Concurrent Cleanup for Next Mark
[2022-06-09T04:29:46.711+0000][7][gc,marking  ] GC(46) Concurrent Cleanup for Next Mark 0.648ms
[2022-06-09T04:29:46.711+0000][7][gc          ] GC(46) Concurrent Mark Cycle 192.829ms
[2022-06-09T04:29:56.712+0000][7][safepoint   ] Safepoint "Cleanup", Time since last: 10001104034 ns, Reaching safepoint: 37199 ns, At safepoint: 4708 ns, Total: 41907 ns
[2022-06-09T04:30:05.713+0000][7][safepoint   ] Safepoint "Cleanup", Time since last: 9001181837 ns, Reaching safepoint: 40926 ns, At safepoint: 4579 ns, Total: 45505 ns
[2022-06-09T04:30:10.713+0000][7][safepoint   ] Safepoint "Cleanup", Time since last: 5000520460 ns, Reaching safepoint: 38770 ns, At safepoint: 4648 ns, Total: 43418 ns
[2022-06-09T04:30:11.714+0000][7][safepoint   ] Safepoint "Cleanup", Time since last: 1000158474 ns, Reaching safepoint: 39396 ns, At safepoint: 4561 ns, Total: 43957 ns
[2022-06-09T04:30:32.716+0000][7][safepoint   ] Safepoint "Cleanup", Time since last: 21002306953 ns, Reaching safepoint: 38329 ns, At safepoint: 4828 ns, Total: 43157 ns
[2022-06-09T04:31:01.719+0000][7][safepoint   ] Safepoint "Cleanup", Time since last: 29003061153 ns, Reaching safepoint: 58383 ns, At safepoint: 4715 ns, Total: 63098 ns
[2022-06-09T04:31:02.719+0000][7][safepoint   ] Safepoint "Cleanup", Time since last: 1000169042 ns, Reaching safepoint: 43751 ns, At safepoint: 4790 ns, Total: 48541 ns
[2022-06-09T04:31:07.722+0000][7][safepoint   ] Safepoint "Cleanup", Time since last: 5002521517 ns, Reaching safepoint: 40119 ns, At safepoint: 16510 ns, Total: 56629 ns
[2022-06-09T04:31:08.722+0000][7][safepoint   ] Safepoint "Cleanup", Time since last: 1000172178 ns, Reaching safepoint: 37575 ns, At safepoint: 4827 ns, Total: 42402 ns
[2022-06-09T04:31:10.722+0000][7][safepoint   ] Safepoint "Cleanup", Time since last: 2000245250 ns, Reaching safepoint: 40806 ns, At safepoint: 5070 ns, Total: 45876 ns
[2022-06-09T04:31:21.724+0000][7][safepoint   ] Safepoint "Cleanup", Time since last: 11001218252 ns, Reaching safepoint: 42342 ns, At safepoint: 5317 ns, Total: 47659 ns
[2022-06-09T04:31:31.725+0000][7][safepoint   ] Safepoint "Cleanup", Time since last: 10001144153 ns, Reaching safepoint: 37459 ns, At safepoint: 25640 ns, Total: 63099 ns
[2022-06-09T04:31:35.726+0000][7][safepoint   ] Safepoint "Cleanup", Time since last: 4000672938 ns, Reaching safepoint: 36925 ns, At safepoint: 4360 ns, Total: 41285 ns
[2022-06-09T04:31:38.726+0000][7][safepoint   ] Safepoint "Cleanup", Time since last: 3000407005 ns, Reaching safepoint: 42736 ns, At safepoint: 5017 ns, Total: 47753 ns
[2022-06-09T04:32:01.729+0000][7][safepoint   ] Safepoint "Cleanup", Time since last: 23002589844 ns, Reaching safepoint: 68367 ns, At safepoint: 5477 ns, Total: 73844 ns
[2022-06-09T04:32:03.729+0000][7][safepoint   ] Safepoint "Cleanup", Time since last: 2000258476 ns, Reaching safepoint: 38716 ns, At safepoint: 4457 ns, Total: 43173 ns
[2022-06-09T04:32:06.729+0000][7][safepoint   ] Safepoint "Cleanup", Time since last: 3000373349 ns, Reaching safepoint: 35559 ns, At safepoint: 4910 ns, Total: 40469 ns
[2022-06-09T04:32:21.731+0000][7][safepoint   ] Safepoint "Cleanup", Time since last: 15001707904 ns, Reaching safepoint: 38607 ns, At safepoint: 4450 ns, Total: 43057 ns
[2022-06-09T04:32:30.732+0000][7][safepoint   ] Safepoint "Cleanup", Time since last: 9000979182 ns, Reaching safepoint: 38112 ns, At safepoint: 4285 ns, Total: 42397 ns
[2022-06-09T04:33:06.736+0000][7][safepoint   ] Safepoint "Cleanup", Time since last: 36003985668 ns, Reaching safepoint: 38718 ns, At safepoint: 4767 ns, Total: 43485 ns
[2022-06-09T04:33:07.736+0000][7][safepoint   ] Safepoint "Cleanup", Time since last: 1000171941 ns, Reaching safepoint: 39900 ns, At safepoint: 4793 ns, Total: 44693 ns
[2022-06-09T04:33:13.737+0000][7][safepoint   ] Safepoint "Cleanup", Time since last: 6000662211 ns, Reaching safepoint: 41865 ns, At safepoint: 4748 ns, Total: 46613 ns
[2022-06-09T04:33:18.738+0000][7][safepoint   ] Safepoint "Cleanup", Time since last: 5000641345 ns, Reaching safepoint: 41335 ns, At safepoint: 4948 ns, Total: 46283 ns
[2022-06-09T04:33:44.741+0000][7][safepoint   ] Safepoint "Cleanup", Time since last: 26002699039 ns, Reaching safepoint: 37461 ns, At safepoint: 4268 ns, Total: 41729 ns
[2022-06-09T04:34:03.743+0000][7][safepoint   ] Safepoint "Cleanup", Time since last: 19002161190 ns, Reaching safepoint: 40890 ns, At safepoint: 4823 ns, Total: 45713 ns
[2022-06-09T04:34:48.090+0000][7][gc,start    ] GC(47) Pause Young (Normal) (G1 Evacuation Pause)
[2022-06-09T04:34:48.091+0000][7][gc,task     ] GC(47) Using 1 workers of 1 for evacuation
[2022-06-09T04:34:48.091+0000][7][gc,age      ] GC(47) Desired survivor size 8388608 bytes, new threshold 15 (max threshold 15)
[2022-06-09T04:34:48.094+0000][7][gc,phases   ] GC(47)   Pre Evacuate Collection Set: 0.0ms
[2022-06-09T04:34:48.094+0000][7][gc,phases   ] GC(47)   Merge Heap Roots: 0.1ms
[2022-06-09T04:34:48.094+0000][7][gc,phases   ] GC(47)   Evacuate Collection Set: 2.7ms
[2022-06-09T04:34:48.094+0000][7][gc,phases   ] GC(47)   Post Evacuate Collection Set: 1.0ms
[2022-06-09T04:34:48.094+0000][7][gc,phases   ] GC(47)   Other: 0.1ms
[2022-06-09T04:34:48.094+0000][7][gc,age      ] GC(47) Age table with threshold 15 (max threshold 15)
[2022-06-09T04:34:48.094+0000][7][gc,age      ] GC(47) - age   1:      22608 bytes,      22608 total
[2022-06-09T04:34:48.094+0000][7][gc,age      ] GC(47) - age   2:       5448 bytes,      28056 total
[2022-06-09T04:34:48.095+0000][7][gc,age      ] GC(47) - age   3:      24104 bytes,      52160 total
[2022-06-09T04:34:48.095+0000][7][gc,age      ] GC(47) - age   4:      41160 bytes,      93320 total
[2022-06-09T04:34:48.095+0000][7][gc,age      ] GC(47) - age   5:      54136 bytes,     147456 total
[2022-06-09T04:34:48.095+0000][7][gc,age      ] GC(47) - age   6:      63064 bytes,     210520 total
[2022-06-09T04:34:48.095+0000][7][gc,age      ] GC(47) - age   7:         96 bytes,     210616 total
[2022-06-09T04:34:48.095+0000][7][gc,heap     ] GC(47) Eden regions: 27->0(28)
[2022-06-09T04:34:48.095+0000][7][gc,heap     ] GC(47) Survivor regions: 1->1(4)
[2022-06-09T04:34:48.095+0000][7][gc,heap     ] GC(47) Old regions: 20->20
[2022-06-09T04:34:48.095+0000][7][gc,heap     ] GC(47) Archive regions: 2->2
[2022-06-09T04:34:48.095+0000][7][gc,heap     ] GC(47) Humongous regions: 2->2
[2022-06-09T04:34:48.095+0000][7][gc,metaspace] GC(47) Metaspace: 102640K(107456K)->102640K(107456K) NonClass: 88819K(91776K)->88819K(91776K) Class: 13821K(15680K)->13821K(15680K)
[2022-06-09T04:34:48.095+0000][7][gc          ] GC(47) Pause Young (Normal) (G1 Evacuation Pause) 197M->89M(256M) 4.164ms
[2022-06-09T04:34:48.095+0000][7][gc,cpu      ] GC(47) User=0.00s Sys=0.01s Real=0.01s
[2022-06-09T04:34:48.095+0000][7][safepoint   ] Safepoint "G1CollectForAllocation", Time since last: 44347603162 ns, Reaching safepoint: 26858 ns, At safepoint: 4213814 ns, Total: 4240672 ns
[2022-06-09T04:35:34.100+0000][7][safepoint   ] Safepoint "Cleanup", Time since last: 46005260827 ns, Reaching safepoint: 39803 ns, At safepoint: 4545 ns, Total: 44348 ns
[2022-06-09T04:36:01.103+0000][7][safepoint   ] Safepoint "Cleanup", Time since last: 27003188609 ns, Reaching safepoint: 37829 ns, At safepoint: 4858 ns, Total: 42687 ns
[2022-06-09T04:36:04.104+0000][7][safepoint   ] Safepoint "Cleanup", Time since last: 3000373008 ns, Reaching safepoint: 42770 ns, At safepoint: 5340 ns, Total: 48110 ns
[2022-06-09T04:36:31.107+0000][7][safepoint   ] Safepoint "Cleanup", Time since last: 27003247591 ns, Reaching safepoint: 40246 ns, At safepoint: 4352 ns, Total: 44598 ns
[2022-06-09T04:37:26.114+0000][7][safepoint   ] Safepoint "Cleanup", Time since last: 55006564891 ns, Reaching safepoint: 41601 ns, At safepoint: 4933 ns, Total: 46534 ns
[2022-06-09T04:37:40.115+0000][7][safepoint   ] Safepoint "Cleanup", Time since last: 14001467864 ns, Reaching safepoint: 37812 ns, At safepoint: 4930 ns, Total: 42742 ns
[2022-06-09T04:37:45.116+0000][7][safepoint   ] Safepoint "Cleanup", Time since last: 5000714072 ns, Reaching safepoint: 40759 ns, At safepoint: 4835 ns, Total: 45594 ns
[2022-06-09T04:38:04.118+0000][7][safepoint   ] Safepoint "Cleanup", Time since last: 19002152810 ns, Reaching safepoint: 37199 ns, At safepoint: 5005 ns, Total: 42204 ns
[2022-06-09T04:39:08.125+0000][7][safepoint   ] Safepoint "Cleanup", Time since last: 64006845424 ns, Reaching safepoint: 37558 ns, At safepoint: 4550 ns, Total: 42108 ns
[2022-06-09T04:39:11.125+0000][7][safepoint   ] Safepoint "Cleanup", Time since last: 3000372056 ns, Reaching safepoint: 52725 ns, At safepoint: 7203 ns, Total: 59928 ns
[2022-06-09T04:39:21.126+0000][7][safepoint   ] Safepoint "Cleanup", Time since last: 10001149622 ns, Reaching safepoint: 48260 ns, At safepoint: 5098 ns, Total: 53358 ns
[2022-06-09T04:39:34.128+0000][7][safepoint   ] Safepoint "Cleanup", Time since last: 13001580195 ns, Reaching safepoint: 46037 ns, At safepoint: 5400 ns, Total: 51437 ns
[2022-06-09T04:39:48.130+0000][7][safepoint   ] Safepoint "Cleanup", Time since last: 14001580925 ns, Reaching safepoint: 39623 ns, At safepoint: 4775 ns, Total: 44398 ns
[2022-06-09T04:39:53.130+0000][7][safepoint   ] Safepoint "Cleanup", Time since last: 5000562285 ns, Reaching safepoint: 39060 ns, At safepoint: 4970 ns, Total: 44030 ns
[2022-06-09T04:39:58.131+0000][7][safepoint   ] Safepoint "Cleanup", Time since last: 5000531928 ns, Reaching safepoint: 40654 ns, At safepoint: 4527 ns, Total: 45181 ns
[2022-06-09T04:40:04.132+0000][7][safepoint   ] Safepoint "Cleanup", Time since last: 6000612379 ns, Reaching safepoint: 39262 ns, At safepoint: 4637 ns, Total: 43899 ns
[2022-06-09T04:40:04.537+0000][7][gc,start    ] GC(48) Pause Young (Concurrent Start) (G1 Evacuation Pause)
[2022-06-09T04:40:04.537+0000][7][gc,task     ] GC(48) Using 1 workers of 1 for evacuation
[2022-06-09T04:40:04.537+0000][7][gc,age      ] GC(48) Desired survivor size 8388608 bytes, new threshold 15 (max threshold 15)
[2022-06-09T04:40:04.541+0000][7][gc,phases   ] GC(48)   Pre Evacuate Collection Set: 0.2ms
[2022-06-09T04:40:04.541+0000][7][gc,phases   ] GC(48)   Merge Heap Roots: 0.0ms
[2022-06-09T04:40:04.541+0000][7][gc,phases   ] GC(48)   Evacuate Collection Set: 2.4ms
[2022-06-09T04:40:04.541+0000][7][gc,phases   ] GC(48)   Post Evacuate Collection Set: 1.0ms
[2022-06-09T04:40:04.541+0000][7][gc,phases   ] GC(48)   Other: 0.1ms
[2022-06-09T04:40:04.541+0000][7][gc,age      ] GC(48) Age table with threshold 15 (max threshold 15)
[2022-06-09T04:40:04.541+0000][7][gc,age      ] GC(48) - age   1:       9720 bytes,       9720 total
[2022-06-09T04:40:04.541+0000][7][gc,age      ] GC(48) - age   2:      14184 bytes,      23904 total
[2022-06-09T04:40:04.541+0000][7][gc,age      ] GC(48) - age   3:       5264 bytes,      29168 total
[2022-06-09T04:40:04.541+0000][7][gc,age      ] GC(48) - age   4:      24104 bytes,      53272 total
[2022-06-09T04:40:04.541+0000][7][gc,age      ] GC(48) - age   5:      41160 bytes,      94432 total
[2022-06-09T04:40:04.541+0000][7][gc,age      ] GC(48) - age   6:      53936 bytes,     148368 total
[2022-06-09T04:40:04.541+0000][7][gc,age      ] GC(48) - age   7:      63064 bytes,     211432 total
[2022-06-09T04:40:04.541+0000][7][gc,age      ] GC(48) - age   8:         96 bytes,     211528 total
[2022-06-09T04:40:04.541+0000][7][gc,heap     ] GC(48) Eden regions: 28->0(28)
[2022-06-09T04:40:04.541+0000][7][gc,heap     ] GC(48) Survivor regions: 1->1(4)
[2022-06-09T04:40:04.541+0000][7][gc,heap     ] GC(48) Old regions: 20->20
[2022-06-09T04:40:04.541+0000][7][gc,heap     ] GC(48) Archive regions: 2->2
[2022-06-09T04:40:04.541+0000][7][gc,heap     ] GC(48) Humongous regions: 2->2
[2022-06-09T04:40:04.541+0000][7][gc,metaspace] GC(48) Metaspace: 102661K(107456K)->102661K(107456K) NonClass: 88840K(91776K)->88840K(91776K) Class: 13821K(15680K)->13821K(15680K)
[2022-06-09T04:40:04.541+0000][7][gc          ] GC(48) Pause Young (Concurrent Start) (G1 Evacuation Pause) 201M->89M(256M) 3.907ms
[2022-06-09T04:40:04.541+0000][7][gc,cpu      ] GC(48) User=0.01s Sys=0.00s Real=0.00s
[2022-06-09T04:40:04.541+0000][7][safepoint   ] Safepoint "G1CollectForAllocation", Time since last: 405739213 ns, Reaching safepoint: 27832 ns, At safepoint: 3972531 ns, Total: 4000363 ns
[2022-06-09T04:40:04.541+0000][7][gc          ] GC(49) Concurrent Mark Cycle
[2022-06-09T04:40:04.541+0000][7][gc,marking  ] GC(49) Concurrent Clear Claimed Marks
[2022-06-09T04:40:04.541+0000][7][gc,marking  ] GC(49) Concurrent Clear Claimed Marks 0.041ms
[2022-06-09T04:40:04.541+0000][7][gc,marking  ] GC(49) Concurrent Scan Root Regions
[2022-06-09T04:40:04.543+0000][7][gc,marking  ] GC(49) Concurrent Scan Root Regions 1.682ms
[2022-06-09T04:40:04.543+0000][7][gc,marking  ] GC(49) Concurrent Mark
[2022-06-09T04:40:04.543+0000][7][gc,marking  ] GC(49) Concurrent Mark From Roots
[2022-06-09T04:40:04.543+0000][7][gc,task     ] GC(49) Using 1 workers of 1 for marking
[2022-06-09T04:40:04.658+0000][7][gc,marking  ] GC(49) Concurrent Mark From Roots 114.958ms
[2022-06-09T04:40:04.658+0000][7][gc,marking  ] GC(49) Concurrent Preclean
[2022-06-09T04:40:04.658+0000][7][gc,marking  ] GC(49) Concurrent Preclean 0.127ms
[2022-06-09T04:40:04.658+0000][7][gc,start    ] GC(49) Pause Remark
[2022-06-09T04:40:04.671+0000][7][gc          ] GC(49) Pause Remark 90M->90M(256M) 12.767ms
[2022-06-09T04:40:04.671+0000][7][gc,cpu      ] GC(49) User=0.02s Sys=0.00s Real=0.01s
[2022-06-09T04:40:04.671+0000][7][safepoint   ] Safepoint "G1Concurrent", Time since last: 117049006 ns, Reaching safepoint: 24966 ns, At safepoint: 12837130 ns, Total: 12862096 ns
[2022-06-09T04:40:04.671+0000][7][gc,marking  ] GC(49) Concurrent Mark 128.057ms
[2022-06-09T04:40:04.671+0000][7][gc,marking  ] GC(49) Concurrent Rebuild Remembered Sets
[2022-06-09T04:40:04.733+0000][7][gc,marking  ] GC(49) Concurrent Rebuild Remembered Sets 62.153ms
[2022-06-09T04:40:04.734+0000][7][gc,start    ] GC(49) Pause Cleanup
[2022-06-09T04:40:04.734+0000][7][gc          ] GC(49) Pause Cleanup 90M->90M(256M) 0.053ms
[2022-06-09T04:40:04.734+0000][7][gc,cpu      ] GC(49) User=0.00s Sys=0.00s Real=0.00s
[2022-06-09T04:40:04.734+0000][7][safepoint   ] Safepoint "G1Concurrent", Time since last: 62253620 ns, Reaching safepoint: 23328 ns, At safepoint: 92102 ns, Total: 115430 ns
[2022-06-09T04:40:04.734+0000][7][gc,marking  ] GC(49) Concurrent Cleanup for Next Mark
[2022-06-09T04:40:04.734+0000][7][gc,marking  ] GC(49) Concurrent Cleanup for Next Mark 0.656ms
[2022-06-09T04:40:04.734+0000][7][gc          ] GC(49) Concurrent Mark Cycle 192.871ms
[2022-06-09T04:41:51.749+0000][7][safepoint   ] Safepoint "Cleanup", Time since last: 107015122646 ns, Reaching safepoint: 41473 ns, At safepoint: 4897 ns, Total: 46370 ns
[2022-06-09T04:42:00.750+0000][7][safepoint   ] Safepoint "Cleanup", Time since last: 9001043171 ns, Reaching safepoint: 41151 ns, At safepoint: 5026 ns, Total: 46177 ns
[2022-06-09T04:42:37.754+0000][7][safepoint   ] Safepoint "Cleanup", Time since last: 37003949410 ns, Reaching safepoint: 38989 ns, At safepoint: 4730 ns, Total: 43719 ns
[2022-06-09T04:43:03.757+0000][7][safepoint   ] Safepoint "Cleanup", Time since last: 26003015547 ns, Reaching safepoint: 43303 ns, At safepoint: 28111 ns, Total: 71414 ns
[2022-06-09T04:43:44.761+0000][7][safepoint   ] Safepoint "Cleanup", Time since last: 41004391454 ns, Reaching safepoint: 32643 ns, At safepoint: 4341 ns, Total: 36984 ns
[2022-06-09T04:45:14.772+0000][7][safepoint   ] Safepoint "Cleanup", Time since last: 90010129493 ns, Reaching safepoint: 40638 ns, At safepoint: 4622 ns, Total: 45260 ns
[2022-06-09T04:45:17.840+0000][7][gc,start    ] GC(50) Pause Young (Normal) (G1 Evacuation Pause)
[2022-06-09T04:45:17.840+0000][7][gc,task     ] GC(50) Using 1 workers of 1 for evacuation
[2022-06-09T04:45:17.840+0000][7][gc,age      ] GC(50) Desired survivor size 8388608 bytes, new threshold 15 (max threshold 15)
[2022-06-09T04:45:17.843+0000][7][gc,phases   ] GC(50)   Pre Evacuate Collection Set: 0.0ms
[2022-06-09T04:45:17.844+0000][7][gc,phases   ] GC(50)   Merge Heap Roots: 0.1ms
[2022-06-09T04:45:17.844+0000][7][gc,phases   ] GC(50)   Evacuate Collection Set: 2.7ms
[2022-06-09T04:45:17.844+0000][7][gc,phases   ] GC(50)   Post Evacuate Collection Set: 1.0ms
[2022-06-09T04:45:17.844+0000][7][gc,phases   ] GC(50)   Other: 0.1ms
[2022-06-09T04:45:17.844+0000][7][gc,age      ] GC(50) Age table with threshold 15 (max threshold 15)
[2022-06-09T04:45:17.844+0000][7][gc,age      ] GC(50) - age   1:       9352 bytes,       9352 total
[2022-06-09T04:45:17.844+0000][7][gc,age      ] GC(50) - age   2:       2144 bytes,      11496 total
[2022-06-09T04:45:17.844+0000][7][gc,age      ] GC(50) - age   3:      13216 bytes,      24712 total
[2022-06-09T04:45:17.844+0000][7][gc,age      ] GC(50) - age   4:       5264 bytes,      29976 total
[2022-06-09T04:45:17.844+0000][7][gc,age      ] GC(50) - age   5:      24104 bytes,      54080 total
[2022-06-09T04:45:17.844+0000][7][gc,age      ] GC(50) - age   6:      41160 bytes,      95240 total
[2022-06-09T04:45:17.844+0000][7][gc,age      ] GC(50) - age   7:      53936 bytes,     149176 total
[2022-06-09T04:45:17.844+0000][7][gc,age      ] GC(50) - age   8:      62944 bytes,     212120 total
[2022-06-09T04:45:17.844+0000][7][gc,age      ] GC(50) - age   9:         96 bytes,     212216 total
[2022-06-09T04:45:17.844+0000][7][gc,heap     ] GC(50) Eden regions: 28->0(28)
[2022-06-09T04:45:17.844+0000][7][gc,heap     ] GC(50) Survivor regions: 1->1(4)
[2022-06-09T04:45:17.844+0000][7][gc,heap     ] GC(50) Old regions: 20->20
[2022-06-09T04:45:17.844+0000][7][gc,heap     ] GC(50) Archive regions: 2->2
[2022-06-09T04:45:17.844+0000][7][gc,heap     ] GC(50) Humongous regions: 2->2
[2022-06-09T04:45:17.844+0000][7][gc,metaspace] GC(50) Metaspace: 102686K(107456K)->102686K(107456K) NonClass: 88864K(91776K)->88864K(91776K) Class: 13821K(15680K)->13821K(15680K)
[2022-06-09T04:45:17.844+0000][7][gc          ] GC(50) Pause Young (Normal) (G1 Evacuation Pause) 201M->89M(256M) 4.050ms
[2022-06-09T04:45:17.844+0000][7][gc,cpu      ] GC(50) User=0.01s Sys=0.00s Real=0.00s
[2022-06-09T04:45:17.844+0000][7][safepoint   ] Safepoint "G1CollectForAllocation", Time since last: 3068015081 ns, Reaching safepoint: 27685 ns, At safepoint: 4092439 ns, Total: 4120124 ns
[2022-06-09T04:45:33.846+0000][7][safepoint   ] Safepoint "Cleanup", Time since last: 16001793204 ns, Reaching safepoint: 37930 ns, At safepoint: 28451 ns, Total: 66381 ns
[2022-06-09T04:45:34.846+0000][7][safepoint   ] Safepoint "Cleanup", Time since last: 1000116926 ns, Reaching safepoint: 40027 ns, At safepoint: 4520 ns, Total: 44547 ns
[2022-06-09T04:45:37.846+0000][7][safepoint   ] Safepoint "Cleanup", Time since last: 3000449873 ns, Reaching safepoint: 38552 ns, At safepoint: 4624 ns, Total: 43176 ns
[2022-06-09T04:45:53.848+0000][7][safepoint   ] Safepoint "Cleanup", Time since last: 16001759952 ns, Reaching safepoint: 39176 ns, At safepoint: 4487 ns, Total: 43663 ns
[2022-06-09T04:47:01.856+0000][7][safepoint   ] Safepoint "Cleanup", Time since last: 68007472175 ns, Reaching safepoint: 38488 ns, At safepoint: 5186 ns, Total: 43674 ns
[2022-06-09T04:47:06.856+0000][7][safepoint   ] Safepoint "Cleanup", Time since last: 5000545018 ns, Reaching safepoint: 39950 ns, At safepoint: 5048 ns, Total: 44998 ns
[2022-06-09T04:47:09.856+0000][7][safepoint   ] Safepoint "Cleanup", Time since last: 3000337464 ns, Reaching safepoint: 37280 ns, At safepoint: 4897 ns, Total: 42177 ns
[2022-06-09T04:47:41.860+0000][7][safepoint   ] Safepoint "Cleanup", Time since last: 32003698042 ns, Reaching safepoint: 38017 ns, At safepoint: 4776 ns, Total: 42793 ns
[2022-06-09T04:49:51.875+0000][7][safepoint   ] Safepoint "Cleanup", Time since last: 130014521750 ns, Reaching safepoint: 39816 ns, At safepoint: 4866 ns, Total: 44682 ns
[2022-06-09T04:50:01.876+0000][7][safepoint   ] Safepoint "Cleanup", Time since last: 10001191533 ns, Reaching safepoint: 43155 ns, At safepoint: 5609 ns, Total: 48764 ns
[2022-06-09T04:50:09.877+0000][7][safepoint   ] Safepoint "Cleanup", Time since last: 8000886107 ns, Reaching safepoint: 32767 ns, At safepoint: 4403 ns, Total: 37170 ns
[2022-06-09T04:50:10.877+0000][7][safepoint   ] Safepoint "Cleanup", Time since last: 1000181819 ns, Reaching safepoint: 39683 ns, At safepoint: 4515 ns, Total: 44198 ns
[2022-06-09T04:50:11.877+0000][7][safepoint   ] Safepoint "Cleanup", Time since last: 1000200624 ns, Reaching safepoint: 60780 ns, At safepoint: 9356 ns, Total: 70136 ns
[2022-06-09T04:50:20.879+0000][7][safepoint   ] Safepoint "Cleanup", Time since last: 9001020034 ns, Reaching safepoint: 40020 ns, At safepoint: 5143 ns, Total: 45163 ns
[2022-06-09T04:50:32.070+0000][7][gc,start    ] GC(51) Pause Young (Concurrent Start) (G1 Evacuation Pause)
[2022-06-09T04:50:32.071+0000][7][gc,task     ] GC(51) Using 1 workers of 1 for evacuation
[2022-06-09T04:50:32.071+0000][7][gc,age      ] GC(51) Desired survivor size 8388608 bytes, new threshold 15 (max threshold 15)
[2022-06-09T04:50:32.075+0000][7][gc,phases   ] GC(51)   Pre Evacuate Collection Set: 0.2ms
[2022-06-09T04:50:32.075+0000][7][gc,phases   ] GC(51)   Merge Heap Roots: 0.0ms
[2022-06-09T04:50:32.075+0000][7][gc,phases   ] GC(51)   Evacuate Collection Set: 2.4ms
[2022-06-09T04:50:32.075+0000][7][gc,phases   ] GC(51)   Post Evacuate Collection Set: 1.0ms
[2022-06-09T04:50:32.075+0000][7][gc,phases   ] GC(51)   Other: 0.1ms
[2022-06-09T04:50:32.075+0000][7][gc,age      ] GC(51) Age table with threshold 15 (max threshold 15)
[2022-06-09T04:50:32.075+0000][7][gc,age      ] GC(51) - age   1:      15688 bytes,      15688 total
[2022-06-09T04:50:32.075+0000][7][gc,age      ] GC(51) - age   2:       1208 bytes,      16896 total
[2022-06-09T04:50:32.075+0000][7][gc,age      ] GC(51) - age   3:       1744 bytes,      18640 total
[2022-06-09T04:50:32.075+0000][7][gc,age      ] GC(51) - age   4:      13216 bytes,      31856 total
[2022-06-09T04:50:32.075+0000][7][gc,age      ] GC(51) - age   5:       5064 bytes,      36920 total
[2022-06-09T04:50:32.075+0000][7][gc,age      ] GC(51) - age   6:      24104 bytes,      61024 total
[2022-06-09T04:50:32.075+0000][7][gc,age      ] GC(51) - age   7:      41160 bytes,     102184 total
[2022-06-09T04:50:32.075+0000][7][gc,age      ] GC(51) - age   8:      53936 bytes,     156120 total
[2022-06-09T04:50:32.075+0000][7][gc,age      ] GC(51) - age   9:      62944 bytes,     219064 total
[2022-06-09T04:50:32.075+0000][7][gc,age      ] GC(51) - age  10:         96 bytes,     219160 total
[2022-06-09T04:50:32.075+0000][7][gc,heap     ] GC(51) Eden regions: 28->0(28)
[2022-06-09T04:50:32.075+0000][7][gc,heap     ] GC(51) Survivor regions: 1->1(4)
[2022-06-09T04:50:32.075+0000][7][gc,heap     ] GC(51) Old regions: 20->20
[2022-06-09T04:50:32.075+0000][7][gc,heap     ] GC(51) Archive regions: 2->2
[2022-06-09T04:50:32.075+0000][7][gc,heap     ] GC(51) Humongous regions: 2->2
[2022-06-09T04:50:32.075+0000][7][gc,metaspace] GC(51) Metaspace: 102709K(107456K)->102709K(107456K) NonClass: 88888K(91776K)->88888K(91776K) Class: 13821K(15680K)->13821K(15680K)
[2022-06-09T04:50:32.075+0000][7][gc          ] GC(51) Pause Young (Concurrent Start) (G1 Evacuation Pause) 201M->89M(256M) 4.897ms
[2022-06-09T04:50:32.075+0000][7][gc,cpu      ] GC(51) User=0.00s Sys=0.00s Real=0.01s
[2022-06-09T04:50:32.075+0000][7][safepoint   ] Safepoint "G1CollectForAllocation", Time since last: 11191513005 ns, Reaching safepoint: 25681 ns, At safepoint: 4947157 ns, Total: 4972838 ns
[2022-06-09T04:50:32.075+0000][7][gc          ] GC(52) Concurrent Mark Cycle
[2022-06-09T04:50:32.075+0000][7][gc,marking  ] GC(52) Concurrent Clear Claimed Marks
[2022-06-09T04:50:32.075+0000][7][gc,marking  ] GC(52) Concurrent Clear Claimed Marks 0.041ms
[2022-06-09T04:50:32.075+0000][7][gc,marking  ] GC(52) Concurrent Scan Root Regions
[2022-06-09T04:50:32.076+0000][7][gc,marking  ] GC(52) Concurrent Scan Root Regions 1.136ms
[2022-06-09T04:50:32.076+0000][7][gc,marking  ] GC(52) Concurrent Mark
[2022-06-09T04:50:32.076+0000][7][gc,marking  ] GC(52) Concurrent Mark From Roots
[2022-06-09T04:50:32.076+0000][7][gc,task     ] GC(52) Using 1 workers of 1 for marking
[2022-06-09T04:50:32.194+0000][7][gc,marking  ] GC(52) Concurrent Mark From Roots 117.535ms
[2022-06-09T04:50:32.194+0000][7][gc,marking  ] GC(52) Concurrent Preclean
[2022-06-09T04:50:32.194+0000][7][gc,marking  ] GC(52) Concurrent Preclean 0.122ms
[2022-06-09T04:50:32.194+0000][7][gc,start    ] GC(52) Pause Remark
[2022-06-09T04:50:32.207+0000][7][gc          ] GC(52) Pause Remark 91M->91M(256M) 12.980ms
[2022-06-09T04:50:32.207+0000][7][gc,cpu      ] GC(52) User=0.02s Sys=0.00s Real=0.02s
[2022-06-09T04:50:32.207+0000][7][safepoint   ] Safepoint "G1Concurrent", Time since last: 119000842 ns, Reaching safepoint: 24203 ns, At safepoint: 13052371 ns, Total: 13076574 ns
[2022-06-09T04:50:32.207+0000][7][gc,marking  ] GC(52) Concurrent Mark 130.848ms
[2022-06-09T04:50:32.207+0000][7][gc,marking  ] GC(52) Concurrent Rebuild Remembered Sets
[2022-06-09T04:50:32.269+0000][7][gc,marking  ] GC(52) Concurrent Rebuild Remembered Sets 61.388ms
[2022-06-09T04:50:32.269+0000][7][gc,start    ] GC(52) Pause Cleanup
[2022-06-09T04:50:32.269+0000][7][gc          ] GC(52) Pause Cleanup 91M->91M(256M) 0.053ms
[2022-06-09T04:50:32.269+0000][7][gc,cpu      ] GC(52) User=0.00s Sys=0.00s Real=0.00s
[2022-06-09T04:50:32.269+0000][7][safepoint   ] Safepoint "G1Concurrent", Time since last: 61488792 ns, Reaching safepoint: 22492 ns, At safepoint: 90615 ns, Total: 113107 ns
[2022-06-09T04:50:32.269+0000][7][gc,marking  ] GC(52) Concurrent Cleanup for Next Mark
[2022-06-09T04:50:32.269+0000][7][gc,marking  ] GC(52) Concurrent Cleanup for Next Mark 0.649ms
[2022-06-09T04:50:32.269+0000][7][gc          ] GC(52) Concurrent Mark Cycle 194.315ms
[2022-06-09T04:50:34.269+0000][7][safepoint   ] Safepoint "Cleanup", Time since last: 2000272156 ns, Reaching safepoint: 85238 ns, At safepoint: 9196 ns, Total: 94434 ns
[2022-06-09T04:51:04.273+0000][7][safepoint   ] Safepoint "Cleanup", Time since last: 30003546552 ns, Reaching safepoint: 44602 ns, At safepoint: 5151 ns, Total: 49753 ns
[2022-06-09T04:51:31.276+0000][7][safepoint   ] Safepoint "Cleanup", Time since last: 27003158081 ns, Reaching safepoint: 39598 ns, At safepoint: 5328 ns, Total: 44926 ns
[2022-06-09T04:52:08.280+0000][7][safepoint   ] Safepoint "Cleanup", Time since last: 37004033398 ns, Reaching safepoint: 38573 ns, At safepoint: 4796 ns, Total: 43369 ns
[2022-06-09T04:53:11.287+0000][7][safepoint   ] Safepoint "Cleanup", Time since last: 63006956250 ns, Reaching safepoint: 37597 ns, At safepoint: 4605 ns, Total: 42202 ns
[2022-06-09T04:53:16.288+0000][7][safepoint   ] Safepoint "Cleanup", Time since last: 5000588163 ns, Reaching safepoint: 35465 ns, At safepoint: 4598 ns, Total: 40063 ns
[2022-06-09T04:53:39.290+0000][7][safepoint   ] Safepoint "Cleanup", Time since last: 23002412914 ns, Reaching safepoint: 38009 ns, At safepoint: 5145 ns, Total: 43154 ns
[2022-06-09T04:54:47.297+0000][7][safepoint   ] Safepoint "Cleanup", Time since last: 68007214559 ns, Reaching safepoint: 36582 ns, At safepoint: 5422 ns, Total: 42004 ns
[2022-06-09T04:55:47.210+0000][7][gc,start    ] GC(53) Pause Young (Normal) (G1 Evacuation Pause)
[2022-06-09T04:55:47.210+0000][7][gc,task     ] GC(53) Using 1 workers of 1 for evacuation
[2022-06-09T04:55:47.210+0000][7][gc,age      ] GC(53) Desired survivor size 8388608 bytes, new threshold 15 (max threshold 15)
[2022-06-09T04:55:47.214+0000][7][gc,phases   ] GC(53)   Pre Evacuate Collection Set: 0.0ms
[2022-06-09T04:55:47.214+0000][7][gc,phases   ] GC(53)   Merge Heap Roots: 0.1ms
[2022-06-09T04:55:47.214+0000][7][gc,phases   ] GC(53)   Evacuate Collection Set: 2.8ms
[2022-06-09T04:55:47.214+0000][7][gc,phases   ] GC(53)   Post Evacuate Collection Set: 1.0ms
[2022-06-09T04:55:47.214+0000][7][gc,phases   ] GC(53)   Other: 0.1ms
[2022-06-09T04:55:47.214+0000][7][gc,age      ] GC(53) Age table with threshold 15 (max threshold 15)
[2022-06-09T04:55:47.214+0000][7][gc,age      ] GC(53) - age   1:      10704 bytes,      10704 total
[2022-06-09T04:55:47.214+0000][7][gc,age      ] GC(53) - age   2:       6752 bytes,      17456 total
[2022-06-09T04:55:47.214+0000][7][gc,age      ] GC(53) - age   3:        888 bytes,      18344 total
[2022-06-09T04:55:47.214+0000][7][gc,age      ] GC(53) - age   4:       1560 bytes,      19904 total
[2022-06-09T04:55:47.214+0000][7][gc,age      ] GC(53) - age   5:      13216 bytes,      33120 total
[2022-06-09T04:55:47.214+0000][7][gc,age      ] GC(53) - age   6:       5064 bytes,      38184 total
[2022-06-09T04:55:47.214+0000][7][gc,age      ] GC(53) - age   7:      24104 bytes,      62288 total
[2022-06-09T04:55:47.214+0000][7][gc,age      ] GC(53) - age   8:      41160 bytes,     103448 total
[2022-06-09T04:55:47.214+0000][7][gc,age      ] GC(53) - age   9:      53936 bytes,     157384 total
[2022-06-09T04:55:47.214+0000][7][gc,age      ] GC(53) - age  10:      62944 bytes,     220328 total
[2022-06-09T04:55:47.214+0000][7][gc,age      ] GC(53) - age  11:         96 bytes,     220424 total
[2022-06-09T04:55:47.214+0000][7][gc,heap     ] GC(53) Eden regions: 28->0(28)
[2022-06-09T04:55:47.214+0000][7][gc,heap     ] GC(53) Survivor regions: 1->1(4)
[2022-06-09T04:55:47.214+0000][7][gc,heap     ] GC(53) Old regions: 20->20
[2022-06-09T04:55:47.214+0000][7][gc,heap     ] GC(53) Archive regions: 2->2
[2022-06-09T04:55:47.214+0000][7][gc,heap     ] GC(53) Humongous regions: 2->2
[2022-06-09T04:55:47.214+0000][7][gc,metaspace] GC(53) Metaspace: 102725K(107456K)->102725K(107456K) NonClass: 88904K(91776K)->88904K(91776K) Class: 13821K(15680K)->13821K(15680K)
[2022-06-09T04:55:47.214+0000][7][gc          ] GC(53) Pause Young (Normal) (G1 Evacuation Pause) 201M->89M(256M) 4.219ms
[2022-06-09T04:55:47.214+0000][7][gc,cpu      ] GC(53) User=0.01s Sys=0.00s Real=0.00s
[2022-06-09T04:55:47.214+0000][7][safepoint   ] Safepoint "G1CollectForAllocation", Time since last: 59912722617 ns, Reaching safepoint: 36657 ns, At safepoint: 4275238 ns, Total: 4311895 ns
[2022-06-09T04:55:49.215+0000][7][safepoint   ] Safepoint "Cleanup", Time since last: 2000221710 ns, Reaching safepoint: 38859 ns, At safepoint: 4812 ns, Total: 43671 ns
[2022-06-09T04:57:03.223+0000][7][safepoint   ] Safepoint "Cleanup", Time since last: 74008206363 ns, Reaching safepoint: 42765 ns, At safepoint: 4729 ns, Total: 47494 ns
[2022-06-09T04:57:08.224+0000][7][safepoint   ] Safepoint "Cleanup", Time since last: 5000675776 ns, Reaching safepoint: 47320 ns, At safepoint: 4330 ns, Total: 51650 ns
[2022-06-09T04:57:34.226+0000][7][safepoint   ] Safepoint "Cleanup", Time since last: 26002828453 ns, Reaching safepoint: 37290 ns, At safepoint: 4022 ns, Total: 41312 ns
[2022-06-09T04:57:45.228+0000][7][safepoint   ] Safepoint "Cleanup", Time since last: 11001151665 ns, Reaching safepoint: 38977 ns, At safepoint: 4610 ns, Total: 43587 ns
[2022-06-09T04:57:46.228+0000][7][safepoint   ] Safepoint "Cleanup", Time since last: 1000167895 ns, Reaching safepoint: 49348 ns, At safepoint: 5010 ns, Total: 54358 ns
[2022-06-09T04:57:58.229+0000][7][safepoint   ] Safepoint "Cleanup", Time since last: 12001302265 ns, Reaching safepoint: 41623 ns, At safepoint: 4737 ns, Total: 46360 ns
[2022-06-09T04:58:07.230+0000][7][safepoint   ] Safepoint "Cleanup", Time since last: 9001113764 ns, Reaching safepoint: 38817 ns, At safepoint: 4469 ns, Total: 43286 ns
[2022-06-09T04:59:04.237+0000][7][safepoint   ] Safepoint "Cleanup", Time since last: 57006787757 ns, Reaching safepoint: 38193 ns, At safepoint: 31119 ns, Total: 69312 ns
[2022-06-09T05:01:02.346+0000][7][gc,start    ] GC(54) Pause Young (Concurrent Start) (G1 Evacuation Pause)
[2022-06-09T05:01:02.346+0000][7][gc,task     ] GC(54) Using 1 workers of 1 for evacuation
[2022-06-09T05:01:02.346+0000][7][gc,age      ] GC(54) Desired survivor size 8388608 bytes, new threshold 15 (max threshold 15)
[2022-06-09T05:01:02.350+0000][7][gc,phases   ] GC(54)   Pre Evacuate Collection Set: 0.2ms
[2022-06-09T05:01:02.350+0000][7][gc,phases   ] GC(54)   Merge Heap Roots: 0.0ms
[2022-06-09T05:01:02.350+0000][7][gc,phases   ] GC(54)   Evacuate Collection Set: 2.5ms
[2022-06-09T05:01:02.350+0000][7][gc,phases   ] GC(54)   Post Evacuate Collection Set: 0.9ms
[2022-06-09T05:01:02.350+0000][7][gc,phases   ] GC(54)   Other: 0.1ms
[2022-06-09T05:01:02.350+0000][7][gc,age      ] GC(54) Age table with threshold 15 (max threshold 15)
[2022-06-09T05:01:02.350+0000][7][gc,age      ] GC(54) - age   1:      10320 bytes,      10320 total
[2022-06-09T05:01:02.350+0000][7][gc,age      ] GC(54) - age   2:       1544 bytes,      11864 total
[2022-06-09T05:01:02.350+0000][7][gc,age      ] GC(54) - age   3:       5984 bytes,      17848 total
[2022-06-09T05:01:02.350+0000][7][gc,age      ] GC(54) - age   4:        688 bytes,      18536 total
[2022-06-09T05:01:02.350+0000][7][gc,age      ] GC(54) - age   5:       1560 bytes,      20096 total
[2022-06-09T05:01:02.350+0000][7][gc,age      ] GC(54) - age   6:      13216 bytes,      33312 total
[2022-06-09T05:01:02.350+0000][7][gc,age      ] GC(54) - age   7:       5064 bytes,      38376 total
[2022-06-09T05:01:02.350+0000][7][gc,age      ] GC(54) - age   8:      24104 bytes,      62480 total
[2022-06-09T05:01:02.350+0000][7][gc,age      ] GC(54) - age   9:      41160 bytes,     103640 total
[2022-06-09T05:01:02.350+0000][7][gc,age      ] GC(54) - age  10:      53936 bytes,     157576 total
[2022-06-09T05:01:02.350+0000][7][gc,age      ] GC(54) - age  11:      62944 bytes,     220520 total
[2022-06-09T05:01:02.350+0000][7][gc,age      ] GC(54) - age  12:         96 bytes,     220616 total
[2022-06-09T05:01:02.350+0000][7][gc,heap     ] GC(54) Eden regions: 28->0(28)
[2022-06-09T05:01:02.350+0000][7][gc,heap     ] GC(54) Survivor regions: 1->1(4)
[2022-06-09T05:01:02.350+0000][7][gc,heap     ] GC(54) Old regions: 20->20
[2022-06-09T05:01:02.350+0000][7][gc,heap     ] GC(54) Archive regions: 2->2
[2022-06-09T05:01:02.350+0000][7][gc,heap     ] GC(54) Humongous regions: 2->2
[2022-06-09T05:01:02.350+0000][7][gc,metaspace] GC(54) Metaspace: 102736K(107456K)->102736K(107456K) NonClass: 88915K(91776K)->88915K(91776K) Class: 13821K(15680K)->13821K(15680K)
[2022-06-09T05:01:02.350+0000][7][gc          ] GC(54) Pause Young (Concurrent Start) (G1 Evacuation Pause) 201M->89M(256M) 4.010ms
[2022-06-09T05:01:02.350+0000][7][gc,cpu      ] GC(54) User=0.00s Sys=0.00s Real=0.01s
[2022-06-09T05:01:02.350+0000][7][safepoint   ] Safepoint "G1CollectForAllocation", Time since last: 118108979331 ns, Reaching safepoint: 24899 ns, At safepoint: 4058101 ns, Total: 4083000 ns
[2022-06-09T05:01:02.350+0000][7][gc          ] GC(55) Concurrent Mark Cycle
[2022-06-09T05:01:02.350+0000][7][gc,marking  ] GC(55) Concurrent Clear Claimed Marks
[2022-06-09T05:01:02.350+0000][7][gc,marking  ] GC(55) Concurrent Clear Claimed Marks 0.039ms
[2022-06-09T05:01:02.350+0000][7][gc,marking  ] GC(55) Concurrent Scan Root Regions
[2022-06-09T05:01:02.352+0000][7][gc,marking  ] GC(55) Concurrent Scan Root Regions 1.178ms
[2022-06-09T05:01:02.352+0000][7][gc,marking  ] GC(55) Concurrent Mark
[2022-06-09T05:01:02.352+0000][7][gc,marking  ] GC(55) Concurrent Mark From Roots
[2022-06-09T05:01:02.352+0000][7][gc,task     ] GC(55) Using 1 workers of 1 for marking
[2022-06-09T05:01:02.467+0000][7][gc,marking  ] GC(55) Concurrent Mark From Roots 115.907ms
[2022-06-09T05:01:02.468+0000][7][gc,marking  ] GC(55) Concurrent Preclean
[2022-06-09T05:01:02.468+0000][7][gc,marking  ] GC(55) Concurrent Preclean 0.137ms
[2022-06-09T05:01:02.468+0000][7][gc,start    ] GC(55) Pause Remark
[2022-06-09T05:01:02.481+0000][7][gc          ] GC(55) Pause Remark 90M->90M(256M) 13.001ms
[2022-06-09T05:01:02.481+0000][7][gc,cpu      ] GC(55) User=0.01s Sys=0.00s Real=0.01s
[2022-06-09T05:01:02.481+0000][7][safepoint   ] Safepoint "G1Concurrent", Time since last: 117427158 ns, Reaching safepoint: 24560 ns, At safepoint: 13074963 ns, Total: 13099523 ns
[2022-06-09T05:01:02.481+0000][7][gc,marking  ] GC(55) Concurrent Mark 129.255ms
[2022-06-09T05:01:02.481+0000][7][gc,marking  ] GC(55) Concurrent Rebuild Remembered Sets
[2022-06-09T05:01:02.542+0000][7][gc,marking  ] GC(55) Concurrent Rebuild Remembered Sets 61.214ms
[2022-06-09T05:01:02.542+0000][7][gc,start    ] GC(55) Pause Cleanup
[2022-06-09T05:01:02.542+0000][7][gc          ] GC(55) Pause Cleanup 90M->90M(256M) 0.050ms
[2022-06-09T05:01:02.542+0000][7][gc,cpu      ] GC(55) User=0.00s Sys=0.00s Real=0.00s
[2022-06-09T05:01:02.542+0000][7][safepoint   ] Safepoint "G1Concurrent", Time since last: 61312559 ns, Reaching safepoint: 22147 ns, At safepoint: 105522 ns, Total: 127669 ns
[2022-06-09T05:01:02.542+0000][7][gc,marking  ] GC(55) Concurrent Cleanup for Next Mark
[2022-06-09T05:01:02.543+0000][7][gc,marking  ] GC(55) Concurrent Cleanup for Next Mark 0.673ms
[2022-06-09T05:01:02.543+0000][7][gc          ] GC(55) Concurrent Mark Cycle 192.648ms
[2022-06-09T05:02:04.549+0000][7][safepoint   ] Safepoint "Cleanup", Time since last: 62006645688 ns, Reaching safepoint: 41760 ns, At safepoint: 31005 ns, Total: 72765 ns
[2022-06-09T05:03:04.556+0000][7][safepoint   ] Safepoint "Cleanup", Time since last: 60006775626 ns, Reaching safepoint: 40830 ns, At safepoint: 5094 ns, Total: 45924 ns
[2022-06-09T05:03:07.556+0000][7][safepoint   ] Safepoint "Cleanup", Time since last: 3000336256 ns, Reaching safepoint: 37679 ns, At safepoint: 4303 ns, Total: 41982 ns
[2022-06-09T05:03:35.559+0000][7][safepoint   ] Safepoint "Cleanup", Time since last: 28003205010 ns, Reaching safepoint: 40421 ns, At safepoint: 4898 ns, Total: 45319 ns
[2022-06-09T05:04:52.568+0000][7][safepoint   ] Safepoint "Cleanup", Time since last: 77008460686 ns, Reaching safepoint: 40881 ns, At safepoint: 5239 ns, Total: 46120 ns
[2022-06-09T05:04:57.569+0000][7][safepoint   ] Safepoint "Cleanup", Time since last: 5000593056 ns, Reaching safepoint: 39891 ns, At safepoint: 5014 ns, Total: 44905 ns
[2022-06-09T05:05:08.570+0000][7][safepoint   ] Safepoint "Cleanup", Time since last: 11001531142 ns, Reaching safepoint: 59459 ns, At safepoint: 9397 ns, Total: 68856 ns
[2022-06-09T05:05:35.573+0000][7][safepoint   ] Safepoint "Cleanup", Time since last: 27003013274 ns, Reaching safepoint: 39970 ns, At safepoint: 4602 ns, Total: 44572 ns
[2022-06-09T05:05:37.573+0000][7][safepoint   ] Safepoint "Cleanup", Time since last: 2000252791 ns, Reaching safepoint: 39597 ns, At safepoint: 4688 ns, Total: 44285 ns
[2022-06-09T05:06:04.576+0000][7][safepoint   ] Safepoint "Cleanup", Time since last: 27002929917 ns, Reaching safepoint: 40877 ns, At safepoint: 29999 ns, Total: 70876 ns
[2022-06-09T05:06:14.440+0000][7][gc,start    ] GC(56) Pause Young (Normal) (G1 Evacuation Pause)
[2022-06-09T05:06:14.440+0000][7][gc,task     ] GC(56) Using 1 workers of 1 for evacuation
[2022-06-09T05:06:14.440+0000][7][gc,age      ] GC(56) Desired survivor size 8388608 bytes, new threshold 15 (max threshold 15)
[2022-06-09T05:06:14.444+0000][7][gc,phases   ] GC(56)   Pre Evacuate Collection Set: 0.0ms
[2022-06-09T05:06:14.444+0000][7][gc,phases   ] GC(56)   Merge Heap Roots: 0.1ms
[2022-06-09T05:06:14.444+0000][7][gc,phases   ] GC(56)   Evacuate Collection Set: 2.8ms
[2022-06-09T05:06:14.444+0000][7][gc,phases   ] GC(56)   Post Evacuate Collection Set: 1.0ms
[2022-06-09T05:06:14.444+0000][7][gc,phases   ] GC(56)   Other: 0.1ms
[2022-06-09T05:06:14.444+0000][7][gc,age      ] GC(56) Age table with threshold 15 (max threshold 15)
[2022-06-09T05:06:14.444+0000][7][gc,age      ] GC(56) - age   1:       9904 bytes,       9904 total
[2022-06-09T05:06:14.444+0000][7][gc,age      ] GC(56) - age   2:       1208 bytes,      11112 total
[2022-06-09T05:06:14.444+0000][7][gc,age      ] GC(56) - age   3:       1544 bytes,      12656 total
[2022-06-09T05:06:14.444+0000][7][gc,age      ] GC(56) - age   4:       5784 bytes,      18440 total
[2022-06-09T05:06:14.444+0000][7][gc,age      ] GC(56) - age   5:        688 bytes,      19128 total
[2022-06-09T05:06:14.444+0000][7][gc,age      ] GC(56) - age   6:       1560 bytes,      20688 total
[2022-06-09T05:06:14.444+0000][7][gc,age      ] GC(56) - age   7:      13216 bytes,      33904 total
[2022-06-09T05:06:14.444+0000][7][gc,age      ] GC(56) - age   8:       5064 bytes,      38968 total
[2022-06-09T05:06:14.444+0000][7][gc,age      ] GC(56) - age   9:      24104 bytes,      63072 total
[2022-06-09T05:06:14.444+0000][7][gc,age      ] GC(56) - age  10:      41160 bytes,     104232 total
[2022-06-09T05:06:14.444+0000][7][gc,age      ] GC(56) - age  11:      53936 bytes,     158168 total
[2022-06-09T05:06:14.444+0000][7][gc,age      ] GC(56) - age  12:      62944 bytes,     221112 total
[2022-06-09T05:06:14.444+0000][7][gc,age      ] GC(56) - age  13:         96 bytes,     221208 total
[2022-06-09T05:06:14.444+0000][7][gc,heap     ] GC(56) Eden regions: 28->0(28)
[2022-06-09T05:06:14.444+0000][7][gc,heap     ] GC(56) Survivor regions: 1->1(4)
[2022-06-09T05:06:14.444+0000][7][gc,heap     ] GC(56) Old regions: 20->20
[2022-06-09T05:06:14.444+0000][7][gc,heap     ] GC(56) Archive regions: 2->2
[2022-06-09T05:06:14.444+0000][7][gc,heap     ] GC(56) Humongous regions: 2->2
[2022-06-09T05:06:14.444+0000][7][gc,metaspace] GC(56) Metaspace: 102755K(107456K)->102755K(107456K) NonClass: 88934K(91776K)->88934K(91776K) Class: 13821K(15680K)->13821K(15680K)
[2022-06-09T05:06:14.444+0000][7][gc          ] GC(56) Pause Young (Normal) (G1 Evacuation Pause) 201M->89M(256M) 4.259ms
[2022-06-09T05:06:14.444+0000][7][gc,cpu      ] GC(56) User=0.00s Sys=0.00s Real=0.00s
[2022-06-09T05:06:14.444+0000][7][safepoint   ] Safepoint "G1CollectForAllocation", Time since last: 9863234900 ns, Reaching safepoint: 28545 ns, At safepoint: 4306626 ns, Total: 4335171 ns
[2022-06-09T05:07:08.450+0000][7][safepoint   ] Safepoint "Cleanup", Time since last: 54005987628 ns, Reaching safepoint: 39151 ns, At safepoint: 4413 ns, Total: 43564 ns
[2022-06-09T05:08:01.456+0000][7][safepoint   ] Safepoint "Cleanup", Time since last: 53005705521 ns, Reaching safepoint: 40360 ns, At safepoint: 29486 ns, Total: 69846 ns
[2022-06-09T05:10:12.470+0000][7][safepoint   ] Safepoint "Cleanup", Time since last: 131014106950 ns, Reaching safepoint: 42580 ns, At safepoint: 5208 ns, Total: 47788 ns
[2022-06-09T05:11:04.476+0000][7][safepoint   ] Safepoint "Cleanup", Time since last: 52005834109 ns, Reaching safepoint: 39663 ns, At safepoint: 4943 ns, Total: 44606 ns
[2022-06-09T05:11:05.476+0000][7][safepoint   ] Safepoint "Cleanup", Time since last: 1000169706 ns, Reaching safepoint: 41879 ns, At safepoint: 5014 ns, Total: 46893 ns
[2022-06-09T05:11:18.478+0000][7][safepoint   ] Safepoint "Cleanup", Time since last: 13001546334 ns, Reaching safepoint: 39315 ns, At safepoint: 4880 ns, Total: 44195 ns
[2022-06-09T05:11:19.478+0000][7][safepoint   ] Safepoint "Cleanup", Time since last: 1000146488 ns, Reaching safepoint: 42949 ns, At safepoint: 5145 ns, Total: 48094 ns
[2022-06-09T05:11:32.053+0000][7][gc,start    ] GC(57) Pause Young (Concurrent Start) (G1 Evacuation Pause)
[2022-06-09T05:11:32.053+0000][7][gc,task     ] GC(57) Using 1 workers of 1 for evacuation
[2022-06-09T05:11:32.053+0000][7][gc,age      ] GC(57) Desired survivor size 8388608 bytes, new threshold 15 (max threshold 15)
[2022-06-09T05:11:32.057+0000][7][gc,phases   ] GC(57)   Pre Evacuate Collection Set: 0.2ms
[2022-06-09T05:11:32.057+0000][7][gc,phases   ] GC(57)   Merge Heap Roots: 0.0ms
[2022-06-09T05:11:32.057+0000][7][gc,phases   ] GC(57)   Evacuate Collection Set: 2.7ms
[2022-06-09T05:11:32.057+0000][7][gc,phases   ] GC(57)   Post Evacuate Collection Set: 1.0ms
[2022-06-09T05:11:32.057+0000][7][gc,phases   ] GC(57)   Other: 0.1ms
[2022-06-09T05:11:32.057+0000][7][gc,age      ] GC(57) Age table with threshold 15 (max threshold 15)
[2022-06-09T05:11:32.057+0000][7][gc,age      ] GC(57) - age   1:      11720 bytes,      11720 total
[2022-06-09T05:11:32.057+0000][7][gc,age      ] GC(57) - age   2:       2608 bytes,      14328 total
[2022-06-09T05:11:32.057+0000][7][gc,age      ] GC(57) - age   3:        440 bytes,      14768 total
[2022-06-09T05:11:32.057+0000][7][gc,age      ] GC(57) - age   4:       1360 bytes,      16128 total
[2022-06-09T05:11:32.057+0000][7][gc,age      ] GC(57) - age   5:       5584 bytes,      21712 total
[2022-06-09T05:11:32.057+0000][7][gc,age      ] GC(57) - age   6:        688 bytes,      22400 total
[2022-06-09T05:11:32.057+0000][7][gc,age      ] GC(57) - age   7:       1560 bytes,      23960 total
[2022-06-09T05:11:32.057+0000][7][gc,age      ] GC(57) - age   8:      13216 bytes,      37176 total
[2022-06-09T05:11:32.057+0000][7][gc,age      ] GC(57) - age   9:       5064 bytes,      42240 total
[2022-06-09T05:11:32.057+0000][7][gc,age      ] GC(57) - age  10:      24104 bytes,      66344 total
[2022-06-09T05:11:32.057+0000][7][gc,age      ] GC(57) - age  11:      41160 bytes,     107504 total
[2022-06-09T05:11:32.057+0000][7][gc,age      ] GC(57) - age  12:      53488 bytes,     160992 total
[2022-06-09T05:11:32.057+0000][7][gc,age      ] GC(57) - age  13:      62944 bytes,     223936 total
[2022-06-09T05:11:32.057+0000][7][gc,age      ] GC(57) - age  14:         96 bytes,     224032 total
[2022-06-09T05:11:32.057+0000][7][gc,heap     ] GC(57) Eden regions: 28->0(28)
[2022-06-09T05:11:32.057+0000][7][gc,heap     ] GC(57) Survivor regions: 1->1(4)
[2022-06-09T05:11:32.057+0000][7][gc,heap     ] GC(57) Old regions: 20->20
[2022-06-09T05:11:32.057+0000][7][gc,heap     ] GC(57) Archive regions: 2->2
[2022-06-09T05:11:32.057+0000][7][gc,heap     ] GC(57) Humongous regions: 2->2
[2022-06-09T05:11:32.057+0000][7][gc,metaspace] GC(57) Metaspace: 102768K(107456K)->102768K(107456K) NonClass: 88946K(91776K)->88946K(91776K) Class: 13821K(15680K)->13821K(15680K)
[2022-06-09T05:11:32.057+0000][7][gc          ] GC(57) Pause Young (Concurrent Start) (G1 Evacuation Pause) 201M->89M(256M) 4.177ms
[2022-06-09T05:11:32.057+0000][7][gc,cpu      ] GC(57) User=0.00s Sys=0.00s Real=0.01s
[2022-06-09T05:11:32.057+0000][7][safepoint   ] Safepoint "G1CollectForAllocation", Time since last: 12574972343 ns, Reaching safepoint: 26377 ns, At safepoint: 4230635 ns, Total: 4257012 ns
[2022-06-09T05:11:32.057+0000][7][gc          ] GC(58) Concurrent Mark Cycle
[2022-06-09T05:11:32.057+0000][7][gc,marking  ] GC(58) Concurrent Clear Claimed Marks
[2022-06-09T05:11:32.057+0000][7][gc,marking  ] GC(58) Concurrent Clear Claimed Marks 0.044ms
[2022-06-09T05:11:32.057+0000][7][gc,marking  ] GC(58) Concurrent Scan Root Regions
[2022-06-09T05:11:32.059+0000][7][gc,marking  ] GC(58) Concurrent Scan Root Regions 1.526ms
[2022-06-09T05:11:32.059+0000][7][gc,marking  ] GC(58) Concurrent Mark
[2022-06-09T05:11:32.059+0000][7][gc,marking  ] GC(58) Concurrent Mark From Roots
[2022-06-09T05:11:32.059+0000][7][gc,task     ] GC(58) Using 1 workers of 1 for marking
[2022-06-09T05:11:32.174+0000][7][gc,marking  ] GC(58) Concurrent Mark From Roots 115.597ms
[2022-06-09T05:11:32.174+0000][7][gc,marking  ] GC(58) Concurrent Preclean
[2022-06-09T05:11:32.175+0000][7][gc,marking  ] GC(58) Concurrent Preclean 0.148ms
[2022-06-09T05:11:32.175+0000][7][gc,start    ] GC(58) Pause Remark
[2022-06-09T05:11:32.188+0000][7][gc          ] GC(58) Pause Remark 90M->90M(256M) 13.118ms
[2022-06-09T05:11:32.188+0000][7][gc,cpu      ] GC(58) User=0.01s Sys=0.00s Real=0.01s
[2022-06-09T05:11:32.188+0000][7][safepoint   ] Safepoint "G1Concurrent", Time since last: 117491238 ns, Reaching safepoint: 25547 ns, At safepoint: 13185900 ns, Total: 13211447 ns
[2022-06-09T05:11:32.188+0000][7][gc,marking  ] GC(58) Concurrent Mark 129.091ms
[2022-06-09T05:11:32.188+0000][7][gc,marking  ] GC(58) Concurrent Rebuild Remembered Sets
[2022-06-09T05:11:32.250+0000][7][gc,marking  ] GC(58) Concurrent Rebuild Remembered Sets 61.754ms
[2022-06-09T05:11:32.250+0000][7][gc,start    ] GC(58) Pause Cleanup
[2022-06-09T05:11:32.250+0000][7][gc          ] GC(58) Pause Cleanup 90M->90M(256M) 0.048ms
[2022-06-09T05:11:32.250+0000][7][gc,cpu      ] GC(58) User=0.00s Sys=0.00s Real=0.00s
[2022-06-09T05:11:32.250+0000][7][safepoint   ] Safepoint "G1Concurrent", Time since last: 61865350 ns, Reaching safepoint: 22080 ns, At safepoint: 82553 ns, Total: 104633 ns
[2022-06-09T05:11:32.250+0000][7][gc,marking  ] GC(58) Concurrent Cleanup for Next Mark
[2022-06-09T05:11:32.251+0000][7][gc,marking  ] GC(58) Concurrent Cleanup for Next Mark 0.710ms
[2022-06-09T05:11:32.251+0000][7][gc          ] GC(58) Concurrent Mark Cycle 193.375ms
[2022-06-09T05:13:04.260+0000][7][safepoint   ] Safepoint "Cleanup", Time since last: 92010615329 ns, Reaching safepoint: 41510 ns, At safepoint: 4687 ns, Total: 46197 ns
[2022-06-09T05:13:15.262+0000][7][safepoint   ] Safepoint "Cleanup", Time since last: 11001282203 ns, Reaching safepoint: 40721 ns, At safepoint: 5181 ns, Total: 45902 ns
[2022-06-09T05:14:01.267+0000][7][safepoint   ] Safepoint "Cleanup", Time since last: 46004814975 ns, Reaching safepoint: 36995 ns, At safepoint: 4495 ns, Total: 41490 ns
[2022-06-09T05:14:04.267+0000][7][safepoint   ] Safepoint "Cleanup", Time since last: 3000386293 ns, Reaching safepoint: 40183 ns, At safepoint: 5114 ns, Total: 45297 ns
[2022-06-09T05:14:11.268+0000][7][safepoint   ] Safepoint "Cleanup", Time since last: 7000740109 ns, Reaching safepoint: 38425 ns, At safepoint: 4792 ns, Total: 43217 ns
[2022-06-09T05:14:57.273+0000][7][safepoint   ] Safepoint "Cleanup", Time since last: 46005129678 ns, Reaching safepoint: 37428 ns, At safepoint: 4417 ns, Total: 41845 ns
[2022-06-09T05:16:43.115+0000][7][gc,start    ] GC(59) Pause Young (Normal) (G1 Evacuation Pause)
[2022-06-09T05:16:43.115+0000][7][gc,task     ] GC(59) Using 1 workers of 1 for evacuation
[2022-06-09T05:16:43.115+0000][7][gc,age      ] GC(59) Desired survivor size 8388608 bytes, new threshold 15 (max threshold 15)
[2022-06-09T05:16:43.119+0000][7][gc,phases   ] GC(59)   Pre Evacuate Collection Set: 0.0ms
[2022-06-09T05:16:43.119+0000][7][gc,phases   ] GC(59)   Merge Heap Roots: 0.1ms
[2022-06-09T05:16:43.119+0000][7][gc,phases   ] GC(59)   Evacuate Collection Set: 2.8ms
[2022-06-09T05:16:43.119+0000][7][gc,phases   ] GC(59)   Post Evacuate Collection Set: 1.0ms
[2022-06-09T05:16:43.119+0000][7][gc,phases   ] GC(59)   Other: 0.1ms
[2022-06-09T05:16:43.119+0000][7][gc,age      ] GC(59) Age table with threshold 15 (max threshold 15)
[2022-06-09T05:16:43.119+0000][7][gc,age      ] GC(59) - age   1:      12056 bytes,      12056 total
[2022-06-09T05:16:43.119+0000][7][gc,age      ] GC(59) - age   2:       2960 bytes,      15016 total
[2022-06-09T05:16:43.119+0000][7][gc,age      ] GC(59) - age   3:       2408 bytes,      17424 total
[2022-06-09T05:16:43.119+0000][7][gc,age      ] GC(59) - age   4:        240 bytes,      17664 total
[2022-06-09T05:16:43.119+0000][7][gc,age      ] GC(59) - age   5:       1360 bytes,      19024 total
[2022-06-09T05:16:43.119+0000][7][gc,age      ] GC(59) - age   6:       5584 bytes,      24608 total
[2022-06-09T05:16:43.119+0000][7][gc,age      ] GC(59) - age   7:        688 bytes,      25296 total
[2022-06-09T05:16:43.119+0000][7][gc,age      ] GC(59) - age   8:       1560 bytes,      26856 total
[2022-06-09T05:16:43.119+0000][7][gc,age      ] GC(59) - age   9:      13216 bytes,      40072 total
[2022-06-09T05:16:43.119+0000][7][gc,age      ] GC(59) - age  10:       5064 bytes,      45136 total
[2022-06-09T05:16:43.119+0000][7][gc,age      ] GC(59) - age  11:      23960 bytes,      69096 total
[2022-06-09T05:16:43.119+0000][7][gc,age      ] GC(59) - age  12:      41160 bytes,     110256 total
[2022-06-09T05:16:43.119+0000][7][gc,age      ] GC(59) - age  13:      53488 bytes,     163744 total
[2022-06-09T05:16:43.119+0000][7][gc,age      ] GC(59) - age  14:      62944 bytes,     226688 total
[2022-06-09T05:16:43.119+0000][7][gc,age      ] GC(59) - age  15:         96 bytes,     226784 total
[2022-06-09T05:16:43.119+0000][7][gc,heap     ] GC(59) Eden regions: 28->0(28)
[2022-06-09T05:16:43.119+0000][7][gc,heap     ] GC(59) Survivor regions: 1->1(4)
[2022-06-09T05:16:43.119+0000][7][gc,heap     ] GC(59) Old regions: 20->20
[2022-06-09T05:16:43.119+0000][7][gc,heap     ] GC(59) Archive regions: 2->2
[2022-06-09T05:16:43.119+0000][7][gc,heap     ] GC(59) Humongous regions: 2->2
[2022-06-09T05:16:43.119+0000][7][gc,metaspace] GC(59) Metaspace: 102791K(107456K)->102791K(107456K) NonClass: 88968K(91776K)->88968K(91776K) Class: 13822K(15680K)->13822K(15680K)
[2022-06-09T05:16:43.119+0000][7][gc          ] GC(59) Pause Young (Normal) (G1 Evacuation Pause) 201M->89M(256M) 4.293ms
[2022-06-09T05:16:43.119+0000][7][gc,cpu      ] GC(59) User=0.00s Sys=0.00s Real=0.00s
[2022-06-09T05:16:43.119+0000][7][safepoint   ] Safepoint "G1CollectForAllocation", Time since last: 105841884437 ns, Reaching safepoint: 29627 ns, At safepoint: 4338679 ns, Total: 4368306 ns
[2022-06-09T05:16:45.120+0000][7][safepoint   ] Safepoint "Cleanup", Time since last: 2000311722 ns, Reaching safepoint: 39357 ns, At safepoint: 4593 ns, Total: 43950 ns
[2022-06-09T05:18:22.130+0000][7][safepoint   ] Safepoint "Cleanup", Time since last: 97010764681 ns, Reaching safepoint: 37744 ns, At safepoint: 4737 ns, Total: 42481 ns
[2022-06-09T05:19:08.136+0000][7][safepoint   ] Safepoint "Cleanup", Time since last: 46005391067 ns, Reaching safepoint: 68777 ns, At safepoint: 4558 ns, Total: 73335 ns
[2022-06-09T05:19:40.140+0000][7][safepoint   ] Safepoint "Cleanup", Time since last: 32003607014 ns, Reaching safepoint: 43009 ns, At safepoint: 8755 ns, Total: 51764 ns
[2022-06-09T05:20:28.145+0000][7][safepoint   ] Safepoint "Cleanup", Time since last: 48005147428 ns, Reaching safepoint: 41112 ns, At safepoint: 4668 ns, Total: 45780 ns
[2022-06-09T05:21:04.149+0000][7][safepoint   ] Safepoint "Cleanup", Time since last: 36003982652 ns, Reaching safepoint: 42783 ns, At safepoint: 5067 ns, Total: 47850 ns
[2022-06-09T05:21:57.882+0000][7][gc,start    ] GC(60) Pause Young (Concurrent Start) (G1 Evacuation Pause)
[2022-06-09T05:21:57.882+0000][7][gc,task     ] GC(60) Using 1 workers of 1 for evacuation
[2022-06-09T05:21:57.882+0000][7][gc,age      ] GC(60) Desired survivor size 8388608 bytes, new threshold 15 (max threshold 15)
[2022-06-09T05:21:57.886+0000][7][gc,phases   ] GC(60)   Pre Evacuate Collection Set: 0.2ms
[2022-06-09T05:21:57.886+0000][7][gc,phases   ] GC(60)   Merge Heap Roots: 0.0ms
[2022-06-09T05:21:57.886+0000][7][gc,phases   ] GC(60)   Evacuate Collection Set: 2.6ms
[2022-06-09T05:21:57.886+0000][7][gc,phases   ] GC(60)   Post Evacuate Collection Set: 0.9ms
[2022-06-09T05:21:57.886+0000][7][gc,phases   ] GC(60)   Other: 0.1ms
[2022-06-09T05:21:57.886+0000][7][gc,age      ] GC(60) Age table with threshold 15 (max threshold 15)
[2022-06-09T05:21:57.886+0000][7][gc,age      ] GC(60) - age   1:      16936 bytes,      16936 total
[2022-06-09T05:21:57.886+0000][7][gc,age      ] GC(60) - age   2:       1192 bytes,      18128 total
[2022-06-09T05:21:57.886+0000][7][gc,age      ] GC(60) - age   3:       2192 bytes,      20320 total
[2022-06-09T05:21:57.886+0000][7][gc,age      ] GC(60) - age   4:       2408 bytes,      22728 total
[2022-06-09T05:21:57.886+0000][7][gc,age      ] GC(60) - age   5:        240 bytes,      22968 total
[2022-06-09T05:21:57.886+0000][7][gc,age      ] GC(60) - age   6:       1360 bytes,      24328 total
[2022-06-09T05:21:57.886+0000][7][gc,age      ] GC(60) - age   7:       5584 bytes,      29912 total
[2022-06-09T05:21:57.886+0000][7][gc,age      ] GC(60) - age   8:        688 bytes,      30600 total
[2022-06-09T05:21:57.886+0000][7][gc,age      ] GC(60) - age   9:       1560 bytes,      32160 total
[2022-06-09T05:21:57.886+0000][7][gc,age      ] GC(60) - age  10:      13216 bytes,      45376 total
[2022-06-09T05:21:57.886+0000][7][gc,age      ] GC(60) - age  11:       5064 bytes,      50440 total
[2022-06-09T05:21:57.886+0000][7][gc,age      ] GC(60) - age  12:      23960 bytes,      74400 total
[2022-06-09T05:21:57.886+0000][7][gc,age      ] GC(60) - age  13:      41160 bytes,     115560 total
[2022-06-09T05:21:57.886+0000][7][gc,age      ] GC(60) - age  14:      53488 bytes,     169048 total
[2022-06-09T05:21:57.886+0000][7][gc,age      ] GC(60) - age  15:      62944 bytes,     231992 total
[2022-06-09T05:21:57.886+0000][7][gc,heap     ] GC(60) Eden regions: 28->0(28)
[2022-06-09T05:21:57.886+0000][7][gc,heap     ] GC(60) Survivor regions: 1->1(4)
[2022-06-09T05:21:57.886+0000][7][gc,heap     ] GC(60) Old regions: 20->20
[2022-06-09T05:21:57.887+0000][7][gc,heap     ] GC(60) Archive regions: 2->2
[2022-06-09T05:21:57.887+0000][7][gc,heap     ] GC(60) Humongous regions: 2->2
[2022-06-09T05:21:57.887+0000][7][gc,metaspace] GC(60) Metaspace: 102812K(107456K)->102812K(107456K) NonClass: 88989K(91776K)->88989K(91776K) Class: 13822K(15680K)->13822K(15680K)
[2022-06-09T05:21:57.887+0000][7][gc          ] GC(60) Pause Young (Concurrent Start) (G1 Evacuation Pause) 201M->89M(256M) 4.166ms
[2022-06-09T05:21:57.887+0000][7][gc,cpu      ] GC(60) User=0.00s Sys=0.01s Real=0.01s
[2022-06-09T05:21:57.887+0000][7][safepoint   ] Safepoint "G1CollectForAllocation", Time since last: 53733270618 ns, Reaching safepoint: 297580 ns, At safepoint: 4233711 ns, Total: 4531291 ns
[2022-06-09T05:21:57.887+0000][7][gc          ] GC(61) Concurrent Mark Cycle
[2022-06-09T05:21:57.887+0000][7][gc,marking  ] GC(61) Concurrent Clear Claimed Marks
[2022-06-09T05:21:57.887+0000][7][gc,marking  ] GC(61) Concurrent Clear Claimed Marks 0.039ms
[2022-06-09T05:21:57.887+0000][7][gc,marking  ] GC(61) Concurrent Scan Root Regions
[2022-06-09T05:21:57.888+0000][7][gc,marking  ] GC(61) Concurrent Scan Root Regions 1.167ms
[2022-06-09T05:21:57.888+0000][7][gc,marking  ] GC(61) Concurrent Mark
[2022-06-09T05:21:57.888+0000][7][gc,marking  ] GC(61) Concurrent Mark From Roots
[2022-06-09T05:21:57.888+0000][7][gc,task     ] GC(61) Using 1 workers of 1 for marking
[2022-06-09T05:21:58.002+0000][7][gc,marking  ] GC(61) Concurrent Mark From Roots 114.470ms
[2022-06-09T05:21:58.002+0000][7][gc,marking  ] GC(61) Concurrent Preclean
[2022-06-09T05:21:58.003+0000][7][gc,marking  ] GC(61) Concurrent Preclean 0.158ms
[2022-06-09T05:21:58.003+0000][7][gc,start    ] GC(61) Pause Remark
[2022-06-09T05:21:58.016+0000][7][gc          ] GC(61) Pause Remark 90M->90M(256M) 13.134ms
[2022-06-09T05:21:58.016+0000][7][gc,cpu      ] GC(61) User=0.01s Sys=0.00s Real=0.02s
[2022-06-09T05:21:58.016+0000][7][safepoint   ] Safepoint "G1Concurrent", Time since last: 115982959 ns, Reaching safepoint: 24298 ns, At safepoint: 13217392 ns, Total: 13241690 ns
[2022-06-09T05:21:58.016+0000][7][gc,marking  ] GC(61) Concurrent Mark 127.980ms
[2022-06-09T05:21:58.016+0000][7][gc,marking  ] GC(61) Concurrent Rebuild Remembered Sets
[2022-06-09T05:21:58.077+0000][7][gc,marking  ] GC(61) Concurrent Rebuild Remembered Sets 61.046ms
[2022-06-09T05:21:58.077+0000][7][gc,start    ] GC(61) Pause Cleanup
[2022-06-09T05:21:58.077+0000][7][gc          ] GC(61) Pause Cleanup 90M->90M(256M) 0.059ms
[2022-06-09T05:21:58.077+0000][7][gc,cpu      ] GC(61) User=0.00s Sys=0.00s Real=0.00s
[2022-06-09T05:21:58.077+0000][7][safepoint   ] Safepoint "G1Concurrent", Time since last: 61146192 ns, Reaching safepoint: 23722 ns, At safepoint: 99333 ns, Total: 123055 ns
[2022-06-09T05:21:58.077+0000][7][gc,marking  ] GC(61) Concurrent Cleanup for Next Mark
[2022-06-09T05:21:58.078+0000][7][gc,marking  ] GC(61) Concurrent Cleanup for Next Mark 0.656ms
[2022-06-09T05:21:58.078+0000][7][gc          ] GC(61) Concurrent Mark Cycle 191.157ms
[2022-06-09T05:22:12.079+0000][7][safepoint   ] Safepoint "Cleanup", Time since last: 14001650062 ns, Reaching safepoint: 38651 ns, At safepoint: 4772 ns, Total: 43423 ns
[2022-06-09T05:22:34.081+0000][7][safepoint   ] Safepoint "Cleanup", Time since last: 22002628394 ns, Reaching safepoint: 31992 ns, At safepoint: 4495 ns, Total: 36487 ns
[2022-06-09T05:26:51.110+0000][7][safepoint   ] Safepoint "Cleanup", Time since last: 257028296430 ns, Reaching safepoint: 38679 ns, At safepoint: 27816 ns, Total: 66495 ns
[2022-06-09T05:27:01.111+0000][7][safepoint   ] Safepoint "Cleanup", Time since last: 10001126558 ns, Reaching safepoint: 40890 ns, At safepoint: 5294 ns, Total: 46184 ns
[2022-06-09T05:27:12.013+0000][7][gc,start    ] GC(62) Pause Young (Normal) (G1 Evacuation Pause)
[2022-06-09T05:27:12.013+0000][7][gc,task     ] GC(62) Using 1 workers of 1 for evacuation
[2022-06-09T05:27:12.013+0000][7][gc,age      ] GC(62) Desired survivor size 8388608 bytes, new threshold 15 (max threshold 15)
[2022-06-09T05:27:12.017+0000][7][gc,phases   ] GC(62)   Pre Evacuate Collection Set: 0.0ms
[2022-06-09T05:27:12.017+0000][7][gc,phases   ] GC(62)   Merge Heap Roots: 0.1ms
[2022-06-09T05:27:12.017+0000][7][gc,phases   ] GC(62)   Evacuate Collection Set: 2.9ms
[2022-06-09T05:27:12.017+0000][7][gc,phases   ] GC(62)   Post Evacuate Collection Set: 1.0ms
[2022-06-09T05:27:12.017+0000][7][gc,phases   ] GC(62)   Other: 0.2ms
[2022-06-09T05:27:12.017+0000][7][gc,age      ] GC(62) Age table with threshold 15 (max threshold 15)
[2022-06-09T05:27:12.017+0000][7][gc,age      ] GC(62) - age   1:       8856 bytes,       8856 total
[2022-06-09T05:27:12.017+0000][7][gc,age      ] GC(62) - age   2:       3728 bytes,      12584 total
[2022-06-09T05:27:12.017+0000][7][gc,age      ] GC(62) - age   3:       1144 bytes,      13728 total
[2022-06-09T05:27:12.017+0000][7][gc,age      ] GC(62) - age   4:       2008 bytes,      15736 total
[2022-06-09T05:27:12.017+0000][7][gc,age      ] GC(62) - age   5:       2208 bytes,      17944 total
[2022-06-09T05:27:12.017+0000][7][gc,age      ] GC(62) - age   6:        240 bytes,      18184 total
[2022-06-09T05:27:12.017+0000][7][gc,age      ] GC(62) - age   7:       1360 bytes,      19544 total
[2022-06-09T05:27:12.017+0000][7][gc,age      ] GC(62) - age   8:       5584 bytes,      25128 total
[2022-06-09T05:27:12.017+0000][7][gc,age      ] GC(62) - age   9:        688 bytes,      25816 total
[2022-06-09T05:27:12.017+0000][7][gc,age      ] GC(62) - age  10:       1560 bytes,      27376 total
[2022-06-09T05:27:12.017+0000][7][gc,age      ] GC(62) - age  11:      13216 bytes,      40592 total
[2022-06-09T05:27:12.017+0000][7][gc,age      ] GC(62) - age  12:       5064 bytes,      45656 total
[2022-06-09T05:27:12.017+0000][7][gc,age      ] GC(62) - age  13:      23960 bytes,      69616 total
[2022-06-09T05:27:12.017+0000][7][gc,age      ] GC(62) - age  14:      41160 bytes,     110776 total
[2022-06-09T05:27:12.017+0000][7][gc,age      ] GC(62) - age  15:      53488 bytes,     164264 total
[2022-06-09T05:27:12.017+0000][7][gc,heap     ] GC(62) Eden regions: 28->0(28)
[2022-06-09T05:27:12.017+0000][7][gc,heap     ] GC(62) Survivor regions: 1->1(4)
[2022-06-09T05:27:12.017+0000][7][gc,heap     ] GC(62) Old regions: 20->20
[2022-06-09T05:27:12.017+0000][7][gc,heap     ] GC(62) Archive regions: 2->2
[2022-06-09T05:27:12.017+0000][7][gc,heap     ] GC(62) Humongous regions: 2->2
[2022-06-09T05:27:12.017+0000][7][gc,metaspace] GC(62) Metaspace: 102814K(107456K)->102814K(107456K) NonClass: 88991K(91776K)->88991K(91776K) Class: 13822K(15680K)->13822K(15680K)
[2022-06-09T05:27:12.017+0000][7][gc          ] GC(62) Pause Young (Normal) (G1 Evacuation Pause) 201M->89M(256M) 4.398ms
[2022-06-09T05:27:12.017+0000][7][gc,cpu      ] GC(62) User=0.00s Sys=0.00s Real=0.01s
[2022-06-09T05:27:12.017+0000][7][safepoint   ] Safepoint "G1CollectForAllocation", Time since last: 10901442275 ns, Reaching safepoint: 154850 ns, At safepoint: 4445883 ns, Total: 4600733 ns
[2022-06-09T05:27:21.018+0000][7][safepoint   ] Safepoint "Cleanup", Time since last: 9000894327 ns, Reaching safepoint: 37675 ns, At safepoint: 14983 ns, Total: 52658 ns
[2022-06-09T05:29:15.031+0000][7][safepoint   ] Safepoint "Cleanup", Time since last: 114012605079 ns, Reaching safepoint: 42742 ns, At safepoint: 5060 ns, Total: 47802 ns
[2022-06-09T05:29:35.033+0000][7][safepoint   ] Safepoint "Cleanup", Time since last: 20002422464 ns, Reaching safepoint: 38595 ns, At safepoint: 27712 ns, Total: 66307 ns
[2022-06-09T05:30:05.037+0000][7][safepoint   ] Safepoint "Cleanup", Time since last: 30003548444 ns, Reaching safepoint: 37117 ns, At safepoint: 27156 ns, Total: 64273 ns
[2022-06-09T05:32:24.014+0000][7][gc,start    ] GC(63) Pause Young (Concurrent Start) (G1 Evacuation Pause)
[2022-06-09T05:32:24.014+0000][7][gc,task     ] GC(63) Using 1 workers of 1 for evacuation
[2022-06-09T05:32:24.014+0000][7][gc,age      ] GC(63) Desired survivor size 8388608 bytes, new threshold 15 (max threshold 15)
[2022-06-09T05:32:24.018+0000][7][gc,phases   ] GC(63)   Pre Evacuate Collection Set: 0.2ms
[2022-06-09T05:32:24.018+0000][7][gc,phases   ] GC(63)   Merge Heap Roots: 0.0ms
[2022-06-09T05:32:24.018+0000][7][gc,phases   ] GC(63)   Evacuate Collection Set: 2.2ms
[2022-06-09T05:32:24.018+0000][7][gc,phases   ] GC(63)   Post Evacuate Collection Set: 1.0ms
[2022-06-09T05:32:24.018+0000][7][gc,phases   ] GC(63)   Other: 0.1ms
[2022-06-09T05:32:24.018+0000][7][gc,age      ] GC(63) Age table with threshold 15 (max threshold 15)
[2022-06-09T05:32:24.018+0000][7][gc,age      ] GC(63) - age   1:       8600 bytes,       8600 total
[2022-06-09T05:32:24.018+0000][7][gc,age      ] GC(63) - age   2:       1192 bytes,       9792 total
[2022-06-09T05:32:24.018+0000][7][gc,age      ] GC(63) - age   3:       2960 bytes,      12752 total
[2022-06-09T05:32:24.018+0000][7][gc,age      ] GC(63) - age   4:       1144 bytes,      13896 total
[2022-06-09T05:32:24.018+0000][7][gc,age      ] GC(63) - age   5:       2008 bytes,      15904 total
[2022-06-09T05:32:24.018+0000][7][gc,age      ] GC(63) - age   6:       2208 bytes,      18112 total
[2022-06-09T05:32:24.018+0000][7][gc,age      ] GC(63) - age   7:        240 bytes,      18352 total
[2022-06-09T05:32:24.018+0000][7][gc,age      ] GC(63) - age   8:       1360 bytes,      19712 total
[2022-06-09T05:32:24.018+0000][7][gc,age      ] GC(63) - age   9:       5584 bytes,      25296 total
[2022-06-09T05:32:24.018+0000][7][gc,age      ] GC(63) - age  10:        688 bytes,      25984 total
[2022-06-09T05:32:24.018+0000][7][gc,age      ] GC(63) - age  11:       1560 bytes,      27544 total
[2022-06-09T05:32:24.018+0000][7][gc,age      ] GC(63) - age  12:      13216 bytes,      40760 total
[2022-06-09T05:32:24.018+0000][7][gc,age      ] GC(63) - age  13:       5064 bytes,      45824 total
[2022-06-09T05:32:24.018+0000][7][gc,age      ] GC(63) - age  14:      23960 bytes,      69784 total
[2022-06-09T05:32:24.018+0000][7][gc,age      ] GC(63) - age  15:      41160 bytes,     110944 total
[2022-06-09T05:32:24.018+0000][7][gc,heap     ] GC(63) Eden regions: 28->0(28)
[2022-06-09T05:32:24.018+0000][7][gc,heap     ] GC(63) Survivor regions: 1->1(4)
[2022-06-09T05:32:24.018+0000][7][gc,heap     ] GC(63) Old regions: 20->20
[2022-06-09T05:32:24.018+0000][7][gc,heap     ] GC(63) Archive regions: 2->2
[2022-06-09T05:32:24.018+0000][7][gc,heap     ] GC(63) Humongous regions: 2->2
[2022-06-09T05:32:24.018+0000][7][gc,metaspace] GC(63) Metaspace: 102840K(107456K)->102840K(107456K) NonClass: 89017K(91776K)->89017K(91776K) Class: 13822K(15680K)->13822K(15680K)
[2022-06-09T05:32:24.018+0000][7][gc          ] GC(63) Pause Young (Concurrent Start) (G1 Evacuation Pause) 201M->89M(256M) 3.832ms
[2022-06-09T05:32:24.018+0000][7][gc,cpu      ] GC(63) User=0.00s Sys=0.00s Real=0.01s
[2022-06-09T05:32:24.018+0000][7][safepoint   ] Safepoint "G1CollectForAllocation", Time since last: 138977561164 ns, Reaching safepoint: 33758 ns, At safepoint: 3886332 ns, Total: 3920090 ns
[2022-06-09T05:32:24.018+0000][7][gc          ] GC(64) Concurrent Mark Cycle
[2022-06-09T05:32:24.018+0000][7][gc,marking  ] GC(64) Concurrent Clear Claimed Marks
[2022-06-09T05:32:24.018+0000][7][gc,marking  ] GC(64) Concurrent Clear Claimed Marks 0.041ms
[2022-06-09T05:32:24.018+0000][7][gc,marking  ] GC(64) Concurrent Scan Root Regions
[2022-06-09T05:32:24.020+0000][7][gc,marking  ] GC(64) Concurrent Scan Root Regions 1.211ms
[2022-06-09T05:32:24.020+0000][7][gc,marking  ] GC(64) Concurrent Mark
[2022-06-09T05:32:24.020+0000][7][gc,marking  ] GC(64) Concurrent Mark From Roots
[2022-06-09T05:32:24.020+0000][7][gc,task     ] GC(64) Using 1 workers of 1 for marking
[2022-06-09T05:32:24.135+0000][7][gc,marking  ] GC(64) Concurrent Mark From Roots 115.645ms
[2022-06-09T05:32:24.135+0000][7][gc,marking  ] GC(64) Concurrent Preclean
[2022-06-09T05:32:24.135+0000][7][gc,marking  ] GC(64) Concurrent Preclean 0.134ms
[2022-06-09T05:32:24.135+0000][7][gc,start    ] GC(64) Pause Remark
[2022-06-09T05:32:24.149+0000][7][gc          ] GC(64) Pause Remark 90M->90M(256M) 13.641ms
[2022-06-09T05:32:24.149+0000][7][gc,cpu      ] GC(64) User=0.01s Sys=0.00s Real=0.01s
[2022-06-09T05:32:24.149+0000][7][safepoint   ] Safepoint "G1Concurrent", Time since last: 117196482 ns, Reaching safepoint: 26142 ns, At safepoint: 13724668 ns, Total: 13750810 ns
[2022-06-09T05:32:24.149+0000][7][gc,marking  ] GC(64) Concurrent Mark 129.835ms
[2022-06-09T05:32:24.149+0000][7][gc,marking  ] GC(64) Concurrent Rebuild Remembered Sets
[2022-06-09T05:32:24.211+0000][7][gc,marking  ] GC(64) Concurrent Rebuild Remembered Sets 61.419ms
[2022-06-09T05:32:24.211+0000][7][gc,start    ] GC(64) Pause Cleanup
[2022-06-09T05:32:24.211+0000][7][gc          ] GC(64) Pause Cleanup 91M->91M(256M) 0.052ms
[2022-06-09T05:32:24.211+0000][7][gc,cpu      ] GC(64) User=0.00s Sys=0.00s Real=0.00s
[2022-06-09T05:32:24.211+0000][7][safepoint   ] Safepoint "G1Concurrent", Time since last: 61723054 ns, Reaching safepoint: 22443 ns, At safepoint: 88400 ns, Total: 110843 ns
[2022-06-09T05:32:24.211+0000][7][gc,marking  ] GC(64) Concurrent Cleanup for Next Mark
[2022-06-09T05:32:24.212+0000][7][gc,marking  ] GC(64) Concurrent Cleanup for Next Mark 0.648ms
[2022-06-09T05:32:24.212+0000][7][gc          ] GC(64) Concurrent Mark Cycle 193.423ms
[2022-06-09T05:34:07.128+0000][7][gc,heap,exit] Heap
[2022-06-09T05:34:07.128+0000][7][gc,heap,exit]  garbage-first heap   total 262144K, used 138155K [0x00000000f0000000, 0x0000000100000000)
[2022-06-09T05:34:07.128+0000][7][gc,heap,exit]   region size 4096K, 13 young (53248K), 1 survivors (4096K)
[2022-06-09T05:34:07.128+0000][7][gc,heap,exit]  Metaspace       used 103070K, committed 107456K, reserved 1179648K
[2022-06-09T05:34:07.128+0000][7][gc,heap,exit]   class space    used 13864K, committed 15680K, reserved 1048576K
