[2022-06-28T06:55:33.800+0000][7][gc,init] CardTable entry size: 512
[2022-06-28T06:55:33.805+0000][7][gc     ] Using G1
[2022-06-28T06:55:34.086+0000][7][gc,init] Version: 18.0.1.1+2-6 (release)
[2022-06-28T06:55:34.086+0000][7][gc,init] CPUs: 1 total, 1 available
[2022-06-28T06:55:34.086+0000][7][gc,init] Memory: 1974M
[2022-06-28T06:55:34.086+0000][7][gc,init] Large Page Support: Disabled
[2022-06-28T06:55:34.086+0000][7][gc,init] NUMA Support: Disabled
[2022-06-28T06:55:34.086+0000][7][gc,init] Compressed Oops: Enabled (32-bit)
[2022-06-28T06:55:34.086+0000][7][gc,init] Heap Region Size: 4M
[2022-06-28T06:55:34.086+0000][7][gc,init] Heap Min Capacity: 256M
[2022-06-28T06:55:34.086+0000][7][gc,init] Heap Initial Capacity: 256M
[2022-06-28T06:55:34.086+0000][7][gc,init] Heap Max Capacity: 256M
[2022-06-28T06:55:34.086+0000][7][gc,init] Pre-touch: Enabled
[2022-06-28T06:55:34.087+0000][7][gc,init] Parallel Workers: 1
[2022-06-28T06:55:34.087+0000][7][gc,init] Concurrent Workers: 1
[2022-06-28T06:55:34.087+0000][7][gc,init] Concurrent Refinement Workers: 1
[2022-06-28T06:55:34.087+0000][7][gc,init] Periodic GC: Disabled
[2022-06-28T06:55:34.087+0000][7][gc,metaspace] CDS archive(s) mapped at: [0x0000000800000000-0x0000000800baf000-0x0000000800baf000), size 12251136, SharedBaseAddress: 0x0000000800000000, ArchiveRelocationMode: 0.
[2022-06-28T06:55:34.087+0000][7][gc,metaspace] Compressed class space mapped at: 0x0000000800c00000-0x0000000840c00000, reserved size: 1073741824
[2022-06-28T06:55:34.087+0000][7][gc,metaspace] Narrow klass base: 0x0000000800000000, Narrow klass shift: 0, Narrow klass range: 0x100000000
[2022-06-28T06:55:35.420+0000][7][gc,start    ] GC(0) Pause Young (Normal) (G1 Evacuation Pause)
[2022-06-28T06:55:35.420+0000][7][gc,task     ] GC(0) Using 1 workers of 1 for evacuation
[2022-06-28T06:55:35.420+0000][7][gc,age      ] GC(0) Desired survivor size 2097152 bytes, new threshold 15 (max threshold 15)
[2022-06-28T06:55:35.428+0000][7][gc,phases   ] GC(0)   Pre Evacuate Collection Set: 0.0ms
[2022-06-28T06:55:35.428+0000][7][gc,phases   ] GC(0)   Merge Heap Roots: 0.0ms
[2022-06-28T06:55:35.428+0000][7][gc,phases   ] GC(0)   Evacuate Collection Set: 7.8ms
[2022-06-28T06:55:35.428+0000][7][gc,phases   ] GC(0)   Post Evacuate Collection Set: 0.3ms
[2022-06-28T06:55:35.428+0000][7][gc,phases   ] GC(0)   Other: 0.1ms
[2022-06-28T06:55:35.428+0000][7][gc,age      ] GC(0) Age table with threshold 15 (max threshold 15)
[2022-06-28T06:55:35.428+0000][7][gc,age      ] GC(0) - age   1:    3171688 bytes,    3171688 total
[2022-06-28T06:55:35.428+0000][7][gc,heap     ] GC(0) Eden regions: 3->0(2)
[2022-06-28T06:55:35.428+0000][7][gc,heap     ] GC(0) Survivor regions: 0->1(1)
[2022-06-28T06:55:35.428+0000][7][gc,heap     ] GC(0) Old regions: 0->0
[2022-06-28T06:55:35.428+0000][7][gc,heap     ] GC(0) Archive regions: 2->2
[2022-06-28T06:55:35.428+0000][7][gc,heap     ] GC(0) Humongous regions: 0->0
[2022-06-28T06:55:35.428+0000][7][gc,metaspace] GC(0) Metaspace: 4750K(4864K)->4750K(4864K) NonClass: 4271K(4352K)->4271K(4352K) Class: 478K(512K)->478K(512K)
[2022-06-28T06:55:35.428+0000][7][gc          ] GC(0) Pause Young (Normal) (G1 Evacuation Pause) 15M->6M(256M) 8.398ms
[2022-06-28T06:55:35.428+0000][7][gc,cpu      ] GC(0) User=0.00s Sys=0.00s Real=0.01s
[2022-06-28T06:55:35.428+0000][7][safepoint   ] Safepoint "G1CollectForAllocation", Time since last: 1317158415 ns, Reaching safepoint: 99983 ns, At safepoint: 8447431 ns, Total: 8547414 ns
[2022-06-28T06:55:36.469+0000][7][safepoint   ] Safepoint "Cleanup", Time since last: 1040774088 ns, Reaching safepoint: 63235 ns, At safepoint: 3672 ns, Total: 66907 ns
[2022-06-28T06:55:36.676+0000][7][gc,start    ] GC(1) Pause Young (Normal) (G1 Evacuation Pause)
[2022-06-28T06:55:36.676+0000][7][gc,task     ] GC(1) Using 1 workers of 1 for evacuation
[2022-06-28T06:55:36.676+0000][7][gc,age      ] GC(1) Desired survivor size 2097152 bytes, new threshold 1 (max threshold 15)
[2022-06-28T06:55:36.699+0000][7][gc,phases   ] GC(1)   Pre Evacuate Collection Set: 0.0ms
[2022-06-28T06:55:36.699+0000][7][gc,phases   ] GC(1)   Merge Heap Roots: 0.0ms
[2022-06-28T06:55:36.699+0000][7][gc,phases   ] GC(1)   Evacuate Collection Set: 14.3ms
[2022-06-28T06:55:36.699+0000][7][gc,phases   ] GC(1)   Post Evacuate Collection Set: 8.2ms
[2022-06-28T06:55:36.699+0000][7][gc,phases   ] GC(1)   Other: 0.1ms
[2022-06-28T06:55:36.699+0000][7][gc,age      ] GC(1) Age table with threshold 1 (max threshold 15)
[2022-06-28T06:55:36.699+0000][7][gc,age      ] GC(1) - age   1:    1033024 bytes,    1033024 total
[2022-06-28T06:55:36.699+0000][7][gc,heap     ] GC(1) Eden regions: 2->0(2)
[2022-06-28T06:55:36.699+0000][7][gc,heap     ] GC(1) Survivor regions: 1->1(1)
[2022-06-28T06:55:36.699+0000][7][gc,heap     ] GC(1) Old regions: 0->1
[2022-06-28T06:55:36.699+0000][7][gc,heap     ] GC(1) Archive regions: 2->2
[2022-06-28T06:55:36.699+0000][7][gc,heap     ] GC(1) Humongous regions: 0->0
[2022-06-28T06:55:36.699+0000][7][gc,metaspace] GC(1) Metaspace: 8134K(8384K)->8134K(8384K) NonClass: 7245K(7424K)->7245K(7424K) Class: 888K(960K)->888K(960K)
[2022-06-28T06:55:36.699+0000][7][gc          ] GC(1) Pause Young (Normal) (G1 Evacuation Pause) 14M->8M(256M) 22.860ms
[2022-06-28T06:55:36.699+0000][7][gc,cpu      ] GC(1) User=0.01s Sys=0.00s Real=0.02s
[2022-06-28T06:55:36.699+0000][7][safepoint   ] Safepoint "G1CollectForAllocation", Time since last: 206968541 ns, Reaching safepoint: 30589 ns, At safepoint: 22898026 ns, Total: 22928615 ns
[2022-06-28T06:55:37.212+0000][7][gc,start    ] GC(2) Pause Young (Normal) (G1 Evacuation Pause)
[2022-06-28T06:55:37.212+0000][7][gc,task     ] GC(2) Using 1 workers of 1 for evacuation
[2022-06-28T06:55:37.212+0000][7][gc,age      ] GC(2) Desired survivor size 2097152 bytes, new threshold 15 (max threshold 15)
[2022-06-28T06:55:37.227+0000][7][gc,phases   ] GC(2)   Pre Evacuate Collection Set: 0.0ms
[2022-06-28T06:55:37.227+0000][7][gc,phases   ] GC(2)   Merge Heap Roots: 0.0ms
[2022-06-28T06:55:37.227+0000][7][gc,phases   ] GC(2)   Evacuate Collection Set: 8.3ms
[2022-06-28T06:55:37.227+0000][7][gc,phases   ] GC(2)   Post Evacuate Collection Set: 6.7ms
[2022-06-28T06:55:37.227+0000][7][gc,phases   ] GC(2)   Other: 0.1ms
[2022-06-28T06:55:37.227+0000][7][gc,age      ] GC(2) Age table with threshold 15 (max threshold 15)
[2022-06-28T06:55:37.227+0000][7][gc,age      ] GC(2) - age   1:     551648 bytes,     551648 total
[2022-06-28T06:55:37.227+0000][7][gc,age      ] GC(2) - age   2:    1007376 bytes,    1559024 total
[2022-06-28T06:55:37.227+0000][7][gc,heap     ] GC(2) Eden regions: 2->0(2)
[2022-06-28T06:55:37.227+0000][7][gc,heap     ] GC(2) Survivor regions: 1->1(1)
[2022-06-28T06:55:37.227+0000][7][gc,heap     ] GC(2) Old regions: 1->1
[2022-06-28T06:55:37.227+0000][7][gc,heap     ] GC(2) Archive regions: 2->2
[2022-06-28T06:55:37.227+0000][7][gc,heap     ] GC(2) Humongous regions: 0->0
[2022-06-28T06:55:37.227+0000][7][gc,metaspace] GC(2) Metaspace: 9700K(9984K)->9700K(9984K) NonClass: 8555K(8704K)->8555K(8704K) Class: 1145K(1280K)->1145K(1280K)
[2022-06-28T06:55:37.227+0000][7][gc          ] GC(2) Pause Young (Normal) (G1 Evacuation Pause) 16M->8M(256M) 15.286ms
[2022-06-28T06:55:37.227+0000][7][gc,cpu      ] GC(2) User=0.01s Sys=0.00s Real=0.02s
[2022-06-28T06:55:37.227+0000][7][safepoint   ] Safepoint "G1CollectForAllocation", Time since last: 512606434 ns, Reaching safepoint: 50832 ns, At safepoint: 15332957 ns, Total: 15383789 ns
[2022-06-28T06:55:38.003+0000][7][gc,start    ] GC(3) Pause Young (Normal) (G1 Evacuation Pause)
[2022-06-28T06:55:38.003+0000][7][gc,task     ] GC(3) Using 1 workers of 1 for evacuation
[2022-06-28T06:55:38.003+0000][7][gc,age      ] GC(3) Desired survivor size 2097152 bytes, new threshold 15 (max threshold 15)
[2022-06-28T06:55:38.015+0000][7][gc,phases   ] GC(3)   Pre Evacuate Collection Set: 0.0ms
[2022-06-28T06:55:38.015+0000][7][gc,phases   ] GC(3)   Merge Heap Roots: 0.0ms
[2022-06-28T06:55:38.015+0000][7][gc,phases   ] GC(3)   Evacuate Collection Set: 11.8ms
[2022-06-28T06:55:38.015+0000][7][gc,phases   ] GC(3)   Post Evacuate Collection Set: 0.4ms
[2022-06-28T06:55:38.015+0000][7][gc,phases   ] GC(3)   Other: 0.1ms
[2022-06-28T06:55:38.015+0000][7][gc,age      ] GC(3) Age table with threshold 15 (max threshold 15)
[2022-06-28T06:55:38.015+0000][7][gc,age      ] GC(3) - age   1:    1040160 bytes,    1040160 total
[2022-06-28T06:55:38.015+0000][7][gc,age      ] GC(3) - age   2:     542288 bytes,    1582448 total
[2022-06-28T06:55:38.015+0000][7][gc,age      ] GC(3) - age   3:    1005784 bytes,    2588232 total
[2022-06-28T06:55:38.015+0000][7][gc,heap     ] GC(3) Eden regions: 2->0(3)
[2022-06-28T06:55:38.015+0000][7][gc,heap     ] GC(3) Survivor regions: 1->1(1)
[2022-06-28T06:55:38.015+0000][7][gc,heap     ] GC(3) Old regions: 1->1
[2022-06-28T06:55:38.015+0000][7][gc,heap     ] GC(3) Archive regions: 2->2
[2022-06-28T06:55:38.015+0000][7][gc,heap     ] GC(3) Humongous regions: 0->0
[2022-06-28T06:55:38.015+0000][7][gc,metaspace] GC(3) Metaspace: 11183K(11456K)->11183K(11456K) NonClass: 9846K(9984K)->9846K(9984K) Class: 1336K(1472K)->1336K(1472K)
[2022-06-28T06:55:38.015+0000][7][gc          ] GC(3) Pause Young (Normal) (G1 Evacuation Pause) 16M->9M(256M) 12.519ms
[2022-06-28T06:55:38.015+0000][7][gc,cpu      ] GC(3) User=0.01s Sys=0.00s Real=0.02s
[2022-06-28T06:55:38.015+0000][7][safepoint   ] Safepoint "G1CollectForAllocation", Time since last: 775579817 ns, Reaching safepoint: 75161 ns, At safepoint: 12564132 ns, Total: 12639293 ns
[2022-06-28T06:55:38.987+0000][7][gc,start    ] GC(4) Pause Young (Normal) (G1 Evacuation Pause)
[2022-06-28T06:55:38.987+0000][7][gc,task     ] GC(4) Using 1 workers of 1 for evacuation
[2022-06-28T06:55:38.987+0000][7][gc,age      ] GC(4) Desired survivor size 2097152 bytes, new threshold 3 (max threshold 15)
[2022-06-28T06:55:39.008+0000][7][gc,phases   ] GC(4)   Pre Evacuate Collection Set: 0.0ms
[2022-06-28T06:55:39.008+0000][7][gc,phases   ] GC(4)   Merge Heap Roots: 0.0ms
[2022-06-28T06:55:39.008+0000][7][gc,phases   ] GC(4)   Evacuate Collection Set: 20.4ms
[2022-06-28T06:55:39.008+0000][7][gc,phases   ] GC(4)   Post Evacuate Collection Set: 0.5ms
[2022-06-28T06:55:39.008+0000][7][gc,phases   ] GC(4)   Other: 0.1ms
[2022-06-28T06:55:39.008+0000][7][gc,age      ] GC(4) Age table with threshold 3 (max threshold 15)
[2022-06-28T06:55:39.008+0000][7][gc,age      ] GC(4) - age   1:    1615032 bytes,    1615032 total
[2022-06-28T06:55:39.008+0000][7][gc,age      ] GC(4) - age   2:     961552 bytes,    2576584 total
[2022-06-28T06:55:39.008+0000][7][gc,age      ] GC(4) - age   3:     527928 bytes,    3104512 total
[2022-06-28T06:55:39.008+0000][7][gc,heap     ] GC(4) Eden regions: 3->0(4)
[2022-06-28T06:55:39.008+0000][7][gc,heap     ] GC(4) Survivor regions: 1->1(1)
[2022-06-28T06:55:39.008+0000][7][gc,heap     ] GC(4) Old regions: 1->1
[2022-06-28T06:55:39.008+0000][7][gc,heap     ] GC(4) Archive regions: 2->2
[2022-06-28T06:55:39.008+0000][7][gc,heap     ] GC(4) Humongous regions: 0->0
[2022-06-28T06:55:39.008+0000][7][gc,metaspace] GC(4) Metaspace: 13261K(13568K)->13261K(13568K) NonClass: 11705K(11904K)->11705K(11904K) Class: 1555K(1664K)->1555K(1664K)
[2022-06-28T06:55:39.008+0000][7][gc          ] GC(4) Pause Young (Normal) (G1 Evacuation Pause) 21M->10M(256M) 21.298ms
[2022-06-28T06:55:39.008+0000][7][gc,cpu      ] GC(4) User=0.01s Sys=0.00s Real=0.02s
[2022-06-28T06:55:39.008+0000][7][safepoint   ] Safepoint "G1CollectForAllocation", Time since last: 971472479 ns, Reaching safepoint: 105149 ns, At safepoint: 21345965 ns, Total: 21451114 ns
[2022-06-28T06:55:40.011+0000][7][safepoint   ] Safepoint "Cleanup", Time since last: 1002436649 ns, Reaching safepoint: 178986 ns, At safepoint: 4992 ns, Total: 183978 ns
[2022-06-28T06:55:40.095+0000][7][gc,start    ] GC(5) Pause Young (Normal) (G1 Evacuation Pause)
[2022-06-28T06:55:40.095+0000][7][gc,task     ] GC(5) Using 1 workers of 1 for evacuation
[2022-06-28T06:55:40.095+0000][7][gc,age      ] GC(5) Desired survivor size 2097152 bytes, new threshold 2 (max threshold 15)
[2022-06-28T06:55:40.124+0000][7][gc,phases   ] GC(5)   Pre Evacuate Collection Set: 0.0ms
[2022-06-28T06:55:40.124+0000][7][gc,phases   ] GC(5)   Merge Heap Roots: 0.0ms
[2022-06-28T06:55:40.124+0000][7][gc,phases   ] GC(5)   Evacuate Collection Set: 28.5ms
[2022-06-28T06:55:40.124+0000][7][gc,phases   ] GC(5)   Post Evacuate Collection Set: 0.4ms
[2022-06-28T06:55:40.124+0000][7][gc,phases   ] GC(5)   Other: 0.1ms
[2022-06-28T06:55:40.124+0000][7][gc,age      ] GC(5) Age table with threshold 2 (max threshold 15)
[2022-06-28T06:55:40.124+0000][7][gc,age      ] GC(5) - age   1:     530208 bytes,     530208 total
[2022-06-28T06:55:40.124+0000][7][gc,age      ] GC(5) - age   2:     994984 bytes,    1525192 total
[2022-06-28T06:55:40.124+0000][7][gc,heap     ] GC(5) Eden regions: 4->0(37)
[2022-06-28T06:55:40.124+0000][7][gc,heap     ] GC(5) Survivor regions: 1->1(1)
[2022-06-28T06:55:40.124+0000][7][gc,heap     ] GC(5) Old regions: 1->2
[2022-06-28T06:55:40.124+0000][7][gc,heap     ] GC(5) Archive regions: 2->2
[2022-06-28T06:55:40.124+0000][7][gc,heap     ] GC(5) Humongous regions: 0->0
[2022-06-28T06:55:40.124+0000][7][gc,metaspace] GC(5) Metaspace: 14831K(15168K)->14831K(15168K) NonClass: 13128K(13312K)->13128K(13312K) Class: 1702K(1856K)->1702K(1856K)
[2022-06-28T06:55:40.124+0000][7][gc          ] GC(5) Pause Young (Normal) (G1 Evacuation Pause) 26M->10M(256M) 29.215ms
[2022-06-28T06:55:40.124+0000][7][gc,cpu      ] GC(5) User=0.01s Sys=0.00s Real=0.02s
[2022-06-28T06:55:40.124+0000][7][safepoint   ] Safepoint "G1CollectForAllocation", Time since last: 83824862 ns, Reaching safepoint: 34693 ns, At safepoint: 29256833 ns, Total: 29291526 ns
[2022-06-28T06:55:41.125+0000][7][safepoint   ] Safepoint "Cleanup", Time since last: 1000095526 ns, Reaching safepoint: 616305 ns, At safepoint: 5377 ns, Total: 621682 ns
[2022-06-28T06:55:42.226+0000][7][safepoint   ] Safepoint "Cleanup", Time since last: 1101628239 ns, Reaching safepoint: 200634 ns, At safepoint: 6291 ns, Total: 206925 ns
[2022-06-28T06:55:43.425+0000][7][gc,start    ] GC(6) Pause Young (Normal) (G1 Evacuation Pause)
[2022-06-28T06:55:43.425+0000][7][gc,task     ] GC(6) Using 1 workers of 1 for evacuation
[2022-06-28T06:55:43.425+0000][7][gc,age      ] GC(6) Desired survivor size 10485760 bytes, new threshold 15 (max threshold 15)
[2022-06-28T06:55:43.457+0000][7][gc,phases   ] GC(6)   Pre Evacuate Collection Set: 0.0ms
[2022-06-28T06:55:43.457+0000][7][gc,phases   ] GC(6)   Merge Heap Roots: 0.0ms
[2022-06-28T06:55:43.457+0000][7][gc,phases   ] GC(6)   Evacuate Collection Set: 31.3ms
[2022-06-28T06:55:43.457+0000][7][gc,phases   ] GC(6)   Post Evacuate Collection Set: 0.6ms
[2022-06-28T06:55:43.457+0000][7][gc,phases   ] GC(6)   Other: 0.1ms
[2022-06-28T06:55:43.457+0000][7][gc,age      ] GC(6) Age table with threshold 15 (max threshold 15)
[2022-06-28T06:55:43.457+0000][7][gc,age      ] GC(6) - age   1:    3941424 bytes,    3941424 total
[2022-06-28T06:55:43.457+0000][7][gc,age      ] GC(6) - age   2:     459624 bytes,    4401048 total
[2022-06-28T06:55:43.457+0000][7][gc,age      ] GC(6) - age   3:     994472 bytes,    5395520 total
[2022-06-28T06:55:43.457+0000][7][gc,heap     ] GC(6) Eden regions: 37->0(36)
[2022-06-28T06:55:43.457+0000][7][gc,heap     ] GC(6) Survivor regions: 1->2(5)
[2022-06-28T06:55:43.457+0000][7][gc,heap     ] GC(6) Old regions: 2->2
[2022-06-28T06:55:43.457+0000][7][gc,heap     ] GC(6) Archive regions: 2->2
[2022-06-28T06:55:43.457+0000][7][gc,heap     ] GC(6) Humongous regions: 0->0
[2022-06-28T06:55:43.457+0000][7][gc,metaspace] GC(6) Metaspace: 17916K(18304K)->17916K(18304K) NonClass: 15834K(16064K)->15834K(16064K) Class: 2082K(2240K)->2082K(2240K)
[2022-06-28T06:55:43.457+0000][7][gc          ] GC(6) Pause Young (Normal) (G1 Evacuation Pause) 158M->14M(256M) 32.288ms
[2022-06-28T06:55:43.457+0000][7][gc,cpu      ] GC(6) User=0.01s Sys=0.00s Real=0.04s
[2022-06-28T06:55:43.457+0000][7][safepoint   ] Safepoint "G1CollectForAllocation", Time since last: 1198240161 ns, Reaching safepoint: 78882 ns, At safepoint: 32335643 ns, Total: 32414525 ns
[2022-06-28T06:55:44.470+0000][7][safepoint   ] Safepoint "Cleanup", Time since last: 1000621828 ns, Reaching safepoint: 12095912 ns, At safepoint: 17636 ns, Total: 12113548 ns
[2022-06-28T06:55:44.579+0000][7][gc,start    ] GC(7) Pause Young (Normal) (G1 Evacuation Pause)
[2022-06-28T06:55:44.579+0000][7][gc,task     ] GC(7) Using 1 workers of 1 for evacuation
[2022-06-28T06:55:44.579+0000][7][gc,age      ] GC(7) Desired survivor size 10485760 bytes, new threshold 15 (max threshold 15)
[2022-06-28T06:55:44.605+0000][7][gc,phases   ] GC(7)   Pre Evacuate Collection Set: 0.0ms
[2022-06-28T06:55:44.605+0000][7][gc,phases   ] GC(7)   Merge Heap Roots: 0.0ms
[2022-06-28T06:55:44.605+0000][7][gc,phases   ] GC(7)   Evacuate Collection Set: 25.7ms
[2022-06-28T06:55:44.605+0000][7][gc,phases   ] GC(7)   Post Evacuate Collection Set: 0.6ms
[2022-06-28T06:55:44.605+0000][7][gc,phases   ] GC(7)   Other: 0.1ms
[2022-06-28T06:55:44.605+0000][7][gc,age      ] GC(7) Age table with threshold 15 (max threshold 15)
[2022-06-28T06:55:44.605+0000][7][gc,age      ] GC(7) - age   1:    1405536 bytes,    1405536 total
[2022-06-28T06:55:44.605+0000][7][gc,age      ] GC(7) - age   2:    3913448 bytes,    5318984 total
[2022-06-28T06:55:44.605+0000][7][gc,age      ] GC(7) - age   3:     459520 bytes,    5778504 total
[2022-06-28T06:55:44.605+0000][7][gc,age      ] GC(7) - age   4:     994472 bytes,    6772976 total
[2022-06-28T06:55:44.605+0000][7][gc,heap     ] GC(7) Eden regions: 36->0(36)
[2022-06-28T06:55:44.605+0000][7][gc,heap     ] GC(7) Survivor regions: 2->2(5)
[2022-06-28T06:55:44.605+0000][7][gc,heap     ] GC(7) Old regions: 2->2
[2022-06-28T06:55:44.605+0000][7][gc,heap     ] GC(7) Archive regions: 2->2
[2022-06-28T06:55:44.605+0000][7][gc,heap     ] GC(7) Humongous regions: 0->0
[2022-06-28T06:55:44.605+0000][7][gc,metaspace] GC(7) Metaspace: 18418K(18880K)->18418K(18880K) NonClass: 16250K(16512K)->16250K(16512K) Class: 2167K(2368K)->2167K(2368K)
[2022-06-28T06:55:44.605+0000][7][gc          ] GC(7) Pause Young (Normal) (G1 Evacuation Pause) 158M->15M(256M) 26.642ms
[2022-06-28T06:55:44.605+0000][7][gc,cpu      ] GC(7) User=0.01s Sys=0.00s Real=0.02s
[2022-06-28T06:55:44.605+0000][7][safepoint   ] Safepoint "G1CollectForAllocation", Time since last: 108758712 ns, Reaching safepoint: 21728 ns, At safepoint: 26687046 ns, Total: 26708774 ns
[2022-06-28T06:55:45.612+0000][7][safepoint   ] Safepoint "Cleanup", Time since last: 1001280990 ns, Reaching safepoint: 5085006 ns, At safepoint: 6135 ns, Total: 5091141 ns
[2022-06-28T06:55:45.658+0000][7][gc,start    ] GC(8) Pause Young (Normal) (G1 Evacuation Pause)
[2022-06-28T06:55:45.659+0000][7][gc,task     ] GC(8) Using 1 workers of 1 for evacuation
[2022-06-28T06:55:45.659+0000][7][gc,age      ] GC(8) Desired survivor size 10485760 bytes, new threshold 15 (max threshold 15)
[2022-06-28T06:55:45.711+0000][7][gc,phases   ] GC(8)   Pre Evacuate Collection Set: 0.0ms
[2022-06-28T06:55:45.711+0000][7][gc,phases   ] GC(8)   Merge Heap Roots: 0.0ms
[2022-06-28T06:55:45.711+0000][7][gc,phases   ] GC(8)   Evacuate Collection Set: 43.9ms
[2022-06-28T06:55:45.711+0000][7][gc,phases   ] GC(8)   Post Evacuate Collection Set: 8.5ms
[2022-06-28T06:55:45.711+0000][7][gc,phases   ] GC(8)   Other: 0.1ms
[2022-06-28T06:55:45.711+0000][7][gc,age      ] GC(8) Age table with threshold 15 (max threshold 15)
[2022-06-28T06:55:45.711+0000][7][gc,age      ] GC(8) - age   1:    4484152 bytes,    4484152 total
[2022-06-28T06:55:45.711+0000][7][gc,age      ] GC(8) - age   2:     976928 bytes,    5461080 total
[2022-06-28T06:55:45.711+0000][7][gc,age      ] GC(8) - age   3:    3912840 bytes,    9373920 total
[2022-06-28T06:55:45.711+0000][7][gc,age      ] GC(8) - age   4:     459520 bytes,    9833440 total
[2022-06-28T06:55:45.711+0000][7][gc,age      ] GC(8) - age   5:     994472 bytes,   10827912 total
[2022-06-28T06:55:45.711+0000][7][gc,heap     ] GC(8) Eden regions: 36->0(35)
[2022-06-28T06:55:45.711+0000][7][gc,heap     ] GC(8) Survivor regions: 2->3(5)
[2022-06-28T06:55:45.711+0000][7][gc,heap     ] GC(8) Old regions: 2->2
[2022-06-28T06:55:45.711+0000][7][gc,heap     ] GC(8) Archive regions: 2->2
[2022-06-28T06:55:45.711+0000][7][gc,heap     ] GC(8) Humongous regions: 0->0
[2022-06-28T06:55:45.711+0000][7][gc,metaspace] GC(8) Metaspace: 18860K(19264K)->18860K(19264K) NonClass: 16652K(16896K)->16652K(16896K) Class: 2208K(2368K)->2208K(2368K)
[2022-06-28T06:55:45.711+0000][7][gc          ] GC(8) Pause Young (Normal) (G1 Evacuation Pause) 159M->20M(256M) 52.717ms
[2022-06-28T06:55:45.711+0000][7][gc,cpu      ] GC(8) User=0.03s Sys=0.00s Real=0.05s
[2022-06-28T06:55:45.711+0000][7][safepoint   ] Safepoint "G1CollectForAllocation", Time since last: 46825267 ns, Reaching safepoint: 20485 ns, At safepoint: 52760278 ns, Total: 52780763 ns
[2022-06-28T06:55:46.717+0000][7][safepoint   ] Safepoint "Cleanup", Time since last: 1000078093 ns, Reaching safepoint: 5802560 ns, At safepoint: 7071 ns, Total: 5809631 ns
[2022-06-28T06:55:46.823+0000][7][gc,start    ] GC(9) Pause Young (Normal) (G1 Evacuation Pause)
[2022-06-28T06:55:46.823+0000][7][gc,task     ] GC(9) Using 1 workers of 1 for evacuation
[2022-06-28T06:55:46.823+0000][7][gc,age      ] GC(9) Desired survivor size 10485760 bytes, new threshold 5 (max threshold 15)
[2022-06-28T06:55:46.847+0000][7][gc,phases   ] GC(9)   Pre Evacuate Collection Set: 0.0ms
[2022-06-28T06:55:46.847+0000][7][gc,phases   ] GC(9)   Merge Heap Roots: 0.0ms
[2022-06-28T06:55:46.847+0000][7][gc,phases   ] GC(9)   Evacuate Collection Set: 19.8ms
[2022-06-28T06:55:46.847+0000][7][gc,phases   ] GC(9)   Post Evacuate Collection Set: 4.0ms
[2022-06-28T06:55:46.847+0000][7][gc,phases   ] GC(9)   Other: 0.1ms
[2022-06-28T06:55:46.847+0000][7][gc,age      ] GC(9) Age table with threshold 5 (max threshold 15)
[2022-06-28T06:55:46.847+0000][7][gc,age      ] GC(9) - age   1:    1044392 bytes,    1044392 total
[2022-06-28T06:55:46.847+0000][7][gc,age      ] GC(9) - age   2:    2463936 bytes,    3508328 total
[2022-06-28T06:55:46.847+0000][7][gc,age      ] GC(9) - age   3:     976784 bytes,    4485112 total
[2022-06-28T06:55:46.847+0000][7][gc,age      ] GC(9) - age   4:    3912792 bytes,    8397904 total
[2022-06-28T06:55:46.847+0000][7][gc,age      ] GC(9) - age   5:     459520 bytes,    8857424 total
[2022-06-28T06:55:46.847+0000][7][gc,heap     ] GC(9) Eden regions: 35->0(35)
[2022-06-28T06:55:46.847+0000][7][gc,heap     ] GC(9) Survivor regions: 3->3(5)
[2022-06-28T06:55:46.847+0000][7][gc,heap     ] GC(9) Old regions: 2->2
[2022-06-28T06:55:46.847+0000][7][gc,heap     ] GC(9) Archive regions: 2->2
[2022-06-28T06:55:46.847+0000][7][gc,heap     ] GC(9) Humongous regions: 0->0
[2022-06-28T06:55:46.847+0000][7][gc,metaspace] GC(9) Metaspace: 19410K(19904K)->19410K(19904K) NonClass: 17128K(17408K)->17128K(17408K) Class: 2282K(2496K)->2282K(2496K)
[2022-06-28T06:55:46.847+0000][7][gc          ] GC(9) Pause Young (Normal) (G1 Evacuation Pause) 160M->20M(256M) 24.208ms
[2022-06-28T06:55:46.847+0000][7][gc,cpu      ] GC(9) User=0.01s Sys=0.00s Real=0.03s
[2022-06-28T06:55:46.847+0000][7][safepoint   ] Safepoint "G1CollectForAllocation", Time since last: 105415923 ns, Reaching safepoint: 20946 ns, At safepoint: 24254196 ns, Total: 24275142 ns
[2022-06-28T06:55:47.810+0000][7][gc,start    ] GC(10) Pause Young (Normal) (G1 Evacuation Pause)
[2022-06-28T06:55:47.811+0000][7][gc,task     ] GC(10) Using 1 workers of 1 for evacuation
[2022-06-28T06:55:47.811+0000][7][gc,age      ] GC(10) Desired survivor size 10485760 bytes, new threshold 15 (max threshold 15)
[2022-06-28T06:55:47.851+0000][7][gc,phases   ] GC(10)   Pre Evacuate Collection Set: 0.0ms
[2022-06-28T06:55:47.851+0000][7][gc,phases   ] GC(10)   Merge Heap Roots: 0.0ms
[2022-06-28T06:55:47.851+0000][7][gc,phases   ] GC(10)   Evacuate Collection Set: 26.7ms
[2022-06-28T06:55:47.851+0000][7][gc,phases   ] GC(10)   Post Evacuate Collection Set: 13.6ms
[2022-06-28T06:55:47.851+0000][7][gc,phases   ] GC(10)   Other: 0.1ms
[2022-06-28T06:55:47.851+0000][7][gc,age      ] GC(10) Age table with threshold 15 (max threshold 15)
[2022-06-28T06:55:47.851+0000][7][gc,age      ] GC(10) - age   1:    1292672 bytes,    1292672 total
[2022-06-28T06:55:47.851+0000][7][gc,age      ] GC(10) - age   2:    1039248 bytes,    2331920 total
[2022-06-28T06:55:47.851+0000][7][gc,age      ] GC(10) - age   3:    2463936 bytes,    4795856 total
[2022-06-28T06:55:47.851+0000][7][gc,age      ] GC(10) - age   4:     975904 bytes,    5771760 total
[2022-06-28T06:55:47.851+0000][7][gc,age      ] GC(10) - age   5:    3912312 bytes,    9684072 total
[2022-06-28T06:55:47.851+0000][7][gc,age      ] GC(10) - age   6:     459456 bytes,   10143528 total
[2022-06-28T06:55:47.851+0000][7][gc,heap     ] GC(10) Eden regions: 35->0(35)
[2022-06-28T06:55:47.851+0000][7][gc,heap     ] GC(10) Survivor regions: 3->3(5)
[2022-06-28T06:55:47.851+0000][7][gc,heap     ] GC(10) Old regions: 2->2
[2022-06-28T06:55:47.851+0000][7][gc,heap     ] GC(10) Archive regions: 2->2
[2022-06-28T06:55:47.851+0000][7][gc,heap     ] GC(10) Humongous regions: 0->0
[2022-06-28T06:55:47.851+0000][7][gc,metaspace] GC(10) Metaspace: 19749K(20288K)->19749K(20288K) NonClass: 17412K(17728K)->17412K(17728K) Class: 2337K(2560K)->2337K(2560K)
[2022-06-28T06:55:47.851+0000][7][gc          ] GC(10) Pause Young (Normal) (G1 Evacuation Pause) 160M->21M(256M) 40.740ms
[2022-06-28T06:55:47.851+0000][7][gc,cpu      ] GC(10) User=0.02s Sys=0.00s Real=0.04s
[2022-06-28T06:55:47.851+0000][7][safepoint   ] Safepoint "G1CollectForAllocation", Time since last: 963598303 ns, Reaching safepoint: 30278 ns, At safepoint: 40784743 ns, Total: 40815021 ns
[2022-06-28T06:55:48.852+0000][7][safepoint   ] Safepoint "Cleanup", Time since last: 1000092862 ns, Reaching safepoint: 373365 ns, At safepoint: 4755 ns, Total: 378120 ns
[2022-06-28T06:55:49.072+0000][7][gc,start    ] GC(11) Pause Young (Normal) (G1 Evacuation Pause)
[2022-06-28T06:55:49.072+0000][7][gc,task     ] GC(11) Using 1 workers of 1 for evacuation
[2022-06-28T06:55:49.072+0000][7][gc,age      ] GC(11) Desired survivor size 10485760 bytes, new threshold 15 (max threshold 15)
[2022-06-28T06:55:49.104+0000][7][gc,phases   ] GC(11)   Pre Evacuate Collection Set: 0.0ms
[2022-06-28T06:55:49.105+0000][7][gc,phases   ] GC(11)   Merge Heap Roots: 0.0ms
[2022-06-28T06:55:49.105+0000][7][gc,phases   ] GC(11)   Evacuate Collection Set: 31.9ms
[2022-06-28T06:55:49.105+0000][7][gc,phases   ] GC(11)   Post Evacuate Collection Set: 0.7ms
[2022-06-28T06:55:49.105+0000][7][gc,phases   ] GC(11)   Other: 0.1ms
[2022-06-28T06:55:49.105+0000][7][gc,age      ] GC(11) Age table with threshold 15 (max threshold 15)
[2022-06-28T06:55:49.105+0000][7][gc,age      ] GC(11) - age   1:    3130984 bytes,    3130984 total
[2022-06-28T06:55:49.105+0000][7][gc,age      ] GC(11) - age   2:     279200 bytes,    3410184 total
[2022-06-28T06:55:49.105+0000][7][gc,age      ] GC(11) - age   3:    1039216 bytes,    4449400 total
[2022-06-28T06:55:49.105+0000][7][gc,age      ] GC(11) - age   4:    2462864 bytes,    6912264 total
[2022-06-28T06:55:49.105+0000][7][gc,age      ] GC(11) - age   5:     973048 bytes,    7885312 total
[2022-06-28T06:55:49.105+0000][7][gc,age      ] GC(11) - age   6:    3911096 bytes,   11796408 total
[2022-06-28T06:55:49.105+0000][7][gc,age      ] GC(11) - age   7:     458808 bytes,   12255216 total
[2022-06-28T06:55:49.105+0000][7][gc,heap     ] GC(11) Eden regions: 35->0(35)
[2022-06-28T06:55:49.105+0000][7][gc,heap     ] GC(11) Survivor regions: 3->3(5)
[2022-06-28T06:55:49.105+0000][7][gc,heap     ] GC(11) Old regions: 2->2
[2022-06-28T06:55:49.105+0000][7][gc,heap     ] GC(11) Archive regions: 2->2
[2022-06-28T06:55:49.105+0000][7][gc,heap     ] GC(11) Humongous regions: 0->0
[2022-06-28T06:55:49.105+0000][7][gc,metaspace] GC(11) Metaspace: 20657K(21120K)->20657K(21120K) NonClass: 18210K(18496K)->18210K(18496K) Class: 2447K(2624K)->2447K(2624K)
[2022-06-28T06:55:49.105+0000][7][gc          ] GC(11) Pause Young (Normal) (G1 Evacuation Pause) 161M->22M(256M) 32.942ms
[2022-06-28T06:55:49.105+0000][7][gc,cpu      ] GC(11) User=0.02s Sys=0.01s Real=0.03s
[2022-06-28T06:55:49.105+0000][7][safepoint   ] Safepoint "G1CollectForAllocation", Time since last: 219949967 ns, Reaching safepoint: 75910 ns, At safepoint: 32998613 ns, Total: 33074523 ns
[2022-06-28T06:55:50.026+0000][7][gc,start    ] GC(12) Pause Young (Normal) (G1 Evacuation Pause)
[2022-06-28T06:55:50.026+0000][7][gc,task     ] GC(12) Using 1 workers of 1 for evacuation
[2022-06-28T06:55:50.026+0000][7][gc,age      ] GC(12) Desired survivor size 10485760 bytes, new threshold 6 (max threshold 15)
[2022-06-28T06:55:50.051+0000][7][gc,phases   ] GC(12)   Pre Evacuate Collection Set: 0.0ms
[2022-06-28T06:55:50.051+0000][7][gc,phases   ] GC(12)   Merge Heap Roots: 0.0ms
[2022-06-28T06:55:50.051+0000][7][gc,phases   ] GC(12)   Evacuate Collection Set: 24.2ms
[2022-06-28T06:55:50.051+0000][7][gc,phases   ] GC(12)   Post Evacuate Collection Set: 0.6ms
[2022-06-28T06:55:50.051+0000][7][gc,phases   ] GC(12)   Other: 0.1ms
[2022-06-28T06:55:50.051+0000][7][gc,age      ] GC(12) Age table with threshold 6 (max threshold 15)
[2022-06-28T06:55:50.051+0000][7][gc,age      ] GC(12) - age   1:     794368 bytes,     794368 total
[2022-06-28T06:55:50.051+0000][7][gc,age      ] GC(12) - age   2:    1620768 bytes,    2415136 total
[2022-06-28T06:55:50.051+0000][7][gc,age      ] GC(12) - age   3:     277664 bytes,    2692800 total
[2022-06-28T06:55:50.051+0000][7][gc,age      ] GC(12) - age   4:    1039216 bytes,    3732016 total
[2022-06-28T06:55:50.051+0000][7][gc,age      ] GC(12) - age   5:    2462800 bytes,    6194816 total
[2022-06-28T06:55:50.051+0000][7][gc,age      ] GC(12) - age   6:     972984 bytes,    7167800 total
[2022-06-28T06:55:50.051+0000][7][gc,heap     ] GC(12) Eden regions: 35->0(36)
[2022-06-28T06:55:50.051+0000][7][gc,heap     ] GC(12) Survivor regions: 3->2(5)
[2022-06-28T06:55:50.051+0000][7][gc,heap     ] GC(12) Old regions: 2->3
[2022-06-28T06:55:50.051+0000][7][gc,heap     ] GC(12) Archive regions: 2->2
[2022-06-28T06:55:50.051+0000][7][gc,heap     ] GC(12) Humongous regions: 0->0
[2022-06-28T06:55:50.051+0000][7][gc,metaspace] GC(12) Metaspace: 20966K(21504K)->20966K(21504K) NonClass: 18473K(18816K)->18473K(18816K) Class: 2492K(2688K)->2492K(2688K)
[2022-06-28T06:55:50.051+0000][7][gc          ] GC(12) Pause Young (Normal) (G1 Evacuation Pause) 162M->22M(256M) 25.189ms
[2022-06-28T06:55:50.051+0000][7][gc,cpu      ] GC(12) User=0.02s Sys=0.00s Real=0.03s
[2022-06-28T06:55:50.051+0000][7][safepoint   ] Safepoint "G1CollectForAllocation", Time since last: 921374727 ns, Reaching safepoint: 36493 ns, At safepoint: 25232589 ns, Total: 25269082 ns
[2022-06-28T06:55:50.338+0000][7][gc,start    ] GC(13) Pause Young (Concurrent Start) (Metadata GC Threshold)
[2022-06-28T06:55:50.338+0000][7][gc,task     ] GC(13) Using 1 workers of 1 for evacuation
[2022-06-28T06:55:50.338+0000][7][gc,age      ] GC(13) Desired survivor size 10485760 bytes, new threshold 15 (max threshold 15)
[2022-06-28T06:55:50.359+0000][7][gc,phases   ] GC(13)   Pre Evacuate Collection Set: 0.1ms
[2022-06-28T06:55:50.359+0000][7][gc,phases   ] GC(13)   Merge Heap Roots: 0.1ms
[2022-06-28T06:55:50.359+0000][7][gc,phases   ] GC(13)   Evacuate Collection Set: 12.0ms
[2022-06-28T06:55:50.359+0000][7][gc,phases   ] GC(13)   Post Evacuate Collection Set: 8.3ms
[2022-06-28T06:55:50.359+0000][7][gc,phases   ] GC(13)   Other: 0.1ms
[2022-06-28T06:55:50.359+0000][7][gc,age      ] GC(13) Age table with threshold 15 (max threshold 15)
[2022-06-28T06:55:50.359+0000][7][gc,age      ] GC(13) - age   1:     178040 bytes,     178040 total
[2022-06-28T06:55:50.359+0000][7][gc,age      ] GC(13) - age   2:     603792 bytes,     781832 total
[2022-06-28T06:55:50.359+0000][7][gc,age      ] GC(13) - age   3:    1620768 bytes,    2402600 total
[2022-06-28T06:55:50.359+0000][7][gc,age      ] GC(13) - age   4:     277448 bytes,    2680048 total
[2022-06-28T06:55:50.359+0000][7][gc,age      ] GC(13) - age   5:    1038672 bytes,    3718720 total
[2022-06-28T06:55:50.359+0000][7][gc,age      ] GC(13) - age   6:    2462800 bytes,    6181520 total
[2022-06-28T06:55:50.359+0000][7][gc,age      ] GC(13) - age   7:     972984 bytes,    7154504 total
[2022-06-28T06:55:50.359+0000][7][gc,heap     ] GC(13) Eden regions: 13->0(36)
[2022-06-28T06:55:50.359+0000][7][gc,heap     ] GC(13) Survivor regions: 2->2(5)
[2022-06-28T06:55:50.359+0000][7][gc,heap     ] GC(13) Old regions: 3->3
[2022-06-28T06:55:50.359+0000][7][gc,heap     ] GC(13) Archive regions: 2->2
[2022-06-28T06:55:50.359+0000][7][gc,heap     ] GC(13) Humongous regions: 0->0
[2022-06-28T06:55:50.359+0000][7][gc,metaspace] GC(13) Metaspace: 20994K(21504K)->20994K(21504K) NonClass: 18499K(18816K)->18499K(18816K) Class: 2495K(2688K)->2495K(2688K)
[2022-06-28T06:55:50.359+0000][7][gc          ] GC(13) Pause Young (Concurrent Start) (Metadata GC Threshold) 74M->21M(256M) 20.758ms
[2022-06-28T06:55:50.359+0000][7][gc,cpu      ] GC(13) User=0.01s Sys=0.00s Real=0.02s
[2022-06-28T06:55:50.359+0000][7][safepoint   ] Safepoint "CollectForMetadataAllocation", Time since last: 286887829 ns, Reaching safepoint: 20112 ns, At safepoint: 20861268 ns, Total: 20881380 ns
[2022-06-28T06:55:50.359+0000][7][gc          ] GC(14) Concurrent Mark Cycle
[2022-06-28T06:55:50.359+0000][7][gc,marking  ] GC(14) Concurrent Clear Claimed Marks
[2022-06-28T06:55:50.359+0000][7][gc,marking  ] GC(14) Concurrent Clear Claimed Marks 0.025ms
[2022-06-28T06:55:50.359+0000][7][gc,marking  ] GC(14) Concurrent Scan Root Regions
[2022-06-28T06:55:50.363+0000][7][gc,marking  ] GC(14) Concurrent Scan Root Regions 3.001ms
[2022-06-28T06:55:50.363+0000][7][gc,marking  ] GC(14) Concurrent Mark
[2022-06-28T06:55:50.363+0000][7][gc,marking  ] GC(14) Concurrent Mark From Roots
[2022-06-28T06:55:50.363+0000][7][gc,task     ] GC(14) Using 1 workers of 1 for marking
[2022-06-28T06:55:50.438+0000][7][gc,marking  ] GC(14) Concurrent Mark From Roots 75.670ms
[2022-06-28T06:55:50.438+0000][7][gc,marking  ] GC(14) Concurrent Preclean
[2022-06-28T06:55:50.438+0000][7][gc,marking  ] GC(14) Concurrent Preclean 0.042ms
[2022-06-28T06:55:50.441+0000][7][gc,start    ] GC(14) Pause Remark
[2022-06-28T06:55:50.456+0000][7][gc          ] GC(14) Pause Remark 31M->31M(256M) 14.879ms
[2022-06-28T06:55:50.456+0000][7][gc,cpu      ] GC(14) User=0.00s Sys=0.00s Real=0.02s
[2022-06-28T06:55:50.456+0000][7][safepoint   ] Safepoint "G1Concurrent", Time since last: 79227060 ns, Reaching safepoint: 2733395 ns, At safepoint: 14938182 ns, Total: 17671577 ns
[2022-06-28T06:55:50.462+0000][7][gc,marking  ] GC(14) Concurrent Mark 99.973ms
[2022-06-28T06:55:50.463+0000][7][gc,marking  ] GC(14) Concurrent Rebuild Remembered Sets
[2022-06-28T06:55:50.511+0000][7][gc,marking  ] GC(14) Concurrent Rebuild Remembered Sets 48.333ms
[2022-06-28T06:55:50.513+0000][7][gc,start    ] GC(14) Pause Cleanup
[2022-06-28T06:55:50.513+0000][7][gc          ] GC(14) Pause Cleanup 41M->41M(256M) 0.050ms
[2022-06-28T06:55:50.513+0000][7][gc,cpu      ] GC(14) User=0.00s Sys=0.00s Real=0.00s
[2022-06-28T06:55:50.513+0000][7][safepoint   ] Safepoint "G1Concurrent", Time since last: 54907940 ns, Reaching safepoint: 2044400 ns, At safepoint: 84669 ns, Total: 2129069 ns
[2022-06-28T06:55:50.513+0000][7][gc,marking  ] GC(14) Concurrent Cleanup for Next Mark
[2022-06-28T06:55:50.514+0000][7][gc,marking  ] GC(14) Concurrent Cleanup for Next Mark 0.659ms
[2022-06-28T06:55:50.514+0000][7][gc          ] GC(14) Concurrent Mark Cycle 154.288ms
[2022-06-28T06:55:51.255+0000][7][gc,start    ] GC(15) Pause Young (Normal) (G1 Evacuation Pause)
[2022-06-28T06:55:51.255+0000][7][gc,task     ] GC(15) Using 1 workers of 1 for evacuation
[2022-06-28T06:55:51.255+0000][7][gc,age      ] GC(15) Desired survivor size 10485760 bytes, new threshold 15 (max threshold 15)
[2022-06-28T06:55:51.280+0000][7][gc,phases   ] GC(15)   Pre Evacuate Collection Set: 0.0ms
[2022-06-28T06:55:51.280+0000][7][gc,phases   ] GC(15)   Merge Heap Roots: 0.1ms
[2022-06-28T06:55:51.280+0000][7][gc,phases   ] GC(15)   Evacuate Collection Set: 24.3ms
[2022-06-28T06:55:51.280+0000][7][gc,phases   ] GC(15)   Post Evacuate Collection Set: 0.6ms
[2022-06-28T06:55:51.280+0000][7][gc,phases   ] GC(15)   Other: 0.1ms
[2022-06-28T06:55:51.280+0000][7][gc,age      ] GC(15) Age table with threshold 15 (max threshold 15)
[2022-06-28T06:55:51.280+0000][7][gc,age      ] GC(15) - age   1:    2209488 bytes,    2209488 total
[2022-06-28T06:55:51.280+0000][7][gc,age      ] GC(15) - age   2:     170480 bytes,    2379968 total
[2022-06-28T06:55:51.280+0000][7][gc,age      ] GC(15) - age   3:     603792 bytes,    2983760 total
[2022-06-28T06:55:51.280+0000][7][gc,age      ] GC(15) - age   4:    1620736 bytes,    4604496 total
[2022-06-28T06:55:51.280+0000][7][gc,age      ] GC(15) - age   5:     277384 bytes,    4881880 total
[2022-06-28T06:55:51.280+0000][7][gc,age      ] GC(15) - age   6:    1038672 bytes,    5920552 total
[2022-06-28T06:55:51.280+0000][7][gc,age      ] GC(15) - age   7:    2462528 bytes,    8383080 total
[2022-06-28T06:55:51.280+0000][7][gc,age      ] GC(15) - age   8:     972984 bytes,    9356064 total
[2022-06-28T06:55:51.280+0000][7][gc,heap     ] GC(15) Eden regions: 36->0(35)
[2022-06-28T06:55:51.280+0000][7][gc,heap     ] GC(15) Survivor regions: 2->3(5)
[2022-06-28T06:55:51.280+0000][7][gc,heap     ] GC(15) Old regions: 3->3
[2022-06-28T06:55:51.280+0000][7][gc,heap     ] GC(15) Archive regions: 2->2
[2022-06-28T06:55:51.280+0000][7][gc,heap     ] GC(15) Humongous regions: 0->0
[2022-06-28T06:55:51.280+0000][7][gc,metaspace] GC(15) Metaspace: 21048K(21632K)->21048K(21632K) NonClass: 18540K(18880K)->18540K(18880K) Class: 2508K(2752K)->2508K(2752K)
[2022-06-28T06:55:51.280+0000][7][gc          ] GC(15) Pause Young (Normal) (G1 Evacuation Pause) 165M->23M(256M) 25.339ms
[2022-06-28T06:55:51.280+0000][7][gc,cpu      ] GC(15) User=0.01s Sys=0.00s Real=0.02s
[2022-06-28T06:55:51.280+0000][7][safepoint   ] Safepoint "G1CollectForAllocation", Time since last: 741465582 ns, Reaching safepoint: 27904 ns, At safepoint: 25392075 ns, Total: 25419979 ns
[2022-06-28T06:55:53.212+0000][7][safepoint   ] Safepoint "Cleanup", Time since last: 1930585604 ns, Reaching safepoint: 1195975 ns, At safepoint: 5892 ns, Total: 1201867 ns
[2022-06-28T06:55:54.940+0000][7][safepoint   ] Safepoint "Cleanup", Time since last: 1722285845 ns, Reaching safepoint: 6325191 ns, At safepoint: 6036 ns, Total: 6331227 ns
[2022-06-28T06:55:55.941+0000][7][safepoint   ] Safepoint "Cleanup", Time since last: 1000116621 ns, Reaching safepoint: 148956 ns, At safepoint: 5142 ns, Total: 154098 ns
[2022-06-28T06:55:56.951+0000][7][safepoint   ] Safepoint "Cleanup", Time since last: 1001946875 ns, Reaching safepoint: 7982552 ns, At safepoint: 10399 ns, Total: 7992951 ns
[2022-06-28T06:55:57.004+0000][7][gc,start    ] GC(16) Pause Young (Normal) (G1 Evacuation Pause)
[2022-06-28T06:55:57.004+0000][7][gc,task     ] GC(16) Using 1 workers of 1 for evacuation
[2022-06-28T06:55:57.004+0000][7][gc,age      ] GC(16) Desired survivor size 10485760 bytes, new threshold 15 (max threshold 15)
[2022-06-28T06:55:57.133+0000][7][gc,phases   ] GC(16)   Pre Evacuate Collection Set: 0.0ms
[2022-06-28T06:55:57.133+0000][7][gc,phases   ] GC(16)   Merge Heap Roots: 0.1ms
[2022-06-28T06:55:57.133+0000][7][gc,phases   ] GC(16)   Evacuate Collection Set: 128.2ms
[2022-06-28T06:55:57.133+0000][7][gc,phases   ] GC(16)   Post Evacuate Collection Set: 1.2ms
[2022-06-28T06:55:57.133+0000][7][gc,phases   ] GC(16)   Other: 0.1ms
[2022-06-28T06:55:57.133+0000][7][gc,age      ] GC(16) Age table with threshold 15 (max threshold 15)
[2022-06-28T06:55:57.133+0000][7][gc,age      ] GC(16) - age   1:   12646560 bytes,   12646560 total
[2022-06-28T06:55:57.133+0000][7][gc,age      ] GC(16) - age   2:     425256 bytes,   13071816 total
[2022-06-28T06:55:57.133+0000][7][gc,age      ] GC(16) - age   3:     169808 bytes,   13241624 total
[2022-06-28T06:55:57.133+0000][7][gc,age      ] GC(16) - age   4:     596808 bytes,   13838432 total
[2022-06-28T06:55:57.133+0000][7][gc,age      ] GC(16) - age   5:    1610808 bytes,   15449240 total
[2022-06-28T06:55:57.133+0000][7][gc,age      ] GC(16) - age   6:     276032 bytes,   15725272 total
[2022-06-28T06:55:57.133+0000][7][gc,age      ] GC(16) - age   7:    1037696 bytes,   16762968 total
[2022-06-28T06:55:57.133+0000][7][gc,age      ] GC(16) - age   8:    2459808 bytes,   19222776 total
[2022-06-28T06:55:57.133+0000][7][gc,age      ] GC(16) - age   9:     968488 bytes,   20191264 total
[2022-06-28T06:55:57.133+0000][7][gc,heap     ] GC(16) Eden regions: 35->0(33)
[2022-06-28T06:55:57.133+0000][7][gc,heap     ] GC(16) Survivor regions: 3->5(5)
[2022-06-28T06:55:57.133+0000][7][gc,heap     ] GC(16) Old regions: 3->3
[2022-06-28T06:55:57.133+0000][7][gc,heap     ] GC(16) Archive regions: 2->2
[2022-06-28T06:55:57.133+0000][7][gc,heap     ] GC(16) Humongous regions: 0->0
[2022-06-28T06:55:57.133+0000][7][gc,metaspace] GC(16) Metaspace: 30355K(31296K)->30355K(31296K) NonClass: 26612K(27200K)->26612K(27200K) Class: 3743K(4096K)->3743K(4096K)
[2022-06-28T06:55:57.134+0000][7][gc          ] GC(16) Pause Young (Normal) (G1 Evacuation Pause) 163M->33M(256M) 129.877ms
[2022-06-28T06:55:57.134+0000][7][gc,cpu      ] GC(16) User=0.06s Sys=0.00s Real=0.13s
[2022-06-28T06:55:57.134+0000][7][safepoint   ] Safepoint "G1CollectForAllocation", Time since last: 53070239 ns, Reaching safepoint: 23111 ns, At safepoint: 129923854 ns, Total: 129946965 ns
[2022-06-28T06:55:58.143+0000][7][safepoint   ] Safepoint "Cleanup", Time since last: 1000948321 ns, Reaching safepoint: 8024385 ns, At safepoint: 7846 ns, Total: 8032231 ns
[2022-06-28T06:55:59.145+0000][7][safepoint   ] Safepoint "Cleanup", Time since last: 1000139154 ns, Reaching safepoint: 2153322 ns, At safepoint: 5488 ns, Total: 2158810 ns
[2022-06-28T06:56:00.584+0000][7][gc,start    ] GC(17) Pause Young (Normal) (G1 Evacuation Pause)
[2022-06-28T06:56:00.584+0000][7][gc,task     ] GC(17) Using 1 workers of 1 for evacuation
[2022-06-28T06:56:00.584+0000][7][gc,age      ] GC(17) Desired survivor size 10485760 bytes, new threshold 1 (max threshold 15)
[2022-06-28T06:56:00.748+0000][7][gc,phases   ] GC(17)   Pre Evacuate Collection Set: 0.0ms
[2022-06-28T06:56:00.748+0000][7][gc,phases   ] GC(17)   Merge Heap Roots: 0.0ms
[2022-06-28T06:56:00.748+0000][7][gc,phases   ] GC(17)   Evacuate Collection Set: 163.1ms
[2022-06-28T06:56:00.748+0000][7][gc,phases   ] GC(17)   Post Evacuate Collection Set: 1.0ms
[2022-06-28T06:56:00.748+0000][7][gc,phases   ] GC(17)   Other: 0.1ms
[2022-06-28T06:56:00.748+0000][7][gc,age      ] GC(17) Age table with threshold 1 (max threshold 15)
[2022-06-28T06:56:00.748+0000][7][gc,age      ] GC(17) - age   1:   11968728 bytes,   11968728 total
[2022-06-28T06:56:00.748+0000][7][gc,heap     ] GC(17) Eden regions: 33->0(35)
[2022-06-28T06:56:00.748+0000][7][gc,heap     ] GC(17) Survivor regions: 5->3(5)
[2022-06-28T06:56:00.748+0000][7][gc,heap     ] GC(17) Old regions: 3->8
[2022-06-28T06:56:00.748+0000][7][gc,heap     ] GC(17) Archive regions: 2->2
[2022-06-28T06:56:00.748+0000][7][gc,heap     ] GC(17) Humongous regions: 0->0
[2022-06-28T06:56:00.748+0000][7][gc,metaspace] GC(17) Metaspace: 30624K(31616K)->30624K(31616K) NonClass: 26841K(27456K)->26841K(27456K) Class: 3782K(4160K)->3782K(4160K)
[2022-06-28T06:56:00.748+0000][7][gc          ] GC(17) Pause Young (Normal) (G1 Evacuation Pause) 165M->45M(256M) 164.404ms
[2022-06-28T06:56:00.748+0000][7][gc,cpu      ] GC(17) User=0.08s Sys=0.00s Real=0.17s
[2022-06-28T06:56:00.748+0000][7][safepoint   ] Safepoint "G1CollectForAllocation", Time since last: 1439059280 ns, Reaching safepoint: 94384 ns, At safepoint: 164449940 ns, Total: 164544324 ns
[2022-06-28T06:56:01.751+0000][7][safepoint   ] Safepoint "Cleanup", Time since last: 1000096126 ns, Reaching safepoint: 2020421 ns, At safepoint: 6675 ns, Total: 2027096 ns
[2022-06-28T06:56:02.755+0000][7][gc,start    ] GC(18) Pause Young (Concurrent Start) (Metadata GC Threshold)
[2022-06-28T06:56:02.755+0000][7][gc,task     ] GC(18) Using 1 workers of 1 for evacuation
[2022-06-28T06:56:02.755+0000][7][gc,age      ] GC(18) Desired survivor size 10485760 bytes, new threshold 1 (max threshold 15)
[2022-06-28T06:56:02.816+0000][7][gc,phases   ] GC(18)   Pre Evacuate Collection Set: 0.1ms
[2022-06-28T06:56:02.816+0000][7][gc,phases   ] GC(18)   Merge Heap Roots: 0.1ms
[2022-06-28T06:56:02.816+0000][7][gc,phases   ] GC(18)   Evacuate Collection Set: 60.5ms
[2022-06-28T06:56:02.816+0000][7][gc,phases   ] GC(18)   Post Evacuate Collection Set: 0.7ms
[2022-06-28T06:56:02.816+0000][7][gc,phases   ] GC(18)   Other: 0.1ms
[2022-06-28T06:56:02.816+0000][7][gc,age      ] GC(18) Age table with threshold 1 (max threshold 15)
[2022-06-28T06:56:02.816+0000][7][gc,age      ] GC(18) - age   1:    3523936 bytes,    3523936 total
[2022-06-28T06:56:02.816+0000][7][gc,heap     ] GC(18) Eden regions: 12->0(32)
[2022-06-28T06:56:02.816+0000][7][gc,heap     ] GC(18) Survivor regions: 3->1(5)
[2022-06-28T06:56:02.816+0000][7][gc,heap     ] GC(18) Old regions: 8->11
[2022-06-28T06:56:02.816+0000][7][gc,heap     ] GC(18) Archive regions: 2->2
[2022-06-28T06:56:02.816+0000][7][gc,heap     ] GC(18) Humongous regions: 0->0
[2022-06-28T06:56:02.816+0000][7][gc,metaspace] GC(18) Metaspace: 34970K(35968K)->34970K(35968K) NonClass: 30512K(31104K)->30512K(31104K) Class: 4458K(4864K)->4458K(4864K)
[2022-06-28T06:56:02.816+0000][7][gc          ] GC(18) Pause Young (Concurrent Start) (Metadata GC Threshold) 91M->49M(256M) 61.658ms
[2022-06-28T06:56:02.816+0000][7][gc,cpu      ] GC(18) User=0.03s Sys=0.00s Real=0.06s
[2022-06-28T06:56:02.816+0000][7][safepoint   ] Safepoint "CollectForMetadataAllocation", Time since last: 1003950304 ns, Reaching safepoint: 165748 ns, At safepoint: 61775820 ns, Total: 61941568 ns
[2022-06-28T06:56:02.817+0000][7][gc          ] GC(19) Concurrent Mark Cycle
[2022-06-28T06:56:02.817+0000][7][gc,marking  ] GC(19) Concurrent Clear Claimed Marks
[2022-06-28T06:56:02.817+0000][7][gc,marking  ] GC(19) Concurrent Clear Claimed Marks 0.058ms
[2022-06-28T06:56:02.817+0000][7][gc,marking  ] GC(19) Concurrent Scan Root Regions
[2022-06-28T06:56:02.896+0000][7][gc,marking  ] GC(19) Concurrent Scan Root Regions 78.246ms
[2022-06-28T06:56:02.896+0000][7][gc,marking  ] GC(19) Concurrent Mark
[2022-06-28T06:56:02.896+0000][7][gc,marking  ] GC(19) Concurrent Mark From Roots
[2022-06-28T06:56:02.896+0000][7][gc,task     ] GC(19) Using 1 workers of 1 for marking
[2022-06-28T06:56:02.982+0000][7][safepoint   ] Safepoint "CollectForMetadataAllocation", Time since last: 158060004 ns, Reaching safepoint: 7305836 ns, At safepoint: 76679 ns, Total: 7382515 ns
[2022-06-28T06:56:03.095+0000][7][safepoint   ] Safepoint "CollectForMetadataAllocation", Time since last: 104621158 ns, Reaching safepoint: 8045890 ns, At safepoint: 67283 ns, Total: 8113173 ns
[2022-06-28T06:56:03.177+0000][7][gc,marking  ] GC(19) Concurrent Mark From Roots 281.492ms
[2022-06-28T06:56:03.177+0000][7][gc,marking  ] GC(19) Concurrent Preclean
[2022-06-28T06:56:03.177+0000][7][gc,marking  ] GC(19) Concurrent Preclean 0.112ms
[2022-06-28T06:56:03.183+0000][7][gc,start    ] GC(19) Pause Remark
[2022-06-28T06:56:03.199+0000][7][gc          ] GC(19) Pause Remark 53M->53M(256M) 16.667ms
[2022-06-28T06:56:03.199+0000][7][gc,cpu      ] GC(19) User=0.01s Sys=0.00s Real=0.02s
[2022-06-28T06:56:03.199+0000][7][safepoint   ] Safepoint "G1Concurrent", Time since last: 82636248 ns, Reaching safepoint: 5258804 ns, At safepoint: 16734984 ns, Total: 21993788 ns
[2022-06-28T06:56:03.203+0000][7][gc,marking  ] GC(19) Concurrent Mark 306.941ms
[2022-06-28T06:56:03.203+0000][7][gc,marking  ] GC(19) Concurrent Rebuild Remembered Sets
[2022-06-28T06:56:03.382+0000][7][gc,marking  ] GC(19) Concurrent Rebuild Remembered Sets 179.107ms
[2022-06-28T06:56:03.391+0000][7][gc,start    ] GC(19) Pause Cleanup
[2022-06-28T06:56:03.391+0000][7][gc          ] GC(19) Pause Cleanup 55M->55M(256M) 0.064ms
[2022-06-28T06:56:03.391+0000][7][gc,cpu      ] GC(19) User=0.00s Sys=0.00s Real=0.00s
[2022-06-28T06:56:03.391+0000][7][safepoint   ] Safepoint "G1Concurrent", Time since last: 182456444 ns, Reaching safepoint: 9257812 ns, At safepoint: 101068 ns, Total: 9358880 ns
[2022-06-28T06:56:03.391+0000][7][gc,marking  ] GC(19) Concurrent Cleanup for Next Mark
[2022-06-28T06:56:03.395+0000][7][gc,marking  ] GC(19) Concurrent Cleanup for Next Mark 3.064ms
[2022-06-28T06:56:03.395+0000][7][gc          ] GC(19) Concurrent Mark Cycle 577.338ms
[2022-06-28T06:56:04.401+0000][7][safepoint   ] Safepoint "Cleanup", Time since last: 1006736854 ns, Reaching safepoint: 3311052 ns, At safepoint: 5713 ns, Total: 3316765 ns
[2022-06-28T06:56:06.071+0000][7][safepoint   ] Safepoint "Cleanup", Time since last: 1669375988 ns, Reaching safepoint: 161544 ns, At safepoint: 4847 ns, Total: 166391 ns
[2022-06-28T06:56:07.074+0000][7][safepoint   ] Safepoint "Cleanup", Time since last: 1003305865 ns, Reaching safepoint: 285541 ns, At safepoint: 5326 ns, Total: 290867 ns
[2022-06-28T06:56:07.954+0000][7][gc,start    ] GC(20) Pause Young (Normal) (G1 Evacuation Pause)
[2022-06-28T06:56:07.954+0000][7][gc,task     ] GC(20) Using 1 workers of 1 for evacuation
[2022-06-28T06:56:07.954+0000][7][gc,age      ] GC(20) Desired survivor size 10485760 bytes, new threshold 15 (max threshold 15)
[2022-06-28T06:56:08.008+0000][7][gc,phases   ] GC(20)   Pre Evacuate Collection Set: 0.0ms
[2022-06-28T06:56:08.008+0000][7][gc,phases   ] GC(20)   Merge Heap Roots: 0.1ms
[2022-06-28T06:56:08.008+0000][7][gc,phases   ] GC(20)   Evacuate Collection Set: 52.5ms
[2022-06-28T06:56:08.008+0000][7][gc,phases   ] GC(20)   Post Evacuate Collection Set: 1.6ms
[2022-06-28T06:56:08.008+0000][7][gc,phases   ] GC(20)   Other: 0.1ms
[2022-06-28T06:56:08.008+0000][7][gc,age      ] GC(20) Age table with threshold 15 (max threshold 15)
[2022-06-28T06:56:08.008+0000][7][gc,age      ] GC(20) - age   1:    5594040 bytes,    5594040 total
[2022-06-28T06:56:08.008+0000][7][gc,age      ] GC(20) - age   2:    3425192 bytes,    9019232 total
[2022-06-28T06:56:08.008+0000][7][gc,heap     ] GC(20) Eden regions: 32->0(31)
[2022-06-28T06:56:08.008+0000][7][gc,heap     ] GC(20) Survivor regions: 1->3(5)
[2022-06-28T06:56:08.008+0000][7][gc,heap     ] GC(20) Old regions: 11->11
[2022-06-28T06:56:08.008+0000][7][gc,heap     ] GC(20) Archive regions: 2->2
[2022-06-28T06:56:08.008+0000][7][gc,heap     ] GC(20) Humongous regions: 0->0
[2022-06-28T06:56:08.008+0000][7][gc,metaspace] GC(20) Metaspace: 51238K(52480K)->51238K(52480K) NonClass: 44538K(45312K)->44538K(45312K) Class: 6699K(7168K)->6699K(7168K)
[2022-06-28T06:56:08.008+0000][7][gc          ] GC(20) Pause Young (Normal) (G1 Evacuation Pause) 177M->55M(256M) 54.553ms
[2022-06-28T06:56:08.008+0000][7][gc,cpu      ] GC(20) User=0.03s Sys=0.00s Real=0.06s
[2022-06-28T06:56:08.008+0000][7][safepoint   ] Safepoint "G1CollectForAllocation", Time since last: 879417835 ns, Reaching safepoint: 56737 ns, At safepoint: 54601547 ns, Total: 54658284 ns
[2022-06-28T06:56:09.011+0000][7][safepoint   ] Safepoint "Cleanup", Time since last: 1002158444 ns, Reaching safepoint: 217734 ns, At safepoint: 5636 ns, Total: 223370 ns
[2022-06-28T06:56:10.017+0000][7][safepoint   ] Safepoint "Cleanup", Time since last: 1003325216 ns, Reaching safepoint: 3237285 ns, At safepoint: 6067 ns, Total: 3243352 ns
[2022-06-28T06:56:10.731+0000][7][gc,start    ] GC(21) Pause Young (Normal) (G1 Evacuation Pause)
[2022-06-28T06:56:10.731+0000][7][gc,task     ] GC(21) Using 1 workers of 1 for evacuation
[2022-06-28T06:56:10.731+0000][7][gc,age      ] GC(21) Desired survivor size 10485760 bytes, new threshold 15 (max threshold 15)
[2022-06-28T06:56:10.772+0000][7][gc,phases   ] GC(21)   Pre Evacuate Collection Set: 0.0ms
[2022-06-28T06:56:10.772+0000][7][gc,phases   ] GC(21)   Merge Heap Roots: 0.1ms
[2022-06-28T06:56:10.772+0000][7][gc,phases   ] GC(21)   Evacuate Collection Set: 39.7ms
[2022-06-28T06:56:10.772+0000][7][gc,phases   ] GC(21)   Post Evacuate Collection Set: 1.0ms
[2022-06-28T06:56:10.772+0000][7][gc,phases   ] GC(21)   Other: 0.1ms
[2022-06-28T06:56:10.772+0000][7][gc,age      ] GC(21) Age table with threshold 15 (max threshold 15)
[2022-06-28T06:56:10.772+0000][7][gc,age      ] GC(21) - age   1:     489176 bytes,     489176 total
[2022-06-28T06:56:10.772+0000][7][gc,age      ] GC(21) - age   2:    5361744 bytes,    5850920 total
[2022-06-28T06:56:10.772+0000][7][gc,age      ] GC(21) - age   3:    3423368 bytes,    9274288 total
[2022-06-28T06:56:10.772+0000][7][gc,heap     ] GC(21) Eden regions: 31->0(32)
[2022-06-28T06:56:10.772+0000][7][gc,heap     ] GC(21) Survivor regions: 3->3(5)
[2022-06-28T06:56:10.772+0000][7][gc,heap     ] GC(21) Old regions: 11->11
[2022-06-28T06:56:10.772+0000][7][gc,heap     ] GC(21) Archive regions: 2->2
[2022-06-28T06:56:10.772+0000][7][gc,heap     ] GC(21) Humongous regions: 0->0
[2022-06-28T06:56:10.772+0000][7][gc,metaspace] GC(21) Metaspace: 51996K(53248K)->51996K(53248K) NonClass: 45199K(45952K)->45199K(45952K) Class: 6797K(7296K)->6797K(7296K)
[2022-06-28T06:56:10.772+0000][7][gc          ] GC(21) Pause Young (Normal) (G1 Evacuation Pause) 179M->55M(256M) 41.159ms
[2022-06-28T06:56:10.772+0000][7][gc,cpu      ] GC(21) User=0.02s Sys=0.00s Real=0.04s
[2022-06-28T06:56:10.772+0000][7][safepoint   ] Safepoint "G1CollectForAllocation", Time since last: 713217094 ns, Reaching safepoint: 44401 ns, At safepoint: 41208597 ns, Total: 41252998 ns
[2022-06-28T06:56:12.780+0000][7][safepoint   ] Safepoint "Cleanup", Time since last: 2001097514 ns, Reaching safepoint: 6998890 ns, At safepoint: 6087 ns, Total: 7004977 ns
[2022-06-28T06:56:13.791+0000][7][safepoint   ] Safepoint "Cleanup", Time since last: 1000130269 ns, Reaching safepoint: 10561474 ns, At safepoint: 6115 ns, Total: 10567589 ns
[2022-06-28T06:56:14.876+0000][7][safepoint   ] Safepoint "Cleanup", Time since last: 1085494565 ns, Reaching safepoint: 149045 ns, At safepoint: 6008 ns, Total: 155053 ns
[2022-06-28T06:56:15.880+0000][7][safepoint   ] Safepoint "Cleanup", Time since last: 1002286544 ns, Reaching safepoint: 1556131 ns, At safepoint: 6588 ns, Total: 1562719 ns
[2022-06-28T06:56:16.615+0000][7][gc,start    ] GC(22) Pause Young (Normal) (G1 Evacuation Pause)
[2022-06-28T06:56:16.615+0000][7][gc,task     ] GC(22) Using 1 workers of 1 for evacuation
[2022-06-28T06:56:16.615+0000][7][gc,age      ] GC(22) Desired survivor size 10485760 bytes, new threshold 15 (max threshold 15)
[2022-06-28T06:56:16.676+0000][7][gc,phases   ] GC(22)   Pre Evacuate Collection Set: 0.0ms
[2022-06-28T06:56:16.676+0000][7][gc,phases   ] GC(22)   Merge Heap Roots: 0.1ms
[2022-06-28T06:56:16.676+0000][7][gc,phases   ] GC(22)   Evacuate Collection Set: 59.0ms
[2022-06-28T06:56:16.676+0000][7][gc,phases   ] GC(22)   Post Evacuate Collection Set: 1.2ms
[2022-06-28T06:56:16.676+0000][7][gc,phases   ] GC(22)   Other: 0.1ms
[2022-06-28T06:56:16.676+0000][7][gc,age      ] GC(22) Age table with threshold 15 (max threshold 15)
[2022-06-28T06:56:16.676+0000][7][gc,age      ] GC(22) - age   1:    3765496 bytes,    3765496 total
[2022-06-28T06:56:16.676+0000][7][gc,age      ] GC(22) - age   2:     469016 bytes,    4234512 total
[2022-06-28T06:56:16.676+0000][7][gc,age      ] GC(22) - age   3:    5351736 bytes,    9586248 total
[2022-06-28T06:56:16.676+0000][7][gc,age      ] GC(22) - age   4:    3421632 bytes,   13007880 total
[2022-06-28T06:56:16.676+0000][7][gc,heap     ] GC(22) Eden regions: 32->0(32)
[2022-06-28T06:56:16.676+0000][7][gc,heap     ] GC(22) Survivor regions: 3->4(5)
[2022-06-28T06:56:16.676+0000][7][gc,heap     ] GC(22) Old regions: 11->11
[2022-06-28T06:56:16.676+0000][7][gc,heap     ] GC(22) Archive regions: 2->2
[2022-06-28T06:56:16.676+0000][7][gc,heap     ] GC(22) Humongous regions: 0->0
[2022-06-28T06:56:16.676+0000][7][gc,metaspace] GC(22) Metaspace: 58963K(60352K)->58963K(60352K) NonClass: 51231K(52032K)->51231K(52032K) Class: 7732K(8320K)->7732K(8320K)
[2022-06-28T06:56:16.676+0000][7][gc          ] GC(22) Pause Young (Normal) (G1 Evacuation Pause) 183M->59M(256M) 60.567ms
[2022-06-28T06:56:16.676+0000][7][gc,cpu      ] GC(22) User=0.03s Sys=0.00s Real=0.06s
[2022-06-28T06:56:16.676+0000][7][safepoint   ] Safepoint "G1CollectForAllocation", Time since last: 735220607 ns, Reaching safepoint: 28475 ns, At safepoint: 60611580 ns, Total: 60640055 ns
[2022-06-28T06:56:17.680+0000][7][safepoint   ] Safepoint "Cleanup", Time since last: 1000094334 ns, Reaching safepoint: 3626246 ns, At safepoint: 7182 ns, Total: 3633428 ns
[2022-06-28T06:56:18.680+0000][7][safepoint   ] Safepoint "Cleanup", Time since last: 1000119739 ns, Reaching safepoint: 163950 ns, At safepoint: 5083 ns, Total: 169033 ns
[2022-06-28T06:56:19.191+0000][7][gc,start    ] GC(23) Pause Young (Concurrent Start) (Metadata GC Threshold)
[2022-06-28T06:56:19.191+0000][7][gc,task     ] GC(23) Using 1 workers of 1 for evacuation
[2022-06-28T06:56:19.191+0000][7][gc,age      ] GC(23) Desired survivor size 10485760 bytes, new threshold 4 (max threshold 15)
[2022-06-28T06:56:19.303+0000][7][gc,phases   ] GC(23)   Pre Evacuate Collection Set: 0.1ms
[2022-06-28T06:56:19.303+0000][7][gc,phases   ] GC(23)   Merge Heap Roots: 0.1ms
[2022-06-28T06:56:19.303+0000][7][gc,phases   ] GC(23)   Evacuate Collection Set: 108.3ms
[2022-06-28T06:56:19.303+0000][7][gc,phases   ] GC(23)   Post Evacuate Collection Set: 3.4ms
[2022-06-28T06:56:19.303+0000][7][gc,phases   ] GC(23)   Other: 0.1ms
[2022-06-28T06:56:19.303+0000][7][gc,age      ] GC(23) Age table with threshold 4 (max threshold 15)
[2022-06-28T06:56:19.303+0000][7][gc,age      ] GC(23) - age   1:    1895904 bytes,    1895904 total
[2022-06-28T06:56:19.303+0000][7][gc,age      ] GC(23) - age   2:    3653864 bytes,    5549768 total
[2022-06-28T06:56:19.303+0000][7][gc,age      ] GC(23) - age   3:     469016 bytes,    6018784 total
[2022-06-28T06:56:19.303+0000][7][gc,age      ] GC(23) - age   4:    5348344 bytes,   11367128 total
[2022-06-28T06:56:19.303+0000][7][gc,heap     ] GC(23) Eden regions: 26->0(32)
[2022-06-28T06:56:19.303+0000][7][gc,heap     ] GC(23) Survivor regions: 4->3(5)
[2022-06-28T06:56:19.303+0000][7][gc,heap     ] GC(23) Old regions: 11->12
[2022-06-28T06:56:19.303+0000][7][gc,heap     ] GC(23) Archive regions: 2->2
[2022-06-28T06:56:19.303+0000][7][gc,heap     ] GC(23) Humongous regions: 0->0
[2022-06-28T06:56:19.303+0000][7][gc,metaspace] GC(23) Metaspace: 60201K(61568K)->60201K(61568K) NonClass: 52316K(53120K)->52316K(53120K) Class: 7885K(8448K)->7885K(8448K)
[2022-06-28T06:56:19.303+0000][7][gc          ] GC(23) Pause Young (Concurrent Start) (Metadata GC Threshold) 163M->61M(256M) 112.157ms
[2022-06-28T06:56:19.303+0000][7][gc,cpu      ] GC(23) User=0.06s Sys=0.00s Real=0.11s
[2022-06-28T06:56:19.303+0000][7][safepoint   ] Safepoint "CollectForMetadataAllocation", Time since last: 510557566 ns, Reaching safepoint: 45156 ns, At safepoint: 112291721 ns, Total: 112336877 ns
[2022-06-28T06:56:19.303+0000][7][gc          ] GC(24) Concurrent Mark Cycle
[2022-06-28T06:56:19.303+0000][7][gc,marking  ] GC(24) Concurrent Clear Claimed Marks
[2022-06-28T06:56:19.303+0000][7][gc,marking  ] GC(24) Concurrent Clear Claimed Marks 0.077ms
[2022-06-28T06:56:19.303+0000][7][gc,marking  ] GC(24) Concurrent Scan Root Regions
[2022-06-28T06:56:19.372+0000][7][gc,marking  ] GC(24) Concurrent Scan Root Regions 68.908ms
[2022-06-28T06:56:19.372+0000][7][gc,marking  ] GC(24) Concurrent Mark
[2022-06-28T06:56:19.372+0000][7][gc,marking  ] GC(24) Concurrent Mark From Roots
[2022-06-28T06:56:19.372+0000][7][gc,task     ] GC(24) Using 1 workers of 1 for marking
[2022-06-28T06:56:19.459+0000][7][safepoint   ] Safepoint "CollectForMetadataAllocation", Time since last: 155684672 ns, Reaching safepoint: 68027 ns, At safepoint: 63015 ns, Total: 131042 ns
[2022-06-28T06:56:19.691+0000][7][safepoint   ] Safepoint "CollectForMetadataAllocation", Time since last: 231856330 ns, Reaching safepoint: 51935 ns, At safepoint: 84147 ns, Total: 136082 ns
[2022-06-28T06:56:19.769+0000][7][gc,marking  ] GC(24) Concurrent Mark From Roots 397.343ms
[2022-06-28T06:56:19.769+0000][7][gc,marking  ] GC(24) Concurrent Preclean
[2022-06-28T06:56:19.770+0000][7][gc,marking  ] GC(24) Concurrent Preclean 0.218ms
[2022-06-28T06:56:19.770+0000][7][gc,start    ] GC(24) Pause Remark
[2022-06-28T06:56:19.797+0000][7][gc          ] GC(24) Pause Remark 67M->67M(256M) 26.804ms
[2022-06-28T06:56:19.797+0000][7][gc,cpu      ] GC(24) User=0.01s Sys=0.00s Real=0.03s
[2022-06-28T06:56:19.797+0000][7][safepoint   ] Safepoint "G1Concurrent", Time since last: 78951187 ns, Reaching safepoint: 495380 ns, At safepoint: 26885985 ns, Total: 27381365 ns
[2022-06-28T06:56:19.807+0000][7][gc,marking  ] GC(24) Concurrent Mark 434.605ms
[2022-06-28T06:56:19.807+0000][7][gc,marking  ] GC(24) Concurrent Rebuild Remembered Sets
[2022-06-28T06:56:20.003+0000][7][gc,marking  ] GC(24) Concurrent Rebuild Remembered Sets 195.909ms
[2022-06-28T06:56:20.003+0000][7][gc,start    ] GC(24) Pause Cleanup
[2022-06-28T06:56:20.003+0000][7][gc          ] GC(24) Pause Cleanup 69M->69M(256M) 0.053ms
[2022-06-28T06:56:20.003+0000][7][gc,cpu      ] GC(24) User=0.00s Sys=0.00s Real=0.00s
[2022-06-28T06:56:20.003+0000][7][safepoint   ] Safepoint "G1Concurrent", Time since last: 205593818 ns, Reaching safepoint: 139875 ns, At safepoint: 85667 ns, Total: 225542 ns
[2022-06-28T06:56:20.003+0000][7][gc,marking  ] GC(24) Concurrent Cleanup for Next Mark
[2022-06-28T06:56:20.011+0000][7][gc,marking  ] GC(24) Concurrent Cleanup for Next Mark 8.341ms
[2022-06-28T06:56:20.011+0000][7][gc          ] GC(24) Concurrent Mark Cycle 708.311ms
[2022-06-28T06:56:21.005+0000][7][safepoint   ] Safepoint "Cleanup", Time since last: 1001952203 ns, Reaching safepoint: 416626 ns, At safepoint: 6630 ns, Total: 423256 ns
[2022-06-28T06:56:22.013+0000][7][safepoint   ] Safepoint "Cleanup", Time since last: 1000128030 ns, Reaching safepoint: 8056817 ns, At safepoint: 10421 ns, Total: 8067238 ns
[2022-06-28T06:56:23.019+0000][7][safepoint   ] Safepoint "Cleanup", Time since last: 1005000730 ns, Reaching safepoint: 270655 ns, At safepoint: 6118 ns, Total: 276773 ns
[2022-06-28T06:56:24.602+0000][7][safepoint   ] Safepoint "Cleanup", Time since last: 1583112993 ns, Reaching safepoint: 318311 ns, At safepoint: 5976 ns, Total: 324287 ns
[2022-06-28T06:56:25.798+0000][7][safepoint   ] Safepoint "Cleanup", Time since last: 1195228480 ns, Reaching safepoint: 225546 ns, At safepoint: 6448 ns, Total: 231994 ns
[2022-06-28T06:56:26.791+0000][7][gc,start    ] GC(25) Pause Young (Prepare Mixed) (G1 Evacuation Pause)
[2022-06-28T06:56:26.791+0000][7][gc,task     ] GC(25) Using 1 workers of 1 for evacuation
[2022-06-28T06:56:26.791+0000][7][gc,age      ] GC(25) Desired survivor size 10485760 bytes, new threshold 4 (max threshold 15)
[2022-06-28T06:56:26.900+0000][7][gc,phases   ] GC(25)   Pre Evacuate Collection Set: 0.0ms
[2022-06-28T06:56:26.900+0000][7][gc,phases   ] GC(25)   Merge Heap Roots: 0.1ms
[2022-06-28T06:56:26.900+0000][7][gc,phases   ] GC(25)   Evacuate Collection Set: 107.6ms
[2022-06-28T06:56:26.900+0000][7][gc,phases   ] GC(25)   Post Evacuate Collection Set: 1.8ms
[2022-06-28T06:56:26.900+0000][7][gc,phases   ] GC(25)   Other: 0.1ms
[2022-06-28T06:56:26.900+0000][7][gc,age      ] GC(25) Age table with threshold 4 (max threshold 15)
[2022-06-28T06:56:26.900+0000][7][gc,age      ] GC(25) - age   1:    8201624 bytes,    8201624 total
[2022-06-28T06:56:26.900+0000][7][gc,age      ] GC(25) - age   2:    1870248 bytes,   10071872 total
[2022-06-28T06:56:26.900+0000][7][gc,age      ] GC(25) - age   3:    3619208 bytes,   13691080 total
[2022-06-28T06:56:26.900+0000][7][gc,age      ] GC(25) - age   4:     463600 bytes,   14154680 total
[2022-06-28T06:56:26.900+0000][7][gc,heap     ] GC(25) Eden regions: 32->0(1)
[2022-06-28T06:56:26.900+0000][7][gc,heap     ] GC(25) Survivor regions: 3->4(5)
[2022-06-28T06:56:26.900+0000][7][gc,heap     ] GC(25) Old regions: 12->13
[2022-06-28T06:56:26.900+0000][7][gc,heap     ] GC(25) Archive regions: 2->2
[2022-06-28T06:56:26.900+0000][7][gc,heap     ] GC(25) Humongous regions: 0->0
[2022-06-28T06:56:26.900+0000][7][gc,metaspace] GC(25) Metaspace: 80033K(81728K)->80033K(81728K) NonClass: 69303K(70272K)->69303K(70272K) Class: 10729K(11456K)->10729K(11456K)
[2022-06-28T06:56:26.900+0000][7][gc          ] GC(25) Pause Young (Prepare Mixed) (G1 Evacuation Pause) 189M->68M(256M) 109.858ms
[2022-06-28T06:56:26.900+0000][7][gc,cpu      ] GC(25) User=0.06s Sys=0.00s Real=0.11s
[2022-06-28T06:56:26.900+0000][7][safepoint   ] Safepoint "G1CollectForAllocation", Time since last: 992973657 ns, Reaching safepoint: 62209 ns, At safepoint: 109923918 ns, Total: 109986127 ns
[2022-06-28T06:56:27.075+0000][7][gc,start    ] GC(26) Pause Young (Mixed) (G1 Evacuation Pause)
[2022-06-28T06:56:27.075+0000][7][gc,task     ] GC(26) Using 1 workers of 1 for evacuation
[2022-06-28T06:56:27.075+0000][7][gc,age      ] GC(26) Desired survivor size 2097152 bytes, new threshold 1 (max threshold 15)
[2022-06-28T06:56:27.147+0000][7][gc,phases   ] GC(26)   Pre Evacuate Collection Set: 0.0ms
[2022-06-28T06:56:27.147+0000][7][gc,phases   ] GC(26)   Merge Heap Roots: 0.1ms
[2022-06-28T06:56:27.147+0000][7][gc,phases   ] GC(26)   Evacuate Collection Set: 68.2ms
[2022-06-28T06:56:27.147+0000][7][gc,phases   ] GC(26)   Post Evacuate Collection Set: 3.5ms
[2022-06-28T06:56:27.147+0000][7][gc,phases   ] GC(26)   Other: 0.1ms
[2022-06-28T06:56:27.147+0000][7][gc,age      ] GC(26) Age table with threshold 1 (max threshold 15)
[2022-06-28T06:56:27.147+0000][7][gc,age      ] GC(26) - age   1:     210408 bytes,     210408 total
[2022-06-28T06:56:27.147+0000][7][gc,heap     ] GC(26) Eden regions: 1->0(30)
[2022-06-28T06:56:27.147+0000][7][gc,heap     ] GC(26) Survivor regions: 4->1(1)
[2022-06-28T06:56:27.147+0000][7][gc,heap     ] GC(26) Old regions: 13->16
[2022-06-28T06:56:27.147+0000][7][gc,heap     ] GC(26) Archive regions: 2->2
[2022-06-28T06:56:27.147+0000][7][gc,heap     ] GC(26) Humongous regions: 0->0
[2022-06-28T06:56:27.147+0000][7][gc,metaspace] GC(26) Metaspace: 80424K(82304K)->80424K(82304K) NonClass: 69620K(70656K)->69620K(70656K) Class: 10803K(11648K)->10803K(11648K)
[2022-06-28T06:56:27.147+0000][7][gc          ] GC(26) Pause Young (Mixed) (G1 Evacuation Pause) 72M->68M(256M) 72.099ms
[2022-06-28T06:56:27.147+0000][7][gc,cpu      ] GC(26) User=0.03s Sys=0.00s Real=0.07s
[2022-06-28T06:56:27.147+0000][7][safepoint   ] Safepoint "G1CollectForAllocation", Time since last: 174035173 ns, Reaching safepoint: 149310 ns, At safepoint: 72150969 ns, Total: 72300279 ns
[2022-06-28T06:56:28.148+0000][7][safepoint   ] Safepoint "Cleanup", Time since last: 1000340556 ns, Reaching safepoint: 386548 ns, At safepoint: 5142 ns, Total: 391690 ns
[2022-06-28T06:56:29.151+0000][7][safepoint   ] Safepoint "Cleanup", Time since last: 1002950226 ns, Reaching safepoint: 167210 ns, At safepoint: 6601 ns, Total: 173811 ns
[2022-06-28T06:56:30.155+0000][7][safepoint   ] Safepoint "Cleanup", Time since last: 1003810619 ns, Reaching safepoint: 344464 ns, At safepoint: 5160 ns, Total: 349624 ns
[2022-06-28T06:56:31.700+0000][7][safepoint   ] Safepoint "Cleanup", Time since last: 1544690170 ns, Reaching safepoint: 109944 ns, At safepoint: 3986 ns, Total: 113930 ns
[2022-06-28T06:56:32.679+0000][7][safepoint   ] Safepoint "ICBufferFull", Time since last: 978778444 ns, Reaching safepoint: 156316 ns, At safepoint: 4520 ns, Total: 160836 ns
[2022-06-28T06:56:33.743+0000][7][safepoint   ] Safepoint "Cleanup", Time since last: 1063929740 ns, Reaching safepoint: 188316 ns, At safepoint: 6517 ns, Total: 194833 ns
[2022-06-28T06:56:33.778+0000][7][gc,start    ] GC(27) Pause Young (Normal) (G1 Evacuation Pause)
[2022-06-28T06:56:33.778+0000][7][gc,task     ] GC(27) Using 1 workers of 1 for evacuation
[2022-06-28T06:56:33.778+0000][7][gc,age      ] GC(27) Desired survivor size 8388608 bytes, new threshold 15 (max threshold 15)
[2022-06-28T06:56:33.828+0000][7][gc,phases   ] GC(27)   Pre Evacuate Collection Set: 0.0ms
[2022-06-28T06:56:33.828+0000][7][gc,phases   ] GC(27)   Merge Heap Roots: 0.2ms
[2022-06-28T06:56:33.828+0000][7][gc,phases   ] GC(27)   Evacuate Collection Set: 48.5ms
[2022-06-28T06:56:33.828+0000][7][gc,phases   ] GC(27)   Post Evacuate Collection Set: 1.7ms
[2022-06-28T06:56:33.828+0000][7][gc,phases   ] GC(27)   Other: 0.1ms
[2022-06-28T06:56:33.828+0000][7][gc,age      ] GC(27) Age table with threshold 15 (max threshold 15)
[2022-06-28T06:56:33.828+0000][7][gc,age      ] GC(27) - age   1:    6126368 bytes,    6126368 total
[2022-06-28T06:56:33.828+0000][7][gc,age      ] GC(27) - age   2:     191024 bytes,    6317392 total
[2022-06-28T06:56:33.828+0000][7][gc,heap     ] GC(27) Eden regions: 30->0(29)
[2022-06-28T06:56:33.828+0000][7][gc,heap     ] GC(27) Survivor regions: 1->2(4)
[2022-06-28T06:56:33.828+0000][7][gc,heap     ] GC(27) Old regions: 16->16
[2022-06-28T06:56:33.828+0000][7][gc,heap     ] GC(27) Archive regions: 2->2
[2022-06-28T06:56:33.828+0000][7][gc,heap     ] GC(27) Humongous regions: 0->0
[2022-06-28T06:56:33.828+0000][7][gc,metaspace] GC(27) Metaspace: 95764K(98496K)->95764K(98496K) NonClass: 82658K(84096K)->82658K(84096K) Class: 13105K(14400K)->13105K(14400K)
[2022-06-28T06:56:33.828+0000][7][gc          ] GC(27) Pause Young (Normal) (G1 Evacuation Pause) 188M->73M(256M) 50.672ms
[2022-06-28T06:56:33.828+0000][7][gc,cpu      ] GC(27) User=0.03s Sys=0.00s Real=0.05s
[2022-06-28T06:56:33.828+0000][7][safepoint   ] Safepoint "G1CollectForAllocation", Time since last: 34970030 ns, Reaching safepoint: 20449 ns, At safepoint: 50728442 ns, Total: 50748891 ns
[2022-06-28T06:56:34.829+0000][7][safepoint   ] Safepoint "Cleanup", Time since last: 1000099483 ns, Reaching safepoint: 40393 ns, At safepoint: 4069 ns, Total: 44462 ns
[2022-06-28T06:56:35.831+0000][7][safepoint   ] Safepoint "Cleanup", Time since last: 1001914930 ns, Reaching safepoint: 38617 ns, At safepoint: 4261 ns, Total: 42878 ns
[2022-06-28T06:56:36.831+0000][7][safepoint   ] Safepoint "Cleanup", Time since last: 1000138236 ns, Reaching safepoint: 95212 ns, At safepoint: 4266 ns, Total: 99478 ns
[2022-06-28T06:56:37.833+0000][7][safepoint   ] Safepoint "Cleanup", Time since last: 1000555155 ns, Reaching safepoint: 1308784 ns, At safepoint: 8235 ns, Total: 1317019 ns
[2022-06-28T06:56:38.863+0000][7][safepoint   ] Safepoint "ICBufferFull", Time since last: 1030566146 ns, Reaching safepoint: 241629 ns, At safepoint: 6190 ns, Total: 247819 ns
[2022-06-28T06:56:39.640+0000][7][gc,start    ] GC(28) Pause Young (Concurrent Start) (G1 Humongous Allocation)
[2022-06-28T06:56:39.640+0000][7][gc,task     ] GC(28) Using 1 workers of 1 for evacuation
[2022-06-28T06:56:39.640+0000][7][gc,age      ] GC(28) Desired survivor size 8388608 bytes, new threshold 15 (max threshold 15)
[2022-06-28T06:56:39.692+0000][7][gc,phases   ] GC(28)   Pre Evacuate Collection Set: 0.3ms
[2022-06-28T06:56:39.692+0000][7][gc,phases   ] GC(28)   Merge Heap Roots: 0.1ms
[2022-06-28T06:56:39.692+0000][7][gc,phases   ] GC(28)   Evacuate Collection Set: 44.6ms
[2022-06-28T06:56:39.692+0000][7][gc,phases   ] GC(28)   Post Evacuate Collection Set: 6.4ms
[2022-06-28T06:56:39.692+0000][7][gc,phases   ] GC(28)   Other: 0.1ms
[2022-06-28T06:56:39.692+0000][7][gc,age      ] GC(28) Age table with threshold 15 (max threshold 15)
[2022-06-28T06:56:39.692+0000][7][gc,age      ] GC(28) - age   1:    2908432 bytes,    2908432 total
[2022-06-28T06:56:39.692+0000][7][gc,age      ] GC(28) - age   2:    5668528 bytes,    8576960 total
[2022-06-28T06:56:39.692+0000][7][gc,age      ] GC(28) - age   3:     190992 bytes,    8767952 total
[2022-06-28T06:56:39.692+0000][7][gc,heap     ] GC(28) Eden regions: 19->0(28)
[2022-06-28T06:56:39.692+0000][7][gc,heap     ] GC(28) Survivor regions: 2->3(4)
[2022-06-28T06:56:39.692+0000][7][gc,heap     ] GC(28) Old regions: 16->16
[2022-06-28T06:56:39.692+0000][7][gc,heap     ] GC(28) Archive regions: 2->2
[2022-06-28T06:56:39.692+0000][7][gc,heap     ] GC(28) Humongous regions: 1->1
[2022-06-28T06:56:39.692+0000][7][gc,metaspace] GC(28) Metaspace: 100203K(102976K)->100203K(102976K) NonClass: 86429K(87936K)->86429K(87936K) Class: 13773K(15040K)->13773K(15040K)
[2022-06-28T06:56:39.692+0000][7][gc          ] GC(28) Pause Young (Concurrent Start) (G1 Humongous Allocation) 152M->79M(256M) 51.705ms
[2022-06-28T06:56:39.692+0000][7][gc,cpu      ] GC(28) User=0.06s Sys=0.00s Real=0.05s
[2022-06-28T06:56:39.692+0000][7][safepoint   ] Safepoint "G1TryInitiateConcMark", Time since last: 776696390 ns, Reaching safepoint: 61524 ns, At safepoint: 51763668 ns, Total: 51825192 ns
[2022-06-28T06:56:39.692+0000][7][gc          ] GC(29) Concurrent Undo Cycle
[2022-06-28T06:56:39.692+0000][7][gc,marking  ] GC(29) Concurrent Cleanup for Next Mark
[2022-06-28T06:56:39.696+0000][7][gc,marking  ] GC(29) Concurrent Cleanup for Next Mark 3.868ms
[2022-06-28T06:56:39.696+0000][7][gc          ] GC(29) Concurrent Undo Cycle 3.904ms
[2022-06-28T06:56:40.246+0000][7][gc,start    ] GC(30) Pause Young (Concurrent Start) (Metadata GC Threshold)
[2022-06-28T06:56:40.246+0000][7][gc,task     ] GC(30) Using 1 workers of 1 for evacuation
[2022-06-28T06:56:40.246+0000][7][gc,age      ] GC(30) Desired survivor size 8388608 bytes, new threshold 2 (max threshold 15)
[2022-06-28T06:56:40.303+0000][7][gc,phases   ] GC(30)   Pre Evacuate Collection Set: 0.3ms
[2022-06-28T06:56:40.303+0000][7][gc,phases   ] GC(30)   Merge Heap Roots: 0.1ms
[2022-06-28T06:56:40.303+0000][7][gc,phases   ] GC(30)   Evacuate Collection Set: 50.7ms
[2022-06-28T06:56:40.303+0000][7][gc,phases   ] GC(30)   Post Evacuate Collection Set: 5.5ms
[2022-06-28T06:56:40.303+0000][7][gc,phases   ] GC(30)   Other: 0.1ms
[2022-06-28T06:56:40.303+0000][7][gc,age      ] GC(30) Age table with threshold 2 (max threshold 15)
[2022-06-28T06:56:40.303+0000][7][gc,age      ] GC(30) - age   1:     845992 bytes,     845992 total
[2022-06-28T06:56:40.303+0000][7][gc,age      ] GC(30) - age   2:    2822568 bytes,    3668560 total
[2022-06-28T06:56:40.303+0000][7][gc,heap     ] GC(30) Eden regions: 3->0(24)
[2022-06-28T06:56:40.303+0000][7][gc,heap     ] GC(30) Survivor regions: 3->1(4)
[2022-06-28T06:56:40.303+0000][7][gc,heap     ] GC(30) Old regions: 16->18
[2022-06-28T06:56:40.303+0000][7][gc,heap     ] GC(30) Archive regions: 2->2
[2022-06-28T06:56:40.303+0000][7][gc,heap     ] GC(30) Humongous regions: 2->2
[2022-06-28T06:56:40.303+0000][7][gc,metaspace] GC(30) Metaspace: 101242K(103936K)->101242K(103936K) NonClass: 87352K(88768K)->87352K(88768K) Class: 13889K(15168K)->13889K(15168K)
[2022-06-28T06:56:40.303+0000][7][gc          ] GC(30) Pause Young (Concurrent Start) (Metadata GC Threshold) 95M->84M(256M) 56.851ms
[2022-06-28T06:56:40.303+0000][7][gc,cpu      ] GC(30) User=0.03s Sys=0.00s Real=0.06s
[2022-06-28T06:56:40.303+0000][7][safepoint   ] Safepoint "CollectForMetadataAllocation", Time since last: 554148766 ns, Reaching safepoint: 189347 ns, At safepoint: 57001828 ns, Total: 57191175 ns
[2022-06-28T06:56:40.303+0000][7][gc          ] GC(31) Concurrent Mark Cycle
[2022-06-28T06:56:40.303+0000][7][gc,marking  ] GC(31) Concurrent Clear Claimed Marks
[2022-06-28T06:56:40.304+0000][7][gc,marking  ] GC(31) Concurrent Clear Claimed Marks 0.203ms
[2022-06-28T06:56:40.304+0000][7][gc,marking  ] GC(31) Concurrent Scan Root Regions
[2022-06-28T06:56:40.411+0000][7][gc,marking  ] GC(31) Concurrent Scan Root Regions 107.147ms
[2022-06-28T06:56:40.411+0000][7][gc,marking  ] GC(31) Concurrent Mark
[2022-06-28T06:56:40.411+0000][7][gc,marking  ] GC(31) Concurrent Mark From Roots
[2022-06-28T06:56:40.411+0000][7][gc,task     ] GC(31) Using 1 workers of 1 for marking
[2022-06-28T06:56:40.454+0000][7][safepoint   ] Safepoint "CollectForMetadataAllocation", Time since last: 150847149 ns, Reaching safepoint: 50398 ns, At safepoint: 56845 ns, Total: 107243 ns
[2022-06-28T06:56:40.455+0000][7][safepoint   ] Safepoint "CollectForMetadataAllocation", Time since last: 229321 ns, Reaching safepoint: 131650 ns, At safepoint: 7677 ns, Total: 139327 ns
[2022-06-28T06:56:40.567+0000][7][safepoint   ] Safepoint "CollectForMetadataAllocation", Time since last: 104370312 ns, Reaching safepoint: 7522140 ns, At safepoint: 72455 ns, Total: 7594595 ns
[2022-06-28T06:56:40.627+0000][7][safepoint   ] Safepoint "CollectForMetadataAllocation", Time since last: 51462999 ns, Reaching safepoint: 8450092 ns, At safepoint: 61951 ns, Total: 8512043 ns
[2022-06-28T06:56:40.627+0000][7][safepoint   ] Safepoint "CollectForMetadataAllocation", Time since last: 458423 ns, Reaching safepoint: 133482 ns, At safepoint: 9079 ns, Total: 142561 ns
[2022-06-28T06:56:41.019+0000][7][gc,marking  ] GC(31) Concurrent Mark From Roots 607.732ms
[2022-06-28T06:56:41.019+0000][7][gc,marking  ] GC(31) Concurrent Preclean
[2022-06-28T06:56:41.019+0000][7][gc,marking  ] GC(31) Concurrent Preclean 0.290ms
[2022-06-28T06:56:41.019+0000][7][gc,start    ] GC(31) Pause Remark
[2022-06-28T06:56:41.059+0000][7][gc          ] GC(31) Pause Remark 96M->96M(256M) 39.990ms
[2022-06-28T06:56:41.059+0000][7][gc,cpu      ] GC(31) User=0.02s Sys=0.00s Real=0.04s
[2022-06-28T06:56:41.059+0000][7][safepoint   ] Safepoint "G1Concurrent", Time since last: 391741041 ns, Reaching safepoint: 41918 ns, At safepoint: 40104410 ns, Total: 40146328 ns
[2022-06-28T06:56:41.061+0000][7][gc,marking  ] GC(31) Concurrent Mark 650.312ms
[2022-06-28T06:56:41.061+0000][7][gc,marking  ] GC(31) Concurrent Rebuild Remembered Sets
[2022-06-28T06:56:41.415+0000][7][gc,marking  ] GC(31) Concurrent Rebuild Remembered Sets 354.033ms
[2022-06-28T06:56:41.415+0000][7][gc,start    ] GC(31) Pause Cleanup
[2022-06-28T06:56:41.415+0000][7][gc          ] GC(31) Pause Cleanup 100M->100M(256M) 0.044ms
[2022-06-28T06:56:41.415+0000][7][gc,cpu      ] GC(31) User=0.00s Sys=0.00s Real=0.00s
[2022-06-28T06:56:41.415+0000][7][safepoint   ] Safepoint "G1Concurrent", Time since last: 356106719 ns, Reaching safepoint: 50591 ns, At safepoint: 77032 ns, Total: 127623 ns
[2022-06-28T06:56:41.415+0000][7][gc,marking  ] GC(31) Concurrent Cleanup for Next Mark
[2022-06-28T06:56:41.416+0000][7][gc,marking  ] GC(31) Concurrent Cleanup for Next Mark 0.675ms
[2022-06-28T06:56:41.416+0000][7][gc          ] GC(31) Concurrent Mark Cycle 1112.668ms
[2022-06-28T06:56:42.416+0000][7][safepoint   ] Safepoint "Cleanup", Time since last: 1000088873 ns, Reaching safepoint: 157924 ns, At safepoint: 7961 ns, Total: 165885 ns
[2022-06-28T06:56:43.416+0000][7][safepoint   ] Safepoint "Cleanup", Time since last: 1000124550 ns, Reaching safepoint: 52729 ns, At safepoint: 4688 ns, Total: 57417 ns
[2022-06-28T06:56:44.416+0000][7][safepoint   ] Safepoint "Cleanup", Time since last: 1000153698 ns, Reaching safepoint: 41438 ns, At safepoint: 4544 ns, Total: 45982 ns
[2022-06-28T06:56:45.416+0000][7][safepoint   ] Safepoint "Cleanup", Time since last: 1000124820 ns, Reaching safepoint: 36679 ns, At safepoint: 4434 ns, Total: 41113 ns
[2022-06-28T06:56:46.416+0000][7][safepoint   ] Safepoint "Cleanup", Time since last: 1000172011 ns, Reaching safepoint: 37516 ns, At safepoint: 4191 ns, Total: 41707 ns
[2022-06-28T06:56:47.417+0000][7][safepoint   ] Safepoint "Cleanup", Time since last: 1000181738 ns, Reaching safepoint: 35191 ns, At safepoint: 4022 ns, Total: 39213 ns
[2022-06-28T06:56:48.417+0000][7][safepoint   ] Safepoint "Cleanup", Time since last: 1000143320 ns, Reaching safepoint: 34290 ns, At safepoint: 4347 ns, Total: 38637 ns
[2022-06-28T06:56:49.417+0000][7][safepoint   ] Safepoint "Cleanup", Time since last: 1000157000 ns, Reaching safepoint: 36711 ns, At safepoint: 4565 ns, Total: 41276 ns
[2022-06-28T06:56:50.417+0000][7][safepoint   ] Safepoint "Cleanup", Time since last: 1000161360 ns, Reaching safepoint: 45709 ns, At safepoint: 4900 ns, Total: 50609 ns
[2022-06-28T06:56:54.418+0000][7][safepoint   ] Safepoint "Cleanup", Time since last: 4000462576 ns, Reaching safepoint: 34217 ns, At safepoint: 6360 ns, Total: 40577 ns
[2022-06-28T06:56:55.418+0000][7][safepoint   ] Safepoint "Cleanup", Time since last: 1000133373 ns, Reaching safepoint: 43158 ns, At safepoint: 5028 ns, Total: 48186 ns
[2022-06-28T06:56:58.418+0000][7][safepoint   ] Safepoint "Cleanup", Time since last: 3000293770 ns, Reaching safepoint: 46440 ns, At safepoint: 4312 ns, Total: 50752 ns
[2022-06-28T06:56:59.418+0000][7][safepoint   ] Safepoint "Cleanup", Time since last: 1000131734 ns, Reaching safepoint: 38586 ns, At safepoint: 4227 ns, Total: 42813 ns
[2022-06-28T06:57:00.419+0000][7][safepoint   ] Safepoint "Cleanup", Time since last: 1000162732 ns, Reaching safepoint: 43014 ns, At safepoint: 4958 ns, Total: 47972 ns
[2022-06-28T06:57:01.419+0000][7][safepoint   ] Safepoint "Cleanup", Time since last: 1000130992 ns, Reaching safepoint: 46062 ns, At safepoint: 4827 ns, Total: 50889 ns
[2022-06-28T06:57:03.419+0000][7][safepoint   ] Safepoint "Cleanup", Time since last: 2000246302 ns, Reaching safepoint: 44794 ns, At safepoint: 4679 ns, Total: 49473 ns
[2022-06-28T06:57:06.419+0000][7][safepoint   ] Safepoint "Cleanup", Time since last: 3000322789 ns, Reaching safepoint: 43541 ns, At safepoint: 4657 ns, Total: 48198 ns
[2022-06-28T06:57:07.420+0000][7][safepoint   ] Safepoint "Cleanup", Time since last: 1000154378 ns, Reaching safepoint: 52495 ns, At safepoint: 6406 ns, Total: 58901 ns
[2022-06-28T06:57:09.420+0000][7][safepoint   ] Safepoint "Cleanup", Time since last: 2000256337 ns, Reaching safepoint: 39282 ns, At safepoint: 4776 ns, Total: 44058 ns
[2022-06-28T06:57:10.420+0000][7][safepoint   ] Safepoint "Cleanup", Time since last: 1000163597 ns, Reaching safepoint: 42983 ns, At safepoint: 16439 ns, Total: 59422 ns
[2022-06-28T06:57:11.420+0000][7][safepoint   ] Safepoint "Cleanup", Time since last: 1000130103 ns, Reaching safepoint: 42686 ns, At safepoint: 4092 ns, Total: 46778 ns
[2022-06-28T06:57:12.420+0000][7][safepoint   ] Safepoint "Cleanup", Time since last: 1000111762 ns, Reaching safepoint: 36412 ns, At safepoint: 4723 ns, Total: 41135 ns
[2022-06-28T06:57:13.421+0000][7][safepoint   ] Safepoint "Cleanup", Time since last: 1000165916 ns, Reaching safepoint: 41212 ns, At safepoint: 5140 ns, Total: 46352 ns
[2022-06-28T06:57:14.421+0000][7][safepoint   ] Safepoint "Cleanup", Time since last: 1000080506 ns, Reaching safepoint: 43884 ns, At safepoint: 16812 ns, Total: 60696 ns
[2022-06-28T06:57:15.421+0000][7][safepoint   ] Safepoint "Cleanup", Time since last: 1000164560 ns, Reaching safepoint: 38629 ns, At safepoint: 4959 ns, Total: 43588 ns
[2022-06-28T06:57:17.421+0000][7][safepoint   ] Safepoint "Cleanup", Time since last: 2000273290 ns, Reaching safepoint: 62594 ns, At safepoint: 4495 ns, Total: 67089 ns
[2022-06-28T06:57:18.422+0000][7][safepoint   ] Safepoint "Cleanup", Time since last: 1000175374 ns, Reaching safepoint: 40043 ns, At safepoint: 4913 ns, Total: 44956 ns
[2022-06-28T06:57:19.422+0000][7][safepoint   ] Safepoint "Cleanup", Time since last: 1000170951 ns, Reaching safepoint: 59985 ns, At safepoint: 4545 ns, Total: 64530 ns
[2022-06-28T06:57:20.422+0000][7][safepoint   ] Safepoint "Cleanup", Time since last: 1000145810 ns, Reaching safepoint: 55070 ns, At safepoint: 4451 ns, Total: 59521 ns
[2022-06-28T06:57:21.422+0000][7][safepoint   ] Safepoint "Cleanup", Time since last: 1000148812 ns, Reaching safepoint: 36308 ns, At safepoint: 4402 ns, Total: 40710 ns
[2022-06-28T06:57:22.423+0000][7][safepoint   ] Safepoint "Cleanup", Time since last: 1000181272 ns, Reaching safepoint: 105970 ns, At safepoint: 9680 ns, Total: 115650 ns
[2022-06-28T06:57:23.423+0000][7][safepoint   ] Safepoint "Cleanup", Time since last: 1000165375 ns, Reaching safepoint: 40961 ns, At safepoint: 4756 ns, Total: 45717 ns
[2022-06-28T06:57:26.423+0000][7][safepoint   ] Safepoint "Cleanup", Time since last: 3000357107 ns, Reaching safepoint: 37055 ns, At safepoint: 4566 ns, Total: 41621 ns
[2022-06-28T06:57:27.423+0000][7][safepoint   ] Safepoint "Cleanup", Time since last: 1000205748 ns, Reaching safepoint: 42945 ns, At safepoint: 4770 ns, Total: 47715 ns
[2022-06-28T06:57:28.424+0000][7][safepoint   ] Safepoint "Cleanup", Time since last: 1000208608 ns, Reaching safepoint: 60073 ns, At safepoint: 8579 ns, Total: 68652 ns
[2022-06-28T06:57:30.424+0000][7][safepoint   ] Safepoint "Cleanup", Time since last: 2000308621 ns, Reaching safepoint: 55656 ns, At safepoint: 4620 ns, Total: 60276 ns
[2022-06-28T06:57:33.425+0000][7][safepoint   ] Safepoint "Cleanup", Time since last: 3000411963 ns, Reaching safepoint: 68783 ns, At safepoint: 8997 ns, Total: 77780 ns
[2022-06-28T06:57:34.425+0000][7][safepoint   ] Safepoint "Cleanup", Time since last: 1000179501 ns, Reaching safepoint: 38632 ns, At safepoint: 4728 ns, Total: 43360 ns
[2022-06-28T06:57:35.425+0000][7][safepoint   ] Safepoint "Cleanup", Time since last: 1000151695 ns, Reaching safepoint: 40203 ns, At safepoint: 4229 ns, Total: 44432 ns
[2022-06-28T06:57:36.425+0000][7][safepoint   ] Safepoint "Cleanup", Time since last: 1000180268 ns, Reaching safepoint: 46138 ns, At safepoint: 4639 ns, Total: 50777 ns
[2022-06-28T06:57:38.425+0000][7][safepoint   ] Safepoint "Cleanup", Time since last: 2000261061 ns, Reaching safepoint: 35861 ns, At safepoint: 4095 ns, Total: 39956 ns
[2022-06-28T06:57:40.426+0000][7][safepoint   ] Safepoint "Cleanup", Time since last: 2000285900 ns, Reaching safepoint: 44502 ns, At safepoint: 5087 ns, Total: 49589 ns
[2022-06-28T06:57:41.426+0000][7][safepoint   ] Safepoint "Cleanup", Time since last: 1000185943 ns, Reaching safepoint: 58381 ns, At safepoint: 8323 ns, Total: 66704 ns
[2022-06-28T06:57:44.426+0000][7][safepoint   ] Safepoint "Cleanup", Time since last: 3000389982 ns, Reaching safepoint: 36742 ns, At safepoint: 4436 ns, Total: 41178 ns
[2022-06-28T06:57:46.427+0000][7][safepoint   ] Safepoint "Cleanup", Time since last: 2000254811 ns, Reaching safepoint: 35177 ns, At safepoint: 4227 ns, Total: 39404 ns
[2022-06-28T06:57:47.427+0000][7][safepoint   ] Safepoint "Cleanup", Time since last: 1000138355 ns, Reaching safepoint: 42145 ns, At safepoint: 4652 ns, Total: 46797 ns
[2022-06-28T06:57:53.428+0000][7][safepoint   ] Safepoint "Cleanup", Time since last: 6000782552 ns, Reaching safepoint: 40027 ns, At safepoint: 4336 ns, Total: 44363 ns
[2022-06-28T06:57:54.428+0000][7][safepoint   ] Safepoint "Cleanup", Time since last: 1000124186 ns, Reaching safepoint: 44461 ns, At safepoint: 5009 ns, Total: 49470 ns
[2022-06-28T06:57:56.428+0000][7][safepoint   ] Safepoint "Cleanup", Time since last: 2000300240 ns, Reaching safepoint: 40000 ns, At safepoint: 4385 ns, Total: 44385 ns
[2022-06-28T06:57:57.429+0000][7][safepoint   ] Safepoint "Cleanup", Time since last: 1000169143 ns, Reaching safepoint: 41628 ns, At safepoint: 4855 ns, Total: 46483 ns
[2022-06-28T06:57:58.429+0000][7][safepoint   ] Safepoint "Cleanup", Time since last: 1000141844 ns, Reaching safepoint: 41994 ns, At safepoint: 4982 ns, Total: 46976 ns
[2022-06-28T06:57:59.429+0000][7][safepoint   ] Safepoint "Cleanup", Time since last: 1000154849 ns, Reaching safepoint: 37691 ns, At safepoint: 4664 ns, Total: 42355 ns
[2022-06-28T06:58:00.429+0000][7][safepoint   ] Safepoint "Cleanup", Time since last: 1000160536 ns, Reaching safepoint: 37887 ns, At safepoint: 4776 ns, Total: 42663 ns
[2022-06-28T06:58:02.429+0000][7][safepoint   ] Safepoint "Cleanup", Time since last: 2000250902 ns, Reaching safepoint: 34558 ns, At safepoint: 4736 ns, Total: 39294 ns
[2022-06-28T06:58:02.553+0000][7][gc,start    ] GC(32) Pause Young (Normal) (G1 Evacuation Pause)
[2022-06-28T06:58:02.554+0000][7][gc,task     ] GC(32) Using 1 workers of 1 for evacuation
[2022-06-28T06:58:02.554+0000][7][gc,age      ] GC(32) Desired survivor size 8388608 bytes, new threshold 15 (max threshold 15)
[2022-06-28T06:58:02.568+0000][7][gc,phases   ] GC(32)   Pre Evacuate Collection Set: 0.0ms
[2022-06-28T06:58:02.568+0000][7][gc,phases   ] GC(32)   Merge Heap Roots: 0.1ms
[2022-06-28T06:58:02.568+0000][7][gc,phases   ] GC(32)   Evacuate Collection Set: 12.9ms
[2022-06-28T06:58:02.568+0000][7][gc,phases   ] GC(32)   Post Evacuate Collection Set: 1.1ms
[2022-06-28T06:58:02.568+0000][7][gc,phases   ] GC(32)   Other: 0.1ms
[2022-06-28T06:58:02.568+0000][7][gc,age      ] GC(32) Age table with threshold 15 (max threshold 15)
[2022-06-28T06:58:02.568+0000][7][gc,age      ] GC(32) - age   1:    1368472 bytes,    1368472 total
[2022-06-28T06:58:02.568+0000][7][gc,age      ] GC(32) - age   2:     772424 bytes,    2140896 total
[2022-06-28T06:58:02.568+0000][7][gc,age      ] GC(32) - age   3:    2744528 bytes,    4885424 total
[2022-06-28T06:58:02.568+0000][7][gc,heap     ] GC(32) Eden regions: 24->0(24)
[2022-06-28T06:58:02.568+0000][7][gc,heap     ] GC(32) Survivor regions: 1->2(4)
[2022-06-28T06:58:02.568+0000][7][gc,heap     ] GC(32) Old regions: 18->18
[2022-06-28T06:58:02.568+0000][7][gc,heap     ] GC(32) Archive regions: 2->2
[2022-06-28T06:58:02.568+0000][7][gc,heap     ] GC(32) Humongous regions: 2->2
[2022-06-28T06:58:02.568+0000][7][gc,metaspace] GC(32) Metaspace: 103168K(106048K)->103168K(106048K) NonClass: 89043K(90560K)->89043K(90560K) Class: 14125K(15488K)->14125K(15488K)
[2022-06-28T06:58:02.568+0000][7][gc          ] GC(32) Pause Young (Normal) (G1 Evacuation Pause) 180M->85M(256M) 14.500ms
[2022-06-28T06:58:02.568+0000][7][gc,cpu      ] GC(32) User=0.01s Sys=0.00s Real=0.02s
[2022-06-28T06:58:02.568+0000][7][safepoint   ] Safepoint "G1CollectForAllocation", Time since last: 123995092 ns, Reaching safepoint: 25304 ns, At safepoint: 14558982 ns, Total: 14584286 ns
[2022-06-28T06:58:03.568+0000][7][safepoint   ] Safepoint "Cleanup", Time since last: 1000146188 ns, Reaching safepoint: 54415 ns, At safepoint: 5100 ns, Total: 59515 ns
[2022-06-28T06:58:04.568+0000][7][safepoint   ] Safepoint "Cleanup", Time since last: 1000184814 ns, Reaching safepoint: 44093 ns, At safepoint: 5242 ns, Total: 49335 ns
[2022-06-28T06:58:05.569+0000][7][safepoint   ] Safepoint "Cleanup", Time since last: 1000158525 ns, Reaching safepoint: 41877 ns, At safepoint: 4484 ns, Total: 46361 ns
[2022-06-28T06:58:06.569+0000][7][safepoint   ] Safepoint "Cleanup", Time since last: 1000142224 ns, Reaching safepoint: 42193 ns, At safepoint: 4562 ns, Total: 46755 ns
[2022-06-28T06:58:07.570+0000][7][safepoint   ] Safepoint "Cleanup", Time since last: 1001282836 ns, Reaching safepoint: 37628 ns, At safepoint: 4631 ns, Total: 42259 ns
[2022-06-28T06:58:08.570+0000][7][safepoint   ] Safepoint "Cleanup", Time since last: 1000195988 ns, Reaching safepoint: 62746 ns, At safepoint: 8820 ns, Total: 71566 ns
[2022-06-28T06:58:10.571+0000][7][safepoint   ] Safepoint "Cleanup", Time since last: 2000228157 ns, Reaching safepoint: 44243 ns, At safepoint: 30303 ns, Total: 74546 ns
[2022-06-28T06:58:13.571+0000][7][safepoint   ] Safepoint "Cleanup", Time since last: 3000300161 ns, Reaching safepoint: 37513 ns, At safepoint: 4403 ns, Total: 41916 ns
[2022-06-28T06:58:14.571+0000][7][safepoint   ] Safepoint "Cleanup", Time since last: 1000124014 ns, Reaching safepoint: 38324 ns, At safepoint: 4958 ns, Total: 43282 ns
[2022-06-28T06:58:16.571+0000][7][safepoint   ] Safepoint "Cleanup", Time since last: 2000229178 ns, Reaching safepoint: 32205 ns, At safepoint: 3951 ns, Total: 36156 ns
[2022-06-28T06:58:17.572+0000][7][safepoint   ] Safepoint "Cleanup", Time since last: 1000146959 ns, Reaching safepoint: 37801 ns, At safepoint: 4441 ns, Total: 42242 ns
[2022-06-28T06:58:20.572+0000][7][safepoint   ] Safepoint "Cleanup", Time since last: 3000328368 ns, Reaching safepoint: 40912 ns, At safepoint: 4725 ns, Total: 45637 ns
[2022-06-28T06:58:22.572+0000][7][safepoint   ] Safepoint "Cleanup", Time since last: 2000250630 ns, Reaching safepoint: 39065 ns, At safepoint: 4617 ns, Total: 43682 ns
[2022-06-28T06:58:25.573+0000][7][safepoint   ] Safepoint "Cleanup", Time since last: 3000348858 ns, Reaching safepoint: 42807 ns, At safepoint: 4734 ns, Total: 47541 ns
[2022-06-28T06:58:26.573+0000][7][safepoint   ] Safepoint "Cleanup", Time since last: 1000143192 ns, Reaching safepoint: 38941 ns, At safepoint: 4845 ns, Total: 43786 ns
[2022-06-28T06:58:27.573+0000][7][safepoint   ] Safepoint "Cleanup", Time since last: 1000168597 ns, Reaching safepoint: 39859 ns, At safepoint: 4587 ns, Total: 44446 ns
[2022-06-28T06:58:30.574+0000][7][safepoint   ] Safepoint "Cleanup", Time since last: 3000332906 ns, Reaching safepoint: 38654 ns, At safepoint: 4840 ns, Total: 43494 ns
[2022-06-28T06:58:32.574+0000][7][safepoint   ] Safepoint "Cleanup", Time since last: 2000286620 ns, Reaching safepoint: 39445 ns, At safepoint: 4718 ns, Total: 44163 ns
[2022-06-28T06:58:33.574+0000][7][safepoint   ] Safepoint "Cleanup", Time since last: 1000129280 ns, Reaching safepoint: 34277 ns, At safepoint: 4723 ns, Total: 39000 ns
[2022-06-28T06:58:34.574+0000][7][safepoint   ] Safepoint "Cleanup", Time since last: 1000140605 ns, Reaching safepoint: 34608 ns, At safepoint: 4417 ns, Total: 39025 ns
[2022-06-28T06:58:35.574+0000][7][safepoint   ] Safepoint "Cleanup", Time since last: 1000121776 ns, Reaching safepoint: 40999 ns, At safepoint: 4433 ns, Total: 45432 ns
[2022-06-28T06:58:37.575+0000][7][safepoint   ] Safepoint "Cleanup", Time since last: 2000167771 ns, Reaching safepoint: 40277 ns, At safepoint: 4650 ns, Total: 44927 ns
[2022-06-28T06:58:39.575+0000][7][safepoint   ] Safepoint "Cleanup", Time since last: 2000202709 ns, Reaching safepoint: 37006 ns, At safepoint: 4417 ns, Total: 41423 ns
[2022-06-28T06:58:40.575+0000][7][safepoint   ] Safepoint "Cleanup", Time since last: 1000143821 ns, Reaching safepoint: 39772 ns, At safepoint: 4658 ns, Total: 44430 ns
[2022-06-28T06:58:41.575+0000][7][safepoint   ] Safepoint "Cleanup", Time since last: 1000136897 ns, Reaching safepoint: 41141 ns, At safepoint: 4614 ns, Total: 45755 ns
[2022-06-28T06:58:42.575+0000][7][safepoint   ] Safepoint "Cleanup", Time since last: 1000140244 ns, Reaching safepoint: 38058 ns, At safepoint: 4783 ns, Total: 42841 ns
[2022-06-28T06:58:43.576+0000][7][safepoint   ] Safepoint "Cleanup", Time since last: 1000125369 ns, Reaching safepoint: 33189 ns, At safepoint: 4705 ns, Total: 37894 ns
[2022-06-28T06:58:44.576+0000][7][safepoint   ] Safepoint "Cleanup", Time since last: 1000124999 ns, Reaching safepoint: 37187 ns, At safepoint: 5788 ns, Total: 42975 ns
[2022-06-28T06:58:45.576+0000][7][safepoint   ] Safepoint "Cleanup", Time since last: 1000145944 ns, Reaching safepoint: 32411 ns, At safepoint: 4195 ns, Total: 36606 ns
[2022-06-28T06:58:46.576+0000][7][safepoint   ] Safepoint "Cleanup", Time since last: 1000140752 ns, Reaching safepoint: 35316 ns, At safepoint: 4326 ns, Total: 39642 ns
[2022-06-28T06:58:47.576+0000][7][safepoint   ] Safepoint "Cleanup", Time since last: 1000148863 ns, Reaching safepoint: 31149 ns, At safepoint: 4240 ns, Total: 35389 ns
[2022-06-28T06:58:48.576+0000][7][safepoint   ] Safepoint "Cleanup", Time since last: 1000146327 ns, Reaching safepoint: 37756 ns, At safepoint: 8192 ns, Total: 45948 ns
[2022-06-28T06:58:49.577+0000][7][safepoint   ] Safepoint "Cleanup", Time since last: 1000155084 ns, Reaching safepoint: 42463 ns, At safepoint: 4047 ns, Total: 46510 ns
[2022-06-28T06:58:51.577+0000][7][safepoint   ] Safepoint "Cleanup", Time since last: 2000254100 ns, Reaching safepoint: 33659 ns, At safepoint: 4316 ns, Total: 37975 ns
[2022-06-28T06:58:53.577+0000][7][safepoint   ] Safepoint "Cleanup", Time since last: 2000275986 ns, Reaching safepoint: 30953 ns, At safepoint: 4366 ns, Total: 35319 ns
[2022-06-28T06:58:56.578+0000][7][safepoint   ] Safepoint "Cleanup", Time since last: 3000350410 ns, Reaching safepoint: 44192 ns, At safepoint: 4690 ns, Total: 48882 ns
[2022-06-28T06:58:57.578+0000][7][safepoint   ] Safepoint "Cleanup", Time since last: 1000182976 ns, Reaching safepoint: 57403 ns, At safepoint: 8730 ns, Total: 66133 ns
[2022-06-28T06:58:58.578+0000][7][safepoint   ] Safepoint "Cleanup", Time since last: 1000163822 ns, Reaching safepoint: 42828 ns, At safepoint: 4767 ns, Total: 47595 ns
[2022-06-28T06:59:03.579+0000][7][safepoint   ] Safepoint "Cleanup", Time since last: 5000530894 ns, Reaching safepoint: 52489 ns, At safepoint: 4458 ns, Total: 56947 ns
[2022-06-28T06:59:06.579+0000][7][safepoint   ] Safepoint "Cleanup", Time since last: 3000355958 ns, Reaching safepoint: 49008 ns, At safepoint: 5093 ns, Total: 54101 ns
[2022-06-28T06:59:07.579+0000][7][safepoint   ] Safepoint "Cleanup", Time since last: 1000151865 ns, Reaching safepoint: 42744 ns, At safepoint: 4727 ns, Total: 47471 ns
[2022-06-28T06:59:08.580+0000][7][safepoint   ] Safepoint "Cleanup", Time since last: 1000189192 ns, Reaching safepoint: 43974 ns, At safepoint: 4675 ns, Total: 48649 ns
[2022-06-28T06:59:10.580+0000][7][safepoint   ] Safepoint "Cleanup", Time since last: 2000304018 ns, Reaching safepoint: 39493 ns, At safepoint: 4698 ns, Total: 44191 ns
[2022-06-28T06:59:16.581+0000][7][safepoint   ] Safepoint "Cleanup", Time since last: 6000653410 ns, Reaching safepoint: 36541 ns, At safepoint: 4631 ns, Total: 41172 ns
[2022-06-28T06:59:19.581+0000][7][safepoint   ] Safepoint "Cleanup", Time since last: 3000374112 ns, Reaching safepoint: 55208 ns, At safepoint: 8970 ns, Total: 64178 ns
[2022-06-28T06:59:22.581+0000][7][safepoint   ] Safepoint "Cleanup", Time since last: 3000389462 ns, Reaching safepoint: 31578 ns, At safepoint: 4658 ns, Total: 36236 ns
[2022-06-28T06:59:26.582+0000][7][safepoint   ] Safepoint "Cleanup", Time since last: 4000442882 ns, Reaching safepoint: 38864 ns, At safepoint: 4484 ns, Total: 43348 ns
[2022-06-28T06:59:27.582+0000][7][safepoint   ] Safepoint "Cleanup", Time since last: 1000156592 ns, Reaching safepoint: 42371 ns, At safepoint: 5165 ns, Total: 47536 ns
[2022-06-28T06:59:28.582+0000][7][safepoint   ] Safepoint "Cleanup", Time since last: 1000183081 ns, Reaching safepoint: 40756 ns, At safepoint: 5104 ns, Total: 45860 ns
[2022-06-28T06:59:30.583+0000][7][safepoint   ] Safepoint "Cleanup", Time since last: 2000253305 ns, Reaching safepoint: 36335 ns, At safepoint: 3962 ns, Total: 40297 ns
[2022-06-28T06:59:32.583+0000][7][safepoint   ] Safepoint "Cleanup", Time since last: 2000263344 ns, Reaching safepoint: 42618 ns, At safepoint: 5120 ns, Total: 47738 ns
[2022-06-28T06:59:33.583+0000][7][safepoint   ] Safepoint "Cleanup", Time since last: 1000175849 ns, Reaching safepoint: 39264 ns, At safepoint: 4387 ns, Total: 43651 ns
[2022-06-28T06:59:35.583+0000][7][safepoint   ] Safepoint "Cleanup", Time since last: 2000249994 ns, Reaching safepoint: 43394 ns, At safepoint: 4736 ns, Total: 48130 ns
[2022-06-28T06:59:36.584+0000][7][safepoint   ] Safepoint "Cleanup", Time since last: 1000148380 ns, Reaching safepoint: 39931 ns, At safepoint: 4555 ns, Total: 44486 ns
[2022-06-28T06:59:41.584+0000][7][safepoint   ] Safepoint "Cleanup", Time since last: 5000592409 ns, Reaching safepoint: 38359 ns, At safepoint: 4396 ns, Total: 42755 ns
[2022-06-28T06:59:42.685+0000][7][gc,start    ] GC(33) Pause Young (Concurrent Start) (G1 Evacuation Pause)
[2022-06-28T06:59:42.685+0000][7][gc,task     ] GC(33) Using 1 workers of 1 for evacuation
[2022-06-28T06:59:42.685+0000][7][gc,age      ] GC(33) Desired survivor size 8388608 bytes, new threshold 15 (max threshold 15)
[2022-06-28T06:59:42.699+0000][7][gc,phases   ] GC(33)   Pre Evacuate Collection Set: 0.3ms
[2022-06-28T06:59:42.699+0000][7][gc,phases   ] GC(33)   Merge Heap Roots: 0.1ms
[2022-06-28T06:59:42.699+0000][7][gc,phases   ] GC(33)   Evacuate Collection Set: 12.1ms
[2022-06-28T06:59:42.699+0000][7][gc,phases   ] GC(33)   Post Evacuate Collection Set: 1.1ms
[2022-06-28T06:59:42.699+0000][7][gc,phases   ] GC(33)   Other: 0.1ms
[2022-06-28T06:59:42.699+0000][7][gc,age      ] GC(33) Age table with threshold 15 (max threshold 15)
[2022-06-28T06:59:42.699+0000][7][gc,age      ] GC(33) - age   1:      16424 bytes,      16424 total
[2022-06-28T06:59:42.699+0000][7][gc,age      ] GC(33) - age   2:    1350128 bytes,    1366552 total
[2022-06-28T06:59:42.699+0000][7][gc,age      ] GC(33) - age   3:     772424 bytes,    2138976 total
[2022-06-28T06:59:42.699+0000][7][gc,age      ] GC(33) - age   4:    2744528 bytes,    4883504 total
[2022-06-28T06:59:42.699+0000][7][gc,heap     ] GC(33) Eden regions: 24->0(25)
[2022-06-28T06:59:42.699+0000][7][gc,heap     ] GC(33) Survivor regions: 2->2(4)
[2022-06-28T06:59:42.699+0000][7][gc,heap     ] GC(33) Old regions: 18->18
[2022-06-28T06:59:42.699+0000][7][gc,heap     ] GC(33) Archive regions: 2->2
[2022-06-28T06:59:42.699+0000][7][gc,heap     ] GC(33) Humongous regions: 2->2
[2022-06-28T06:59:42.699+0000][7][gc,metaspace] GC(33) Metaspace: 103440K(106304K)->103440K(106304K) NonClass: 89315K(90816K)->89315K(90816K) Class: 14125K(15488K)->14125K(15488K)
[2022-06-28T06:59:42.699+0000][7][gc          ] GC(33) Pause Young (Concurrent Start) (G1 Evacuation Pause) 181M->85M(256M) 13.873ms
[2022-06-28T06:59:42.699+0000][7][gc,cpu      ] GC(33) User=0.01s Sys=0.00s Real=0.02s
[2022-06-28T06:59:42.699+0000][7][safepoint   ] Safepoint "G1CollectForAllocation", Time since last: 1100870359 ns, Reaching safepoint: 25788 ns, At safepoint: 13931858 ns, Total: 13957646 ns
[2022-06-28T06:59:42.700+0000][7][gc          ] GC(34) Concurrent Mark Cycle
[2022-06-28T06:59:42.700+0000][7][gc,marking  ] GC(34) Concurrent Clear Claimed Marks
[2022-06-28T06:59:42.701+0000][7][gc,marking  ] GC(34) Concurrent Clear Claimed Marks 0.223ms
[2022-06-28T06:59:42.701+0000][7][gc,marking  ] GC(34) Concurrent Scan Root Regions
[2022-06-28T06:59:42.709+0000][7][gc,marking  ] GC(34) Concurrent Scan Root Regions 8.305ms
[2022-06-28T06:59:42.709+0000][7][gc,marking  ] GC(34) Concurrent Mark
[2022-06-28T06:59:42.709+0000][7][gc,marking  ] GC(34) Concurrent Mark From Roots
[2022-06-28T06:59:42.709+0000][7][gc,task     ] GC(34) Using 1 workers of 1 for marking
[2022-06-28T06:59:42.823+0000][7][gc,marking  ] GC(34) Concurrent Mark From Roots 114.309ms
[2022-06-28T06:59:42.823+0000][7][gc,marking  ] GC(34) Concurrent Preclean
[2022-06-28T06:59:42.824+0000][7][gc,marking  ] GC(34) Concurrent Preclean 0.354ms
[2022-06-28T06:59:42.824+0000][7][gc,start    ] GC(34) Pause Remark
[2022-06-28T06:59:42.853+0000][7][gc          ] GC(34) Pause Remark 87M->87M(256M) 29.217ms
[2022-06-28T06:59:42.853+0000][7][gc,cpu      ] GC(34) User=0.02s Sys=0.01s Real=0.03s
[2022-06-28T06:59:42.860+0000][7][safepoint   ] Safepoint "G1Concurrent", Time since last: 124599600 ns, Reaching safepoint: 21392 ns, At safepoint: 35778464 ns, Total: 35799856 ns
[2022-06-28T06:59:42.860+0000][7][gc,marking  ] GC(34) Concurrent Mark 150.585ms
[2022-06-28T06:59:42.860+0000][7][gc,marking  ] GC(34) Concurrent Rebuild Remembered Sets
[2022-06-28T06:59:42.977+0000][7][gc,marking  ] GC(34) Concurrent Rebuild Remembered Sets 117.518ms
[2022-06-28T06:59:42.984+0000][7][gc,start    ] GC(34) Pause Cleanup
[2022-06-28T06:59:42.984+0000][7][gc          ] GC(34) Pause Cleanup 87M->87M(256M) 0.053ms
[2022-06-28T06:59:42.984+0000][7][gc,cpu      ] GC(34) User=0.00s Sys=0.00s Real=0.00s
[2022-06-28T06:59:42.984+0000][7][safepoint   ] Safepoint "G1Concurrent", Time since last: 117628863 ns, Reaching safepoint: 6414304 ns, At safepoint: 88579 ns, Total: 6502883 ns
[2022-06-28T06:59:42.991+0000][7][gc,marking  ] GC(34) Concurrent Cleanup for Next Mark
[2022-06-28T06:59:42.998+0000][7][gc,marking  ] GC(34) Concurrent Cleanup for Next Mark 7.585ms
[2022-06-28T06:59:42.998+0000][7][gc          ] GC(34) Concurrent Mark Cycle 297.691ms
[2022-06-28T06:59:44.984+0000][7][safepoint   ] Safepoint "Cleanup", Time since last: 2000236910 ns, Reaching safepoint: 58343 ns, At safepoint: 8706 ns, Total: 67049 ns
[2022-06-28T06:59:45.984+0000][7][safepoint   ] Safepoint "Cleanup", Time since last: 1000182977 ns, Reaching safepoint: 72313 ns, At safepoint: 5330 ns, Total: 77643 ns
[2022-06-28T06:59:46.984+0000][7][safepoint   ] Safepoint "Cleanup", Time since last: 1000150600 ns, Reaching safepoint: 41824 ns, At safepoint: 4708 ns, Total: 46532 ns
[2022-06-28T06:59:47.985+0000][7][safepoint   ] Safepoint "Cleanup", Time since last: 1000143717 ns, Reaching safepoint: 38927 ns, At safepoint: 4537 ns, Total: 43464 ns
[2022-06-28T06:59:49.985+0000][7][safepoint   ] Safepoint "Cleanup", Time since last: 2000303994 ns, Reaching safepoint: 55357 ns, At safepoint: 9236 ns, Total: 64593 ns
[2022-06-28T06:59:50.985+0000][7][safepoint   ] Safepoint "Cleanup", Time since last: 1000185219 ns, Reaching safepoint: 54462 ns, At safepoint: 4508 ns, Total: 58970 ns
[2022-06-28T06:59:52.986+0000][7][safepoint   ] Safepoint "Cleanup", Time since last: 2000236602 ns, Reaching safepoint: 38280 ns, At safepoint: 4681 ns, Total: 42961 ns
[2022-06-28T06:59:57.986+0000][7][safepoint   ] Safepoint "Cleanup", Time since last: 5000592758 ns, Reaching safepoint: 39094 ns, At safepoint: 4655 ns, Total: 43749 ns
[2022-06-28T07:00:02.987+0000][7][safepoint   ] Safepoint "Cleanup", Time since last: 5000500186 ns, Reaching safepoint: 46331 ns, At safepoint: 4798 ns, Total: 51129 ns
[2022-06-28T07:00:08.987+0000][7][safepoint   ] Safepoint "Cleanup", Time since last: 6000664790 ns, Reaching safepoint: 40486 ns, At safepoint: 4754 ns, Total: 45240 ns
[2022-06-28T07:00:12.988+0000][7][safepoint   ] Safepoint "Cleanup", Time since last: 4000456849 ns, Reaching safepoint: 40505 ns, At safepoint: 4624 ns, Total: 45129 ns
[2022-06-28T07:00:21.989+0000][7][safepoint   ] Safepoint "Cleanup", Time since last: 9000873422 ns, Reaching safepoint: 34235 ns, At safepoint: 4603 ns, Total: 38838 ns
[2022-06-28T07:00:22.989+0000][7][safepoint   ] Safepoint "Cleanup", Time since last: 1000143318 ns, Reaching safepoint: 36794 ns, At safepoint: 4767 ns, Total: 41561 ns
[2022-06-28T07:00:24.989+0000][7][safepoint   ] Safepoint "Cleanup", Time since last: 2000229432 ns, Reaching safepoint: 36946 ns, At safepoint: 4943 ns, Total: 41889 ns
[2022-06-28T07:00:26.990+0000][7][safepoint   ] Safepoint "Cleanup", Time since last: 2000211588 ns, Reaching safepoint: 35785 ns, At safepoint: 4755 ns, Total: 40540 ns
[2022-06-28T07:00:27.990+0000][7][safepoint   ] Safepoint "Cleanup", Time since last: 1000143293 ns, Reaching safepoint: 32702 ns, At safepoint: 4843 ns, Total: 37545 ns
[2022-06-28T07:00:28.990+0000][7][safepoint   ] Safepoint "Cleanup", Time since last: 1000120223 ns, Reaching safepoint: 31945 ns, At safepoint: 4425 ns, Total: 36370 ns
[2022-06-28T07:00:32.990+0000][7][safepoint   ] Safepoint "Cleanup", Time since last: 4000435207 ns, Reaching safepoint: 33637 ns, At safepoint: 4565 ns, Total: 38202 ns
[2022-06-28T07:00:36.991+0000][7][safepoint   ] Safepoint "Cleanup", Time since last: 4000457381 ns, Reaching safepoint: 39128 ns, At safepoint: 5233 ns, Total: 44361 ns
[2022-06-28T07:00:37.991+0000][7][safepoint   ] Safepoint "Cleanup", Time since last: 1000144982 ns, Reaching safepoint: 32342 ns, At safepoint: 4518 ns, Total: 36860 ns
[2022-06-28T07:00:38.991+0000][7][safepoint   ] Safepoint "Cleanup", Time since last: 1000155870 ns, Reaching safepoint: 34430 ns, At safepoint: 4502 ns, Total: 38932 ns
[2022-06-28T07:00:39.991+0000][7][safepoint   ] Safepoint "Cleanup", Time since last: 1000119370 ns, Reaching safepoint: 32879 ns, At safepoint: 4393 ns, Total: 37272 ns
[2022-06-28T07:00:41.992+0000][7][safepoint   ] Safepoint "Cleanup", Time since last: 2000249774 ns, Reaching safepoint: 37592 ns, At safepoint: 4197 ns, Total: 41789 ns
[2022-06-28T07:00:45.992+0000][7][safepoint   ] Safepoint "Cleanup", Time since last: 4000418802 ns, Reaching safepoint: 35289 ns, At safepoint: 4742 ns, Total: 40031 ns
[2022-06-28T07:00:47.992+0000][7][safepoint   ] Safepoint "Cleanup", Time since last: 2000220489 ns, Reaching safepoint: 29783 ns, At safepoint: 4530 ns, Total: 34313 ns
[2022-06-28T07:00:48.993+0000][7][safepoint   ] Safepoint "Cleanup", Time since last: 1000153125 ns, Reaching safepoint: 31264 ns, At safepoint: 4951 ns, Total: 36215 ns
[2022-06-28T07:00:52.993+0000][7][safepoint   ] Safepoint "Cleanup", Time since last: 4000340832 ns, Reaching safepoint: 33210 ns, At safepoint: 4546 ns, Total: 37756 ns
[2022-06-28T07:00:53.993+0000][7][safepoint   ] Safepoint "Cleanup", Time since last: 1000149458 ns, Reaching safepoint: 31775 ns, At safepoint: 4464 ns, Total: 36239 ns
[2022-06-28T07:00:57.994+0000][7][safepoint   ] Safepoint "Cleanup", Time since last: 4000464662 ns, Reaching safepoint: 33008 ns, At safepoint: 5218 ns, Total: 38226 ns
[2022-06-28T07:00:58.994+0000][7][safepoint   ] Safepoint "Cleanup", Time since last: 1000146105 ns, Reaching safepoint: 47766 ns, At safepoint: 8813 ns, Total: 56579 ns
[2022-06-28T07:01:02.994+0000][7][safepoint   ] Safepoint "Cleanup", Time since last: 4000434783 ns, Reaching safepoint: 41656 ns, At safepoint: 4886 ns, Total: 46542 ns
[2022-06-28T07:01:05.995+0000][7][safepoint   ] Safepoint "Cleanup", Time since last: 3000280553 ns, Reaching safepoint: 31919 ns, At safepoint: 4767 ns, Total: 36686 ns
[2022-06-28T07:01:06.999+0000][7][safepoint   ] Safepoint "Cleanup", Time since last: 1003846309 ns, Reaching safepoint: 31905 ns, At safepoint: 4109 ns, Total: 36014 ns
[2022-06-28T07:01:07.999+0000][7][safepoint   ] Safepoint "Cleanup", Time since last: 1000147062 ns, Reaching safepoint: 32995 ns, At safepoint: 4222 ns, Total: 37217 ns
[2022-06-28T07:01:10.999+0000][7][safepoint   ] Safepoint "Cleanup", Time since last: 3000351005 ns, Reaching safepoint: 33640 ns, At safepoint: 4938 ns, Total: 38578 ns
[2022-06-28T07:01:16.001+0000][7][safepoint   ] Safepoint "Cleanup", Time since last: 5001418891 ns, Reaching safepoint: 40168 ns, At safepoint: 4637 ns, Total: 44805 ns
[2022-06-28T07:01:17.001+0000][7][safepoint   ] Safepoint "Cleanup", Time since last: 1000168993 ns, Reaching safepoint: 41265 ns, At safepoint: 4485 ns, Total: 45750 ns
[2022-06-28T07:01:19.001+0000][7][safepoint   ] Safepoint "Cleanup", Time since last: 2000229743 ns, Reaching safepoint: 67380 ns, At safepoint: 4541 ns, Total: 71921 ns
[2022-06-28T07:01:25.002+0000][7][safepoint   ] Safepoint "Cleanup", Time since last: 6000691514 ns, Reaching safepoint: 41902 ns, At safepoint: 4488 ns, Total: 46390 ns
[2022-06-28T07:01:26.002+0000][7][safepoint   ] Safepoint "Cleanup", Time since last: 1000152306 ns, Reaching safepoint: 39657 ns, At safepoint: 7510 ns, Total: 47167 ns
[2022-06-28T07:01:28.002+0000][7][safepoint   ] Safepoint "Cleanup", Time since last: 2000354911 ns, Reaching safepoint: 38308 ns, At safepoint: 4810 ns, Total: 43118 ns
[2022-06-28T07:01:29.003+0000][7][safepoint   ] Safepoint "Cleanup", Time since last: 1000176075 ns, Reaching safepoint: 38271 ns, At safepoint: 4681 ns, Total: 42952 ns
[2022-06-28T07:01:29.032+0000][7][gc,start    ] GC(35) Pause Young (Normal) (G1 Evacuation Pause)
[2022-06-28T07:01:29.032+0000][7][gc,task     ] GC(35) Using 1 workers of 1 for evacuation
[2022-06-28T07:01:29.032+0000][7][gc,age      ] GC(35) Desired survivor size 8388608 bytes, new threshold 15 (max threshold 15)
[2022-06-28T07:01:29.046+0000][7][gc,phases   ] GC(35)   Pre Evacuate Collection Set: 0.0ms
[2022-06-28T07:01:29.046+0000][7][gc,phases   ] GC(35)   Merge Heap Roots: 0.1ms
[2022-06-28T07:01:29.046+0000][7][gc,phases   ] GC(35)   Evacuate Collection Set: 12.5ms
[2022-06-28T07:01:29.046+0000][7][gc,phases   ] GC(35)   Post Evacuate Collection Set: 1.1ms
[2022-06-28T07:01:29.046+0000][7][gc,phases   ] GC(35)   Other: 0.1ms
[2022-06-28T07:01:29.046+0000][7][gc,age      ] GC(35) Age table with threshold 15 (max threshold 15)
[2022-06-28T07:01:29.046+0000][7][gc,age      ] GC(35) - age   1:      15632 bytes,      15632 total
[2022-06-28T07:01:29.046+0000][7][gc,age      ] GC(35) - age   2:       6088 bytes,      21720 total
[2022-06-28T07:01:29.046+0000][7][gc,age      ] GC(35) - age   3:    1296960 bytes,    1318680 total
[2022-06-28T07:01:29.046+0000][7][gc,age      ] GC(35) - age   4:     744080 bytes,    2062760 total
[2022-06-28T07:01:29.046+0000][7][gc,age      ] GC(35) - age   5:    2589680 bytes,    4652440 total
[2022-06-28T07:01:29.046+0000][7][gc,heap     ] GC(35) Eden regions: 25->0(26)
[2022-06-28T07:01:29.046+0000][7][gc,heap     ] GC(35) Survivor regions: 2->2(4)
[2022-06-28T07:01:29.046+0000][7][gc,heap     ] GC(35) Old regions: 18->18
[2022-06-28T07:01:29.046+0000][7][gc,heap     ] GC(35) Archive regions: 2->2
[2022-06-28T07:01:29.046+0000][7][gc,heap     ] GC(35) Humongous regions: 2->2
[2022-06-28T07:01:29.046+0000][7][gc,metaspace] GC(35) Metaspace: 101640K(106368K)->101640K(106368K) NonClass: 87990K(90880K)->87990K(90880K) Class: 13650K(15488K)->13650K(15488K)
[2022-06-28T07:01:29.046+0000][7][gc          ] GC(35) Pause Young (Normal) (G1 Evacuation Pause) 185M->85M(256M) 14.056ms
[2022-06-28T07:01:29.046+0000][7][gc,cpu      ] GC(35) User=0.01s Sys=0.00s Real=0.01s
[2022-06-28T07:01:29.046+0000][7][safepoint   ] Safepoint "G1CollectForAllocation", Time since last: 29066260 ns, Reaching safepoint: 16718 ns, At safepoint: 14108751 ns, Total: 14125469 ns
[2022-06-28T07:01:31.046+0000][7][safepoint   ] Safepoint "Cleanup", Time since last: 2000216889 ns, Reaching safepoint: 36907 ns, At safepoint: 4743 ns, Total: 41650 ns
[2022-06-28T07:01:33.046+0000][7][safepoint   ] Safepoint "Cleanup", Time since last: 2000242248 ns, Reaching safepoint: 34159 ns, At safepoint: 4514 ns, Total: 38673 ns
[2022-06-28T07:01:34.047+0000][7][safepoint   ] Safepoint "Cleanup", Time since last: 1000186206 ns, Reaching safepoint: 45233 ns, At safepoint: 5512 ns, Total: 50745 ns
[2022-06-28T07:01:36.047+0000][7][safepoint   ] Safepoint "Cleanup", Time since last: 2000240716 ns, Reaching safepoint: 32518 ns, At safepoint: 4249 ns, Total: 36767 ns
[2022-06-28T07:01:37.047+0000][7][safepoint   ] Safepoint "Cleanup", Time since last: 1000123959 ns, Reaching safepoint: 40801 ns, At safepoint: 4447 ns, Total: 45248 ns
[2022-06-28T07:01:39.047+0000][7][safepoint   ] Safepoint "Cleanup", Time since last: 2000236345 ns, Reaching safepoint: 32787 ns, At safepoint: 4296 ns, Total: 37083 ns
[2022-06-28T07:01:40.047+0000][7][safepoint   ] Safepoint "Cleanup", Time since last: 1000130446 ns, Reaching safepoint: 30674 ns, At safepoint: 4223 ns, Total: 34897 ns
[2022-06-28T07:01:41.048+0000][7][safepoint   ] Safepoint "Cleanup", Time since last: 1000692438 ns, Reaching safepoint: 165447 ns, At safepoint: 8040 ns, Total: 173487 ns
[2022-06-28T07:01:43.049+0000][7][safepoint   ] Safepoint "Cleanup", Time since last: 2000302261 ns, Reaching safepoint: 36483 ns, At safepoint: 4318 ns, Total: 40801 ns
[2022-06-28T07:01:47.049+0000][7][safepoint   ] Safepoint "Cleanup", Time since last: 4000520231 ns, Reaching safepoint: 36388 ns, At safepoint: 4400 ns, Total: 40788 ns
[2022-06-28T07:01:48.049+0000][7][safepoint   ] Safepoint "Cleanup", Time since last: 1000143780 ns, Reaching safepoint: 40259 ns, At safepoint: 4837 ns, Total: 45096 ns
[2022-06-28T07:01:49.050+0000][7][safepoint   ] Safepoint "Cleanup", Time since last: 1000155676 ns, Reaching safepoint: 85073 ns, At safepoint: 13986 ns, Total: 99059 ns
[2022-06-28T07:02:03.051+0000][7][safepoint   ] Safepoint "Cleanup", Time since last: 14001397615 ns, Reaching safepoint: 37849 ns, At safepoint: 4436 ns, Total: 42285 ns
[2022-06-28T07:02:04.051+0000][7][safepoint   ] Safepoint "Cleanup", Time since last: 1000151206 ns, Reaching safepoint: 37557 ns, At safepoint: 4753 ns, Total: 42310 ns
[2022-06-28T07:02:06.052+0000][7][safepoint   ] Safepoint "Cleanup", Time since last: 2000273841 ns, Reaching safepoint: 36187 ns, At safepoint: 4830 ns, Total: 41017 ns
[2022-06-28T07:02:08.052+0000][7][safepoint   ] Safepoint "Cleanup", Time since last: 2000254632 ns, Reaching safepoint: 39841 ns, At safepoint: 4966 ns, Total: 44807 ns
[2022-06-28T07:02:11.052+0000][7][safepoint   ] Safepoint "Cleanup", Time since last: 3000367775 ns, Reaching safepoint: 39022 ns, At safepoint: 4785 ns, Total: 43807 ns
[2022-06-28T07:02:12.986+0000][7][safepoint   ] Safepoint "Cleanup", Time since last: 1933107672 ns, Reaching safepoint: 156871 ns, At safepoint: 5641 ns, Total: 162512 ns
[2022-06-28T07:02:13.986+0000][7][safepoint   ] Safepoint "Cleanup", Time since last: 1000143701 ns, Reaching safepoint: 71163 ns, At safepoint: 4632 ns, Total: 75795 ns
[2022-06-28T07:02:14.986+0000][7][safepoint   ] Safepoint "Cleanup", Time since last: 1000128386 ns, Reaching safepoint: 35474 ns, At safepoint: 4347 ns, Total: 39821 ns
[2022-06-28T07:02:27.987+0000][7][safepoint   ] Safepoint "Cleanup", Time since last: 13001297077 ns, Reaching safepoint: 35457 ns, At safepoint: 4207 ns, Total: 39664 ns
[2022-06-28T07:02:32.988+0000][7][safepoint   ] Safepoint "Cleanup", Time since last: 5000460422 ns, Reaching safepoint: 37092 ns, At safepoint: 4795 ns, Total: 41887 ns
[2022-06-28T07:02:35.988+0000][7][safepoint   ] Safepoint "Cleanup", Time since last: 3000317650 ns, Reaching safepoint: 32079 ns, At safepoint: 4596 ns, Total: 36675 ns
[2022-06-28T07:02:41.989+0000][7][safepoint   ] Safepoint "Cleanup", Time since last: 6000641081 ns, Reaching safepoint: 36556 ns, At safepoint: 4319 ns, Total: 40875 ns
[2022-06-28T07:02:44.989+0000][7][safepoint   ] Safepoint "Cleanup", Time since last: 3000322343 ns, Reaching safepoint: 45022 ns, At safepoint: 4626 ns, Total: 49648 ns
[2022-06-28T07:02:51.990+0000][7][safepoint   ] Safepoint "Cleanup", Time since last: 7000706876 ns, Reaching safepoint: 37171 ns, At safepoint: 4840 ns, Total: 42011 ns
[2022-06-28T07:02:52.990+0000][7][safepoint   ] Safepoint "Cleanup", Time since last: 1000135569 ns, Reaching safepoint: 37218 ns, At safepoint: 4920 ns, Total: 42138 ns
[2022-06-28T07:02:56.991+0000][7][safepoint   ] Safepoint "Cleanup", Time since last: 4000516022 ns, Reaching safepoint: 36855 ns, At safepoint: 4779 ns, Total: 41634 ns
[2022-06-28T07:03:01.991+0000][7][safepoint   ] Safepoint "Cleanup", Time since last: 5000555159 ns, Reaching safepoint: 37046 ns, At safepoint: 4724 ns, Total: 41770 ns
[2022-06-28T07:03:02.992+0000][7][safepoint   ] Safepoint "Cleanup", Time since last: 1000155934 ns, Reaching safepoint: 34875 ns, At safepoint: 4982 ns, Total: 39857 ns
[2022-06-28T07:03:06.992+0000][7][safepoint   ] Safepoint "Cleanup", Time since last: 4000505064 ns, Reaching safepoint: 40769 ns, At safepoint: 4995 ns, Total: 45764 ns
[2022-06-28T07:03:09.993+0000][7][safepoint   ] Safepoint "Cleanup", Time since last: 3000440989 ns, Reaching safepoint: 37694 ns, At safepoint: 4878 ns, Total: 42572 ns
[2022-06-28T07:03:12.971+0000][7][gc,start    ] GC(36) Pause Young (Concurrent Start) (G1 Evacuation Pause)
[2022-06-28T07:03:12.971+0000][7][gc,task     ] GC(36) Using 1 workers of 1 for evacuation
[2022-06-28T07:03:12.971+0000][7][gc,age      ] GC(36) Desired survivor size 8388608 bytes, new threshold 15 (max threshold 15)
[2022-06-28T07:03:12.984+0000][7][gc,phases   ] GC(36)   Pre Evacuate Collection Set: 0.2ms
[2022-06-28T07:03:12.984+0000][7][gc,phases   ] GC(36)   Merge Heap Roots: 0.1ms
[2022-06-28T07:03:12.984+0000][7][gc,phases   ] GC(36)   Evacuate Collection Set: 11.9ms
[2022-06-28T07:03:12.984+0000][7][gc,phases   ] GC(36)   Post Evacuate Collection Set: 1.0ms
[2022-06-28T07:03:12.984+0000][7][gc,phases   ] GC(36)   Other: 0.1ms
[2022-06-28T07:03:12.984+0000][7][gc,age      ] GC(36) Age table with threshold 15 (max threshold 15)
[2022-06-28T07:03:12.984+0000][7][gc,age      ] GC(36) - age   1:     123456 bytes,     123456 total
[2022-06-28T07:03:12.984+0000][7][gc,age      ] GC(36) - age   2:       7264 bytes,     130720 total
[2022-06-28T07:03:12.984+0000][7][gc,age      ] GC(36) - age   3:       6088 bytes,     136808 total
[2022-06-28T07:03:12.984+0000][7][gc,age      ] GC(36) - age   4:     984848 bytes,    1121656 total
[2022-06-28T07:03:12.984+0000][7][gc,age      ] GC(36) - age   5:     744080 bytes,    1865736 total
[2022-06-28T07:03:12.984+0000][7][gc,age      ] GC(36) - age   6:    2579256 bytes,    4444992 total
[2022-06-28T07:03:12.984+0000][7][gc,heap     ] GC(36) Eden regions: 26->0(27)
[2022-06-28T07:03:12.984+0000][7][gc,heap     ] GC(36) Survivor regions: 2->2(4)
[2022-06-28T07:03:12.984+0000][7][gc,heap     ] GC(36) Old regions: 18->18
[2022-06-28T07:03:12.984+0000][7][gc,heap     ] GC(36) Archive regions: 2->2
[2022-06-28T07:03:12.984+0000][7][gc,heap     ] GC(36) Humongous regions: 2->2
[2022-06-28T07:03:12.984+0000][7][gc,metaspace] GC(36) Metaspace: 101991K(106368K)->101991K(106368K) NonClass: 88311K(90880K)->88311K(90880K) Class: 13680K(15488K)->13680K(15488K)
[2022-06-28T07:03:12.985+0000][7][gc          ] GC(36) Pause Young (Concurrent Start) (G1 Evacuation Pause) 189M->85M(256M) 13.445ms
[2022-06-28T07:03:12.985+0000][7][gc,cpu      ] GC(36) User=0.01s Sys=0.00s Real=0.01s
[2022-06-28T07:03:12.985+0000][7][safepoint   ] Safepoint "G1CollectForAllocation", Time since last: 2978437646 ns, Reaching safepoint: 25108 ns, At safepoint: 13505033 ns, Total: 13530141 ns
[2022-06-28T07:03:12.985+0000][7][gc          ] GC(37) Concurrent Mark Cycle
[2022-06-28T07:03:12.985+0000][7][gc,marking  ] GC(37) Concurrent Clear Claimed Marks
[2022-06-28T07:03:12.985+0000][7][gc,marking  ] GC(37) Concurrent Clear Claimed Marks 0.072ms
[2022-06-28T07:03:12.985+0000][7][gc,marking  ] GC(37) Concurrent Scan Root Regions
[2022-06-28T07:03:12.992+0000][7][gc,marking  ] GC(37) Concurrent Scan Root Regions 7.075ms
[2022-06-28T07:03:12.992+0000][7][gc,marking  ] GC(37) Concurrent Mark
[2022-06-28T07:03:12.992+0000][7][gc,marking  ] GC(37) Concurrent Mark From Roots
[2022-06-28T07:03:12.992+0000][7][gc,task     ] GC(37) Using 1 workers of 1 for marking
[2022-06-28T07:03:13.150+0000][7][gc,marking  ] GC(37) Concurrent Mark From Roots 158.683ms
[2022-06-28T07:03:13.151+0000][7][gc,marking  ] GC(37) Concurrent Preclean
[2022-06-28T07:03:13.151+0000][7][gc,marking  ] GC(37) Concurrent Preclean 0.139ms
[2022-06-28T07:03:13.151+0000][7][gc,start    ] GC(37) Pause Remark
[2022-06-28T07:03:13.183+0000][7][gc          ] GC(37) Pause Remark 86M->86M(256M) 32.537ms
[2022-06-28T07:03:13.183+0000][7][gc,cpu      ] GC(37) User=0.03s Sys=0.00s Real=0.03s
[2022-06-28T07:03:13.183+0000][7][safepoint   ] Safepoint "G1Concurrent", Time since last: 166147774 ns, Reaching safepoint: 24354 ns, At safepoint: 32630880 ns, Total: 32655234 ns
[2022-06-28T07:03:13.185+0000][7][gc,marking  ] GC(37) Concurrent Mark 193.031ms
[2022-06-28T07:03:13.185+0000][7][gc,marking  ] GC(37) Concurrent Rebuild Remembered Sets
[2022-06-28T07:03:13.263+0000][7][gc,marking  ] GC(37) Concurrent Rebuild Remembered Sets 77.856ms
[2022-06-28T07:03:13.263+0000][7][gc,start    ] GC(37) Pause Cleanup
[2022-06-28T07:03:13.263+0000][7][gc          ] GC(37) Pause Cleanup 86M->86M(256M) 0.047ms
[2022-06-28T07:03:13.263+0000][7][gc,cpu      ] GC(37) User=0.00s Sys=0.00s Real=0.00s
[2022-06-28T07:03:13.263+0000][7][safepoint   ] Safepoint "G1Concurrent", Time since last: 79402847 ns, Reaching safepoint: 20858 ns, At safepoint: 82758 ns, Total: 103616 ns
[2022-06-28T07:03:13.263+0000][7][gc,marking  ] GC(37) Concurrent Cleanup for Next Mark
[2022-06-28T07:03:13.264+0000][7][gc,marking  ] GC(37) Concurrent Cleanup for Next Mark 0.661ms
[2022-06-28T07:03:13.264+0000][7][gc          ] GC(37) Concurrent Mark Cycle 278.967ms
[2022-06-28T07:03:23.264+0000][7][safepoint   ] Safepoint "Cleanup", Time since last: 10001037496 ns, Reaching safepoint: 54869 ns, At safepoint: 8677 ns, Total: 63546 ns
[2022-06-28T07:03:26.264+0000][7][safepoint   ] Safepoint "Cleanup", Time since last: 3000348652 ns, Reaching safepoint: 36510 ns, At safepoint: 4377 ns, Total: 40887 ns
[2022-06-28T07:03:27.265+0000][7][safepoint   ] Safepoint "Cleanup", Time since last: 1000126407 ns, Reaching safepoint: 37298 ns, At safepoint: 4560 ns, Total: 41858 ns
[2022-06-28T07:03:28.265+0000][7][safepoint   ] Safepoint "Cleanup", Time since last: 1000170675 ns, Reaching safepoint: 61966 ns, At safepoint: 9067 ns, Total: 71033 ns
[2022-06-28T07:03:29.265+0000][7][safepoint   ] Safepoint "Cleanup", Time since last: 1000169358 ns, Reaching safepoint: 33144 ns, At safepoint: 4116 ns, Total: 37260 ns
[2022-06-28T07:03:31.265+0000][7][safepoint   ] Safepoint "Cleanup", Time since last: 2000214620 ns, Reaching safepoint: 38855 ns, At safepoint: 4359 ns, Total: 43214 ns
[2022-06-28T07:03:33.266+0000][7][safepoint   ] Safepoint "Cleanup", Time since last: 2000267832 ns, Reaching safepoint: 40497 ns, At safepoint: 4525 ns, Total: 45022 ns
[2022-06-28T07:03:35.266+0000][7][safepoint   ] Safepoint "Cleanup", Time since last: 2000265665 ns, Reaching safepoint: 39158 ns, At safepoint: 4650 ns, Total: 43808 ns
[2022-06-28T07:03:44.267+0000][7][safepoint   ] Safepoint "Cleanup", Time since last: 9000921703 ns, Reaching safepoint: 39261 ns, At safepoint: 4441 ns, Total: 43702 ns
[2022-06-28T07:03:45.267+0000][7][safepoint   ] Safepoint "Cleanup", Time since last: 1000144350 ns, Reaching safepoint: 40134 ns, At safepoint: 4870 ns, Total: 45004 ns
[2022-06-28T07:03:47.267+0000][7][safepoint   ] Safepoint "Cleanup", Time since last: 2000223216 ns, Reaching safepoint: 39563 ns, At safepoint: 4855 ns, Total: 44418 ns
[2022-06-28T07:03:53.268+0000][7][safepoint   ] Safepoint "Cleanup", Time since last: 6000752242 ns, Reaching safepoint: 36977 ns, At safepoint: 4433 ns, Total: 41410 ns
[2022-06-28T07:03:54.268+0000][7][safepoint   ] Safepoint "Cleanup", Time since last: 1000135106 ns, Reaching safepoint: 37946 ns, At safepoint: 4544 ns, Total: 42490 ns
[2022-06-28T07:04:02.269+0000][7][safepoint   ] Safepoint "Cleanup", Time since last: 8000837723 ns, Reaching safepoint: 38219 ns, At safepoint: 4663 ns, Total: 42882 ns
[2022-06-28T07:04:03.269+0000][7][safepoint   ] Safepoint "Cleanup", Time since last: 1000156613 ns, Reaching safepoint: 43428 ns, At safepoint: 5045 ns, Total: 48473 ns
[2022-06-28T07:04:06.271+0000][7][safepoint   ] Safepoint "Cleanup", Time since last: 3001719304 ns, Reaching safepoint: 42375 ns, At safepoint: 4537 ns, Total: 46912 ns
[2022-06-28T07:04:08.271+0000][7][safepoint   ] Safepoint "Cleanup", Time since last: 2000229458 ns, Reaching safepoint: 43480 ns, At safepoint: 4773 ns, Total: 48253 ns
[2022-06-28T07:04:16.272+0000][7][safepoint   ] Safepoint "Cleanup", Time since last: 8000853072 ns, Reaching safepoint: 40678 ns, At safepoint: 5249 ns, Total: 45927 ns
[2022-06-28T07:04:26.273+0000][7][safepoint   ] Safepoint "Cleanup", Time since last: 10001018225 ns, Reaching safepoint: 40588 ns, At safepoint: 4678 ns, Total: 45266 ns
[2022-06-28T07:04:34.274+0000][7][safepoint   ] Safepoint "Cleanup", Time since last: 8000923426 ns, Reaching safepoint: 38020 ns, At safepoint: 4702 ns, Total: 42722 ns
[2022-06-28T07:04:38.275+0000][7][safepoint   ] Safepoint "Cleanup", Time since last: 4000443454 ns, Reaching safepoint: 36292 ns, At safepoint: 4315 ns, Total: 40607 ns
[2022-06-28T07:04:54.277+0000][7][safepoint   ] Safepoint "Cleanup", Time since last: 16001793882 ns, Reaching safepoint: 39858 ns, At safepoint: 28769 ns, Total: 68627 ns
[2022-06-28T07:05:03.278+0000][7][safepoint   ] Safepoint "Cleanup", Time since last: 9001067743 ns, Reaching safepoint: 37814 ns, At safepoint: 4447 ns, Total: 42261 ns
[2022-06-28T07:05:06.278+0000][7][safepoint   ] Safepoint "Cleanup", Time since last: 3000365152 ns, Reaching safepoint: 38700 ns, At safepoint: 4832 ns, Total: 43532 ns
[2022-06-28T07:05:08.112+0000][7][gc,start    ] GC(38) Pause Young (Normal) (G1 Evacuation Pause)
[2022-06-28T07:05:08.112+0000][7][gc,task     ] GC(38) Using 1 workers of 1 for evacuation
[2022-06-28T07:05:08.112+0000][7][gc,age      ] GC(38) Desired survivor size 8388608 bytes, new threshold 15 (max threshold 15)
[2022-06-28T07:05:08.125+0000][7][gc,phases   ] GC(38)   Pre Evacuate Collection Set: 0.0ms
[2022-06-28T07:05:08.125+0000][7][gc,phases   ] GC(38)   Merge Heap Roots: 0.1ms
[2022-06-28T07:05:08.125+0000][7][gc,phases   ] GC(38)   Evacuate Collection Set: 12.4ms
[2022-06-28T07:05:08.125+0000][7][gc,phases   ] GC(38)   Post Evacuate Collection Set: 1.1ms
[2022-06-28T07:05:08.125+0000][7][gc,phases   ] GC(38)   Other: 0.1ms
[2022-06-28T07:05:08.125+0000][7][gc,age      ] GC(38) Age table with threshold 15 (max threshold 15)
[2022-06-28T07:05:08.125+0000][7][gc,age      ] GC(38) - age   1:      13560 bytes,      13560 total
[2022-06-28T07:05:08.125+0000][7][gc,age      ] GC(38) - age   2:     113056 bytes,     126616 total
[2022-06-28T07:05:08.125+0000][7][gc,age      ] GC(38) - age   3:       7264 bytes,     133880 total
[2022-06-28T07:05:08.125+0000][7][gc,age      ] GC(38) - age   4:       6088 bytes,     139968 total
[2022-06-28T07:05:08.125+0000][7][gc,age      ] GC(38) - age   5:     984568 bytes,    1124536 total
[2022-06-28T07:05:08.125+0000][7][gc,age      ] GC(38) - age   6:     744080 bytes,    1868616 total
[2022-06-28T07:05:08.125+0000][7][gc,age      ] GC(38) - age   7:    2579256 bytes,    4447872 total
[2022-06-28T07:05:08.125+0000][7][gc,heap     ] GC(38) Eden regions: 27->0(27)
[2022-06-28T07:05:08.125+0000][7][gc,heap     ] GC(38) Survivor regions: 2->2(4)
[2022-06-28T07:05:08.125+0000][7][gc,heap     ] GC(38) Old regions: 18->18
[2022-06-28T07:05:08.126+0000][7][gc,heap     ] GC(38) Archive regions: 2->2
[2022-06-28T07:05:08.126+0000][7][gc,heap     ] GC(38) Humongous regions: 2->2
[2022-06-28T07:05:08.126+0000][7][gc,metaspace] GC(38) Metaspace: 102028K(106368K)->102028K(106368K) NonClass: 88348K(90880K)->88348K(90880K) Class: 13679K(15488K)->13679K(15488K)
[2022-06-28T07:05:08.126+0000][7][gc          ] GC(38) Pause Young (Normal) (G1 Evacuation Pause) 193M->85M(256M) 13.938ms
[2022-06-28T07:05:08.126+0000][7][gc,cpu      ] GC(38) User=0.01s Sys=0.00s Real=0.01s
[2022-06-28T07:05:08.126+0000][7][safepoint   ] Safepoint "G1CollectForAllocation", Time since last: 1833271523 ns, Reaching safepoint: 151509 ns, At safepoint: 13995852 ns, Total: 14147361 ns
[2022-06-28T07:05:10.126+0000][7][safepoint   ] Safepoint "Cleanup", Time since last: 2000205899 ns, Reaching safepoint: 29888 ns, At safepoint: 4855 ns, Total: 34743 ns
[2022-06-28T07:05:12.126+0000][7][safepoint   ] Safepoint "Cleanup", Time since last: 2000367584 ns, Reaching safepoint: 31606 ns, At safepoint: 4440 ns, Total: 36046 ns
[2022-06-28T07:05:16.127+0000][7][safepoint   ] Safepoint "Cleanup", Time since last: 4000498204 ns, Reaching safepoint: 36598 ns, At safepoint: 4467 ns, Total: 41065 ns
[2022-06-28T07:05:17.127+0000][7][safepoint   ] Safepoint "Cleanup", Time since last: 1000153585 ns, Reaching safepoint: 38961 ns, At safepoint: 4473 ns, Total: 43434 ns
[2022-06-28T07:05:20.127+0000][7][safepoint   ] Safepoint "Cleanup", Time since last: 3000383564 ns, Reaching safepoint: 34355 ns, At safepoint: 4382 ns, Total: 38737 ns
[2022-06-28T07:05:21.128+0000][7][safepoint   ] Safepoint "Cleanup", Time since last: 1000136950 ns, Reaching safepoint: 36204 ns, At safepoint: 4678 ns, Total: 40882 ns
[2022-06-28T07:05:24.128+0000][7][safepoint   ] Safepoint "Cleanup", Time since last: 3000350398 ns, Reaching safepoint: 37796 ns, At safepoint: 4911 ns, Total: 42707 ns
[2022-06-28T07:05:33.129+0000][7][safepoint   ] Safepoint "Cleanup", Time since last: 9000911719 ns, Reaching safepoint: 38220 ns, At safepoint: 4413 ns, Total: 42633 ns
[2022-06-28T07:05:46.130+0000][7][safepoint   ] Safepoint "Cleanup", Time since last: 13001384286 ns, Reaching safepoint: 36287 ns, At safepoint: 4708 ns, Total: 40995 ns
[2022-06-28T07:05:59.132+0000][7][safepoint   ] Safepoint "Cleanup", Time since last: 13001201490 ns, Reaching safepoint: 37280 ns, At safepoint: 5175 ns, Total: 42455 ns
[2022-06-28T07:06:03.132+0000][7][safepoint   ] Safepoint "Cleanup", Time since last: 4000625069 ns, Reaching safepoint: 43207 ns, At safepoint: 4784 ns, Total: 47991 ns
[2022-06-28T07:06:07.133+0000][7][safepoint   ] Safepoint "Cleanup", Time since last: 4000469816 ns, Reaching safepoint: 41201 ns, At safepoint: 5004 ns, Total: 46205 ns
[2022-06-28T07:06:15.134+0000][7][safepoint   ] Safepoint "Cleanup", Time since last: 8000886995 ns, Reaching safepoint: 38411 ns, At safepoint: 4631 ns, Total: 43042 ns
[2022-06-28T07:06:16.134+0000][7][safepoint   ] Safepoint "Cleanup", Time since last: 1000202999 ns, Reaching safepoint: 37361 ns, At safepoint: 4299 ns, Total: 41660 ns
[2022-06-28T07:06:18.134+0000][7][safepoint   ] Safepoint "Cleanup", Time since last: 2000271570 ns, Reaching safepoint: 55899 ns, At safepoint: 9244 ns, Total: 65143 ns
[2022-06-28T07:06:20.135+0000][7][safepoint   ] Safepoint "Cleanup", Time since last: 2000262382 ns, Reaching safepoint: 33056 ns, At safepoint: 4976 ns, Total: 38032 ns
[2022-06-28T07:06:29.136+0000][7][safepoint   ] Safepoint "Cleanup", Time since last: 9000982113 ns, Reaching safepoint: 40470 ns, At safepoint: 5010 ns, Total: 45480 ns
[2022-06-28T07:06:31.136+0000][7][safepoint   ] Safepoint "Cleanup", Time since last: 2000248115 ns, Reaching safepoint: 45395 ns, At safepoint: 4423 ns, Total: 49818 ns
[2022-06-28T07:06:35.136+0000][7][safepoint   ] Safepoint "Cleanup", Time since last: 4000440056 ns, Reaching safepoint: 41490 ns, At safepoint: 4682 ns, Total: 46172 ns
[2022-06-28T07:06:36.137+0000][7][safepoint   ] Safepoint "Cleanup", Time since last: 1000141947 ns, Reaching safepoint: 39736 ns, At safepoint: 4834 ns, Total: 44570 ns
[2022-06-28T07:06:40.137+0000][7][safepoint   ] Safepoint "Cleanup", Time since last: 4000483278 ns, Reaching safepoint: 38289 ns, At safepoint: 4911 ns, Total: 43200 ns
[2022-06-28T07:06:43.138+0000][7][safepoint   ] Safepoint "Cleanup", Time since last: 3000410961 ns, Reaching safepoint: 49844 ns, At safepoint: 4848 ns, Total: 54692 ns
[2022-06-28T07:07:03.140+0000][7][safepoint   ] Safepoint "Cleanup", Time since last: 20002203958 ns, Reaching safepoint: 40863 ns, At safepoint: 4507 ns, Total: 45370 ns
[2022-06-28T07:07:03.672+0000][7][gc,start    ] GC(39) Pause Young (Concurrent Start) (G1 Evacuation Pause)
[2022-06-28T07:07:03.672+0000][7][gc,task     ] GC(39) Using 1 workers of 1 for evacuation
[2022-06-28T07:07:03.672+0000][7][gc,age      ] GC(39) Desired survivor size 8388608 bytes, new threshold 15 (max threshold 15)
[2022-06-28T07:07:03.685+0000][7][gc,phases   ] GC(39)   Pre Evacuate Collection Set: 0.2ms
[2022-06-28T07:07:03.685+0000][7][gc,phases   ] GC(39)   Merge Heap Roots: 0.1ms
[2022-06-28T07:07:03.685+0000][7][gc,phases   ] GC(39)   Evacuate Collection Set: 12.0ms
[2022-06-28T07:07:03.685+0000][7][gc,phases   ] GC(39)   Post Evacuate Collection Set: 1.1ms
[2022-06-28T07:07:03.685+0000][7][gc,phases   ] GC(39)   Other: 0.1ms
[2022-06-28T07:07:03.685+0000][7][gc,age      ] GC(39) Age table with threshold 15 (max threshold 15)
[2022-06-28T07:07:03.685+0000][7][gc,age      ] GC(39) - age   1:      15984 bytes,      15984 total
[2022-06-28T07:07:03.685+0000][7][gc,age      ] GC(39) - age   2:       5056 bytes,      21040 total
[2022-06-28T07:07:03.685+0000][7][gc,age      ] GC(39) - age   3:     106152 bytes,     127192 total
[2022-06-28T07:07:03.685+0000][7][gc,age      ] GC(39) - age   4:       7264 bytes,     134456 total
[2022-06-28T07:07:03.685+0000][7][gc,age      ] GC(39) - age   5:       6088 bytes,     140544 total
[2022-06-28T07:07:03.685+0000][7][gc,age      ] GC(39) - age   6:     984376 bytes,    1124920 total
[2022-06-28T07:07:03.685+0000][7][gc,age      ] GC(39) - age   7:     743696 bytes,    1868616 total
[2022-06-28T07:07:03.685+0000][7][gc,age      ] GC(39) - age   8:    2579256 bytes,    4447872 total
[2022-06-28T07:07:03.685+0000][7][gc,heap     ] GC(39) Eden regions: 27->0(28)
[2022-06-28T07:07:03.685+0000][7][gc,heap     ] GC(39) Survivor regions: 2->2(4)
[2022-06-28T07:07:03.685+0000][7][gc,heap     ] GC(39) Old regions: 18->18
[2022-06-28T07:07:03.685+0000][7][gc,heap     ] GC(39) Archive regions: 2->2
[2022-06-28T07:07:03.685+0000][7][gc,heap     ] GC(39) Humongous regions: 2->2
[2022-06-28T07:07:03.685+0000][7][gc,metaspace] GC(39) Metaspace: 102067K(106368K)->102067K(106368K) NonClass: 88386K(90880K)->88386K(90880K) Class: 13680K(15488K)->13680K(15488K)
[2022-06-28T07:07:03.685+0000][7][gc          ] GC(39) Pause Young (Concurrent Start) (G1 Evacuation Pause) 193M->85M(256M) 13.716ms
[2022-06-28T07:07:03.685+0000][7][gc,cpu      ] GC(39) User=0.01s Sys=0.00s Real=0.01s
[2022-06-28T07:07:03.685+0000][7][safepoint   ] Safepoint "G1CollectForAllocation", Time since last: 531664356 ns, Reaching safepoint: 156080 ns, At safepoint: 13783141 ns, Total: 13939221 ns
[2022-06-28T07:07:03.686+0000][7][gc          ] GC(40) Concurrent Mark Cycle
[2022-06-28T07:07:03.686+0000][7][gc,marking  ] GC(40) Concurrent Clear Claimed Marks
[2022-06-28T07:07:03.686+0000][7][gc,marking  ] GC(40) Concurrent Clear Claimed Marks 0.104ms
[2022-06-28T07:07:03.686+0000][7][gc,marking  ] GC(40) Concurrent Scan Root Regions
[2022-06-28T07:07:03.692+0000][7][gc,marking  ] GC(40) Concurrent Scan Root Regions 6.302ms
[2022-06-28T07:07:03.692+0000][7][gc,marking  ] GC(40) Concurrent Mark
[2022-06-28T07:07:03.692+0000][7][gc,marking  ] GC(40) Concurrent Mark From Roots
[2022-06-28T07:07:03.692+0000][7][gc,task     ] GC(40) Using 1 workers of 1 for marking
[2022-06-28T07:07:03.799+0000][7][gc,marking  ] GC(40) Concurrent Mark From Roots 106.599ms
[2022-06-28T07:07:03.799+0000][7][gc,marking  ] GC(40) Concurrent Preclean
[2022-06-28T07:07:03.799+0000][7][gc,marking  ] GC(40) Concurrent Preclean 0.137ms
[2022-06-28T07:07:03.799+0000][7][gc,start    ] GC(40) Pause Remark
[2022-06-28T07:07:03.812+0000][7][gc          ] GC(40) Pause Remark 87M->87M(256M) 12.732ms
[2022-06-28T07:07:03.812+0000][7][gc,cpu      ] GC(40) User=0.01s Sys=0.00s Real=0.01s
[2022-06-28T07:07:03.812+0000][7][safepoint   ] Safepoint "G1Concurrent", Time since last: 113752475 ns, Reaching safepoint: 31124 ns, At safepoint: 12797851 ns, Total: 12828975 ns
[2022-06-28T07:07:03.812+0000][7][gc,marking  ] GC(40) Concurrent Mark 119.669ms
[2022-06-28T07:07:03.812+0000][7][gc,marking  ] GC(40) Concurrent Rebuild Remembered Sets
[2022-06-28T07:07:03.874+0000][7][gc,marking  ] GC(40) Concurrent Rebuild Remembered Sets 61.999ms
[2022-06-28T07:07:03.874+0000][7][gc,start    ] GC(40) Pause Cleanup
[2022-06-28T07:07:03.874+0000][7][gc          ] GC(40) Pause Cleanup 87M->87M(256M) 0.049ms
[2022-06-28T07:07:03.874+0000][7][gc,cpu      ] GC(40) User=0.00s Sys=0.00s Real=0.00s
[2022-06-28T07:07:03.874+0000][7][safepoint   ] Safepoint "G1Concurrent", Time since last: 62095131 ns, Reaching safepoint: 22937 ns, At safepoint: 85139 ns, Total: 108076 ns
[2022-06-28T07:07:03.874+0000][7][gc,marking  ] GC(40) Concurrent Cleanup for Next Mark
[2022-06-28T07:07:03.875+0000][7][gc,marking  ] GC(40) Concurrent Cleanup for Next Mark 0.660ms
[2022-06-28T07:07:03.875+0000][7][gc          ] GC(40) Concurrent Mark Cycle 189.024ms
[2022-06-28T07:07:05.874+0000][7][safepoint   ] Safepoint "Cleanup", Time since last: 2000217096 ns, Reaching safepoint: 39298 ns, At safepoint: 4853 ns, Total: 44151 ns
[2022-06-28T07:07:18.877+0000][7][safepoint   ] Safepoint "Cleanup", Time since last: 13002548816 ns, Reaching safepoint: 37753 ns, At safepoint: 4936 ns, Total: 42689 ns
[2022-06-28T07:07:33.879+0000][7][safepoint   ] Safepoint "Cleanup", Time since last: 15001778077 ns, Reaching safepoint: 36512 ns, At safepoint: 4640 ns, Total: 41152 ns
[2022-06-28T07:07:36.879+0000][7][safepoint   ] Safepoint "Cleanup", Time since last: 3000368708 ns, Reaching safepoint: 38946 ns, At safepoint: 4565 ns, Total: 43511 ns
[2022-06-28T07:07:37.880+0000][7][safepoint   ] Safepoint "Cleanup", Time since last: 1000170565 ns, Reaching safepoint: 33751 ns, At safepoint: 4853 ns, Total: 38604 ns
[2022-06-28T07:08:36.886+0000][7][safepoint   ] Safepoint "Cleanup", Time since last: 59006761987 ns, Reaching safepoint: 42006 ns, At safepoint: 5395 ns, Total: 47401 ns
[2022-06-28T07:08:49.888+0000][7][safepoint   ] Safepoint "Cleanup", Time since last: 13001488965 ns, Reaching safepoint: 38044 ns, At safepoint: 4852 ns, Total: 42896 ns
[2022-06-28T07:08:56.889+0000][7][safepoint   ] Safepoint "Cleanup", Time since last: 7000974446 ns, Reaching safepoint: 35903 ns, At safepoint: 5007 ns, Total: 40910 ns
[2022-06-28T07:09:03.890+0000][7][safepoint   ] Safepoint "Cleanup", Time since last: 7000699105 ns, Reaching safepoint: 34184 ns, At safepoint: 4100 ns, Total: 38284 ns
[2022-06-28T07:09:04.325+0000][7][gc,start    ] GC(41) Pause Young (Normal) (G1 Evacuation Pause)
[2022-06-28T07:09:04.325+0000][7][gc,task     ] GC(41) Using 1 workers of 1 for evacuation
[2022-06-28T07:09:04.325+0000][7][gc,age      ] GC(41) Desired survivor size 8388608 bytes, new threshold 15 (max threshold 15)
[2022-06-28T07:09:04.339+0000][7][gc,phases   ] GC(41)   Pre Evacuate Collection Set: 0.1ms
[2022-06-28T07:09:04.339+0000][7][gc,phases   ] GC(41)   Merge Heap Roots: 0.1ms
[2022-06-28T07:09:04.339+0000][7][gc,phases   ] GC(41)   Evacuate Collection Set: 12.5ms
[2022-06-28T07:09:04.339+0000][7][gc,phases   ] GC(41)   Post Evacuate Collection Set: 1.1ms
[2022-06-28T07:09:04.339+0000][7][gc,phases   ] GC(41)   Other: 0.2ms
[2022-06-28T07:09:04.339+0000][7][gc,age      ] GC(41) Age table with threshold 15 (max threshold 15)
[2022-06-28T07:09:04.339+0000][7][gc,age      ] GC(41) - age   1:      23232 bytes,      23232 total
[2022-06-28T07:09:04.339+0000][7][gc,age      ] GC(41) - age   2:       6584 bytes,      29816 total
[2022-06-28T07:09:04.339+0000][7][gc,age      ] GC(41) - age   3:       5056 bytes,      34872 total
[2022-06-28T07:09:04.339+0000][7][gc,age      ] GC(41) - age   4:     106152 bytes,     141024 total
[2022-06-28T07:09:04.339+0000][7][gc,age      ] GC(41) - age   5:       7264 bytes,     148288 total
[2022-06-28T07:09:04.339+0000][7][gc,age      ] GC(41) - age   6:       6088 bytes,     154376 total
[2022-06-28T07:09:04.339+0000][7][gc,age      ] GC(41) - age   7:     984376 bytes,    1138752 total
[2022-06-28T07:09:04.339+0000][7][gc,age      ] GC(41) - age   8:     743696 bytes,    1882448 total
[2022-06-28T07:09:04.339+0000][7][gc,age      ] GC(41) - age   9:    2579256 bytes,    4461704 total
[2022-06-28T07:09:04.339+0000][7][gc,heap     ] GC(41) Eden regions: 28->0(28)
[2022-06-28T07:09:04.339+0000][7][gc,heap     ] GC(41) Survivor regions: 2->2(4)
[2022-06-28T07:09:04.339+0000][7][gc,heap     ] GC(41) Old regions: 18->18
[2022-06-28T07:09:04.339+0000][7][gc,heap     ] GC(41) Archive regions: 2->2
[2022-06-28T07:09:04.339+0000][7][gc,heap     ] GC(41) Humongous regions: 2->2
[2022-06-28T07:09:04.339+0000][7][gc,metaspace] GC(41) Metaspace: 102073K(106368K)->102073K(106368K) NonClass: 88392K(90880K)->88392K(90880K) Class: 13680K(15488K)->13680K(15488K)
[2022-06-28T07:09:04.339+0000][7][gc          ] GC(41) Pause Young (Normal) (G1 Evacuation Pause) 197M->85M(256M) 14.067ms
[2022-06-28T07:09:04.339+0000][7][gc,cpu      ] GC(41) User=0.01s Sys=0.00s Real=0.02s
[2022-06-28T07:09:04.339+0000][7][safepoint   ] Safepoint "G1CollectForAllocation", Time since last: 434883829 ns, Reaching safepoint: 152443 ns, At safepoint: 14148423 ns, Total: 14300866 ns
[2022-06-28T07:09:06.339+0000][7][safepoint   ] Safepoint "Cleanup", Time since last: 2000203121 ns, Reaching safepoint: 45550 ns, At safepoint: 4853 ns, Total: 50403 ns
[2022-06-28T07:09:26.341+0000][7][safepoint   ] Safepoint "Cleanup", Time since last: 20002006164 ns, Reaching safepoint: 36297 ns, At safepoint: 4512 ns, Total: 40809 ns
[2022-06-28T07:09:28.341+0000][7][safepoint   ] Safepoint "Cleanup", Time since last: 2000202107 ns, Reaching safepoint: 37419 ns, At safepoint: 4506 ns, Total: 41925 ns
[2022-06-28T07:09:36.342+0000][7][safepoint   ] Safepoint "Cleanup", Time since last: 8000859588 ns, Reaching safepoint: 38005 ns, At safepoint: 5174 ns, Total: 43179 ns
[2022-06-28T07:09:37.342+0000][7][safepoint   ] Safepoint "Cleanup", Time since last: 1000145126 ns, Reaching safepoint: 46845 ns, At safepoint: 4723 ns, Total: 51568 ns
[2022-06-28T07:09:51.344+0000][7][safepoint   ] Safepoint "Cleanup", Time since last: 14001495541 ns, Reaching safepoint: 57806 ns, At safepoint: 8917 ns, Total: 66723 ns
[2022-06-28T07:09:52.344+0000][7][safepoint   ] Safepoint "Cleanup", Time since last: 1000163436 ns, Reaching safepoint: 39073 ns, At safepoint: 4725 ns, Total: 43798 ns
[2022-06-28T07:09:53.344+0000][7][safepoint   ] Safepoint "Cleanup", Time since last: 1000145038 ns, Reaching safepoint: 35959 ns, At safepoint: 4379 ns, Total: 40338 ns
[2022-06-28T07:09:54.345+0000][7][safepoint   ] Safepoint "Cleanup", Time since last: 1000158524 ns, Reaching safepoint: 37038 ns, At safepoint: 4650 ns, Total: 41688 ns
[2022-06-28T07:10:02.346+0000][7][safepoint   ] Safepoint "Cleanup", Time since last: 8000957240 ns, Reaching safepoint: 40569 ns, At safepoint: 5435 ns, Total: 46004 ns
[2022-06-28T07:10:05.346+0000][7][safepoint   ] Safepoint "Cleanup", Time since last: 3000330673 ns, Reaching safepoint: 53484 ns, At safepoint: 5285 ns, Total: 58769 ns
[2022-06-28T07:10:06.346+0000][7][safepoint   ] Safepoint "Cleanup", Time since last: 1000179991 ns, Reaching safepoint: 54740 ns, At safepoint: 8897 ns, Total: 63637 ns
[2022-06-28T07:10:10.347+0000][7][safepoint   ] Safepoint "Cleanup", Time since last: 4000416408 ns, Reaching safepoint: 35846 ns, At safepoint: 4649 ns, Total: 40495 ns
[2022-06-28T07:10:26.348+0000][7][safepoint   ] Safepoint "Cleanup", Time since last: 16001660520 ns, Reaching safepoint: 40688 ns, At safepoint: 4640 ns, Total: 45328 ns
[2022-06-28T07:10:30.349+0000][7][safepoint   ] Safepoint "Cleanup", Time since last: 4000454074 ns, Reaching safepoint: 47826 ns, At safepoint: 4593 ns, Total: 52419 ns
[2022-06-28T07:10:33.349+0000][7][safepoint   ] Safepoint "Cleanup", Time since last: 3000342602 ns, Reaching safepoint: 53903 ns, At safepoint: 4811 ns, Total: 58714 ns
[2022-06-28T07:10:36.350+0000][7][safepoint   ] Safepoint "Cleanup", Time since last: 3000343602 ns, Reaching safepoint: 37741 ns, At safepoint: 4670 ns, Total: 42411 ns
[2022-06-28T07:11:03.353+0000][7][safepoint   ] Safepoint "Cleanup", Time since last: 27002814191 ns, Reaching safepoint: 36943 ns, At safepoint: 4920 ns, Total: 41863 ns
[2022-06-28T07:11:05.058+0000][7][gc,start    ] GC(42) Pause Young (Concurrent Start) (G1 Evacuation Pause)
[2022-06-28T07:11:05.058+0000][7][gc,task     ] GC(42) Using 1 workers of 1 for evacuation
[2022-06-28T07:11:05.058+0000][7][gc,age      ] GC(42) Desired survivor size 8388608 bytes, new threshold 15 (max threshold 15)
[2022-06-28T07:11:05.072+0000][7][gc,phases   ] GC(42)   Pre Evacuate Collection Set: 0.2ms
[2022-06-28T07:11:05.073+0000][7][gc,phases   ] GC(42)   Merge Heap Roots: 0.1ms
[2022-06-28T07:11:05.073+0000][7][gc,phases   ] GC(42)   Evacuate Collection Set: 12.7ms
[2022-06-28T07:11:05.073+0000][7][gc,phases   ] GC(42)   Post Evacuate Collection Set: 1.1ms
[2022-06-28T07:11:05.073+0000][7][gc,phases   ] GC(42)   Other: 0.1ms
[2022-06-28T07:11:05.073+0000][7][gc,age      ] GC(42) Age table with threshold 15 (max threshold 15)
[2022-06-28T07:11:05.073+0000][7][gc,age      ] GC(42) - age   1:      81576 bytes,      81576 total
[2022-06-28T07:11:05.073+0000][7][gc,age      ] GC(42) - age   2:      15152 bytes,      96728 total
[2022-06-28T07:11:05.073+0000][7][gc,age      ] GC(42) - age   3:       6584 bytes,     103312 total
[2022-06-28T07:11:05.073+0000][7][gc,age      ] GC(42) - age   4:       5056 bytes,     108368 total
[2022-06-28T07:11:05.073+0000][7][gc,age      ] GC(42) - age   5:     103056 bytes,     211424 total
[2022-06-28T07:11:05.073+0000][7][gc,age      ] GC(42) - age   6:       7264 bytes,     218688 total
[2022-06-28T07:11:05.073+0000][7][gc,age      ] GC(42) - age   7:       5888 bytes,     224576 total
[2022-06-28T07:11:05.073+0000][7][gc,age      ] GC(42) - age   8:     984376 bytes,    1208952 total
[2022-06-28T07:11:05.073+0000][7][gc,age      ] GC(42) - age   9:     743696 bytes,    1952648 total
[2022-06-28T07:11:05.073+0000][7][gc,age      ] GC(42) - age  10:    2579256 bytes,    4531904 total
[2022-06-28T07:11:05.073+0000][7][gc,heap     ] GC(42) Eden regions: 28->0(28)
[2022-06-28T07:11:05.073+0000][7][gc,heap     ] GC(42) Survivor regions: 2->2(4)
[2022-06-28T07:11:05.073+0000][7][gc,heap     ] GC(42) Old regions: 18->18
[2022-06-28T07:11:05.073+0000][7][gc,heap     ] GC(42) Archive regions: 2->2
[2022-06-28T07:11:05.073+0000][7][gc,heap     ] GC(42) Humongous regions: 2->2
[2022-06-28T07:11:05.073+0000][7][gc,metaspace] GC(42) Metaspace: 102077K(106368K)->102077K(106368K) NonClass: 88396K(90880K)->88396K(90880K) Class: 13680K(15488K)->13680K(15488K)
[2022-06-28T07:11:05.073+0000][7][gc          ] GC(42) Pause Young (Concurrent Start) (G1 Evacuation Pause) 197M->85M(256M) 14.341ms
[2022-06-28T07:11:05.073+0000][7][gc,cpu      ] GC(42) User=0.02s Sys=0.00s Real=0.01s
[2022-06-28T07:11:05.073+0000][7][safepoint   ] Safepoint "G1CollectForAllocation", Time since last: 1705767497 ns, Reaching safepoint: 24146 ns, At safepoint: 14396733 ns, Total: 14420879 ns
[2022-06-28T07:11:05.073+0000][7][gc          ] GC(43) Concurrent Mark Cycle
[2022-06-28T07:11:05.073+0000][7][gc,marking  ] GC(43) Concurrent Clear Claimed Marks
[2022-06-28T07:11:05.073+0000][7][gc,marking  ] GC(43) Concurrent Clear Claimed Marks 0.077ms
[2022-06-28T07:11:05.073+0000][7][gc,marking  ] GC(43) Concurrent Scan Root Regions
[2022-06-28T07:11:05.086+0000][7][gc,marking  ] GC(43) Concurrent Scan Root Regions 12.860ms
[2022-06-28T07:11:05.086+0000][7][gc,marking  ] GC(43) Concurrent Mark
[2022-06-28T07:11:05.086+0000][7][gc,marking  ] GC(43) Concurrent Mark From Roots
[2022-06-28T07:11:05.086+0000][7][gc,task     ] GC(43) Using 1 workers of 1 for marking
[2022-06-28T07:11:05.192+0000][7][gc,marking  ] GC(43) Concurrent Mark From Roots 106.310ms
[2022-06-28T07:11:05.192+0000][7][gc,marking  ] GC(43) Concurrent Preclean
[2022-06-28T07:11:05.193+0000][7][gc,marking  ] GC(43) Concurrent Preclean 0.133ms
[2022-06-28T07:11:05.193+0000][7][gc,start    ] GC(43) Pause Remark
[2022-06-28T07:11:05.205+0000][7][gc          ] GC(43) Pause Remark 87M->87M(256M) 12.728ms
[2022-06-28T07:11:05.205+0000][7][gc,cpu      ] GC(43) User=0.01s Sys=0.00s Real=0.01s
[2022-06-28T07:11:05.205+0000][7][safepoint   ] Safepoint "G1Concurrent", Time since last: 119809047 ns, Reaching safepoint: 25698 ns, At safepoint: 12785835 ns, Total: 12811533 ns
[2022-06-28T07:11:05.205+0000][7][gc,marking  ] GC(43) Concurrent Mark 119.362ms
[2022-06-28T07:11:05.205+0000][7][gc,marking  ] GC(43) Concurrent Rebuild Remembered Sets
[2022-06-28T07:11:05.267+0000][7][gc,marking  ] GC(43) Concurrent Rebuild Remembered Sets 61.445ms
[2022-06-28T07:11:05.267+0000][7][gc,start    ] GC(43) Pause Cleanup
[2022-06-28T07:11:05.267+0000][7][gc          ] GC(43) Pause Cleanup 87M->87M(256M) 0.047ms
[2022-06-28T07:11:05.267+0000][7][gc,cpu      ] GC(43) User=0.00s Sys=0.00s Real=0.00s
[2022-06-28T07:11:05.267+0000][7][safepoint   ] Safepoint "G1Concurrent", Time since last: 61538191 ns, Reaching safepoint: 23348 ns, At safepoint: 82727 ns, Total: 106075 ns
[2022-06-28T07:11:05.267+0000][7][gc,marking  ] GC(43) Concurrent Cleanup for Next Mark
[2022-06-28T07:11:05.268+0000][7][gc,marking  ] GC(43) Concurrent Cleanup for Next Mark 0.657ms
[2022-06-28T07:11:05.268+0000][7][gc          ] GC(43) Concurrent Mark Cycle 194.678ms
[2022-06-28T07:11:26.270+0000][7][safepoint   ] Safepoint "Cleanup", Time since last: 21002525455 ns, Reaching safepoint: 40307 ns, At safepoint: 5090 ns, Total: 45397 ns
[2022-06-28T07:11:27.270+0000][7][safepoint   ] Safepoint "Cleanup", Time since last: 1000184488 ns, Reaching safepoint: 40787 ns, At safepoint: 4977 ns, Total: 45764 ns
[2022-06-28T07:11:31.270+0000][7][safepoint   ] Safepoint "Cleanup", Time since last: 4000534090 ns, Reaching safepoint: 36474 ns, At safepoint: 4358 ns, Total: 40832 ns
[2022-06-28T07:11:32.271+0000][7][safepoint   ] Safepoint "Cleanup", Time since last: 1000168413 ns, Reaching safepoint: 39218 ns, At safepoint: 28047 ns, Total: 67265 ns
[2022-06-28T07:11:56.274+0000][7][safepoint   ] Safepoint "Cleanup", Time since last: 24002826038 ns, Reaching safepoint: 67040 ns, At safepoint: 12097 ns, Total: 79137 ns
[2022-06-28T07:11:58.274+0000][7][safepoint   ] Safepoint "Cleanup", Time since last: 2000294370 ns, Reaching safepoint: 46147 ns, At safepoint: 4235 ns, Total: 50382 ns
[2022-06-28T07:12:14.276+0000][7][safepoint   ] Safepoint "Cleanup", Time since last: 16001637390 ns, Reaching safepoint: 35220 ns, At safepoint: 5133 ns, Total: 40353 ns
[2022-06-28T07:12:18.276+0000][7][safepoint   ] Safepoint "Cleanup", Time since last: 4000481364 ns, Reaching safepoint: 40266 ns, At safepoint: 10006 ns, Total: 50272 ns
[2022-06-28T07:12:34.278+0000][7][safepoint   ] Safepoint "Cleanup", Time since last: 16001623235 ns, Reaching safepoint: 49197 ns, At safepoint: 25427 ns, Total: 74624 ns
[2022-06-28T07:12:36.278+0000][7][safepoint   ] Safepoint "Cleanup", Time since last: 2000365772 ns, Reaching safepoint: 37316 ns, At safepoint: 4642 ns, Total: 41958 ns
[2022-06-28T07:12:37.278+0000][7][safepoint   ] Safepoint "Cleanup", Time since last: 1000170247 ns, Reaching safepoint: 59035 ns, At safepoint: 4840 ns, Total: 63875 ns
[2022-06-28T07:12:38.279+0000][7][safepoint   ] Safepoint "Cleanup", Time since last: 1000113483 ns, Reaching safepoint: 36297 ns, At safepoint: 5075 ns, Total: 41372 ns
[2022-06-28T07:12:39.279+0000][7][safepoint   ] Safepoint "Cleanup", Time since last: 1000147018 ns, Reaching safepoint: 48338 ns, At safepoint: 4097 ns, Total: 52435 ns
[2022-06-28T07:12:40.279+0000][7][safepoint   ] Safepoint "Cleanup", Time since last: 1000150375 ns, Reaching safepoint: 50026 ns, At safepoint: 5639 ns, Total: 55665 ns
[2022-06-28T07:12:51.280+0000][7][safepoint   ] Safepoint "Cleanup", Time since last: 11001156439 ns, Reaching safepoint: 35750 ns, At safepoint: 4381 ns, Total: 40131 ns
[2022-06-28T07:12:52.280+0000][7][safepoint   ] Safepoint "Cleanup", Time since last: 1000137578 ns, Reaching safepoint: 33168 ns, At safepoint: 4475 ns, Total: 37643 ns
[2022-06-28T07:13:04.263+0000][7][gc,start    ] GC(44) Pause Young (Normal) (G1 Evacuation Pause)
[2022-06-28T07:13:04.263+0000][7][gc,task     ] GC(44) Using 1 workers of 1 for evacuation
[2022-06-28T07:13:04.263+0000][7][gc,age      ] GC(44) Desired survivor size 8388608 bytes, new threshold 15 (max threshold 15)
[2022-06-28T07:13:04.278+0000][7][gc,phases   ] GC(44)   Pre Evacuate Collection Set: 0.0ms
[2022-06-28T07:13:04.278+0000][7][gc,phases   ] GC(44)   Merge Heap Roots: 0.1ms
[2022-06-28T07:13:04.278+0000][7][gc,phases   ] GC(44)   Evacuate Collection Set: 13.2ms
[2022-06-28T07:13:04.278+0000][7][gc,phases   ] GC(44)   Post Evacuate Collection Set: 1.2ms
[2022-06-28T07:13:04.278+0000][7][gc,phases   ] GC(44)   Other: 0.1ms
[2022-06-28T07:13:04.278+0000][7][gc,age      ] GC(44) Age table with threshold 15 (max threshold 15)
[2022-06-28T07:13:04.278+0000][7][gc,age      ] GC(44) - age   1:      14800 bytes,      14800 total
[2022-06-28T07:13:04.278+0000][7][gc,age      ] GC(44) - age   2:       2848 bytes,      17648 total
[2022-06-28T07:13:04.278+0000][7][gc,age      ] GC(44) - age   3:      15152 bytes,      32800 total
[2022-06-28T07:13:04.278+0000][7][gc,age      ] GC(44) - age   4:       6496 bytes,      39296 total
[2022-06-28T07:13:04.278+0000][7][gc,age      ] GC(44) - age   5:       5056 bytes,      44352 total
[2022-06-28T07:13:04.278+0000][7][gc,age      ] GC(44) - age   6:     103016 bytes,     147368 total
[2022-06-28T07:13:04.278+0000][7][gc,age      ] GC(44) - age   7:       7064 bytes,     154432 total
[2022-06-28T07:13:04.278+0000][7][gc,age      ] GC(44) - age   8:       5888 bytes,     160320 total
[2022-06-28T07:13:04.278+0000][7][gc,age      ] GC(44) - age   9:     984376 bytes,    1144696 total
[2022-06-28T07:13:04.278+0000][7][gc,age      ] GC(44) - age  10:     743696 bytes,    1888392 total
[2022-06-28T07:13:04.278+0000][7][gc,age      ] GC(44) - age  11:    2579256 bytes,    4467648 total
[2022-06-28T07:13:04.278+0000][7][gc,heap     ] GC(44) Eden regions: 28->0(28)
[2022-06-28T07:13:04.278+0000][7][gc,heap     ] GC(44) Survivor regions: 2->2(4)
[2022-06-28T07:13:04.278+0000][7][gc,heap     ] GC(44) Old regions: 18->18
[2022-06-28T07:13:04.278+0000][7][gc,heap     ] GC(44) Archive regions: 2->2
[2022-06-28T07:13:04.278+0000][7][gc,heap     ] GC(44) Humongous regions: 2->2
[2022-06-28T07:13:04.278+0000][7][gc,metaspace] GC(44) Metaspace: 102084K(106368K)->102084K(106368K) NonClass: 88402K(90880K)->88402K(90880K) Class: 13681K(15488K)->13681K(15488K)
[2022-06-28T07:13:04.278+0000][7][gc          ] GC(44) Pause Young (Normal) (G1 Evacuation Pause) 197M->85M(256M) 14.850ms
[2022-06-28T07:13:04.278+0000][7][gc,cpu      ] GC(44) User=0.01s Sys=0.00s Real=0.02s
[2022-06-28T07:13:04.278+0000][7][safepoint   ] Safepoint "G1CollectForAllocation", Time since last: 11982668078 ns, Reaching safepoint: 28517 ns, At safepoint: 14908955 ns, Total: 14937472 ns
[2022-06-28T07:13:12.279+0000][7][safepoint   ] Safepoint "Cleanup", Time since last: 8000750155 ns, Reaching safepoint: 36441 ns, At safepoint: 4810 ns, Total: 41251 ns
[2022-06-28T07:13:14.279+0000][7][safepoint   ] Safepoint "Cleanup", Time since last: 2000267970 ns, Reaching safepoint: 39949 ns, At safepoint: 4760 ns, Total: 44709 ns
[2022-06-28T07:13:31.281+0000][7][safepoint   ] Safepoint "Cleanup", Time since last: 17001939902 ns, Reaching safepoint: 38766 ns, At safepoint: 5169 ns, Total: 43935 ns
[2022-06-28T07:13:32.281+0000][7][safepoint   ] Safepoint "Cleanup", Time since last: 1000162241 ns, Reaching safepoint: 38373 ns, At safepoint: 4430 ns, Total: 42803 ns
[2022-06-28T07:13:54.285+0000][7][safepoint   ] Safepoint "Cleanup", Time since last: 22003583062 ns, Reaching safepoint: 39642 ns, At safepoint: 5472 ns, Total: 45114 ns
[2022-06-28T07:13:56.285+0000][7][safepoint   ] Safepoint "Cleanup", Time since last: 2000264058 ns, Reaching safepoint: 48756 ns, At safepoint: 4858 ns, Total: 53614 ns
[2022-06-28T07:14:18.288+0000][7][safepoint   ] Safepoint "Cleanup", Time since last: 22002566815 ns, Reaching safepoint: 36174 ns, At safepoint: 4570 ns, Total: 40744 ns
[2022-06-28T07:14:19.288+0000][7][safepoint   ] Safepoint "Cleanup", Time since last: 1000205668 ns, Reaching safepoint: 62598 ns, At safepoint: 9366 ns, Total: 71964 ns
[2022-06-28T07:14:24.289+0000][7][safepoint   ] Safepoint "Cleanup", Time since last: 5000573079 ns, Reaching safepoint: 56438 ns, At safepoint: 9840 ns, Total: 66278 ns
[2022-06-28T07:14:25.289+0000][7][safepoint   ] Safepoint "Cleanup", Time since last: 1000146787 ns, Reaching safepoint: 39968 ns, At safepoint: 5018 ns, Total: 44986 ns
[2022-06-28T07:14:37.290+0000][7][safepoint   ] Safepoint "Cleanup", Time since last: 12001337925 ns, Reaching safepoint: 62669 ns, At safepoint: 7135 ns, Total: 69804 ns
[2022-06-28T07:14:51.292+0000][7][safepoint   ] Safepoint "Cleanup", Time since last: 14001709831 ns, Reaching safepoint: 35606 ns, At safepoint: 4666 ns, Total: 40272 ns
[2022-06-28T07:15:03.669+0000][7][gc,start    ] GC(45) Pause Young (Concurrent Start) (G1 Evacuation Pause)
[2022-06-28T07:15:03.669+0000][7][gc,task     ] GC(45) Using 1 workers of 1 for evacuation
[2022-06-28T07:15:03.669+0000][7][gc,age      ] GC(45) Desired survivor size 8388608 bytes, new threshold 15 (max threshold 15)
[2022-06-28T07:15:03.683+0000][7][gc,phases   ] GC(45)   Pre Evacuate Collection Set: 0.2ms
[2022-06-28T07:15:03.683+0000][7][gc,phases   ] GC(45)   Merge Heap Roots: 0.1ms
[2022-06-28T07:15:03.683+0000][7][gc,phases   ] GC(45)   Evacuate Collection Set: 12.1ms
[2022-06-28T07:15:03.683+0000][7][gc,phases   ] GC(45)   Post Evacuate Collection Set: 1.1ms
[2022-06-28T07:15:03.683+0000][7][gc,phases   ] GC(45)   Other: 0.1ms
[2022-06-28T07:15:03.683+0000][7][gc,age      ] GC(45) Age table with threshold 15 (max threshold 15)
[2022-06-28T07:15:03.683+0000][7][gc,age      ] GC(45) - age   1:      11864 bytes,      11864 total
[2022-06-28T07:15:03.683+0000][7][gc,age      ] GC(45) - age   2:       6672 bytes,      18536 total
[2022-06-28T07:15:03.683+0000][7][gc,age      ] GC(45) - age   3:       2848 bytes,      21384 total
[2022-06-28T07:15:03.683+0000][7][gc,age      ] GC(45) - age   4:      15152 bytes,      36536 total
[2022-06-28T07:15:03.683+0000][7][gc,age      ] GC(45) - age   5:       6496 bytes,      43032 total
[2022-06-28T07:15:03.683+0000][7][gc,age      ] GC(45) - age   6:       5056 bytes,      48088 total
[2022-06-28T07:15:03.683+0000][7][gc,age      ] GC(45) - age   7:     102816 bytes,     150904 total
[2022-06-28T07:15:03.683+0000][7][gc,age      ] GC(45) - age   8:       7064 bytes,     157968 total
[2022-06-28T07:15:03.683+0000][7][gc,age      ] GC(45) - age   9:       5888 bytes,     163856 total
[2022-06-28T07:15:03.683+0000][7][gc,age      ] GC(45) - age  10:     984376 bytes,    1148232 total
[2022-06-28T07:15:03.683+0000][7][gc,age      ] GC(45) - age  11:     743696 bytes,    1891928 total
[2022-06-28T07:15:03.683+0000][7][gc,age      ] GC(45) - age  12:    2579256 bytes,    4471184 total
[2022-06-28T07:15:03.683+0000][7][gc,heap     ] GC(45) Eden regions: 28->0(28)
[2022-06-28T07:15:03.683+0000][7][gc,heap     ] GC(45) Survivor regions: 2->2(4)
[2022-06-28T07:15:03.683+0000][7][gc,heap     ] GC(45) Old regions: 18->18
[2022-06-28T07:15:03.683+0000][7][gc,heap     ] GC(45) Archive regions: 2->2
[2022-06-28T07:15:03.683+0000][7][gc,heap     ] GC(45) Humongous regions: 2->2
[2022-06-28T07:15:03.683+0000][7][gc,metaspace] GC(45) Metaspace: 102089K(106368K)->102089K(106368K) NonClass: 88407K(90880K)->88407K(90880K) Class: 13681K(15488K)->13681K(15488K)
[2022-06-28T07:15:03.683+0000][7][gc          ] GC(45) Pause Young (Concurrent Start) (G1 Evacuation Pause) 197M->85M(256M) 13.837ms
[2022-06-28T07:15:03.683+0000][7][gc,cpu      ] GC(45) User=0.01s Sys=0.00s Real=0.01s
[2022-06-28T07:15:03.683+0000][7][safepoint   ] Safepoint "G1CollectForAllocation", Time since last: 12376872572 ns, Reaching safepoint: 25101 ns, At safepoint: 13895724 ns, Total: 13920825 ns
[2022-06-28T07:15:03.683+0000][7][gc          ] GC(46) Concurrent Mark Cycle
[2022-06-28T07:15:03.683+0000][7][gc,marking  ] GC(46) Concurrent Clear Claimed Marks
[2022-06-28T07:15:03.683+0000][7][gc,marking  ] GC(46) Concurrent Clear Claimed Marks 0.094ms
[2022-06-28T07:15:03.683+0000][7][gc,marking  ] GC(46) Concurrent Scan Root Regions
[2022-06-28T07:15:03.690+0000][7][gc,marking  ] GC(46) Concurrent Scan Root Regions 6.549ms
[2022-06-28T07:15:03.690+0000][7][gc,marking  ] GC(46) Concurrent Mark
[2022-06-28T07:15:03.690+0000][7][gc,marking  ] GC(46) Concurrent Mark From Roots
[2022-06-28T07:15:03.690+0000][7][gc,task     ] GC(46) Using 1 workers of 1 for marking
[2022-06-28T07:15:03.795+0000][7][gc,marking  ] GC(46) Concurrent Mark From Roots 105.528ms
[2022-06-28T07:15:03.795+0000][7][gc,marking  ] GC(46) Concurrent Preclean
[2022-06-28T07:15:03.795+0000][7][gc,marking  ] GC(46) Concurrent Preclean 0.137ms
[2022-06-28T07:15:03.795+0000][7][gc,start    ] GC(46) Pause Remark
[2022-06-28T07:15:03.808+0000][7][gc          ] GC(46) Pause Remark 86M->86M(256M) 12.850ms
[2022-06-28T07:15:03.808+0000][7][gc,cpu      ] GC(46) User=0.02s Sys=0.00s Real=0.01s
[2022-06-28T07:15:03.808+0000][7][safepoint   ] Safepoint "G1Concurrent", Time since last: 112538486 ns, Reaching safepoint: 24799 ns, At safepoint: 12919702 ns, Total: 12944501 ns
[2022-06-28T07:15:03.808+0000][7][gc,marking  ] GC(46) Concurrent Mark 118.737ms
[2022-06-28T07:15:03.808+0000][7][gc,marking  ] GC(46) Concurrent Rebuild Remembered Sets
[2022-06-28T07:15:03.871+0000][7][gc,marking  ] GC(46) Concurrent Rebuild Remembered Sets 62.134ms
[2022-06-28T07:15:03.871+0000][7][gc,start    ] GC(46) Pause Cleanup
[2022-06-28T07:15:03.871+0000][7][gc          ] GC(46) Pause Cleanup 86M->86M(256M) 0.049ms
[2022-06-28T07:15:03.871+0000][7][gc,cpu      ] GC(46) User=0.00s Sys=0.00s Real=0.00s
[2022-06-28T07:15:03.871+0000][7][safepoint   ] Safepoint "G1Concurrent", Time since last: 62252347 ns, Reaching safepoint: 22587 ns, At safepoint: 84398 ns, Total: 106985 ns
[2022-06-28T07:15:03.871+0000][7][gc,marking  ] GC(46) Concurrent Cleanup for Next Mark
[2022-06-28T07:15:03.871+0000][7][gc,marking  ] GC(46) Concurrent Cleanup for Next Mark 0.655ms
[2022-06-28T07:15:03.871+0000][7][gc          ] GC(46) Concurrent Mark Cycle 188.433ms
[2022-06-28T07:15:33.874+0000][7][safepoint   ] Safepoint "Cleanup", Time since last: 30003063632 ns, Reaching safepoint: 40535 ns, At safepoint: 4865 ns, Total: 45400 ns
[2022-06-28T07:15:40.875+0000][7][safepoint   ] Safepoint "Cleanup", Time since last: 7000748212 ns, Reaching safepoint: 37954 ns, At safepoint: 4474 ns, Total: 42428 ns
[2022-06-28T07:16:06.877+0000][7][safepoint   ] Safepoint "Cleanup", Time since last: 26002863746 ns, Reaching safepoint: 39645 ns, At safepoint: 4875 ns, Total: 44520 ns
[2022-06-28T07:16:22.879+0000][7][safepoint   ] Safepoint "Cleanup", Time since last: 16001684316 ns, Reaching safepoint: 36575 ns, At safepoint: 4178 ns, Total: 40753 ns
[2022-06-28T07:16:26.880+0000][7][safepoint   ] Safepoint "Cleanup", Time since last: 4000451437 ns, Reaching safepoint: 37951 ns, At safepoint: 4704 ns, Total: 42655 ns
[2022-06-28T07:16:28.880+0000][7][safepoint   ] Safepoint "Cleanup", Time since last: 2000268000 ns, Reaching safepoint: 59277 ns, At safepoint: 4328 ns, Total: 63605 ns
[2022-06-28T07:16:32.881+0000][7][safepoint   ] Safepoint "Cleanup", Time since last: 4000449816 ns, Reaching safepoint: 49425 ns, At safepoint: 5162 ns, Total: 54587 ns
[2022-06-28T07:16:36.881+0000][7][safepoint   ] Safepoint "Cleanup", Time since last: 4000488127 ns, Reaching safepoint: 40315 ns, At safepoint: 5375 ns, Total: 45690 ns
[2022-06-28T07:16:37.881+0000][7][safepoint   ] Safepoint "Cleanup", Time since last: 1000157444 ns, Reaching safepoint: 42688 ns, At safepoint: 4628 ns, Total: 47316 ns
[2022-06-28T07:16:38.881+0000][7][safepoint   ] Safepoint "Cleanup", Time since last: 1000126383 ns, Reaching safepoint: 42372 ns, At safepoint: 4946 ns, Total: 47318 ns
[2022-06-28T07:16:41.882+0000][7][safepoint   ] Safepoint "Cleanup", Time since last: 3000291738 ns, Reaching safepoint: 35707 ns, At safepoint: 4868 ns, Total: 40575 ns
[2022-06-28T07:16:43.882+0000][7][safepoint   ] Safepoint "Cleanup", Time since last: 2000243864 ns, Reaching safepoint: 38975 ns, At safepoint: 4492 ns, Total: 43467 ns
[2022-06-28T07:16:52.883+0000][7][safepoint   ] Safepoint "Cleanup", Time since last: 9000917274 ns, Reaching safepoint: 39296 ns, At safepoint: 4680 ns, Total: 43976 ns
[2022-06-28T07:16:59.884+0000][7][safepoint   ] Safepoint "Cleanup", Time since last: 7000784732 ns, Reaching safepoint: 37472 ns, At safepoint: 4780 ns, Total: 42252 ns
[2022-06-28T07:17:00.884+0000][7][safepoint   ] Safepoint "Cleanup", Time since last: 1000144193 ns, Reaching safepoint: 36727 ns, At safepoint: 4579 ns, Total: 41306 ns
[2022-06-28T07:17:03.790+0000][7][gc,start    ] GC(47) Pause Young (Normal) (G1 Evacuation Pause)
[2022-06-28T07:17:03.790+0000][7][gc,task     ] GC(47) Using 1 workers of 1 for evacuation
[2022-06-28T07:17:03.790+0000][7][gc,age      ] GC(47) Desired survivor size 8388608 bytes, new threshold 15 (max threshold 15)
[2022-06-28T07:17:03.804+0000][7][gc,phases   ] GC(47)   Pre Evacuate Collection Set: 0.0ms
[2022-06-28T07:17:03.804+0000][7][gc,phases   ] GC(47)   Merge Heap Roots: 0.1ms
[2022-06-28T07:17:03.804+0000][7][gc,phases   ] GC(47)   Evacuate Collection Set: 12.5ms
[2022-06-28T07:17:03.804+0000][7][gc,phases   ] GC(47)   Post Evacuate Collection Set: 1.1ms
[2022-06-28T07:17:03.804+0000][7][gc,phases   ] GC(47)   Other: 0.1ms
[2022-06-28T07:17:03.804+0000][7][gc,age      ] GC(47) Age table with threshold 15 (max threshold 15)
[2022-06-28T07:17:03.804+0000][7][gc,age      ] GC(47) - age   1:      14280 bytes,      14280 total
[2022-06-28T07:17:03.804+0000][7][gc,age      ] GC(47) - age   2:       1808 bytes,      16088 total
[2022-06-28T07:17:03.804+0000][7][gc,age      ] GC(47) - age   3:       3528 bytes,      19616 total
[2022-06-28T07:17:03.804+0000][7][gc,age      ] GC(47) - age   4:       2848 bytes,      22464 total
[2022-06-28T07:17:03.804+0000][7][gc,age      ] GC(47) - age   5:      14952 bytes,      37416 total
[2022-06-28T07:17:03.804+0000][7][gc,age      ] GC(47) - age   6:       5920 bytes,      43336 total
[2022-06-28T07:17:03.804+0000][7][gc,age      ] GC(47) - age   7:       5056 bytes,      48392 total
[2022-06-28T07:17:03.804+0000][7][gc,age      ] GC(47) - age   8:     102816 bytes,     151208 total
[2022-06-28T07:17:03.804+0000][7][gc,age      ] GC(47) - age   9:       7064 bytes,     158272 total
[2022-06-28T07:17:03.804+0000][7][gc,age      ] GC(47) - age  10:       5888 bytes,     164160 total
[2022-06-28T07:17:03.804+0000][7][gc,age      ] GC(47) - age  11:     984376 bytes,    1148536 total
[2022-06-28T07:17:03.804+0000][7][gc,age      ] GC(47) - age  12:     743696 bytes,    1892232 total
[2022-06-28T07:17:03.804+0000][7][gc,age      ] GC(47) - age  13:    2579256 bytes,    4471488 total
[2022-06-28T07:17:03.804+0000][7][gc,heap     ] GC(47) Eden regions: 28->0(28)
[2022-06-28T07:17:03.804+0000][7][gc,heap     ] GC(47) Survivor regions: 2->2(4)
[2022-06-28T07:17:03.804+0000][7][gc,heap     ] GC(47) Old regions: 18->18
[2022-06-28T07:17:03.804+0000][7][gc,heap     ] GC(47) Archive regions: 2->2
[2022-06-28T07:17:03.804+0000][7][gc,heap     ] GC(47) Humongous regions: 2->2
[2022-06-28T07:17:03.804+0000][7][gc,metaspace] GC(47) Metaspace: 102099K(106368K)->102099K(106368K) NonClass: 88417K(90880K)->88417K(90880K) Class: 13681K(15488K)->13681K(15488K)
[2022-06-28T07:17:03.804+0000][7][gc          ] GC(47) Pause Young (Normal) (G1 Evacuation Pause) 197M->85M(256M) 14.101ms
[2022-06-28T07:17:03.804+0000][7][gc,cpu      ] GC(47) User=0.01s Sys=0.00s Real=0.01s
[2022-06-28T07:17:03.804+0000][7][safepoint   ] Safepoint "G1CollectForAllocation", Time since last: 2906127887 ns, Reaching safepoint: 32407 ns, At safepoint: 14156630 ns, Total: 14189037 ns
[2022-06-28T07:17:06.805+0000][7][safepoint   ] Safepoint "Cleanup", Time since last: 3000287787 ns, Reaching safepoint: 34266 ns, At safepoint: 4828 ns, Total: 39094 ns
[2022-06-28T07:17:07.805+0000][7][safepoint   ] Safepoint "Cleanup", Time since last: 1000138552 ns, Reaching safepoint: 39815 ns, At safepoint: 4610 ns, Total: 44425 ns
[2022-06-28T07:17:14.807+0000][7][safepoint   ] Safepoint "Cleanup", Time since last: 7002268444 ns, Reaching safepoint: 39539 ns, At safepoint: 4505 ns, Total: 44044 ns
[2022-06-28T07:17:15.807+0000][7][safepoint   ] Safepoint "Cleanup", Time since last: 1000180559 ns, Reaching safepoint: 43219 ns, At safepoint: 5173 ns, Total: 48392 ns
[2022-06-28T07:17:39.810+0000][7][safepoint   ] Safepoint "Cleanup", Time since last: 24002564886 ns, Reaching safepoint: 50183 ns, At safepoint: 8797 ns, Total: 58980 ns
[2022-06-28T07:18:00.812+0000][7][safepoint   ] Safepoint "Cleanup", Time since last: 21002386551 ns, Reaching safepoint: 40838 ns, At safepoint: 5255 ns, Total: 46093 ns
[2022-06-28T07:18:15.814+0000][7][safepoint   ] Safepoint "Cleanup", Time since last: 15001769888 ns, Reaching safepoint: 35422 ns, At safepoint: 4472 ns, Total: 39894 ns
[2022-06-28T07:18:53.819+0000][7][safepoint   ] Safepoint "Cleanup", Time since last: 38004262012 ns, Reaching safepoint: 36452 ns, At safepoint: 4385 ns, Total: 40837 ns
[2022-06-28T07:19:05.719+0000][7][gc,start    ] GC(48) Pause Young (Concurrent Start) (G1 Evacuation Pause)
[2022-06-28T07:19:05.719+0000][7][gc,task     ] GC(48) Using 1 workers of 1 for evacuation
[2022-06-28T07:19:05.719+0000][7][gc,age      ] GC(48) Desired survivor size 8388608 bytes, new threshold 15 (max threshold 15)
[2022-06-28T07:19:05.733+0000][7][gc,phases   ] GC(48)   Pre Evacuate Collection Set: 0.2ms
[2022-06-28T07:19:05.733+0000][7][gc,phases   ] GC(48)   Merge Heap Roots: 0.1ms
[2022-06-28T07:19:05.733+0000][7][gc,phases   ] GC(48)   Evacuate Collection Set: 12.1ms
[2022-06-28T07:19:05.733+0000][7][gc,phases   ] GC(48)   Post Evacuate Collection Set: 1.2ms
[2022-06-28T07:19:05.733+0000][7][gc,phases   ] GC(48)   Other: 0.1ms
[2022-06-28T07:19:05.733+0000][7][gc,age      ] GC(48) Age table with threshold 15 (max threshold 15)
[2022-06-28T07:19:05.733+0000][7][gc,age      ] GC(48) - age   1:      26984 bytes,      26984 total
[2022-06-28T07:19:05.733+0000][7][gc,age      ] GC(48) - age   2:       4416 bytes,      31400 total
[2022-06-28T07:19:05.733+0000][7][gc,age      ] GC(48) - age   3:       1808 bytes,      33208 total
[2022-06-28T07:19:05.733+0000][7][gc,age      ] GC(48) - age   4:       3528 bytes,      36736 total
[2022-06-28T07:19:05.733+0000][7][gc,age      ] GC(48) - age   5:       2848 bytes,      39584 total
[2022-06-28T07:19:05.733+0000][7][gc,age      ] GC(48) - age   6:      14952 bytes,      54536 total
[2022-06-28T07:19:05.733+0000][7][gc,age      ] GC(48) - age   7:       5920 bytes,      60456 total
[2022-06-28T07:19:05.733+0000][7][gc,age      ] GC(48) - age   8:       5056 bytes,      65512 total
[2022-06-28T07:19:05.733+0000][7][gc,age      ] GC(48) - age   9:     102816 bytes,     168328 total
[2022-06-28T07:19:05.733+0000][7][gc,age      ] GC(48) - age  10:       7064 bytes,     175392 total
[2022-06-28T07:19:05.733+0000][7][gc,age      ] GC(48) - age  11:       5888 bytes,     181280 total
[2022-06-28T07:19:05.733+0000][7][gc,age      ] GC(48) - age  12:     984376 bytes,    1165656 total
[2022-06-28T07:19:05.733+0000][7][gc,age      ] GC(48) - age  13:     743696 bytes,    1909352 total
[2022-06-28T07:19:05.733+0000][7][gc,age      ] GC(48) - age  14:    2579256 bytes,    4488608 total
[2022-06-28T07:19:05.733+0000][7][gc,heap     ] GC(48) Eden regions: 28->0(28)
[2022-06-28T07:19:05.733+0000][7][gc,heap     ] GC(48) Survivor regions: 2->2(4)
[2022-06-28T07:19:05.733+0000][7][gc,heap     ] GC(48) Old regions: 18->18
[2022-06-28T07:19:05.733+0000][7][gc,heap     ] GC(48) Archive regions: 2->2
[2022-06-28T07:19:05.733+0000][7][gc,heap     ] GC(48) Humongous regions: 2->2
[2022-06-28T07:19:05.733+0000][7][gc,metaspace] GC(48) Metaspace: 102121K(106368K)->102121K(106368K) NonClass: 88440K(90880K)->88440K(90880K) Class: 13681K(15488K)->13681K(15488K)
[2022-06-28T07:19:05.733+0000][7][gc          ] GC(48) Pause Young (Concurrent Start) (G1 Evacuation Pause) 197M->85M(256M) 13.963ms
[2022-06-28T07:19:05.733+0000][7][gc,cpu      ] GC(48) User=0.01s Sys=0.00s Real=0.01s
[2022-06-28T07:19:05.733+0000][7][safepoint   ] Safepoint "G1CollectForAllocation", Time since last: 11900750322 ns, Reaching safepoint: 28438 ns, At safepoint: 14022431 ns, Total: 14050869 ns
[2022-06-28T07:19:05.733+0000][7][gc          ] GC(49) Concurrent Mark Cycle
[2022-06-28T07:19:05.733+0000][7][gc,marking  ] GC(49) Concurrent Clear Claimed Marks
[2022-06-28T07:19:05.734+0000][7][gc,marking  ] GC(49) Concurrent Clear Claimed Marks 0.090ms
[2022-06-28T07:19:05.734+0000][7][gc,marking  ] GC(49) Concurrent Scan Root Regions
[2022-06-28T07:19:05.739+0000][7][gc,marking  ] GC(49) Concurrent Scan Root Regions 5.384ms
[2022-06-28T07:19:05.739+0000][7][gc,marking  ] GC(49) Concurrent Mark
[2022-06-28T07:19:05.739+0000][7][gc,marking  ] GC(49) Concurrent Mark From Roots
[2022-06-28T07:19:05.739+0000][7][gc,task     ] GC(49) Using 1 workers of 1 for marking
[2022-06-28T07:19:05.847+0000][7][gc,marking  ] GC(49) Concurrent Mark From Roots 107.781ms
[2022-06-28T07:19:05.847+0000][7][gc,marking  ] GC(49) Concurrent Preclean
[2022-06-28T07:19:05.847+0000][7][gc,marking  ] GC(49) Concurrent Preclean 0.138ms
[2022-06-28T07:19:05.847+0000][7][gc,start    ] GC(49) Pause Remark
[2022-06-28T07:19:05.860+0000][7][gc          ] GC(49) Pause Remark 87M->87M(256M) 13.089ms
[2022-06-28T07:19:05.860+0000][7][gc,cpu      ] GC(49) User=0.01s Sys=0.00s Real=0.01s
[2022-06-28T07:19:05.860+0000][7][safepoint   ] Safepoint "G1Concurrent", Time since last: 113624320 ns, Reaching safepoint: 23867 ns, At safepoint: 13163413 ns, Total: 13187280 ns
[2022-06-28T07:19:05.860+0000][7][gc,marking  ] GC(49) Concurrent Mark 121.231ms
[2022-06-28T07:19:05.860+0000][7][gc,marking  ] GC(49) Concurrent Rebuild Remembered Sets
[2022-06-28T07:19:05.923+0000][7][gc,marking  ] GC(49) Concurrent Rebuild Remembered Sets 62.414ms
[2022-06-28T07:19:05.923+0000][7][gc,start    ] GC(49) Pause Cleanup
[2022-06-28T07:19:05.923+0000][7][gc          ] GC(49) Pause Cleanup 87M->87M(256M) 0.049ms
[2022-06-28T07:19:05.923+0000][7][gc,cpu      ] GC(49) User=0.00s Sys=0.00s Real=0.00s
[2022-06-28T07:19:05.923+0000][7][safepoint   ] Safepoint "G1Concurrent", Time since last: 62514921 ns, Reaching safepoint: 22900 ns, At safepoint: 85815 ns, Total: 108715 ns
[2022-06-28T07:19:05.923+0000][7][gc,marking  ] GC(49) Concurrent Cleanup for Next Mark
[2022-06-28T07:19:05.923+0000][7][gc,marking  ] GC(49) Concurrent Cleanup for Next Mark 0.652ms
[2022-06-28T07:19:05.924+0000][7][gc          ] GC(49) Concurrent Mark Cycle 190.038ms
[2022-06-28T07:19:51.928+0000][7][safepoint   ] Safepoint "Cleanup", Time since last: 46005441544 ns, Reaching safepoint: 31958 ns, At safepoint: 4515 ns, Total: 36473 ns
[2022-06-28T07:19:56.929+0000][7][safepoint   ] Safepoint "Cleanup", Time since last: 5000610678 ns, Reaching safepoint: 39998 ns, At safepoint: 5322 ns, Total: 45320 ns
[2022-06-28T07:20:07.930+0000][7][safepoint   ] Safepoint "Cleanup", Time since last: 11001164884 ns, Reaching safepoint: 35656 ns, At safepoint: 4685 ns, Total: 40341 ns
[2022-06-28T07:20:10.931+0000][7][safepoint   ] Safepoint "Cleanup", Time since last: 3000388942 ns, Reaching safepoint: 39126 ns, At safepoint: 5131 ns, Total: 44257 ns
[2022-06-28T07:20:56.936+0000][7][safepoint   ] Safepoint "Cleanup", Time since last: 46005368757 ns, Reaching safepoint: 40413 ns, At safepoint: 4918 ns, Total: 45331 ns
[2022-06-28T07:20:57.936+0000][7][safepoint   ] Safepoint "Cleanup", Time since last: 1000164529 ns, Reaching safepoint: 40423 ns, At safepoint: 5127 ns, Total: 45550 ns
[2022-06-28T07:21:04.024+0000][7][gc,start    ] GC(50) Pause Young (Normal) (G1 Evacuation Pause)
[2022-06-28T07:21:04.024+0000][7][gc,task     ] GC(50) Using 1 workers of 1 for evacuation
[2022-06-28T07:21:04.024+0000][7][gc,age      ] GC(50) Desired survivor size 8388608 bytes, new threshold 15 (max threshold 15)
[2022-06-28T07:21:04.038+0000][7][gc,phases   ] GC(50)   Pre Evacuate Collection Set: 0.0ms
[2022-06-28T07:21:04.038+0000][7][gc,phases   ] GC(50)   Merge Heap Roots: 0.1ms
[2022-06-28T07:21:04.038+0000][7][gc,phases   ] GC(50)   Evacuate Collection Set: 12.6ms
[2022-06-28T07:21:04.038+0000][7][gc,phases   ] GC(50)   Post Evacuate Collection Set: 1.2ms
[2022-06-28T07:21:04.038+0000][7][gc,phases   ] GC(50)   Other: 0.1ms
[2022-06-28T07:21:04.038+0000][7][gc,age      ] GC(50) Age table with threshold 15 (max threshold 15)
[2022-06-28T07:21:04.038+0000][7][gc,age      ] GC(50) - age   1:      10416 bytes,      10416 total
[2022-06-28T07:21:04.038+0000][7][gc,age      ] GC(50) - age   2:      18896 bytes,      29312 total
[2022-06-28T07:21:04.038+0000][7][gc,age      ] GC(50) - age   3:       4416 bytes,      33728 total
[2022-06-28T07:21:04.038+0000][7][gc,age      ] GC(50) - age   4:       1808 bytes,      35536 total
[2022-06-28T07:21:04.038+0000][7][gc,age      ] GC(50) - age   5:       3528 bytes,      39064 total
[2022-06-28T07:21:04.038+0000][7][gc,age      ] GC(50) - age   6:       2648 bytes,      41712 total
[2022-06-28T07:21:04.038+0000][7][gc,age      ] GC(50) - age   7:      14952 bytes,      56664 total
[2022-06-28T07:21:04.038+0000][7][gc,age      ] GC(50) - age   8:       5920 bytes,      62584 total
[2022-06-28T07:21:04.038+0000][7][gc,age      ] GC(50) - age   9:       5056 bytes,      67640 total
[2022-06-28T07:21:04.038+0000][7][gc,age      ] GC(50) - age  10:     102816 bytes,     170456 total
[2022-06-28T07:21:04.038+0000][7][gc,age      ] GC(50) - age  11:       7064 bytes,     177520 total
[2022-06-28T07:21:04.038+0000][7][gc,age      ] GC(50) - age  12:       5888 bytes,     183408 total
[2022-06-28T07:21:04.038+0000][7][gc,age      ] GC(50) - age  13:     984376 bytes,    1167784 total
[2022-06-28T07:21:04.038+0000][7][gc,age      ] GC(50) - age  14:     743696 bytes,    1911480 total
[2022-06-28T07:21:04.038+0000][7][gc,age      ] GC(50) - age  15:    2579256 bytes,    4490736 total
[2022-06-28T07:21:04.038+0000][7][gc,heap     ] GC(50) Eden regions: 28->0(28)
[2022-06-28T07:21:04.038+0000][7][gc,heap     ] GC(50) Survivor regions: 2->2(4)
[2022-06-28T07:21:04.038+0000][7][gc,heap     ] GC(50) Old regions: 18->18
[2022-06-28T07:21:04.038+0000][7][gc,heap     ] GC(50) Archive regions: 2->2
[2022-06-28T07:21:04.038+0000][7][gc,heap     ] GC(50) Humongous regions: 2->2
[2022-06-28T07:21:04.038+0000][7][gc,metaspace] GC(50) Metaspace: 102132K(106368K)->102132K(106368K) NonClass: 88451K(90880K)->88451K(90880K) Class: 13681K(15488K)->13681K(15488K)
[2022-06-28T07:21:04.038+0000][7][gc          ] GC(50) Pause Young (Normal) (G1 Evacuation Pause) 197M->85M(256M) 14.333ms
[2022-06-28T07:21:04.038+0000][7][gc,cpu      ] GC(50) User=0.01s Sys=0.00s Real=0.02s
[2022-06-28T07:21:04.038+0000][7][safepoint   ] Safepoint "G1CollectForAllocation", Time since last: 6087160144 ns, Reaching safepoint: 156196 ns, At safepoint: 14394890 ns, Total: 14551086 ns
[2022-06-28T07:21:18.039+0000][7][safepoint   ] Safepoint "Cleanup", Time since last: 14001309843 ns, Reaching safepoint: 43400 ns, At safepoint: 4347 ns, Total: 47747 ns
[2022-06-28T07:21:19.039+0000][7][safepoint   ] Safepoint "Cleanup", Time since last: 1000166428 ns, Reaching safepoint: 30225 ns, At safepoint: 4640 ns, Total: 34865 ns
[2022-06-28T07:21:20.040+0000][7][safepoint   ] Safepoint "Cleanup", Time since last: 1000144362 ns, Reaching safepoint: 33350 ns, At safepoint: 4717 ns, Total: 38067 ns
[2022-06-28T07:21:21.040+0000][7][safepoint   ] Safepoint "Cleanup", Time since last: 1000140793 ns, Reaching safepoint: 44640 ns, At safepoint: 4515 ns, Total: 49155 ns
[2022-06-28T07:21:34.041+0000][7][safepoint   ] Safepoint "Cleanup", Time since last: 13001421239 ns, Reaching safepoint: 40808 ns, At safepoint: 4688 ns, Total: 45496 ns
[2022-06-28T07:22:10.047+0000][7][safepoint   ] Safepoint "Cleanup", Time since last: 36005653561 ns, Reaching safepoint: 41698 ns, At safepoint: 5320 ns, Total: 47018 ns
[2022-06-28T07:22:33.050+0000][7][safepoint   ] Safepoint "Cleanup", Time since last: 23002495112 ns, Reaching safepoint: 38766 ns, At safepoint: 4960 ns, Total: 43726 ns
[2022-06-28T07:22:34.050+0000][7][safepoint   ] Safepoint "Cleanup", Time since last: 1000140046 ns, Reaching safepoint: 39520 ns, At safepoint: 4330 ns, Total: 43850 ns
[2022-06-28T07:22:42.051+0000][7][safepoint   ] Safepoint "Cleanup", Time since last: 8000932726 ns, Reaching safepoint: 38983 ns, At safepoint: 5004 ns, Total: 43987 ns
[2022-06-28T07:23:02.053+0000][7][safepoint   ] Safepoint "Cleanup", Time since last: 20002271090 ns, Reaching safepoint: 43952 ns, At safepoint: 4599 ns, Total: 48551 ns
[2022-06-28T07:23:04.134+0000][7][gc,start    ] GC(51) Pause Young (Concurrent Start) (G1 Evacuation Pause)
[2022-06-28T07:23:04.134+0000][7][gc,task     ] GC(51) Using 1 workers of 1 for evacuation
[2022-06-28T07:23:04.134+0000][7][gc,age      ] GC(51) Desired survivor size 8388608 bytes, new threshold 15 (max threshold 15)
[2022-06-28T07:23:04.148+0000][7][gc,phases   ] GC(51)   Pre Evacuate Collection Set: 0.2ms
[2022-06-28T07:23:04.148+0000][7][gc,phases   ] GC(51)   Merge Heap Roots: 0.1ms
[2022-06-28T07:23:04.148+0000][7][gc,phases   ] GC(51)   Evacuate Collection Set: 12.6ms
[2022-06-28T07:23:04.148+0000][7][gc,phases   ] GC(51)   Post Evacuate Collection Set: 1.1ms
[2022-06-28T07:23:04.148+0000][7][gc,phases   ] GC(51)   Other: 0.1ms
[2022-06-28T07:23:04.148+0000][7][gc,age      ] GC(51) Age table with threshold 15 (max threshold 15)
[2022-06-28T07:23:04.148+0000][7][gc,age      ] GC(51) - age   1:      11032 bytes,      11032 total
[2022-06-28T07:23:04.148+0000][7][gc,age      ] GC(51) - age   2:       2320 bytes,      13352 total
[2022-06-28T07:23:04.148+0000][7][gc,age      ] GC(51) - age   3:      18896 bytes,      32248 total
[2022-06-28T07:23:04.148+0000][7][gc,age      ] GC(51) - age   4:       4416 bytes,      36664 total
[2022-06-28T07:23:04.148+0000][7][gc,age      ] GC(51) - age   5:       1808 bytes,      38472 total
[2022-06-28T07:23:04.148+0000][7][gc,age      ] GC(51) - age   6:       3328 bytes,      41800 total
[2022-06-28T07:23:04.148+0000][7][gc,age      ] GC(51) - age   7:       2648 bytes,      44448 total
[2022-06-28T07:23:04.148+0000][7][gc,age      ] GC(51) - age   8:      14952 bytes,      59400 total
[2022-06-28T07:23:04.148+0000][7][gc,age      ] GC(51) - age   9:       5920 bytes,      65320 total
[2022-06-28T07:23:04.148+0000][7][gc,age      ] GC(51) - age  10:       5056 bytes,      70376 total
[2022-06-28T07:23:04.148+0000][7][gc,age      ] GC(51) - age  11:     102816 bytes,     173192 total
[2022-06-28T07:23:04.148+0000][7][gc,age      ] GC(51) - age  12:       7064 bytes,     180256 total
[2022-06-28T07:23:04.148+0000][7][gc,age      ] GC(51) - age  13:       5888 bytes,     186144 total
[2022-06-28T07:23:04.148+0000][7][gc,age      ] GC(51) - age  14:     984376 bytes,    1170520 total
[2022-06-28T07:23:04.148+0000][7][gc,age      ] GC(51) - age  15:     743696 bytes,    1914216 total
[2022-06-28T07:23:04.148+0000][7][gc,heap     ] GC(51) Eden regions: 28->0(30)
[2022-06-28T07:23:04.148+0000][7][gc,heap     ] GC(51) Survivor regions: 2->1(4)
[2022-06-28T07:23:04.148+0000][7][gc,heap     ] GC(51) Old regions: 18->18
[2022-06-28T07:23:04.148+0000][7][gc,heap     ] GC(51) Archive regions: 2->2
[2022-06-28T07:23:04.148+0000][7][gc,heap     ] GC(51) Humongous regions: 2->2
[2022-06-28T07:23:04.148+0000][7][gc,metaspace] GC(51) Metaspace: 102133K(106368K)->102133K(106368K) NonClass: 88452K(90880K)->88452K(90880K) Class: 13681K(15488K)->13681K(15488K)
[2022-06-28T07:23:04.148+0000][7][gc          ] GC(51) Pause Young (Concurrent Start) (G1 Evacuation Pause) 197M->85M(256M) 14.312ms
[2022-06-28T07:23:04.148+0000][7][gc,cpu      ] GC(51) User=0.02s Sys=0.00s Real=0.02s
[2022-06-28T07:23:04.148+0000][7][safepoint   ] Safepoint "G1CollectForAllocation", Time since last: 2080479558 ns, Reaching safepoint: 156334 ns, At safepoint: 14375638 ns, Total: 14531972 ns
[2022-06-28T07:23:04.148+0000][7][gc          ] GC(52) Concurrent Mark Cycle
[2022-06-28T07:23:04.148+0000][7][gc,marking  ] GC(52) Concurrent Clear Claimed Marks
[2022-06-28T07:23:04.148+0000][7][gc,marking  ] GC(52) Concurrent Clear Claimed Marks 0.100ms
[2022-06-28T07:23:04.148+0000][7][gc,marking  ] GC(52) Concurrent Scan Root Regions
[2022-06-28T07:23:04.155+0000][7][gc,marking  ] GC(52) Concurrent Scan Root Regions 6.612ms
[2022-06-28T07:23:04.155+0000][7][gc,marking  ] GC(52) Concurrent Mark
[2022-06-28T07:23:04.155+0000][7][gc,marking  ] GC(52) Concurrent Mark From Roots
[2022-06-28T07:23:04.155+0000][7][gc,task     ] GC(52) Using 1 workers of 1 for marking
[2022-06-28T07:23:04.262+0000][7][gc,marking  ] GC(52) Concurrent Mark From Roots 106.965ms
[2022-06-28T07:23:04.262+0000][7][gc,marking  ] GC(52) Concurrent Preclean
[2022-06-28T07:23:04.262+0000][7][gc,marking  ] GC(52) Concurrent Preclean 0.143ms
[2022-06-28T07:23:04.262+0000][7][gc,start    ] GC(52) Pause Remark
[2022-06-28T07:23:04.276+0000][7][gc          ] GC(52) Pause Remark 87M->87M(256M) 13.553ms
[2022-06-28T07:23:04.276+0000][7][gc,cpu      ] GC(52) User=0.01s Sys=0.00s Real=0.02s
[2022-06-28T07:23:04.276+0000][7][safepoint   ] Safepoint "G1Concurrent", Time since last: 114008477 ns, Reaching safepoint: 31999 ns, At safepoint: 13629257 ns, Total: 13661256 ns
[2022-06-28T07:23:04.276+0000][7][gc,marking  ] GC(52) Concurrent Mark 120.882ms
[2022-06-28T07:23:04.276+0000][7][gc,marking  ] GC(52) Concurrent Rebuild Remembered Sets
[2022-06-28T07:23:04.340+0000][7][gc,marking  ] GC(52) Concurrent Rebuild Remembered Sets 63.937ms
[2022-06-28T07:23:04.340+0000][7][gc,start    ] GC(52) Pause Cleanup
[2022-06-28T07:23:04.340+0000][7][gc          ] GC(52) Pause Cleanup 87M->87M(256M) 0.048ms
[2022-06-28T07:23:04.340+0000][7][gc,cpu      ] GC(52) User=0.00s Sys=0.00s Real=0.00s
[2022-06-28T07:23:04.340+0000][7][safepoint   ] Safepoint "G1Concurrent", Time since last: 64034000 ns, Reaching safepoint: 23646 ns, At safepoint: 84174 ns, Total: 107820 ns
[2022-06-28T07:23:04.340+0000][7][gc,marking  ] GC(52) Concurrent Cleanup for Next Mark
[2022-06-28T07:23:04.341+0000][7][gc,marking  ] GC(52) Concurrent Cleanup for Next Mark 0.660ms
[2022-06-28T07:23:04.341+0000][7][gc          ] GC(52) Concurrent Mark Cycle 192.462ms
[2022-06-28T07:23:06.340+0000][7][safepoint   ] Safepoint "Cleanup", Time since last: 2000327826 ns, Reaching safepoint: 41546 ns, At safepoint: 4724 ns, Total: 46270 ns
[2022-06-28T07:24:08.347+0000][7][safepoint   ] Safepoint "Cleanup", Time since last: 62006251144 ns, Reaching safepoint: 37900 ns, At safepoint: 4716 ns, Total: 42616 ns
[2022-06-28T07:24:20.348+0000][7][safepoint   ] Safepoint "Cleanup", Time since last: 12001234771 ns, Reaching safepoint: 36572 ns, At safepoint: 25957 ns, Total: 62529 ns
[2022-06-28T07:24:24.348+0000][7][safepoint   ] Safepoint "Cleanup", Time since last: 4000460836 ns, Reaching safepoint: 47099 ns, At safepoint: 4535 ns, Total: 51634 ns
[2022-06-28T07:24:30.349+0000][7][safepoint   ] Safepoint "Cleanup", Time since last: 6000777735 ns, Reaching safepoint: 39552 ns, At safepoint: 4475 ns, Total: 44027 ns
[2022-06-28T07:24:33.350+0000][7][safepoint   ] Safepoint "Cleanup", Time since last: 3000397533 ns, Reaching safepoint: 36437 ns, At safepoint: 4275 ns, Total: 40712 ns
[2022-06-28T07:24:40.350+0000][7][safepoint   ] Safepoint "Cleanup", Time since last: 7000815762 ns, Reaching safepoint: 39660 ns, At safepoint: 4602 ns, Total: 44262 ns
[2022-06-28T07:24:49.352+0000][7][safepoint   ] Safepoint "Cleanup", Time since last: 9001049696 ns, Reaching safepoint: 42581 ns, At safepoint: 5015 ns, Total: 47596 ns
[2022-06-28T07:25:03.353+0000][7][safepoint   ] Safepoint "Cleanup", Time since last: 14001512641 ns, Reaching safepoint: 36742 ns, At safepoint: 4833 ns, Total: 41575 ns
[2022-06-28T07:25:14.250+0000][7][gc,start    ] GC(53) Pause Young (Normal) (G1 Evacuation Pause)
[2022-06-28T07:25:14.250+0000][7][gc,task     ] GC(53) Using 1 workers of 1 for evacuation
[2022-06-28T07:25:14.250+0000][7][gc,age      ] GC(53) Desired survivor size 8388608 bytes, new threshold 15 (max threshold 15)
[2022-06-28T07:25:14.258+0000][7][gc,phases   ] GC(53)   Pre Evacuate Collection Set: 0.0ms
[2022-06-28T07:25:14.258+0000][7][gc,phases   ] GC(53)   Merge Heap Roots: 0.1ms
[2022-06-28T07:25:14.258+0000][7][gc,phases   ] GC(53)   Evacuate Collection Set: 7.0ms
[2022-06-28T07:25:14.258+0000][7][gc,phases   ] GC(53)   Post Evacuate Collection Set: 1.0ms
[2022-06-28T07:25:14.258+0000][7][gc,phases   ] GC(53)   Other: 0.1ms
[2022-06-28T07:25:14.258+0000][7][gc,age      ] GC(53) Age table with threshold 15 (max threshold 15)
[2022-06-28T07:25:14.258+0000][7][gc,age      ] GC(53) - age   1:      10648 bytes,      10648 total
[2022-06-28T07:25:14.258+0000][7][gc,age      ] GC(53) - age   2:       2744 bytes,      13392 total
[2022-06-28T07:25:14.258+0000][7][gc,age      ] GC(53) - age   3:       2320 bytes,      15712 total
[2022-06-28T07:25:14.258+0000][7][gc,age      ] GC(53) - age   4:      18896 bytes,      34608 total
[2022-06-28T07:25:14.258+0000][7][gc,age      ] GC(53) - age   5:       4416 bytes,      39024 total
[2022-06-28T07:25:14.258+0000][7][gc,age      ] GC(53) - age   6:       1808 bytes,      40832 total
[2022-06-28T07:25:14.258+0000][7][gc,age      ] GC(53) - age   7:       3328 bytes,      44160 total
[2022-06-28T07:25:14.258+0000][7][gc,age      ] GC(53) - age   8:       2648 bytes,      46808 total
[2022-06-28T07:25:14.258+0000][7][gc,age      ] GC(53) - age   9:      14952 bytes,      61760 total
[2022-06-28T07:25:14.259+0000][7][gc,age      ] GC(53) - age  10:       5920 bytes,      67680 total
[2022-06-28T07:25:14.259+0000][7][gc,age      ] GC(53) - age  11:       5056 bytes,      72736 total
[2022-06-28T07:25:14.259+0000][7][gc,age      ] GC(53) - age  12:     102816 bytes,     175552 total
[2022-06-28T07:25:14.259+0000][7][gc,age      ] GC(53) - age  13:       7064 bytes,     182616 total
[2022-06-28T07:25:14.259+0000][7][gc,age      ] GC(53) - age  14:       5888 bytes,     188504 total
[2022-06-28T07:25:14.259+0000][7][gc,age      ] GC(53) - age  15:     984376 bytes,    1172880 total
[2022-06-28T07:25:14.259+0000][7][gc,heap     ] GC(53) Eden regions: 30->0(30)
[2022-06-28T07:25:14.259+0000][7][gc,heap     ] GC(53) Survivor regions: 1->1(4)
[2022-06-28T07:25:14.259+0000][7][gc,heap     ] GC(53) Old regions: 18->18
[2022-06-28T07:25:14.259+0000][7][gc,heap     ] GC(53) Archive regions: 2->2
[2022-06-28T07:25:14.259+0000][7][gc,heap     ] GC(53) Humongous regions: 2->2
[2022-06-28T07:25:14.259+0000][7][gc,metaspace] GC(53) Metaspace: 102134K(106368K)->102134K(106368K) NonClass: 88452K(90880K)->88452K(90880K) Class: 13681K(15488K)->13681K(15488K)
[2022-06-28T07:25:14.259+0000][7][gc          ] GC(53) Pause Young (Normal) (G1 Evacuation Pause) 205M->84M(256M) 8.570ms
[2022-06-28T07:25:14.259+0000][7][gc,cpu      ] GC(53) User=0.01s Sys=0.01s Real=0.01s
[2022-06-28T07:25:14.259+0000][7][safepoint   ] Safepoint "G1CollectForAllocation", Time since last: 10896898582 ns, Reaching safepoint: 24788 ns, At safepoint: 8619389 ns, Total: 8644177 ns
[2022-06-28T07:25:30.260+0000][7][safepoint   ] Safepoint "Cleanup", Time since last: 16001603820 ns, Reaching safepoint: 40713 ns, At safepoint: 4524 ns, Total: 45237 ns
[2022-06-28T07:25:33.261+0000][7][safepoint   ] Safepoint "Cleanup", Time since last: 3000340700 ns, Reaching safepoint: 28647 ns, At safepoint: 4150 ns, Total: 32797 ns
[2022-06-28T07:26:03.266+0000][7][safepoint   ] Safepoint "Cleanup", Time since last: 30005388765 ns, Reaching safepoint: 32499 ns, At safepoint: 4608 ns, Total: 37107 ns
[2022-06-28T07:26:35.271+0000][7][safepoint   ] Safepoint "Cleanup", Time since last: 32004618935 ns, Reaching safepoint: 43033 ns, At safepoint: 4608 ns, Total: 47641 ns
[2022-06-28T07:27:06.274+0000][7][safepoint   ] Safepoint "Cleanup", Time since last: 31003493901 ns, Reaching safepoint: 43573 ns, At safepoint: 4468 ns, Total: 48041 ns
[2022-06-28T07:27:10.275+0000][7][safepoint   ] Safepoint "Cleanup", Time since last: 4000413224 ns, Reaching safepoint: 36511 ns, At safepoint: 4850 ns, Total: 41361 ns
[2022-06-28T07:27:20.276+0000][7][safepoint   ] Safepoint "Cleanup", Time since last: 10001031137 ns, Reaching safepoint: 42771 ns, At safepoint: 4953 ns, Total: 47724 ns
[2022-06-28T07:27:22.452+0000][7][gc,start    ] GC(54) Pause Young (Concurrent Start) (G1 Evacuation Pause)
[2022-06-28T07:27:22.452+0000][7][gc,task     ] GC(54) Using 1 workers of 1 for evacuation
[2022-06-28T07:27:22.452+0000][7][gc,age      ] GC(54) Desired survivor size 8388608 bytes, new threshold 15 (max threshold 15)
[2022-06-28T07:27:22.463+0000][7][gc,phases   ] GC(54)   Pre Evacuate Collection Set: 0.2ms
[2022-06-28T07:27:22.463+0000][7][gc,phases   ] GC(54)   Merge Heap Roots: 0.0ms
[2022-06-28T07:27:22.463+0000][7][gc,phases   ] GC(54)   Evacuate Collection Set: 9.1ms
[2022-06-28T07:27:22.463+0000][7][gc,phases   ] GC(54)   Post Evacuate Collection Set: 1.0ms
[2022-06-28T07:27:22.463+0000][7][gc,phases   ] GC(54)   Other: 0.1ms
[2022-06-28T07:27:22.463+0000][7][gc,age      ] GC(54) Age table with threshold 15 (max threshold 15)
[2022-06-28T07:27:22.463+0000][7][gc,age      ] GC(54) - age   1:     101024 bytes,     101024 total
[2022-06-28T07:27:22.463+0000][7][gc,age      ] GC(54) - age   2:       1008 bytes,     102032 total
[2022-06-28T07:27:22.463+0000][7][gc,age      ] GC(54) - age   3:       2744 bytes,     104776 total
[2022-06-28T07:27:22.463+0000][7][gc,age      ] GC(54) - age   4:       2320 bytes,     107096 total
[2022-06-28T07:27:22.463+0000][7][gc,age      ] GC(54) - age   5:      18896 bytes,     125992 total
[2022-06-28T07:27:22.463+0000][7][gc,age      ] GC(54) - age   6:       3840 bytes,     129832 total
[2022-06-28T07:27:22.463+0000][7][gc,age      ] GC(54) - age   7:       1608 bytes,     131440 total
[2022-06-28T07:27:22.463+0000][7][gc,age      ] GC(54) - age   8:       3328 bytes,     134768 total
[2022-06-28T07:27:22.463+0000][7][gc,age      ] GC(54) - age   9:       2648 bytes,     137416 total
[2022-06-28T07:27:22.463+0000][7][gc,age      ] GC(54) - age  10:      14952 bytes,     152368 total
[2022-06-28T07:27:22.463+0000][7][gc,age      ] GC(54) - age  11:       5920 bytes,     158288 total
[2022-06-28T07:27:22.463+0000][7][gc,age      ] GC(54) - age  12:       5056 bytes,     163344 total
[2022-06-28T07:27:22.463+0000][7][gc,age      ] GC(54) - age  13:     102816 bytes,     266160 total
[2022-06-28T07:27:22.463+0000][7][gc,age      ] GC(54) - age  14:       7064 bytes,     273224 total
[2022-06-28T07:27:22.463+0000][7][gc,age      ] GC(54) - age  15:       5888 bytes,     279112 total
[2022-06-28T07:27:22.463+0000][7][gc,heap     ] GC(54) Eden regions: 30->0(29)
[2022-06-28T07:27:22.463+0000][7][gc,heap     ] GC(54) Survivor regions: 1->1(4)
[2022-06-28T07:27:22.463+0000][7][gc,heap     ] GC(54) Old regions: 18->19
[2022-06-28T07:27:22.463+0000][7][gc,heap     ] GC(54) Archive regions: 2->2
[2022-06-28T07:27:22.463+0000][7][gc,heap     ] GC(54) Humongous regions: 2->2
[2022-06-28T07:27:22.463+0000][7][gc,metaspace] GC(54) Metaspace: 102145K(106368K)->102145K(106368K) NonClass: 88463K(90880K)->88463K(90880K) Class: 13681K(15488K)->13681K(15488K)
[2022-06-28T07:27:22.463+0000][7][gc          ] GC(54) Pause Young (Concurrent Start) (G1 Evacuation Pause) 204M->84M(256M) 10.663ms
[2022-06-28T07:27:22.463+0000][7][gc,cpu      ] GC(54) User=0.00s Sys=0.00s Real=0.01s
[2022-06-28T07:27:22.463+0000][7][safepoint   ] Safepoint "G1CollectForAllocation", Time since last: 2176357794 ns, Reaching safepoint: 25567 ns, At safepoint: 10712693 ns, Total: 10738260 ns
[2022-06-28T07:27:22.463+0000][7][gc          ] GC(55) Concurrent Mark Cycle
[2022-06-28T07:27:22.463+0000][7][gc,marking  ] GC(55) Concurrent Clear Claimed Marks
[2022-06-28T07:27:22.463+0000][7][gc,marking  ] GC(55) Concurrent Clear Claimed Marks 0.040ms
[2022-06-28T07:27:22.463+0000][7][gc,marking  ] GC(55) Concurrent Scan Root Regions
[2022-06-28T07:27:22.465+0000][7][gc,marking  ] GC(55) Concurrent Scan Root Regions 2.050ms
[2022-06-28T07:27:22.465+0000][7][gc,marking  ] GC(55) Concurrent Mark
[2022-06-28T07:27:22.465+0000][7][gc,marking  ] GC(55) Concurrent Mark From Roots
[2022-06-28T07:27:22.465+0000][7][gc,task     ] GC(55) Using 1 workers of 1 for marking
[2022-06-28T07:27:22.585+0000][7][gc,marking  ] GC(55) Concurrent Mark From Roots 119.655ms
[2022-06-28T07:27:22.585+0000][7][gc,marking  ] GC(55) Concurrent Preclean
[2022-06-28T07:27:22.585+0000][7][gc,marking  ] GC(55) Concurrent Preclean 0.111ms
[2022-06-28T07:27:22.585+0000][7][gc,start    ] GC(55) Pause Remark
[2022-06-28T07:27:22.599+0000][7][gc          ] GC(55) Pause Remark 84M->84M(256M) 13.936ms
[2022-06-28T07:27:22.599+0000][7][gc,cpu      ] GC(55) User=0.01s Sys=0.00s Real=0.02s
[2022-06-28T07:27:22.599+0000][7][safepoint   ] Safepoint "G1Concurrent", Time since last: 122014872 ns, Reaching safepoint: 23545 ns, At safepoint: 14069072 ns, Total: 14092617 ns
[2022-06-28T07:27:22.599+0000][7][gc,marking  ] GC(55) Concurrent Mark 133.964ms
[2022-06-28T07:27:22.599+0000][7][gc,marking  ] GC(55) Concurrent Rebuild Remembered Sets
[2022-06-28T07:27:22.667+0000][7][gc,marking  ] GC(55) Concurrent Rebuild Remembered Sets 67.762ms
[2022-06-28T07:27:22.667+0000][7][gc,start    ] GC(55) Pause Cleanup
[2022-06-28T07:27:22.667+0000][7][gc          ] GC(55) Pause Cleanup 84M->84M(256M) 0.069ms
[2022-06-28T07:27:22.667+0000][7][gc,cpu      ] GC(55) User=0.00s Sys=0.00s Real=0.00s
[2022-06-28T07:27:22.667+0000][7][safepoint   ] Safepoint "G1Concurrent", Time since last: 67855394 ns, Reaching safepoint: 22596 ns, At safepoint: 375038 ns, Total: 397634 ns
[2022-06-28T07:27:22.667+0000][7][gc,marking  ] GC(55) Concurrent Cleanup for Next Mark
[2022-06-28T07:27:22.668+0000][7][gc,marking  ] GC(55) Concurrent Cleanup for Next Mark 0.661ms
[2022-06-28T07:27:22.668+0000][7][gc          ] GC(55) Concurrent Mark Cycle 205.035ms
[2022-06-28T07:27:33.668+0000][7][safepoint   ] Safepoint "Cleanup", Time since last: 11001040467 ns, Reaching safepoint: 39152 ns, At safepoint: 5297 ns, Total: 44449 ns
[2022-06-28T07:28:03.672+0000][7][safepoint   ] Safepoint "Cleanup", Time since last: 30003225165 ns, Reaching safepoint: 43736 ns, At safepoint: 4866 ns, Total: 48602 ns
[2022-06-28T07:28:33.675+0000][7][safepoint   ] Safepoint "Cleanup", Time since last: 30003133184 ns, Reaching safepoint: 43134 ns, At safepoint: 5194 ns, Total: 48328 ns
[2022-06-28T07:28:34.675+0000][7][safepoint   ] Safepoint "Cleanup", Time since last: 1000153485 ns, Reaching safepoint: 39864 ns, At safepoint: 5350 ns, Total: 45214 ns
[2022-06-28T07:29:03.678+0000][7][safepoint   ] Safepoint "Cleanup", Time since last: 29003164921 ns, Reaching safepoint: 43634 ns, At safepoint: 4650 ns, Total: 48284 ns
[2022-06-28T07:29:06.679+0000][7][safepoint   ] Safepoint "Cleanup", Time since last: 3000418015 ns, Reaching safepoint: 40826 ns, At safepoint: 4935 ns, Total: 45761 ns
[2022-06-28T07:29:24.489+0000][7][gc,start    ] GC(56) Pause Young (Normal) (G1 Evacuation Pause)
[2022-06-28T07:29:24.489+0000][7][gc,task     ] GC(56) Using 1 workers of 1 for evacuation
[2022-06-28T07:29:24.489+0000][7][gc,age      ] GC(56) Desired survivor size 8388608 bytes, new threshold 15 (max threshold 15)
[2022-06-28T07:29:24.493+0000][7][gc,phases   ] GC(56)   Pre Evacuate Collection Set: 0.0ms
[2022-06-28T07:29:24.493+0000][7][gc,phases   ] GC(56)   Merge Heap Roots: 0.1ms
[2022-06-28T07:29:24.493+0000][7][gc,phases   ] GC(56)   Evacuate Collection Set: 2.7ms
[2022-06-28T07:29:24.493+0000][7][gc,phases   ] GC(56)   Post Evacuate Collection Set: 0.9ms
[2022-06-28T07:29:24.493+0000][7][gc,phases   ] GC(56)   Other: 0.1ms
[2022-06-28T07:29:24.493+0000][7][gc,age      ] GC(56) Age table with threshold 15 (max threshold 15)
[2022-06-28T07:29:24.493+0000][7][gc,age      ] GC(56) - age   1:      11064 bytes,      11064 total
[2022-06-28T07:29:24.493+0000][7][gc,age      ] GC(56) - age   2:       4744 bytes,      15808 total
[2022-06-28T07:29:24.493+0000][7][gc,age      ] GC(56) - age   3:        808 bytes,      16616 total
[2022-06-28T07:29:24.493+0000][7][gc,age      ] GC(56) - age   4:       2744 bytes,      19360 total
[2022-06-28T07:29:24.493+0000][7][gc,age      ] GC(56) - age   5:       2320 bytes,      21680 total
[2022-06-28T07:29:24.493+0000][7][gc,age      ] GC(56) - age   6:      18896 bytes,      40576 total
[2022-06-28T07:29:24.493+0000][7][gc,age      ] GC(56) - age   7:       3840 bytes,      44416 total
[2022-06-28T07:29:24.493+0000][7][gc,age      ] GC(56) - age   8:       1608 bytes,      46024 total
[2022-06-28T07:29:24.493+0000][7][gc,age      ] GC(56) - age   9:       3328 bytes,      49352 total
[2022-06-28T07:29:24.493+0000][7][gc,age      ] GC(56) - age  10:       2648 bytes,      52000 total
[2022-06-28T07:29:24.493+0000][7][gc,age      ] GC(56) - age  11:      14952 bytes,      66952 total
[2022-06-28T07:29:24.493+0000][7][gc,age      ] GC(56) - age  12:       5920 bytes,      72872 total
[2022-06-28T07:29:24.493+0000][7][gc,age      ] GC(56) - age  13:       5056 bytes,      77928 total
[2022-06-28T07:29:24.493+0000][7][gc,age      ] GC(56) - age  14:     102816 bytes,     180744 total
[2022-06-28T07:29:24.493+0000][7][gc,age      ] GC(56) - age  15:       7064 bytes,     187808 total
[2022-06-28T07:29:24.493+0000][7][gc,heap     ] GC(56) Eden regions: 29->0(29)
[2022-06-28T07:29:24.493+0000][7][gc,heap     ] GC(56) Survivor regions: 1->1(4)
[2022-06-28T07:29:24.493+0000][7][gc,heap     ] GC(56) Old regions: 19->19
[2022-06-28T07:29:24.493+0000][7][gc,heap     ] GC(56) Archive regions: 2->2
[2022-06-28T07:29:24.493+0000][7][gc,heap     ] GC(56) Humongous regions: 2->2
[2022-06-28T07:29:24.493+0000][7][gc,metaspace] GC(56) Metaspace: 102154K(106368K)->102154K(106368K) NonClass: 88472K(90880K)->88472K(90880K) Class: 13681K(15488K)->13681K(15488K)
[2022-06-28T07:29:24.493+0000][7][gc          ] GC(56) Pause Young (Normal) (G1 Evacuation Pause) 200M->85M(256M) 4.100ms
[2022-06-28T07:29:24.493+0000][7][gc,cpu      ] GC(56) User=0.01s Sys=0.00s Real=0.00s
[2022-06-28T07:29:24.493+0000][7][safepoint   ] Safepoint "G1CollectForAllocation", Time since last: 17810262820 ns, Reaching safepoint: 25904 ns, At safepoint: 4150402 ns, Total: 4176306 ns
[2022-06-28T07:30:10.498+0000][7][safepoint   ] Safepoint "Cleanup", Time since last: 46005076805 ns, Reaching safepoint: 40027 ns, At safepoint: 5074 ns, Total: 45101 ns
[2022-06-28T07:30:34.501+0000][7][safepoint   ] Safepoint "Cleanup", Time since last: 24002461956 ns, Reaching safepoint: 37607 ns, At safepoint: 4675 ns, Total: 42282 ns
[2022-06-28T07:30:38.501+0000][7][safepoint   ] Safepoint "Cleanup", Time since last: 4000448768 ns, Reaching safepoint: 38131 ns, At safepoint: 4630 ns, Total: 42761 ns
[2022-06-28T07:30:49.502+0000][7][safepoint   ] Safepoint "Cleanup", Time since last: 11001160145 ns, Reaching safepoint: 35252 ns, At safepoint: 5008 ns, Total: 40260 ns
[2022-06-28T07:30:55.503+0000][7][safepoint   ] Safepoint "Cleanup", Time since last: 6000649636 ns, Reaching safepoint: 36273 ns, At safepoint: 4783 ns, Total: 41056 ns
[2022-06-28T07:31:04.504+0000][7][safepoint   ] Safepoint "Cleanup", Time since last: 9000881906 ns, Reaching safepoint: 36385 ns, At safepoint: 5062 ns, Total: 41447 ns
[2022-06-28T07:31:29.608+0000][7][gc,start    ] GC(57) Pause Young (Concurrent Start) (G1 Evacuation Pause)
[2022-06-28T07:31:29.608+0000][7][gc,task     ] GC(57) Using 1 workers of 1 for evacuation
[2022-06-28T07:31:29.608+0000][7][gc,age      ] GC(57) Desired survivor size 8388608 bytes, new threshold 15 (max threshold 15)
[2022-06-28T07:31:29.612+0000][7][gc,phases   ] GC(57)   Pre Evacuate Collection Set: 0.2ms
[2022-06-28T07:31:29.612+0000][7][gc,phases   ] GC(57)   Merge Heap Roots: 0.0ms
[2022-06-28T07:31:29.612+0000][7][gc,phases   ] GC(57)   Evacuate Collection Set: 2.4ms
[2022-06-28T07:31:29.612+0000][7][gc,phases   ] GC(57)   Post Evacuate Collection Set: 0.9ms
[2022-06-28T07:31:29.612+0000][7][gc,phases   ] GC(57)   Other: 0.1ms
[2022-06-28T07:31:29.612+0000][7][gc,age      ] GC(57) Age table with threshold 15 (max threshold 15)
[2022-06-28T07:31:29.612+0000][7][gc,age      ] GC(57) - age   1:      10520 bytes,      10520 total
[2022-06-28T07:31:29.612+0000][7][gc,age      ] GC(57) - age   2:       1480 bytes,      12000 total
[2022-06-28T07:31:29.612+0000][7][gc,age      ] GC(57) - age   3:       4544 bytes,      16544 total
[2022-06-28T07:31:29.612+0000][7][gc,age      ] GC(57) - age   4:        808 bytes,      17352 total
[2022-06-28T07:31:29.612+0000][7][gc,age      ] GC(57) - age   5:       2744 bytes,      20096 total
[2022-06-28T07:31:29.612+0000][7][gc,age      ] GC(57) - age   6:       2320 bytes,      22416 total
[2022-06-28T07:31:29.612+0000][7][gc,age      ] GC(57) - age   7:      18896 bytes,      41312 total
[2022-06-28T07:31:29.612+0000][7][gc,age      ] GC(57) - age   8:       3840 bytes,      45152 total
[2022-06-28T07:31:29.612+0000][7][gc,age      ] GC(57) - age   9:       1608 bytes,      46760 total
[2022-06-28T07:31:29.612+0000][7][gc,age      ] GC(57) - age  10:       3328 bytes,      50088 total
[2022-06-28T07:31:29.612+0000][7][gc,age      ] GC(57) - age  11:       2648 bytes,      52736 total
[2022-06-28T07:31:29.612+0000][7][gc,age      ] GC(57) - age  12:      14952 bytes,      67688 total
[2022-06-28T07:31:29.612+0000][7][gc,age      ] GC(57) - age  13:       5920 bytes,      73608 total
[2022-06-28T07:31:29.612+0000][7][gc,age      ] GC(57) - age  14:       5056 bytes,      78664 total
[2022-06-28T07:31:29.612+0000][7][gc,age      ] GC(57) - age  15:     102816 bytes,     181480 total
[2022-06-28T07:31:29.612+0000][7][gc,heap     ] GC(57) Eden regions: 29->0(29)
[2022-06-28T07:31:29.612+0000][7][gc,heap     ] GC(57) Survivor regions: 1->1(4)
[2022-06-28T07:31:29.612+0000][7][gc,heap     ] GC(57) Old regions: 19->19
[2022-06-28T07:31:29.612+0000][7][gc,heap     ] GC(57) Archive regions: 2->2
[2022-06-28T07:31:29.612+0000][7][gc,heap     ] GC(57) Humongous regions: 2->2
[2022-06-28T07:31:29.612+0000][7][gc,metaspace] GC(57) Metaspace: 102157K(106368K)->102157K(106368K) NonClass: 88475K(90880K)->88475K(90880K) Class: 13681K(15488K)->13681K(15488K)
[2022-06-28T07:31:29.612+0000][7][gc          ] GC(57) Pause Young (Concurrent Start) (G1 Evacuation Pause) 201M->85M(256M) 3.813ms
[2022-06-28T07:31:29.612+0000][7][gc,cpu      ] GC(57) User=0.00s Sys=0.00s Real=0.00s
[2022-06-28T07:31:29.612+0000][7][safepoint   ] Safepoint "G1CollectForAllocation", Time since last: 25103963964 ns, Reaching safepoint: 23872 ns, At safepoint: 3856409 ns, Total: 3880281 ns
[2022-06-28T07:31:29.612+0000][7][gc          ] GC(58) Concurrent Mark Cycle
[2022-06-28T07:31:29.612+0000][7][gc,marking  ] GC(58) Concurrent Clear Claimed Marks
[2022-06-28T07:31:29.612+0000][7][gc,marking  ] GC(58) Concurrent Clear Claimed Marks 0.036ms
[2022-06-28T07:31:29.612+0000][7][gc,marking  ] GC(58) Concurrent Scan Root Regions
[2022-06-28T07:31:29.613+0000][7][gc,marking  ] GC(58) Concurrent Scan Root Regions 0.793ms
[2022-06-28T07:31:29.613+0000][7][gc,marking  ] GC(58) Concurrent Mark
[2022-06-28T07:31:29.613+0000][7][gc,marking  ] GC(58) Concurrent Mark From Roots
[2022-06-28T07:31:29.613+0000][7][gc,task     ] GC(58) Using 1 workers of 1 for marking
[2022-06-28T07:31:29.739+0000][7][gc,marking  ] GC(58) Concurrent Mark From Roots 125.933ms
[2022-06-28T07:31:29.739+0000][7][gc,marking  ] GC(58) Concurrent Preclean
[2022-06-28T07:31:29.739+0000][7][gc,marking  ] GC(58) Concurrent Preclean 0.124ms
[2022-06-28T07:31:29.739+0000][7][gc,start    ] GC(58) Pause Remark
[2022-06-28T07:31:29.765+0000][7][gc          ] GC(58) Pause Remark 86M->86M(256M) 26.353ms
[2022-06-28T07:31:29.765+0000][7][gc,cpu      ] GC(58) User=0.02s Sys=0.00s Real=0.02s
[2022-06-28T07:31:29.765+0000][7][safepoint   ] Safepoint "G1Concurrent", Time since last: 127051410 ns, Reaching safepoint: 23958 ns, At safepoint: 26451041 ns, Total: 26474999 ns
[2022-06-28T07:31:29.767+0000][7][gc,marking  ] GC(58) Concurrent Mark 154.347ms
[2022-06-28T07:31:29.767+0000][7][gc,marking  ] GC(58) Concurrent Rebuild Remembered Sets
[2022-06-28T07:31:29.853+0000][7][gc,marking  ] GC(58) Concurrent Rebuild Remembered Sets 85.435ms
[2022-06-28T07:31:29.853+0000][7][gc,start    ] GC(58) Pause Cleanup
[2022-06-28T07:31:29.853+0000][7][gc          ] GC(58) Pause Cleanup 87M->87M(256M) 0.067ms
[2022-06-28T07:31:29.853+0000][7][gc,cpu      ] GC(58) User=0.00s Sys=0.00s Real=0.00s
[2022-06-28T07:31:29.853+0000][7][safepoint   ] Safepoint "G1Concurrent", Time since last: 87235059 ns, Reaching safepoint: 21396 ns, At safepoint: 101781 ns, Total: 123177 ns
[2022-06-28T07:31:29.853+0000][7][gc,marking  ] GC(58) Concurrent Cleanup for Next Mark
[2022-06-28T07:31:29.854+0000][7][gc,marking  ] GC(58) Concurrent Cleanup for Next Mark 0.836ms
[2022-06-28T07:31:29.854+0000][7][gc          ] GC(58) Concurrent Mark Cycle 241.722ms
[2022-06-28T07:31:33.853+0000][7][safepoint   ] Safepoint "Cleanup", Time since last: 4000419531 ns, Reaching safepoint: 84054 ns, At safepoint: 14463 ns, Total: 98517 ns
[2022-06-28T07:32:39.861+0000][7][safepoint   ] Safepoint "Cleanup", Time since last: 66008102036 ns, Reaching safepoint: 36402 ns, At safepoint: 4366 ns, Total: 40768 ns
[2022-06-28T07:33:04.865+0000][7][safepoint   ] Safepoint "Cleanup", Time since last: 25003778186 ns, Reaching safepoint: 40438 ns, At safepoint: 9926 ns, Total: 50364 ns
[2022-06-28T07:33:30.868+0000][7][safepoint   ] Safepoint "Cleanup", Time since last: 26002831738 ns, Reaching safepoint: 38483 ns, At safepoint: 4850 ns, Total: 43333 ns
[2022-06-28T07:33:34.728+0000][7][gc,start    ] GC(59) Pause Young (Normal) (G1 Evacuation Pause)
[2022-06-28T07:33:34.728+0000][7][gc,task     ] GC(59) Using 1 workers of 1 for evacuation
[2022-06-28T07:33:34.728+0000][7][gc,age      ] GC(59) Desired survivor size 8388608 bytes, new threshold 15 (max threshold 15)
[2022-06-28T07:33:34.731+0000][7][gc,phases   ] GC(59)   Pre Evacuate Collection Set: 0.0ms
[2022-06-28T07:33:34.731+0000][7][gc,phases   ] GC(59)   Merge Heap Roots: 0.1ms
[2022-06-28T07:33:34.731+0000][7][gc,phases   ] GC(59)   Evacuate Collection Set: 2.4ms
[2022-06-28T07:33:34.731+0000][7][gc,phases   ] GC(59)   Post Evacuate Collection Set: 0.8ms
[2022-06-28T07:33:34.732+0000][7][gc,phases   ] GC(59)   Other: 0.1ms
[2022-06-28T07:33:34.732+0000][7][gc,age      ] GC(59) Age table with threshold 15 (max threshold 15)
[2022-06-28T07:33:34.732+0000][7][gc,age      ] GC(59) - age   1:      10312 bytes,      10312 total
[2022-06-28T07:33:34.732+0000][7][gc,age      ] GC(59) - age   2:        960 bytes,      11272 total
[2022-06-28T07:33:34.732+0000][7][gc,age      ] GC(59) - age   3:       1480 bytes,      12752 total
[2022-06-28T07:33:34.732+0000][7][gc,age      ] GC(59) - age   4:       4544 bytes,      17296 total
[2022-06-28T07:33:34.732+0000][7][gc,age      ] GC(59) - age   5:        808 bytes,      18104 total
[2022-06-28T07:33:34.732+0000][7][gc,age      ] GC(59) - age   6:       2744 bytes,      20848 total
[2022-06-28T07:33:34.732+0000][7][gc,age      ] GC(59) - age   7:       2320 bytes,      23168 total
[2022-06-28T07:33:34.732+0000][7][gc,age      ] GC(59) - age   8:      18696 bytes,      41864 total
[2022-06-28T07:33:34.732+0000][7][gc,age      ] GC(59) - age   9:       3840 bytes,      45704 total
[2022-06-28T07:33:34.732+0000][7][gc,age      ] GC(59) - age  10:       1608 bytes,      47312 total
[2022-06-28T07:33:34.732+0000][7][gc,age      ] GC(59) - age  11:       3328 bytes,      50640 total
[2022-06-28T07:33:34.732+0000][7][gc,age      ] GC(59) - age  12:       2648 bytes,      53288 total
[2022-06-28T07:33:34.732+0000][7][gc,age      ] GC(59) - age  13:      14952 bytes,      68240 total
[2022-06-28T07:33:34.732+0000][7][gc,age      ] GC(59) - age  14:       5920 bytes,      74160 total
[2022-06-28T07:33:34.732+0000][7][gc,age      ] GC(59) - age  15:       5056 bytes,      79216 total
[2022-06-28T07:33:34.732+0000][7][gc,heap     ] GC(59) Eden regions: 29->0(29)
[2022-06-28T07:33:34.732+0000][7][gc,heap     ] GC(59) Survivor regions: 1->1(4)
[2022-06-28T07:33:34.732+0000][7][gc,heap     ] GC(59) Old regions: 19->19
[2022-06-28T07:33:34.732+0000][7][gc,heap     ] GC(59) Archive regions: 2->2
[2022-06-28T07:33:34.732+0000][7][gc,heap     ] GC(59) Humongous regions: 2->2
[2022-06-28T07:33:34.732+0000][7][gc,metaspace] GC(59) Metaspace: 102157K(106368K)->102157K(106368K) NonClass: 88477K(90880K)->88477K(90880K) Class: 13680K(15488K)->13680K(15488K)
[2022-06-28T07:33:34.732+0000][7][gc          ] GC(59) Pause Young (Normal) (G1 Evacuation Pause) 201M->85M(256M) 3.701ms
[2022-06-28T07:33:34.732+0000][7][gc,cpu      ] GC(59) User=0.00s Sys=0.00s Real=0.00s
[2022-06-28T07:33:34.732+0000][7][safepoint   ] Safepoint "G1CollectForAllocation", Time since last: 3859718135 ns, Reaching safepoint: 31272 ns, At safepoint: 3745334 ns, Total: 3776606 ns
[2022-06-28T07:34:06.735+0000][7][safepoint   ] Safepoint "Cleanup", Time since last: 32003417483 ns, Reaching safepoint: 39809 ns, At safepoint: 5297 ns, Total: 45106 ns
[2022-06-28T07:35:23.743+0000][7][safepoint   ] Safepoint "Cleanup", Time since last: 77007910514 ns, Reaching safepoint: 44467 ns, At safepoint: 4942 ns, Total: 49409 ns
[2022-06-28T07:35:33.744+0000][7][safepoint   ] Safepoint "Cleanup", Time since last: 10001117667 ns, Reaching safepoint: 36713 ns, At safepoint: 4970 ns, Total: 41683 ns
[2022-06-28T07:35:39.745+0000][7][safepoint   ] Safepoint "Cleanup", Time since last: 6000696475 ns, Reaching safepoint: 37405 ns, At safepoint: 5595 ns, Total: 43000 ns
[2022-06-28T07:35:39.843+0000][7][gc,start    ] GC(60) Pause Young (Concurrent Start) (G1 Evacuation Pause)
[2022-06-28T07:35:39.843+0000][7][gc,task     ] GC(60) Using 1 workers of 1 for evacuation
[2022-06-28T07:35:39.843+0000][7][gc,age      ] GC(60) Desired survivor size 8388608 bytes, new threshold 15 (max threshold 15)
[2022-06-28T07:35:39.846+0000][7][gc,phases   ] GC(60)   Pre Evacuate Collection Set: 0.2ms
[2022-06-28T07:35:39.846+0000][7][gc,phases   ] GC(60)   Merge Heap Roots: 0.0ms
[2022-06-28T07:35:39.846+0000][7][gc,phases   ] GC(60)   Evacuate Collection Set: 1.7ms
[2022-06-28T07:35:39.846+0000][7][gc,phases   ] GC(60)   Post Evacuate Collection Set: 0.8ms
[2022-06-28T07:35:39.846+0000][7][gc,phases   ] GC(60)   Other: 0.1ms
[2022-06-28T07:35:39.846+0000][7][gc,age      ] GC(60) Age table with threshold 15 (max threshold 15)
[2022-06-28T07:35:39.846+0000][7][gc,age      ] GC(60) - age   1:       9952 bytes,       9952 total
[2022-06-28T07:35:39.846+0000][7][gc,age      ] GC(60) - age   2:        200 bytes,      10152 total
[2022-06-28T07:35:39.846+0000][7][gc,age      ] GC(60) - age   3:        960 bytes,      11112 total
[2022-06-28T07:35:39.846+0000][7][gc,age      ] GC(60) - age   4:       1480 bytes,      12592 total
[2022-06-28T07:35:39.846+0000][7][gc,age      ] GC(60) - age   5:       4544 bytes,      17136 total
[2022-06-28T07:35:39.846+0000][7][gc,age      ] GC(60) - age   6:        808 bytes,      17944 total
[2022-06-28T07:35:39.846+0000][7][gc,age      ] GC(60) - age   7:       2744 bytes,      20688 total
[2022-06-28T07:35:39.846+0000][7][gc,age      ] GC(60) - age   8:       2120 bytes,      22808 total
[2022-06-28T07:35:39.846+0000][7][gc,age      ] GC(60) - age   9:      18696 bytes,      41504 total
[2022-06-28T07:35:39.846+0000][7][gc,age      ] GC(60) - age  10:       3840 bytes,      45344 total
[2022-06-28T07:35:39.846+0000][7][gc,age      ] GC(60) - age  11:       1608 bytes,      46952 total
[2022-06-28T07:35:39.846+0000][7][gc,age      ] GC(60) - age  12:       3328 bytes,      50280 total
[2022-06-28T07:35:39.846+0000][7][gc,age      ] GC(60) - age  13:       2648 bytes,      52928 total
[2022-06-28T07:35:39.846+0000][7][gc,age      ] GC(60) - age  14:      14952 bytes,      67880 total
[2022-06-28T07:35:39.846+0000][7][gc,age      ] GC(60) - age  15:       5920 bytes,      73800 total
[2022-06-28T07:35:39.846+0000][7][gc,heap     ] GC(60) Eden regions: 29->0(29)
[2022-06-28T07:35:39.846+0000][7][gc,heap     ] GC(60) Survivor regions: 1->1(4)
[2022-06-28T07:35:39.846+0000][7][gc,heap     ] GC(60) Old regions: 19->19
[2022-06-28T07:35:39.846+0000][7][gc,heap     ] GC(60) Archive regions: 2->2
[2022-06-28T07:35:39.846+0000][7][gc,heap     ] GC(60) Humongous regions: 2->2
[2022-06-28T07:35:39.846+0000][7][gc,metaspace] GC(60) Metaspace: 102169K(106368K)->102169K(106368K) NonClass: 88489K(90880K)->88489K(90880K) Class: 13680K(15488K)->13680K(15488K)
[2022-06-28T07:35:39.846+0000][7][gc          ] GC(60) Pause Young (Concurrent Start) (G1 Evacuation Pause) 201M->85M(256M) 3.074ms
[2022-06-28T07:35:39.846+0000][7][gc,cpu      ] GC(60) User=0.00s Sys=0.00s Real=0.00s
[2022-06-28T07:35:39.846+0000][7][safepoint   ] Safepoint "G1CollectForAllocation", Time since last: 98219224 ns, Reaching safepoint: 21567 ns, At safepoint: 3120614 ns, Total: 3142181 ns
[2022-06-28T07:35:39.846+0000][7][gc          ] GC(61) Concurrent Mark Cycle
[2022-06-28T07:35:39.846+0000][7][gc,marking  ] GC(61) Concurrent Clear Claimed Marks
[2022-06-28T07:35:39.846+0000][7][gc,marking  ] GC(61) Concurrent Clear Claimed Marks 0.038ms
[2022-06-28T07:35:39.847+0000][7][gc,marking  ] GC(61) Concurrent Scan Root Regions
[2022-06-28T07:35:39.847+0000][7][gc,marking  ] GC(61) Concurrent Scan Root Regions 0.702ms
[2022-06-28T07:35:39.847+0000][7][gc,marking  ] GC(61) Concurrent Mark
[2022-06-28T07:35:39.847+0000][7][gc,marking  ] GC(61) Concurrent Mark From Roots
[2022-06-28T07:35:39.847+0000][7][gc,task     ] GC(61) Using 1 workers of 1 for marking
[2022-06-28T07:35:39.963+0000][7][gc,marking  ] GC(61) Concurrent Mark From Roots 116.164ms
[2022-06-28T07:35:39.963+0000][7][gc,marking  ] GC(61) Concurrent Preclean
[2022-06-28T07:35:39.964+0000][7][gc,marking  ] GC(61) Concurrent Preclean 0.134ms
[2022-06-28T07:35:39.964+0000][7][gc,start    ] GC(61) Pause Remark
[2022-06-28T07:35:39.977+0000][7][gc          ] GC(61) Pause Remark 86M->86M(256M) 13.659ms
[2022-06-28T07:35:39.977+0000][7][gc,cpu      ] GC(61) User=0.01s Sys=0.00s Real=0.02s
[2022-06-28T07:35:39.977+0000][7][safepoint   ] Safepoint "G1Concurrent", Time since last: 117229884 ns, Reaching safepoint: 24594 ns, At safepoint: 13754189 ns, Total: 13778783 ns
[2022-06-28T07:35:39.977+0000][7][gc,marking  ] GC(61) Concurrent Mark 130.191ms
[2022-06-28T07:35:39.977+0000][7][gc,marking  ] GC(61) Concurrent Rebuild Remembered Sets
[2022-06-28T07:35:40.044+0000][7][gc,marking  ] GC(61) Concurrent Rebuild Remembered Sets 66.204ms
[2022-06-28T07:35:40.044+0000][7][gc,start    ] GC(61) Pause Cleanup
[2022-06-28T07:35:40.044+0000][7][gc          ] GC(61) Pause Cleanup 86M->86M(256M) 0.049ms
[2022-06-28T07:35:40.044+0000][7][gc,cpu      ] GC(61) User=0.00s Sys=0.00s Real=0.00s
[2022-06-28T07:35:40.044+0000][7][safepoint   ] Safepoint "G1Concurrent", Time since last: 66299102 ns, Reaching safepoint: 22868 ns, At safepoint: 82946 ns, Total: 105814 ns
[2022-06-28T07:35:40.044+0000][7][gc,marking  ] GC(61) Concurrent Cleanup for Next Mark
[2022-06-28T07:35:40.044+0000][7][gc,marking  ] GC(61) Concurrent Cleanup for Next Mark 0.651ms
[2022-06-28T07:35:40.044+0000][7][gc          ] GC(61) Concurrent Mark Cycle 198.061ms
[2022-06-28T07:36:06.053+0000][7][safepoint   ] Safepoint "Cleanup", Time since last: 26009007094 ns, Reaching safepoint: 33607 ns, At safepoint: 4198 ns, Total: 37805 ns
[2022-06-28T07:36:07.053+0000][7][safepoint   ] Safepoint "Cleanup", Time since last: 1000186186 ns, Reaching safepoint: 63515 ns, At safepoint: 7817 ns, Total: 71332 ns
[2022-06-28T07:36:32.056+0000][7][safepoint   ] Safepoint "Cleanup", Time since last: 25002661704 ns, Reaching safepoint: 37871 ns, At safepoint: 4559 ns, Total: 42430 ns
[2022-06-28T07:36:35.056+0000][7][safepoint   ] Safepoint "Cleanup", Time since last: 3000317078 ns, Reaching safepoint: 53677 ns, At safepoint: 4556 ns, Total: 58233 ns
[2022-06-28T07:36:39.057+0000][7][safepoint   ] Safepoint "Cleanup", Time since last: 4000635855 ns, Reaching safepoint: 59155 ns, At safepoint: 4804 ns, Total: 63959 ns
[2022-06-28T07:36:40.057+0000][7][safepoint   ] Safepoint "Cleanup", Time since last: 1000179110 ns, Reaching safepoint: 44641 ns, At safepoint: 5030 ns, Total: 49671 ns
[2022-06-28T07:36:50.058+0000][7][safepoint   ] Safepoint "Cleanup", Time since last: 10001113875 ns, Reaching safepoint: 38277 ns, At safepoint: 4869 ns, Total: 43146 ns
[2022-06-28T07:37:05.060+0000][7][safepoint   ] Safepoint "Cleanup", Time since last: 15001851429 ns, Reaching safepoint: 42572 ns, At safepoint: 5017 ns, Total: 47589 ns
[2022-06-28T07:37:06.060+0000][7][safepoint   ] Safepoint "Cleanup", Time since last: 1000150530 ns, Reaching safepoint: 29970 ns, At safepoint: 4264 ns, Total: 34234 ns
[2022-06-28T07:37:12.061+0000][7][safepoint   ] Safepoint "Cleanup", Time since last: 6000782961 ns, Reaching safepoint: 40455 ns, At safepoint: 5221 ns, Total: 45676 ns
[2022-06-28T07:37:21.062+0000][7][safepoint   ] Safepoint "Cleanup", Time since last: 9001036333 ns, Reaching safepoint: 39243 ns, At safepoint: 4492 ns, Total: 43735 ns
[2022-06-28T07:37:22.062+0000][7][safepoint   ] Safepoint "Cleanup", Time since last: 1000187978 ns, Reaching safepoint: 41623 ns, At safepoint: 4402 ns, Total: 46025 ns
[2022-06-28T07:37:31.064+0000][7][safepoint   ] Safepoint "Cleanup", Time since last: 9001123921 ns, Reaching safepoint: 38092 ns, At safepoint: 4795 ns, Total: 42887 ns
[2022-06-28T07:37:33.064+0000][7][safepoint   ] Safepoint "Cleanup", Time since last: 2000218004 ns, Reaching safepoint: 38392 ns, At safepoint: 4763 ns, Total: 43155 ns
[2022-06-28T07:37:34.064+0000][7][safepoint   ] Safepoint "Cleanup", Time since last: 1000173313 ns, Reaching safepoint: 38317 ns, At safepoint: 4955 ns, Total: 43272 ns
[2022-06-28T07:37:36.064+0000][7][safepoint   ] Safepoint "Cleanup", Time since last: 2000264915 ns, Reaching safepoint: 36764 ns, At safepoint: 4710 ns, Total: 41474 ns
[2022-06-28T07:37:44.959+0000][7][gc,start    ] GC(62) Pause Young (Normal) (G1 Evacuation Pause)
[2022-06-28T07:37:44.959+0000][7][gc,task     ] GC(62) Using 1 workers of 1 for evacuation
[2022-06-28T07:37:44.959+0000][7][gc,age      ] GC(62) Desired survivor size 8388608 bytes, new threshold 15 (max threshold 15)
[2022-06-28T07:37:44.962+0000][7][gc,phases   ] GC(62)   Pre Evacuate Collection Set: 0.0ms
[2022-06-28T07:37:44.962+0000][7][gc,phases   ] GC(62)   Merge Heap Roots: 0.1ms
[2022-06-28T07:37:44.962+0000][7][gc,phases   ] GC(62)   Evacuate Collection Set: 2.0ms
[2022-06-28T07:37:44.962+0000][7][gc,phases   ] GC(62)   Post Evacuate Collection Set: 0.9ms
[2022-06-28T07:37:44.962+0000][7][gc,phases   ] GC(62)   Other: 0.1ms
[2022-06-28T07:37:44.962+0000][7][gc,age      ] GC(62) Age table with threshold 15 (max threshold 15)
[2022-06-28T07:37:44.962+0000][7][gc,age      ] GC(62) - age   1:      17816 bytes,      17816 total
[2022-06-28T07:37:44.962+0000][7][gc,age      ] GC(62) - age   2:        272 bytes,      18088 total
[2022-06-28T07:37:44.962+0000][7][gc,age      ] GC(62) - age   3:        200 bytes,      18288 total
[2022-06-28T07:37:44.962+0000][7][gc,age      ] GC(62) - age   4:        960 bytes,      19248 total
[2022-06-28T07:37:44.962+0000][7][gc,age      ] GC(62) - age   5:       1280 bytes,      20528 total
[2022-06-28T07:37:44.962+0000][7][gc,age      ] GC(62) - age   6:       3968 bytes,      24496 total
[2022-06-28T07:37:44.962+0000][7][gc,age      ] GC(62) - age   7:        808 bytes,      25304 total
[2022-06-28T07:37:44.962+0000][7][gc,age      ] GC(62) - age   8:       2744 bytes,      28048 total
[2022-06-28T07:37:44.962+0000][7][gc,age      ] GC(62) - age   9:       2120 bytes,      30168 total
[2022-06-28T07:37:44.962+0000][7][gc,age      ] GC(62) - age  10:      18696 bytes,      48864 total
[2022-06-28T07:37:44.962+0000][7][gc,age      ] GC(62) - age  11:       3840 bytes,      52704 total
[2022-06-28T07:37:44.962+0000][7][gc,age      ] GC(62) - age  12:       1608 bytes,      54312 total
[2022-06-28T07:37:44.962+0000][7][gc,age      ] GC(62) - age  13:       3328 bytes,      57640 total
[2022-06-28T07:37:44.962+0000][7][gc,age      ] GC(62) - age  14:       2648 bytes,      60288 total
[2022-06-28T07:37:44.962+0000][7][gc,age      ] GC(62) - age  15:      14952 bytes,      75240 total
[2022-06-28T07:37:44.962+0000][7][gc,heap     ] GC(62) Eden regions: 29->0(29)
[2022-06-28T07:37:44.962+0000][7][gc,heap     ] GC(62) Survivor regions: 1->1(4)
[2022-06-28T07:37:44.962+0000][7][gc,heap     ] GC(62) Old regions: 19->19
[2022-06-28T07:37:44.962+0000][7][gc,heap     ] GC(62) Archive regions: 2->2
[2022-06-28T07:37:44.962+0000][7][gc,heap     ] GC(62) Humongous regions: 2->2
[2022-06-28T07:37:44.962+0000][7][gc,metaspace] GC(62) Metaspace: 102204K(106368K)->102204K(106368K) NonClass: 88524K(90880K)->88524K(90880K) Class: 13680K(15488K)->13680K(15488K)
[2022-06-28T07:37:44.962+0000][7][gc          ] GC(62) Pause Young (Normal) (G1 Evacuation Pause) 201M->85M(256M) 3.246ms
[2022-06-28T07:37:44.962+0000][7][gc,cpu      ] GC(62) User=0.00s Sys=0.00s Real=0.00s
[2022-06-28T07:37:44.962+0000][7][safepoint   ] Safepoint "G1CollectForAllocation", Time since last: 8894565113 ns, Reaching safepoint: 25271 ns, At safepoint: 3298791 ns, Total: 3324062 ns
[2022-06-28T07:37:50.963+0000][7][safepoint   ] Safepoint "Cleanup", Time since last: 6000581776 ns, Reaching safepoint: 38751 ns, At safepoint: 5095 ns, Total: 43846 ns
[2022-06-28T07:38:00.964+0000][7][safepoint   ] Safepoint "Cleanup", Time since last: 10001015410 ns, Reaching safepoint: 38020 ns, At safepoint: 4655 ns, Total: 42675 ns
[2022-06-28T07:38:03.964+0000][7][safepoint   ] Safepoint "Cleanup", Time since last: 3000319135 ns, Reaching safepoint: 41461 ns, At safepoint: 5111 ns, Total: 46572 ns
[2022-06-28T07:38:07.965+0000][7][safepoint   ] Safepoint "Cleanup", Time since last: 4000443191 ns, Reaching safepoint: 36256 ns, At safepoint: 4764 ns, Total: 41020 ns
[2022-06-28T07:38:33.968+0000][7][safepoint   ] Safepoint "Cleanup", Time since last: 26002606237 ns, Reaching safepoint: 36915 ns, At safepoint: 4467 ns, Total: 41382 ns
[2022-06-28T07:38:41.969+0000][7][safepoint   ] Safepoint "Cleanup", Time since last: 8000963841 ns, Reaching safepoint: 38525 ns, At safepoint: 5090 ns, Total: 43615 ns
[2022-06-28T07:39:09.377+0000][7][safepoint   ] Safepoint "Cleanup", Time since last: 27408623824 ns, Reaching safepoint: 61670 ns, At safepoint: 4590 ns, Total: 66260 ns
[2022-06-28T07:39:32.380+0000][7][safepoint   ] Safepoint "Cleanup", Time since last: 23002405269 ns, Reaching safepoint: 28641 ns, At safepoint: 3680 ns, Total: 32321 ns
[2022-06-28T07:39:33.380+0000][7][safepoint   ] Safepoint "Cleanup", Time since last: 1000130788 ns, Reaching safepoint: 30967 ns, At safepoint: 4365 ns, Total: 35332 ns
[2022-06-28T07:39:47.132+0000][7][safepoint   ] Safepoint "Cleanup", Time since last: 13752519117 ns, Reaching safepoint: 48921 ns, At safepoint: 5161 ns, Total: 54082 ns
[2022-06-28T07:39:50.075+0000][7][gc,start    ] GC(63) Pause Young (Concurrent Start) (G1 Evacuation Pause)
[2022-06-28T07:39:50.075+0000][7][gc,task     ] GC(63) Using 1 workers of 1 for evacuation
[2022-06-28T07:39:50.075+0000][7][gc,age      ] GC(63) Desired survivor size 8388608 bytes, new threshold 15 (max threshold 15)
[2022-06-28T07:39:50.078+0000][7][gc,phases   ] GC(63)   Pre Evacuate Collection Set: 0.2ms
[2022-06-28T07:39:50.078+0000][7][gc,phases   ] GC(63)   Merge Heap Roots: 0.0ms
[2022-06-28T07:39:50.078+0000][7][gc,phases   ] GC(63)   Evacuate Collection Set: 1.7ms
[2022-06-28T07:39:50.078+0000][7][gc,phases   ] GC(63)   Post Evacuate Collection Set: 0.8ms
[2022-06-28T07:39:50.078+0000][7][gc,phases   ] GC(63)   Other: 0.1ms
[2022-06-28T07:39:50.078+0000][7][gc,age      ] GC(63) Age table with threshold 15 (max threshold 15)
[2022-06-28T07:39:50.078+0000][7][gc,age      ] GC(63) - age   1:      16880 bytes,      16880 total
[2022-06-28T07:39:50.078+0000][7][gc,age      ] GC(63) - age   2:       7952 bytes,      24832 total
[2022-06-28T07:39:50.078+0000][7][gc,age      ] GC(63) - age   3:        272 bytes,      25104 total
[2022-06-28T07:39:50.078+0000][7][gc,age      ] GC(63) - age   4:        200 bytes,      25304 total
[2022-06-28T07:39:50.078+0000][7][gc,age      ] GC(63) - age   5:        960 bytes,      26264 total
[2022-06-28T07:39:50.078+0000][7][gc,age      ] GC(63) - age   6:       1280 bytes,      27544 total
[2022-06-28T07:39:50.078+0000][7][gc,age      ] GC(63) - age   7:       3968 bytes,      31512 total
[2022-06-28T07:39:50.078+0000][7][gc,age      ] GC(63) - age   8:        808 bytes,      32320 total
[2022-06-28T07:39:50.078+0000][7][gc,age      ] GC(63) - age   9:       2744 bytes,      35064 total
[2022-06-28T07:39:50.078+0000][7][gc,age      ] GC(63) - age  10:       2120 bytes,      37184 total
[2022-06-28T07:39:50.078+0000][7][gc,age      ] GC(63) - age  11:      18696 bytes,      55880 total
[2022-06-28T07:39:50.078+0000][7][gc,age      ] GC(63) - age  12:       3840 bytes,      59720 total
[2022-06-28T07:39:50.078+0000][7][gc,age      ] GC(63) - age  13:       1608 bytes,      61328 total
[2022-06-28T07:39:50.078+0000][7][gc,age      ] GC(63) - age  14:       3184 bytes,      64512 total
[2022-06-28T07:39:50.078+0000][7][gc,age      ] GC(63) - age  15:       2648 bytes,      67160 total
[2022-06-28T07:39:50.078+0000][7][gc,heap     ] GC(63) Eden regions: 29->0(29)
[2022-06-28T07:39:50.078+0000][7][gc,heap     ] GC(63) Survivor regions: 1->1(4)
[2022-06-28T07:39:50.078+0000][7][gc,heap     ] GC(63) Old regions: 19->19
[2022-06-28T07:39:50.078+0000][7][gc,heap     ] GC(63) Archive regions: 2->2
[2022-06-28T07:39:50.078+0000][7][gc,heap     ] GC(63) Humongous regions: 2->2
[2022-06-28T07:39:50.078+0000][7][gc,metaspace] GC(63) Metaspace: 102248K(106368K)->102248K(106368K) NonClass: 88567K(90880K)->88567K(90880K) Class: 13680K(15488K)->13680K(15488K)
[2022-06-28T07:39:50.078+0000][7][gc          ] GC(63) Pause Young (Concurrent Start) (G1 Evacuation Pause) 201M->85M(256M) 3.027ms
[2022-06-28T07:39:50.078+0000][7][gc,cpu      ] GC(63) User=0.01s Sys=0.00s Real=0.00s
[2022-06-28T07:39:50.078+0000][7][safepoint   ] Safepoint "G1CollectForAllocation", Time since last: 2942624947 ns, Reaching safepoint: 26203 ns, At safepoint: 3075652 ns, Total: 3101855 ns
[2022-06-28T07:39:50.078+0000][7][gc          ] GC(64) Concurrent Mark Cycle
[2022-06-28T07:39:50.078+0000][7][gc,marking  ] GC(64) Concurrent Clear Claimed Marks
[2022-06-28T07:39:50.078+0000][7][gc,marking  ] GC(64) Concurrent Clear Claimed Marks 0.040ms
[2022-06-28T07:39:50.078+0000][7][gc,marking  ] GC(64) Concurrent Scan Root Regions
[2022-06-28T07:39:50.079+0000][7][gc,marking  ] GC(64) Concurrent Scan Root Regions 0.748ms
[2022-06-28T07:39:50.079+0000][7][gc,marking  ] GC(64) Concurrent Mark
[2022-06-28T07:39:50.079+0000][7][gc,marking  ] GC(64) Concurrent Mark From Roots
[2022-06-28T07:39:50.079+0000][7][gc,task     ] GC(64) Using 1 workers of 1 for marking
[2022-06-28T07:39:50.197+0000][7][gc,marking  ] GC(64) Concurrent Mark From Roots 117.523ms
[2022-06-28T07:39:50.197+0000][7][gc,marking  ] GC(64) Concurrent Preclean
[2022-06-28T07:39:50.197+0000][7][gc,marking  ] GC(64) Concurrent Preclean 0.112ms
[2022-06-28T07:39:50.197+0000][7][gc,start    ] GC(64) Pause Remark
[2022-06-28T07:39:50.209+0000][7][gc          ] GC(64) Pause Remark 88M->88M(256M) 12.141ms
[2022-06-28T07:39:50.209+0000][7][gc,cpu      ] GC(64) User=0.01s Sys=0.00s Real=0.01s
[2022-06-28T07:39:50.209+0000][7][safepoint   ] Safepoint "G1Concurrent", Time since last: 118598897 ns, Reaching safepoint: 24557 ns, At safepoint: 12206833 ns, Total: 12231390 ns
[2022-06-28T07:39:50.209+0000][7][gc,marking  ] GC(64) Concurrent Mark 129.972ms
[2022-06-28T07:39:50.209+0000][7][gc,marking  ] GC(64) Concurrent Rebuild Remembered Sets
[2022-06-28T07:39:50.275+0000][7][gc,marking  ] GC(64) Concurrent Rebuild Remembered Sets 66.290ms
[2022-06-28T07:39:50.275+0000][7][gc,start    ] GC(64) Pause Cleanup
[2022-06-28T07:39:50.275+0000][7][gc          ] GC(64) Pause Cleanup 88M->88M(256M) 0.050ms
[2022-06-28T07:39:50.275+0000][7][gc,cpu      ] GC(64) User=0.00s Sys=0.00s Real=0.00s
[2022-06-28T07:39:50.275+0000][7][safepoint   ] Safepoint "G1Concurrent", Time since last: 66385453 ns, Reaching safepoint: 23415 ns, At safepoint: 85416 ns, Total: 108831 ns
[2022-06-28T07:39:50.275+0000][7][gc,marking  ] GC(64) Concurrent Cleanup for Next Mark
[2022-06-28T07:39:50.276+0000][7][gc,marking  ] GC(64) Concurrent Cleanup for Next Mark 0.664ms
[2022-06-28T07:39:50.276+0000][7][gc          ] GC(64) Concurrent Mark Cycle 197.967ms
[2022-06-28T07:40:01.645+0000][7][safepoint   ] Safepoint "Cleanup", Time since last: 11369171913 ns, Reaching safepoint: 39335 ns, At safepoint: 4604 ns, Total: 43939 ns
[2022-06-28T07:40:07.645+0000][7][safepoint   ] Safepoint "Cleanup", Time since last: 6000679922 ns, Reaching safepoint: 39491 ns, At safepoint: 4639 ns, Total: 44130 ns
[2022-06-28T07:40:32.648+0000][7][safepoint   ] Safepoint "Cleanup", Time since last: 25002530385 ns, Reaching safepoint: 38424 ns, At safepoint: 5201 ns, Total: 43625 ns
[2022-06-28T07:40:40.649+0000][7][safepoint   ] Safepoint "Cleanup", Time since last: 8000953588 ns, Reaching safepoint: 37652 ns, At safepoint: 4829 ns, Total: 42481 ns
[2022-06-28T07:41:17.653+0000][7][safepoint   ] Safepoint "Cleanup", Time since last: 37003640320 ns, Reaching safepoint: 35589 ns, At safepoint: 4323 ns, Total: 39912 ns
[2022-06-28T07:41:31.654+0000][7][safepoint   ] Safepoint "Cleanup", Time since last: 14001574844 ns, Reaching safepoint: 39714 ns, At safepoint: 4468 ns, Total: 44182 ns
[2022-06-28T07:41:33.654+0000][7][safepoint   ] Safepoint "Cleanup", Time since last: 2000221943 ns, Reaching safepoint: 34031 ns, At safepoint: 3841 ns, Total: 37872 ns
[2022-06-28T07:41:55.202+0000][7][gc,start    ] GC(65) Pause Young (Normal) (G1 Evacuation Pause)
[2022-06-28T07:41:55.202+0000][7][gc,task     ] GC(65) Using 1 workers of 1 for evacuation
[2022-06-28T07:41:55.202+0000][7][gc,age      ] GC(65) Desired survivor size 8388608 bytes, new threshold 15 (max threshold 15)
[2022-06-28T07:41:55.205+0000][7][gc,phases   ] GC(65)   Pre Evacuate Collection Set: 0.0ms
[2022-06-28T07:41:55.205+0000][7][gc,phases   ] GC(65)   Merge Heap Roots: 0.1ms
[2022-06-28T07:41:55.205+0000][7][gc,phases   ] GC(65)   Evacuate Collection Set: 1.9ms
[2022-06-28T07:41:55.205+0000][7][gc,phases   ] GC(65)   Post Evacuate Collection Set: 0.8ms
[2022-06-28T07:41:55.205+0000][7][gc,phases   ] GC(65)   Other: 0.1ms
[2022-06-28T07:41:55.205+0000][7][gc,age      ] GC(65) Age table with threshold 15 (max threshold 15)
[2022-06-28T07:41:55.205+0000][7][gc,age      ] GC(65) - age   1:       9200 bytes,       9200 total
[2022-06-28T07:41:55.205+0000][7][gc,age      ] GC(65) - age   2:       6504 bytes,      15704 total
[2022-06-28T07:41:55.205+0000][7][gc,age      ] GC(65) - age   3:       7952 bytes,      23656 total
[2022-06-28T07:41:55.205+0000][7][gc,age      ] GC(65) - age   4:        272 bytes,      23928 total
[2022-06-28T07:41:55.205+0000][7][gc,age      ] GC(65) - age   5:        200 bytes,      24128 total
[2022-06-28T07:41:55.205+0000][7][gc,age      ] GC(65) - age   6:        760 bytes,      24888 total
[2022-06-28T07:41:55.205+0000][7][gc,age      ] GC(65) - age   7:       1280 bytes,      26168 total
[2022-06-28T07:41:55.205+0000][7][gc,age      ] GC(65) - age   8:       3968 bytes,      30136 total
[2022-06-28T07:41:55.205+0000][7][gc,age      ] GC(65) - age   9:        808 bytes,      30944 total
[2022-06-28T07:41:55.205+0000][7][gc,age      ] GC(65) - age  10:       2744 bytes,      33688 total
[2022-06-28T07:41:55.205+0000][7][gc,age      ] GC(65) - age  11:       2120 bytes,      35808 total
[2022-06-28T07:41:55.205+0000][7][gc,age      ] GC(65) - age  12:      18696 bytes,      54504 total
[2022-06-28T07:41:55.205+0000][7][gc,age      ] GC(65) - age  13:       3840 bytes,      58344 total
[2022-06-28T07:41:55.205+0000][7][gc,age      ] GC(65) - age  14:       1608 bytes,      59952 total
[2022-06-28T07:41:55.205+0000][7][gc,age      ] GC(65) - age  15:       3184 bytes,      63136 total
[2022-06-28T07:41:55.205+0000][7][gc,heap     ] GC(65) Eden regions: 29->0(29)
[2022-06-28T07:41:55.205+0000][7][gc,heap     ] GC(65) Survivor regions: 1->1(4)
[2022-06-28T07:41:55.205+0000][7][gc,heap     ] GC(65) Old regions: 19->19
[2022-06-28T07:41:55.205+0000][7][gc,heap     ] GC(65) Archive regions: 2->2
[2022-06-28T07:41:55.205+0000][7][gc,heap     ] GC(65) Humongous regions: 2->2
[2022-06-28T07:41:55.205+0000][7][gc,metaspace] GC(65) Metaspace: 102248K(106368K)->102248K(106368K) NonClass: 88567K(90880K)->88567K(90880K) Class: 13680K(15488K)->13680K(15488K)
[2022-06-28T07:41:55.205+0000][7][gc          ] GC(65) Pause Young (Normal) (G1 Evacuation Pause) 201M->85M(256M) 3.219ms
[2022-06-28T07:41:55.205+0000][7][gc,cpu      ] GC(65) User=0.00s Sys=0.00s Real=0.00s
[2022-06-28T07:41:55.205+0000][7][safepoint   ] Safepoint "G1CollectForAllocation", Time since last: 21547086247 ns, Reaching safepoint: 37245 ns, At safepoint: 3260344 ns, Total: 3297589 ns
[2022-06-28T07:42:31.209+0000][7][safepoint   ] Safepoint "Cleanup", Time since last: 36003746707 ns, Reaching safepoint: 38792 ns, At safepoint: 4589 ns, Total: 43381 ns
[2022-06-28T07:43:58.318+0000][7][gc,start    ] GC(66) Pause Young (Concurrent Start) (G1 Evacuation Pause)
[2022-06-28T07:43:58.318+0000][7][gc,task     ] GC(66) Using 1 workers of 1 for evacuation
[2022-06-28T07:43:58.318+0000][7][gc,age      ] GC(66) Desired survivor size 8388608 bytes, new threshold 15 (max threshold 15)
[2022-06-28T07:43:58.320+0000][7][gc,phases   ] GC(66)   Pre Evacuate Collection Set: 0.2ms
[2022-06-28T07:43:58.320+0000][7][gc,phases   ] GC(66)   Merge Heap Roots: 0.0ms
[2022-06-28T07:43:58.320+0000][7][gc,phases   ] GC(66)   Evacuate Collection Set: 1.6ms
[2022-06-28T07:43:58.320+0000][7][gc,phases   ] GC(66)   Post Evacuate Collection Set: 0.9ms
[2022-06-28T07:43:58.320+0000][7][gc,phases   ] GC(66)   Other: 0.1ms
[2022-06-28T07:43:58.320+0000][7][gc,age      ] GC(66) Age table with threshold 15 (max threshold 15)
[2022-06-28T07:43:58.320+0000][7][gc,age      ] GC(66) - age   1:       8840 bytes,       8840 total
[2022-06-28T07:43:58.320+0000][7][gc,age      ] GC(66) - age   2:        696 bytes,       9536 total
[2022-06-28T07:43:58.320+0000][7][gc,age      ] GC(66) - age   3:       3360 bytes,      12896 total
[2022-06-28T07:43:58.320+0000][7][gc,age      ] GC(66) - age   4:       7952 bytes,      20848 total
[2022-06-28T07:43:58.321+0000][7][gc,age      ] GC(66) - age   5:        272 bytes,      21120 total
[2022-06-28T07:43:58.321+0000][7][gc,age      ] GC(66) - age   6:        200 bytes,      21320 total
[2022-06-28T07:43:58.321+0000][7][gc,age      ] GC(66) - age   7:        760 bytes,      22080 total
[2022-06-28T07:43:58.321+0000][7][gc,age      ] GC(66) - age   8:       1280 bytes,      23360 total
[2022-06-28T07:43:58.321+0000][7][gc,age      ] GC(66) - age   9:       3968 bytes,      27328 total
[2022-06-28T07:43:58.321+0000][7][gc,age      ] GC(66) - age  10:        808 bytes,      28136 total
[2022-06-28T07:43:58.321+0000][7][gc,age      ] GC(66) - age  11:       2744 bytes,      30880 total
[2022-06-28T07:43:58.321+0000][7][gc,age      ] GC(66) - age  12:       2120 bytes,      33000 total
[2022-06-28T07:43:58.321+0000][7][gc,age      ] GC(66) - age  13:      18696 bytes,      51696 total
[2022-06-28T07:43:58.321+0000][7][gc,age      ] GC(66) - age  14:       3840 bytes,      55536 total
[2022-06-28T07:43:58.321+0000][7][gc,age      ] GC(66) - age  15:       1608 bytes,      57144 total
[2022-06-28T07:43:58.321+0000][7][gc,heap     ] GC(66) Eden regions: 29->0(29)
[2022-06-28T07:43:58.321+0000][7][gc,heap     ] GC(66) Survivor regions: 1->1(4)
[2022-06-28T07:43:58.321+0000][7][gc,heap     ] GC(66) Old regions: 19->19
[2022-06-28T07:43:58.321+0000][7][gc,heap     ] GC(66) Archive regions: 2->2
[2022-06-28T07:43:58.321+0000][7][gc,heap     ] GC(66) Humongous regions: 2->2
[2022-06-28T07:43:58.321+0000][7][gc,metaspace] GC(66) Metaspace: 102248K(106368K)->102248K(106368K) NonClass: 88567K(90880K)->88567K(90880K) Class: 13680K(15488K)->13680K(15488K)
[2022-06-28T07:43:58.321+0000][7][gc          ] GC(66) Pause Young (Concurrent Start) (G1 Evacuation Pause) 201M->85M(256M) 3.066ms
[2022-06-28T07:43:58.321+0000][7][gc,cpu      ] GC(66) User=0.00s Sys=0.00s Real=0.00s
[2022-06-28T07:43:58.321+0000][7][safepoint   ] Safepoint "G1CollectForAllocation", Time since last: 87108724576 ns, Reaching safepoint: 154885 ns, At safepoint: 3116558 ns, Total: 3271443 ns
[2022-06-28T07:43:58.321+0000][7][gc          ] GC(67) Concurrent Mark Cycle
[2022-06-28T07:43:58.321+0000][7][gc,marking  ] GC(67) Concurrent Clear Claimed Marks
[2022-06-28T07:43:58.321+0000][7][gc,marking  ] GC(67) Concurrent Clear Claimed Marks 0.048ms
[2022-06-28T07:43:58.321+0000][7][gc,marking  ] GC(67) Concurrent Scan Root Regions
[2022-06-28T07:43:58.322+0000][7][gc,marking  ] GC(67) Concurrent Scan Root Regions 0.734ms
[2022-06-28T07:43:58.322+0000][7][gc,marking  ] GC(67) Concurrent Mark
[2022-06-28T07:43:58.322+0000][7][gc,marking  ] GC(67) Concurrent Mark From Roots
[2022-06-28T07:43:58.322+0000][7][gc,task     ] GC(67) Using 1 workers of 1 for marking
[2022-06-28T07:43:58.436+0000][7][gc,marking  ] GC(67) Concurrent Mark From Roots 114.522ms
[2022-06-28T07:43:58.436+0000][7][gc,marking  ] GC(67) Concurrent Preclean
[2022-06-28T07:43:58.436+0000][7][gc,marking  ] GC(67) Concurrent Preclean 0.110ms
[2022-06-28T07:43:58.436+0000][7][gc,start    ] GC(67) Pause Remark
[2022-06-28T07:43:58.448+0000][7][gc          ] GC(67) Pause Remark 86M->86M(256M) 11.834ms
[2022-06-28T07:43:58.448+0000][7][gc,cpu      ] GC(67) User=0.01s Sys=0.00s Real=0.01s
[2022-06-28T07:43:58.448+0000][7][safepoint   ] Safepoint "G1Concurrent", Time since last: 115589080 ns, Reaching safepoint: 24942 ns, At safepoint: 11890490 ns, Total: 11915432 ns
[2022-06-28T07:43:58.448+0000][7][gc,marking  ] GC(67) Concurrent Mark 126.652ms
[2022-06-28T07:43:58.448+0000][7][gc,marking  ] GC(67) Concurrent Rebuild Remembered Sets
[2022-06-28T07:43:58.514+0000][7][gc,marking  ] GC(67) Concurrent Rebuild Remembered Sets 66.066ms
[2022-06-28T07:43:58.514+0000][7][gc,start    ] GC(67) Pause Cleanup
[2022-06-28T07:43:58.514+0000][7][gc          ] GC(67) Pause Cleanup 86M->86M(256M) 0.050ms
[2022-06-28T07:43:58.514+0000][7][gc,cpu      ] GC(67) User=0.00s Sys=0.00s Real=0.00s
[2022-06-28T07:43:58.514+0000][7][safepoint   ] Safepoint "G1Concurrent", Time since last: 66162220 ns, Reaching safepoint: 22678 ns, At safepoint: 84761 ns, Total: 107439 ns
[2022-06-28T07:43:58.514+0000][7][gc,marking  ] GC(67) Concurrent Cleanup for Next Mark
[2022-06-28T07:43:58.515+0000][7][gc,marking  ] GC(67) Concurrent Cleanup for Next Mark 0.647ms
[2022-06-28T07:43:58.515+0000][7][gc          ] GC(67) Concurrent Mark Cycle 194.448ms
[2022-06-28T07:44:05.515+0000][7][safepoint   ] Safepoint "Cleanup", Time since last: 7000848619 ns, Reaching safepoint: 39592 ns, At safepoint: 4951 ns, Total: 44543 ns
[2022-06-28T07:44:58.521+0000][7][safepoint   ] Safepoint "Cleanup", Time since last: 53005342756 ns, Reaching safepoint: 39324 ns, At safepoint: 5043 ns, Total: 44367 ns
[2022-06-28T07:46:01.425+0000][7][gc,start    ] GC(68) Pause Young (Normal) (G1 Evacuation Pause)
[2022-06-28T07:46:01.425+0000][7][gc,task     ] GC(68) Using 1 workers of 1 for evacuation
[2022-06-28T07:46:01.425+0000][7][gc,age      ] GC(68) Desired survivor size 8388608 bytes, new threshold 15 (max threshold 15)
[2022-06-28T07:46:01.428+0000][7][gc,phases   ] GC(68)   Pre Evacuate Collection Set: 0.0ms
[2022-06-28T07:46:01.428+0000][7][gc,phases   ] GC(68)   Merge Heap Roots: 0.1ms
[2022-06-28T07:46:01.428+0000][7][gc,phases   ] GC(68)   Evacuate Collection Set: 1.8ms
[2022-06-28T07:46:01.428+0000][7][gc,phases   ] GC(68)   Post Evacuate Collection Set: 0.8ms
[2022-06-28T07:46:01.428+0000][7][gc,phases   ] GC(68)   Other: 0.1ms
[2022-06-28T07:46:01.428+0000][7][gc,age      ] GC(68) Age table with threshold 15 (max threshold 15)
[2022-06-28T07:46:01.428+0000][7][gc,age      ] GC(68) - age   1:       8760 bytes,       8760 total
[2022-06-28T07:46:01.428+0000][7][gc,age      ] GC(68) - age   2:        560 bytes,       9320 total
[2022-06-28T07:46:01.428+0000][7][gc,age      ] GC(68) - age   3:        696 bytes,      10016 total
[2022-06-28T07:46:01.428+0000][7][gc,age      ] GC(68) - age   4:       3360 bytes,      13376 total
[2022-06-28T07:46:01.428+0000][7][gc,age      ] GC(68) - age   5:       7952 bytes,      21328 total
[2022-06-28T07:46:01.428+0000][7][gc,age      ] GC(68) - age   6:        272 bytes,      21600 total
[2022-06-28T07:46:01.428+0000][7][gc,age      ] GC(68) - age   7:        200 bytes,      21800 total
[2022-06-28T07:46:01.428+0000][7][gc,age      ] GC(68) - age   8:        760 bytes,      22560 total
[2022-06-28T07:46:01.428+0000][7][gc,age      ] GC(68) - age   9:       1280 bytes,      23840 total
[2022-06-28T07:46:01.428+0000][7][gc,age      ] GC(68) - age  10:       3968 bytes,      27808 total
[2022-06-28T07:46:01.428+0000][7][gc,age      ] GC(68) - age  11:        808 bytes,      28616 total
[2022-06-28T07:46:01.428+0000][7][gc,age      ] GC(68) - age  12:       2744 bytes,      31360 total
[2022-06-28T07:46:01.428+0000][7][gc,age      ] GC(68) - age  13:       2120 bytes,      33480 total
[2022-06-28T07:46:01.428+0000][7][gc,age      ] GC(68) - age  14:      18696 bytes,      52176 total
[2022-06-28T07:46:01.428+0000][7][gc,age      ] GC(68) - age  15:       3840 bytes,      56016 total
[2022-06-28T07:46:01.428+0000][7][gc,heap     ] GC(68) Eden regions: 29->0(29)
[2022-06-28T07:46:01.428+0000][7][gc,heap     ] GC(68) Survivor regions: 1->1(4)
[2022-06-28T07:46:01.428+0000][7][gc,heap     ] GC(68) Old regions: 19->19
[2022-06-28T07:46:01.428+0000][7][gc,heap     ] GC(68) Archive regions: 2->2
[2022-06-28T07:46:01.428+0000][7][gc,heap     ] GC(68) Humongous regions: 2->2
[2022-06-28T07:46:01.428+0000][7][gc,metaspace] GC(68) Metaspace: 102250K(106368K)->102250K(106368K) NonClass: 88569K(90880K)->88569K(90880K) Class: 13680K(15488K)->13680K(15488K)
[2022-06-28T07:46:01.428+0000][7][gc          ] GC(68) Pause Young (Normal) (G1 Evacuation Pause) 201M->85M(256M) 3.061ms
[2022-06-28T07:46:01.428+0000][7][gc,cpu      ] GC(68) User=0.00s Sys=0.00s Real=0.01s
[2022-06-28T07:46:01.428+0000][7][safepoint   ] Safepoint "G1CollectForAllocation", Time since last: 62904485995 ns, Reaching safepoint: 153542 ns, At safepoint: 3107614 ns, Total: 3261156 ns
[2022-06-28T07:46:35.432+0000][7][safepoint   ] Safepoint "Cleanup", Time since last: 34003349471 ns, Reaching safepoint: 38177 ns, At safepoint: 5462 ns, Total: 43639 ns
[2022-06-28T07:46:41.433+0000][7][safepoint   ] Safepoint "Cleanup", Time since last: 6000755803 ns, Reaching safepoint: 35939 ns, At safepoint: 4883 ns, Total: 40822 ns
[2022-06-28T07:47:25.438+0000][7][safepoint   ] Safepoint "Cleanup", Time since last: 44004891117 ns, Reaching safepoint: 37814 ns, At safepoint: 4598 ns, Total: 42412 ns
[2022-06-28T07:48:05.531+0000][7][gc,start    ] GC(69) Pause Young (Concurrent Start) (G1 Evacuation Pause)
[2022-06-28T07:48:05.531+0000][7][gc,task     ] GC(69) Using 1 workers of 1 for evacuation
[2022-06-28T07:48:05.531+0000][7][gc,age      ] GC(69) Desired survivor size 8388608 bytes, new threshold 15 (max threshold 15)
[2022-06-28T07:48:05.534+0000][7][gc,phases   ] GC(69)   Pre Evacuate Collection Set: 0.2ms
[2022-06-28T07:48:05.534+0000][7][gc,phases   ] GC(69)   Merge Heap Roots: 0.0ms
[2022-06-28T07:48:05.534+0000][7][gc,phases   ] GC(69)   Evacuate Collection Set: 1.6ms
[2022-06-28T07:48:05.534+0000][7][gc,phases   ] GC(69)   Post Evacuate Collection Set: 0.8ms
[2022-06-28T07:48:05.534+0000][7][gc,phases   ] GC(69)   Other: 0.1ms
[2022-06-28T07:48:05.534+0000][7][gc,age      ] GC(69) Age table with threshold 15 (max threshold 15)
[2022-06-28T07:48:05.534+0000][7][gc,age      ] GC(69) - age   1:      11168 bytes,      11168 total
[2022-06-28T07:48:05.534+0000][7][gc,age      ] GC(69) - age   2:        368 bytes,      11536 total
[2022-06-28T07:48:05.534+0000][7][gc,age      ] GC(69) - age   3:        560 bytes,      12096 total
[2022-06-28T07:48:05.534+0000][7][gc,age      ] GC(69) - age   4:        696 bytes,      12792 total
[2022-06-28T07:48:05.534+0000][7][gc,age      ] GC(69) - age   5:       3360 bytes,      16152 total
[2022-06-28T07:48:05.534+0000][7][gc,age      ] GC(69) - age   6:       7376 bytes,      23528 total
[2022-06-28T07:48:05.534+0000][7][gc,age      ] GC(69) - age   7:        272 bytes,      23800 total
[2022-06-28T07:48:05.534+0000][7][gc,age      ] GC(69) - age   8:        200 bytes,      24000 total
[2022-06-28T07:48:05.534+0000][7][gc,age      ] GC(69) - age   9:        760 bytes,      24760 total
[2022-06-28T07:48:05.534+0000][7][gc,age      ] GC(69) - age  10:       1280 bytes,      26040 total
[2022-06-28T07:48:05.534+0000][7][gc,age      ] GC(69) - age  11:       3968 bytes,      30008 total
[2022-06-28T07:48:05.534+0000][7][gc,age      ] GC(69) - age  12:        808 bytes,      30816 total
[2022-06-28T07:48:05.534+0000][7][gc,age      ] GC(69) - age  13:       2744 bytes,      33560 total
[2022-06-28T07:48:05.534+0000][7][gc,age      ] GC(69) - age  14:       2120 bytes,      35680 total
[2022-06-28T07:48:05.534+0000][7][gc,age      ] GC(69) - age  15:      18696 bytes,      54376 total
[2022-06-28T07:48:05.534+0000][7][gc,heap     ] GC(69) Eden regions: 29->0(29)
[2022-06-28T07:48:05.534+0000][7][gc,heap     ] GC(69) Survivor regions: 1->1(4)
[2022-06-28T07:48:05.534+0000][7][gc,heap     ] GC(69) Old regions: 19->19
[2022-06-28T07:48:05.534+0000][7][gc,heap     ] GC(69) Archive regions: 2->2
[2022-06-28T07:48:05.534+0000][7][gc,heap     ] GC(69) Humongous regions: 2->2
[2022-06-28T07:48:05.534+0000][7][gc,metaspace] GC(69) Metaspace: 102250K(106368K)->102250K(106368K) NonClass: 88569K(90880K)->88569K(90880K) Class: 13680K(15488K)->13680K(15488K)
[2022-06-28T07:48:05.534+0000][7][gc          ] GC(69) Pause Young (Concurrent Start) (G1 Evacuation Pause) 201M->85M(256M) 3.025ms
[2022-06-28T07:48:05.534+0000][7][gc,cpu      ] GC(69) User=0.00s Sys=0.00s Real=0.00s
[2022-06-28T07:48:05.535+0000][7][gc          ] GC(70) Concurrent Mark Cycle
[2022-06-28T07:48:05.535+0000][7][gc,marking  ] GC(70) Concurrent Clear Claimed Marks
[2022-06-28T07:48:05.535+0000][7][gc,marking  ] GC(70) Concurrent Clear Claimed Marks 0.039ms
[2022-06-28T07:48:05.535+0000][7][gc,marking  ] GC(70) Concurrent Scan Root Regions
[2022-06-28T07:48:05.535+0000][7][gc,marking  ] GC(70) Concurrent Scan Root Regions 0.713ms
[2022-06-28T07:48:05.535+0000][7][gc,marking  ] GC(70) Concurrent Mark
[2022-06-28T07:48:05.535+0000][7][gc,marking  ] GC(70) Concurrent Mark From Roots
[2022-06-28T07:48:05.535+0000][7][gc,task     ] GC(70) Using 1 workers of 1 for marking
[2022-06-28T07:48:05.535+0000][7][safepoint   ] Safepoint "G1CollectForAllocation", Time since last: 40093777799 ns, Reaching safepoint: 25580 ns, At safepoint: 3941431 ns, Total: 3967011 ns
[2022-06-28T07:48:05.650+0000][7][gc,marking  ] GC(70) Concurrent Mark From Roots 114.212ms
[2022-06-28T07:48:05.650+0000][7][gc,marking  ] GC(70) Concurrent Preclean
[2022-06-28T07:48:05.650+0000][7][gc,marking  ] GC(70) Concurrent Preclean 0.107ms
[2022-06-28T07:48:05.650+0000][7][gc,start    ] GC(70) Pause Remark
[2022-06-28T07:48:05.662+0000][7][gc          ] GC(70) Pause Remark 86M->86M(256M) 12.238ms
[2022-06-28T07:48:05.662+0000][7][gc,cpu      ] GC(70) User=0.01s Sys=0.00s Real=0.01s
[2022-06-28T07:48:05.662+0000][7][safepoint   ] Safepoint "G1Concurrent", Time since last: 114369886 ns, Reaching safepoint: 29382 ns, At safepoint: 12294741 ns, Total: 12324123 ns
[2022-06-28T07:48:05.662+0000][7][gc,marking  ] GC(70) Concurrent Mark 126.758ms
[2022-06-28T07:48:05.662+0000][7][gc,marking  ] GC(70) Concurrent Rebuild Remembered Sets
[2022-06-28T07:48:05.728+0000][7][gc,marking  ] GC(70) Concurrent Rebuild Remembered Sets 66.210ms
[2022-06-28T07:48:05.728+0000][7][gc,start    ] GC(70) Pause Cleanup
[2022-06-28T07:48:05.728+0000][7][gc          ] GC(70) Pause Cleanup 86M->86M(256M) 0.049ms
[2022-06-28T07:48:05.728+0000][7][gc,cpu      ] GC(70) User=0.00s Sys=0.00s Real=0.00s
[2022-06-28T07:48:05.728+0000][7][safepoint   ] Safepoint "G1Concurrent", Time since last: 66300275 ns, Reaching safepoint: 24019 ns, At safepoint: 84207 ns, Total: 108226 ns
[2022-06-28T07:48:05.728+0000][7][gc,marking  ] GC(70) Concurrent Cleanup for Next Mark
[2022-06-28T07:48:05.729+0000][7][gc,marking  ] GC(70) Concurrent Cleanup for Next Mark 0.649ms
[2022-06-28T07:48:05.729+0000][7][gc          ] GC(70) Concurrent Mark Cycle 194.620ms
[2022-06-28T07:49:23.736+0000][7][safepoint   ] Safepoint "Cleanup", Time since last: 78007925700 ns, Reaching safepoint: 50506 ns, At safepoint: 4448 ns, Total: 54954 ns
[2022-06-28T07:50:10.647+0000][7][gc,start    ] GC(71) Pause Young (Normal) (G1 Evacuation Pause)
[2022-06-28T07:50:10.647+0000][7][gc,task     ] GC(71) Using 1 workers of 1 for evacuation
[2022-06-28T07:50:10.647+0000][7][gc,age      ] GC(71) Desired survivor size 8388608 bytes, new threshold 15 (max threshold 15)
[2022-06-28T07:50:10.650+0000][7][gc,phases   ] GC(71)   Pre Evacuate Collection Set: 0.0ms
[2022-06-28T07:50:10.650+0000][7][gc,phases   ] GC(71)   Merge Heap Roots: 0.0ms
[2022-06-28T07:50:10.650+0000][7][gc,phases   ] GC(71)   Evacuate Collection Set: 1.8ms
[2022-06-28T07:50:10.650+0000][7][gc,phases   ] GC(71)   Post Evacuate Collection Set: 0.8ms
[2022-06-28T07:50:10.650+0000][7][gc,phases   ] GC(71)   Other: 0.1ms
[2022-06-28T07:50:10.650+0000][7][gc,age      ] GC(71) Age table with threshold 15 (max threshold 15)
[2022-06-28T07:50:10.650+0000][7][gc,age      ] GC(71) - age   1:      10640 bytes,      10640 total
[2022-06-28T07:50:10.650+0000][7][gc,age      ] GC(71) - age   2:        776 bytes,      11416 total
[2022-06-28T07:50:10.650+0000][7][gc,age      ] GC(71) - age   3:        368 bytes,      11784 total
[2022-06-28T07:50:10.650+0000][7][gc,age      ] GC(71) - age   4:        560 bytes,      12344 total
[2022-06-28T07:50:10.650+0000][7][gc,age      ] GC(71) - age   5:        696 bytes,      13040 total
[2022-06-28T07:50:10.650+0000][7][gc,age      ] GC(71) - age   6:       3160 bytes,      16200 total
[2022-06-28T07:50:10.650+0000][7][gc,age      ] GC(71) - age   7:       7376 bytes,      23576 total
[2022-06-28T07:50:10.650+0000][7][gc,age      ] GC(71) - age   8:        272 bytes,      23848 total
[2022-06-28T07:50:10.650+0000][7][gc,age      ] GC(71) - age   9:        200 bytes,      24048 total
[2022-06-28T07:50:10.650+0000][7][gc,age      ] GC(71) - age  10:        760 bytes,      24808 total
[2022-06-28T07:50:10.650+0000][7][gc,age      ] GC(71) - age  11:       1280 bytes,      26088 total
[2022-06-28T07:50:10.650+0000][7][gc,age      ] GC(71) - age  12:       3968 bytes,      30056 total
[2022-06-28T07:50:10.650+0000][7][gc,age      ] GC(71) - age  13:        808 bytes,      30864 total
[2022-06-28T07:50:10.650+0000][7][gc,age      ] GC(71) - age  14:       2744 bytes,      33608 total
[2022-06-28T07:50:10.650+0000][7][gc,age      ] GC(71) - age  15:       2120 bytes,      35728 total
[2022-06-28T07:50:10.650+0000][7][gc,heap     ] GC(71) Eden regions: 29->0(29)
[2022-06-28T07:50:10.650+0000][7][gc,heap     ] GC(71) Survivor regions: 1->1(4)
[2022-06-28T07:50:10.650+0000][7][gc,heap     ] GC(71) Old regions: 19->19
[2022-06-28T07:50:10.650+0000][7][gc,heap     ] GC(71) Archive regions: 2->2
[2022-06-28T07:50:10.650+0000][7][gc,heap     ] GC(71) Humongous regions: 2->2
[2022-06-28T07:50:10.651+0000][7][gc,metaspace] GC(71) Metaspace: 102250K(106368K)->102250K(106368K) NonClass: 88569K(90880K)->88569K(90880K) Class: 13680K(15488K)->13680K(15488K)
[2022-06-28T07:50:10.651+0000][7][gc          ] GC(71) Pause Young (Normal) (G1 Evacuation Pause) 201M->85M(256M) 3.143ms
[2022-06-28T07:50:10.651+0000][7][gc,cpu      ] GC(71) User=0.00s Sys=0.00s Real=0.00s
[2022-06-28T07:50:10.651+0000][7][safepoint   ] Safepoint "G1CollectForAllocation", Time since last: 46910937727 ns, Reaching safepoint: 24042 ns, At safepoint: 3186472 ns, Total: 3210514 ns
[2022-06-28T07:51:26.659+0000][7][safepoint   ] Safepoint "Cleanup", Time since last: 76007940351 ns, Reaching safepoint: 37502 ns, At safepoint: 4965 ns, Total: 42467 ns
[2022-06-28T07:52:15.760+0000][7][gc,start    ] GC(72) Pause Young (Concurrent Start) (G1 Evacuation Pause)
[2022-06-28T07:52:15.760+0000][7][gc,task     ] GC(72) Using 1 workers of 1 for evacuation
[2022-06-28T07:52:15.760+0000][7][gc,age      ] GC(72) Desired survivor size 8388608 bytes, new threshold 15 (max threshold 15)
[2022-06-28T07:52:15.762+0000][7][gc,phases   ] GC(72)   Pre Evacuate Collection Set: 0.2ms
[2022-06-28T07:52:15.762+0000][7][gc,phases   ] GC(72)   Merge Heap Roots: 0.0ms
[2022-06-28T07:52:15.762+0000][7][gc,phases   ] GC(72)   Evacuate Collection Set: 1.5ms
[2022-06-28T07:52:15.762+0000][7][gc,phases   ] GC(72)   Post Evacuate Collection Set: 0.8ms
[2022-06-28T07:52:15.762+0000][7][gc,phases   ] GC(72)   Other: 0.1ms
[2022-06-28T07:52:15.762+0000][7][gc,age      ] GC(72) Age table with threshold 15 (max threshold 15)
[2022-06-28T07:52:15.762+0000][7][gc,age      ] GC(72) - age   1:      10512 bytes,      10512 total
[2022-06-28T07:52:15.762+0000][7][gc,age      ] GC(72) - age   2:        104 bytes,      10616 total
[2022-06-28T07:52:15.762+0000][7][gc,age      ] GC(72) - age   3:        776 bytes,      11392 total
[2022-06-28T07:52:15.762+0000][7][gc,age      ] GC(72) - age   4:        368 bytes,      11760 total
[2022-06-28T07:52:15.762+0000][7][gc,age      ] GC(72) - age   5:        560 bytes,      12320 total
[2022-06-28T07:52:15.762+0000][7][gc,age      ] GC(72) - age   6:        696 bytes,      13016 total
[2022-06-28T07:52:15.762+0000][7][gc,age      ] GC(72) - age   7:       3160 bytes,      16176 total
[2022-06-28T07:52:15.762+0000][7][gc,age      ] GC(72) - age   8:       7376 bytes,      23552 total
[2022-06-28T07:52:15.762+0000][7][gc,age      ] GC(72) - age   9:        272 bytes,      23824 total
[2022-06-28T07:52:15.762+0000][7][gc,age      ] GC(72) - age  10:        200 bytes,      24024 total
[2022-06-28T07:52:15.762+0000][7][gc,age      ] GC(72) - age  11:        760 bytes,      24784 total
[2022-06-28T07:52:15.762+0000][7][gc,age      ] GC(72) - age  12:       1280 bytes,      26064 total
[2022-06-28T07:52:15.762+0000][7][gc,age      ] GC(72) - age  13:       3968 bytes,      30032 total
[2022-06-28T07:52:15.762+0000][7][gc,age      ] GC(72) - age  14:        808 bytes,      30840 total
[2022-06-28T07:52:15.762+0000][7][gc,age      ] GC(72) - age  15:       2744 bytes,      33584 total
[2022-06-28T07:52:15.762+0000][7][gc,heap     ] GC(72) Eden regions: 29->0(29)
[2022-06-28T07:52:15.762+0000][7][gc,heap     ] GC(72) Survivor regions: 1->1(4)
[2022-06-28T07:52:15.762+0000][7][gc,heap     ] GC(72) Old regions: 19->19
[2022-06-28T07:52:15.762+0000][7][gc,heap     ] GC(72) Archive regions: 2->2
[2022-06-28T07:52:15.762+0000][7][gc,heap     ] GC(72) Humongous regions: 2->2
[2022-06-28T07:52:15.762+0000][7][gc,metaspace] GC(72) Metaspace: 102251K(106368K)->102251K(106368K) NonClass: 88570K(90880K)->88570K(90880K) Class: 13680K(15488K)->13680K(15488K)
[2022-06-28T07:52:15.762+0000][7][gc          ] GC(72) Pause Young (Concurrent Start) (G1 Evacuation Pause) 201M->85M(256M) 2.842ms
[2022-06-28T07:52:15.762+0000][7][gc,cpu      ] GC(72) User=0.00s Sys=0.00s Real=0.00s
[2022-06-28T07:52:15.762+0000][7][safepoint   ] Safepoint "G1CollectForAllocation", Time since last: 49100921198 ns, Reaching safepoint: 23377 ns, At safepoint: 2892304 ns, Total: 2915681 ns
[2022-06-28T07:52:15.762+0000][7][gc          ] GC(73) Concurrent Mark Cycle
[2022-06-28T07:52:15.762+0000][7][gc,marking  ] GC(73) Concurrent Clear Claimed Marks
[2022-06-28T07:52:15.763+0000][7][gc,marking  ] GC(73) Concurrent Clear Claimed Marks 0.064ms
[2022-06-28T07:52:15.763+0000][7][gc,marking  ] GC(73) Concurrent Scan Root Regions
[2022-06-28T07:52:15.763+0000][7][gc,marking  ] GC(73) Concurrent Scan Root Regions 0.708ms
[2022-06-28T07:52:15.763+0000][7][gc,marking  ] GC(73) Concurrent Mark
[2022-06-28T07:52:15.763+0000][7][gc,marking  ] GC(73) Concurrent Mark From Roots
[2022-06-28T07:52:15.763+0000][7][gc,task     ] GC(73) Using 1 workers of 1 for marking
[2022-06-28T07:52:15.878+0000][7][gc,marking  ] GC(73) Concurrent Mark From Roots 114.399ms
[2022-06-28T07:52:15.878+0000][7][gc,marking  ] GC(73) Concurrent Preclean
[2022-06-28T07:52:15.878+0000][7][gc,marking  ] GC(73) Concurrent Preclean 0.110ms
[2022-06-28T07:52:15.878+0000][7][gc,start    ] GC(73) Pause Remark
[2022-06-28T07:52:15.890+0000][7][gc          ] GC(73) Pause Remark 86M->86M(256M) 11.993ms
[2022-06-28T07:52:15.890+0000][7][gc,cpu      ] GC(73) User=0.01s Sys=0.00s Real=0.01s
[2022-06-28T07:52:15.890+0000][7][safepoint   ] Safepoint "G1Concurrent", Time since last: 115436473 ns, Reaching safepoint: 23479 ns, At safepoint: 12046039 ns, Total: 12069518 ns
[2022-06-28T07:52:15.890+0000][7][gc,marking  ] GC(73) Concurrent Mark 126.680ms
[2022-06-28T07:52:15.890+0000][7][gc,marking  ] GC(73) Concurrent Rebuild Remembered Sets
[2022-06-28T07:52:15.956+0000][7][gc,marking  ] GC(73) Concurrent Rebuild Remembered Sets 65.591ms
[2022-06-28T07:52:15.956+0000][7][gc,start    ] GC(73) Pause Cleanup
[2022-06-28T07:52:15.956+0000][7][gc          ] GC(73) Pause Cleanup 86M->86M(256M) 0.049ms
[2022-06-28T07:52:15.956+0000][7][gc,cpu      ] GC(73) User=0.00s Sys=0.00s Real=0.00s
[2022-06-28T07:52:15.956+0000][7][safepoint   ] Safepoint "G1Concurrent", Time since last: 65676898 ns, Reaching safepoint: 25978 ns, At safepoint: 82893 ns, Total: 108871 ns
[2022-06-28T07:52:15.956+0000][7][gc,marking  ] GC(73) Concurrent Cleanup for Next Mark
[2022-06-28T07:52:15.956+0000][7][gc,marking  ] GC(73) Concurrent Cleanup for Next Mark 0.630ms
[2022-06-28T07:52:15.956+0000][7][gc          ] GC(73) Concurrent Mark Cycle 193.913ms
[2022-06-28T07:52:49.959+0000][7][safepoint   ] Safepoint "Cleanup", Time since last: 34003248516 ns, Reaching safepoint: 38069 ns, At safepoint: 4748 ns, Total: 42817 ns
[2022-06-28T07:54:20.874+0000][7][gc,start    ] GC(74) Pause Young (Normal) (G1 Evacuation Pause)
[2022-06-28T07:54:20.874+0000][7][gc,task     ] GC(74) Using 1 workers of 1 for evacuation
[2022-06-28T07:54:20.874+0000][7][gc,age      ] GC(74) Desired survivor size 8388608 bytes, new threshold 15 (max threshold 15)
[2022-06-28T07:54:20.877+0000][7][gc,phases   ] GC(74)   Pre Evacuate Collection Set: 0.0ms
[2022-06-28T07:54:20.877+0000][7][gc,phases   ] GC(74)   Merge Heap Roots: 0.0ms
[2022-06-28T07:54:20.877+0000][7][gc,phases   ] GC(74)   Evacuate Collection Set: 1.7ms
[2022-06-28T07:54:20.877+0000][7][gc,phases   ] GC(74)   Post Evacuate Collection Set: 0.8ms
[2022-06-28T07:54:20.877+0000][7][gc,phases   ] GC(74)   Other: 0.1ms
[2022-06-28T07:54:20.877+0000][7][gc,age      ] GC(74) Age table with threshold 15 (max threshold 15)
[2022-06-28T07:54:20.877+0000][7][gc,age      ] GC(74) - age   1:       9864 bytes,       9864 total
[2022-06-28T07:54:20.877+0000][7][gc,age      ] GC(74) - age   3:        104 bytes,       9968 total
[2022-06-28T07:54:20.877+0000][7][gc,age      ] GC(74) - age   4:        776 bytes,      10744 total
[2022-06-28T07:54:20.877+0000][7][gc,age      ] GC(74) - age   5:        368 bytes,      11112 total
[2022-06-28T07:54:20.877+0000][7][gc,age      ] GC(74) - age   6:        560 bytes,      11672 total
[2022-06-28T07:54:20.877+0000][7][gc,age      ] GC(74) - age   7:        696 bytes,      12368 total
[2022-06-28T07:54:20.877+0000][7][gc,age      ] GC(74) - age   8:       3160 bytes,      15528 total
[2022-06-28T07:54:20.877+0000][7][gc,age      ] GC(74) - age   9:       7376 bytes,      22904 total
[2022-06-28T07:54:20.877+0000][7][gc,age      ] GC(74) - age  10:        272 bytes,      23176 total
[2022-06-28T07:54:20.877+0000][7][gc,age      ] GC(74) - age  11:        200 bytes,      23376 total
[2022-06-28T07:54:20.877+0000][7][gc,age      ] GC(74) - age  12:        760 bytes,      24136 total
[2022-06-28T07:54:20.877+0000][7][gc,age      ] GC(74) - age  13:       1280 bytes,      25416 total
[2022-06-28T07:54:20.877+0000][7][gc,age      ] GC(74) - age  14:       3968 bytes,      29384 total
[2022-06-28T07:54:20.877+0000][7][gc,age      ] GC(74) - age  15:        808 bytes,      30192 total
[2022-06-28T07:54:20.877+0000][7][gc,heap     ] GC(74) Eden regions: 29->0(29)
[2022-06-28T07:54:20.877+0000][7][gc,heap     ] GC(74) Survivor regions: 1->1(4)
[2022-06-28T07:54:20.877+0000][7][gc,heap     ] GC(74) Old regions: 19->19
[2022-06-28T07:54:20.877+0000][7][gc,heap     ] GC(74) Archive regions: 2->2
[2022-06-28T07:54:20.877+0000][7][gc,heap     ] GC(74) Humongous regions: 2->2
[2022-06-28T07:54:20.877+0000][7][gc,metaspace] GC(74) Metaspace: 102251K(106368K)->102251K(106368K) NonClass: 88570K(90880K)->88570K(90880K) Class: 13680K(15488K)->13680K(15488K)
[2022-06-28T07:54:20.877+0000][7][gc          ] GC(74) Pause Young (Normal) (G1 Evacuation Pause) 201M->85M(256M) 3.022ms
[2022-06-28T07:54:20.877+0000][7][gc,cpu      ] GC(74) User=0.00s Sys=0.00s Real=0.01s
[2022-06-28T07:54:20.877+0000][7][safepoint   ] Safepoint "G1CollectForAllocation", Time since last: 90915153106 ns, Reaching safepoint: 26293 ns, At safepoint: 3065375 ns, Total: 3091668 ns
[2022-06-28T07:56:03.888+0000][7][safepoint   ] Safepoint "Cleanup", Time since last: 103011195867 ns, Reaching safepoint: 37982 ns, At safepoint: 22823 ns, Total: 60805 ns
[2022-06-28T07:56:14.890+0000][7][safepoint   ] Safepoint "Cleanup", Time since last: 11001123469 ns, Reaching safepoint: 37669 ns, At safepoint: 21839 ns, Total: 59508 ns
[2022-06-28T07:56:16.890+0000][7][safepoint   ] Safepoint "Cleanup", Time since last: 2000228380 ns, Reaching safepoint: 41013 ns, At safepoint: 4632 ns, Total: 45645 ns
[2022-06-28T07:56:17.890+0000][7][safepoint   ] Safepoint "Cleanup", Time since last: 1000143120 ns, Reaching safepoint: 39443 ns, At safepoint: 4705 ns, Total: 44148 ns
[2022-06-28T07:56:25.995+0000][7][gc,start    ] GC(75) Pause Young (Concurrent Start) (G1 Evacuation Pause)
[2022-06-28T07:56:25.995+0000][7][gc,task     ] GC(75) Using 1 workers of 1 for evacuation
[2022-06-28T07:56:25.995+0000][7][gc,age      ] GC(75) Desired survivor size 8388608 bytes, new threshold 15 (max threshold 15)
[2022-06-28T07:56:25.997+0000][7][gc,phases   ] GC(75)   Pre Evacuate Collection Set: 0.2ms
[2022-06-28T07:56:25.997+0000][7][gc,phases   ] GC(75)   Merge Heap Roots: 0.0ms
[2022-06-28T07:56:25.997+0000][7][gc,phases   ] GC(75)   Evacuate Collection Set: 1.5ms
[2022-06-28T07:56:25.997+0000][7][gc,phases   ] GC(75)   Post Evacuate Collection Set: 0.9ms
[2022-06-28T07:56:25.997+0000][7][gc,phases   ] GC(75)   Other: 0.1ms
[2022-06-28T07:56:25.997+0000][7][gc,age      ] GC(75) Age table with threshold 15 (max threshold 15)
[2022-06-28T07:56:25.997+0000][7][gc,age      ] GC(75) - age   1:      11376 bytes,      11376 total
[2022-06-28T07:56:25.997+0000][7][gc,age      ] GC(75) - age   2:        200 bytes,      11576 total
[2022-06-28T07:56:25.997+0000][7][gc,age      ] GC(75) - age   4:        104 bytes,      11680 total
[2022-06-28T07:56:25.997+0000][7][gc,age      ] GC(75) - age   5:        576 bytes,      12256 total
[2022-06-28T07:56:25.997+0000][7][gc,age      ] GC(75) - age   6:        368 bytes,      12624 total
[2022-06-28T07:56:25.997+0000][7][gc,age      ] GC(75) - age   7:        560 bytes,      13184 total
[2022-06-28T07:56:25.997+0000][7][gc,age      ] GC(75) - age   8:        696 bytes,      13880 total
[2022-06-28T07:56:25.997+0000][7][gc,age      ] GC(75) - age   9:       3160 bytes,      17040 total
[2022-06-28T07:56:25.997+0000][7][gc,age      ] GC(75) - age  10:       7376 bytes,      24416 total
[2022-06-28T07:56:25.997+0000][7][gc,age      ] GC(75) - age  11:        272 bytes,      24688 total
[2022-06-28T07:56:25.997+0000][7][gc,age      ] GC(75) - age  12:        200 bytes,      24888 total
[2022-06-28T07:56:25.997+0000][7][gc,age      ] GC(75) - age  13:        760 bytes,      25648 total
[2022-06-28T07:56:25.997+0000][7][gc,age      ] GC(75) - age  14:       1280 bytes,      26928 total
[2022-06-28T07:56:25.997+0000][7][gc,age      ] GC(75) - age  15:       3968 bytes,      30896 total
[2022-06-28T07:56:25.997+0000][7][gc,heap     ] GC(75) Eden regions: 29->0(29)
[2022-06-28T07:56:25.997+0000][7][gc,heap     ] GC(75) Survivor regions: 1->1(4)
[2022-06-28T07:56:25.997+0000][7][gc,heap     ] GC(75) Old regions: 19->19
[2022-06-28T07:56:25.997+0000][7][gc,heap     ] GC(75) Archive regions: 2->2
[2022-06-28T07:56:25.997+0000][7][gc,heap     ] GC(75) Humongous regions: 2->2
[2022-06-28T07:56:25.997+0000][7][gc,metaspace] GC(75) Metaspace: 102256K(106368K)->102256K(106368K) NonClass: 88575K(90880K)->88575K(90880K) Class: 13681K(15488K)->13681K(15488K)
[2022-06-28T07:56:25.997+0000][7][gc          ] GC(75) Pause Young (Concurrent Start) (G1 Evacuation Pause) 201M->85M(256M) 2.946ms
[2022-06-28T07:56:25.998+0000][7][gc,cpu      ] GC(75) User=0.00s Sys=0.00s Real=0.00s
[2022-06-28T07:56:25.998+0000][7][safepoint   ] Safepoint "G1CollectForAllocation", Time since last: 8104389316 ns, Reaching safepoint: 24394 ns, At safepoint: 2993483 ns, Total: 3017877 ns
[2022-06-28T07:56:25.998+0000][7][gc          ] GC(76) Concurrent Mark Cycle
[2022-06-28T07:56:25.998+0000][7][gc,marking  ] GC(76) Concurrent Clear Claimed Marks
[2022-06-28T07:56:25.998+0000][7][gc,marking  ] GC(76) Concurrent Clear Claimed Marks 0.038ms
[2022-06-28T07:56:25.998+0000][7][gc,marking  ] GC(76) Concurrent Scan Root Regions
[2022-06-28T07:56:25.999+0000][7][gc,marking  ] GC(76) Concurrent Scan Root Regions 0.925ms
[2022-06-28T07:56:25.999+0000][7][gc,marking  ] GC(76) Concurrent Mark
[2022-06-28T07:56:25.999+0000][7][gc,marking  ] GC(76) Concurrent Mark From Roots
[2022-06-28T07:56:25.999+0000][7][gc,task     ] GC(76) Using 1 workers of 1 for marking
[2022-06-28T07:56:26.116+0000][7][gc,marking  ] GC(76) Concurrent Mark From Roots 117.164ms
[2022-06-28T07:56:26.116+0000][7][gc,marking  ] GC(76) Concurrent Preclean
[2022-06-28T07:56:26.116+0000][7][gc,marking  ] GC(76) Concurrent Preclean 0.111ms
[2022-06-28T07:56:26.116+0000][7][gc,start    ] GC(76) Pause Remark
[2022-06-28T07:56:26.128+0000][7][gc          ] GC(76) Pause Remark 86M->86M(256M) 12.487ms
[2022-06-28T07:56:26.128+0000][7][gc,cpu      ] GC(76) User=0.01s Sys=0.00s Real=0.01s
[2022-06-28T07:56:26.128+0000][7][safepoint   ] Safepoint "G1Concurrent", Time since last: 118397372 ns, Reaching safepoint: 23637 ns, At safepoint: 12554858 ns, Total: 12578495 ns
[2022-06-28T07:56:26.129+0000][7][gc,marking  ] GC(76) Concurrent Mark 129.960ms
[2022-06-28T07:56:26.129+0000][7][gc,marking  ] GC(76) Concurrent Rebuild Remembered Sets
[2022-06-28T07:56:26.193+0000][7][gc,marking  ] GC(76) Concurrent Rebuild Remembered Sets 64.594ms
[2022-06-28T07:56:26.193+0000][7][gc,start    ] GC(76) Pause Cleanup
[2022-06-28T07:56:26.193+0000][7][gc          ] GC(76) Pause Cleanup 86M->86M(256M) 0.051ms
[2022-06-28T07:56:26.193+0000][7][gc,cpu      ] GC(76) User=0.00s Sys=0.00s Real=0.00s
[2022-06-28T07:56:26.193+0000][7][safepoint   ] Safepoint "G1Concurrent", Time since last: 64686364 ns, Reaching safepoint: 21693 ns, At safepoint: 107585 ns, Total: 129278 ns
[2022-06-28T07:56:26.193+0000][7][gc,marking  ] GC(76) Concurrent Cleanup for Next Mark
[2022-06-28T07:56:26.194+0000][7][gc,marking  ] GC(76) Concurrent Cleanup for Next Mark 0.673ms
[2022-06-28T07:56:26.194+0000][7][gc          ] GC(76) Concurrent Mark Cycle 196.458ms
[2022-06-28T07:56:34.194+0000][7][safepoint   ] Safepoint "Cleanup", Time since last: 8000969225 ns, Reaching safepoint: 39543 ns, At safepoint: 5135 ns, Total: 44678 ns
[2022-06-28T07:57:15.199+0000][7][safepoint   ] Safepoint "Cleanup", Time since last: 41004550647 ns, Reaching safepoint: 38431 ns, At safepoint: 5118 ns, Total: 43549 ns
[2022-06-28T07:57:34.201+0000][7][safepoint   ] Safepoint "Cleanup", Time since last: 19002236093 ns, Reaching safepoint: 36694 ns, At safepoint: 4680 ns, Total: 41374 ns
[2022-06-28T07:58:31.110+0000][7][gc,start    ] GC(77) Pause Young (Normal) (G1 Evacuation Pause)
[2022-06-28T07:58:31.111+0000][7][gc,task     ] GC(77) Using 1 workers of 1 for evacuation
[2022-06-28T07:58:31.111+0000][7][gc,age      ] GC(77) Desired survivor size 8388608 bytes, new threshold 15 (max threshold 15)
[2022-06-28T07:58:31.113+0000][7][gc,phases   ] GC(77)   Pre Evacuate Collection Set: 0.0ms
[2022-06-28T07:58:31.113+0000][7][gc,phases   ] GC(77)   Merge Heap Roots: 0.1ms
[2022-06-28T07:58:31.113+0000][7][gc,phases   ] GC(77)   Evacuate Collection Set: 1.7ms
[2022-06-28T07:58:31.113+0000][7][gc,phases   ] GC(77)   Post Evacuate Collection Set: 0.8ms
[2022-06-28T07:58:31.113+0000][7][gc,phases   ] GC(77)   Other: 0.1ms
[2022-06-28T07:58:31.113+0000][7][gc,age      ] GC(77) Age table with threshold 15 (max threshold 15)
[2022-06-28T07:58:31.113+0000][7][gc,age      ] GC(77) - age   1:      12248 bytes,      12248 total
[2022-06-28T07:58:31.113+0000][7][gc,age      ] GC(77) - age   2:       1656 bytes,      13904 total
[2022-06-28T07:58:31.113+0000][7][gc,age      ] GC(77) - age   3:        200 bytes,      14104 total
[2022-06-28T07:58:31.113+0000][7][gc,age      ] GC(77) - age   5:        104 bytes,      14208 total
[2022-06-28T07:58:31.113+0000][7][gc,age      ] GC(77) - age   7:        368 bytes,      14576 total
[2022-06-28T07:58:31.113+0000][7][gc,age      ] GC(77) - age   8:        560 bytes,      15136 total
[2022-06-28T07:58:31.113+0000][7][gc,age      ] GC(77) - age   9:        696 bytes,      15832 total
[2022-06-28T07:58:31.113+0000][7][gc,age      ] GC(77) - age  10:       3160 bytes,      18992 total
[2022-06-28T07:58:31.113+0000][7][gc,age      ] GC(77) - age  11:       7376 bytes,      26368 total
[2022-06-28T07:58:31.113+0000][7][gc,age      ] GC(77) - age  12:         72 bytes,      26440 total
[2022-06-28T07:58:31.113+0000][7][gc,age      ] GC(77) - age  13:        200 bytes,      26640 total
[2022-06-28T07:58:31.113+0000][7][gc,age      ] GC(77) - age  14:        760 bytes,      27400 total
[2022-06-28T07:58:31.113+0000][7][gc,age      ] GC(77) - age  15:       1280 bytes,      28680 total
[2022-06-28T07:58:31.113+0000][7][gc,heap     ] GC(77) Eden regions: 29->0(29)
[2022-06-28T07:58:31.113+0000][7][gc,heap     ] GC(77) Survivor regions: 1->1(4)
[2022-06-28T07:58:31.113+0000][7][gc,heap     ] GC(77) Old regions: 19->19
[2022-06-28T07:58:31.113+0000][7][gc,heap     ] GC(77) Archive regions: 2->2
[2022-06-28T07:58:31.113+0000][7][gc,heap     ] GC(77) Humongous regions: 2->2
[2022-06-28T07:58:31.113+0000][7][gc,metaspace] GC(77) Metaspace: 102260K(106368K)->102260K(106368K) NonClass: 88579K(90880K)->88579K(90880K) Class: 13681K(15488K)->13681K(15488K)
[2022-06-28T07:58:31.113+0000][7][gc          ] GC(77) Pause Young (Normal) (G1 Evacuation Pause) 201M->85M(256M) 2.987ms
[2022-06-28T07:58:31.113+0000][7][gc,cpu      ] GC(77) User=0.00s Sys=0.00s Real=0.00s
[2022-06-28T07:58:31.113+0000][7][safepoint   ] Safepoint "G1CollectForAllocation", Time since last: 56909193776 ns, Reaching safepoint: 24184 ns, At safepoint: 3028304 ns, Total: 3052488 ns
[2022-06-28T07:58:34.114+0000][7][safepoint   ] Safepoint "Cleanup", Time since last: 3000330608 ns, Reaching safepoint: 38426 ns, At safepoint: 5209 ns, Total: 43635 ns
[2022-06-28T07:59:04.117+0000][7][safepoint   ] Safepoint "Cleanup", Time since last: 30003383674 ns, Reaching safepoint: 41181 ns, At safepoint: 4816 ns, Total: 45997 ns
[2022-06-28T07:59:34.120+0000][7][safepoint   ] Safepoint "Cleanup", Time since last: 30003137531 ns, Reaching safepoint: 35278 ns, At safepoint: 4932 ns, Total: 40210 ns
[2022-06-28T07:59:36.121+0000][7][safepoint   ] Safepoint "Cleanup", Time since last: 2000212478 ns, Reaching safepoint: 58593 ns, At safepoint: 4819 ns, Total: 63412 ns
[2022-06-28T08:00:06.124+0000][7][safepoint   ] Safepoint "Cleanup", Time since last: 30003236345 ns, Reaching safepoint: 29780 ns, At safepoint: 4259 ns, Total: 34039 ns
[2022-06-28T08:00:36.220+0000][7][gc,start    ] GC(78) Pause Young (Concurrent Start) (G1 Evacuation Pause)
[2022-06-28T08:00:36.220+0000][7][gc,task     ] GC(78) Using 1 workers of 1 for evacuation
[2022-06-28T08:00:36.220+0000][7][gc,age      ] GC(78) Desired survivor size 8388608 bytes, new threshold 15 (max threshold 15)
[2022-06-28T08:00:36.223+0000][7][gc,phases   ] GC(78)   Pre Evacuate Collection Set: 0.2ms
[2022-06-28T08:00:36.223+0000][7][gc,phases   ] GC(78)   Merge Heap Roots: 0.0ms
[2022-06-28T08:00:36.223+0000][7][gc,phases   ] GC(78)   Evacuate Collection Set: 1.5ms
[2022-06-28T08:00:36.223+0000][7][gc,phases   ] GC(78)   Post Evacuate Collection Set: 1.0ms
[2022-06-28T08:00:36.223+0000][7][gc,phases   ] GC(78)   Other: 0.1ms
[2022-06-28T08:00:36.223+0000][7][gc,age      ] GC(78) Age table with threshold 15 (max threshold 15)
[2022-06-28T08:00:36.223+0000][7][gc,age      ] GC(78) - age   1:      10232 bytes,      10232 total
[2022-06-28T08:00:36.223+0000][7][gc,age      ] GC(78) - age   2:       2440 bytes,      12672 total
[2022-06-28T08:00:36.223+0000][7][gc,age      ] GC(78) - age   3:       1424 bytes,      14096 total
[2022-06-28T08:00:36.223+0000][7][gc,age      ] GC(78) - age   4:        200 bytes,      14296 total
[2022-06-28T08:00:36.223+0000][7][gc,age      ] GC(78) - age   6:        104 bytes,      14400 total
[2022-06-28T08:00:36.223+0000][7][gc,age      ] GC(78) - age   8:        368 bytes,      14768 total
[2022-06-28T08:00:36.223+0000][7][gc,age      ] GC(78) - age   9:        560 bytes,      15328 total
[2022-06-28T08:00:36.223+0000][7][gc,age      ] GC(78) - age  10:        696 bytes,      16024 total
[2022-06-28T08:00:36.223+0000][7][gc,age      ] GC(78) - age  11:       3160 bytes,      19184 total
[2022-06-28T08:00:36.223+0000][7][gc,age      ] GC(78) - age  12:       7376 bytes,      26560 total
[2022-06-28T08:00:36.223+0000][7][gc,age      ] GC(78) - age  13:         72 bytes,      26632 total
[2022-06-28T08:00:36.223+0000][7][gc,age      ] GC(78) - age  14:        200 bytes,      26832 total
[2022-06-28T08:00:36.223+0000][7][gc,age      ] GC(78) - age  15:        760 bytes,      27592 total
[2022-06-28T08:00:36.223+0000][7][gc,heap     ] GC(78) Eden regions: 29->0(29)
[2022-06-28T08:00:36.223+0000][7][gc,heap     ] GC(78) Survivor regions: 1->1(4)
[2022-06-28T08:00:36.223+0000][7][gc,heap     ] GC(78) Old regions: 19->19
[2022-06-28T08:00:36.223+0000][7][gc,heap     ] GC(78) Archive regions: 2->2
[2022-06-28T08:00:36.223+0000][7][gc,heap     ] GC(78) Humongous regions: 2->2
[2022-06-28T08:00:36.223+0000][7][gc,metaspace] GC(78) Metaspace: 102293K(106368K)->102293K(106368K) NonClass: 88612K(90880K)->88612K(90880K) Class: 13681K(15488K)->13681K(15488K)
[2022-06-28T08:00:36.223+0000][7][gc          ] GC(78) Pause Young (Concurrent Start) (G1 Evacuation Pause) 201M->85M(256M) 2.990ms
[2022-06-28T08:00:36.223+0000][7][gc,cpu      ] GC(78) User=0.00s Sys=0.00s Real=0.00s
[2022-06-28T08:00:36.223+0000][7][safepoint   ] Safepoint "G1CollectForAllocation", Time since last: 30096077639 ns, Reaching safepoint: 25193 ns, At safepoint: 3038658 ns, Total: 3063851 ns
[2022-06-28T08:00:36.223+0000][7][gc          ] GC(79) Concurrent Mark Cycle
[2022-06-28T08:00:36.223+0000][7][gc,marking  ] GC(79) Concurrent Clear Claimed Marks
[2022-06-28T08:00:36.223+0000][7][gc,marking  ] GC(79) Concurrent Clear Claimed Marks 0.040ms
[2022-06-28T08:00:36.223+0000][7][gc,marking  ] GC(79) Concurrent Scan Root Regions
[2022-06-28T08:00:36.224+0000][7][gc,marking  ] GC(79) Concurrent Scan Root Regions 0.912ms
[2022-06-28T08:00:36.224+0000][7][gc,marking  ] GC(79) Concurrent Mark
[2022-06-28T08:00:36.224+0000][7][gc,marking  ] GC(79) Concurrent Mark From Roots
[2022-06-28T08:00:36.224+0000][7][gc,task     ] GC(79) Using 1 workers of 1 for marking
[2022-06-28T08:00:36.339+0000][7][gc,marking  ] GC(79) Concurrent Mark From Roots 115.129ms
[2022-06-28T08:00:36.339+0000][7][gc,marking  ] GC(79) Concurrent Preclean
[2022-06-28T08:00:36.339+0000][7][gc,marking  ] GC(79) Concurrent Preclean 0.119ms
[2022-06-28T08:00:36.340+0000][7][gc,start    ] GC(79) Pause Remark
[2022-06-28T08:00:36.352+0000][7][gc          ] GC(79) Pause Remark 86M->86M(256M) 12.260ms
[2022-06-28T08:00:36.352+0000][7][gc,cpu      ] GC(79) User=0.01s Sys=0.00s Real=0.01s
[2022-06-28T08:00:36.352+0000][7][safepoint   ] Safepoint "G1Concurrent", Time since last: 116372669 ns, Reaching safepoint: 24200 ns, At safepoint: 12316722 ns, Total: 12340922 ns
[2022-06-28T08:00:36.352+0000][7][gc,marking  ] GC(79) Concurrent Mark 127.697ms
[2022-06-28T08:00:36.352+0000][7][gc,marking  ] GC(79) Concurrent Rebuild Remembered Sets
[2022-06-28T08:00:36.418+0000][7][gc,marking  ] GC(79) Concurrent Rebuild Remembered Sets 66.307ms
[2022-06-28T08:00:36.418+0000][7][gc,start    ] GC(79) Pause Cleanup
[2022-06-28T08:00:36.418+0000][7][gc          ] GC(79) Pause Cleanup 86M->86M(256M) 0.059ms
[2022-06-28T08:00:36.418+0000][7][gc,cpu      ] GC(79) User=0.00s Sys=0.00s Real=0.00s
[2022-06-28T08:00:36.418+0000][7][safepoint   ] Safepoint "G1Concurrent", Time since last: 66398995 ns, Reaching safepoint: 21887 ns, At safepoint: 94150 ns, Total: 116037 ns
[2022-06-28T08:00:36.418+0000][7][gc,marking  ] GC(79) Concurrent Cleanup for Next Mark
[2022-06-28T08:00:36.419+0000][7][gc,marking  ] GC(79) Concurrent Cleanup for Next Mark 0.725ms
[2022-06-28T08:00:36.419+0000][7][gc          ] GC(79) Concurrent Mark Cycle 195.950ms
[2022-06-28T08:01:02.421+0000][7][safepoint   ] Safepoint "Cleanup", Time since last: 26002611140 ns, Reaching safepoint: 37364 ns, At safepoint: 4845 ns, Total: 42209 ns
[2022-06-28T08:01:06.422+0000][7][safepoint   ] Safepoint "Cleanup", Time since last: 4000472435 ns, Reaching safepoint: 39190 ns, At safepoint: 4577 ns, Total: 43767 ns
[2022-06-28T08:01:47.426+0000][7][safepoint   ] Safepoint "Cleanup", Time since last: 41004200515 ns, Reaching safepoint: 35215 ns, At safepoint: 4930 ns, Total: 40145 ns
[2022-06-28T08:02:41.340+0000][7][gc,start    ] GC(80) Pause Young (Normal) (G1 Evacuation Pause)
[2022-06-28T08:02:41.340+0000][7][gc,task     ] GC(80) Using 1 workers of 1 for evacuation
[2022-06-28T08:02:41.340+0000][7][gc,age      ] GC(80) Desired survivor size 8388608 bytes, new threshold 15 (max threshold 15)
[2022-06-28T08:02:41.343+0000][7][gc,phases   ] GC(80)   Pre Evacuate Collection Set: 0.0ms
[2022-06-28T08:02:41.343+0000][7][gc,phases   ] GC(80)   Merge Heap Roots: 0.0ms
[2022-06-28T08:02:41.343+0000][7][gc,phases   ] GC(80)   Evacuate Collection Set: 1.9ms
[2022-06-28T08:02:41.343+0000][7][gc,phases   ] GC(80)   Post Evacuate Collection Set: 1.0ms
[2022-06-28T08:02:41.343+0000][7][gc,phases   ] GC(80)   Other: 0.1ms
[2022-06-28T08:02:41.343+0000][7][gc,age      ] GC(80) Age table with threshold 15 (max threshold 15)
[2022-06-28T08:02:41.343+0000][7][gc,age      ] GC(80) - age   1:      10552 bytes,      10552 total
[2022-06-28T08:02:41.343+0000][7][gc,age      ] GC(80) - age   2:        448 bytes,      11000 total
[2022-06-28T08:02:41.343+0000][7][gc,age      ] GC(80) - age   3:       2440 bytes,      13440 total
[2022-06-28T08:02:41.343+0000][7][gc,age      ] GC(80) - age   4:       1424 bytes,      14864 total
[2022-06-28T08:02:41.343+0000][7][gc,age      ] GC(80) - age   5:        200 bytes,      15064 total
[2022-06-28T08:02:41.343+0000][7][gc,age      ] GC(80) - age   7:        104 bytes,      15168 total
[2022-06-28T08:02:41.343+0000][7][gc,age      ] GC(80) - age   9:        368 bytes,      15536 total
[2022-06-28T08:02:41.343+0000][7][gc,age      ] GC(80) - age  10:        560 bytes,      16096 total
[2022-06-28T08:02:41.343+0000][7][gc,age      ] GC(80) - age  11:        696 bytes,      16792 total
[2022-06-28T08:02:41.343+0000][7][gc,age      ] GC(80) - age  12:       3160 bytes,      19952 total
[2022-06-28T08:02:41.343+0000][7][gc,age      ] GC(80) - age  13:       7376 bytes,      27328 total
[2022-06-28T08:02:41.343+0000][7][gc,age      ] GC(80) - age  14:         72 bytes,      27400 total
[2022-06-28T08:02:41.343+0000][7][gc,age      ] GC(80) - age  15:        200 bytes,      27600 total
[2022-06-28T08:02:41.343+0000][7][gc,heap     ] GC(80) Eden regions: 29->0(29)
[2022-06-28T08:02:41.343+0000][7][gc,heap     ] GC(80) Survivor regions: 1->1(4)
[2022-06-28T08:02:41.343+0000][7][gc,heap     ] GC(80) Old regions: 19->19
[2022-06-28T08:02:41.343+0000][7][gc,heap     ] GC(80) Archive regions: 2->2
[2022-06-28T08:02:41.343+0000][7][gc,heap     ] GC(80) Humongous regions: 2->2
[2022-06-28T08:02:41.343+0000][7][gc,metaspace] GC(80) Metaspace: 102294K(106368K)->102294K(106368K) NonClass: 88613K(90880K)->88613K(90880K) Class: 13681K(15488K)->13681K(15488K)
[2022-06-28T08:02:41.343+0000][7][gc          ] GC(80) Pause Young (Normal) (G1 Evacuation Pause) 201M->85M(256M) 3.281ms
[2022-06-28T08:02:41.343+0000][7][gc,cpu      ] GC(80) User=0.01s Sys=0.00s Real=0.00s
[2022-06-28T08:02:41.343+0000][7][safepoint   ] Safepoint "G1CollectForAllocation", Time since last: 53913968693 ns, Reaching safepoint: 32010 ns, At safepoint: 3331538 ns, Total: 3363548 ns
[2022-06-28T08:04:46.450+0000][7][gc,start    ] GC(81) Pause Young (Concurrent Start) (G1 Evacuation Pause)
[2022-06-28T08:04:46.450+0000][7][gc,task     ] GC(81) Using 1 workers of 1 for evacuation
[2022-06-28T08:04:46.450+0000][7][gc,age      ] GC(81) Desired survivor size 8388608 bytes, new threshold 15 (max threshold 15)
[2022-06-28T08:04:46.453+0000][7][gc,phases   ] GC(81)   Pre Evacuate Collection Set: 0.2ms
[2022-06-28T08:04:46.453+0000][7][gc,phases   ] GC(81)   Merge Heap Roots: 0.0ms
[2022-06-28T08:04:46.453+0000][7][gc,phases   ] GC(81)   Evacuate Collection Set: 1.5ms
[2022-06-28T08:04:46.453+0000][7][gc,phases   ] GC(81)   Post Evacuate Collection Set: 0.9ms
[2022-06-28T08:04:46.453+0000][7][gc,phases   ] GC(81)   Other: 0.1ms
[2022-06-28T08:04:46.453+0000][7][gc,age      ] GC(81) Age table with threshold 15 (max threshold 15)
[2022-06-28T08:04:46.453+0000][7][gc,age      ] GC(81) - age   1:      10512 bytes,      10512 total
[2022-06-28T08:04:46.453+0000][7][gc,age      ] GC(81) - age   2:        312 bytes,      10824 total
[2022-06-28T08:04:46.453+0000][7][gc,age      ] GC(81) - age   3:        448 bytes,      11272 total
[2022-06-28T08:04:46.453+0000][7][gc,age      ] GC(81) - age   4:       2440 bytes,      13712 total
[2022-06-28T08:04:46.453+0000][7][gc,age      ] GC(81) - age   5:       1224 bytes,      14936 total
[2022-06-28T08:04:46.453+0000][7][gc,age      ] GC(81) - age   6:        200 bytes,      15136 total
[2022-06-28T08:04:46.453+0000][7][gc,age      ] GC(81) - age   8:        104 bytes,      15240 total
[2022-06-28T08:04:46.453+0000][7][gc,age      ] GC(81) - age  10:        368 bytes,      15608 total
[2022-06-28T08:04:46.453+0000][7][gc,age      ] GC(81) - age  11:        560 bytes,      16168 total
[2022-06-28T08:04:46.453+0000][7][gc,age      ] GC(81) - age  12:        696 bytes,      16864 total
[2022-06-28T08:04:46.453+0000][7][gc,age      ] GC(81) - age  13:       3160 bytes,      20024 total
[2022-06-28T08:04:46.453+0000][7][gc,age      ] GC(81) - age  14:       7376 bytes,      27400 total
[2022-06-28T08:04:46.453+0000][7][gc,age      ] GC(81) - age  15:         72 bytes,      27472 total
[2022-06-28T08:04:46.453+0000][7][gc,heap     ] GC(81) Eden regions: 29->0(29)
[2022-06-28T08:04:46.453+0000][7][gc,heap     ] GC(81) Survivor regions: 1->1(4)
[2022-06-28T08:04:46.453+0000][7][gc,heap     ] GC(81) Old regions: 19->19
[2022-06-28T08:04:46.453+0000][7][gc,heap     ] GC(81) Archive regions: 2->2
[2022-06-28T08:04:46.453+0000][7][gc,heap     ] GC(81) Humongous regions: 2->2
[2022-06-28T08:04:46.453+0000][7][gc,metaspace] GC(81) Metaspace: 102295K(106368K)->102295K(106368K) NonClass: 88614K(90880K)->88614K(90880K) Class: 13681K(15488K)->13681K(15488K)
[2022-06-28T08:04:46.453+0000][7][gc          ] GC(81) Pause Young (Concurrent Start) (G1 Evacuation Pause) 201M->85M(256M) 3.005ms
[2022-06-28T08:04:46.453+0000][7][gc,cpu      ] GC(81) User=0.00s Sys=0.00s Real=0.00s
[2022-06-28T08:04:46.453+0000][7][safepoint   ] Safepoint "G1CollectForAllocation", Time since last: 125107145431 ns, Reaching safepoint: 23665 ns, At safepoint: 3051072 ns, Total: 3074737 ns
[2022-06-28T08:04:46.453+0000][7][gc          ] GC(82) Concurrent Mark Cycle
[2022-06-28T08:04:46.453+0000][7][gc,marking  ] GC(82) Concurrent Clear Claimed Marks
[2022-06-28T08:04:46.453+0000][7][gc,marking  ] GC(82) Concurrent Clear Claimed Marks 0.037ms
[2022-06-28T08:04:46.453+0000][7][gc,marking  ] GC(82) Concurrent Scan Root Regions
[2022-06-28T08:04:46.454+0000][7][gc,marking  ] GC(82) Concurrent Scan Root Regions 0.904ms
[2022-06-28T08:04:46.454+0000][7][gc,marking  ] GC(82) Concurrent Mark
[2022-06-28T08:04:46.454+0000][7][gc,marking  ] GC(82) Concurrent Mark From Roots
[2022-06-28T08:04:46.454+0000][7][gc,task     ] GC(82) Using 1 workers of 1 for marking
[2022-06-28T08:04:46.571+0000][7][gc,marking  ] GC(82) Concurrent Mark From Roots 116.802ms
[2022-06-28T08:04:46.571+0000][7][gc,marking  ] GC(82) Concurrent Preclean
[2022-06-28T08:04:46.571+0000][7][gc,marking  ] GC(82) Concurrent Preclean 0.108ms
[2022-06-28T08:04:46.571+0000][7][gc,start    ] GC(82) Pause Remark
[2022-06-28T08:04:46.583+0000][7][gc          ] GC(82) Pause Remark 86M->86M(256M) 11.873ms
[2022-06-28T08:04:46.583+0000][7][gc,cpu      ] GC(82) User=0.01s Sys=0.00s Real=0.01s
[2022-06-28T08:04:46.583+0000][7][safepoint   ] Safepoint "G1Concurrent", Time since last: 118015153 ns, Reaching safepoint: 24557 ns, At safepoint: 11924678 ns, Total: 11949235 ns
[2022-06-28T08:04:46.583+0000][7][gc,marking  ] GC(82) Concurrent Mark 128.962ms
[2022-06-28T08:04:46.583+0000][7][gc,marking  ] GC(82) Concurrent Rebuild Remembered Sets
[2022-06-28T08:04:46.649+0000][7][gc,marking  ] GC(82) Concurrent Rebuild Remembered Sets 65.626ms
[2022-06-28T08:04:46.649+0000][7][gc,start    ] GC(82) Pause Cleanup
[2022-06-28T08:04:46.649+0000][7][gc          ] GC(82) Pause Cleanup 86M->86M(256M) 0.049ms
[2022-06-28T08:04:46.649+0000][7][gc,cpu      ] GC(82) User=0.00s Sys=0.00s Real=0.00s
[2022-06-28T08:04:46.649+0000][7][safepoint   ] Safepoint "G1Concurrent", Time since last: 65717180 ns, Reaching safepoint: 22680 ns, At safepoint: 83394 ns, Total: 106074 ns
[2022-06-28T08:04:46.649+0000][7][gc,marking  ] GC(82) Concurrent Cleanup for Next Mark
[2022-06-28T08:04:46.650+0000][7][gc,marking  ] GC(82) Concurrent Cleanup for Next Mark 0.646ms
[2022-06-28T08:04:46.650+0000][7][gc          ] GC(82) Concurrent Mark Cycle 196.430ms
[2022-06-28T08:04:47.649+0000][7][safepoint   ] Safepoint "Cleanup", Time since last: 1000136949 ns, Reaching safepoint: 71256 ns, At safepoint: 7233 ns, Total: 78489 ns
[2022-06-28T08:05:07.652+0000][7][safepoint   ] Safepoint "Cleanup", Time since last: 20002203275 ns, Reaching safepoint: 36422 ns, At safepoint: 4803 ns, Total: 41225 ns
[2022-06-28T08:05:57.657+0000][7][safepoint   ] Safepoint "Cleanup", Time since last: 50005492874 ns, Reaching safepoint: 41517 ns, At safepoint: 28569 ns, Total: 70086 ns
[2022-06-28T08:06:40.662+0000][7][safepoint   ] Safepoint "Cleanup", Time since last: 43004384848 ns, Reaching safepoint: 38745 ns, At safepoint: 4875 ns, Total: 43620 ns
[2022-06-28T08:06:51.566+0000][7][gc,start    ] GC(83) Pause Young (Normal) (G1 Evacuation Pause)
[2022-06-28T08:06:51.566+0000][7][gc,task     ] GC(83) Using 1 workers of 1 for evacuation
[2022-06-28T08:06:51.566+0000][7][gc,age      ] GC(83) Desired survivor size 8388608 bytes, new threshold 15 (max threshold 15)
[2022-06-28T08:06:51.569+0000][7][gc,phases   ] GC(83)   Pre Evacuate Collection Set: 0.0ms
[2022-06-28T08:06:51.569+0000][7][gc,phases   ] GC(83)   Merge Heap Roots: 0.1ms
[2022-06-28T08:06:51.569+0000][7][gc,phases   ] GC(83)   Evacuate Collection Set: 1.8ms
[2022-06-28T08:06:51.569+0000][7][gc,phases   ] GC(83)   Post Evacuate Collection Set: 0.8ms
[2022-06-28T08:06:51.569+0000][7][gc,phases   ] GC(83)   Other: 0.1ms
[2022-06-28T08:06:51.569+0000][7][gc,age      ] GC(83) Age table with threshold 15 (max threshold 15)
[2022-06-28T08:06:51.569+0000][7][gc,age      ] GC(83) - age   1:      10384 bytes,      10384 total
[2022-06-28T08:06:51.569+0000][7][gc,age      ] GC(83) - age   2:        200 bytes,      10584 total
[2022-06-28T08:06:51.569+0000][7][gc,age      ] GC(83) - age   3:        312 bytes,      10896 total
[2022-06-28T08:06:51.569+0000][7][gc,age      ] GC(83) - age   4:        448 bytes,      11344 total
[2022-06-28T08:06:51.569+0000][7][gc,age      ] GC(83) - age   5:       1864 bytes,      13208 total
[2022-06-28T08:06:51.569+0000][7][gc,age      ] GC(83) - age   6:       1224 bytes,      14432 total
[2022-06-28T08:06:51.569+0000][7][gc,age      ] GC(83) - age   7:        200 bytes,      14632 total
[2022-06-28T08:06:51.569+0000][7][gc,age      ] GC(83) - age   9:        104 bytes,      14736 total
[2022-06-28T08:06:51.569+0000][7][gc,age      ] GC(83) - age  11:        368 bytes,      15104 total
[2022-06-28T08:06:51.569+0000][7][gc,age      ] GC(83) - age  12:        560 bytes,      15664 total
[2022-06-28T08:06:51.569+0000][7][gc,age      ] GC(83) - age  13:        696 bytes,      16360 total
[2022-06-28T08:06:51.569+0000][7][gc,age      ] GC(83) - age  14:       3160 bytes,      19520 total
[2022-06-28T08:06:51.569+0000][7][gc,age      ] GC(83) - age  15:       7376 bytes,      26896 total
[2022-06-28T08:06:51.569+0000][7][gc,heap     ] GC(83) Eden regions: 29->0(29)
[2022-06-28T08:06:51.569+0000][7][gc,heap     ] GC(83) Survivor regions: 1->1(4)
[2022-06-28T08:06:51.569+0000][7][gc,heap     ] GC(83) Old regions: 19->19
[2022-06-28T08:06:51.569+0000][7][gc,heap     ] GC(83) Archive regions: 2->2
[2022-06-28T08:06:51.569+0000][7][gc,heap     ] GC(83) Humongous regions: 2->2
[2022-06-28T08:06:51.569+0000][7][gc,metaspace] GC(83) Metaspace: 102299K(106432K)->102299K(106432K) NonClass: 88618K(90944K)->88618K(90944K) Class: 13681K(15488K)->13681K(15488K)
[2022-06-28T08:06:51.569+0000][7][gc          ] GC(83) Pause Young (Normal) (G1 Evacuation Pause) 201M->85M(256M) 2.996ms
[2022-06-28T08:06:51.569+0000][7][gc,cpu      ] GC(83) User=0.01s Sys=0.00s Real=0.01s
[2022-06-28T08:06:51.569+0000][7][safepoint   ] Safepoint "G1CollectForAllocation", Time since last: 10904632007 ns, Reaching safepoint: 27199 ns, At safepoint: 3038696 ns, Total: 3065895 ns
[2022-06-28T08:06:52.569+0000][7][safepoint   ] Safepoint "Cleanup", Time since last: 1000115953 ns, Reaching safepoint: 34984 ns, At safepoint: 4527 ns, Total: 39511 ns
[2022-06-28T08:07:04.571+0000][7][safepoint   ] Safepoint "Cleanup", Time since last: 12001371582 ns, Reaching safepoint: 40575 ns, At safepoint: 5090 ns, Total: 45665 ns
[2022-06-28T08:07:37.575+0000][7][safepoint   ] Safepoint "Cleanup", Time since last: 33003773205 ns, Reaching safepoint: 39043 ns, At safepoint: 4589 ns, Total: 43632 ns
[2022-06-28T08:08:42.582+0000][7][safepoint   ] Safepoint "Cleanup", Time since last: 65006984548 ns, Reaching safepoint: 39207 ns, At safepoint: 4696 ns, Total: 43903 ns
[2022-06-28T08:08:56.677+0000][7][gc,start    ] GC(84) Pause Young (Concurrent Start) (G1 Evacuation Pause)
[2022-06-28T08:08:56.677+0000][7][gc,task     ] GC(84) Using 1 workers of 1 for evacuation
[2022-06-28T08:08:56.677+0000][7][gc,age      ] GC(84) Desired survivor size 8388608 bytes, new threshold 15 (max threshold 15)
[2022-06-28T08:08:56.680+0000][7][gc,phases   ] GC(84)   Pre Evacuate Collection Set: 0.2ms
[2022-06-28T08:08:56.680+0000][7][gc,phases   ] GC(84)   Merge Heap Roots: 0.0ms
[2022-06-28T08:08:56.680+0000][7][gc,phases   ] GC(84)   Evacuate Collection Set: 1.5ms
[2022-06-28T08:08:56.680+0000][7][gc,phases   ] GC(84)   Post Evacuate Collection Set: 0.9ms
[2022-06-28T08:08:56.680+0000][7][gc,phases   ] GC(84)   Other: 0.1ms
[2022-06-28T08:08:56.680+0000][7][gc,age      ] GC(84) Age table with threshold 15 (max threshold 15)
[2022-06-28T08:08:56.680+0000][7][gc,age      ] GC(84) - age   1:      10376 bytes,      10376 total
[2022-06-28T08:08:56.680+0000][7][gc,age      ] GC(84) - age   2:        576 bytes,      10952 total
[2022-06-28T08:08:56.680+0000][7][gc,age      ] GC(84) - age   3:        200 bytes,      11152 total
[2022-06-28T08:08:56.680+0000][7][gc,age      ] GC(84) - age   4:        312 bytes,      11464 total
[2022-06-28T08:08:56.680+0000][7][gc,age      ] GC(84) - age   5:        448 bytes,      11912 total
[2022-06-28T08:08:56.680+0000][7][gc,age      ] GC(84) - age   6:       1864 bytes,      13776 total
[2022-06-28T08:08:56.680+0000][7][gc,age      ] GC(84) - age   7:       1224 bytes,      15000 total
[2022-06-28T08:08:56.680+0000][7][gc,age      ] GC(84) - age   8:        200 bytes,      15200 total
[2022-06-28T08:08:56.680+0000][7][gc,age      ] GC(84) - age  10:        104 bytes,      15304 total
[2022-06-28T08:08:56.680+0000][7][gc,age      ] GC(84) - age  12:        368 bytes,      15672 total
[2022-06-28T08:08:56.680+0000][7][gc,age      ] GC(84) - age  13:        560 bytes,      16232 total
[2022-06-28T08:08:56.680+0000][7][gc,age      ] GC(84) - age  14:        696 bytes,      16928 total
[2022-06-28T08:08:56.680+0000][7][gc,age      ] GC(84) - age  15:       3160 bytes,      20088 total
[2022-06-28T08:08:56.680+0000][7][gc,heap     ] GC(84) Eden regions: 29->0(29)
[2022-06-28T08:08:56.680+0000][7][gc,heap     ] GC(84) Survivor regions: 1->1(4)
[2022-06-28T08:08:56.680+0000][7][gc,heap     ] GC(84) Old regions: 19->19
[2022-06-28T08:08:56.680+0000][7][gc,heap     ] GC(84) Archive regions: 2->2
[2022-06-28T08:08:56.680+0000][7][gc,heap     ] GC(84) Humongous regions: 2->2
[2022-06-28T08:08:56.680+0000][7][gc,metaspace] GC(84) Metaspace: 102299K(106432K)->102299K(106432K) NonClass: 88618K(90944K)->88618K(90944K) Class: 13681K(15488K)->13681K(15488K)
[2022-06-28T08:08:56.680+0000][7][gc          ] GC(84) Pause Young (Concurrent Start) (G1 Evacuation Pause) 201M->85M(256M) 2.952ms
[2022-06-28T08:08:56.680+0000][7][gc,cpu      ] GC(84) User=0.00s Sys=0.00s Real=0.00s
[2022-06-28T08:08:56.680+0000][7][safepoint   ] Safepoint "G1CollectForAllocation", Time since last: 14095150057 ns, Reaching safepoint: 24210 ns, At safepoint: 2998906 ns, Total: 3023116 ns
[2022-06-28T08:08:56.680+0000][7][gc          ] GC(85) Concurrent Mark Cycle
[2022-06-28T08:08:56.680+0000][7][gc,marking  ] GC(85) Concurrent Clear Claimed Marks
[2022-06-28T08:08:56.680+0000][7][gc,marking  ] GC(85) Concurrent Clear Claimed Marks 0.063ms
[2022-06-28T08:08:56.680+0000][7][gc,marking  ] GC(85) Concurrent Scan Root Regions
[2022-06-28T08:08:56.681+0000][7][gc,marking  ] GC(85) Concurrent Scan Root Regions 0.947ms
[2022-06-28T08:08:56.681+0000][7][gc,marking  ] GC(85) Concurrent Mark
[2022-06-28T08:08:56.681+0000][7][gc,marking  ] GC(85) Concurrent Mark From Roots
[2022-06-28T08:08:56.681+0000][7][gc,task     ] GC(85) Using 1 workers of 1 for marking
[2022-06-28T08:08:56.796+0000][7][gc,marking  ] GC(85) Concurrent Mark From Roots 115.034ms
[2022-06-28T08:08:56.796+0000][7][gc,marking  ] GC(85) Concurrent Preclean
[2022-06-28T08:08:56.796+0000][7][gc,marking  ] GC(85) Concurrent Preclean 0.110ms
[2022-06-28T08:08:56.796+0000][7][gc,start    ] GC(85) Pause Remark
[2022-06-28T08:08:56.808+0000][7][gc          ] GC(85) Pause Remark 86M->86M(256M) 12.148ms
[2022-06-28T08:08:56.808+0000][7][gc,cpu      ] GC(85) User=0.01s Sys=0.00s Real=0.01s
[2022-06-28T08:08:56.808+0000][7][safepoint   ] Safepoint "G1Concurrent", Time since last: 116305469 ns, Reaching safepoint: 24984 ns, At safepoint: 12209888 ns, Total: 12234872 ns
[2022-06-28T08:08:56.808+0000][7][gc,marking  ] GC(85) Concurrent Mark 127.481ms
[2022-06-28T08:08:56.808+0000][7][gc,marking  ] GC(85) Concurrent Rebuild Remembered Sets
[2022-06-28T08:08:56.874+0000][7][gc,marking  ] GC(85) Concurrent Rebuild Remembered Sets 65.297ms
[2022-06-28T08:08:56.874+0000][7][gc,start    ] GC(85) Pause Cleanup
[2022-06-28T08:08:56.874+0000][7][gc          ] GC(85) Pause Cleanup 86M->86M(256M) 0.047ms
[2022-06-28T08:08:56.874+0000][7][gc,cpu      ] GC(85) User=0.00s Sys=0.00s Real=0.00s
[2022-06-28T08:08:56.874+0000][7][safepoint   ] Safepoint "G1Concurrent", Time since last: 65417386 ns, Reaching safepoint: 21899 ns, At safepoint: 82011 ns, Total: 103910 ns
[2022-06-28T08:08:56.874+0000][7][gc,marking  ] GC(85) Concurrent Cleanup for Next Mark
[2022-06-28T08:08:56.875+0000][7][gc,marking  ] GC(85) Concurrent Cleanup for Next Mark 0.711ms
[2022-06-28T08:08:56.875+0000][7][gc          ] GC(85) Concurrent Mark Cycle 194.772ms
[2022-06-28T08:09:25.877+0000][7][safepoint   ] Safepoint "Cleanup", Time since last: 29003130899 ns, Reaching safepoint: 36309 ns, At safepoint: 4530 ns, Total: 40839 ns
[2022-06-28T08:11:01.794+0000][7][gc,start    ] GC(86) Pause Young (Normal) (G1 Evacuation Pause)
[2022-06-28T08:11:01.794+0000][7][gc,task     ] GC(86) Using 1 workers of 1 for evacuation
[2022-06-28T08:11:01.794+0000][7][gc,age      ] GC(86) Desired survivor size 8388608 bytes, new threshold 15 (max threshold 15)
[2022-06-28T08:11:01.797+0000][7][gc,phases   ] GC(86)   Pre Evacuate Collection Set: 0.0ms
[2022-06-28T08:11:01.797+0000][7][gc,phases   ] GC(86)   Merge Heap Roots: 0.0ms
[2022-06-28T08:11:01.797+0000][7][gc,phases   ] GC(86)   Evacuate Collection Set: 1.7ms
[2022-06-28T08:11:01.797+0000][7][gc,phases   ] GC(86)   Post Evacuate Collection Set: 0.8ms
[2022-06-28T08:11:01.797+0000][7][gc,phases   ] GC(86)   Other: 0.1ms
[2022-06-28T08:11:01.797+0000][7][gc,age      ] GC(86) Age table with threshold 15 (max threshold 15)
[2022-06-28T08:11:01.797+0000][7][gc,age      ] GC(86) - age   1:       9840 bytes,       9840 total
[2022-06-28T08:11:01.797+0000][7][gc,age      ] GC(86) - age   2:        344 bytes,      10184 total
[2022-06-28T08:11:01.797+0000][7][gc,age      ] GC(86) - age   3:        576 bytes,      10760 total
[2022-06-28T08:11:01.797+0000][7][gc,age      ] GC(86) - age   4:        200 bytes,      10960 total
[2022-06-28T08:11:01.797+0000][7][gc,age      ] GC(86) - age   5:        312 bytes,      11272 total
[2022-06-28T08:11:01.797+0000][7][gc,age      ] GC(86) - age   6:        448 bytes,      11720 total
[2022-06-28T08:11:01.797+0000][7][gc,age      ] GC(86) - age   7:       1864 bytes,      13584 total
[2022-06-28T08:11:01.797+0000][7][gc,age      ] GC(86) - age   8:       1224 bytes,      14808 total
[2022-06-28T08:11:01.797+0000][7][gc,age      ] GC(86) - age  11:        104 bytes,      14912 total
[2022-06-28T08:11:01.797+0000][7][gc,age      ] GC(86) - age  13:        368 bytes,      15280 total
[2022-06-28T08:11:01.797+0000][7][gc,age      ] GC(86) - age  14:        560 bytes,      15840 total
[2022-06-28T08:11:01.797+0000][7][gc,age      ] GC(86) - age  15:        696 bytes,      16536 total
[2022-06-28T08:11:01.797+0000][7][gc,heap     ] GC(86) Eden regions: 29->0(29)
[2022-06-28T08:11:01.797+0000][7][gc,heap     ] GC(86) Survivor regions: 1->1(4)
[2022-06-28T08:11:01.797+0000][7][gc,heap     ] GC(86) Old regions: 19->19
[2022-06-28T08:11:01.797+0000][7][gc,heap     ] GC(86) Archive regions: 2->2
[2022-06-28T08:11:01.797+0000][7][gc,heap     ] GC(86) Humongous regions: 2->2
[2022-06-28T08:11:01.797+0000][7][gc,metaspace] GC(86) Metaspace: 102299K(106432K)->102299K(106432K) NonClass: 88618K(90944K)->88618K(90944K) Class: 13681K(15488K)->13681K(15488K)
[2022-06-28T08:11:01.797+0000][7][gc          ] GC(86) Pause Young (Normal) (G1 Evacuation Pause) 201M->85M(256M) 2.958ms
[2022-06-28T08:11:01.797+0000][7][gc,cpu      ] GC(86) User=0.01s Sys=0.00s Real=0.01s
[2022-06-28T08:11:01.797+0000][7][safepoint   ] Safepoint "G1CollectForAllocation", Time since last: 95916670511 ns, Reaching safepoint: 25797 ns, At safepoint: 3000923 ns, Total: 3026720 ns
[2022-06-28T08:12:31.807+0000][7][safepoint   ] Safepoint "Cleanup", Time since last: 90009942988 ns, Reaching safepoint: 37286 ns, At safepoint: 4798 ns, Total: 42084 ns
[2022-06-28T08:13:06.903+0000][7][gc,start    ] GC(87) Pause Young (Concurrent Start) (G1 Evacuation Pause)
[2022-06-28T08:13:06.903+0000][7][gc,task     ] GC(87) Using 1 workers of 1 for evacuation
[2022-06-28T08:13:06.903+0000][7][gc,age      ] GC(87) Desired survivor size 8388608 bytes, new threshold 15 (max threshold 15)
[2022-06-28T08:13:06.906+0000][7][gc,phases   ] GC(87)   Pre Evacuate Collection Set: 0.2ms
[2022-06-28T08:13:06.906+0000][7][gc,phases   ] GC(87)   Merge Heap Roots: 0.0ms
[2022-06-28T08:13:06.906+0000][7][gc,phases   ] GC(87)   Evacuate Collection Set: 1.9ms
[2022-06-28T08:13:06.906+0000][7][gc,phases   ] GC(87)   Post Evacuate Collection Set: 0.8ms
[2022-06-28T08:13:06.906+0000][7][gc,phases   ] GC(87)   Other: 0.1ms
[2022-06-28T08:13:06.906+0000][7][gc,age      ] GC(87) Age table with threshold 15 (max threshold 15)
[2022-06-28T08:13:06.906+0000][7][gc,age      ] GC(87) - age   1:      11792 bytes,      11792 total
[2022-06-28T08:13:06.906+0000][7][gc,age      ] GC(87) - age   2:        200 bytes,      11992 total
[2022-06-28T08:13:06.906+0000][7][gc,age      ] GC(87) - age   3:        344 bytes,      12336 total
[2022-06-28T08:13:06.906+0000][7][gc,age      ] GC(87) - age   4:        576 bytes,      12912 total
[2022-06-28T08:13:06.906+0000][7][gc,age      ] GC(87) - age   5:        200 bytes,      13112 total
[2022-06-28T08:13:06.906+0000][7][gc,age      ] GC(87) - age   6:        112 bytes,      13224 total
[2022-06-28T08:13:06.906+0000][7][gc,age      ] GC(87) - age   7:        448 bytes,      13672 total
[2022-06-28T08:13:06.906+0000][7][gc,age      ] GC(87) - age   8:       1864 bytes,      15536 total
[2022-06-28T08:13:06.906+0000][7][gc,age      ] GC(87) - age   9:       1224 bytes,      16760 total
[2022-06-28T08:13:06.906+0000][7][gc,age      ] GC(87) - age  12:        104 bytes,      16864 total
[2022-06-28T08:13:06.906+0000][7][gc,age      ] GC(87) - age  14:        368 bytes,      17232 total
[2022-06-28T08:13:06.906+0000][7][gc,age      ] GC(87) - age  15:        560 bytes,      17792 total
[2022-06-28T08:13:06.906+0000][7][gc,heap     ] GC(87) Eden regions: 29->0(29)
[2022-06-28T08:13:06.906+0000][7][gc,heap     ] GC(87) Survivor regions: 1->1(4)
[2022-06-28T08:13:06.906+0000][7][gc,heap     ] GC(87) Old regions: 19->19
[2022-06-28T08:13:06.906+0000][7][gc,heap     ] GC(87) Archive regions: 2->2
[2022-06-28T08:13:06.906+0000][7][gc,heap     ] GC(87) Humongous regions: 2->2
[2022-06-28T08:13:06.906+0000][7][gc,metaspace] GC(87) Metaspace: 102299K(106432K)->102299K(106432K) NonClass: 88618K(90944K)->88618K(90944K) Class: 13681K(15488K)->13681K(15488K)
[2022-06-28T08:13:06.906+0000][7][gc          ] GC(87) Pause Young (Concurrent Start) (G1 Evacuation Pause) 201M->85M(256M) 3.292ms
[2022-06-28T08:13:06.906+0000][7][gc,cpu      ] GC(87) User=0.00s Sys=0.00s Real=0.00s
[2022-06-28T08:13:06.906+0000][7][safepoint   ] Safepoint "G1CollectForAllocation", Time since last: 35096295173 ns, Reaching safepoint: 29215 ns, At safepoint: 3341873 ns, Total: 3371088 ns
[2022-06-28T08:13:06.906+0000][7][gc          ] GC(88) Concurrent Mark Cycle
[2022-06-28T08:13:06.906+0000][7][gc,marking  ] GC(88) Concurrent Clear Claimed Marks
[2022-06-28T08:13:06.907+0000][7][gc,marking  ] GC(88) Concurrent Clear Claimed Marks 0.040ms
[2022-06-28T08:13:06.907+0000][7][gc,marking  ] GC(88) Concurrent Scan Root Regions
[2022-06-28T08:13:06.907+0000][7][gc,marking  ] GC(88) Concurrent Scan Root Regions 0.914ms
[2022-06-28T08:13:06.907+0000][7][gc,marking  ] GC(88) Concurrent Mark
[2022-06-28T08:13:06.907+0000][7][gc,marking  ] GC(88) Concurrent Mark From Roots
[2022-06-28T08:13:06.907+0000][7][gc,task     ] GC(88) Using 1 workers of 1 for marking
[2022-06-28T08:13:07.036+0000][7][gc,marking  ] GC(88) Concurrent Mark From Roots 128.217ms
[2022-06-28T08:13:07.036+0000][7][gc,marking  ] GC(88) Concurrent Preclean
[2022-06-28T08:13:07.036+0000][7][gc,marking  ] GC(88) Concurrent Preclean 0.113ms
[2022-06-28T08:13:07.036+0000][7][gc,start    ] GC(88) Pause Remark
[2022-06-28T08:13:07.049+0000][7][gc          ] GC(88) Pause Remark 86M->86M(256M) 13.376ms
[2022-06-28T08:13:07.049+0000][7][gc,cpu      ] GC(88) User=0.01s Sys=0.00s Real=0.01s
[2022-06-28T08:13:07.049+0000][7][safepoint   ] Safepoint "G1Concurrent", Time since last: 129486772 ns, Reaching safepoint: 23472 ns, At safepoint: 13449195 ns, Total: 13472667 ns
[2022-06-28T08:13:07.049+0000][7][gc,marking  ] GC(88) Concurrent Mark 141.926ms
[2022-06-28T08:13:07.049+0000][7][gc,marking  ] GC(88) Concurrent Rebuild Remembered Sets
[2022-06-28T08:13:07.121+0000][7][gc,marking  ] GC(88) Concurrent Rebuild Remembered Sets 71.886ms
[2022-06-28T08:13:07.121+0000][7][gc,start    ] GC(88) Pause Cleanup
[2022-06-28T08:13:07.121+0000][7][gc          ] GC(88) Pause Cleanup 86M->86M(256M) 0.048ms
[2022-06-28T08:13:07.121+0000][7][gc,cpu      ] GC(88) User=0.00s Sys=0.00s Real=0.00s
[2022-06-28T08:13:07.121+0000][7][safepoint   ] Safepoint "G1Concurrent", Time since last: 71979512 ns, Reaching safepoint: 22271 ns, At safepoint: 82459 ns, Total: 104730 ns
[2022-06-28T08:13:07.121+0000][7][gc,marking  ] GC(88) Concurrent Cleanup for Next Mark
[2022-06-28T08:13:07.122+0000][7][gc,marking  ] GC(88) Concurrent Cleanup for Next Mark 0.668ms
[2022-06-28T08:13:07.122+0000][7][gc          ] GC(88) Concurrent Mark Cycle 215.706ms
[2022-06-28T08:14:19.129+0000][7][safepoint   ] Safepoint "Cleanup", Time since last: 72007957301 ns, Reaching safepoint: 42570 ns, At safepoint: 5007 ns, Total: 47577 ns
[2022-06-28T08:14:37.132+0000][7][safepoint   ] Safepoint "Cleanup", Time since last: 18002072960 ns, Reaching safepoint: 44147 ns, At safepoint: 4971 ns, Total: 49118 ns
[2022-06-28T08:15:04.135+0000][7][safepoint   ] Safepoint "Cleanup", Time since last: 27002973843 ns, Reaching safepoint: 40426 ns, At safepoint: 31182 ns, Total: 71608 ns
[2022-06-28T08:15:12.020+0000][7][gc,start    ] GC(89) Pause Young (Normal) (G1 Evacuation Pause)
[2022-06-28T08:15:12.020+0000][7][gc,task     ] GC(89) Using 1 workers of 1 for evacuation
[2022-06-28T08:15:12.020+0000][7][gc,age      ] GC(89) Desired survivor size 8388608 bytes, new threshold 15 (max threshold 15)
[2022-06-28T08:15:12.023+0000][7][gc,phases   ] GC(89)   Pre Evacuate Collection Set: 0.0ms
[2022-06-28T08:15:12.023+0000][7][gc,phases   ] GC(89)   Merge Heap Roots: 0.0ms
[2022-06-28T08:15:12.023+0000][7][gc,phases   ] GC(89)   Evacuate Collection Set: 1.6ms
[2022-06-28T08:15:12.023+0000][7][gc,phases   ] GC(89)   Post Evacuate Collection Set: 0.9ms
[2022-06-28T08:15:12.023+0000][7][gc,phases   ] GC(89)   Other: 0.1ms
[2022-06-28T08:15:12.023+0000][7][gc,age      ] GC(89) Age table with threshold 15 (max threshold 15)
[2022-06-28T08:15:12.023+0000][7][gc,age      ] GC(89) - age   1:       9784 bytes,       9784 total
[2022-06-28T08:15:12.023+0000][7][gc,age      ] GC(89) - age   2:       2168 bytes,      11952 total
[2022-06-28T08:15:12.023+0000][7][gc,age      ] GC(89) - age   3:        200 bytes,      12152 total
[2022-06-28T08:15:12.023+0000][7][gc,age      ] GC(89) - age   4:        344 bytes,      12496 total
[2022-06-28T08:15:12.023+0000][7][gc,age      ] GC(89) - age   5:        576 bytes,      13072 total
[2022-06-28T08:15:12.023+0000][7][gc,age      ] GC(89) - age   7:        112 bytes,      13184 total
[2022-06-28T08:15:12.023+0000][7][gc,age      ] GC(89) - age   8:        448 bytes,      13632 total
[2022-06-28T08:15:12.023+0000][7][gc,age      ] GC(89) - age   9:       1864 bytes,      15496 total
[2022-06-28T08:15:12.023+0000][7][gc,age      ] GC(89) - age  10:       1224 bytes,      16720 total
[2022-06-28T08:15:12.023+0000][7][gc,age      ] GC(89) - age  13:        104 bytes,      16824 total
[2022-06-28T08:15:12.023+0000][7][gc,age      ] GC(89) - age  15:        368 bytes,      17192 total
[2022-06-28T08:15:12.023+0000][7][gc,heap     ] GC(89) Eden regions: 29->0(29)
[2022-06-28T08:15:12.023+0000][7][gc,heap     ] GC(89) Survivor regions: 1->1(4)
[2022-06-28T08:15:12.023+0000][7][gc,heap     ] GC(89) Old regions: 19->19
[2022-06-28T08:15:12.023+0000][7][gc,heap     ] GC(89) Archive regions: 2->2
[2022-06-28T08:15:12.023+0000][7][gc,heap     ] GC(89) Humongous regions: 2->2
[2022-06-28T08:15:12.023+0000][7][gc,metaspace] GC(89) Metaspace: 102299K(106432K)->102299K(106432K) NonClass: 88618K(90944K)->88618K(90944K) Class: 13681K(15488K)->13681K(15488K)
[2022-06-28T08:15:12.023+0000][7][gc          ] GC(89) Pause Young (Normal) (G1 Evacuation Pause) 201M->85M(256M) 2.852ms
[2022-06-28T08:15:12.023+0000][7][gc,cpu      ] GC(89) User=0.00s Sys=0.00s Real=0.00s
[2022-06-28T08:15:12.023+0000][7][safepoint   ] Safepoint "G1CollectForAllocation", Time since last: 7885469426 ns, Reaching safepoint: 26917 ns, At safepoint: 2894057 ns, Total: 2920974 ns
[2022-06-28T08:16:34.032+0000][7][safepoint   ] Safepoint "Cleanup", Time since last: 82009088912 ns, Reaching safepoint: 57140 ns, At safepoint: 7803 ns, Total: 64943 ns
[2022-06-28T08:17:17.134+0000][7][gc,start    ] GC(90) Pause Young (Concurrent Start) (G1 Evacuation Pause)
[2022-06-28T08:17:17.134+0000][7][gc,task     ] GC(90) Using 1 workers of 1 for evacuation
[2022-06-28T08:17:17.134+0000][7][gc,age      ] GC(90) Desired survivor size 8388608 bytes, new threshold 15 (max threshold 15)
[2022-06-28T08:17:17.137+0000][7][gc,phases   ] GC(90)   Pre Evacuate Collection Set: 0.2ms
[2022-06-28T08:17:17.137+0000][7][gc,phases   ] GC(90)   Merge Heap Roots: 0.0ms
[2022-06-28T08:17:17.137+0000][7][gc,phases   ] GC(90)   Evacuate Collection Set: 1.5ms
[2022-06-28T08:17:17.137+0000][7][gc,phases   ] GC(90)   Post Evacuate Collection Set: 0.8ms
[2022-06-28T08:17:17.137+0000][7][gc,phases   ] GC(90)   Other: 0.1ms
[2022-06-28T08:17:17.137+0000][7][gc,age      ] GC(90) Age table with threshold 15 (max threshold 15)
[2022-06-28T08:17:17.137+0000][7][gc,age      ] GC(90) - age   1:      12432 bytes,      12432 total
[2022-06-28T08:17:17.137+0000][7][gc,age      ] GC(90) - age   2:        200 bytes,      12632 total
[2022-06-28T08:17:17.137+0000][7][gc,age      ] GC(90) - age   3:       2168 bytes,      14800 total
[2022-06-28T08:17:17.137+0000][7][gc,age      ] GC(90) - age   4:        200 bytes,      15000 total
[2022-06-28T08:17:17.137+0000][7][gc,age      ] GC(90) - age   5:        144 bytes,      15144 total
[2022-06-28T08:17:17.137+0000][7][gc,age      ] GC(90) - age   8:        112 bytes,      15256 total
[2022-06-28T08:17:17.137+0000][7][gc,age      ] GC(90) - age   9:        448 bytes,      15704 total
[2022-06-28T08:17:17.137+0000][7][gc,age      ] GC(90) - age  10:       1864 bytes,      17568 total
[2022-06-28T08:17:17.137+0000][7][gc,age      ] GC(90) - age  11:       1224 bytes,      18792 total
[2022-06-28T08:17:17.137+0000][7][gc,age      ] GC(90) - age  14:        104 bytes,      18896 total
[2022-06-28T08:17:17.137+0000][7][gc,heap     ] GC(90) Eden regions: 29->0(29)
[2022-06-28T08:17:17.137+0000][7][gc,heap     ] GC(90) Survivor regions: 1->1(4)
[2022-06-28T08:17:17.137+0000][7][gc,heap     ] GC(90) Old regions: 19->19
[2022-06-28T08:17:17.137+0000][7][gc,heap     ] GC(90) Archive regions: 2->2
[2022-06-28T08:17:17.137+0000][7][gc,heap     ] GC(90) Humongous regions: 2->2
[2022-06-28T08:17:17.137+0000][7][gc,metaspace] GC(90) Metaspace: 102302K(106432K)->102302K(106432K) NonClass: 88620K(90944K)->88620K(90944K) Class: 13681K(15488K)->13681K(15488K)
[2022-06-28T08:17:17.137+0000][7][gc          ] GC(90) Pause Young (Concurrent Start) (G1 Evacuation Pause) 201M->85M(256M) 2.892ms
[2022-06-28T08:17:17.137+0000][7][gc,cpu      ] GC(90) User=0.00s Sys=0.00s Real=0.01s
[2022-06-28T08:17:17.137+0000][7][safepoint   ] Safepoint "G1CollectForAllocation", Time since last: 43101639312 ns, Reaching safepoint: 26357 ns, At safepoint: 2943242 ns, Total: 2969599 ns
[2022-06-28T08:17:17.137+0000][7][gc          ] GC(91) Concurrent Mark Cycle
[2022-06-28T08:17:17.137+0000][7][gc,marking  ] GC(91) Concurrent Clear Claimed Marks
[2022-06-28T08:17:17.137+0000][7][gc,marking  ] GC(91) Concurrent Clear Claimed Marks 0.041ms
[2022-06-28T08:17:17.137+0000][7][gc,marking  ] GC(91) Concurrent Scan Root Regions
[2022-06-28T08:17:17.138+0000][7][gc,marking  ] GC(91) Concurrent Scan Root Regions 0.939ms
[2022-06-28T08:17:17.138+0000][7][gc,marking  ] GC(91) Concurrent Mark
[2022-06-28T08:17:17.138+0000][7][gc,marking  ] GC(91) Concurrent Mark From Roots
[2022-06-28T08:17:17.138+0000][7][gc,task     ] GC(91) Using 1 workers of 1 for marking
[2022-06-28T08:17:17.252+0000][7][gc,marking  ] GC(91) Concurrent Mark From Roots 114.385ms
[2022-06-28T08:17:17.252+0000][7][gc,marking  ] GC(91) Concurrent Preclean
[2022-06-28T08:17:17.252+0000][7][gc,marking  ] GC(91) Concurrent Preclean 0.110ms
[2022-06-28T08:17:17.252+0000][7][gc,start    ] GC(91) Pause Remark
[2022-06-28T08:17:17.265+0000][7][gc          ] GC(91) Pause Remark 86M->86M(256M) 12.074ms
[2022-06-28T08:17:17.265+0000][7][gc,cpu      ] GC(91) User=0.01s Sys=0.00s Real=0.01s
[2022-06-28T08:17:17.265+0000][7][safepoint   ] Safepoint "G1Concurrent", Time since last: 115636893 ns, Reaching safepoint: 25439 ns, At safepoint: 12129233 ns, Total: 12154672 ns
[2022-06-28T08:17:17.265+0000][7][gc,marking  ] GC(91) Concurrent Mark 126.755ms
[2022-06-28T08:17:17.265+0000][7][gc,marking  ] GC(91) Concurrent Rebuild Remembered Sets
[2022-06-28T08:17:17.330+0000][7][gc,marking  ] GC(91) Concurrent Rebuild Remembered Sets 65.386ms
[2022-06-28T08:17:17.330+0000][7][gc,start    ] GC(91) Pause Cleanup
[2022-06-28T08:17:17.330+0000][7][gc          ] GC(91) Pause Cleanup 86M->86M(256M) 0.050ms
[2022-06-28T08:17:17.330+0000][7][gc,cpu      ] GC(91) User=0.00s Sys=0.00s Real=0.00s
[2022-06-28T08:17:17.330+0000][7][safepoint   ] Safepoint "G1Concurrent", Time since last: 65479408 ns, Reaching safepoint: 24065 ns, At safepoint: 217420 ns, Total: 241485 ns
[2022-06-28T08:17:17.330+0000][7][gc,marking  ] GC(91) Concurrent Cleanup for Next Mark
[2022-06-28T08:17:17.331+0000][7][gc,marking  ] GC(91) Concurrent Cleanup for Next Mark 0.674ms
[2022-06-28T08:17:17.331+0000][7][gc          ] GC(91) Concurrent Mark Cycle 194.183ms
[2022-06-28T08:18:16.337+0000][7][safepoint   ] Safepoint "Cleanup", Time since last: 59006221862 ns, Reaching safepoint: 46934 ns, At safepoint: 4548 ns, Total: 51482 ns
[2022-06-28T08:19:22.251+0000][7][gc,start    ] GC(92) Pause Young (Normal) (G1 Evacuation Pause)
[2022-06-28T08:19:22.251+0000][7][gc,task     ] GC(92) Using 1 workers of 1 for evacuation
[2022-06-28T08:19:22.251+0000][7][gc,age      ] GC(92) Desired survivor size 8388608 bytes, new threshold 15 (max threshold 15)
[2022-06-28T08:19:22.254+0000][7][gc,phases   ] GC(92)   Pre Evacuate Collection Set: 0.1ms
[2022-06-28T08:19:22.254+0000][7][gc,phases   ] GC(92)   Merge Heap Roots: 0.0ms
[2022-06-28T08:19:22.254+0000][7][gc,phases   ] GC(92)   Evacuate Collection Set: 1.6ms
[2022-06-28T08:19:22.254+0000][7][gc,phases   ] GC(92)   Post Evacuate Collection Set: 0.9ms
[2022-06-28T08:19:22.254+0000][7][gc,phases   ] GC(92)   Other: 0.1ms
[2022-06-28T08:19:22.254+0000][7][gc,age      ] GC(92) Age table with threshold 15 (max threshold 15)
[2022-06-28T08:19:22.254+0000][7][gc,age      ] GC(92) - age   1:      10592 bytes,      10592 total
[2022-06-28T08:19:22.254+0000][7][gc,age      ] GC(92) - age   2:       2200 bytes,      12792 total
[2022-06-28T08:19:22.254+0000][7][gc,age      ] GC(92) - age   3:        200 bytes,      12992 total
[2022-06-28T08:19:22.254+0000][7][gc,age      ] GC(92) - age   4:       2168 bytes,      15160 total
[2022-06-28T08:19:22.254+0000][7][gc,age      ] GC(92) - age   5:        200 bytes,      15360 total
[2022-06-28T08:19:22.254+0000][7][gc,age      ] GC(92) - age   6:        144 bytes,      15504 total
[2022-06-28T08:19:22.254+0000][7][gc,age      ] GC(92) - age   9:        112 bytes,      15616 total
[2022-06-28T08:19:22.254+0000][7][gc,age      ] GC(92) - age  10:        448 bytes,      16064 total
[2022-06-28T08:19:22.254+0000][7][gc,age      ] GC(92) - age  11:       1864 bytes,      17928 total
[2022-06-28T08:19:22.254+0000][7][gc,age      ] GC(92) - age  12:       1224 bytes,      19152 total
[2022-06-28T08:19:22.254+0000][7][gc,age      ] GC(92) - age  15:        104 bytes,      19256 total
[2022-06-28T08:19:22.254+0000][7][gc,heap     ] GC(92) Eden regions: 29->0(29)
[2022-06-28T08:19:22.254+0000][7][gc,heap     ] GC(92) Survivor regions: 1->1(4)
[2022-06-28T08:19:22.254+0000][7][gc,heap     ] GC(92) Old regions: 19->19
[2022-06-28T08:19:22.254+0000][7][gc,heap     ] GC(92) Archive regions: 2->2
[2022-06-28T08:19:22.254+0000][7][gc,heap     ] GC(92) Humongous regions: 2->2
[2022-06-28T08:19:22.254+0000][7][gc,metaspace] GC(92) Metaspace: 102302K(106432K)->102302K(106432K) NonClass: 88620K(90944K)->88620K(90944K) Class: 13681K(15488K)->13681K(15488K)
[2022-06-28T08:19:22.254+0000][7][gc          ] GC(92) Pause Young (Normal) (G1 Evacuation Pause) 201M->85M(256M) 2.944ms
[2022-06-28T08:19:22.254+0000][7][gc,cpu      ] GC(92) User=0.00s Sys=0.00s Real=0.00s
[2022-06-28T08:19:22.254+0000][7][safepoint   ] Safepoint "G1CollectForAllocation", Time since last: 65914535018 ns, Reaching safepoint: 26661 ns, At safepoint: 3051070 ns, Total: 3077731 ns
[2022-06-28T08:20:06.259+0000][7][safepoint   ] Safepoint "Cleanup", Time since last: 44004613193 ns, Reaching safepoint: 34251 ns, At safepoint: 4877 ns, Total: 39128 ns
[2022-06-28T08:20:07.259+0000][7][safepoint   ] Safepoint "Cleanup", Time since last: 1000153400 ns, Reaching safepoint: 36893 ns, At safepoint: 4828 ns, Total: 41721 ns
[2022-06-28T08:21:27.362+0000][7][gc,start    ] GC(93) Pause Young (Concurrent Start) (G1 Evacuation Pause)
[2022-06-28T08:21:27.362+0000][7][gc,task     ] GC(93) Using 1 workers of 1 for evacuation
[2022-06-28T08:21:27.362+0000][7][gc,age      ] GC(93) Desired survivor size 8388608 bytes, new threshold 15 (max threshold 15)
[2022-06-28T08:21:27.365+0000][7][gc,phases   ] GC(93)   Pre Evacuate Collection Set: 0.2ms
[2022-06-28T08:21:27.365+0000][7][gc,phases   ] GC(93)   Merge Heap Roots: 0.0ms
[2022-06-28T08:21:27.365+0000][7][gc,phases   ] GC(93)   Evacuate Collection Set: 1.6ms
[2022-06-28T08:21:27.365+0000][7][gc,phases   ] GC(93)   Post Evacuate Collection Set: 0.8ms
[2022-06-28T08:21:27.365+0000][7][gc,phases   ] GC(93)   Other: 0.1ms
[2022-06-28T08:21:27.365+0000][7][gc,age      ] GC(93) Age table with threshold 15 (max threshold 15)
[2022-06-28T08:21:27.365+0000][7][gc,age      ] GC(93) - age   1:       9928 bytes,       9928 total
[2022-06-28T08:21:27.365+0000][7][gc,age      ] GC(93) - age   3:       2200 bytes,      12128 total
[2022-06-28T08:21:27.365+0000][7][gc,age      ] GC(93) - age   4:        200 bytes,      12328 total
[2022-06-28T08:21:27.365+0000][7][gc,age      ] GC(93) - age   5:       2168 bytes,      14496 total
[2022-06-28T08:21:27.365+0000][7][gc,age      ] GC(93) - age   6:        200 bytes,      14696 total
[2022-06-28T08:21:27.365+0000][7][gc,age      ] GC(93) - age   7:        144 bytes,      14840 total
[2022-06-28T08:21:27.365+0000][7][gc,age      ] GC(93) - age  10:        112 bytes,      14952 total
[2022-06-28T08:21:27.365+0000][7][gc,age      ] GC(93) - age  11:        448 bytes,      15400 total
[2022-06-28T08:21:27.365+0000][7][gc,age      ] GC(93) - age  12:       1864 bytes,      17264 total
[2022-06-28T08:21:27.365+0000][7][gc,age      ] GC(93) - age  13:       1224 bytes,      18488 total
[2022-06-28T08:21:27.365+0000][7][gc,heap     ] GC(93) Eden regions: 29->0(29)
[2022-06-28T08:21:27.365+0000][7][gc,heap     ] GC(93) Survivor regions: 1->1(4)
[2022-06-28T08:21:27.365+0000][7][gc,heap     ] GC(93) Old regions: 19->19
[2022-06-28T08:21:27.365+0000][7][gc,heap     ] GC(93) Archive regions: 2->2
[2022-06-28T08:21:27.365+0000][7][gc,heap     ] GC(93) Humongous regions: 2->2
[2022-06-28T08:21:27.365+0000][7][gc,metaspace] GC(93) Metaspace: 102336K(106432K)->102336K(106432K) NonClass: 88655K(90944K)->88655K(90944K) Class: 13681K(15488K)->13681K(15488K)
[2022-06-28T08:21:27.365+0000][7][gc          ] GC(93) Pause Young (Concurrent Start) (G1 Evacuation Pause) 201M->85M(256M) 2.979ms
[2022-06-28T08:21:27.365+0000][7][gc,cpu      ] GC(93) User=0.00s Sys=0.00s Real=0.00s
[2022-06-28T08:21:27.365+0000][7][safepoint   ] Safepoint "G1CollectForAllocation", Time since last: 80102909651 ns, Reaching safepoint: 24998 ns, At safepoint: 3029299 ns, Total: 3054297 ns
[2022-06-28T08:21:27.365+0000][7][gc          ] GC(94) Concurrent Mark Cycle
[2022-06-28T08:21:27.365+0000][7][gc,marking  ] GC(94) Concurrent Clear Claimed Marks
[2022-06-28T08:21:27.365+0000][7][gc,marking  ] GC(94) Concurrent Clear Claimed Marks 0.040ms
[2022-06-28T08:21:27.365+0000][7][gc,marking  ] GC(94) Concurrent Scan Root Regions
[2022-06-28T08:21:27.366+0000][7][gc,marking  ] GC(94) Concurrent Scan Root Regions 0.888ms
[2022-06-28T08:21:27.366+0000][7][gc,marking  ] GC(94) Concurrent Mark
[2022-06-28T08:21:27.366+0000][7][gc,marking  ] GC(94) Concurrent Mark From Roots
[2022-06-28T08:21:27.366+0000][7][gc,task     ] GC(94) Using 1 workers of 1 for marking
[2022-06-28T08:21:27.481+0000][7][gc,marking  ] GC(94) Concurrent Mark From Roots 114.956ms
[2022-06-28T08:21:27.481+0000][7][gc,marking  ] GC(94) Concurrent Preclean
[2022-06-28T08:21:27.481+0000][7][gc,marking  ] GC(94) Concurrent Preclean 0.108ms
[2022-06-28T08:21:27.481+0000][7][gc,start    ] GC(94) Pause Remark
[2022-06-28T08:21:27.493+0000][7][gc          ] GC(94) Pause Remark 86M->86M(256M) 12.153ms
[2022-06-28T08:21:27.493+0000][7][gc,cpu      ] GC(94) User=0.01s Sys=0.00s Real=0.01s
[2022-06-28T08:21:27.493+0000][7][safepoint   ] Safepoint "G1Concurrent", Time since last: 116160800 ns, Reaching safepoint: 23688 ns, At safepoint: 12209371 ns, Total: 12233059 ns
[2022-06-28T08:21:27.493+0000][7][gc,marking  ] GC(94) Concurrent Mark 127.399ms
[2022-06-28T08:21:27.493+0000][7][gc,marking  ] GC(94) Concurrent Rebuild Remembered Sets
[2022-06-28T08:21:27.558+0000][7][gc,marking  ] GC(94) Concurrent Rebuild Remembered Sets 64.983ms
[2022-06-28T08:21:27.559+0000][7][gc,start    ] GC(94) Pause Cleanup
[2022-06-28T08:21:27.559+0000][7][gc          ] GC(94) Pause Cleanup 86M->86M(256M) 0.058ms
[2022-06-28T08:21:27.559+0000][7][gc,cpu      ] GC(94) User=0.00s Sys=0.00s Real=0.00s
[2022-06-28T08:21:27.559+0000][7][safepoint   ] Safepoint "G1Concurrent", Time since last: 65096099 ns, Reaching safepoint: 22520 ns, At safepoint: 93194 ns, Total: 115714 ns
[2022-06-28T08:21:27.559+0000][7][gc,marking  ] GC(94) Concurrent Cleanup for Next Mark
[2022-06-28T08:21:27.559+0000][7][gc,marking  ] GC(94) Concurrent Cleanup for Next Mark 0.657ms
[2022-06-28T08:21:27.559+0000][7][gc          ] GC(94) Concurrent Mark Cycle 194.243ms
[2022-06-28T08:21:36.560+0000][7][safepoint   ] Safepoint "Cleanup", Time since last: 9000928061 ns, Reaching safepoint: 37965 ns, At safepoint: 4275 ns, Total: 42240 ns
[2022-06-28T08:22:51.567+0000][7][safepoint   ] Safepoint "Cleanup", Time since last: 75007822340 ns, Reaching safepoint: 38133 ns, At safepoint: 4685 ns, Total: 42818 ns
[2022-06-28T08:23:32.479+0000][7][gc,start    ] GC(95) Pause Young (Normal) (G1 Evacuation Pause)
[2022-06-28T08:23:32.479+0000][7][gc,task     ] GC(95) Using 1 workers of 1 for evacuation
[2022-06-28T08:23:32.479+0000][7][gc,age      ] GC(95) Desired survivor size 8388608 bytes, new threshold 15 (max threshold 15)
[2022-06-28T08:23:32.482+0000][7][gc,phases   ] GC(95)   Pre Evacuate Collection Set: 0.0ms
[2022-06-28T08:23:32.482+0000][7][gc,phases   ] GC(95)   Merge Heap Roots: 0.1ms
[2022-06-28T08:23:32.482+0000][7][gc,phases   ] GC(95)   Evacuate Collection Set: 1.7ms
[2022-06-28T08:23:32.482+0000][7][gc,phases   ] GC(95)   Post Evacuate Collection Set: 1.0ms
[2022-06-28T08:23:32.482+0000][7][gc,phases   ] GC(95)   Other: 0.1ms
[2022-06-28T08:23:32.482+0000][7][gc,age      ] GC(95) Age table with threshold 15 (max threshold 15)
[2022-06-28T08:23:32.482+0000][7][gc,age      ] GC(95) - age   1:      10392 bytes,      10392 total
[2022-06-28T08:23:32.482+0000][7][gc,age      ] GC(95) - age   2:        368 bytes,      10760 total
[2022-06-28T08:23:32.482+0000][7][gc,age      ] GC(95) - age   4:       2200 bytes,      12960 total
[2022-06-28T08:23:32.482+0000][7][gc,age      ] GC(95) - age   5:        200 bytes,      13160 total
[2022-06-28T08:23:32.482+0000][7][gc,age      ] GC(95) - age   6:       2168 bytes,      15328 total
[2022-06-28T08:23:32.482+0000][7][gc,age      ] GC(95) - age   8:        144 bytes,      15472 total
[2022-06-28T08:23:32.482+0000][7][gc,age      ] GC(95) - age  11:        112 bytes,      15584 total
[2022-06-28T08:23:32.482+0000][7][gc,age      ] GC(95) - age  12:        448 bytes,      16032 total
[2022-06-28T08:23:32.482+0000][7][gc,age      ] GC(95) - age  13:       1864 bytes,      17896 total
[2022-06-28T08:23:32.482+0000][7][gc,age      ] GC(95) - age  14:       1224 bytes,      19120 total
[2022-06-28T08:23:32.482+0000][7][gc,heap     ] GC(95) Eden regions: 29->0(29)
[2022-06-28T08:23:32.482+0000][7][gc,heap     ] GC(95) Survivor regions: 1->1(4)
[2022-06-28T08:23:32.483+0000][7][gc,heap     ] GC(95) Old regions: 19->19
[2022-06-28T08:23:32.483+0000][7][gc,heap     ] GC(95) Archive regions: 2->2
[2022-06-28T08:23:32.483+0000][7][gc,heap     ] GC(95) Humongous regions: 2->2
[2022-06-28T08:23:32.483+0000][7][gc,metaspace] GC(95) Metaspace: 102339K(106432K)->102339K(106432K) NonClass: 88658K(90944K)->88658K(90944K) Class: 13681K(15488K)->13681K(15488K)
[2022-06-28T08:23:32.483+0000][7][gc          ] GC(95) Pause Young (Normal) (G1 Evacuation Pause) 201M->85M(256M) 3.198ms
[2022-06-28T08:23:32.483+0000][7][gc,cpu      ] GC(95) User=0.00s Sys=0.00s Real=0.00s
[2022-06-28T08:23:32.483+0000][7][safepoint   ] Safepoint "G1CollectForAllocation", Time since last: 40911869620 ns, Reaching safepoint: 25958 ns, At safepoint: 3257608 ns, Total: 3283566 ns
[2022-06-28T08:24:48.490+0000][7][safepoint   ] Safepoint "Cleanup", Time since last: 76007749908 ns, Reaching safepoint: 39042 ns, At safepoint: 26498 ns, Total: 65540 ns
[2022-06-28T08:25:37.590+0000][7][gc,start    ] GC(96) Pause Young (Concurrent Start) (G1 Evacuation Pause)
[2022-06-28T08:25:37.590+0000][7][gc,task     ] GC(96) Using 1 workers of 1 for evacuation
[2022-06-28T08:25:37.590+0000][7][gc,age      ] GC(96) Desired survivor size 8388608 bytes, new threshold 15 (max threshold 15)
[2022-06-28T08:25:37.592+0000][7][gc,phases   ] GC(96)   Pre Evacuate Collection Set: 0.2ms
[2022-06-28T08:25:37.593+0000][7][gc,phases   ] GC(96)   Merge Heap Roots: 0.0ms
[2022-06-28T08:25:37.593+0000][7][gc,phases   ] GC(96)   Evacuate Collection Set: 1.5ms
[2022-06-28T08:25:37.593+0000][7][gc,phases   ] GC(96)   Post Evacuate Collection Set: 0.8ms
[2022-06-28T08:25:37.593+0000][7][gc,phases   ] GC(96)   Other: 0.1ms
[2022-06-28T08:25:37.593+0000][7][gc,age      ] GC(96) Age table with threshold 15 (max threshold 15)
[2022-06-28T08:25:37.593+0000][7][gc,age      ] GC(96) - age   1:      10904 bytes,      10904 total
[2022-06-28T08:25:37.593+0000][7][gc,age      ] GC(96) - age   2:        336 bytes,      11240 total
[2022-06-28T08:25:37.593+0000][7][gc,age      ] GC(96) - age   3:        368 bytes,      11608 total
[2022-06-28T08:25:37.593+0000][7][gc,age      ] GC(96) - age   5:       2200 bytes,      13808 total
[2022-06-28T08:25:37.593+0000][7][gc,age      ] GC(96) - age   6:        200 bytes,      14008 total
[2022-06-28T08:25:37.593+0000][7][gc,age      ] GC(96) - age   7:       1968 bytes,      15976 total
[2022-06-28T08:25:37.593+0000][7][gc,age      ] GC(96) - age   9:        144 bytes,      16120 total
[2022-06-28T08:25:37.593+0000][7][gc,age      ] GC(96) - age  12:        112 bytes,      16232 total
[2022-06-28T08:25:37.593+0000][7][gc,age      ] GC(96) - age  13:        448 bytes,      16680 total
[2022-06-28T08:25:37.593+0000][7][gc,age      ] GC(96) - age  14:       1864 bytes,      18544 total
[2022-06-28T08:25:37.593+0000][7][gc,age      ] GC(96) - age  15:       1224 bytes,      19768 total
[2022-06-28T08:25:37.593+0000][7][gc,heap     ] GC(96) Eden regions: 29->0(29)
[2022-06-28T08:25:37.593+0000][7][gc,heap     ] GC(96) Survivor regions: 1->1(4)
[2022-06-28T08:25:37.593+0000][7][gc,heap     ] GC(96) Old regions: 19->19
[2022-06-28T08:25:37.593+0000][7][gc,heap     ] GC(96) Archive regions: 2->2
[2022-06-28T08:25:37.593+0000][7][gc,heap     ] GC(96) Humongous regions: 2->2
[2022-06-28T08:25:37.593+0000][7][gc,metaspace] GC(96) Metaspace: 102339K(106432K)->102339K(106432K) NonClass: 88658K(90944K)->88658K(90944K) Class: 13681K(15488K)->13681K(15488K)
[2022-06-28T08:25:37.593+0000][7][gc          ] GC(96) Pause Young (Concurrent Start) (G1 Evacuation Pause) 201M->85M(256M) 2.846ms
[2022-06-28T08:25:37.593+0000][7][gc,cpu      ] GC(96) User=0.00s Sys=0.00s Real=0.00s
[2022-06-28T08:25:37.593+0000][7][safepoint   ] Safepoint "G1CollectForAllocation", Time since last: 49099386574 ns, Reaching safepoint: 27143 ns, At safepoint: 2894094 ns, Total: 2921237 ns
[2022-06-28T08:25:37.593+0000][7][gc          ] GC(97) Concurrent Mark Cycle
[2022-06-28T08:25:37.593+0000][7][gc,marking  ] GC(97) Concurrent Clear Claimed Marks
[2022-06-28T08:25:37.593+0000][7][gc,marking  ] GC(97) Concurrent Clear Claimed Marks 0.040ms
[2022-06-28T08:25:37.593+0000][7][gc,marking  ] GC(97) Concurrent Scan Root Regions
[2022-06-28T08:25:37.594+0000][7][gc,marking  ] GC(97) Concurrent Scan Root Regions 0.907ms
[2022-06-28T08:25:37.594+0000][7][gc,marking  ] GC(97) Concurrent Mark
[2022-06-28T08:25:37.594+0000][7][gc,marking  ] GC(97) Concurrent Mark From Roots
[2022-06-28T08:25:37.594+0000][7][gc,task     ] GC(97) Using 1 workers of 1 for marking
[2022-06-28T08:25:37.711+0000][7][gc,marking  ] GC(97) Concurrent Mark From Roots 117.097ms
[2022-06-28T08:25:37.711+0000][7][gc,marking  ] GC(97) Concurrent Preclean
[2022-06-28T08:25:37.711+0000][7][gc,marking  ] GC(97) Concurrent Preclean 0.121ms
[2022-06-28T08:25:37.711+0000][7][gc,start    ] GC(97) Pause Remark
[2022-06-28T08:25:37.724+0000][7][gc          ] GC(97) Pause Remark 88M->88M(256M) 12.787ms
[2022-06-28T08:25:37.724+0000][7][gc,cpu      ] GC(97) User=0.01s Sys=0.00s Real=0.01s
[2022-06-28T08:25:37.724+0000][7][safepoint   ] Safepoint "G1Concurrent", Time since last: 118322007 ns, Reaching safepoint: 24227 ns, At safepoint: 12837878 ns, Total: 12862105 ns
[2022-06-28T08:25:37.724+0000][7][gc,marking  ] GC(97) Concurrent Mark 130.187ms
[2022-06-28T08:25:37.724+0000][7][gc,marking  ] GC(97) Concurrent Rebuild Remembered Sets
[2022-06-28T08:25:37.790+0000][7][gc,marking  ] GC(97) Concurrent Rebuild Remembered Sets 65.867ms
[2022-06-28T08:25:37.790+0000][7][gc,start    ] GC(97) Pause Cleanup
[2022-06-28T08:25:37.790+0000][7][gc          ] GC(97) Pause Cleanup 88M->88M(256M) 0.050ms
[2022-06-28T08:25:37.790+0000][7][gc,cpu      ] GC(97) User=0.00s Sys=0.00s Real=0.00s
[2022-06-28T08:25:37.790+0000][7][safepoint   ] Safepoint "G1Concurrent", Time since last: 65960933 ns, Reaching safepoint: 22635 ns, At safepoint: 85162 ns, Total: 107797 ns
[2022-06-28T08:25:37.790+0000][7][gc,marking  ] GC(97) Concurrent Cleanup for Next Mark
[2022-06-28T08:25:37.791+0000][7][gc,marking  ] GC(97) Concurrent Cleanup for Next Mark 0.673ms
[2022-06-28T08:25:37.791+0000][7][gc          ] GC(97) Concurrent Mark Cycle 198.041ms
[2022-06-28T08:27:38.706+0000][7][gc,start    ] GC(98) Pause Young (Normal) (G1 Evacuation Pause)
[2022-06-28T08:27:38.706+0000][7][gc,task     ] GC(98) Using 1 workers of 1 for evacuation
[2022-06-28T08:27:38.706+0000][7][gc,age      ] GC(98) Desired survivor size 8388608 bytes, new threshold 15 (max threshold 15)
[2022-06-28T08:27:38.709+0000][7][gc,phases   ] GC(98)   Pre Evacuate Collection Set: 0.1ms
[2022-06-28T08:27:38.709+0000][7][gc,phases   ] GC(98)   Merge Heap Roots: 0.1ms
[2022-06-28T08:27:38.709+0000][7][gc,phases   ] GC(98)   Evacuate Collection Set: 1.6ms
[2022-06-28T08:27:38.709+0000][7][gc,phases   ] GC(98)   Post Evacuate Collection Set: 0.8ms
[2022-06-28T08:27:38.709+0000][7][gc,phases   ] GC(98)   Other: 0.1ms
[2022-06-28T08:27:38.709+0000][7][gc,age      ] GC(98) Age table with threshold 15 (max threshold 15)
[2022-06-28T08:27:38.709+0000][7][gc,age      ] GC(98) - age   1:      24416 bytes,      24416 total
[2022-06-28T08:27:38.709+0000][7][gc,age      ] GC(98) - age   2:        488 bytes,      24904 total
[2022-06-28T08:27:38.709+0000][7][gc,age      ] GC(98) - age   3:        336 bytes,      25240 total
[2022-06-28T08:27:38.709+0000][7][gc,age      ] GC(98) - age   4:        368 bytes,      25608 total
[2022-06-28T08:27:38.709+0000][7][gc,age      ] GC(98) - age   6:       1624 bytes,      27232 total
[2022-06-28T08:27:38.709+0000][7][gc,age      ] GC(98) - age   8:       1968 bytes,      29200 total
[2022-06-28T08:27:38.709+0000][7][gc,age      ] GC(98) - age  10:        144 bytes,      29344 total
[2022-06-28T08:27:38.709+0000][7][gc,age      ] GC(98) - age  13:        112 bytes,      29456 total
[2022-06-28T08:27:38.709+0000][7][gc,age      ] GC(98) - age  14:        448 bytes,      29904 total
[2022-06-28T08:27:38.709+0000][7][gc,age      ] GC(98) - age  15:       1864 bytes,      31768 total
[2022-06-28T08:27:38.709+0000][7][gc,heap     ] GC(98) Eden regions: 29->0(29)
[2022-06-28T08:27:38.709+0000][7][gc,heap     ] GC(98) Survivor regions: 1->1(4)
[2022-06-28T08:27:38.709+0000][7][gc,heap     ] GC(98) Old regions: 19->19
[2022-06-28T08:27:38.709+0000][7][gc,heap     ] GC(98) Archive regions: 2->2
[2022-06-28T08:27:38.709+0000][7][gc,heap     ] GC(98) Humongous regions: 2->2
[2022-06-28T08:27:38.709+0000][7][gc,metaspace] GC(98) Metaspace: 102340K(106432K)->102340K(106432K) NonClass: 88658K(90944K)->88658K(90944K) Class: 13681K(15488K)->13681K(15488K)
[2022-06-28T08:27:38.709+0000][7][gc          ] GC(98) Pause Young (Normal) (G1 Evacuation Pause) 201M->85M(256M) 2.864ms
[2022-06-28T08:27:38.709+0000][7][gc,cpu      ] GC(98) User=0.00s Sys=0.00s Real=0.01s
[2022-06-28T08:27:38.709+0000][7][safepoint   ] Safepoint "G1CollectForAllocation", Time since last: 120916155829 ns, Reaching safepoint: 152563 ns, At safepoint: 2912146 ns, Total: 3064709 ns
[2022-06-28T08:28:04.712+0000][7][safepoint   ] Safepoint "Cleanup", Time since last: 26002861894 ns, Reaching safepoint: 40852 ns, At safepoint: 4923 ns, Total: 45775 ns
[2022-06-28T08:29:34.722+0000][7][safepoint   ] Safepoint "Cleanup", Time since last: 90009579822 ns, Reaching safepoint: 42649 ns, At safepoint: 90566 ns, Total: 133215 ns
[2022-06-28T08:29:43.815+0000][7][gc,start    ] GC(99) Pause Young (Concurrent Start) (G1 Evacuation Pause)
[2022-06-28T08:29:43.815+0000][7][gc,task     ] GC(99) Using 1 workers of 1 for evacuation
[2022-06-28T08:29:43.815+0000][7][gc,age      ] GC(99) Desired survivor size 8388608 bytes, new threshold 15 (max threshold 15)
[2022-06-28T08:29:43.817+0000][7][gc,phases   ] GC(99)   Pre Evacuate Collection Set: 0.2ms
[2022-06-28T08:29:43.817+0000][7][gc,phases   ] GC(99)   Merge Heap Roots: 0.0ms
[2022-06-28T08:29:43.817+0000][7][gc,phases   ] GC(99)   Evacuate Collection Set: 1.5ms
[2022-06-28T08:29:43.817+0000][7][gc,phases   ] GC(99)   Post Evacuate Collection Set: 0.8ms
[2022-06-28T08:29:43.818+0000][7][gc,phases   ] GC(99)   Other: 0.1ms
[2022-06-28T08:29:43.818+0000][7][gc,age      ] GC(99) Age table with threshold 15 (max threshold 15)
[2022-06-28T08:29:43.818+0000][7][gc,age      ] GC(99) - age   1:       8720 bytes,       8720 total
[2022-06-28T08:29:43.818+0000][7][gc,age      ] GC(99) - age   2:      16176 bytes,      24896 total
[2022-06-28T08:29:43.818+0000][7][gc,age      ] GC(99) - age   3:        488 bytes,      25384 total
[2022-06-28T08:29:43.818+0000][7][gc,age      ] GC(99) - age   4:        336 bytes,      25720 total
[2022-06-28T08:29:43.818+0000][7][gc,age      ] GC(99) - age   5:        368 bytes,      26088 total
[2022-06-28T08:29:43.818+0000][7][gc,age      ] GC(99) - age   7:       1624 bytes,      27712 total
[2022-06-28T08:29:43.818+0000][7][gc,age      ] GC(99) - age   9:       1968 bytes,      29680 total
[2022-06-28T08:29:43.818+0000][7][gc,age      ] GC(99) - age  11:        144 bytes,      29824 total
[2022-06-28T08:29:43.818+0000][7][gc,age      ] GC(99) - age  14:        112 bytes,      29936 total
[2022-06-28T08:29:43.818+0000][7][gc,age      ] GC(99) - age  15:        448 bytes,      30384 total
[2022-06-28T08:29:43.818+0000][7][gc,heap     ] GC(99) Eden regions: 29->0(29)
[2022-06-28T08:29:43.818+0000][7][gc,heap     ] GC(99) Survivor regions: 1->1(4)
[2022-06-28T08:29:43.818+0000][7][gc,heap     ] GC(99) Old regions: 19->19
[2022-06-28T08:29:43.818+0000][7][gc,heap     ] GC(99) Archive regions: 2->2
[2022-06-28T08:29:43.818+0000][7][gc,heap     ] GC(99) Humongous regions: 2->2
[2022-06-28T08:29:43.818+0000][7][gc,metaspace] GC(99) Metaspace: 102343K(106432K)->102343K(106432K) NonClass: 88661K(90944K)->88661K(90944K) Class: 13681K(15488K)->13681K(15488K)
[2022-06-28T08:29:43.818+0000][7][gc          ] GC(99) Pause Young (Concurrent Start) (G1 Evacuation Pause) 201M->85M(256M) 2.923ms
[2022-06-28T08:29:43.818+0000][7][gc,cpu      ] GC(99) User=0.00s Sys=0.00s Real=0.00s
[2022-06-28T08:29:43.818+0000][7][safepoint   ] Safepoint "G1CollectForAllocation", Time since last: 9092742439 ns, Reaching safepoint: 152086 ns, At safepoint: 2971721 ns, Total: 3123807 ns
[2022-06-28T08:29:43.818+0000][7][gc          ] GC(100) Concurrent Mark Cycle
[2022-06-28T08:29:43.818+0000][7][gc,marking  ] GC(100) Concurrent Clear Claimed Marks
[2022-06-28T08:29:43.818+0000][7][gc,marking  ] GC(100) Concurrent Clear Claimed Marks 0.040ms
[2022-06-28T08:29:43.818+0000][7][gc,marking  ] GC(100) Concurrent Scan Root Regions
[2022-06-28T08:29:43.819+0000][7][gc,marking  ] GC(100) Concurrent Scan Root Regions 0.943ms
[2022-06-28T08:29:43.819+0000][7][gc,marking  ] GC(100) Concurrent Mark
[2022-06-28T08:29:43.819+0000][7][gc,marking  ] GC(100) Concurrent Mark From Roots
[2022-06-28T08:29:43.819+0000][7][gc,task     ] GC(100) Using 1 workers of 1 for marking
[2022-06-28T08:29:43.933+0000][7][gc,marking  ] GC(100) Concurrent Mark From Roots 114.576ms
[2022-06-28T08:29:43.933+0000][7][gc,marking  ] GC(100) Concurrent Preclean
[2022-06-28T08:29:43.933+0000][7][gc,marking  ] GC(100) Concurrent Preclean 0.127ms
[2022-06-28T08:29:43.934+0000][7][gc,start    ] GC(100) Pause Remark
[2022-06-28T08:29:43.946+0000][7][gc          ] GC(100) Pause Remark 86M->86M(256M) 12.680ms
[2022-06-28T08:29:43.946+0000][7][gc,cpu      ] GC(100) User=0.01s Sys=0.00s Real=0.01s
[2022-06-28T08:29:43.946+0000][7][safepoint   ] Safepoint "G1Concurrent", Time since last: 115847772 ns, Reaching safepoint: 23550 ns, At safepoint: 12731051 ns, Total: 12754601 ns
[2022-06-28T08:29:43.946+0000][7][gc,marking  ] GC(100) Concurrent Mark 127.560ms
[2022-06-28T08:29:43.946+0000][7][gc,marking  ] GC(100) Concurrent Rebuild Remembered Sets
[2022-06-28T08:29:44.013+0000][7][gc,marking  ] GC(100) Concurrent Rebuild Remembered Sets 66.931ms
[2022-06-28T08:29:44.013+0000][7][gc,start    ] GC(100) Pause Cleanup
[2022-06-28T08:29:44.013+0000][7][gc          ] GC(100) Pause Cleanup 86M->86M(256M) 0.049ms
[2022-06-28T08:29:44.013+0000][7][gc,cpu      ] GC(100) User=0.00s Sys=0.00s Real=0.00s
[2022-06-28T08:29:44.013+0000][7][safepoint   ] Safepoint "G1Concurrent", Time since last: 67023939 ns, Reaching safepoint: 34010 ns, At safepoint: 96453 ns, Total: 130463 ns
[2022-06-28T08:29:44.013+0000][7][gc,marking  ] GC(100) Concurrent Cleanup for Next Mark
[2022-06-28T08:29:44.014+0000][7][gc,marking  ] GC(100) Concurrent Cleanup for Next Mark 0.706ms
[2022-06-28T08:29:44.014+0000][7][gc          ] GC(100) Concurrent Mark Cycle 196.457ms
[2022-06-28T08:31:47.923+0000][7][gc,start    ] GC(101) Pause Young (Normal) (G1 Evacuation Pause)
[2022-06-28T08:31:47.923+0000][7][gc,task     ] GC(101) Using 1 workers of 1 for evacuation
[2022-06-28T08:31:47.923+0000][7][gc,age      ] GC(101) Desired survivor size 8388608 bytes, new threshold 15 (max threshold 15)
[2022-06-28T08:31:47.925+0000][7][gc,phases   ] GC(101)   Pre Evacuate Collection Set: 0.0ms
[2022-06-28T08:31:47.925+0000][7][gc,phases   ] GC(101)   Merge Heap Roots: 0.1ms
[2022-06-28T08:31:47.925+0000][7][gc,phases   ] GC(101)   Evacuate Collection Set: 1.6ms
[2022-06-28T08:31:47.925+0000][7][gc,phases   ] GC(101)   Post Evacuate Collection Set: 0.9ms
[2022-06-28T08:31:47.925+0000][7][gc,phases   ] GC(101)   Other: 0.1ms
[2022-06-28T08:31:47.925+0000][7][gc,age      ] GC(101) Age table with threshold 15 (max threshold 15)
[2022-06-28T08:31:47.925+0000][7][gc,age      ] GC(101) - age   1:       8312 bytes,       8312 total
[2022-06-28T08:31:47.925+0000][7][gc,age      ] GC(101) - age   2:        600 bytes,       8912 total
[2022-06-28T08:31:47.925+0000][7][gc,age      ] GC(101) - age   3:      10664 bytes,      19576 total
[2022-06-28T08:31:47.925+0000][7][gc,age      ] GC(101) - age   4:        488 bytes,      20064 total
[2022-06-28T08:31:47.925+0000][7][gc,age      ] GC(101) - age   5:        336 bytes,      20400 total
[2022-06-28T08:31:47.925+0000][7][gc,age      ] GC(101) - age   6:        168 bytes,      20568 total
[2022-06-28T08:31:47.925+0000][7][gc,age      ] GC(101) - age   8:       1624 bytes,      22192 total
[2022-06-28T08:31:47.925+0000][7][gc,age      ] GC(101) - age  10:       1968 bytes,      24160 total
[2022-06-28T08:31:47.925+0000][7][gc,age      ] GC(101) - age  12:        144 bytes,      24304 total
[2022-06-28T08:31:47.925+0000][7][gc,age      ] GC(101) - age  15:        112 bytes,      24416 total
[2022-06-28T08:31:47.925+0000][7][gc,heap     ] GC(101) Eden regions: 29->0(29)
[2022-06-28T08:31:47.925+0000][7][gc,heap     ] GC(101) Survivor regions: 1->1(4)
[2022-06-28T08:31:47.925+0000][7][gc,heap     ] GC(101) Old regions: 19->19
[2022-06-28T08:31:47.925+0000][7][gc,heap     ] GC(101) Archive regions: 2->2
[2022-06-28T08:31:47.925+0000][7][gc,heap     ] GC(101) Humongous regions: 2->2
[2022-06-28T08:31:47.925+0000][7][gc,metaspace] GC(101) Metaspace: 102345K(106432K)->102345K(106432K) NonClass: 88663K(90944K)->88663K(90944K) Class: 13681K(15488K)->13681K(15488K)
[2022-06-28T08:31:47.925+0000][7][gc          ] GC(101) Pause Young (Normal) (G1 Evacuation Pause) 201M->85M(256M) 2.847ms
[2022-06-28T08:31:47.925+0000][7][gc,cpu      ] GC(101) User=0.00s Sys=0.00s Real=0.00s
[2022-06-28T08:31:47.925+0000][7][safepoint   ] Safepoint "G1CollectForAllocation", Time since last: 123908915335 ns, Reaching safepoint: 157783 ns, At safepoint: 2901078 ns, Total: 3058861 ns
[2022-06-28T08:32:52.933+0000][7][safepoint   ] Safepoint "Cleanup", Time since last: 65007268999 ns, Reaching safepoint: 41852 ns, At safepoint: 5033 ns, Total: 46885 ns
[2022-06-28T08:32:53.933+0000][7][safepoint   ] Safepoint "Cleanup", Time since last: 1000164830 ns, Reaching safepoint: 37469 ns, At safepoint: 4768 ns, Total: 42237 ns
[2022-06-28T08:33:04.934+0000][7][safepoint   ] Safepoint "Cleanup", Time since last: 11001213940 ns, Reaching safepoint: 40956 ns, At safepoint: 25876 ns, Total: 66832 ns
[2022-06-28T08:33:53.033+0000][7][gc,start    ] GC(102) Pause Young (Concurrent Start) (G1 Evacuation Pause)
[2022-06-28T08:33:53.033+0000][7][gc,task     ] GC(102) Using 1 workers of 1 for evacuation
[2022-06-28T08:33:53.033+0000][7][gc,age      ] GC(102) Desired survivor size 8388608 bytes, new threshold 15 (max threshold 15)
[2022-06-28T08:33:53.036+0000][7][gc,phases   ] GC(102)   Pre Evacuate Collection Set: 0.2ms
[2022-06-28T08:33:53.036+0000][7][gc,phases   ] GC(102)   Merge Heap Roots: 0.0ms
[2022-06-28T08:33:53.036+0000][7][gc,phases   ] GC(102)   Evacuate Collection Set: 1.4ms
[2022-06-28T08:33:53.036+0000][7][gc,phases   ] GC(102)   Post Evacuate Collection Set: 0.8ms
[2022-06-28T08:33:53.036+0000][7][gc,phases   ] GC(102)   Other: 0.1ms
[2022-06-28T08:33:53.036+0000][7][gc,age      ] GC(102) Age table with threshold 15 (max threshold 15)
[2022-06-28T08:33:53.036+0000][7][gc,age      ] GC(102) - age   1:      13664 bytes,      13664 total
[2022-06-28T08:33:53.036+0000][7][gc,age      ] GC(102) - age   2:        200 bytes,      13864 total
[2022-06-28T08:33:53.036+0000][7][gc,age      ] GC(102) - age   3:        600 bytes,      14464 total
[2022-06-28T08:33:53.036+0000][7][gc,age      ] GC(102) - age   4:      10664 bytes,      25128 total
[2022-06-28T08:33:53.036+0000][7][gc,age      ] GC(102) - age   5:        488 bytes,      25616 total
[2022-06-28T08:33:53.036+0000][7][gc,age      ] GC(102) - age   6:        136 bytes,      25752 total
[2022-06-28T08:33:53.036+0000][7][gc,age      ] GC(102) - age   7:        168 bytes,      25920 total
[2022-06-28T08:33:53.036+0000][7][gc,age      ] GC(102) - age   9:       1624 bytes,      27544 total
[2022-06-28T08:33:53.036+0000][7][gc,age      ] GC(102) - age  11:       1968 bytes,      29512 total
[2022-06-28T08:33:53.036+0000][7][gc,age      ] GC(102) - age  13:        144 bytes,      29656 total
[2022-06-28T08:33:53.036+0000][7][gc,heap     ] GC(102) Eden regions: 29->0(29)
[2022-06-28T08:33:53.036+0000][7][gc,heap     ] GC(102) Survivor regions: 1->1(4)
[2022-06-28T08:33:53.036+0000][7][gc,heap     ] GC(102) Old regions: 19->19
[2022-06-28T08:33:53.036+0000][7][gc,heap     ] GC(102) Archive regions: 2->2
[2022-06-28T08:33:53.036+0000][7][gc,heap     ] GC(102) Humongous regions: 2->2
[2022-06-28T08:33:53.036+0000][7][gc,metaspace] GC(102) Metaspace: 102348K(106432K)->102348K(106432K) NonClass: 88666K(90944K)->88666K(90944K) Class: 13682K(15488K)->13682K(15488K)
[2022-06-28T08:33:53.036+0000][7][gc          ] GC(102) Pause Young (Concurrent Start) (G1 Evacuation Pause) 201M->85M(256M) 2.773ms
[2022-06-28T08:33:53.036+0000][7][gc,cpu      ] GC(102) User=0.00s Sys=0.00s Real=0.01s
[2022-06-28T08:33:53.036+0000][7][safepoint   ] Safepoint "G1CollectForAllocation", Time since last: 48098883242 ns, Reaching safepoint: 25836 ns, At safepoint: 2821193 ns, Total: 2847029 ns
[2022-06-28T08:33:53.036+0000][7][gc          ] GC(103) Concurrent Mark Cycle
[2022-06-28T08:33:53.036+0000][7][gc,marking  ] GC(103) Concurrent Clear Claimed Marks
[2022-06-28T08:33:53.036+0000][7][gc,marking  ] GC(103) Concurrent Clear Claimed Marks 0.040ms
[2022-06-28T08:33:53.036+0000][7][gc,marking  ] GC(103) Concurrent Scan Root Regions
[2022-06-28T08:33:53.037+0000][7][gc,marking  ] GC(103) Concurrent Scan Root Regions 0.894ms
[2022-06-28T08:33:53.037+0000][7][gc,marking  ] GC(103) Concurrent Mark
[2022-06-28T08:33:53.037+0000][7][gc,marking  ] GC(103) Concurrent Mark From Roots
[2022-06-28T08:33:53.037+0000][7][gc,task     ] GC(103) Using 1 workers of 1 for marking
[2022-06-28T08:33:53.163+0000][7][gc,marking  ] GC(103) Concurrent Mark From Roots 125.973ms
[2022-06-28T08:33:53.163+0000][7][gc,marking  ] GC(103) Concurrent Preclean
[2022-06-28T08:33:53.163+0000][7][gc,marking  ] GC(103) Concurrent Preclean 0.109ms
[2022-06-28T08:33:53.163+0000][7][gc,start    ] GC(103) Pause Remark
[2022-06-28T08:33:53.176+0000][7][gc          ] GC(103) Pause Remark 86M->86M(256M) 12.964ms
[2022-06-28T08:33:53.176+0000][7][gc,cpu      ] GC(103) User=0.02s Sys=0.00s Real=0.02s
[2022-06-28T08:33:53.176+0000][7][safepoint   ] Safepoint "G1Concurrent", Time since last: 127170292 ns, Reaching safepoint: 22997 ns, At safepoint: 13033611 ns, Total: 13056608 ns
[2022-06-28T08:33:53.176+0000][7][gc,marking  ] GC(103) Concurrent Mark 139.242ms
[2022-06-28T08:33:53.176+0000][7][gc,marking  ] GC(103) Concurrent Rebuild Remembered Sets
[2022-06-28T08:33:53.247+0000][7][gc,marking  ] GC(103) Concurrent Rebuild Remembered Sets 70.643ms
[2022-06-28T08:33:53.247+0000][7][gc,start    ] GC(103) Pause Cleanup
[2022-06-28T08:33:53.247+0000][7][gc          ] GC(103) Pause Cleanup 86M->86M(256M) 0.049ms
[2022-06-28T08:33:53.247+0000][7][gc,cpu      ] GC(103) User=0.00s Sys=0.00s Real=0.00s
[2022-06-28T08:33:53.247+0000][7][safepoint   ] Safepoint "G1Concurrent", Time since last: 70744622 ns, Reaching safepoint: 22453 ns, At safepoint: 84309 ns, Total: 106762 ns
[2022-06-28T08:33:53.247+0000][7][gc,marking  ] GC(103) Concurrent Cleanup for Next Mark
[2022-06-28T08:33:53.248+0000][7][gc,marking  ] GC(103) Concurrent Cleanup for Next Mark 0.709ms
[2022-06-28T08:33:53.248+0000][7][gc          ] GC(103) Concurrent Mark Cycle 211.788ms
[2022-06-28T08:35:04.254+0000][7][safepoint   ] Safepoint "Cleanup", Time since last: 71007400189 ns, Reaching safepoint: 36758 ns, At safepoint: 4048 ns, Total: 40806 ns
[2022-06-28T08:35:34.258+0000][7][safepoint   ] Safepoint "Cleanup", Time since last: 30003263082 ns, Reaching safepoint: 42734 ns, At safepoint: 4784 ns, Total: 47518 ns
[2022-06-28T08:35:58.155+0000][7][gc,start    ] GC(104) Pause Young (Normal) (G1 Evacuation Pause)
[2022-06-28T08:35:58.155+0000][7][gc,task     ] GC(104) Using 1 workers of 1 for evacuation
[2022-06-28T08:35:58.155+0000][7][gc,age      ] GC(104) Desired survivor size 8388608 bytes, new threshold 15 (max threshold 15)
[2022-06-28T08:35:58.158+0000][7][gc,phases   ] GC(104)   Pre Evacuate Collection Set: 0.0ms
[2022-06-28T08:35:58.158+0000][7][gc,phases   ] GC(104)   Merge Heap Roots: 0.1ms
[2022-06-28T08:35:58.158+0000][7][gc,phases   ] GC(104)   Evacuate Collection Set: 1.5ms
[2022-06-28T08:35:58.158+0000][7][gc,phases   ] GC(104)   Post Evacuate Collection Set: 0.8ms
[2022-06-28T08:35:58.158+0000][7][gc,phases   ] GC(104)   Other: 0.1ms
[2022-06-28T08:35:58.158+0000][7][gc,age      ] GC(104) Age table with threshold 15 (max threshold 15)
[2022-06-28T08:35:58.158+0000][7][gc,age      ] GC(104) - age   1:       8352 bytes,       8352 total
[2022-06-28T08:35:58.158+0000][7][gc,age      ] GC(104) - age   2:       4104 bytes,      12456 total
[2022-06-28T08:35:58.158+0000][7][gc,age      ] GC(104) - age   3:        200 bytes,      12656 total
[2022-06-28T08:35:58.158+0000][7][gc,age      ] GC(104) - age   4:        600 bytes,      13256 total
[2022-06-28T08:35:58.158+0000][7][gc,age      ] GC(104) - age   5:      10664 bytes,      23920 total
[2022-06-28T08:35:58.158+0000][7][gc,age      ] GC(104) - age   6:        288 bytes,      24208 total
[2022-06-28T08:35:58.158+0000][7][gc,age      ] GC(104) - age   7:        136 bytes,      24344 total
[2022-06-28T08:35:58.158+0000][7][gc,age      ] GC(104) - age   8:        168 bytes,      24512 total
[2022-06-28T08:35:58.158+0000][7][gc,age      ] GC(104) - age  10:       1624 bytes,      26136 total
[2022-06-28T08:35:58.158+0000][7][gc,age      ] GC(104) - age  12:       1968 bytes,      28104 total
[2022-06-28T08:35:58.158+0000][7][gc,age      ] GC(104) - age  14:        144 bytes,      28248 total
[2022-06-28T08:35:58.158+0000][7][gc,heap     ] GC(104) Eden regions: 29->0(29)
[2022-06-28T08:35:58.158+0000][7][gc,heap     ] GC(104) Survivor regions: 1->1(4)
[2022-06-28T08:35:58.158+0000][7][gc,heap     ] GC(104) Old regions: 19->19
[2022-06-28T08:35:58.158+0000][7][gc,heap     ] GC(104) Archive regions: 2->2
[2022-06-28T08:35:58.158+0000][7][gc,heap     ] GC(104) Humongous regions: 2->2
[2022-06-28T08:35:58.158+0000][7][gc,metaspace] GC(104) Metaspace: 102353K(106432K)->102353K(106432K) NonClass: 88671K(90944K)->88671K(90944K) Class: 13682K(15488K)->13682K(15488K)
[2022-06-28T08:35:58.158+0000][7][gc          ] GC(104) Pause Young (Normal) (G1 Evacuation Pause) 201M->85M(256M) 2.750ms
[2022-06-28T08:35:58.158+0000][7][gc,cpu      ] GC(104) User=0.00s Sys=0.00s Real=0.00s
[2022-06-28T08:35:58.158+0000][7][safepoint   ] Safepoint "G1CollectForAllocation", Time since last: 23897120364 ns, Reaching safepoint: 155571 ns, At safepoint: 2794196 ns, Total: 2949767 ns
[2022-06-28T08:38:03.262+0000][7][gc,start    ] GC(105) Pause Young (Concurrent Start) (G1 Evacuation Pause)
[2022-06-28T08:38:03.264+0000][7][gc,task     ] GC(105) Using 1 workers of 1 for evacuation
[2022-06-28T08:38:03.264+0000][7][gc,age      ] GC(105) Desired survivor size 8388608 bytes, new threshold 15 (max threshold 15)
[2022-06-28T08:38:03.266+0000][7][gc,phases   ] GC(105)   Pre Evacuate Collection Set: 0.2ms
[2022-06-28T08:38:03.266+0000][7][gc,phases   ] GC(105)   Merge Heap Roots: 0.0ms
[2022-06-28T08:38:03.266+0000][7][gc,phases   ] GC(105)   Evacuate Collection Set: 1.4ms
[2022-06-28T08:38:03.266+0000][7][gc,phases   ] GC(105)   Post Evacuate Collection Set: 0.9ms
[2022-06-28T08:38:03.266+0000][7][gc,phases   ] GC(105)   Other: 0.1ms
[2022-06-28T08:38:03.266+0000][7][gc,age      ] GC(105) Age table with threshold 15 (max threshold 15)
[2022-06-28T08:38:03.266+0000][7][gc,age      ] GC(105) - age   1:      11136 bytes,      11136 total
[2022-06-28T08:38:03.266+0000][7][gc,age      ] GC(105) - age   2:        200 bytes,      11336 total
[2022-06-28T08:38:03.266+0000][7][gc,age      ] GC(105) - age   3:       1040 bytes,      12376 total
[2022-06-28T08:38:03.266+0000][7][gc,age      ] GC(105) - age   4:        200 bytes,      12576 total
[2022-06-28T08:38:03.266+0000][7][gc,age      ] GC(105) - age   5:        400 bytes,      12976 total
[2022-06-28T08:38:03.267+0000][7][gc,age      ] GC(105) - age   6:      10088 bytes,      23064 total
[2022-06-28T08:38:03.267+0000][7][gc,age      ] GC(105) - age   7:        288 bytes,      23352 total
[2022-06-28T08:38:03.267+0000][7][gc,age      ] GC(105) - age   8:        136 bytes,      23488 total
[2022-06-28T08:38:03.267+0000][7][gc,age      ] GC(105) - age   9:        168 bytes,      23656 total
[2022-06-28T08:38:03.267+0000][7][gc,age      ] GC(105) - age  11:       1624 bytes,      25280 total
[2022-06-28T08:38:03.267+0000][7][gc,age      ] GC(105) - age  13:       1968 bytes,      27248 total
[2022-06-28T08:38:03.267+0000][7][gc,age      ] GC(105) - age  15:        144 bytes,      27392 total
[2022-06-28T08:38:03.267+0000][7][gc,heap     ] GC(105) Eden regions: 29->0(29)
[2022-06-28T08:38:03.267+0000][7][gc,heap     ] GC(105) Survivor regions: 1->1(4)
[2022-06-28T08:38:03.267+0000][7][gc,heap     ] GC(105) Old regions: 19->19
[2022-06-28T08:38:03.267+0000][7][gc,heap     ] GC(105) Archive regions: 2->2
[2022-06-28T08:38:03.267+0000][7][gc,heap     ] GC(105) Humongous regions: 2->2
[2022-06-28T08:38:03.267+0000][7][gc,metaspace] GC(105) Metaspace: 102355K(106432K)->102355K(106432K) NonClass: 88673K(90944K)->88673K(90944K) Class: 13682K(15488K)->13682K(15488K)
[2022-06-28T08:38:03.267+0000][7][gc          ] GC(105) Pause Young (Concurrent Start) (G1 Evacuation Pause) 201M->85M(256M) 4.154ms
[2022-06-28T08:38:03.267+0000][7][gc,cpu      ] GC(105) User=0.00s Sys=0.01s Real=0.01s
[2022-06-28T08:38:03.267+0000][7][safepoint   ] Safepoint "G1CollectForAllocation", Time since last: 125104575138 ns, Reaching safepoint: 27285 ns, At safepoint: 4205202 ns, Total: 4232487 ns
[2022-06-28T08:38:03.267+0000][7][gc          ] GC(106) Concurrent Mark Cycle
[2022-06-28T08:38:03.267+0000][7][gc,marking  ] GC(106) Concurrent Clear Claimed Marks
[2022-06-28T08:38:03.267+0000][7][gc,marking  ] GC(106) Concurrent Clear Claimed Marks 0.040ms
[2022-06-28T08:38:03.267+0000][7][gc,marking  ] GC(106) Concurrent Scan Root Regions
[2022-06-28T08:38:03.268+0000][7][gc,marking  ] GC(106) Concurrent Scan Root Regions 0.925ms
[2022-06-28T08:38:03.268+0000][7][gc,marking  ] GC(106) Concurrent Mark
[2022-06-28T08:38:03.268+0000][7][gc,marking  ] GC(106) Concurrent Mark From Roots
[2022-06-28T08:38:03.268+0000][7][gc,task     ] GC(106) Using 1 workers of 1 for marking
[2022-06-28T08:38:03.386+0000][7][gc,marking  ] GC(106) Concurrent Mark From Roots 118.677ms
[2022-06-28T08:38:03.386+0000][7][gc,marking  ] GC(106) Concurrent Preclean
[2022-06-28T08:38:03.387+0000][7][gc,marking  ] GC(106) Concurrent Preclean 0.145ms
[2022-06-28T08:38:03.387+0000][7][gc,start    ] GC(106) Pause Remark
[2022-06-28T08:38:03.399+0000][7][gc          ] GC(106) Pause Remark 86M->86M(256M) 12.817ms
[2022-06-28T08:38:03.399+0000][7][gc,cpu      ] GC(106) User=0.01s Sys=0.00s Real=0.01s
[2022-06-28T08:38:03.400+0000][7][safepoint   ] Safepoint "G1Concurrent", Time since last: 119928366 ns, Reaching safepoint: 25901 ns, At safepoint: 12899720 ns, Total: 12925621 ns
[2022-06-28T08:38:03.400+0000][7][gc,marking  ] GC(106) Concurrent Mark 131.863ms
[2022-06-28T08:38:03.400+0000][7][gc,marking  ] GC(106) Concurrent Rebuild Remembered Sets
[2022-06-28T08:38:03.465+0000][7][gc,marking  ] GC(106) Concurrent Rebuild Remembered Sets 65.270ms
[2022-06-28T08:38:03.465+0000][7][gc,start    ] GC(106) Pause Cleanup
[2022-06-28T08:38:03.465+0000][7][gc          ] GC(106) Pause Cleanup 86M->86M(256M) 0.049ms
[2022-06-28T08:38:03.465+0000][7][gc,cpu      ] GC(106) User=0.00s Sys=0.00s Real=0.00s
[2022-06-28T08:38:03.465+0000][7][safepoint   ] Safepoint "G1Concurrent", Time since last: 65366137 ns, Reaching safepoint: 24062 ns, At safepoint: 84513 ns, Total: 108575 ns
[2022-06-28T08:38:03.465+0000][7][gc,marking  ] GC(106) Concurrent Cleanup for Next Mark
[2022-06-28T08:38:03.466+0000][7][gc,marking  ] GC(106) Concurrent Cleanup for Next Mark 0.658ms
[2022-06-28T08:38:03.466+0000][7][gc          ] GC(106) Concurrent Mark Cycle 199.004ms
[2022-06-28T08:40:08.378+0000][7][gc,start    ] GC(107) Pause Young (Normal) (G1 Evacuation Pause)
[2022-06-28T08:40:08.378+0000][7][gc,task     ] GC(107) Using 1 workers of 1 for evacuation
[2022-06-28T08:40:08.378+0000][7][gc,age      ] GC(107) Desired survivor size 8388608 bytes, new threshold 15 (max threshold 15)
[2022-06-28T08:40:08.381+0000][7][gc,phases   ] GC(107)   Pre Evacuate Collection Set: 0.0ms
[2022-06-28T08:40:08.381+0000][7][gc,phases   ] GC(107)   Merge Heap Roots: 0.1ms
[2022-06-28T08:40:08.381+0000][7][gc,phases   ] GC(107)   Evacuate Collection Set: 1.6ms
[2022-06-28T08:40:08.381+0000][7][gc,phases   ] GC(107)   Post Evacuate Collection Set: 0.9ms
[2022-06-28T08:40:08.381+0000][7][gc,phases   ] GC(107)   Other: 0.1ms
[2022-06-28T08:40:08.381+0000][7][gc,age      ] GC(107) Age table with threshold 15 (max threshold 15)
[2022-06-28T08:40:08.381+0000][7][gc,age      ] GC(107) - age   1:       9816 bytes,       9816 total
[2022-06-28T08:40:08.381+0000][7][gc,age      ] GC(107) - age   2:        776 bytes,      10592 total
[2022-06-28T08:40:08.381+0000][7][gc,age      ] GC(107) - age   4:       1040 bytes,      11632 total
[2022-06-28T08:40:08.381+0000][7][gc,age      ] GC(107) - age   5:        200 bytes,      11832 total
[2022-06-28T08:40:08.381+0000][7][gc,age      ] GC(107) - age   6:        400 bytes,      12232 total
[2022-06-28T08:40:08.381+0000][7][gc,age      ] GC(107) - age   7:      10088 bytes,      22320 total
[2022-06-28T08:40:08.381+0000][7][gc,age      ] GC(107) - age   8:        288 bytes,      22608 total
[2022-06-28T08:40:08.381+0000][7][gc,age      ] GC(107) - age   9:        136 bytes,      22744 total
[2022-06-28T08:40:08.381+0000][7][gc,age      ] GC(107) - age  10:        168 bytes,      22912 total
[2022-06-28T08:40:08.381+0000][7][gc,age      ] GC(107) - age  12:       1624 bytes,      24536 total
[2022-06-28T08:40:08.381+0000][7][gc,age      ] GC(107) - age  14:       1968 bytes,      26504 total
[2022-06-28T08:40:08.381+0000][7][gc,heap     ] GC(107) Eden regions: 29->0(29)
[2022-06-28T08:40:08.381+0000][7][gc,heap     ] GC(107) Survivor regions: 1->1(4)
[2022-06-28T08:40:08.381+0000][7][gc,heap     ] GC(107) Old regions: 19->19
[2022-06-28T08:40:08.381+0000][7][gc,heap     ] GC(107) Archive regions: 2->2
[2022-06-28T08:40:08.381+0000][7][gc,heap     ] GC(107) Humongous regions: 2->2
[2022-06-28T08:40:08.381+0000][7][gc,metaspace] GC(107) Metaspace: 102384K(106432K)->102384K(106432K) NonClass: 88702K(90944K)->88702K(90944K) Class: 13682K(15488K)->13682K(15488K)
[2022-06-28T08:40:08.381+0000][7][gc          ] GC(107) Pause Young (Normal) (G1 Evacuation Pause) 201M->85M(256M) 2.901ms
[2022-06-28T08:40:08.381+0000][7][gc,cpu      ] GC(107) User=0.00s Sys=0.00s Real=0.00s
[2022-06-28T08:40:08.381+0000][7][safepoint   ] Safepoint "G1CollectForAllocation", Time since last: 124913212538 ns, Reaching safepoint: 28389 ns, At safepoint: 2944623 ns, Total: 2973012 ns
[2022-06-28T08:40:20.382+0000][7][safepoint   ] Safepoint "Cleanup", Time since last: 12001223828 ns, Reaching safepoint: 53614 ns, At safepoint: 4613 ns, Total: 58227 ns
[2022-06-28T08:41:50.392+0000][7][safepoint   ] Safepoint "Cleanup", Time since last: 90009611355 ns, Reaching safepoint: 36980 ns, At safepoint: 4199 ns, Total: 41179 ns
[2022-06-28T08:42:13.489+0000][7][gc,start    ] GC(108) Pause Young (Concurrent Start) (G1 Evacuation Pause)
[2022-06-28T08:42:13.489+0000][7][gc,task     ] GC(108) Using 1 workers of 1 for evacuation
[2022-06-28T08:42:13.489+0000][7][gc,age      ] GC(108) Desired survivor size 8388608 bytes, new threshold 15 (max threshold 15)
[2022-06-28T08:42:13.492+0000][7][gc,phases   ] GC(108)   Pre Evacuate Collection Set: 0.2ms
[2022-06-28T08:42:13.492+0000][7][gc,phases   ] GC(108)   Merge Heap Roots: 0.0ms
[2022-06-28T08:42:13.492+0000][7][gc,phases   ] GC(108)   Evacuate Collection Set: 1.5ms
[2022-06-28T08:42:13.492+0000][7][gc,phases   ] GC(108)   Post Evacuate Collection Set: 0.8ms
[2022-06-28T08:42:13.492+0000][7][gc,phases   ] GC(108)   Other: 0.1ms
[2022-06-28T08:42:13.492+0000][7][gc,age      ] GC(108) Age table with threshold 15 (max threshold 15)
[2022-06-28T08:42:13.492+0000][7][gc,age      ] GC(108) - age   1:       9760 bytes,       9760 total
[2022-06-28T08:42:13.492+0000][7][gc,age      ] GC(108) - age   2:        256 bytes,      10016 total
[2022-06-28T08:42:13.492+0000][7][gc,age      ] GC(108) - age   3:        576 bytes,      10592 total
[2022-06-28T08:42:13.492+0000][7][gc,age      ] GC(108) - age   5:       1040 bytes,      11632 total
[2022-06-28T08:42:13.492+0000][7][gc,age      ] GC(108) - age   6:        200 bytes,      11832 total
[2022-06-28T08:42:13.492+0000][7][gc,age      ] GC(108) - age   7:        400 bytes,      12232 total
[2022-06-28T08:42:13.492+0000][7][gc,age      ] GC(108) - age   8:      10088 bytes,      22320 total
[2022-06-28T08:42:13.492+0000][7][gc,age      ] GC(108) - age   9:        288 bytes,      22608 total
[2022-06-28T08:42:13.492+0000][7][gc,age      ] GC(108) - age  10:        136 bytes,      22744 total
[2022-06-28T08:42:13.492+0000][7][gc,age      ] GC(108) - age  11:        168 bytes,      22912 total
[2022-06-28T08:42:13.492+0000][7][gc,age      ] GC(108) - age  13:       1624 bytes,      24536 total
[2022-06-28T08:42:13.492+0000][7][gc,age      ] GC(108) - age  15:       1968 bytes,      26504 total
[2022-06-28T08:42:13.492+0000][7][gc,heap     ] GC(108) Eden regions: 29->0(29)
[2022-06-28T08:42:13.492+0000][7][gc,heap     ] GC(108) Survivor regions: 1->1(4)
[2022-06-28T08:42:13.492+0000][7][gc,heap     ] GC(108) Old regions: 19->19
[2022-06-28T08:42:13.492+0000][7][gc,heap     ] GC(108) Archive regions: 2->2
[2022-06-28T08:42:13.492+0000][7][gc,heap     ] GC(108) Humongous regions: 2->2
[2022-06-28T08:42:13.492+0000][7][gc,metaspace] GC(108) Metaspace: 102385K(106432K)->102385K(106432K) NonClass: 88702K(90944K)->88702K(90944K) Class: 13682K(15488K)->13682K(15488K)
[2022-06-28T08:42:13.492+0000][7][gc          ] GC(108) Pause Young (Concurrent Start) (G1 Evacuation Pause) 201M->85M(256M) 2.818ms
[2022-06-28T08:42:13.492+0000][7][gc,cpu      ] GC(108) User=0.00s Sys=0.00s Real=0.00s
[2022-06-28T08:42:13.492+0000][7][safepoint   ] Safepoint "G1CollectForAllocation", Time since last: 23096798691 ns, Reaching safepoint: 25599 ns, At safepoint: 2865324 ns, Total: 2890923 ns
[2022-06-28T08:42:13.492+0000][7][gc          ] GC(109) Concurrent Mark Cycle
[2022-06-28T08:42:13.492+0000][7][gc,marking  ] GC(109) Concurrent Clear Claimed Marks
[2022-06-28T08:42:13.492+0000][7][gc,marking  ] GC(109) Concurrent Clear Claimed Marks 0.038ms
[2022-06-28T08:42:13.492+0000][7][gc,marking  ] GC(109) Concurrent Scan Root Regions
[2022-06-28T08:42:13.493+0000][7][gc,marking  ] GC(109) Concurrent Scan Root Regions 0.890ms
[2022-06-28T08:42:13.493+0000][7][gc,marking  ] GC(109) Concurrent Mark
[2022-06-28T08:42:13.493+0000][7][gc,marking  ] GC(109) Concurrent Mark From Roots
[2022-06-28T08:42:13.493+0000][7][gc,task     ] GC(109) Using 1 workers of 1 for marking
[2022-06-28T08:42:13.608+0000][7][gc,marking  ] GC(109) Concurrent Mark From Roots 115.577ms
[2022-06-28T08:42:13.608+0000][7][gc,marking  ] GC(109) Concurrent Preclean
[2022-06-28T08:42:13.609+0000][7][gc,marking  ] GC(109) Concurrent Preclean 0.108ms
[2022-06-28T08:42:13.609+0000][7][gc,start    ] GC(109) Pause Remark
[2022-06-28T08:42:13.621+0000][7][gc          ] GC(109) Pause Remark 86M->86M(256M) 12.416ms
[2022-06-28T08:42:13.621+0000][7][gc,cpu      ] GC(109) User=0.01s Sys=0.00s Real=0.01s
[2022-06-28T08:42:13.621+0000][7][safepoint   ] Safepoint "G1Concurrent", Time since last: 116817190 ns, Reaching safepoint: 23915 ns, At safepoint: 12476056 ns, Total: 12499971 ns
[2022-06-28T08:42:13.621+0000][7][gc,marking  ] GC(109) Concurrent Mark 128.291ms
[2022-06-28T08:42:13.621+0000][7][gc,marking  ] GC(109) Concurrent Rebuild Remembered Sets
[2022-06-28T08:42:13.687+0000][7][gc,marking  ] GC(109) Concurrent Rebuild Remembered Sets 65.762ms
[2022-06-28T08:42:13.687+0000][7][gc,start    ] GC(109) Pause Cleanup
[2022-06-28T08:42:13.687+0000][7][gc          ] GC(109) Pause Cleanup 86M->86M(256M) 0.048ms
[2022-06-28T08:42:13.687+0000][7][gc,cpu      ] GC(109) User=0.00s Sys=0.00s Real=0.00s
[2022-06-28T08:42:13.687+0000][7][safepoint   ] Safepoint "G1Concurrent", Time since last: 65857305 ns, Reaching safepoint: 22026 ns, At safepoint: 83068 ns, Total: 105094 ns
[2022-06-28T08:42:13.687+0000][7][gc,marking  ] GC(109) Concurrent Cleanup for Next Mark
[2022-06-28T08:42:13.688+0000][7][gc,marking  ] GC(109) Concurrent Cleanup for Next Mark 0.663ms
[2022-06-28T08:42:13.688+0000][7][gc          ] GC(109) Concurrent Mark Cycle 195.929ms
[2022-06-28T08:42:36.690+0000][7][safepoint   ] Safepoint "Cleanup", Time since last: 23002481560 ns, Reaching safepoint: 37548 ns, At safepoint: 4920 ns, Total: 42468 ns
[2022-06-28T08:44:18.608+0000][7][gc,start    ] GC(110) Pause Young (Normal) (G1 Evacuation Pause)
[2022-06-28T08:44:18.608+0000][7][gc,task     ] GC(110) Using 1 workers of 1 for evacuation
[2022-06-28T08:44:18.608+0000][7][gc,age      ] GC(110) Desired survivor size 8388608 bytes, new threshold 15 (max threshold 15)
[2022-06-28T08:44:18.615+0000][7][gc,phases   ] GC(110)   Pre Evacuate Collection Set: 0.0ms
[2022-06-28T08:44:18.615+0000][7][gc,phases   ] GC(110)   Merge Heap Roots: 0.1ms
[2022-06-28T08:44:18.615+0000][7][gc,phases   ] GC(110)   Evacuate Collection Set: 6.2ms
[2022-06-28T08:44:18.616+0000][7][gc,phases   ] GC(110)   Post Evacuate Collection Set: 0.9ms
[2022-06-28T08:44:18.616+0000][7][gc,phases   ] GC(110)   Other: 0.1ms
[2022-06-28T08:44:18.616+0000][7][gc,age      ] GC(110) Age table with threshold 15 (max threshold 15)
[2022-06-28T08:44:18.616+0000][7][gc,age      ] GC(110) - age   1:       8952 bytes,       8952 total
[2022-06-28T08:44:18.616+0000][7][gc,age      ] GC(110) - age   2:        200 bytes,       9152 total
[2022-06-28T08:44:18.616+0000][7][gc,age      ] GC(110) - age   3:        256 bytes,       9408 total
[2022-06-28T08:44:18.616+0000][7][gc,age      ] GC(110) - age   4:        576 bytes,       9984 total
[2022-06-28T08:44:18.616+0000][7][gc,age      ] GC(110) - age   6:       1040 bytes,      11024 total
[2022-06-28T08:44:18.616+0000][7][gc,age      ] GC(110) - age   8:        400 bytes,      11424 total
[2022-06-28T08:44:18.616+0000][7][gc,age      ] GC(110) - age   9:      10088 bytes,      21512 total
[2022-06-28T08:44:18.616+0000][7][gc,age      ] GC(110) - age  10:        288 bytes,      21800 total
[2022-06-28T08:44:18.616+0000][7][gc,age      ] GC(110) - age  11:        136 bytes,      21936 total
[2022-06-28T08:44:18.616+0000][7][gc,age      ] GC(110) - age  12:        168 bytes,      22104 total
[2022-06-28T08:44:18.616+0000][7][gc,age      ] GC(110) - age  14:       1624 bytes,      23728 total
[2022-06-28T08:44:18.616+0000][7][gc,heap     ] GC(110) Eden regions: 29->0(29)
[2022-06-28T08:44:18.616+0000][7][gc,heap     ] GC(110) Survivor regions: 1->1(4)
[2022-06-28T08:44:18.616+0000][7][gc,heap     ] GC(110) Old regions: 19->19
[2022-06-28T08:44:18.616+0000][7][gc,heap     ] GC(110) Archive regions: 2->2
[2022-06-28T08:44:18.616+0000][7][gc,heap     ] GC(110) Humongous regions: 2->2
[2022-06-28T08:44:18.616+0000][7][gc,metaspace] GC(110) Metaspace: 102395K(106432K)->102395K(106432K) NonClass: 88712K(90944K)->88712K(90944K) Class: 13682K(15488K)->13682K(15488K)
[2022-06-28T08:44:18.616+0000][7][gc          ] GC(110) Pause Young (Normal) (G1 Evacuation Pause) 201M->85M(256M) 7.472ms
[2022-06-28T08:44:18.616+0000][7][gc,cpu      ] GC(110) User=0.00s Sys=0.00s Real=0.01s
[2022-06-28T08:44:18.616+0000][7][safepoint   ] Safepoint "G1CollectForAllocation", Time since last: 101918543811 ns, Reaching safepoint: 26060 ns, At safepoint: 7522683 ns, Total: 7548743 ns
[2022-06-28T08:46:23.726+0000][7][gc,start    ] GC(111) Pause Young (Concurrent Start) (G1 Evacuation Pause)
[2022-06-28T08:46:23.726+0000][7][gc,task     ] GC(111) Using 1 workers of 1 for evacuation
[2022-06-28T08:46:23.726+0000][7][gc,age      ] GC(111) Desired survivor size 8388608 bytes, new threshold 15 (max threshold 15)
[2022-06-28T08:46:23.729+0000][7][gc,phases   ] GC(111)   Pre Evacuate Collection Set: 0.2ms
[2022-06-28T08:46:23.729+0000][7][gc,phases   ] GC(111)   Merge Heap Roots: 0.0ms
[2022-06-28T08:46:23.729+0000][7][gc,phases   ] GC(111)   Evacuate Collection Set: 1.5ms
[2022-06-28T08:46:23.729+0000][7][gc,phases   ] GC(111)   Post Evacuate Collection Set: 0.9ms
[2022-06-28T08:46:23.729+0000][7][gc,phases   ] GC(111)   Other: 0.1ms
[2022-06-28T08:46:23.729+0000][7][gc,age      ] GC(111) Age table with threshold 15 (max threshold 15)
[2022-06-28T08:46:23.729+0000][7][gc,age      ] GC(111) - age   1:      10256 bytes,      10256 total
[2022-06-28T08:46:23.729+0000][7][gc,age      ] GC(111) - age   2:        672 bytes,      10928 total
[2022-06-28T08:46:23.729+0000][7][gc,age      ] GC(111) - age   3:        200 bytes,      11128 total
[2022-06-28T08:46:23.729+0000][7][gc,age      ] GC(111) - age   4:        256 bytes,      11384 total
[2022-06-28T08:46:23.729+0000][7][gc,age      ] GC(111) - age   5:        576 bytes,      11960 total
[2022-06-28T08:46:23.729+0000][7][gc,age      ] GC(111) - age   7:        840 bytes,      12800 total
[2022-06-28T08:46:23.729+0000][7][gc,age      ] GC(111) - age   9:        400 bytes,      13200 total
[2022-06-28T08:46:23.729+0000][7][gc,age      ] GC(111) - age  10:      10088 bytes,      23288 total
[2022-06-28T08:46:23.729+0000][7][gc,age      ] GC(111) - age  11:        288 bytes,      23576 total
[2022-06-28T08:46:23.729+0000][7][gc,age      ] GC(111) - age  12:        136 bytes,      23712 total
[2022-06-28T08:46:23.729+0000][7][gc,age      ] GC(111) - age  13:        168 bytes,      23880 total
[2022-06-28T08:46:23.729+0000][7][gc,age      ] GC(111) - age  15:       1624 bytes,      25504 total
[2022-06-28T08:46:23.729+0000][7][gc,heap     ] GC(111) Eden regions: 29->0(29)
[2022-06-28T08:46:23.729+0000][7][gc,heap     ] GC(111) Survivor regions: 1->1(4)
[2022-06-28T08:46:23.729+0000][7][gc,heap     ] GC(111) Old regions: 19->19
[2022-06-28T08:46:23.729+0000][7][gc,heap     ] GC(111) Archive regions: 2->2
[2022-06-28T08:46:23.729+0000][7][gc,heap     ] GC(111) Humongous regions: 2->2
[2022-06-28T08:46:23.729+0000][7][gc,metaspace] GC(111) Metaspace: 102396K(106432K)->102396K(106432K) NonClass: 88714K(90944K)->88714K(90944K) Class: 13682K(15488K)->13682K(15488K)
[2022-06-28T08:46:23.729+0000][7][gc          ] GC(111) Pause Young (Concurrent Start) (G1 Evacuation Pause) 201M->85M(256M) 2.978ms
[2022-06-28T08:46:23.729+0000][7][gc,cpu      ] GC(111) User=0.00s Sys=0.00s Real=0.01s
[2022-06-28T08:46:23.729+0000][7][safepoint   ] Safepoint "G1CollectForAllocation", Time since last: 125110116423 ns, Reaching safepoint: 25870 ns, At safepoint: 3028584 ns, Total: 3054454 ns
[2022-06-28T08:46:23.729+0000][7][gc          ] GC(112) Concurrent Mark Cycle
[2022-06-28T08:46:23.729+0000][7][gc,marking  ] GC(112) Concurrent Clear Claimed Marks
[2022-06-28T08:46:23.729+0000][7][gc,marking  ] GC(112) Concurrent Clear Claimed Marks 0.039ms
[2022-06-28T08:46:23.729+0000][7][gc,marking  ] GC(112) Concurrent Scan Root Regions
[2022-06-28T08:46:23.730+0000][7][gc,marking  ] GC(112) Concurrent Scan Root Regions 0.973ms
[2022-06-28T08:46:23.730+0000][7][gc,marking  ] GC(112) Concurrent Mark
[2022-06-28T08:46:23.730+0000][7][gc,marking  ] GC(112) Concurrent Mark From Roots
[2022-06-28T08:46:23.730+0000][7][gc,task     ] GC(112) Using 1 workers of 1 for marking
[2022-06-28T08:46:23.847+0000][7][gc,marking  ] GC(112) Concurrent Mark From Roots 116.807ms
[2022-06-28T08:46:23.847+0000][7][gc,marking  ] GC(112) Concurrent Preclean
[2022-06-28T08:46:23.847+0000][7][gc,marking  ] GC(112) Concurrent Preclean 0.119ms
[2022-06-28T08:46:23.847+0000][7][gc,start    ] GC(112) Pause Remark
[2022-06-28T08:46:23.860+0000][7][gc          ] GC(112) Pause Remark 86M->86M(256M) 12.776ms
[2022-06-28T08:46:23.860+0000][7][gc,cpu      ] GC(112) User=0.01s Sys=0.00s Real=0.01s
[2022-06-28T08:46:23.860+0000][7][safepoint   ] Safepoint "G1Concurrent", Time since last: 118094115 ns, Reaching safepoint: 24542 ns, At safepoint: 12829569 ns, Total: 12854111 ns
[2022-06-28T08:46:23.860+0000][7][gc,marking  ] GC(112) Concurrent Mark 129.883ms
[2022-06-28T08:46:23.860+0000][7][gc,marking  ] GC(112) Concurrent Rebuild Remembered Sets
[2022-06-28T08:46:23.926+0000][7][gc,marking  ] GC(112) Concurrent Rebuild Remembered Sets 65.936ms
[2022-06-28T08:46:23.926+0000][7][gc,start    ] GC(112) Pause Cleanup
[2022-06-28T08:46:23.926+0000][7][gc          ] GC(112) Pause Cleanup 86M->86M(256M) 0.069ms
[2022-06-28T08:46:23.926+0000][7][gc,cpu      ] GC(112) User=0.00s Sys=0.00s Real=0.00s
[2022-06-28T08:46:23.926+0000][7][safepoint   ] Safepoint "G1Concurrent", Time since last: 66081550 ns, Reaching safepoint: 23250 ns, At safepoint: 106401 ns, Total: 129651 ns
[2022-06-28T08:46:23.926+0000][7][gc,marking  ] GC(112) Concurrent Cleanup for Next Mark
[2022-06-28T08:46:23.927+0000][7][gc,marking  ] GC(112) Concurrent Cleanup for Next Mark 0.731ms
[2022-06-28T08:46:23.927+0000][7][gc          ] GC(112) Concurrent Mark Cycle 197.888ms
[2022-06-28T08:46:34.928+0000][7][safepoint   ] Safepoint "Cleanup", Time since last: 11001494125 ns, Reaching safepoint: 36306 ns, At safepoint: 4719 ns, Total: 41025 ns
[2022-06-28T08:47:29.934+0000][7][safepoint   ] Safepoint "Cleanup", Time since last: 55006224270 ns, Reaching safepoint: 38281 ns, At safepoint: 5144 ns, Total: 43425 ns
[2022-06-28T08:47:34.934+0000][7][safepoint   ] Safepoint "Cleanup", Time since last: 5000597876 ns, Reaching safepoint: 39606 ns, At safepoint: 4927 ns, Total: 44533 ns
[2022-06-28T08:47:38.935+0000][7][safepoint   ] Safepoint "Cleanup", Time since last: 4000440378 ns, Reaching safepoint: 36279 ns, At safepoint: 4669 ns, Total: 40948 ns
[2022-06-28T08:48:28.846+0000][7][gc,start    ] GC(113) Pause Young (Normal) (G1 Evacuation Pause)
[2022-06-28T08:48:28.846+0000][7][gc,task     ] GC(113) Using 1 workers of 1 for evacuation
[2022-06-28T08:48:28.846+0000][7][gc,age      ] GC(113) Desired survivor size 8388608 bytes, new threshold 15 (max threshold 15)
[2022-06-28T08:48:28.849+0000][7][gc,phases   ] GC(113)   Pre Evacuate Collection Set: 0.0ms
[2022-06-28T08:48:28.849+0000][7][gc,phases   ] GC(113)   Merge Heap Roots: 0.0ms
[2022-06-28T08:48:28.849+0000][7][gc,phases   ] GC(113)   Evacuate Collection Set: 1.6ms
[2022-06-28T08:48:28.849+0000][7][gc,phases   ] GC(113)   Post Evacuate Collection Set: 0.9ms
[2022-06-28T08:48:28.849+0000][7][gc,phases   ] GC(113)   Other: 0.1ms
[2022-06-28T08:48:28.849+0000][7][gc,age      ] GC(113) Age table with threshold 15 (max threshold 15)
[2022-06-28T08:48:28.849+0000][7][gc,age      ] GC(113) - age   1:      11208 bytes,      11208 total
[2022-06-28T08:48:28.849+0000][7][gc,age      ] GC(113) - age   2:        200 bytes,      11408 total
[2022-06-28T08:48:28.849+0000][7][gc,age      ] GC(113) - age   3:        672 bytes,      12080 total
[2022-06-28T08:48:28.849+0000][7][gc,age      ] GC(113) - age   4:        200 bytes,      12280 total
[2022-06-28T08:48:28.849+0000][7][gc,age      ] GC(113) - age   5:         56 bytes,      12336 total
[2022-06-28T08:48:28.849+0000][7][gc,age      ] GC(113) - age   8:        840 bytes,      13176 total
[2022-06-28T08:48:28.849+0000][7][gc,age      ] GC(113) - age  10:        400 bytes,      13576 total
[2022-06-28T08:48:28.849+0000][7][gc,age      ] GC(113) - age  11:      10088 bytes,      23664 total
[2022-06-28T08:48:28.849+0000][7][gc,age      ] GC(113) - age  12:        288 bytes,      23952 total
[2022-06-28T08:48:28.849+0000][7][gc,age      ] GC(113) - age  13:        136 bytes,      24088 total
[2022-06-28T08:48:28.849+0000][7][gc,age      ] GC(113) - age  14:        168 bytes,      24256 total
[2022-06-28T08:48:28.849+0000][7][gc,heap     ] GC(113) Eden regions: 29->0(29)
[2022-06-28T08:48:28.849+0000][7][gc,heap     ] GC(113) Survivor regions: 1->1(4)
[2022-06-28T08:48:28.849+0000][7][gc,heap     ] GC(113) Old regions: 19->19
[2022-06-28T08:48:28.849+0000][7][gc,heap     ] GC(113) Archive regions: 2->2
[2022-06-28T08:48:28.849+0000][7][gc,heap     ] GC(113) Humongous regions: 2->2
[2022-06-28T08:48:28.849+0000][7][gc,metaspace] GC(113) Metaspace: 102397K(106432K)->102397K(106432K) NonClass: 88714K(90944K)->88714K(90944K) Class: 13682K(15488K)->13682K(15488K)
[2022-06-28T08:48:28.849+0000][7][gc          ] GC(113) Pause Young (Normal) (G1 Evacuation Pause) 201M->85M(256M) 2.896ms
[2022-06-28T08:48:28.849+0000][7][gc,cpu      ] GC(113) User=0.01s Sys=0.00s Real=0.01s
[2022-06-28T08:48:28.849+0000][7][safepoint   ] Safepoint "G1CollectForAllocation", Time since last: 49910834300 ns, Reaching safepoint: 28920 ns, At safepoint: 2949221 ns, Total: 2978141 ns
[2022-06-28T08:48:44.851+0000][7][safepoint   ] Safepoint "Cleanup", Time since last: 16001756126 ns, Reaching safepoint: 38206 ns, At safepoint: 4640 ns, Total: 42846 ns
[2022-06-28T08:50:33.957+0000][7][gc,start    ] GC(114) Pause Young (Concurrent Start) (G1 Evacuation Pause)
[2022-06-28T08:50:33.957+0000][7][gc,task     ] GC(114) Using 1 workers of 1 for evacuation
[2022-06-28T08:50:33.957+0000][7][gc,age      ] GC(114) Desired survivor size 8388608 bytes, new threshold 15 (max threshold 15)
[2022-06-28T08:50:33.960+0000][7][gc,phases   ] GC(114)   Pre Evacuate Collection Set: 0.2ms
[2022-06-28T08:50:33.960+0000][7][gc,phases   ] GC(114)   Merge Heap Roots: 0.0ms
[2022-06-28T08:50:33.960+0000][7][gc,phases   ] GC(114)   Evacuate Collection Set: 1.5ms
[2022-06-28T08:50:33.960+0000][7][gc,phases   ] GC(114)   Post Evacuate Collection Set: 0.8ms
[2022-06-28T08:50:33.960+0000][7][gc,phases   ] GC(114)   Other: 0.1ms
[2022-06-28T08:50:33.960+0000][7][gc,age      ] GC(114) Age table with threshold 15 (max threshold 15)
[2022-06-28T08:50:33.960+0000][7][gc,age      ] GC(114) - age   1:      10432 bytes,      10432 total
[2022-06-28T08:50:33.960+0000][7][gc,age      ] GC(114) - age   2:        792 bytes,      11224 total
[2022-06-28T08:50:33.960+0000][7][gc,age      ] GC(114) - age   3:        200 bytes,      11424 total
[2022-06-28T08:50:33.960+0000][7][gc,age      ] GC(114) - age   4:        672 bytes,      12096 total
[2022-06-28T08:50:33.960+0000][7][gc,age      ] GC(114) - age   6:         56 bytes,      12152 total
[2022-06-28T08:50:33.960+0000][7][gc,age      ] GC(114) - age   9:        840 bytes,      12992 total
[2022-06-28T08:50:33.960+0000][7][gc,age      ] GC(114) - age  11:        400 bytes,      13392 total
[2022-06-28T08:50:33.960+0000][7][gc,age      ] GC(114) - age  12:      10088 bytes,      23480 total
[2022-06-28T08:50:33.960+0000][7][gc,age      ] GC(114) - age  13:        288 bytes,      23768 total
[2022-06-28T08:50:33.960+0000][7][gc,age      ] GC(114) - age  14:        136 bytes,      23904 total
[2022-06-28T08:50:33.960+0000][7][gc,age      ] GC(114) - age  15:        168 bytes,      24072 total
[2022-06-28T08:50:33.960+0000][7][gc,heap     ] GC(114) Eden regions: 29->0(29)
[2022-06-28T08:50:33.960+0000][7][gc,heap     ] GC(114) Survivor regions: 1->1(4)
[2022-06-28T08:50:33.960+0000][7][gc,heap     ] GC(114) Old regions: 19->19
[2022-06-28T08:50:33.960+0000][7][gc,heap     ] GC(114) Archive regions: 2->2
[2022-06-28T08:50:33.960+0000][7][gc,heap     ] GC(114) Humongous regions: 2->2
[2022-06-28T08:50:33.960+0000][7][gc,metaspace] GC(114) Metaspace: 102397K(106432K)->102397K(106432K) NonClass: 88715K(90944K)->88715K(90944K) Class: 13682K(15488K)->13682K(15488K)
[2022-06-28T08:50:33.960+0000][7][gc          ] GC(114) Pause Young (Concurrent Start) (G1 Evacuation Pause) 201M->85M(256M) 2.790ms
[2022-06-28T08:50:33.960+0000][7][gc,cpu      ] GC(114) User=0.01s Sys=0.00s Real=0.00s
[2022-06-28T08:50:33.960+0000][7][safepoint   ] Safepoint "G1CollectForAllocation", Time since last: 109106491297 ns, Reaching safepoint: 25028 ns, At safepoint: 2836799 ns, Total: 2861827 ns
[2022-06-28T08:50:33.960+0000][7][gc          ] GC(115) Concurrent Mark Cycle
[2022-06-28T08:50:33.960+0000][7][gc,marking  ] GC(115) Concurrent Clear Claimed Marks
[2022-06-28T08:50:33.960+0000][7][gc,marking  ] GC(115) Concurrent Clear Claimed Marks 0.040ms
[2022-06-28T08:50:33.960+0000][7][gc,marking  ] GC(115) Concurrent Scan Root Regions
[2022-06-28T08:50:33.961+0000][7][gc,marking  ] GC(115) Concurrent Scan Root Regions 0.890ms
[2022-06-28T08:50:33.961+0000][7][gc,marking  ] GC(115) Concurrent Mark
[2022-06-28T08:50:33.961+0000][7][gc,marking  ] GC(115) Concurrent Mark From Roots
[2022-06-28T08:50:33.961+0000][7][gc,task     ] GC(115) Using 1 workers of 1 for marking
[2022-06-28T08:50:34.075+0000][7][gc,marking  ] GC(115) Concurrent Mark From Roots 114.491ms
[2022-06-28T08:50:34.075+0000][7][gc,marking  ] GC(115) Concurrent Preclean
[2022-06-28T08:50:34.076+0000][7][gc,marking  ] GC(115) Concurrent Preclean 0.114ms
[2022-06-28T08:50:34.076+0000][7][gc,start    ] GC(115) Pause Remark
[2022-06-28T08:50:34.088+0000][7][gc          ] GC(115) Pause Remark 86M->86M(256M) 12.711ms
[2022-06-28T08:50:34.088+0000][7][gc,cpu      ] GC(115) User=0.01s Sys=0.00s Real=0.01s
[2022-06-28T08:50:34.088+0000][7][safepoint   ] Safepoint "G1Concurrent", Time since last: 115707759 ns, Reaching safepoint: 24042 ns, At safepoint: 12771645 ns, Total: 12795687 ns
[2022-06-28T08:50:34.088+0000][7][gc,marking  ] GC(115) Concurrent Mark 127.552ms
[2022-06-28T08:50:34.088+0000][7][gc,marking  ] GC(115) Concurrent Rebuild Remembered Sets
[2022-06-28T08:50:34.154+0000][7][gc,marking  ] GC(115) Concurrent Rebuild Remembered Sets 65.975ms
[2022-06-28T08:50:34.155+0000][7][gc,start    ] GC(115) Pause Cleanup
[2022-06-28T08:50:34.155+0000][7][gc          ] GC(115) Pause Cleanup 86M->86M(256M) 0.050ms
[2022-06-28T08:50:34.155+0000][7][gc,cpu      ] GC(115) User=0.00s Sys=0.00s Real=0.00s
[2022-06-28T08:50:34.155+0000][7][safepoint   ] Safepoint "G1Concurrent", Time since last: 66116004 ns, Reaching safepoint: 23060 ns, At safepoint: 86151 ns, Total: 109211 ns
[2022-06-28T08:50:34.155+0000][7][gc,marking  ] GC(115) Concurrent Cleanup for Next Mark
[2022-06-28T08:50:34.155+0000][7][gc,marking  ] GC(115) Concurrent Cleanup for Next Mark 0.655ms
[2022-06-28T08:50:34.155+0000][7][gc          ] GC(115) Concurrent Mark Cycle 195.379ms
[2022-06-28T08:51:09.158+0000][7][safepoint   ] Safepoint "Cleanup", Time since last: 35003365649 ns, Reaching safepoint: 36483 ns, At safepoint: 4719 ns, Total: 41202 ns
[2022-06-28T08:52:05.164+0000][7][safepoint   ] Safepoint "Cleanup", Time since last: 56005844484 ns, Reaching safepoint: 37668 ns, At safepoint: 105167 ns, Total: 142835 ns
[2022-06-28T08:52:39.075+0000][7][gc,start    ] GC(116) Pause Young (Normal) (G1 Evacuation Pause)
[2022-06-28T08:52:39.075+0000][7][gc,task     ] GC(116) Using 1 workers of 1 for evacuation
[2022-06-28T08:52:39.075+0000][7][gc,age      ] GC(116) Desired survivor size 8388608 bytes, new threshold 15 (max threshold 15)
[2022-06-28T08:52:39.077+0000][7][gc,phases   ] GC(116)   Pre Evacuate Collection Set: 0.0ms
[2022-06-28T08:52:39.077+0000][7][gc,phases   ] GC(116)   Merge Heap Roots: 0.0ms
[2022-06-28T08:52:39.077+0000][7][gc,phases   ] GC(116)   Evacuate Collection Set: 1.5ms
[2022-06-28T08:52:39.077+0000][7][gc,phases   ] GC(116)   Post Evacuate Collection Set: 0.9ms
[2022-06-28T08:52:39.077+0000][7][gc,phases   ] GC(116)   Other: 0.1ms
[2022-06-28T08:52:39.077+0000][7][gc,age      ] GC(116) Age table with threshold 15 (max threshold 15)
[2022-06-28T08:52:39.077+0000][7][gc,age      ] GC(116) - age   1:       9792 bytes,       9792 total
[2022-06-28T08:52:39.077+0000][7][gc,age      ] GC(116) - age   2:        400 bytes,      10192 total
[2022-06-28T08:52:39.077+0000][7][gc,age      ] GC(116) - age   3:        792 bytes,      10984 total
[2022-06-28T08:52:39.077+0000][7][gc,age      ] GC(116) - age   4:        200 bytes,      11184 total
[2022-06-28T08:52:39.077+0000][7][gc,age      ] GC(116) - age   5:        472 bytes,      11656 total
[2022-06-28T08:52:39.077+0000][7][gc,age      ] GC(116) - age   7:         56 bytes,      11712 total
[2022-06-28T08:52:39.077+0000][7][gc,age      ] GC(116) - age  10:        840 bytes,      12552 total
[2022-06-28T08:52:39.077+0000][7][gc,age      ] GC(116) - age  12:        400 bytes,      12952 total
[2022-06-28T08:52:39.077+0000][7][gc,age      ] GC(116) - age  13:      10088 bytes,      23040 total
[2022-06-28T08:52:39.077+0000][7][gc,age      ] GC(116) - age  14:        288 bytes,      23328 total
[2022-06-28T08:52:39.077+0000][7][gc,age      ] GC(116) - age  15:        136 bytes,      23464 total
[2022-06-28T08:52:39.077+0000][7][gc,heap     ] GC(116) Eden regions: 29->0(29)
[2022-06-28T08:52:39.077+0000][7][gc,heap     ] GC(116) Survivor regions: 1->1(4)
[2022-06-28T08:52:39.077+0000][7][gc,heap     ] GC(116) Old regions: 19->19
[2022-06-28T08:52:39.077+0000][7][gc,heap     ] GC(116) Archive regions: 2->2
[2022-06-28T08:52:39.077+0000][7][gc,heap     ] GC(116) Humongous regions: 2->2
[2022-06-28T08:52:39.077+0000][7][gc,metaspace] GC(116) Metaspace: 102397K(106432K)->102397K(106432K) NonClass: 88715K(90944K)->88715K(90944K) Class: 13682K(15488K)->13682K(15488K)
[2022-06-28T08:52:39.077+0000][7][gc          ] GC(116) Pause Young (Normal) (G1 Evacuation Pause) 201M->85M(256M) 2.772ms
[2022-06-28T08:52:39.077+0000][7][gc,cpu      ] GC(116) User=0.00s Sys=0.00s Real=0.00s
[2022-06-28T08:52:39.077+0000][7][safepoint   ] Safepoint "G1CollectForAllocation", Time since last: 33910524080 ns, Reaching safepoint: 26004 ns, At safepoint: 2811462 ns, Total: 2837466 ns
[2022-06-28T08:54:44.186+0000][7][gc,start    ] GC(117) Pause Young (Concurrent Start) (G1 Evacuation Pause)
[2022-06-28T08:54:44.186+0000][7][gc,task     ] GC(117) Using 1 workers of 1 for evacuation
[2022-06-28T08:54:44.186+0000][7][gc,age      ] GC(117) Desired survivor size 8388608 bytes, new threshold 15 (max threshold 15)
[2022-06-28T08:54:44.188+0000][7][gc,phases   ] GC(117)   Pre Evacuate Collection Set: 0.2ms
[2022-06-28T08:54:44.188+0000][7][gc,phases   ] GC(117)   Merge Heap Roots: 0.0ms
[2022-06-28T08:54:44.188+0000][7][gc,phases   ] GC(117)   Evacuate Collection Set: 1.6ms
[2022-06-28T08:54:44.188+0000][7][gc,phases   ] GC(117)   Post Evacuate Collection Set: 0.9ms
[2022-06-28T08:54:44.188+0000][7][gc,phases   ] GC(117)   Other: 0.1ms
[2022-06-28T08:54:44.188+0000][7][gc,age      ] GC(117) Age table with threshold 15 (max threshold 15)
[2022-06-28T08:54:44.188+0000][7][gc,age      ] GC(117) - age   1:      10280 bytes,      10280 total
[2022-06-28T08:54:44.188+0000][7][gc,age      ] GC(117) - age   2:        200 bytes,      10480 total
[2022-06-28T08:54:44.188+0000][7][gc,age      ] GC(117) - age   3:        400 bytes,      10880 total
[2022-06-28T08:54:44.188+0000][7][gc,age      ] GC(117) - age   4:        792 bytes,      11672 total
[2022-06-28T08:54:44.188+0000][7][gc,age      ] GC(117) - age   6:        472 bytes,      12144 total
[2022-06-28T08:54:44.188+0000][7][gc,age      ] GC(117) - age   8:         56 bytes,      12200 total
[2022-06-28T08:54:44.189+0000][7][gc,age      ] GC(117) - age  11:        840 bytes,      13040 total
[2022-06-28T08:54:44.189+0000][7][gc,age      ] GC(117) - age  13:        400 bytes,      13440 total
[2022-06-28T08:54:44.189+0000][7][gc,age      ] GC(117) - age  14:      10088 bytes,      23528 total
[2022-06-28T08:54:44.189+0000][7][gc,age      ] GC(117) - age  15:        288 bytes,      23816 total
[2022-06-28T08:54:44.189+0000][7][gc,heap     ] GC(117) Eden regions: 29->0(29)
[2022-06-28T08:54:44.189+0000][7][gc,heap     ] GC(117) Survivor regions: 1->1(4)
[2022-06-28T08:54:44.189+0000][7][gc,heap     ] GC(117) Old regions: 19->19
[2022-06-28T08:54:44.189+0000][7][gc,heap     ] GC(117) Archive regions: 2->2
[2022-06-28T08:54:44.189+0000][7][gc,heap     ] GC(117) Humongous regions: 2->2
[2022-06-28T08:54:44.189+0000][7][gc,metaspace] GC(117) Metaspace: 102405K(106432K)->102405K(106432K) NonClass: 88723K(90944K)->88723K(90944K) Class: 13682K(15488K)->13682K(15488K)
[2022-06-28T08:54:44.189+0000][7][gc          ] GC(117) Pause Young (Concurrent Start) (G1 Evacuation Pause) 201M->85M(256M) 2.941ms
[2022-06-28T08:54:44.189+0000][7][gc,cpu      ] GC(117) User=0.00s Sys=0.00s Real=0.01s
[2022-06-28T08:54:44.189+0000][7][safepoint   ] Safepoint "G1CollectForAllocation", Time since last: 125108203487 ns, Reaching safepoint: 33457 ns, At safepoint: 2988065 ns, Total: 3021522 ns
[2022-06-28T08:54:44.189+0000][7][gc          ] GC(118) Concurrent Mark Cycle
[2022-06-28T08:54:44.189+0000][7][gc,marking  ] GC(118) Concurrent Clear Claimed Marks
[2022-06-28T08:54:44.189+0000][7][gc,marking  ] GC(118) Concurrent Clear Claimed Marks 0.039ms
[2022-06-28T08:54:44.189+0000][7][gc,marking  ] GC(118) Concurrent Scan Root Regions
[2022-06-28T08:54:44.190+0000][7][gc,marking  ] GC(118) Concurrent Scan Root Regions 0.938ms
[2022-06-28T08:54:44.190+0000][7][gc,marking  ] GC(118) Concurrent Mark
[2022-06-28T08:54:44.190+0000][7][gc,marking  ] GC(118) Concurrent Mark From Roots
[2022-06-28T08:54:44.190+0000][7][gc,task     ] GC(118) Using 1 workers of 1 for marking
[2022-06-28T08:54:44.307+0000][7][gc,marking  ] GC(118) Concurrent Mark From Roots 116.883ms
[2022-06-28T08:54:44.307+0000][7][gc,marking  ] GC(118) Concurrent Preclean
[2022-06-28T08:54:44.307+0000][7][gc,marking  ] GC(118) Concurrent Preclean 0.110ms
[2022-06-28T08:54:44.307+0000][7][gc,start    ] GC(118) Pause Remark
[2022-06-28T08:54:44.320+0000][7][gc          ] GC(118) Pause Remark 86M->86M(256M) 12.788ms
[2022-06-28T08:54:44.320+0000][7][gc,cpu      ] GC(118) User=0.01s Sys=0.00s Real=0.01s
[2022-06-28T08:54:44.320+0000][7][safepoint   ] Safepoint "G1Concurrent", Time since last: 118163010 ns, Reaching safepoint: 24924 ns, At safepoint: 12844759 ns, Total: 12869683 ns
[2022-06-28T08:54:44.320+0000][7][gc,marking  ] GC(118) Concurrent Mark 129.982ms
[2022-06-28T08:54:44.320+0000][7][gc,marking  ] GC(118) Concurrent Rebuild Remembered Sets
[2022-06-28T08:54:44.386+0000][7][gc,marking  ] GC(118) Concurrent Rebuild Remembered Sets 66.365ms
[2022-06-28T08:54:44.386+0000][7][gc,start    ] GC(118) Pause Cleanup
[2022-06-28T08:54:44.386+0000][7][gc          ] GC(118) Pause Cleanup 86M->86M(256M) 0.054ms
[2022-06-28T08:54:44.386+0000][7][gc,cpu      ] GC(118) User=0.00s Sys=0.00s Real=0.00s
[2022-06-28T08:54:44.386+0000][7][safepoint   ] Safepoint "G1Concurrent", Time since last: 66455443 ns, Reaching safepoint: 22399 ns, At safepoint: 94592 ns, Total: 116991 ns
[2022-06-28T08:54:44.386+0000][7][gc,marking  ] GC(118) Concurrent Cleanup for Next Mark
[2022-06-28T08:54:44.387+0000][7][gc,marking  ] GC(118) Concurrent Cleanup for Next Mark 0.680ms
[2022-06-28T08:54:44.387+0000][7][gc          ] GC(118) Concurrent Mark Cycle 198.282ms
[2022-06-28T08:55:36.392+0000][7][safepoint   ] Safepoint "Cleanup", Time since last: 52005709038 ns, Reaching safepoint: 35178 ns, At safepoint: 4272 ns, Total: 39450 ns
[2022-06-28T08:56:06.395+0000][7][safepoint   ] Safepoint "Cleanup", Time since last: 30003307091 ns, Reaching safepoint: 34708 ns, At safepoint: 4320 ns, Total: 39028 ns
[2022-06-28T08:56:49.302+0000][7][gc,start    ] GC(119) Pause Young (Normal) (G1 Evacuation Pause)
[2022-06-28T08:56:49.302+0000][7][gc,task     ] GC(119) Using 1 workers of 1 for evacuation
[2022-06-28T08:56:49.302+0000][7][gc,age      ] GC(119) Desired survivor size 8388608 bytes, new threshold 15 (max threshold 15)
[2022-06-28T08:56:49.305+0000][7][gc,phases   ] GC(119)   Pre Evacuate Collection Set: 0.1ms
[2022-06-28T08:56:49.305+0000][7][gc,phases   ] GC(119)   Merge Heap Roots: 0.0ms
[2022-06-28T08:56:49.305+0000][7][gc,phases   ] GC(119)   Evacuate Collection Set: 1.6ms
[2022-06-28T08:56:49.305+0000][7][gc,phases   ] GC(119)   Post Evacuate Collection Set: 0.9ms
[2022-06-28T08:56:49.305+0000][7][gc,phases   ] GC(119)   Other: 0.1ms
[2022-06-28T08:56:49.305+0000][7][gc,age      ] GC(119) Age table with threshold 15 (max threshold 15)
[2022-06-28T08:56:49.305+0000][7][gc,age      ] GC(119) - age   1:      11096 bytes,      11096 total
[2022-06-28T08:56:49.305+0000][7][gc,age      ] GC(119) - age   2:        600 bytes,      11696 total
[2022-06-28T08:56:49.305+0000][7][gc,age      ] GC(119) - age   3:        200 bytes,      11896 total
[2022-06-28T08:56:49.305+0000][7][gc,age      ] GC(119) - age   4:        200 bytes,      12096 total
[2022-06-28T08:56:49.305+0000][7][gc,age      ] GC(119) - age   5:        216 bytes,      12312 total
[2022-06-28T08:56:49.305+0000][7][gc,age      ] GC(119) - age   7:        472 bytes,      12784 total
[2022-06-28T08:56:49.305+0000][7][gc,age      ] GC(119) - age   9:         56 bytes,      12840 total
[2022-06-28T08:56:49.305+0000][7][gc,age      ] GC(119) - age  12:        840 bytes,      13680 total
[2022-06-28T08:56:49.305+0000][7][gc,age      ] GC(119) - age  14:        400 bytes,      14080 total
[2022-06-28T08:56:49.305+0000][7][gc,age      ] GC(119) - age  15:      10088 bytes,      24168 total
[2022-06-28T08:56:49.305+0000][7][gc,heap     ] GC(119) Eden regions: 29->0(29)
[2022-06-28T08:56:49.305+0000][7][gc,heap     ] GC(119) Survivor regions: 1->1(4)
[2022-06-28T08:56:49.305+0000][7][gc,heap     ] GC(119) Old regions: 19->19
[2022-06-28T08:56:49.305+0000][7][gc,heap     ] GC(119) Archive regions: 2->2
[2022-06-28T08:56:49.305+0000][7][gc,heap     ] GC(119) Humongous regions: 2->2
[2022-06-28T08:56:49.305+0000][7][gc,metaspace] GC(119) Metaspace: 102405K(106432K)->102405K(106432K) NonClass: 88723K(90944K)->88723K(90944K) Class: 13682K(15488K)->13682K(15488K)
[2022-06-28T08:56:49.305+0000][7][gc          ] GC(119) Pause Young (Normal) (G1 Evacuation Pause) 201M->85M(256M) 2.947ms
[2022-06-28T08:56:49.305+0000][7][gc,cpu      ] GC(119) User=0.00s Sys=0.00s Real=0.00s
[2022-06-28T08:56:49.305+0000][7][safepoint   ] Safepoint "G1CollectForAllocation", Time since last: 42907001441 ns, Reaching safepoint: 25317 ns, At safepoint: 2989322 ns, Total: 3014639 ns
[2022-06-28T08:57:06.307+0000][7][safepoint   ] Safepoint "Cleanup", Time since last: 17001819792 ns, Reaching safepoint: 36282 ns, At safepoint: 22323 ns, Total: 58605 ns
[2022-06-28T08:58:35.317+0000][7][safepoint   ] Safepoint "Cleanup", Time since last: 89009703848 ns, Reaching safepoint: 37868 ns, At safepoint: 4585 ns, Total: 42453 ns
[2022-06-28T08:58:54.413+0000][7][gc,start    ] GC(120) Pause Young (Concurrent Start) (G1 Evacuation Pause)
[2022-06-28T08:58:54.413+0000][7][gc,task     ] GC(120) Using 1 workers of 1 for evacuation
[2022-06-28T08:58:54.413+0000][7][gc,age      ] GC(120) Desired survivor size 8388608 bytes, new threshold 15 (max threshold 15)
[2022-06-28T08:58:54.416+0000][7][gc,phases   ] GC(120)   Pre Evacuate Collection Set: 0.2ms
[2022-06-28T08:58:54.416+0000][7][gc,phases   ] GC(120)   Merge Heap Roots: 0.0ms
[2022-06-28T08:58:54.416+0000][7][gc,phases   ] GC(120)   Evacuate Collection Set: 1.6ms
[2022-06-28T08:58:54.416+0000][7][gc,phases   ] GC(120)   Post Evacuate Collection Set: 0.8ms
[2022-06-28T08:58:54.416+0000][7][gc,phases   ] GC(120)   Other: 0.1ms
[2022-06-28T08:58:54.416+0000][7][gc,age      ] GC(120) Age table with threshold 15 (max threshold 15)
[2022-06-28T08:58:54.416+0000][7][gc,age      ] GC(120) - age   1:       9784 bytes,       9784 total
[2022-06-28T08:58:54.416+0000][7][gc,age      ] GC(120) - age   2:       1040 bytes,      10824 total
[2022-06-28T08:58:54.416+0000][7][gc,age      ] GC(120) - age   3:        600 bytes,      11424 total
[2022-06-28T08:58:54.416+0000][7][gc,age      ] GC(120) - age   4:        200 bytes,      11624 total
[2022-06-28T08:58:54.416+0000][7][gc,age      ] GC(120) - age   6:        216 bytes,      11840 total
[2022-06-28T08:58:54.416+0000][7][gc,age      ] GC(120) - age   8:        472 bytes,      12312 total
[2022-06-28T08:58:54.416+0000][7][gc,age      ] GC(120) - age  10:         56 bytes,      12368 total
[2022-06-28T08:58:54.416+0000][7][gc,age      ] GC(120) - age  13:        840 bytes,      13208 total
[2022-06-28T08:58:54.416+0000][7][gc,age      ] GC(120) - age  15:        400 bytes,      13608 total
[2022-06-28T08:58:54.416+0000][7][gc,heap     ] GC(120) Eden regions: 29->0(29)
[2022-06-28T08:58:54.416+0000][7][gc,heap     ] GC(120) Survivor regions: 1->1(4)
[2022-06-28T08:58:54.416+0000][7][gc,heap     ] GC(120) Old regions: 19->19
[2022-06-28T08:58:54.416+0000][7][gc,heap     ] GC(120) Archive regions: 2->2
[2022-06-28T08:58:54.416+0000][7][gc,heap     ] GC(120) Humongous regions: 2->2
[2022-06-28T08:58:54.416+0000][7][gc,metaspace] GC(120) Metaspace: 102410K(106432K)->102410K(106432K) NonClass: 88728K(90944K)->88728K(90944K) Class: 13682K(15488K)->13682K(15488K)
[2022-06-28T08:58:54.416+0000][7][gc          ] GC(120) Pause Young (Concurrent Start) (G1 Evacuation Pause) 201M->85M(256M) 2.945ms
[2022-06-28T08:58:54.416+0000][7][gc,cpu      ] GC(120) User=0.00s Sys=0.00s Real=0.01s
[2022-06-28T08:58:54.416+0000][7][safepoint   ] Safepoint "G1CollectForAllocation", Time since last: 19095920401 ns, Reaching safepoint: 26717 ns, At safepoint: 2991645 ns, Total: 3018362 ns
[2022-06-28T08:58:54.416+0000][7][gc          ] GC(121) Concurrent Mark Cycle
[2022-06-28T08:58:54.416+0000][7][gc,marking  ] GC(121) Concurrent Clear Claimed Marks
[2022-06-28T08:58:54.416+0000][7][gc,marking  ] GC(121) Concurrent Clear Claimed Marks 0.039ms
[2022-06-28T08:58:54.416+0000][7][gc,marking  ] GC(121) Concurrent Scan Root Regions
[2022-06-28T08:58:54.417+0000][7][gc,marking  ] GC(121) Concurrent Scan Root Regions 0.895ms
[2022-06-28T08:58:54.417+0000][7][gc,marking  ] GC(121) Concurrent Mark
[2022-06-28T08:58:54.417+0000][7][gc,marking  ] GC(121) Concurrent Mark From Roots
[2022-06-28T08:58:54.417+0000][7][gc,task     ] GC(121) Using 1 workers of 1 for marking
[2022-06-28T08:58:54.532+0000][7][gc,marking  ] GC(121) Concurrent Mark From Roots 114.608ms
[2022-06-28T08:58:54.532+0000][7][gc,marking  ] GC(121) Concurrent Preclean
[2022-06-28T08:58:54.532+0000][7][gc,marking  ] GC(121) Concurrent Preclean 0.116ms
[2022-06-28T08:58:54.532+0000][7][gc,start    ] GC(121) Pause Remark
[2022-06-28T08:58:54.545+0000][7][gc          ] GC(121) Pause Remark 86M->86M(256M) 12.822ms
[2022-06-28T08:58:54.545+0000][7][gc,cpu      ] GC(121) User=0.01s Sys=0.00s Real=0.01s
[2022-06-28T08:58:54.545+0000][7][safepoint   ] Safepoint "G1Concurrent", Time since last: 115825775 ns, Reaching safepoint: 24087 ns, At safepoint: 12879634 ns, Total: 12903721 ns
[2022-06-28T08:58:54.545+0000][7][gc,marking  ] GC(121) Concurrent Mark 127.731ms
[2022-06-28T08:58:54.545+0000][7][gc,marking  ] GC(121) Concurrent Rebuild Remembered Sets
[2022-06-28T08:58:54.611+0000][7][gc,marking  ] GC(121) Concurrent Rebuild Remembered Sets 66.579ms
[2022-06-28T08:58:54.611+0000][7][gc,start    ] GC(121) Pause Cleanup
[2022-06-28T08:58:54.611+0000][7][gc          ] GC(121) Pause Cleanup 87M->87M(256M) 0.049ms
[2022-06-28T08:58:54.611+0000][7][gc,cpu      ] GC(121) User=0.00s Sys=0.00s Real=0.00s
[2022-06-28T08:58:54.611+0000][7][safepoint   ] Safepoint "G1Concurrent", Time since last: 66680219 ns, Reaching safepoint: 21946 ns, At safepoint: 84038 ns, Total: 105984 ns
[2022-06-28T08:58:54.611+0000][7][gc,marking  ] GC(121) Concurrent Cleanup for Next Mark
[2022-06-28T08:58:54.612+0000][7][gc,marking  ] GC(121) Concurrent Cleanup for Next Mark 0.665ms
[2022-06-28T08:58:54.612+0000][7][gc          ] GC(121) Concurrent Mark Cycle 196.162ms
[2022-06-28T09:00:36.629+0000][7][safepoint   ] Safepoint "Cleanup", Time since last: 102017265583 ns, Reaching safepoint: 36849 ns, At safepoint: 4338 ns, Total: 41187 ns
[2022-06-28T09:00:59.532+0000][7][gc,start    ] GC(122) Pause Young (Normal) (G1 Evacuation Pause)
[2022-06-28T09:00:59.532+0000][7][gc,task     ] GC(122) Using 1 workers of 1 for evacuation
[2022-06-28T09:00:59.532+0000][7][gc,age      ] GC(122) Desired survivor size 8388608 bytes, new threshold 15 (max threshold 15)
[2022-06-28T09:00:59.534+0000][7][gc,phases   ] GC(122)   Pre Evacuate Collection Set: 0.0ms
[2022-06-28T09:00:59.534+0000][7][gc,phases   ] GC(122)   Merge Heap Roots: 0.0ms
[2022-06-28T09:00:59.534+0000][7][gc,phases   ] GC(122)   Evacuate Collection Set: 1.5ms
[2022-06-28T09:00:59.534+0000][7][gc,phases   ] GC(122)   Post Evacuate Collection Set: 0.8ms
[2022-06-28T09:00:59.534+0000][7][gc,phases   ] GC(122)   Other: 0.1ms
[2022-06-28T09:00:59.534+0000][7][gc,age      ] GC(122) Age table with threshold 15 (max threshold 15)
[2022-06-28T09:00:59.534+0000][7][gc,age      ] GC(122) - age   1:       9960 bytes,       9960 total
[2022-06-28T09:00:59.534+0000][7][gc,age      ] GC(122) - age   2:        200 bytes,      10160 total
[2022-06-28T09:00:59.534+0000][7][gc,age      ] GC(122) - age   3:        816 bytes,      10976 total
[2022-06-28T09:00:59.534+0000][7][gc,age      ] GC(122) - age   4:        600 bytes,      11576 total
[2022-06-28T09:00:59.534+0000][7][gc,age      ] GC(122) - age   5:        200 bytes,      11776 total
[2022-06-28T09:00:59.534+0000][7][gc,age      ] GC(122) - age   7:        216 bytes,      11992 total
[2022-06-28T09:00:59.534+0000][7][gc,age      ] GC(122) - age   9:        472 bytes,      12464 total
[2022-06-28T09:00:59.534+0000][7][gc,age      ] GC(122) - age  11:         56 bytes,      12520 total
[2022-06-28T09:00:59.534+0000][7][gc,age      ] GC(122) - age  14:        840 bytes,      13360 total
[2022-06-28T09:00:59.534+0000][7][gc,heap     ] GC(122) Eden regions: 29->0(29)
[2022-06-28T09:00:59.534+0000][7][gc,heap     ] GC(122) Survivor regions: 1->1(4)
[2022-06-28T09:00:59.534+0000][7][gc,heap     ] GC(122) Old regions: 19->19
[2022-06-28T09:00:59.534+0000][7][gc,heap     ] GC(122) Archive regions: 2->2
[2022-06-28T09:00:59.534+0000][7][gc,heap     ] GC(122) Humongous regions: 2->2
[2022-06-28T09:00:59.534+0000][7][gc,metaspace] GC(122) Metaspace: 102414K(106432K)->102414K(106432K) NonClass: 88731K(90944K)->88731K(90944K) Class: 13682K(15488K)->13682K(15488K)
[2022-06-28T09:00:59.534+0000][7][gc          ] GC(122) Pause Young (Normal) (G1 Evacuation Pause) 201M->85M(256M) 2.718ms
[2022-06-28T09:00:59.534+0000][7][gc,cpu      ] GC(122) User=0.01s Sys=0.00s Real=0.00s
[2022-06-28T09:00:59.534+0000][7][safepoint   ] Safepoint "G1CollectForAllocation", Time since last: 22902959541 ns, Reaching safepoint: 26602 ns, At safepoint: 2759494 ns, Total: 2786096 ns
[2022-06-28T09:01:04.535+0000][7][safepoint   ] Safepoint "Cleanup", Time since last: 5000559310 ns, Reaching safepoint: 39120 ns, At safepoint: 4817 ns, Total: 43937 ns
[2022-06-28T09:02:04.541+0000][7][safepoint   ] Safepoint "Cleanup", Time since last: 60006146458 ns, Reaching safepoint: 36670 ns, At safepoint: 29388 ns, Total: 66058 ns
[2022-06-28T09:03:04.547+0000][7][safepoint   ] Safepoint "Cleanup", Time since last: 60006063874 ns, Reaching safepoint: 36826 ns, At safepoint: 5121 ns, Total: 41947 ns
[2022-06-28T09:03:04.642+0000][7][gc,start    ] GC(123) Pause Young (Concurrent Start) (G1 Evacuation Pause)
[2022-06-28T09:03:04.642+0000][7][gc,task     ] GC(123) Using 1 workers of 1 for evacuation
[2022-06-28T09:03:04.642+0000][7][gc,age      ] GC(123) Desired survivor size 8388608 bytes, new threshold 15 (max threshold 15)
[2022-06-28T09:03:04.644+0000][7][gc,phases   ] GC(123)   Pre Evacuate Collection Set: 0.2ms
[2022-06-28T09:03:04.644+0000][7][gc,phases   ] GC(123)   Merge Heap Roots: 0.0ms
[2022-06-28T09:03:04.644+0000][7][gc,phases   ] GC(123)   Evacuate Collection Set: 1.5ms
[2022-06-28T09:03:04.644+0000][7][gc,phases   ] GC(123)   Post Evacuate Collection Set: 0.8ms
[2022-06-28T09:03:04.644+0000][7][gc,phases   ] GC(123)   Other: 0.1ms
[2022-06-28T09:03:04.644+0000][7][gc,age      ] GC(123) Age table with threshold 15 (max threshold 15)
[2022-06-28T09:03:04.644+0000][7][gc,age      ] GC(123) - age   1:       9824 bytes,       9824 total
[2022-06-28T09:03:04.644+0000][7][gc,age      ] GC(123) - age   2:        368 bytes,      10192 total
[2022-06-28T09:03:04.644+0000][7][gc,age      ] GC(123) - age   3:        200 bytes,      10392 total
[2022-06-28T09:03:04.644+0000][7][gc,age      ] GC(123) - age   4:        816 bytes,      11208 total
[2022-06-28T09:03:04.644+0000][7][gc,age      ] GC(123) - age   5:        600 bytes,      11808 total
[2022-06-28T09:03:04.644+0000][7][gc,age      ] GC(123) - age   8:        216 bytes,      12024 total
[2022-06-28T09:03:04.645+0000][7][gc,age      ] GC(123) - age  10:        472 bytes,      12496 total
[2022-06-28T09:03:04.645+0000][7][gc,age      ] GC(123) - age  12:         56 bytes,      12552 total
[2022-06-28T09:03:04.645+0000][7][gc,age      ] GC(123) - age  15:        840 bytes,      13392 total
[2022-06-28T09:03:04.645+0000][7][gc,heap     ] GC(123) Eden regions: 29->0(29)
[2022-06-28T09:03:04.645+0000][7][gc,heap     ] GC(123) Survivor regions: 1->1(4)
[2022-06-28T09:03:04.645+0000][7][gc,heap     ] GC(123) Old regions: 19->19
[2022-06-28T09:03:04.645+0000][7][gc,heap     ] GC(123) Archive regions: 2->2
[2022-06-28T09:03:04.645+0000][7][gc,heap     ] GC(123) Humongous regions: 2->2
[2022-06-28T09:03:04.645+0000][7][gc,metaspace] GC(123) Metaspace: 102417K(106432K)->102417K(106432K) NonClass: 88734K(90944K)->88734K(90944K) Class: 13682K(15488K)->13682K(15488K)
[2022-06-28T09:03:04.645+0000][7][gc          ] GC(123) Pause Young (Concurrent Start) (G1 Evacuation Pause) 201M->85M(256M) 2.845ms
[2022-06-28T09:03:04.645+0000][7][gc,cpu      ] GC(123) User=0.00s Sys=0.00s Real=0.00s
[2022-06-28T09:03:04.645+0000][7][safepoint   ] Safepoint "G1CollectForAllocation", Time since last: 94309238 ns, Reaching safepoint: 26885 ns, At safepoint: 2912461 ns, Total: 2939346 ns
[2022-06-28T09:03:04.645+0000][7][gc          ] GC(124) Concurrent Mark Cycle
[2022-06-28T09:03:04.645+0000][7][gc,marking  ] GC(124) Concurrent Clear Claimed Marks
[2022-06-28T09:03:04.645+0000][7][gc,marking  ] GC(124) Concurrent Clear Claimed Marks 0.040ms
[2022-06-28T09:03:04.645+0000][7][gc,marking  ] GC(124) Concurrent Scan Root Regions
[2022-06-28T09:03:04.646+0000][7][gc,marking  ] GC(124) Concurrent Scan Root Regions 0.919ms
[2022-06-28T09:03:04.646+0000][7][gc,marking  ] GC(124) Concurrent Mark
[2022-06-28T09:03:04.646+0000][7][gc,marking  ] GC(124) Concurrent Mark From Roots
[2022-06-28T09:03:04.646+0000][7][gc,task     ] GC(124) Using 1 workers of 1 for marking
[2022-06-28T09:03:04.762+0000][7][gc,marking  ] GC(124) Concurrent Mark From Roots 116.231ms
[2022-06-28T09:03:04.762+0000][7][gc,marking  ] GC(124) Concurrent Preclean
[2022-06-28T09:03:04.762+0000][7][gc,marking  ] GC(124) Concurrent Preclean 0.113ms
[2022-06-28T09:03:04.762+0000][7][gc,start    ] GC(124) Pause Remark
[2022-06-28T09:03:04.775+0000][7][gc          ] GC(124) Pause Remark 86M->86M(256M) 12.657ms
[2022-06-28T09:03:04.775+0000][7][gc,cpu      ] GC(124) User=0.01s Sys=0.00s Real=0.02s
[2022-06-28T09:03:04.775+0000][7][safepoint   ] Safepoint "G1Concurrent", Time since last: 117465092 ns, Reaching safepoint: 24830 ns, At safepoint: 12716327 ns, Total: 12741157 ns
[2022-06-28T09:03:04.775+0000][7][gc,marking  ] GC(124) Concurrent Mark 129.192ms
[2022-06-28T09:03:04.775+0000][7][gc,marking  ] GC(124) Concurrent Rebuild Remembered Sets
[2022-06-28T09:03:04.842+0000][7][gc,marking  ] GC(124) Concurrent Rebuild Remembered Sets 67.286ms
[2022-06-28T09:03:04.842+0000][7][gc,start    ] GC(124) Pause Cleanup
[2022-06-28T09:03:04.842+0000][7][gc          ] GC(124) Pause Cleanup 87M->87M(256M) 0.050ms
[2022-06-28T09:03:04.842+0000][7][gc,cpu      ] GC(124) User=0.00s Sys=0.00s Real=0.00s
[2022-06-28T09:03:04.842+0000][7][safepoint   ] Safepoint "G1Concurrent", Time since last: 67382663 ns, Reaching safepoint: 23075 ns, At safepoint: 85519 ns, Total: 108594 ns
[2022-06-28T09:03:04.842+0000][7][gc,marking  ] GC(124) Concurrent Cleanup for Next Mark
[2022-06-28T09:03:04.843+0000][7][gc,marking  ] GC(124) Concurrent Cleanup for Next Mark 0.678ms
[2022-06-28T09:03:04.843+0000][7][gc          ] GC(124) Concurrent Mark Cycle 198.371ms
[2022-06-28T09:03:34.846+0000][7][safepoint   ] Safepoint "Cleanup", Time since last: 30003295770 ns, Reaching safepoint: 39604 ns, At safepoint: 4601 ns, Total: 44205 ns
[2022-06-28T09:04:30.857+0000][7][safepoint   ] Safepoint "Cleanup", Time since last: 56011019031 ns, Reaching safepoint: 34394 ns, At safepoint: 4435 ns, Total: 38829 ns
[2022-06-28T09:04:34.859+0000][7][safepoint   ] Safepoint "Cleanup", Time since last: 4001985393 ns, Reaching safepoint: 38078 ns, At safepoint: 4523 ns, Total: 42601 ns
[2022-06-28T09:05:09.759+0000][7][gc,start    ] GC(125) Pause Young (Normal) (G1 Evacuation Pause)
[2022-06-28T09:05:09.759+0000][7][gc,task     ] GC(125) Using 1 workers of 1 for evacuation
[2022-06-28T09:05:09.759+0000][7][gc,age      ] GC(125) Desired survivor size 8388608 bytes, new threshold 15 (max threshold 15)
[2022-06-28T09:05:09.761+0000][7][gc,phases   ] GC(125)   Pre Evacuate Collection Set: 0.0ms
[2022-06-28T09:05:09.761+0000][7][gc,phases   ] GC(125)   Merge Heap Roots: 0.0ms
[2022-06-28T09:05:09.761+0000][7][gc,phases   ] GC(125)   Evacuate Collection Set: 1.6ms
[2022-06-28T09:05:09.761+0000][7][gc,phases   ] GC(125)   Post Evacuate Collection Set: 0.8ms
[2022-06-28T09:05:09.761+0000][7][gc,phases   ] GC(125)   Other: 0.1ms
[2022-06-28T09:05:09.761+0000][7][gc,age      ] GC(125) Age table with threshold 15 (max threshold 15)
[2022-06-28T09:05:09.761+0000][7][gc,age      ] GC(125) - age   1:       9920 bytes,       9920 total
[2022-06-28T09:05:09.761+0000][7][gc,age      ] GC(125) - age   2:        200 bytes,      10120 total
[2022-06-28T09:05:09.761+0000][7][gc,age      ] GC(125) - age   3:        368 bytes,      10488 total
[2022-06-28T09:05:09.762+0000][7][gc,age      ] GC(125) - age   4:        200 bytes,      10688 total
[2022-06-28T09:05:09.762+0000][7][gc,age      ] GC(125) - age   5:        816 bytes,      11504 total
[2022-06-28T09:05:09.762+0000][7][gc,age      ] GC(125) - age   6:        400 bytes,      11904 total
[2022-06-28T09:05:09.762+0000][7][gc,age      ] GC(125) - age   9:        216 bytes,      12120 total
[2022-06-28T09:05:09.762+0000][7][gc,age      ] GC(125) - age  11:        472 bytes,      12592 total
[2022-06-28T09:05:09.762+0000][7][gc,age      ] GC(125) - age  13:         56 bytes,      12648 total
[2022-06-28T09:05:09.762+0000][7][gc,heap     ] GC(125) Eden regions: 29->0(29)
[2022-06-28T09:05:09.762+0000][7][gc,heap     ] GC(125) Survivor regions: 1->1(4)
[2022-06-28T09:05:09.762+0000][7][gc,heap     ] GC(125) Old regions: 19->19
[2022-06-28T09:05:09.762+0000][7][gc,heap     ] GC(125) Archive regions: 2->2
[2022-06-28T09:05:09.762+0000][7][gc,heap     ] GC(125) Humongous regions: 2->2
[2022-06-28T09:05:09.762+0000][7][gc,metaspace] GC(125) Metaspace: 102438K(106432K)->102438K(106432K) NonClass: 88755K(90944K)->88755K(90944K) Class: 13682K(15488K)->13682K(15488K)
[2022-06-28T09:05:09.762+0000][7][gc          ] GC(125) Pause Young (Normal) (G1 Evacuation Pause) 201M->85M(256M) 2.796ms
[2022-06-28T09:05:09.762+0000][7][gc,cpu      ] GC(125) User=0.01s Sys=0.01s Real=0.00s
[2022-06-28T09:05:09.762+0000][7][safepoint   ] Safepoint "G1CollectForAllocation", Time since last: 34899998397 ns, Reaching safepoint: 26322 ns, At safepoint: 2838435 ns, Total: 2864757 ns
[2022-06-28T09:06:34.771+0000][7][safepoint   ] Safepoint "Cleanup", Time since last: 85009156848 ns, Reaching safepoint: 38725 ns, At safepoint: 4420 ns, Total: 43145 ns
[2022-06-28T09:07:14.869+0000][7][gc,start    ] GC(126) Pause Young (Concurrent Start) (G1 Evacuation Pause)
[2022-06-28T09:07:14.869+0000][7][gc,task     ] GC(126) Using 1 workers of 1 for evacuation
[2022-06-28T09:07:14.870+0000][7][gc,age      ] GC(126) Desired survivor size 8388608 bytes, new threshold 15 (max threshold 15)
[2022-06-28T09:07:14.872+0000][7][gc,phases   ] GC(126)   Pre Evacuate Collection Set: 0.2ms
[2022-06-28T09:07:14.872+0000][7][gc,phases   ] GC(126)   Merge Heap Roots: 0.0ms
[2022-06-28T09:07:14.872+0000][7][gc,phases   ] GC(126)   Evacuate Collection Set: 1.4ms
[2022-06-28T09:07:14.872+0000][7][gc,phases   ] GC(126)   Post Evacuate Collection Set: 0.8ms
[2022-06-28T09:07:14.872+0000][7][gc,phases   ] GC(126)   Other: 0.1ms
[2022-06-28T09:07:14.872+0000][7][gc,age      ] GC(126) Age table with threshold 15 (max threshold 15)
[2022-06-28T09:07:14.872+0000][7][gc,age      ] GC(126) - age   1:      10336 bytes,      10336 total
[2022-06-28T09:07:14.872+0000][7][gc,age      ] GC(126) - age   2:        296 bytes,      10632 total
[2022-06-28T09:07:14.872+0000][7][gc,age      ] GC(126) - age   3:        200 bytes,      10832 total
[2022-06-28T09:07:14.872+0000][7][gc,age      ] GC(126) - age   4:        368 bytes,      11200 total
[2022-06-28T09:07:14.872+0000][7][gc,age      ] GC(126) - age   6:        240 bytes,      11440 total
[2022-06-28T09:07:14.872+0000][7][gc,age      ] GC(126) - age   7:        400 bytes,      11840 total
[2022-06-28T09:07:14.872+0000][7][gc,age      ] GC(126) - age  10:        216 bytes,      12056 total
[2022-06-28T09:07:14.872+0000][7][gc,age      ] GC(126) - age  12:        472 bytes,      12528 total
[2022-06-28T09:07:14.872+0000][7][gc,age      ] GC(126) - age  14:         56 bytes,      12584 total
[2022-06-28T09:07:14.872+0000][7][gc,heap     ] GC(126) Eden regions: 29->0(29)
[2022-06-28T09:07:14.872+0000][7][gc,heap     ] GC(126) Survivor regions: 1->1(4)
[2022-06-28T09:07:14.872+0000][7][gc,heap     ] GC(126) Old regions: 19->19
[2022-06-28T09:07:14.872+0000][7][gc,heap     ] GC(126) Archive regions: 2->2
[2022-06-28T09:07:14.872+0000][7][gc,heap     ] GC(126) Humongous regions: 2->2
[2022-06-28T09:07:14.872+0000][7][gc,metaspace] GC(126) Metaspace: 102438K(106432K)->102438K(106432K) NonClass: 88756K(90944K)->88756K(90944K) Class: 13682K(15488K)->13682K(15488K)
[2022-06-28T09:07:14.872+0000][7][gc          ] GC(126) Pause Young (Concurrent Start) (G1 Evacuation Pause) 201M->85M(256M) 2.754ms
[2022-06-28T09:07:14.872+0000][7][gc,cpu      ] GC(126) User=0.01s Sys=0.00s Real=0.00s
[2022-06-28T09:07:14.872+0000][7][safepoint   ] Safepoint "G1CollectForAllocation", Time since last: 40098582421 ns, Reaching safepoint: 28527 ns, At safepoint: 2803092 ns, Total: 2831619 ns
[2022-06-28T09:07:14.872+0000][7][gc          ] GC(127) Concurrent Mark Cycle
[2022-06-28T09:07:14.872+0000][7][gc,marking  ] GC(127) Concurrent Clear Claimed Marks
[2022-06-28T09:07:14.872+0000][7][gc,marking  ] GC(127) Concurrent Clear Claimed Marks 0.040ms
[2022-06-28T09:07:14.872+0000][7][gc,marking  ] GC(127) Concurrent Scan Root Regions
[2022-06-28T09:07:14.873+0000][7][gc,marking  ] GC(127) Concurrent Scan Root Regions 0.656ms
[2022-06-28T09:07:14.873+0000][7][gc,marking  ] GC(127) Concurrent Mark
[2022-06-28T09:07:14.873+0000][7][gc,marking  ] GC(127) Concurrent Mark From Roots
[2022-06-28T09:07:14.873+0000][7][gc,task     ] GC(127) Using 1 workers of 1 for marking
[2022-06-28T09:07:14.989+0000][7][gc,marking  ] GC(127) Concurrent Mark From Roots 115.871ms
[2022-06-28T09:07:14.989+0000][7][gc,marking  ] GC(127) Concurrent Preclean
[2022-06-28T09:07:14.989+0000][7][gc,marking  ] GC(127) Concurrent Preclean 0.109ms
[2022-06-28T09:07:14.989+0000][7][gc,start    ] GC(127) Pause Remark
[2022-06-28T09:07:15.001+0000][7][gc          ] GC(127) Pause Remark 87M->87M(256M) 12.278ms
[2022-06-28T09:07:15.001+0000][7][gc,cpu      ] GC(127) User=0.01s Sys=0.00s Real=0.01s
[2022-06-28T09:07:15.001+0000][7][safepoint   ] Safepoint "G1Concurrent", Time since last: 116822989 ns, Reaching safepoint: 24019 ns, At safepoint: 12337765 ns, Total: 12361784 ns
[2022-06-28T09:07:15.001+0000][7][gc,marking  ] GC(127) Concurrent Mark 128.438ms
[2022-06-28T09:07:15.001+0000][7][gc,marking  ] GC(127) Concurrent Rebuild Remembered Sets
[2022-06-28T09:07:15.076+0000][7][gc,marking  ] GC(127) Concurrent Rebuild Remembered Sets 74.183ms
[2022-06-28T09:07:15.076+0000][7][gc,start    ] GC(127) Pause Cleanup
[2022-06-28T09:07:15.076+0000][7][gc          ] GC(127) Pause Cleanup 87M->87M(256M) 0.049ms
[2022-06-28T09:07:15.076+0000][7][gc,cpu      ] GC(127) User=0.00s Sys=0.00s Real=0.00s
[2022-06-28T09:07:15.076+0000][7][safepoint   ] Safepoint "G1Concurrent", Time since last: 74279350 ns, Reaching safepoint: 22964 ns, At safepoint: 85336 ns, Total: 108300 ns
[2022-06-28T09:07:15.076+0000][7][gc,marking  ] GC(127) Concurrent Cleanup for Next Mark
[2022-06-28T09:07:15.076+0000][7][gc,marking  ] GC(127) Concurrent Cleanup for Next Mark 0.657ms
[2022-06-28T09:07:15.076+0000][7][gc          ] GC(127) Concurrent Mark Cycle 204.223ms
[2022-06-28T09:09:19.986+0000][7][gc,start    ] GC(128) Pause Young (Normal) (G1 Evacuation Pause)
[2022-06-28T09:09:19.986+0000][7][gc,task     ] GC(128) Using 1 workers of 1 for evacuation
[2022-06-28T09:09:19.986+0000][7][gc,age      ] GC(128) Desired survivor size 8388608 bytes, new threshold 15 (max threshold 15)
[2022-06-28T09:09:19.989+0000][7][gc,phases   ] GC(128)   Pre Evacuate Collection Set: 0.0ms
[2022-06-28T09:09:19.989+0000][7][gc,phases   ] GC(128)   Merge Heap Roots: 0.0ms
[2022-06-28T09:09:19.989+0000][7][gc,phases   ] GC(128)   Evacuate Collection Set: 1.6ms
[2022-06-28T09:09:19.989+0000][7][gc,phases   ] GC(128)   Post Evacuate Collection Set: 0.9ms
[2022-06-28T09:09:19.989+0000][7][gc,phases   ] GC(128)   Other: 0.1ms
[2022-06-28T09:09:19.989+0000][7][gc,age      ] GC(128) Age table with threshold 15 (max threshold 15)
[2022-06-28T09:09:19.989+0000][7][gc,age      ] GC(128) - age   1:       9840 bytes,       9840 total
[2022-06-28T09:09:19.989+0000][7][gc,age      ] GC(128) - age   2:        576 bytes,      10416 total
[2022-06-28T09:09:19.989+0000][7][gc,age      ] GC(128) - age   3:        296 bytes,      10712 total
[2022-06-28T09:09:19.989+0000][7][gc,age      ] GC(128) - age   4:        200 bytes,      10912 total
[2022-06-28T09:09:19.989+0000][7][gc,age      ] GC(128) - age   5:        368 bytes,      11280 total
[2022-06-28T09:09:19.989+0000][7][gc,age      ] GC(128) - age   7:        240 bytes,      11520 total
[2022-06-28T09:09:19.989+0000][7][gc,age      ] GC(128) - age   8:        400 bytes,      11920 total
[2022-06-28T09:09:19.989+0000][7][gc,age      ] GC(128) - age  11:        216 bytes,      12136 total
[2022-06-28T09:09:19.989+0000][7][gc,age      ] GC(128) - age  13:        472 bytes,      12608 total
[2022-06-28T09:09:19.989+0000][7][gc,age      ] GC(128) - age  15:         56 bytes,      12664 total
[2022-06-28T09:09:19.989+0000][7][gc,heap     ] GC(128) Eden regions: 29->0(29)
[2022-06-28T09:09:19.989+0000][7][gc,heap     ] GC(128) Survivor regions: 1->1(4)
[2022-06-28T09:09:19.989+0000][7][gc,heap     ] GC(128) Old regions: 19->19
[2022-06-28T09:09:19.989+0000][7][gc,heap     ] GC(128) Archive regions: 2->2
[2022-06-28T09:09:19.989+0000][7][gc,heap     ] GC(128) Humongous regions: 2->2
[2022-06-28T09:09:19.989+0000][7][gc,metaspace] GC(128) Metaspace: 102438K(106432K)->102438K(106432K) NonClass: 88756K(90944K)->88756K(90944K) Class: 13682K(15488K)->13682K(15488K)
[2022-06-28T09:09:19.989+0000][7][gc          ] GC(128) Pause Young (Normal) (G1 Evacuation Pause) 201M->85M(256M) 2.866ms
[2022-06-28T09:09:19.989+0000][7][gc,cpu      ] GC(128) User=0.00s Sys=0.00s Real=0.01s
[2022-06-28T09:09:19.989+0000][7][safepoint   ] Safepoint "G1CollectForAllocation", Time since last: 124910262178 ns, Reaching safepoint: 25586 ns, At safepoint: 2907746 ns, Total: 2933332 ns
[2022-06-28T09:09:48.992+0000][7][safepoint   ] Safepoint "Cleanup", Time since last: 29003255402 ns, Reaching safepoint: 51421 ns, At safepoint: 7127 ns, Total: 58548 ns
[2022-06-28T09:11:25.102+0000][7][gc,start    ] GC(129) Pause Young (Concurrent Start) (G1 Evacuation Pause)
[2022-06-28T09:11:25.102+0000][7][gc,task     ] GC(129) Using 1 workers of 1 for evacuation
[2022-06-28T09:11:25.102+0000][7][gc,age      ] GC(129) Desired survivor size 8388608 bytes, new threshold 15 (max threshold 15)
[2022-06-28T09:11:25.105+0000][7][gc,phases   ] GC(129)   Pre Evacuate Collection Set: 0.2ms
[2022-06-28T09:11:25.105+0000][7][gc,phases   ] GC(129)   Merge Heap Roots: 0.1ms
[2022-06-28T09:11:25.105+0000][7][gc,phases   ] GC(129)   Evacuate Collection Set: 1.5ms
[2022-06-28T09:11:25.105+0000][7][gc,phases   ] GC(129)   Post Evacuate Collection Set: 0.9ms
[2022-06-28T09:11:25.105+0000][7][gc,phases   ] GC(129)   Other: 0.1ms
[2022-06-28T09:11:25.105+0000][7][gc,age      ] GC(129) Age table with threshold 15 (max threshold 15)
[2022-06-28T09:11:25.105+0000][7][gc,age      ] GC(129) - age   1:       9816 bytes,       9816 total
[2022-06-28T09:11:25.105+0000][7][gc,age      ] GC(129) - age   2:        200 bytes,      10016 total
[2022-06-28T09:11:25.105+0000][7][gc,age      ] GC(129) - age   3:        576 bytes,      10592 total
[2022-06-28T09:11:25.105+0000][7][gc,age      ] GC(129) - age   4:        296 bytes,      10888 total
[2022-06-28T09:11:25.105+0000][7][gc,age      ] GC(129) - age   5:        200 bytes,      11088 total
[2022-06-28T09:11:25.105+0000][7][gc,age      ] GC(129) - age   6:        168 bytes,      11256 total
[2022-06-28T09:11:25.105+0000][7][gc,age      ] GC(129) - age   8:        240 bytes,      11496 total
[2022-06-28T09:11:25.105+0000][7][gc,age      ] GC(129) - age   9:        400 bytes,      11896 total
[2022-06-28T09:11:25.105+0000][7][gc,age      ] GC(129) - age  12:        216 bytes,      12112 total
[2022-06-28T09:11:25.105+0000][7][gc,age      ] GC(129) - age  14:        472 bytes,      12584 total
[2022-06-28T09:11:25.105+0000][7][gc,heap     ] GC(129) Eden regions: 29->0(29)
[2022-06-28T09:11:25.105+0000][7][gc,heap     ] GC(129) Survivor regions: 1->1(4)
[2022-06-28T09:11:25.105+0000][7][gc,heap     ] GC(129) Old regions: 19->19
[2022-06-28T09:11:25.105+0000][7][gc,heap     ] GC(129) Archive regions: 2->2
[2022-06-28T09:11:25.105+0000][7][gc,heap     ] GC(129) Humongous regions: 2->2
[2022-06-28T09:11:25.105+0000][7][gc,metaspace] GC(129) Metaspace: 102438K(106432K)->102438K(106432K) NonClass: 88756K(90944K)->88756K(90944K) Class: 13682K(15488K)->13682K(15488K)
[2022-06-28T09:11:25.105+0000][7][gc          ] GC(129) Pause Young (Concurrent Start) (G1 Evacuation Pause) 201M->85M(256M) 2.932ms
[2022-06-28T09:11:25.105+0000][7][gc,cpu      ] GC(129) User=0.00s Sys=0.00s Real=0.00s
[2022-06-28T09:11:25.105+0000][7][safepoint   ] Safepoint "G1CollectForAllocation", Time since last: 96109755613 ns, Reaching safepoint: 25349 ns, At safepoint: 2979851 ns, Total: 3005200 ns
[2022-06-28T09:11:25.105+0000][7][gc          ] GC(130) Concurrent Mark Cycle
[2022-06-28T09:11:25.105+0000][7][gc,marking  ] GC(130) Concurrent Clear Claimed Marks
[2022-06-28T09:11:25.105+0000][7][gc,marking  ] GC(130) Concurrent Clear Claimed Marks 0.037ms
[2022-06-28T09:11:25.105+0000][7][gc,marking  ] GC(130) Concurrent Scan Root Regions
[2022-06-28T09:11:25.106+0000][7][gc,marking  ] GC(130) Concurrent Scan Root Regions 0.716ms
[2022-06-28T09:11:25.106+0000][7][gc,marking  ] GC(130) Concurrent Mark
[2022-06-28T09:11:25.106+0000][7][gc,marking  ] GC(130) Concurrent Mark From Roots
[2022-06-28T09:11:25.106+0000][7][gc,task     ] GC(130) Using 1 workers of 1 for marking
[2022-06-28T09:11:25.225+0000][7][gc,marking  ] GC(130) Concurrent Mark From Roots 119.520ms
[2022-06-28T09:11:25.225+0000][7][gc,marking  ] GC(130) Concurrent Preclean
[2022-06-28T09:11:25.226+0000][7][gc,marking  ] GC(130) Concurrent Preclean 0.111ms
[2022-06-28T09:11:25.226+0000][7][gc,start    ] GC(130) Pause Remark
[2022-06-28T09:11:25.238+0000][7][gc          ] GC(130) Pause Remark 87M->87M(256M) 12.606ms
[2022-06-28T09:11:25.238+0000][7][gc,cpu      ] GC(130) User=0.02s Sys=0.00s Real=0.02s
[2022-06-28T09:11:25.238+0000][7][safepoint   ] Safepoint "G1Concurrent", Time since last: 120549582 ns, Reaching safepoint: 24463 ns, At safepoint: 12661606 ns, Total: 12686069 ns
[2022-06-28T09:11:25.238+0000][7][gc,marking  ] GC(130) Concurrent Mark 132.420ms
[2022-06-28T09:11:25.238+0000][7][gc,marking  ] GC(130) Concurrent Rebuild Remembered Sets
[2022-06-28T09:11:25.305+0000][7][gc,marking  ] GC(130) Concurrent Rebuild Remembered Sets 66.440ms
[2022-06-28T09:11:25.305+0000][7][gc,start    ] GC(130) Pause Cleanup
[2022-06-28T09:11:25.305+0000][7][gc          ] GC(130) Pause Cleanup 87M->87M(256M) 0.045ms
[2022-06-28T09:11:25.305+0000][7][gc,cpu      ] GC(130) User=0.00s Sys=0.00s Real=0.00s
[2022-06-28T09:11:25.305+0000][7][safepoint   ] Safepoint "G1Concurrent", Time since last: 66527234 ns, Reaching safepoint: 21977 ns, At safepoint: 77829 ns, Total: 99806 ns
[2022-06-28T09:11:25.305+0000][7][gc,marking  ] GC(130) Concurrent Cleanup for Next Mark
[2022-06-28T09:11:25.306+0000][7][gc,marking  ] GC(130) Concurrent Cleanup for Next Mark 0.627ms
[2022-06-28T09:11:25.306+0000][7][gc          ] GC(130) Concurrent Mark Cycle 200.469ms
[2022-06-28T09:12:05.309+0000][7][safepoint   ] Safepoint "Cleanup", Time since last: 40004106487 ns, Reaching safepoint: 37301 ns, At safepoint: 52378 ns, Total: 89679 ns
[2022-06-28T09:13:30.218+0000][7][gc,start    ] GC(131) Pause Young (Normal) (G1 Evacuation Pause)
[2022-06-28T09:13:30.218+0000][7][gc,task     ] GC(131) Using 1 workers of 1 for evacuation
[2022-06-28T09:13:30.219+0000][7][gc,age      ] GC(131) Desired survivor size 8388608 bytes, new threshold 15 (max threshold 15)
[2022-06-28T09:13:30.221+0000][7][gc,phases   ] GC(131)   Pre Evacuate Collection Set: 0.0ms
[2022-06-28T09:13:30.221+0000][7][gc,phases   ] GC(131)   Merge Heap Roots: 0.0ms
[2022-06-28T09:13:30.221+0000][7][gc,phases   ] GC(131)   Evacuate Collection Set: 1.5ms
[2022-06-28T09:13:30.221+0000][7][gc,phases   ] GC(131)   Post Evacuate Collection Set: 0.9ms
[2022-06-28T09:13:30.221+0000][7][gc,phases   ] GC(131)   Other: 0.1ms
[2022-06-28T09:13:30.221+0000][7][gc,age      ] GC(131) Age table with threshold 15 (max threshold 15)
[2022-06-28T09:13:30.221+0000][7][gc,age      ] GC(131) - age   1:       9840 bytes,       9840 total
[2022-06-28T09:13:30.221+0000][7][gc,age      ] GC(131) - age   2:        200 bytes,      10040 total
[2022-06-28T09:13:30.221+0000][7][gc,age      ] GC(131) - age   3:        200 bytes,      10240 total
[2022-06-28T09:13:30.221+0000][7][gc,age      ] GC(131) - age   4:        576 bytes,      10816 total
[2022-06-28T09:13:30.221+0000][7][gc,age      ] GC(131) - age   5:        296 bytes,      11112 total
[2022-06-28T09:13:30.221+0000][7][gc,age      ] GC(131) - age   7:        168 bytes,      11280 total
[2022-06-28T09:13:30.221+0000][7][gc,age      ] GC(131) - age   9:        240 bytes,      11520 total
[2022-06-28T09:13:30.221+0000][7][gc,age      ] GC(131) - age  10:        400 bytes,      11920 total
[2022-06-28T09:13:30.221+0000][7][gc,age      ] GC(131) - age  13:        216 bytes,      12136 total
[2022-06-28T09:13:30.221+0000][7][gc,age      ] GC(131) - age  15:        472 bytes,      12608 total
[2022-06-28T09:13:30.221+0000][7][gc,heap     ] GC(131) Eden regions: 29->0(29)
[2022-06-28T09:13:30.221+0000][7][gc,heap     ] GC(131) Survivor regions: 1->1(4)
[2022-06-28T09:13:30.221+0000][7][gc,heap     ] GC(131) Old regions: 19->19
[2022-06-28T09:13:30.221+0000][7][gc,heap     ] GC(131) Archive regions: 2->2
[2022-06-28T09:13:30.221+0000][7][gc,heap     ] GC(131) Humongous regions: 2->2
[2022-06-28T09:13:30.221+0000][7][gc,metaspace] GC(131) Metaspace: 102438K(106432K)->102438K(106432K) NonClass: 88756K(90944K)->88756K(90944K) Class: 13682K(15488K)->13682K(15488K)
[2022-06-28T09:13:30.221+0000][7][gc          ] GC(131) Pause Young (Normal) (G1 Evacuation Pause) 201M->85M(256M) 2.780ms
[2022-06-28T09:13:30.221+0000][7][gc,cpu      ] GC(131) User=0.00s Sys=0.00s Real=0.00s
[2022-06-28T09:13:30.221+0000][7][safepoint   ] Safepoint "G1CollectForAllocation", Time since last: 84909230616 ns, Reaching safepoint: 25776 ns, At safepoint: 2822784 ns, Total: 2848560 ns
[2022-06-28T09:15:35.329+0000][7][gc,start    ] GC(132) Pause Young (Concurrent Start) (G1 Evacuation Pause)
[2022-06-28T09:15:35.329+0000][7][gc,task     ] GC(132) Using 1 workers of 1 for evacuation
[2022-06-28T09:15:35.329+0000][7][gc,age      ] GC(132) Desired survivor size 8388608 bytes, new threshold 15 (max threshold 15)
[2022-06-28T09:15:35.331+0000][7][gc,phases   ] GC(132)   Pre Evacuate Collection Set: 0.2ms
[2022-06-28T09:15:35.331+0000][7][gc,phases   ] GC(132)   Merge Heap Roots: 0.0ms
[2022-06-28T09:15:35.331+0000][7][gc,phases   ] GC(132)   Evacuate Collection Set: 1.5ms
[2022-06-28T09:15:35.331+0000][7][gc,phases   ] GC(132)   Post Evacuate Collection Set: 0.9ms
[2022-06-28T09:15:35.331+0000][7][gc,phases   ] GC(132)   Other: 0.1ms
[2022-06-28T09:15:35.331+0000][7][gc,age      ] GC(132) Age table with threshold 15 (max threshold 15)
[2022-06-28T09:15:35.331+0000][7][gc,age      ] GC(132) - age   1:      10464 bytes,      10464 total
[2022-06-28T09:15:35.331+0000][7][gc,age      ] GC(132) - age   2:        200 bytes,      10664 total
[2022-06-28T09:15:35.331+0000][7][gc,age      ] GC(132) - age   3:        200 bytes,      10864 total
[2022-06-28T09:15:35.331+0000][7][gc,age      ] GC(132) - age   4:        200 bytes,      11064 total
[2022-06-28T09:15:35.331+0000][7][gc,age      ] GC(132) - age   5:        576 bytes,      11640 total
[2022-06-28T09:15:35.331+0000][7][gc,age      ] GC(132) - age   6:         96 bytes,      11736 total
[2022-06-28T09:15:35.331+0000][7][gc,age      ] GC(132) - age   8:        168 bytes,      11904 total
[2022-06-28T09:15:35.331+0000][7][gc,age      ] GC(132) - age  10:        240 bytes,      12144 total
[2022-06-28T09:15:35.331+0000][7][gc,age      ] GC(132) - age  11:        400 bytes,      12544 total
[2022-06-28T09:15:35.331+0000][7][gc,age      ] GC(132) - age  14:        216 bytes,      12760 total
[2022-06-28T09:15:35.331+0000][7][gc,heap     ] GC(132) Eden regions: 29->0(29)
[2022-06-28T09:15:35.331+0000][7][gc,heap     ] GC(132) Survivor regions: 1->1(4)
[2022-06-28T09:15:35.331+0000][7][gc,heap     ] GC(132) Old regions: 19->19
[2022-06-28T09:15:35.331+0000][7][gc,heap     ] GC(132) Archive regions: 2->2
[2022-06-28T09:15:35.331+0000][7][gc,heap     ] GC(132) Humongous regions: 2->2
[2022-06-28T09:15:35.331+0000][7][gc,metaspace] GC(132) Metaspace: 102438K(106432K)->102438K(106432K) NonClass: 88756K(90944K)->88756K(90944K) Class: 13682K(15488K)->13682K(15488K)
[2022-06-28T09:15:35.331+0000][7][gc          ] GC(132) Pause Young (Concurrent Start) (G1 Evacuation Pause) 201M->85M(256M) 2.861ms
[2022-06-28T09:15:35.331+0000][7][gc,cpu      ] GC(132) User=0.01s Sys=0.00s Real=0.00s
[2022-06-28T09:15:35.331+0000][7][safepoint   ] Safepoint "G1CollectForAllocation", Time since last: 125107355536 ns, Reaching safepoint: 25228 ns, At safepoint: 2907474 ns, Total: 2932702 ns
[2022-06-28T09:15:35.332+0000][7][gc          ] GC(133) Concurrent Mark Cycle
[2022-06-28T09:15:35.332+0000][7][gc,marking  ] GC(133) Concurrent Clear Claimed Marks
[2022-06-28T09:15:35.332+0000][7][gc,marking  ] GC(133) Concurrent Clear Claimed Marks 0.039ms
[2022-06-28T09:15:35.332+0000][7][gc,marking  ] GC(133) Concurrent Scan Root Regions
[2022-06-28T09:15:35.332+0000][7][gc,marking  ] GC(133) Concurrent Scan Root Regions 0.696ms
[2022-06-28T09:15:35.332+0000][7][gc,marking  ] GC(133) Concurrent Mark
[2022-06-28T09:15:35.332+0000][7][gc,marking  ] GC(133) Concurrent Mark From Roots
[2022-06-28T09:15:35.332+0000][7][gc,task     ] GC(133) Using 1 workers of 1 for marking
[2022-06-28T09:15:35.450+0000][7][gc,marking  ] GC(133) Concurrent Mark From Roots 118.110ms
[2022-06-28T09:15:35.450+0000][7][gc,marking  ] GC(133) Concurrent Preclean
[2022-06-28T09:15:35.451+0000][7][gc,marking  ] GC(133) Concurrent Preclean 0.121ms
[2022-06-28T09:15:35.451+0000][7][gc,start    ] GC(133) Pause Remark
[2022-06-28T09:15:35.464+0000][7][gc          ] GC(133) Pause Remark 87M->87M(256M) 13.025ms
[2022-06-28T09:15:35.464+0000][7][gc,cpu      ] GC(133) User=0.01s Sys=0.00s Real=0.01s
[2022-06-28T09:15:35.464+0000][7][safepoint   ] Safepoint "G1Concurrent", Time since last: 119159376 ns, Reaching safepoint: 25443 ns, At safepoint: 13088578 ns, Total: 13114021 ns
[2022-06-28T09:15:35.464+0000][7][gc,marking  ] GC(133) Concurrent Mark 131.477ms
[2022-06-28T09:15:35.464+0000][7][gc,marking  ] GC(133) Concurrent Rebuild Remembered Sets
[2022-06-28T09:15:35.530+0000][7][gc,marking  ] GC(133) Concurrent Rebuild Remembered Sets 66.289ms
[2022-06-28T09:15:35.530+0000][7][gc,start    ] GC(133) Pause Cleanup
[2022-06-28T09:15:35.530+0000][7][gc          ] GC(133) Pause Cleanup 87M->87M(256M) 0.048ms
[2022-06-28T09:15:35.530+0000][7][gc,cpu      ] GC(133) User=0.00s Sys=0.00s Real=0.00s
[2022-06-28T09:15:35.530+0000][7][safepoint   ] Safepoint "G1Concurrent", Time since last: 66383099 ns, Reaching safepoint: 22589 ns, At safepoint: 90556 ns, Total: 113145 ns
[2022-06-28T09:15:35.530+0000][7][gc,marking  ] GC(133) Concurrent Cleanup for Next Mark
[2022-06-28T09:15:35.531+0000][7][gc,marking  ] GC(133) Concurrent Cleanup for Next Mark 0.741ms
[2022-06-28T09:15:35.531+0000][7][gc          ] GC(133) Concurrent Mark Cycle 199.510ms
[2022-06-28T09:17:40.446+0000][7][gc,start    ] GC(134) Pause Young (Normal) (G1 Evacuation Pause)
[2022-06-28T09:17:40.446+0000][7][gc,task     ] GC(134) Using 1 workers of 1 for evacuation
[2022-06-28T09:17:40.446+0000][7][gc,age      ] GC(134) Desired survivor size 8388608 bytes, new threshold 15 (max threshold 15)
[2022-06-28T09:17:40.448+0000][7][gc,phases   ] GC(134)   Pre Evacuate Collection Set: 0.0ms
[2022-06-28T09:17:40.449+0000][7][gc,phases   ] GC(134)   Merge Heap Roots: 0.0ms
[2022-06-28T09:17:40.449+0000][7][gc,phases   ] GC(134)   Evacuate Collection Set: 1.5ms
[2022-06-28T09:17:40.449+0000][7][gc,phases   ] GC(134)   Post Evacuate Collection Set: 0.9ms
[2022-06-28T09:17:40.449+0000][7][gc,phases   ] GC(134)   Other: 0.1ms
[2022-06-28T09:17:40.449+0000][7][gc,age      ] GC(134) Age table with threshold 15 (max threshold 15)
[2022-06-28T09:17:40.449+0000][7][gc,age      ] GC(134) - age   1:      10368 bytes,      10368 total
[2022-06-28T09:17:40.449+0000][7][gc,age      ] GC(134) - age   3:        200 bytes,      10568 total
[2022-06-28T09:17:40.449+0000][7][gc,age      ] GC(134) - age   4:        200 bytes,      10768 total
[2022-06-28T09:17:40.449+0000][7][gc,age      ] GC(134) - age   5:        200 bytes,      10968 total
[2022-06-28T09:17:40.449+0000][7][gc,age      ] GC(134) - age   7:         96 bytes,      11064 total
[2022-06-28T09:17:40.449+0000][7][gc,age      ] GC(134) - age   9:        168 bytes,      11232 total
[2022-06-28T09:17:40.449+0000][7][gc,age      ] GC(134) - age  11:        240 bytes,      11472 total
[2022-06-28T09:17:40.449+0000][7][gc,age      ] GC(134) - age  12:        400 bytes,      11872 total
[2022-06-28T09:17:40.449+0000][7][gc,age      ] GC(134) - age  15:        216 bytes,      12088 total
[2022-06-28T09:17:40.449+0000][7][gc,heap     ] GC(134) Eden regions: 29->0(29)
[2022-06-28T09:17:40.449+0000][7][gc,heap     ] GC(134) Survivor regions: 1->1(4)
[2022-06-28T09:17:40.449+0000][7][gc,heap     ] GC(134) Old regions: 19->19
[2022-06-28T09:17:40.449+0000][7][gc,heap     ] GC(134) Archive regions: 2->2
[2022-06-28T09:17:40.449+0000][7][gc,heap     ] GC(134) Humongous regions: 2->2
[2022-06-28T09:17:40.449+0000][7][gc,metaspace] GC(134) Metaspace: 102438K(106432K)->102438K(106432K) NonClass: 88756K(90944K)->88756K(90944K) Class: 13682K(15488K)->13682K(15488K)
[2022-06-28T09:17:40.449+0000][7][gc          ] GC(134) Pause Young (Normal) (G1 Evacuation Pause) 201M->85M(256M) 2.781ms
[2022-06-28T09:17:40.449+0000][7][gc,cpu      ] GC(134) User=0.00s Sys=0.00s Real=0.01s
[2022-06-28T09:17:40.449+0000][7][safepoint   ] Safepoint "G1CollectForAllocation", Time since last: 124915568843 ns, Reaching safepoint: 27085 ns, At safepoint: 2826383 ns, Total: 2853468 ns
[2022-06-28T09:19:45.561+0000][7][gc,start    ] GC(135) Pause Young (Concurrent Start) (G1 Evacuation Pause)
[2022-06-28T09:19:45.561+0000][7][gc,task     ] GC(135) Using 1 workers of 1 for evacuation
[2022-06-28T09:19:45.561+0000][7][gc,age      ] GC(135) Desired survivor size 8388608 bytes, new threshold 15 (max threshold 15)
[2022-06-28T09:19:45.564+0000][7][gc,phases   ] GC(135)   Pre Evacuate Collection Set: 0.2ms
[2022-06-28T09:19:45.564+0000][7][gc,phases   ] GC(135)   Merge Heap Roots: 0.0ms
[2022-06-28T09:19:45.564+0000][7][gc,phases   ] GC(135)   Evacuate Collection Set: 1.5ms
[2022-06-28T09:19:45.564+0000][7][gc,phases   ] GC(135)   Post Evacuate Collection Set: 0.8ms
[2022-06-28T09:19:45.564+0000][7][gc,phases   ] GC(135)   Other: 0.1ms
[2022-06-28T09:19:45.564+0000][7][gc,age      ] GC(135) Age table with threshold 15 (max threshold 15)
[2022-06-28T09:19:45.564+0000][7][gc,age      ] GC(135) - age   1:       9784 bytes,       9784 total
[2022-06-28T09:19:45.564+0000][7][gc,age      ] GC(135) - age   2:        576 bytes,      10360 total
[2022-06-28T09:19:45.564+0000][7][gc,age      ] GC(135) - age   4:        200 bytes,      10560 total
[2022-06-28T09:19:45.564+0000][7][gc,age      ] GC(135) - age   5:        200 bytes,      10760 total
[2022-06-28T09:19:45.564+0000][7][gc,age      ] GC(135) - age   6:        200 bytes,      10960 total
[2022-06-28T09:19:45.564+0000][7][gc,age      ] GC(135) - age   8:         96 bytes,      11056 total
[2022-06-28T09:19:45.564+0000][7][gc,age      ] GC(135) - age  10:        168 bytes,      11224 total
[2022-06-28T09:19:45.564+0000][7][gc,age      ] GC(135) - age  12:        240 bytes,      11464 total
[2022-06-28T09:19:45.564+0000][7][gc,age      ] GC(135) - age  13:        400 bytes,      11864 total
[2022-06-28T09:19:45.564+0000][7][gc,heap     ] GC(135) Eden regions: 29->0(29)
[2022-06-28T09:19:45.564+0000][7][gc,heap     ] GC(135) Survivor regions: 1->1(4)
[2022-06-28T09:19:45.564+0000][7][gc,heap     ] GC(135) Old regions: 19->19
[2022-06-28T09:19:45.564+0000][7][gc,heap     ] GC(135) Archive regions: 2->2
[2022-06-28T09:19:45.564+0000][7][gc,heap     ] GC(135) Humongous regions: 2->2
[2022-06-28T09:19:45.564+0000][7][gc,metaspace] GC(135) Metaspace: 102438K(106432K)->102438K(106432K) NonClass: 88756K(90944K)->88756K(90944K) Class: 13682K(15488K)->13682K(15488K)
[2022-06-28T09:19:45.564+0000][7][gc          ] GC(135) Pause Young (Concurrent Start) (G1 Evacuation Pause) 201M->85M(256M) 2.862ms
[2022-06-28T09:19:45.564+0000][7][gc,cpu      ] GC(135) User=0.00s Sys=0.00s Real=0.00s
[2022-06-28T09:19:45.564+0000][7][safepoint   ] Safepoint "G1CollectForAllocation", Time since last: 125112143901 ns, Reaching safepoint: 25376 ns, At safepoint: 2911469 ns, Total: 2936845 ns
[2022-06-28T09:19:45.564+0000][7][gc          ] GC(136) Concurrent Mark Cycle
[2022-06-28T09:19:45.564+0000][7][gc,marking  ] GC(136) Concurrent Clear Claimed Marks
[2022-06-28T09:19:45.564+0000][7][gc,marking  ] GC(136) Concurrent Clear Claimed Marks 0.039ms
[2022-06-28T09:19:45.564+0000][7][gc,marking  ] GC(136) Concurrent Scan Root Regions
[2022-06-28T09:19:45.565+0000][7][gc,marking  ] GC(136) Concurrent Scan Root Regions 0.699ms
[2022-06-28T09:19:45.565+0000][7][gc,marking  ] GC(136) Concurrent Mark
[2022-06-28T09:19:45.565+0000][7][gc,marking  ] GC(136) Concurrent Mark From Roots
[2022-06-28T09:19:45.565+0000][7][gc,task     ] GC(136) Using 1 workers of 1 for marking
[2022-06-28T09:19:45.686+0000][7][gc,marking  ] GC(136) Concurrent Mark From Roots 121.010ms
[2022-06-28T09:19:45.686+0000][7][gc,marking  ] GC(136) Concurrent Preclean
[2022-06-28T09:19:45.686+0000][7][gc,marking  ] GC(136) Concurrent Preclean 0.120ms
[2022-06-28T09:19:45.686+0000][7][gc,start    ] GC(136) Pause Remark
[2022-06-28T09:19:45.699+0000][7][gc          ] GC(136) Pause Remark 89M->89M(256M) 12.994ms
[2022-06-28T09:19:45.699+0000][7][gc,cpu      ] GC(136) User=0.02s Sys=0.00s Real=0.02s
[2022-06-28T09:19:45.699+0000][7][safepoint   ] Safepoint "G1Concurrent", Time since last: 122028288 ns, Reaching safepoint: 25397 ns, At safepoint: 13077463 ns, Total: 13102860 ns
[2022-06-28T09:19:45.699+0000][7][gc,marking  ] GC(136) Concurrent Mark 134.345ms
[2022-06-28T09:19:45.699+0000][7][gc,marking  ] GC(136) Concurrent Rebuild Remembered Sets
[2022-06-28T09:19:45.765+0000][7][gc,marking  ] GC(136) Concurrent Rebuild Remembered Sets 66.400ms
[2022-06-28T09:19:45.765+0000][7][gc,start    ] GC(136) Pause Cleanup
[2022-06-28T09:19:45.765+0000][7][gc          ] GC(136) Pause Cleanup 89M->89M(256M) 0.050ms
[2022-06-28T09:19:45.765+0000][7][gc,cpu      ] GC(136) User=0.00s Sys=0.00s Real=0.00s
[2022-06-28T09:19:45.766+0000][7][safepoint   ] Safepoint "G1Concurrent", Time since last: 66498098 ns, Reaching safepoint: 23969 ns, At safepoint: 84756 ns, Total: 108725 ns
[2022-06-28T09:19:45.766+0000][7][gc,marking  ] GC(136) Concurrent Cleanup for Next Mark
[2022-06-28T09:19:45.766+0000][7][gc,marking  ] GC(136) Concurrent Cleanup for Next Mark 0.642ms
[2022-06-28T09:19:45.766+0000][7][gc          ] GC(136) Concurrent Mark Cycle 202.372ms
[2022-06-28T09:21:50.683+0000][7][gc,start    ] GC(137) Pause Young (Normal) (G1 Evacuation Pause)
[2022-06-28T09:21:50.683+0000][7][gc,task     ] GC(137) Using 1 workers of 1 for evacuation
[2022-06-28T09:21:50.683+0000][7][gc,age      ] GC(137) Desired survivor size 8388608 bytes, new threshold 15 (max threshold 15)
[2022-06-28T09:21:50.686+0000][7][gc,phases   ] GC(137)   Pre Evacuate Collection Set: 0.0ms
[2022-06-28T09:21:50.686+0000][7][gc,phases   ] GC(137)   Merge Heap Roots: 0.1ms
[2022-06-28T09:21:50.686+0000][7][gc,phases   ] GC(137)   Evacuate Collection Set: 2.0ms
[2022-06-28T09:21:50.686+0000][7][gc,phases   ] GC(137)   Post Evacuate Collection Set: 0.9ms
[2022-06-28T09:21:50.686+0000][7][gc,phases   ] GC(137)   Other: 0.1ms
[2022-06-28T09:21:50.686+0000][7][gc,age      ] GC(137) Age table with threshold 15 (max threshold 15)
[2022-06-28T09:21:50.686+0000][7][gc,age      ] GC(137) - age   1:       9840 bytes,       9840 total
[2022-06-28T09:21:50.686+0000][7][gc,age      ] GC(137) - age   2:        200 bytes,      10040 total
[2022-06-28T09:21:50.686+0000][7][gc,age      ] GC(137) - age   3:        576 bytes,      10616 total
[2022-06-28T09:21:50.686+0000][7][gc,age      ] GC(137) - age   5:        200 bytes,      10816 total
[2022-06-28T09:21:50.686+0000][7][gc,age      ] GC(137) - age   6:        200 bytes,      11016 total
[2022-06-28T09:21:50.686+0000][7][gc,age      ] GC(137) - age   9:         96 bytes,      11112 total
[2022-06-28T09:21:50.686+0000][7][gc,age      ] GC(137) - age  11:        168 bytes,      11280 total
[2022-06-28T09:21:50.686+0000][7][gc,age      ] GC(137) - age  13:        240 bytes,      11520 total
[2022-06-28T09:21:50.686+0000][7][gc,age      ] GC(137) - age  14:        400 bytes,      11920 total
[2022-06-28T09:21:50.686+0000][7][gc,heap     ] GC(137) Eden regions: 29->0(29)
[2022-06-28T09:21:50.686+0000][7][gc,heap     ] GC(137) Survivor regions: 1->1(4)
[2022-06-28T09:21:50.686+0000][7][gc,heap     ] GC(137) Old regions: 19->19
[2022-06-28T09:21:50.686+0000][7][gc,heap     ] GC(137) Archive regions: 2->2
[2022-06-28T09:21:50.686+0000][7][gc,heap     ] GC(137) Humongous regions: 2->2
[2022-06-28T09:21:50.686+0000][7][gc,metaspace] GC(137) Metaspace: 102440K(106432K)->102440K(106432K) NonClass: 88758K(90944K)->88758K(90944K) Class: 13682K(15488K)->13682K(15488K)
[2022-06-28T09:21:50.686+0000][7][gc          ] GC(137) Pause Young (Normal) (G1 Evacuation Pause) 201M->85M(256M) 3.297ms
[2022-06-28T09:21:50.686+0000][7][gc,cpu      ] GC(137) User=0.00s Sys=0.00s Real=0.00s
[2022-06-28T09:21:50.686+0000][7][safepoint   ] Safepoint "G1CollectForAllocation", Time since last: 124917124062 ns, Reaching safepoint: 32557 ns, At safepoint: 3347304 ns, Total: 3379861 ns
[2022-06-28T09:22:34.697+0000][7][safepoint   ] Safepoint "Cleanup", Time since last: 44010559603 ns, Reaching safepoint: 40513 ns, At safepoint: 29147 ns, Total: 69660 ns
[2022-06-28T09:23:06.701+0000][7][safepoint   ] Safepoint "Cleanup", Time since last: 32003963380 ns, Reaching safepoint: 47025 ns, At safepoint: 30428 ns, Total: 77453 ns
[2022-06-28T09:23:55.808+0000][7][gc,start    ] GC(138) Pause Young (Concurrent Start) (G1 Evacuation Pause)
[2022-06-28T09:23:55.808+0000][7][gc,task     ] GC(138) Using 1 workers of 1 for evacuation
[2022-06-28T09:23:55.808+0000][7][gc,age      ] GC(138) Desired survivor size 8388608 bytes, new threshold 15 (max threshold 15)
[2022-06-28T09:23:55.811+0000][7][gc,phases   ] GC(138)   Pre Evacuate Collection Set: 0.2ms
[2022-06-28T09:23:55.811+0000][7][gc,phases   ] GC(138)   Merge Heap Roots: 0.0ms
[2022-06-28T09:23:55.811+0000][7][gc,phases   ] GC(138)   Evacuate Collection Set: 1.7ms
[2022-06-28T09:23:55.811+0000][7][gc,phases   ] GC(138)   Post Evacuate Collection Set: 0.8ms
[2022-06-28T09:23:55.811+0000][7][gc,phases   ] GC(138)   Other: 0.1ms
[2022-06-28T09:23:55.811+0000][7][gc,age      ] GC(138) Age table with threshold 15 (max threshold 15)
[2022-06-28T09:23:55.811+0000][7][gc,age      ] GC(138) - age   1:       9840 bytes,       9840 total
[2022-06-28T09:23:55.811+0000][7][gc,age      ] GC(138) - age   2:        200 bytes,      10040 total
[2022-06-28T09:23:55.811+0000][7][gc,age      ] GC(138) - age   3:        200 bytes,      10240 total
[2022-06-28T09:23:55.811+0000][7][gc,age      ] GC(138) - age   4:        576 bytes,      10816 total
[2022-06-28T09:23:55.811+0000][7][gc,age      ] GC(138) - age   6:        200 bytes,      11016 total
[2022-06-28T09:23:55.811+0000][7][gc,age      ] GC(138) - age  10:         96 bytes,      11112 total
[2022-06-28T09:23:55.811+0000][7][gc,age      ] GC(138) - age  12:        168 bytes,      11280 total
[2022-06-28T09:23:55.811+0000][7][gc,age      ] GC(138) - age  14:        240 bytes,      11520 total
[2022-06-28T09:23:55.811+0000][7][gc,age      ] GC(138) - age  15:        400 bytes,      11920 total
[2022-06-28T09:23:55.811+0000][7][gc,heap     ] GC(138) Eden regions: 29->0(29)
[2022-06-28T09:23:55.811+0000][7][gc,heap     ] GC(138) Survivor regions: 1->1(4)
[2022-06-28T09:23:55.811+0000][7][gc,heap     ] GC(138) Old regions: 19->19
[2022-06-28T09:23:55.811+0000][7][gc,heap     ] GC(138) Archive regions: 2->2
[2022-06-28T09:23:55.811+0000][7][gc,heap     ] GC(138) Humongous regions: 2->2
[2022-06-28T09:23:55.811+0000][7][gc,metaspace] GC(138) Metaspace: 102440K(106432K)->102440K(106432K) NonClass: 88758K(90944K)->88758K(90944K) Class: 13682K(15488K)->13682K(15488K)
[2022-06-28T09:23:55.811+0000][7][gc          ] GC(138) Pause Young (Concurrent Start) (G1 Evacuation Pause) 201M->85M(256M) 3.087ms
[2022-06-28T09:23:55.811+0000][7][gc,cpu      ] GC(138) User=0.00s Sys=0.00s Real=0.00s
[2022-06-28T09:23:55.811+0000][7][safepoint   ] Safepoint "G1CollectForAllocation", Time since last: 49107616101 ns, Reaching safepoint: 25260 ns, At safepoint: 3137567 ns, Total: 3162827 ns
[2022-06-28T09:23:55.812+0000][7][gc          ] GC(139) Concurrent Mark Cycle
[2022-06-28T09:23:55.812+0000][7][gc,marking  ] GC(139) Concurrent Clear Claimed Marks
[2022-06-28T09:23:55.812+0000][7][gc,marking  ] GC(139) Concurrent Clear Claimed Marks 0.046ms
[2022-06-28T09:23:55.812+0000][7][gc,marking  ] GC(139) Concurrent Scan Root Regions
[2022-06-28T09:23:55.813+0000][7][gc,marking  ] GC(139) Concurrent Scan Root Regions 1.006ms
[2022-06-28T09:23:55.813+0000][7][gc,marking  ] GC(139) Concurrent Mark
[2022-06-28T09:23:55.813+0000][7][gc,marking  ] GC(139) Concurrent Mark From Roots
[2022-06-28T09:23:55.813+0000][7][gc,task     ] GC(139) Using 1 workers of 1 for marking
[2022-06-28T09:23:55.929+0000][7][gc,marking  ] GC(139) Concurrent Mark From Roots 116.512ms
[2022-06-28T09:23:55.929+0000][7][gc,marking  ] GC(139) Concurrent Preclean
[2022-06-28T09:23:55.929+0000][7][gc,marking  ] GC(139) Concurrent Preclean 0.113ms
[2022-06-28T09:23:55.929+0000][7][gc,start    ] GC(139) Pause Remark
[2022-06-28T09:23:55.942+0000][7][gc          ] GC(139) Pause Remark 87M->87M(256M) 12.920ms
[2022-06-28T09:23:55.942+0000][7][gc,cpu      ] GC(139) User=0.01s Sys=0.00s Real=0.01s
[2022-06-28T09:23:55.942+0000][7][safepoint   ] Safepoint "G1Concurrent", Time since last: 117855991 ns, Reaching safepoint: 25566 ns, At safepoint: 12994007 ns, Total: 13019573 ns
[2022-06-28T09:23:55.942+0000][7][gc,marking  ] GC(139) Concurrent Mark 129.764ms
[2022-06-28T09:23:55.942+0000][7][gc,marking  ] GC(139) Concurrent Rebuild Remembered Sets
[2022-06-28T09:23:56.008+0000][7][gc,marking  ] GC(139) Concurrent Rebuild Remembered Sets 65.907ms
[2022-06-28T09:23:56.008+0000][7][gc,start    ] GC(139) Pause Cleanup
[2022-06-28T09:23:56.008+0000][7][gc          ] GC(139) Pause Cleanup 87M->87M(256M) 0.049ms
[2022-06-28T09:23:56.008+0000][7][gc,cpu      ] GC(139) User=0.00s Sys=0.00s Real=0.00s
[2022-06-28T09:23:56.008+0000][7][safepoint   ] Safepoint "G1Concurrent", Time since last: 66003822 ns, Reaching safepoint: 24651 ns, At safepoint: 86075 ns, Total: 110726 ns
[2022-06-28T09:23:56.008+0000][7][gc,marking  ] GC(139) Concurrent Cleanup for Next Mark
[2022-06-28T09:23:56.009+0000][7][gc,marking  ] GC(139) Concurrent Cleanup for Next Mark 0.654ms
[2022-06-28T09:23:56.009+0000][7][gc          ] GC(139) Concurrent Mark Cycle 197.636ms
[2022-06-28T09:24:07.010+0000][7][safepoint   ] Safepoint "Cleanup", Time since last: 11001174495 ns, Reaching safepoint: 52822 ns, At safepoint: 4645 ns, Total: 57467 ns
[2022-06-28T09:24:51.015+0000][7][safepoint   ] Safepoint "Cleanup", Time since last: 44005345967 ns, Reaching safepoint: 37768 ns, At safepoint: 4885 ns, Total: 42653 ns
[2022-06-28T09:26:00.928+0000][7][gc,start    ] GC(140) Pause Young (Normal) (G1 Evacuation Pause)
[2022-06-28T09:26:00.928+0000][7][gc,task     ] GC(140) Using 1 workers of 1 for evacuation
[2022-06-28T09:26:00.928+0000][7][gc,age      ] GC(140) Desired survivor size 8388608 bytes, new threshold 15 (max threshold 15)
[2022-06-28T09:26:00.930+0000][7][gc,phases   ] GC(140)   Pre Evacuate Collection Set: 0.0ms
[2022-06-28T09:26:00.930+0000][7][gc,phases   ] GC(140)   Merge Heap Roots: 0.0ms
[2022-06-28T09:26:00.930+0000][7][gc,phases   ] GC(140)   Evacuate Collection Set: 1.4ms
[2022-06-28T09:26:00.930+0000][7][gc,phases   ] GC(140)   Post Evacuate Collection Set: 0.8ms
[2022-06-28T09:26:00.930+0000][7][gc,phases   ] GC(140)   Other: 0.1ms
[2022-06-28T09:26:00.930+0000][7][gc,age      ] GC(140) Age table with threshold 15 (max threshold 15)
[2022-06-28T09:26:00.930+0000][7][gc,age      ] GC(140) - age   1:      10128 bytes,      10128 total
[2022-06-28T09:26:00.930+0000][7][gc,age      ] GC(140) - age   2:        200 bytes,      10328 total
[2022-06-28T09:26:00.930+0000][7][gc,age      ] GC(140) - age   3:        200 bytes,      10528 total
[2022-06-28T09:26:00.930+0000][7][gc,age      ] GC(140) - age   4:        200 bytes,      10728 total
[2022-06-28T09:26:00.930+0000][7][gc,age      ] GC(140) - age   5:        576 bytes,      11304 total
[2022-06-28T09:26:00.930+0000][7][gc,age      ] GC(140) - age  11:         96 bytes,      11400 total
[2022-06-28T09:26:00.930+0000][7][gc,age      ] GC(140) - age  13:        168 bytes,      11568 total
[2022-06-28T09:26:00.930+0000][7][gc,age      ] GC(140) - age  15:        240 bytes,      11808 total
[2022-06-28T09:26:00.931+0000][7][gc,heap     ] GC(140) Eden regions: 29->0(29)
[2022-06-28T09:26:00.931+0000][7][gc,heap     ] GC(140) Survivor regions: 1->1(4)
[2022-06-28T09:26:00.931+0000][7][gc,heap     ] GC(140) Old regions: 19->19
[2022-06-28T09:26:00.931+0000][7][gc,heap     ] GC(140) Archive regions: 2->2
[2022-06-28T09:26:00.931+0000][7][gc,heap     ] GC(140) Humongous regions: 2->2
[2022-06-28T09:26:00.931+0000][7][gc,metaspace] GC(140) Metaspace: 102440K(106432K)->102440K(106432K) NonClass: 88758K(90944K)->88758K(90944K) Class: 13682K(15488K)->13682K(15488K)
[2022-06-28T09:26:00.931+0000][7][gc          ] GC(140) Pause Young (Normal) (G1 Evacuation Pause) 201M->85M(256M) 2.707ms
[2022-06-28T09:26:00.931+0000][7][gc,cpu      ] GC(140) User=0.00s Sys=0.00s Real=0.00s
[2022-06-28T09:26:00.931+0000][7][safepoint   ] Safepoint "G1CollectForAllocation", Time since last: 69912741999 ns, Reaching safepoint: 25507 ns, At safepoint: 2751854 ns, Total: 2777361 ns
[2022-06-28T09:26:11.932+0000][7][safepoint   ] Safepoint "Cleanup", Time since last: 11001231149 ns, Reaching safepoint: 50663 ns, At safepoint: 6996 ns, Total: 57659 ns
[2022-06-28T09:28:06.037+0000][7][gc,start    ] GC(141) Pause Young (Concurrent Start) (G1 Evacuation Pause)
[2022-06-28T09:28:06.037+0000][7][gc,task     ] GC(141) Using 1 workers of 1 for evacuation
[2022-06-28T09:28:06.037+0000][7][gc,age      ] GC(141) Desired survivor size 8388608 bytes, new threshold 15 (max threshold 15)
[2022-06-28T09:28:06.040+0000][7][gc,phases   ] GC(141)   Pre Evacuate Collection Set: 0.2ms
[2022-06-28T09:28:06.040+0000][7][gc,phases   ] GC(141)   Merge Heap Roots: 0.0ms
[2022-06-28T09:28:06.040+0000][7][gc,phases   ] GC(141)   Evacuate Collection Set: 1.4ms
[2022-06-28T09:28:06.040+0000][7][gc,phases   ] GC(141)   Post Evacuate Collection Set: 0.8ms
[2022-06-28T09:28:06.040+0000][7][gc,phases   ] GC(141)   Other: 0.1ms
[2022-06-28T09:28:06.040+0000][7][gc,age      ] GC(141) Age table with threshold 15 (max threshold 15)
[2022-06-28T09:28:06.040+0000][7][gc,age      ] GC(141) - age   1:      10888 bytes,      10888 total
[2022-06-28T09:28:06.040+0000][7][gc,age      ] GC(141) - age   2:        488 bytes,      11376 total
[2022-06-28T09:28:06.040+0000][7][gc,age      ] GC(141) - age   3:        200 bytes,      11576 total
[2022-06-28T09:28:06.040+0000][7][gc,age      ] GC(141) - age   4:        200 bytes,      11776 total
[2022-06-28T09:28:06.040+0000][7][gc,age      ] GC(141) - age  12:         96 bytes,      11872 total
[2022-06-28T09:28:06.040+0000][7][gc,age      ] GC(141) - age  14:        168 bytes,      12040 total
[2022-06-28T09:28:06.040+0000][7][gc,heap     ] GC(141) Eden regions: 29->0(29)
[2022-06-28T09:28:06.040+0000][7][gc,heap     ] GC(141) Survivor regions: 1->1(4)
[2022-06-28T09:28:06.040+0000][7][gc,heap     ] GC(141) Old regions: 19->19
[2022-06-28T09:28:06.040+0000][7][gc,heap     ] GC(141) Archive regions: 2->2
[2022-06-28T09:28:06.040+0000][7][gc,heap     ] GC(141) Humongous regions: 2->2
[2022-06-28T09:28:06.040+0000][7][gc,metaspace] GC(141) Metaspace: 102440K(106432K)->102440K(106432K) NonClass: 88758K(90944K)->88758K(90944K) Class: 13682K(15488K)->13682K(15488K)
[2022-06-28T09:28:06.040+0000][7][gc          ] GC(141) Pause Young (Concurrent Start) (G1 Evacuation Pause) 201M->85M(256M) 2.796ms
[2022-06-28T09:28:06.040+0000][7][gc,cpu      ] GC(141) User=0.01s Sys=0.00s Real=0.00s
[2022-06-28T09:28:06.040+0000][7][safepoint   ] Safepoint "G1CollectForAllocation", Time since last: 114105252726 ns, Reaching safepoint: 33178 ns, At safepoint: 2864306 ns, Total: 2897484 ns
[2022-06-28T09:28:06.040+0000][7][gc          ] GC(142) Concurrent Mark Cycle
[2022-06-28T09:28:06.040+0000][7][gc,marking  ] GC(142) Concurrent Clear Claimed Marks
[2022-06-28T09:28:06.040+0000][7][gc,marking  ] GC(142) Concurrent Clear Claimed Marks 0.041ms
[2022-06-28T09:28:06.040+0000][7][gc,marking  ] GC(142) Concurrent Scan Root Regions
[2022-06-28T09:28:06.041+0000][7][gc,marking  ] GC(142) Concurrent Scan Root Regions 0.699ms
[2022-06-28T09:28:06.041+0000][7][gc,marking  ] GC(142) Concurrent Mark
[2022-06-28T09:28:06.041+0000][7][gc,marking  ] GC(142) Concurrent Mark From Roots
[2022-06-28T09:28:06.041+0000][7][gc,task     ] GC(142) Using 1 workers of 1 for marking
[2022-06-28T09:28:06.161+0000][7][gc,marking  ] GC(142) Concurrent Mark From Roots 120.593ms
[2022-06-28T09:28:06.161+0000][7][gc,marking  ] GC(142) Concurrent Preclean
[2022-06-28T09:28:06.162+0000][7][gc,marking  ] GC(142) Concurrent Preclean 0.112ms
[2022-06-28T09:28:06.162+0000][7][gc,start    ] GC(142) Pause Remark
[2022-06-28T09:28:06.174+0000][7][gc          ] GC(142) Pause Remark 89M->89M(256M) 12.647ms
[2022-06-28T09:28:06.174+0000][7][gc,cpu      ] GC(142) User=0.01s Sys=0.00s Real=0.01s
[2022-06-28T09:28:06.174+0000][7][safepoint   ] Safepoint "G1Concurrent", Time since last: 121598149 ns, Reaching safepoint: 23662 ns, At safepoint: 12703105 ns, Total: 12726767 ns
[2022-06-28T09:28:06.174+0000][7][gc,marking  ] GC(142) Concurrent Mark 133.547ms
[2022-06-28T09:28:06.174+0000][7][gc,marking  ] GC(142) Concurrent Rebuild Remembered Sets
[2022-06-28T09:28:06.240+0000][7][gc,marking  ] GC(142) Concurrent Rebuild Remembered Sets 65.461ms
[2022-06-28T09:28:06.240+0000][7][gc,start    ] GC(142) Pause Cleanup
[2022-06-28T09:28:06.240+0000][7][gc          ] GC(142) Pause Cleanup 89M->89M(256M) 0.048ms
[2022-06-28T09:28:06.240+0000][7][gc,cpu      ] GC(142) User=0.00s Sys=0.00s Real=0.00s
[2022-06-28T09:28:06.240+0000][7][safepoint   ] Safepoint "G1Concurrent", Time since last: 65570724 ns, Reaching safepoint: 22957 ns, At safepoint: 84149 ns, Total: 107106 ns
[2022-06-28T09:28:06.240+0000][7][gc,marking  ] GC(142) Concurrent Cleanup for Next Mark
[2022-06-28T09:28:06.241+0000][7][gc,marking  ] GC(142) Concurrent Cleanup for Next Mark 0.657ms
[2022-06-28T09:28:06.241+0000][7][gc          ] GC(142) Concurrent Mark Cycle 200.650ms
[2022-06-28T09:30:09.801+0000][7][gc,start    ] GC(143) Pause Young (Normal) (G1 Evacuation Pause)
[2022-06-28T09:30:09.801+0000][7][gc,task     ] GC(143) Using 1 workers of 1 for evacuation
[2022-06-28T09:30:09.801+0000][7][gc,age      ] GC(143) Desired survivor size 8388608 bytes, new threshold 15 (max threshold 15)
[2022-06-28T09:30:09.803+0000][7][gc,phases   ] GC(143)   Pre Evacuate Collection Set: 0.0ms
[2022-06-28T09:30:09.803+0000][7][gc,phases   ] GC(143)   Merge Heap Roots: 0.1ms
[2022-06-28T09:30:09.803+0000][7][gc,phases   ] GC(143)   Evacuate Collection Set: 1.4ms
[2022-06-28T09:30:09.803+0000][7][gc,phases   ] GC(143)   Post Evacuate Collection Set: 0.8ms
[2022-06-28T09:30:09.803+0000][7][gc,phases   ] GC(143)   Other: 0.1ms
[2022-06-28T09:30:09.803+0000][7][gc,age      ] GC(143) Age table with threshold 15 (max threshold 15)
[2022-06-28T09:30:09.803+0000][7][gc,age      ] GC(143) - age   1:       8224 bytes,       8224 total
[2022-06-28T09:30:09.803+0000][7][gc,age      ] GC(143) - age   2:        576 bytes,       8800 total
[2022-06-28T09:30:09.803+0000][7][gc,age      ] GC(143) - age   3:        488 bytes,       9288 total
[2022-06-28T09:30:09.803+0000][7][gc,age      ] GC(143) - age   4:        200 bytes,       9488 total
[2022-06-28T09:30:09.803+0000][7][gc,age      ] GC(143) - age   5:        200 bytes,       9688 total
[2022-06-28T09:30:09.803+0000][7][gc,age      ] GC(143) - age  13:         96 bytes,       9784 total
[2022-06-28T09:30:09.803+0000][7][gc,age      ] GC(143) - age  15:        168 bytes,       9952 total
[2022-06-28T09:30:09.803+0000][7][gc,heap     ] GC(143) Eden regions: 29->0(29)
[2022-06-28T09:30:09.803+0000][7][gc,heap     ] GC(143) Survivor regions: 1->1(4)
[2022-06-28T09:30:09.803+0000][7][gc,heap     ] GC(143) Old regions: 19->19
[2022-06-28T09:30:09.803+0000][7][gc,heap     ] GC(143) Archive regions: 2->2
[2022-06-28T09:30:09.803+0000][7][gc,heap     ] GC(143) Humongous regions: 2->2
[2022-06-28T09:30:09.803+0000][7][gc,metaspace] GC(143) Metaspace: 102440K(106432K)->102440K(106432K) NonClass: 88758K(90944K)->88758K(90944K) Class: 13682K(15488K)->13682K(15488K)
[2022-06-28T09:30:09.803+0000][7][gc          ] GC(143) Pause Young (Normal) (G1 Evacuation Pause) 201M->85M(256M) 2.635ms
[2022-06-28T09:30:09.803+0000][7][gc,cpu      ] GC(143) User=0.01s Sys=0.00s Real=0.00s
[2022-06-28T09:30:09.803+0000][7][safepoint   ] Safepoint "G1CollectForAllocation", Time since last: 123560424526 ns, Reaching safepoint: 150860 ns, At safepoint: 2679328 ns, Total: 2830188 ns
[2022-06-28T09:32:11.262+0000][7][gc,start    ] GC(144) Pause Young (Concurrent Start) (G1 Evacuation Pause)
[2022-06-28T09:32:11.262+0000][7][gc,task     ] GC(144) Using 1 workers of 1 for evacuation
[2022-06-28T09:32:11.262+0000][7][gc,age      ] GC(144) Desired survivor size 8388608 bytes, new threshold 15 (max threshold 15)
[2022-06-28T09:32:11.264+0000][7][gc,phases   ] GC(144)   Pre Evacuate Collection Set: 0.2ms
[2022-06-28T09:32:11.264+0000][7][gc,phases   ] GC(144)   Merge Heap Roots: 0.0ms
[2022-06-28T09:32:11.264+0000][7][gc,phases   ] GC(144)   Evacuate Collection Set: 1.4ms
[2022-06-28T09:32:11.264+0000][7][gc,phases   ] GC(144)   Post Evacuate Collection Set: 0.8ms
[2022-06-28T09:32:11.264+0000][7][gc,phases   ] GC(144)   Other: 0.1ms
[2022-06-28T09:32:11.264+0000][7][gc,age      ] GC(144) Age table with threshold 15 (max threshold 15)
[2022-06-28T09:32:11.264+0000][7][gc,age      ] GC(144) - age   1:       8208 bytes,       8208 total
[2022-06-28T09:32:11.264+0000][7][gc,age      ] GC(144) - age   2:        200 bytes,       8408 total
[2022-06-28T09:32:11.264+0000][7][gc,age      ] GC(144) - age   3:        576 bytes,       8984 total
[2022-06-28T09:32:11.264+0000][7][gc,age      ] GC(144) - age   4:        488 bytes,       9472 total
[2022-06-28T09:32:11.264+0000][7][gc,age      ] GC(144) - age   5:        200 bytes,       9672 total
[2022-06-28T09:32:11.264+0000][7][gc,age      ] GC(144) - age  14:         96 bytes,       9768 total
[2022-06-28T09:32:11.264+0000][7][gc,heap     ] GC(144) Eden regions: 29->0(29)
[2022-06-28T09:32:11.264+0000][7][gc,heap     ] GC(144) Survivor regions: 1->1(4)
[2022-06-28T09:32:11.264+0000][7][gc,heap     ] GC(144) Old regions: 19->19
[2022-06-28T09:32:11.264+0000][7][gc,heap     ] GC(144) Archive regions: 2->2
[2022-06-28T09:32:11.264+0000][7][gc,heap     ] GC(144) Humongous regions: 2->2
[2022-06-28T09:32:11.264+0000][7][gc,metaspace] GC(144) Metaspace: 102440K(106432K)->102440K(106432K) NonClass: 88758K(90944K)->88758K(90944K) Class: 13682K(15488K)->13682K(15488K)
[2022-06-28T09:32:11.264+0000][7][gc          ] GC(144) Pause Young (Concurrent Start) (G1 Evacuation Pause) 201M->85M(256M) 2.698ms
[2022-06-28T09:32:11.264+0000][7][gc,cpu      ] GC(144) User=0.01s Sys=0.00s Real=0.00s
[2022-06-28T09:32:11.264+0000][7][safepoint   ] Safepoint "G1CollectForAllocation", Time since last: 121458132303 ns, Reaching safepoint: 154235 ns, At safepoint: 2747048 ns, Total: 2901283 ns
[2022-06-28T09:32:11.264+0000][7][gc          ] GC(145) Concurrent Mark Cycle
[2022-06-28T09:32:11.264+0000][7][gc,marking  ] GC(145) Concurrent Clear Claimed Marks
[2022-06-28T09:32:11.264+0000][7][gc,marking  ] GC(145) Concurrent Clear Claimed Marks 0.040ms
[2022-06-28T09:32:11.264+0000][7][gc,marking  ] GC(145) Concurrent Scan Root Regions
[2022-06-28T09:32:11.265+0000][7][gc,marking  ] GC(145) Concurrent Scan Root Regions 0.743ms
[2022-06-28T09:32:11.265+0000][7][gc,marking  ] GC(145) Concurrent Mark
[2022-06-28T09:32:11.265+0000][7][gc,marking  ] GC(145) Concurrent Mark From Roots
[2022-06-28T09:32:11.265+0000][7][gc,task     ] GC(145) Using 1 workers of 1 for marking
[2022-06-28T09:32:11.394+0000][7][gc,marking  ] GC(145) Concurrent Mark From Roots 128.981ms
[2022-06-28T09:32:11.394+0000][7][gc,marking  ] GC(145) Concurrent Preclean
[2022-06-28T09:32:11.394+0000][7][gc,marking  ] GC(145) Concurrent Preclean 0.113ms
[2022-06-28T09:32:11.394+0000][7][gc,start    ] GC(145) Pause Remark
[2022-06-28T09:32:11.407+0000][7][gc          ] GC(145) Pause Remark 87M->87M(256M) 13.062ms
[2022-06-28T09:32:11.407+0000][7][gc,cpu      ] GC(145) User=0.01s Sys=0.00s Real=0.02s
[2022-06-28T09:32:11.408+0000][7][safepoint   ] Safepoint "G1Concurrent", Time since last: 130034988 ns, Reaching safepoint: 23797 ns, At safepoint: 13126182 ns, Total: 13149979 ns
[2022-06-28T09:32:11.408+0000][7][gc,marking  ] GC(145) Concurrent Mark 142.348ms
[2022-06-28T09:32:11.408+0000][7][gc,marking  ] GC(145) Concurrent Rebuild Remembered Sets
[2022-06-28T09:32:11.482+0000][7][gc,marking  ] GC(145) Concurrent Rebuild Remembered Sets 74.339ms
[2022-06-28T09:32:11.482+0000][7][gc,start    ] GC(145) Pause Cleanup
[2022-06-28T09:32:11.482+0000][7][gc          ] GC(145) Pause Cleanup 87M->87M(256M) 0.053ms
[2022-06-28T09:32:11.482+0000][7][gc,cpu      ] GC(145) User=0.00s Sys=0.00s Real=0.00s
[2022-06-28T09:32:11.482+0000][7][safepoint   ] Safepoint "G1Concurrent", Time since last: 74429813 ns, Reaching safepoint: 27500 ns, At safepoint: 88798 ns, Total: 116298 ns
[2022-06-28T09:32:11.482+0000][7][gc,marking  ] GC(145) Concurrent Cleanup for Next Mark
[2022-06-28T09:32:11.483+0000][7][gc,marking  ] GC(145) Concurrent Cleanup for Next Mark 0.692ms
[2022-06-28T09:32:11.483+0000][7][gc          ] GC(145) Concurrent Mark Cycle 218.418ms
[2022-06-28T09:34:16.369+0000][7][gc,start    ] GC(146) Pause Young (Normal) (G1 Evacuation Pause)
[2022-06-28T09:34:16.369+0000][7][gc,task     ] GC(146) Using 1 workers of 1 for evacuation
[2022-06-28T09:34:16.369+0000][7][gc,age      ] GC(146) Desired survivor size 8388608 bytes, new threshold 15 (max threshold 15)
[2022-06-28T09:34:16.372+0000][7][gc,phases   ] GC(146)   Pre Evacuate Collection Set: 0.0ms
[2022-06-28T09:34:16.372+0000][7][gc,phases   ] GC(146)   Merge Heap Roots: 0.0ms
[2022-06-28T09:34:16.372+0000][7][gc,phases   ] GC(146)   Evacuate Collection Set: 1.5ms
[2022-06-28T09:34:16.372+0000][7][gc,phases   ] GC(146)   Post Evacuate Collection Set: 0.8ms
[2022-06-28T09:34:16.372+0000][7][gc,phases   ] GC(146)   Other: 0.1ms
[2022-06-28T09:34:16.372+0000][7][gc,age      ] GC(146) Age table with threshold 15 (max threshold 15)
[2022-06-28T09:34:16.372+0000][7][gc,age      ] GC(146) - age   1:       9984 bytes,       9984 total
[2022-06-28T09:34:16.372+0000][7][gc,age      ] GC(146) - age   2:        200 bytes,      10184 total
[2022-06-28T09:34:16.372+0000][7][gc,age      ] GC(146) - age   3:        200 bytes,      10384 total
[2022-06-28T09:34:16.372+0000][7][gc,age      ] GC(146) - age   4:        576 bytes,      10960 total
[2022-06-28T09:34:16.372+0000][7][gc,age      ] GC(146) - age   5:        488 bytes,      11448 total
[2022-06-28T09:34:16.372+0000][7][gc,age      ] GC(146) - age  15:         96 bytes,      11544 total
[2022-06-28T09:34:16.372+0000][7][gc,heap     ] GC(146) Eden regions: 29->0(29)
[2022-06-28T09:34:16.372+0000][7][gc,heap     ] GC(146) Survivor regions: 1->1(4)
[2022-06-28T09:34:16.372+0000][7][gc,heap     ] GC(146) Old regions: 19->19
[2022-06-28T09:34:16.372+0000][7][gc,heap     ] GC(146) Archive regions: 2->2
[2022-06-28T09:34:16.372+0000][7][gc,heap     ] GC(146) Humongous regions: 2->2
[2022-06-28T09:34:16.372+0000][7][gc,metaspace] GC(146) Metaspace: 102440K(106432K)->102440K(106432K) NonClass: 88758K(90944K)->88758K(90944K) Class: 13682K(15488K)->13682K(15488K)
[2022-06-28T09:34:16.372+0000][7][gc          ] GC(146) Pause Young (Normal) (G1 Evacuation Pause) 201M->85M(256M) 2.728ms
[2022-06-28T09:34:16.372+0000][7][gc,cpu      ] GC(146) User=0.00s Sys=0.00s Real=0.00s
[2022-06-28T09:34:16.372+0000][7][safepoint   ] Safepoint "G1CollectForAllocation", Time since last: 124887001182 ns, Reaching safepoint: 25999 ns, At safepoint: 2769268 ns, Total: 2795267 ns
[2022-06-28T09:36:21.480+0000][7][gc,start    ] GC(147) Pause Young (Concurrent Start) (G1 Evacuation Pause)
[2022-06-28T09:36:21.480+0000][7][gc,task     ] GC(147) Using 1 workers of 1 for evacuation
[2022-06-28T09:36:21.480+0000][7][gc,age      ] GC(147) Desired survivor size 8388608 bytes, new threshold 15 (max threshold 15)
[2022-06-28T09:36:21.483+0000][7][gc,phases   ] GC(147)   Pre Evacuate Collection Set: 0.2ms
[2022-06-28T09:36:21.483+0000][7][gc,phases   ] GC(147)   Merge Heap Roots: 0.0ms
[2022-06-28T09:36:21.483+0000][7][gc,phases   ] GC(147)   Evacuate Collection Set: 1.4ms
[2022-06-28T09:36:21.483+0000][7][gc,phases   ] GC(147)   Post Evacuate Collection Set: 0.9ms
[2022-06-28T09:36:21.483+0000][7][gc,phases   ] GC(147)   Other: 0.1ms
[2022-06-28T09:36:21.483+0000][7][gc,age      ] GC(147) Age table with threshold 15 (max threshold 15)
[2022-06-28T09:36:21.483+0000][7][gc,age      ] GC(147) - age   1:       8496 bytes,       8496 total
[2022-06-28T09:36:21.483+0000][7][gc,age      ] GC(147) - age   2:        304 bytes,       8800 total
[2022-06-28T09:36:21.483+0000][7][gc,age      ] GC(147) - age   3:        200 bytes,       9000 total
[2022-06-28T09:36:21.483+0000][7][gc,age      ] GC(147) - age   4:        200 bytes,       9200 total
[2022-06-28T09:36:21.483+0000][7][gc,age      ] GC(147) - age   5:        576 bytes,       9776 total
[2022-06-28T09:36:21.483+0000][7][gc,age      ] GC(147) - age   6:        288 bytes,      10064 total
[2022-06-28T09:36:21.483+0000][7][gc,heap     ] GC(147) Eden regions: 29->0(29)
[2022-06-28T09:36:21.483+0000][7][gc,heap     ] GC(147) Survivor regions: 1->1(4)
[2022-06-28T09:36:21.483+0000][7][gc,heap     ] GC(147) Old regions: 19->19
[2022-06-28T09:36:21.483+0000][7][gc,heap     ] GC(147) Archive regions: 2->2
[2022-06-28T09:36:21.483+0000][7][gc,heap     ] GC(147) Humongous regions: 2->2
[2022-06-28T09:36:21.483+0000][7][gc,metaspace] GC(147) Metaspace: 102440K(106432K)->102440K(106432K) NonClass: 88758K(90944K)->88758K(90944K) Class: 13682K(15488K)->13682K(15488K)
[2022-06-28T09:36:21.483+0000][7][gc          ] GC(147) Pause Young (Concurrent Start) (G1 Evacuation Pause) 201M->85M(256M) 2.806ms
[2022-06-28T09:36:21.483+0000][7][gc,cpu      ] GC(147) User=0.00s Sys=0.00s Real=0.00s
[2022-06-28T09:36:21.483+0000][7][safepoint   ] Safepoint "G1CollectForAllocation", Time since last: 125108071086 ns, Reaching safepoint: 25608 ns, At safepoint: 2852065 ns, Total: 2877673 ns
[2022-06-28T09:36:21.483+0000][7][gc          ] GC(148) Concurrent Mark Cycle
[2022-06-28T09:36:21.483+0000][7][gc,marking  ] GC(148) Concurrent Clear Claimed Marks
[2022-06-28T09:36:21.483+0000][7][gc,marking  ] GC(148) Concurrent Clear Claimed Marks 0.040ms
[2022-06-28T09:36:21.483+0000][7][gc,marking  ] GC(148) Concurrent Scan Root Regions
[2022-06-28T09:36:21.484+0000][7][gc,marking  ] GC(148) Concurrent Scan Root Regions 0.681ms
[2022-06-28T09:36:21.484+0000][7][gc,marking  ] GC(148) Concurrent Mark
[2022-06-28T09:36:21.484+0000][7][gc,marking  ] GC(148) Concurrent Mark From Roots
[2022-06-28T09:36:21.484+0000][7][gc,task     ] GC(148) Using 1 workers of 1 for marking
[2022-06-28T09:36:21.600+0000][7][gc,marking  ] GC(148) Concurrent Mark From Roots 116.738ms
[2022-06-28T09:36:21.600+0000][7][gc,marking  ] GC(148) Concurrent Preclean
[2022-06-28T09:36:21.600+0000][7][gc,marking  ] GC(148) Concurrent Preclean 0.111ms
[2022-06-28T09:36:21.601+0000][7][gc,start    ] GC(148) Pause Remark
[2022-06-28T09:36:21.614+0000][7][gc          ] GC(148) Pause Remark 87M->87M(256M) 13.177ms
[2022-06-28T09:36:21.614+0000][7][gc,cpu      ] GC(148) User=0.01s Sys=0.00s Real=0.01s
[2022-06-28T09:36:21.614+0000][7][safepoint   ] Safepoint "G1Concurrent", Time since last: 117726779 ns, Reaching safepoint: 24889 ns, At safepoint: 13236505 ns, Total: 13261394 ns
[2022-06-28T09:36:21.614+0000][7][gc,marking  ] GC(148) Concurrent Mark 130.216ms
[2022-06-28T09:36:21.614+0000][7][gc,marking  ] GC(148) Concurrent Rebuild Remembered Sets
[2022-06-28T09:36:21.681+0000][7][gc,marking  ] GC(148) Concurrent Rebuild Remembered Sets 67.107ms
[2022-06-28T09:36:21.681+0000][7][gc,start    ] GC(148) Pause Cleanup
[2022-06-28T09:36:21.681+0000][7][gc          ] GC(148) Pause Cleanup 87M->87M(256M) 0.049ms
[2022-06-28T09:36:21.681+0000][7][gc,cpu      ] GC(148) User=0.00s Sys=0.00s Real=0.00s
[2022-06-28T09:36:21.681+0000][7][safepoint   ] Safepoint "G1Concurrent", Time since last: 67205561 ns, Reaching safepoint: 23850 ns, At safepoint: 84937 ns, Total: 108787 ns
[2022-06-28T09:36:21.681+0000][7][gc,marking  ] GC(148) Concurrent Cleanup for Next Mark
[2022-06-28T09:36:21.682+0000][7][gc,marking  ] GC(148) Concurrent Cleanup for Next Mark 0.706ms
[2022-06-28T09:36:21.682+0000][7][gc          ] GC(148) Concurrent Mark Cycle 199.004ms
[2022-06-28T09:38:26.595+0000][7][gc,start    ] GC(149) Pause Young (Normal) (G1 Evacuation Pause)
[2022-06-28T09:38:26.595+0000][7][gc,task     ] GC(149) Using 1 workers of 1 for evacuation
[2022-06-28T09:38:26.595+0000][7][gc,age      ] GC(149) Desired survivor size 8388608 bytes, new threshold 15 (max threshold 15)
[2022-06-28T09:38:26.597+0000][7][gc,phases   ] GC(149)   Pre Evacuate Collection Set: 0.0ms
[2022-06-28T09:38:26.597+0000][7][gc,phases   ] GC(149)   Merge Heap Roots: 0.1ms
[2022-06-28T09:38:26.597+0000][7][gc,phases   ] GC(149)   Evacuate Collection Set: 1.4ms
[2022-06-28T09:38:26.597+0000][7][gc,phases   ] GC(149)   Post Evacuate Collection Set: 0.8ms
[2022-06-28T09:38:26.597+0000][7][gc,phases   ] GC(149)   Other: 0.1ms
[2022-06-28T09:38:26.597+0000][7][gc,age      ] GC(149) Age table with threshold 15 (max threshold 15)
[2022-06-28T09:38:26.597+0000][7][gc,age      ] GC(149) - age   1:      10416 bytes,      10416 total
[2022-06-28T09:38:26.597+0000][7][gc,age      ] GC(149) - age   3:        304 bytes,      10720 total
[2022-06-28T09:38:26.597+0000][7][gc,age      ] GC(149) - age   4:        200 bytes,      10920 total
[2022-06-28T09:38:26.597+0000][7][gc,age      ] GC(149) - age   5:        200 bytes,      11120 total
[2022-06-28T09:38:26.597+0000][7][gc,age      ] GC(149) - age   7:        288 bytes,      11408 total
[2022-06-28T09:38:26.597+0000][7][gc,heap     ] GC(149) Eden regions: 29->0(29)
[2022-06-28T09:38:26.597+0000][7][gc,heap     ] GC(149) Survivor regions: 1->1(4)
[2022-06-28T09:38:26.597+0000][7][gc,heap     ] GC(149) Old regions: 19->19
[2022-06-28T09:38:26.597+0000][7][gc,heap     ] GC(149) Archive regions: 2->2
[2022-06-28T09:38:26.597+0000][7][gc,heap     ] GC(149) Humongous regions: 2->2
[2022-06-28T09:38:26.597+0000][7][gc,metaspace] GC(149) Metaspace: 102440K(106432K)->102440K(106432K) NonClass: 88758K(90944K)->88758K(90944K) Class: 13682K(15488K)->13682K(15488K)
[2022-06-28T09:38:26.597+0000][7][gc          ] GC(149) Pause Young (Normal) (G1 Evacuation Pause) 201M->85M(256M) 2.609ms
[2022-06-28T09:38:26.597+0000][7][gc,cpu      ] GC(149) User=0.00s Sys=0.00s Real=0.00s
[2022-06-28T09:38:26.597+0000][7][safepoint   ] Safepoint "G1CollectForAllocation", Time since last: 124913498843 ns, Reaching safepoint: 26061 ns, At safepoint: 2649394 ns, Total: 2675455 ns
[2022-06-28T09:40:31.705+0000][7][gc,start    ] GC(150) Pause Young (Concurrent Start) (G1 Evacuation Pause)
[2022-06-28T09:40:31.705+0000][7][gc,task     ] GC(150) Using 1 workers of 1 for evacuation
[2022-06-28T09:40:31.705+0000][7][gc,age      ] GC(150) Desired survivor size 8388608 bytes, new threshold 15 (max threshold 15)
[2022-06-28T09:40:31.708+0000][7][gc,phases   ] GC(150)   Pre Evacuate Collection Set: 0.2ms
[2022-06-28T09:40:31.708+0000][7][gc,phases   ] GC(150)   Merge Heap Roots: 0.0ms
[2022-06-28T09:40:31.708+0000][7][gc,phases   ] GC(150)   Evacuate Collection Set: 1.4ms
[2022-06-28T09:40:31.708+0000][7][gc,phases   ] GC(150)   Post Evacuate Collection Set: 0.8ms
[2022-06-28T09:40:31.708+0000][7][gc,phases   ] GC(150)   Other: 0.1ms
[2022-06-28T09:40:31.708+0000][7][gc,age      ] GC(150) Age table with threshold 15 (max threshold 15)
[2022-06-28T09:40:31.708+0000][7][gc,age      ] GC(150) - age   1:       9984 bytes,       9984 total
[2022-06-28T09:40:31.708+0000][7][gc,age      ] GC(150) - age   2:        576 bytes,      10560 total
[2022-06-28T09:40:31.708+0000][7][gc,age      ] GC(150) - age   4:        304 bytes,      10864 total
[2022-06-28T09:40:31.708+0000][7][gc,age      ] GC(150) - age   5:        200 bytes,      11064 total
[2022-06-28T09:40:31.708+0000][7][gc,age      ] GC(150) - age   8:        288 bytes,      11352 total
[2022-06-28T09:40:31.708+0000][7][gc,heap     ] GC(150) Eden regions: 29->0(29)
[2022-06-28T09:40:31.708+0000][7][gc,heap     ] GC(150) Survivor regions: 1->1(4)
[2022-06-28T09:40:31.708+0000][7][gc,heap     ] GC(150) Old regions: 19->19
[2022-06-28T09:40:31.708+0000][7][gc,heap     ] GC(150) Archive regions: 2->2
[2022-06-28T09:40:31.708+0000][7][gc,heap     ] GC(150) Humongous regions: 2->2
[2022-06-28T09:40:31.708+0000][7][gc,metaspace] GC(150) Metaspace: 102440K(106432K)->102440K(106432K) NonClass: 88758K(90944K)->88758K(90944K) Class: 13682K(15488K)->13682K(15488K)
[2022-06-28T09:40:31.708+0000][7][gc          ] GC(150) Pause Young (Concurrent Start) (G1 Evacuation Pause) 201M->85M(256M) 2.735ms
[2022-06-28T09:40:31.708+0000][7][gc,cpu      ] GC(150) User=0.00s Sys=0.00s Real=0.01s
[2022-06-28T09:40:31.708+0000][7][safepoint   ] Safepoint "G1CollectForAllocation", Time since last: 125107614065 ns, Reaching safepoint: 28162 ns, At safepoint: 2783039 ns, Total: 2811201 ns
[2022-06-28T09:40:31.708+0000][7][gc          ] GC(151) Concurrent Mark Cycle
[2022-06-28T09:40:31.708+0000][7][gc,marking  ] GC(151) Concurrent Clear Claimed Marks
[2022-06-28T09:40:31.708+0000][7][gc,marking  ] GC(151) Concurrent Clear Claimed Marks 0.040ms
[2022-06-28T09:40:31.708+0000][7][gc,marking  ] GC(151) Concurrent Scan Root Regions
[2022-06-28T09:40:31.708+0000][7][gc,marking  ] GC(151) Concurrent Scan Root Regions 0.665ms
[2022-06-28T09:40:31.708+0000][7][gc,marking  ] GC(151) Concurrent Mark
[2022-06-28T09:40:31.708+0000][7][gc,marking  ] GC(151) Concurrent Mark From Roots
[2022-06-28T09:40:31.708+0000][7][gc,task     ] GC(151) Using 1 workers of 1 for marking
[2022-06-28T09:40:31.824+0000][7][gc,marking  ] GC(151) Concurrent Mark From Roots 115.142ms
[2022-06-28T09:40:31.824+0000][7][gc,marking  ] GC(151) Concurrent Preclean
[2022-06-28T09:40:31.824+0000][7][gc,marking  ] GC(151) Concurrent Preclean 0.115ms
[2022-06-28T09:40:31.824+0000][7][gc,start    ] GC(151) Pause Remark
[2022-06-28T09:40:31.837+0000][7][gc          ] GC(151) Pause Remark 87M->87M(256M) 13.168ms
[2022-06-28T09:40:31.837+0000][7][gc,cpu      ] GC(151) User=0.01s Sys=0.00s Real=0.02s
[2022-06-28T09:40:31.837+0000][7][safepoint   ] Safepoint "G1Concurrent", Time since last: 116119377 ns, Reaching safepoint: 25598 ns, At safepoint: 13242166 ns, Total: 13267764 ns
[2022-06-28T09:40:31.837+0000][7][gc,marking  ] GC(151) Concurrent Mark 128.665ms
[2022-06-28T09:40:31.837+0000][7][gc,marking  ] GC(151) Concurrent Rebuild Remembered Sets
[2022-06-28T09:40:31.903+0000][7][gc,marking  ] GC(151) Concurrent Rebuild Remembered Sets 66.129ms
[2022-06-28T09:40:31.903+0000][7][gc,start    ] GC(151) Pause Cleanup
[2022-06-28T09:40:31.903+0000][7][gc          ] GC(151) Pause Cleanup 87M->87M(256M) 0.049ms
[2022-06-28T09:40:31.903+0000][7][gc,cpu      ] GC(151) User=0.00s Sys=0.00s Real=0.00s
[2022-06-28T09:40:31.903+0000][7][safepoint   ] Safepoint "G1Concurrent", Time since last: 66259449 ns, Reaching safepoint: 23363 ns, At safepoint: 84201 ns, Total: 107564 ns
[2022-06-28T09:40:31.903+0000][7][gc,marking  ] GC(151) Concurrent Cleanup for Next Mark
[2022-06-28T09:40:31.904+0000][7][gc,marking  ] GC(151) Concurrent Cleanup for Next Mark 0.656ms
[2022-06-28T09:40:31.904+0000][7][gc          ] GC(151) Concurrent Mark Cycle 196.406ms
[2022-06-28T09:42:36.820+0000][7][gc,start    ] GC(152) Pause Young (Normal) (G1 Evacuation Pause)
[2022-06-28T09:42:36.820+0000][7][gc,task     ] GC(152) Using 1 workers of 1 for evacuation
[2022-06-28T09:42:36.820+0000][7][gc,age      ] GC(152) Desired survivor size 8388608 bytes, new threshold 15 (max threshold 15)
[2022-06-28T09:42:36.823+0000][7][gc,phases   ] GC(152)   Pre Evacuate Collection Set: 0.0ms
[2022-06-28T09:42:36.823+0000][7][gc,phases   ] GC(152)   Merge Heap Roots: 0.1ms
[2022-06-28T09:42:36.823+0000][7][gc,phases   ] GC(152)   Evacuate Collection Set: 1.4ms
[2022-06-28T09:42:36.823+0000][7][gc,phases   ] GC(152)   Post Evacuate Collection Set: 0.9ms
[2022-06-28T09:42:36.823+0000][7][gc,phases   ] GC(152)   Other: 0.1ms
[2022-06-28T09:42:36.823+0000][7][gc,age      ] GC(152) Age table with threshold 15 (max threshold 15)
[2022-06-28T09:42:36.823+0000][7][gc,age      ] GC(152) - age   1:      10480 bytes,      10480 total
[2022-06-28T09:42:36.823+0000][7][gc,age      ] GC(152) - age   2:        400 bytes,      10880 total
[2022-06-28T09:42:36.823+0000][7][gc,age      ] GC(152) - age   3:        576 bytes,      11456 total
[2022-06-28T09:42:36.823+0000][7][gc,age      ] GC(152) - age   5:        304 bytes,      11760 total
[2022-06-28T09:42:36.823+0000][7][gc,age      ] GC(152) - age   9:        288 bytes,      12048 total
[2022-06-28T09:42:36.823+0000][7][gc,heap     ] GC(152) Eden regions: 29->0(29)
[2022-06-28T09:42:36.823+0000][7][gc,heap     ] GC(152) Survivor regions: 1->1(4)
[2022-06-28T09:42:36.823+0000][7][gc,heap     ] GC(152) Old regions: 19->19
[2022-06-28T09:42:36.823+0000][7][gc,heap     ] GC(152) Archive regions: 2->2
[2022-06-28T09:42:36.823+0000][7][gc,heap     ] GC(152) Humongous regions: 2->2
[2022-06-28T09:42:36.823+0000][7][gc,metaspace] GC(152) Metaspace: 102445K(106432K)->102445K(106432K) NonClass: 88762K(90944K)->88762K(90944K) Class: 13682K(15488K)->13682K(15488K)
[2022-06-28T09:42:36.823+0000][7][gc          ] GC(152) Pause Young (Normal) (G1 Evacuation Pause) 201M->85M(256M) 2.726ms
[2022-06-28T09:42:36.823+0000][7][gc,cpu      ] GC(152) User=0.00s Sys=0.00s Real=0.00s
[2022-06-28T09:42:36.823+0000][7][safepoint   ] Safepoint "G1CollectForAllocation", Time since last: 124916936287 ns, Reaching safepoint: 26113 ns, At safepoint: 2769126 ns, Total: 2795239 ns
[2022-06-28T09:44:41.930+0000][7][gc,start    ] GC(153) Pause Young (Concurrent Start) (G1 Evacuation Pause)
[2022-06-28T09:44:41.930+0000][7][gc,task     ] GC(153) Using 1 workers of 1 for evacuation
[2022-06-28T09:44:41.930+0000][7][gc,age      ] GC(153) Desired survivor size 8388608 bytes, new threshold 15 (max threshold 15)
[2022-06-28T09:44:41.933+0000][7][gc,phases   ] GC(153)   Pre Evacuate Collection Set: 0.2ms
[2022-06-28T09:44:41.933+0000][7][gc,phases   ] GC(153)   Merge Heap Roots: 0.0ms
[2022-06-28T09:44:41.933+0000][7][gc,phases   ] GC(153)   Evacuate Collection Set: 1.3ms
[2022-06-28T09:44:41.933+0000][7][gc,phases   ] GC(153)   Post Evacuate Collection Set: 0.9ms
[2022-06-28T09:44:41.933+0000][7][gc,phases   ] GC(153)   Other: 0.1ms
[2022-06-28T09:44:41.933+0000][7][gc,age      ] GC(153) Age table with threshold 15 (max threshold 15)
[2022-06-28T09:44:41.933+0000][7][gc,age      ] GC(153) - age   1:       8504 bytes,       8504 total
[2022-06-28T09:44:41.933+0000][7][gc,age      ] GC(153) - age   2:        344 bytes,       8848 total
[2022-06-28T09:44:41.933+0000][7][gc,age      ] GC(153) - age   3:        400 bytes,       9248 total
[2022-06-28T09:44:41.933+0000][7][gc,age      ] GC(153) - age   4:        576 bytes,       9824 total
[2022-06-28T09:44:41.933+0000][7][gc,age      ] GC(153) - age   6:        104 bytes,       9928 total
[2022-06-28T09:44:41.933+0000][7][gc,age      ] GC(153) - age  10:        288 bytes,      10216 total
[2022-06-28T09:44:41.933+0000][7][gc,heap     ] GC(153) Eden regions: 29->0(29)
[2022-06-28T09:44:41.933+0000][7][gc,heap     ] GC(153) Survivor regions: 1->1(4)
[2022-06-28T09:44:41.933+0000][7][gc,heap     ] GC(153) Old regions: 19->19
[2022-06-28T09:44:41.933+0000][7][gc,heap     ] GC(153) Archive regions: 2->2
[2022-06-28T09:44:41.933+0000][7][gc,heap     ] GC(153) Humongous regions: 2->2
[2022-06-28T09:44:41.933+0000][7][gc,metaspace] GC(153) Metaspace: 102445K(106432K)->102445K(106432K) NonClass: 88762K(90944K)->88762K(90944K) Class: 13682K(15488K)->13682K(15488K)
[2022-06-28T09:44:41.933+0000][7][gc          ] GC(153) Pause Young (Concurrent Start) (G1 Evacuation Pause) 201M->85M(256M) 2.715ms
[2022-06-28T09:44:41.933+0000][7][gc,cpu      ] GC(153) User=0.00s Sys=0.00s Real=0.00s
[2022-06-28T09:44:41.933+0000][7][safepoint   ] Safepoint "G1CollectForAllocation", Time since last: 125106974281 ns, Reaching safepoint: 24871 ns, At safepoint: 2773234 ns, Total: 2798105 ns
[2022-06-28T09:44:41.933+0000][7][gc          ] GC(154) Concurrent Mark Cycle
[2022-06-28T09:44:41.933+0000][7][gc,marking  ] GC(154) Concurrent Clear Claimed Marks
[2022-06-28T09:44:41.933+0000][7][gc,marking  ] GC(154) Concurrent Clear Claimed Marks 0.037ms
[2022-06-28T09:44:41.933+0000][7][gc,marking  ] GC(154) Concurrent Scan Root Regions
[2022-06-28T09:44:41.934+0000][7][gc,marking  ] GC(154) Concurrent Scan Root Regions 0.683ms
[2022-06-28T09:44:41.934+0000][7][gc,marking  ] GC(154) Concurrent Mark
[2022-06-28T09:44:41.934+0000][7][gc,marking  ] GC(154) Concurrent Mark From Roots
[2022-06-28T09:44:41.934+0000][7][gc,task     ] GC(154) Using 1 workers of 1 for marking
[2022-06-28T09:44:42.049+0000][7][gc,marking  ] GC(154) Concurrent Mark From Roots 115.201ms
[2022-06-28T09:44:42.049+0000][7][gc,marking  ] GC(154) Concurrent Preclean
[2022-06-28T09:44:42.049+0000][7][gc,marking  ] GC(154) Concurrent Preclean 0.112ms
[2022-06-28T09:44:42.049+0000][7][gc,start    ] GC(154) Pause Remark
[2022-06-28T09:44:42.062+0000][7][gc          ] GC(154) Pause Remark 87M->87M(256M) 12.949ms
[2022-06-28T09:44:42.062+0000][7][gc,cpu      ] GC(154) User=0.02s Sys=0.00s Real=0.01s
[2022-06-28T09:44:42.062+0000][7][safepoint   ] Safepoint "G1Concurrent", Time since last: 116197609 ns, Reaching safepoint: 23255 ns, At safepoint: 13016387 ns, Total: 13039642 ns
[2022-06-28T09:44:42.062+0000][7][gc,marking  ] GC(154) Concurrent Mark 128.485ms
[2022-06-28T09:44:42.062+0000][7][gc,marking  ] GC(154) Concurrent Rebuild Remembered Sets
[2022-06-28T09:44:42.127+0000][7][gc,marking  ] GC(154) Concurrent Rebuild Remembered Sets 64.365ms
[2022-06-28T09:44:42.127+0000][7][gc,start    ] GC(154) Pause Cleanup
[2022-06-28T09:44:42.127+0000][7][gc          ] GC(154) Pause Cleanup 87M->87M(256M) 0.046ms
[2022-06-28T09:44:42.127+0000][7][gc,cpu      ] GC(154) User=0.00s Sys=0.00s Real=0.00s
[2022-06-28T09:44:42.127+0000][7][safepoint   ] Safepoint "G1Concurrent", Time since last: 64471808 ns, Reaching safepoint: 21026 ns, At safepoint: 86584 ns, Total: 107610 ns
[2022-06-28T09:44:42.127+0000][7][gc,marking  ] GC(154) Concurrent Cleanup for Next Mark
[2022-06-28T09:44:42.127+0000][7][gc,marking  ] GC(154) Concurrent Cleanup for Next Mark 0.642ms
[2022-06-28T09:44:42.127+0000][7][gc          ] GC(154) Concurrent Mark Cycle 194.450ms
[2022-06-28T09:46:47.047+0000][7][gc,start    ] GC(155) Pause Young (Normal) (G1 Evacuation Pause)
[2022-06-28T09:46:47.047+0000][7][gc,task     ] GC(155) Using 1 workers of 1 for evacuation
[2022-06-28T09:46:47.047+0000][7][gc,age      ] GC(155) Desired survivor size 8388608 bytes, new threshold 15 (max threshold 15)
[2022-06-28T09:46:47.050+0000][7][gc,phases   ] GC(155)   Pre Evacuate Collection Set: 0.0ms
[2022-06-28T09:46:47.050+0000][7][gc,phases   ] GC(155)   Merge Heap Roots: 0.0ms
[2022-06-28T09:46:47.050+0000][7][gc,phases   ] GC(155)   Evacuate Collection Set: 1.5ms
[2022-06-28T09:46:47.050+0000][7][gc,phases   ] GC(155)   Post Evacuate Collection Set: 0.9ms
[2022-06-28T09:46:47.050+0000][7][gc,phases   ] GC(155)   Other: 0.1ms
[2022-06-28T09:46:47.050+0000][7][gc,age      ] GC(155) Age table with threshold 15 (max threshold 15)
[2022-06-28T09:46:47.050+0000][7][gc,age      ] GC(155) - age   1:      10456 bytes,      10456 total
[2022-06-28T09:46:47.050+0000][7][gc,age      ] GC(155) - age   2:        200 bytes,      10656 total
[2022-06-28T09:46:47.050+0000][7][gc,age      ] GC(155) - age   3:        344 bytes,      11000 total
[2022-06-28T09:46:47.050+0000][7][gc,age      ] GC(155) - age   4:        200 bytes,      11200 total
[2022-06-28T09:46:47.050+0000][7][gc,age      ] GC(155) - age   7:        104 bytes,      11304 total
[2022-06-28T09:46:47.050+0000][7][gc,age      ] GC(155) - age  11:        288 bytes,      11592 total
[2022-06-28T09:46:47.050+0000][7][gc,heap     ] GC(155) Eden regions: 29->0(29)
[2022-06-28T09:46:47.050+0000][7][gc,heap     ] GC(155) Survivor regions: 1->1(4)
[2022-06-28T09:46:47.050+0000][7][gc,heap     ] GC(155) Old regions: 19->19
[2022-06-28T09:46:47.050+0000][7][gc,heap     ] GC(155) Archive regions: 2->2
[2022-06-28T09:46:47.050+0000][7][gc,heap     ] GC(155) Humongous regions: 2->2
[2022-06-28T09:46:47.050+0000][7][gc,metaspace] GC(155) Metaspace: 102445K(106432K)->102445K(106432K) NonClass: 88762K(90944K)->88762K(90944K) Class: 13682K(15488K)->13682K(15488K)
[2022-06-28T09:46:47.050+0000][7][gc          ] GC(155) Pause Young (Normal) (G1 Evacuation Pause) 201M->85M(256M) 2.707ms
[2022-06-28T09:46:47.050+0000][7][gc,cpu      ] GC(155) User=0.01s Sys=0.00s Real=0.00s
[2022-06-28T09:46:47.050+0000][7][safepoint   ] Safepoint "G1CollectForAllocation", Time since last: 124920401141 ns, Reaching safepoint: 25512 ns, At safepoint: 2750456 ns, Total: 2775968 ns
[2022-06-28T09:48:52.158+0000][7][gc,start    ] GC(156) Pause Young (Concurrent Start) (G1 Evacuation Pause)
[2022-06-28T09:48:52.158+0000][7][gc,task     ] GC(156) Using 1 workers of 1 for evacuation
[2022-06-28T09:48:52.158+0000][7][gc,age      ] GC(156) Desired survivor size 8388608 bytes, new threshold 15 (max threshold 15)
[2022-06-28T09:48:52.161+0000][7][gc,phases   ] GC(156)   Pre Evacuate Collection Set: 0.2ms
[2022-06-28T09:48:52.161+0000][7][gc,phases   ] GC(156)   Merge Heap Roots: 0.0ms
[2022-06-28T09:48:52.161+0000][7][gc,phases   ] GC(156)   Evacuate Collection Set: 1.4ms
[2022-06-28T09:48:52.161+0000][7][gc,phases   ] GC(156)   Post Evacuate Collection Set: 0.8ms
[2022-06-28T09:48:52.161+0000][7][gc,phases   ] GC(156)   Other: 0.1ms
[2022-06-28T09:48:52.161+0000][7][gc,age      ] GC(156) Age table with threshold 15 (max threshold 15)
[2022-06-28T09:48:52.161+0000][7][gc,age      ] GC(156) - age   1:       9864 bytes,       9864 total
[2022-06-28T09:48:52.161+0000][7][gc,age      ] GC(156) - age   2:        576 bytes,      10440 total
[2022-06-28T09:48:52.161+0000][7][gc,age      ] GC(156) - age   3:        200 bytes,      10640 total
[2022-06-28T09:48:52.161+0000][7][gc,age      ] GC(156) - age   4:        344 bytes,      10984 total
[2022-06-28T09:48:52.161+0000][7][gc,age      ] GC(156) - age   5:        200 bytes,      11184 total
[2022-06-28T09:48:52.161+0000][7][gc,age      ] GC(156) - age   8:        104 bytes,      11288 total
[2022-06-28T09:48:52.161+0000][7][gc,age      ] GC(156) - age  12:        288 bytes,      11576 total
[2022-06-28T09:48:52.161+0000][7][gc,heap     ] GC(156) Eden regions: 29->0(29)
[2022-06-28T09:48:52.161+0000][7][gc,heap     ] GC(156) Survivor regions: 1->1(4)
[2022-06-28T09:48:52.161+0000][7][gc,heap     ] GC(156) Old regions: 19->19
[2022-06-28T09:48:52.161+0000][7][gc,heap     ] GC(156) Archive regions: 2->2
[2022-06-28T09:48:52.161+0000][7][gc,heap     ] GC(156) Humongous regions: 2->2
[2022-06-28T09:48:52.161+0000][7][gc,metaspace] GC(156) Metaspace: 102445K(106432K)->102445K(106432K) NonClass: 88762K(90944K)->88762K(90944K) Class: 13682K(15488K)->13682K(15488K)
[2022-06-28T09:48:52.161+0000][7][gc          ] GC(156) Pause Young (Concurrent Start) (G1 Evacuation Pause) 201M->85M(256M) 2.789ms
[2022-06-28T09:48:52.161+0000][7][gc,cpu      ] GC(156) User=0.00s Sys=0.00s Real=0.00s
[2022-06-28T09:48:52.161+0000][7][safepoint   ] Safepoint "G1CollectForAllocation", Time since last: 125108351042 ns, Reaching safepoint: 27355 ns, At safepoint: 2843581 ns, Total: 2870936 ns
[2022-06-28T09:48:52.161+0000][7][gc          ] GC(157) Concurrent Mark Cycle
[2022-06-28T09:48:52.161+0000][7][gc,marking  ] GC(157) Concurrent Clear Claimed Marks
[2022-06-28T09:48:52.161+0000][7][gc,marking  ] GC(157) Concurrent Clear Claimed Marks 0.038ms
[2022-06-28T09:48:52.161+0000][7][gc,marking  ] GC(157) Concurrent Scan Root Regions
[2022-06-28T09:48:52.162+0000][7][gc,marking  ] GC(157) Concurrent Scan Root Regions 0.693ms
[2022-06-28T09:48:52.162+0000][7][gc,marking  ] GC(157) Concurrent Mark
[2022-06-28T09:48:52.162+0000][7][gc,marking  ] GC(157) Concurrent Mark From Roots
[2022-06-28T09:48:52.162+0000][7][gc,task     ] GC(157) Using 1 workers of 1 for marking
[2022-06-28T09:48:52.278+0000][7][gc,marking  ] GC(157) Concurrent Mark From Roots 115.863ms
[2022-06-28T09:48:52.278+0000][7][gc,marking  ] GC(157) Concurrent Preclean
[2022-06-28T09:48:52.278+0000][7][gc,marking  ] GC(157) Concurrent Preclean 0.111ms
[2022-06-28T09:48:52.278+0000][7][gc,start    ] GC(157) Pause Remark
[2022-06-28T09:48:52.291+0000][7][gc          ] GC(157) Pause Remark 87M->87M(256M) 12.721ms
[2022-06-28T09:48:52.291+0000][7][gc,cpu      ] GC(157) User=0.01s Sys=0.00s Real=0.01s
[2022-06-28T09:48:52.291+0000][7][safepoint   ] Safepoint "G1Concurrent", Time since last: 116875919 ns, Reaching safepoint: 24418 ns, At safepoint: 12783982 ns, Total: 12808400 ns
[2022-06-28T09:48:52.291+0000][7][gc,marking  ] GC(157) Concurrent Mark 128.901ms
[2022-06-28T09:48:52.291+0000][7][gc,marking  ] GC(157) Concurrent Rebuild Remembered Sets
[2022-06-28T09:48:52.357+0000][7][gc,marking  ] GC(157) Concurrent Rebuild Remembered Sets 65.667ms
[2022-06-28T09:48:52.357+0000][7][gc,start    ] GC(157) Pause Cleanup
[2022-06-28T09:48:52.357+0000][7][gc          ] GC(157) Pause Cleanup 87M->87M(256M) 0.049ms
[2022-06-28T09:48:52.357+0000][7][gc,cpu      ] GC(157) User=0.00s Sys=0.00s Real=0.00s
[2022-06-28T09:48:52.357+0000][7][safepoint   ] Safepoint "G1Concurrent", Time since last: 65759208 ns, Reaching safepoint: 22265 ns, At safepoint: 84164 ns, Total: 106429 ns
[2022-06-28T09:48:52.357+0000][7][gc,marking  ] GC(157) Concurrent Cleanup for Next Mark
[2022-06-28T09:48:52.357+0000][7][gc,marking  ] GC(157) Concurrent Cleanup for Next Mark 0.641ms
[2022-06-28T09:48:52.357+0000][7][gc          ] GC(157) Concurrent Mark Cycle 196.182ms
[2022-06-28T09:50:57.274+0000][7][gc,start    ] GC(158) Pause Young (Normal) (G1 Evacuation Pause)
[2022-06-28T09:50:57.274+0000][7][gc,task     ] GC(158) Using 1 workers of 1 for evacuation
[2022-06-28T09:50:57.274+0000][7][gc,age      ] GC(158) Desired survivor size 8388608 bytes, new threshold 15 (max threshold 15)
[2022-06-28T09:50:57.277+0000][7][gc,phases   ] GC(158)   Pre Evacuate Collection Set: 0.1ms
[2022-06-28T09:50:57.277+0000][7][gc,phases   ] GC(158)   Merge Heap Roots: 0.1ms
[2022-06-28T09:50:57.277+0000][7][gc,phases   ] GC(158)   Evacuate Collection Set: 1.5ms
[2022-06-28T09:50:57.277+0000][7][gc,phases   ] GC(158)   Post Evacuate Collection Set: 0.8ms
[2022-06-28T09:50:57.277+0000][7][gc,phases   ] GC(158)   Other: 0.1ms
[2022-06-28T09:50:57.277+0000][7][gc,age      ] GC(158) Age table with threshold 15 (max threshold 15)
[2022-06-28T09:50:57.277+0000][7][gc,age      ] GC(158) - age   1:      10856 bytes,      10856 total
[2022-06-28T09:50:57.277+0000][7][gc,age      ] GC(158) - age   2:        200 bytes,      11056 total
[2022-06-28T09:50:57.277+0000][7][gc,age      ] GC(158) - age   3:        576 bytes,      11632 total
[2022-06-28T09:50:57.277+0000][7][gc,age      ] GC(158) - age   4:        200 bytes,      11832 total
[2022-06-28T09:50:57.277+0000][7][gc,age      ] GC(158) - age   5:        344 bytes,      12176 total
[2022-06-28T09:50:57.277+0000][7][gc,age      ] GC(158) - age   9:        104 bytes,      12280 total
[2022-06-28T09:50:57.277+0000][7][gc,age      ] GC(158) - age  13:        288 bytes,      12568 total
[2022-06-28T09:50:57.277+0000][7][gc,heap     ] GC(158) Eden regions: 29->0(29)
[2022-06-28T09:50:57.277+0000][7][gc,heap     ] GC(158) Survivor regions: 1->1(4)
[2022-06-28T09:50:57.277+0000][7][gc,heap     ] GC(158) Old regions: 19->19
[2022-06-28T09:50:57.277+0000][7][gc,heap     ] GC(158) Archive regions: 2->2
[2022-06-28T09:50:57.277+0000][7][gc,heap     ] GC(158) Humongous regions: 2->2
[2022-06-28T09:50:57.277+0000][7][gc,metaspace] GC(158) Metaspace: 102445K(106432K)->102445K(106432K) NonClass: 88762K(90944K)->88762K(90944K) Class: 13682K(15488K)->13682K(15488K)
[2022-06-28T09:50:57.277+0000][7][gc          ] GC(158) Pause Young (Normal) (G1 Evacuation Pause) 201M->85M(256M) 2.722ms
[2022-06-28T09:50:57.277+0000][7][gc,cpu      ] GC(158) User=0.00s Sys=0.00s Real=0.01s
[2022-06-28T09:50:57.277+0000][7][safepoint   ] Safepoint "G1CollectForAllocation", Time since last: 124917578568 ns, Reaching safepoint: 25611 ns, At safepoint: 2776421 ns, Total: 2802032 ns
[2022-06-28T09:53:02.385+0000][7][gc,start    ] GC(159) Pause Young (Concurrent Start) (G1 Evacuation Pause)
[2022-06-28T09:53:02.385+0000][7][gc,task     ] GC(159) Using 1 workers of 1 for evacuation
[2022-06-28T09:53:02.385+0000][7][gc,age      ] GC(159) Desired survivor size 8388608 bytes, new threshold 15 (max threshold 15)
[2022-06-28T09:53:02.387+0000][7][gc,phases   ] GC(159)   Pre Evacuate Collection Set: 0.2ms
[2022-06-28T09:53:02.387+0000][7][gc,phases   ] GC(159)   Merge Heap Roots: 0.0ms
[2022-06-28T09:53:02.387+0000][7][gc,phases   ] GC(159)   Evacuate Collection Set: 1.5ms
[2022-06-28T09:53:02.387+0000][7][gc,phases   ] GC(159)   Post Evacuate Collection Set: 0.8ms
[2022-06-28T09:53:02.387+0000][7][gc,phases   ] GC(159)   Other: 0.1ms
[2022-06-28T09:53:02.387+0000][7][gc,age      ] GC(159) Age table with threshold 15 (max threshold 15)
[2022-06-28T09:53:02.387+0000][7][gc,age      ] GC(159) - age   1:       9864 bytes,       9864 total
[2022-06-28T09:53:02.388+0000][7][gc,age      ] GC(159) - age   2:       1248 bytes,      11112 total
[2022-06-28T09:53:02.388+0000][7][gc,age      ] GC(159) - age   3:        200 bytes,      11312 total
[2022-06-28T09:53:02.388+0000][7][gc,age      ] GC(159) - age   4:        576 bytes,      11888 total
[2022-06-28T09:53:02.388+0000][7][gc,age      ] GC(159) - age   5:        200 bytes,      12088 total
[2022-06-28T09:53:02.388+0000][7][gc,age      ] GC(159) - age   6:        144 bytes,      12232 total
[2022-06-28T09:53:02.388+0000][7][gc,age      ] GC(159) - age  10:        104 bytes,      12336 total
[2022-06-28T09:53:02.388+0000][7][gc,age      ] GC(159) - age  14:        288 bytes,      12624 total
[2022-06-28T09:53:02.388+0000][7][gc,heap     ] GC(159) Eden regions: 29->0(29)
[2022-06-28T09:53:02.388+0000][7][gc,heap     ] GC(159) Survivor regions: 1->1(4)
[2022-06-28T09:53:02.388+0000][7][gc,heap     ] GC(159) Old regions: 19->19
[2022-06-28T09:53:02.388+0000][7][gc,heap     ] GC(159) Archive regions: 2->2
[2022-06-28T09:53:02.388+0000][7][gc,heap     ] GC(159) Humongous regions: 2->2
[2022-06-28T09:53:02.388+0000][7][gc,metaspace] GC(159) Metaspace: 102448K(106432K)->102448K(106432K) NonClass: 88765K(90944K)->88765K(90944K) Class: 13682K(15488K)->13682K(15488K)
[2022-06-28T09:53:02.388+0000][7][gc          ] GC(159) Pause Young (Concurrent Start) (G1 Evacuation Pause) 201M->85M(256M) 2.824ms
[2022-06-28T09:53:02.388+0000][7][gc,cpu      ] GC(159) User=0.00s Sys=0.00s Real=0.01s
[2022-06-28T09:53:02.388+0000][7][safepoint   ] Safepoint "G1CollectForAllocation", Time since last: 125107632011 ns, Reaching safepoint: 24922 ns, At safepoint: 2872905 ns, Total: 2897827 ns
[2022-06-28T09:53:02.388+0000][7][gc          ] GC(160) Concurrent Mark Cycle
[2022-06-28T09:53:02.388+0000][7][gc,marking  ] GC(160) Concurrent Clear Claimed Marks
[2022-06-28T09:53:02.388+0000][7][gc,marking  ] GC(160) Concurrent Clear Claimed Marks 0.040ms
[2022-06-28T09:53:02.388+0000][7][gc,marking  ] GC(160) Concurrent Scan Root Regions
[2022-06-28T09:53:02.388+0000][7][gc,marking  ] GC(160) Concurrent Scan Root Regions 0.683ms
[2022-06-28T09:53:02.388+0000][7][gc,marking  ] GC(160) Concurrent Mark
[2022-06-28T09:53:02.388+0000][7][gc,marking  ] GC(160) Concurrent Mark From Roots
[2022-06-28T09:53:02.388+0000][7][gc,task     ] GC(160) Using 1 workers of 1 for marking
[2022-06-28T09:53:02.519+0000][7][gc,marking  ] GC(160) Concurrent Mark From Roots 130.097ms
[2022-06-28T09:53:02.519+0000][7][gc,marking  ] GC(160) Concurrent Preclean
[2022-06-28T09:53:02.519+0000][7][gc,marking  ] GC(160) Concurrent Preclean 0.138ms
[2022-06-28T09:53:02.519+0000][7][gc,start    ] GC(160) Pause Remark
[2022-06-28T09:53:02.532+0000][7][gc          ] GC(160) Pause Remark 87M->87M(256M) 12.967ms
[2022-06-28T09:53:02.532+0000][7][gc,cpu      ] GC(160) User=0.02s Sys=0.00s Real=0.01s
[2022-06-28T09:53:02.532+0000][7][safepoint   ] Safepoint "G1Concurrent", Time since last: 131116002 ns, Reaching safepoint: 24407 ns, At safepoint: 13064794 ns, Total: 13089201 ns
[2022-06-28T09:53:02.532+0000][7][gc,marking  ] GC(160) Concurrent Mark 143.434ms
[2022-06-28T09:53:02.532+0000][7][gc,marking  ] GC(160) Concurrent Rebuild Remembered Sets
[2022-06-28T09:53:02.604+0000][7][gc,marking  ] GC(160) Concurrent Rebuild Remembered Sets 71.976ms
[2022-06-28T09:53:02.604+0000][7][gc,start    ] GC(160) Pause Cleanup
[2022-06-28T09:53:02.604+0000][7][gc          ] GC(160) Pause Cleanup 87M->87M(256M) 0.050ms
[2022-06-28T09:53:02.604+0000][7][gc,cpu      ] GC(160) User=0.00s Sys=0.00s Real=0.00s
[2022-06-28T09:53:02.604+0000][7][safepoint   ] Safepoint "G1Concurrent", Time since last: 72075678 ns, Reaching safepoint: 24029 ns, At safepoint: 85257 ns, Total: 109286 ns
[2022-06-28T09:53:02.604+0000][7][gc,marking  ] GC(160) Concurrent Cleanup for Next Mark
[2022-06-28T09:53:02.605+0000][7][gc,marking  ] GC(160) Concurrent Cleanup for Next Mark 0.659ms
[2022-06-28T09:53:02.605+0000][7][gc          ] GC(160) Concurrent Mark Cycle 217.043ms
[2022-06-28T09:54:37.614+0000][7][safepoint   ] Safepoint "Cleanup", Time since last: 95009519871 ns, Reaching safepoint: 37926 ns, At safepoint: 4332 ns, Total: 42258 ns
[2022-06-28T09:55:07.500+0000][7][gc,start    ] GC(161) Pause Young (Normal) (G1 Evacuation Pause)
[2022-06-28T09:55:07.500+0000][7][gc,task     ] GC(161) Using 1 workers of 1 for evacuation
[2022-06-28T09:55:07.500+0000][7][gc,age      ] GC(161) Desired survivor size 8388608 bytes, new threshold 15 (max threshold 15)
[2022-06-28T09:55:07.502+0000][7][gc,phases   ] GC(161)   Pre Evacuate Collection Set: 0.0ms
[2022-06-28T09:55:07.502+0000][7][gc,phases   ] GC(161)   Merge Heap Roots: 0.0ms
[2022-06-28T09:55:07.502+0000][7][gc,phases   ] GC(161)   Evacuate Collection Set: 1.5ms
[2022-06-28T09:55:07.502+0000][7][gc,phases   ] GC(161)   Post Evacuate Collection Set: 0.8ms
[2022-06-28T09:55:07.502+0000][7][gc,phases   ] GC(161)   Other: 0.1ms
[2022-06-28T09:55:07.502+0000][7][gc,age      ] GC(161) Age table with threshold 15 (max threshold 15)
[2022-06-28T09:55:07.502+0000][7][gc,age      ] GC(161) - age   1:      17088 bytes,      17088 total
[2022-06-28T09:55:07.502+0000][7][gc,age      ] GC(161) - age   3:       1248 bytes,      18336 total
[2022-06-28T09:55:07.502+0000][7][gc,age      ] GC(161) - age   4:        200 bytes,      18536 total
[2022-06-28T09:55:07.502+0000][7][gc,age      ] GC(161) - age   5:        576 bytes,      19112 total
[2022-06-28T09:55:07.502+0000][7][gc,age      ] GC(161) - age   6:        200 bytes,      19312 total
[2022-06-28T09:55:07.502+0000][7][gc,age      ] GC(161) - age   7:        144 bytes,      19456 total
[2022-06-28T09:55:07.502+0000][7][gc,age      ] GC(161) - age  11:        104 bytes,      19560 total
[2022-06-28T09:55:07.502+0000][7][gc,age      ] GC(161) - age  15:        288 bytes,      19848 total
[2022-06-28T09:55:07.502+0000][7][gc,heap     ] GC(161) Eden regions: 29->0(29)
[2022-06-28T09:55:07.502+0000][7][gc,heap     ] GC(161) Survivor regions: 1->1(4)
[2022-06-28T09:55:07.502+0000][7][gc,heap     ] GC(161) Old regions: 19->19
[2022-06-28T09:55:07.502+0000][7][gc,heap     ] GC(161) Archive regions: 2->2
[2022-06-28T09:55:07.502+0000][7][gc,heap     ] GC(161) Humongous regions: 2->2
[2022-06-28T09:55:07.502+0000][7][gc,metaspace] GC(161) Metaspace: 102448K(106432K)->102448K(106432K) NonClass: 88765K(90944K)->88765K(90944K) Class: 13682K(15488K)->13682K(15488K)
[2022-06-28T09:55:07.502+0000][7][gc          ] GC(161) Pause Young (Normal) (G1 Evacuation Pause) 201M->85M(256M) 2.711ms
[2022-06-28T09:55:07.502+0000][7][gc,cpu      ] GC(161) User=0.00s Sys=0.00s Real=0.00s
[2022-06-28T09:55:07.502+0000][7][safepoint   ] Safepoint "G1CollectForAllocation", Time since last: 29885966783 ns, Reaching safepoint: 25139 ns, At safepoint: 2760545 ns, Total: 2785684 ns
[2022-06-28T09:57:12.610+0000][7][gc,start    ] GC(162) Pause Young (Concurrent Start) (G1 Evacuation Pause)
[2022-06-28T09:57:12.611+0000][7][gc,task     ] GC(162) Using 1 workers of 1 for evacuation
[2022-06-28T09:57:12.611+0000][7][gc,age      ] GC(162) Desired survivor size 8388608 bytes, new threshold 15 (max threshold 15)
[2022-06-28T09:57:12.613+0000][7][gc,phases   ] GC(162)   Pre Evacuate Collection Set: 0.2ms
[2022-06-28T09:57:12.613+0000][7][gc,phases   ] GC(162)   Merge Heap Roots: 0.0ms
[2022-06-28T09:57:12.613+0000][7][gc,phases   ] GC(162)   Evacuate Collection Set: 1.5ms
[2022-06-28T09:57:12.613+0000][7][gc,phases   ] GC(162)   Post Evacuate Collection Set: 0.8ms
[2022-06-28T09:57:12.613+0000][7][gc,phases   ] GC(162)   Other: 0.1ms
[2022-06-28T09:57:12.613+0000][7][gc,age      ] GC(162) Age table with threshold 15 (max threshold 15)
[2022-06-28T09:57:12.613+0000][7][gc,age      ] GC(162) - age   1:      10688 bytes,      10688 total
[2022-06-28T09:57:12.613+0000][7][gc,age      ] GC(162) - age   2:       8808 bytes,      19496 total
[2022-06-28T09:57:12.613+0000][7][gc,age      ] GC(162) - age   4:       1248 bytes,      20744 total
[2022-06-28T09:57:12.613+0000][7][gc,age      ] GC(162) - age   7:        200 bytes,      20944 total
[2022-06-28T09:57:12.613+0000][7][gc,age      ] GC(162) - age   8:        144 bytes,      21088 total
[2022-06-28T09:57:12.613+0000][7][gc,age      ] GC(162) - age  12:        104 bytes,      21192 total
[2022-06-28T09:57:12.613+0000][7][gc,heap     ] GC(162) Eden regions: 29->0(29)
[2022-06-28T09:57:12.613+0000][7][gc,heap     ] GC(162) Survivor regions: 1->1(4)
[2022-06-28T09:57:12.613+0000][7][gc,heap     ] GC(162) Old regions: 19->19
[2022-06-28T09:57:12.613+0000][7][gc,heap     ] GC(162) Archive regions: 2->2
[2022-06-28T09:57:12.613+0000][7][gc,heap     ] GC(162) Humongous regions: 2->2
[2022-06-28T09:57:12.613+0000][7][gc,metaspace] GC(162) Metaspace: 102451K(106432K)->102451K(106432K) NonClass: 88769K(90944K)->88769K(90944K) Class: 13682K(15488K)->13682K(15488K)
[2022-06-28T09:57:12.613+0000][7][gc          ] GC(162) Pause Young (Concurrent Start) (G1 Evacuation Pause) 201M->85M(256M) 2.878ms
[2022-06-28T09:57:12.613+0000][7][gc,cpu      ] GC(162) User=0.01s Sys=0.00s Real=0.00s
[2022-06-28T09:57:12.613+0000][7][safepoint   ] Safepoint "G1CollectForAllocation", Time since last: 125108061546 ns, Reaching safepoint: 23547 ns, At safepoint: 2934672 ns, Total: 2958219 ns
[2022-06-28T09:57:12.613+0000][7][gc          ] GC(163) Concurrent Mark Cycle
[2022-06-28T09:57:12.613+0000][7][gc,marking  ] GC(163) Concurrent Clear Claimed Marks
[2022-06-28T09:57:12.613+0000][7][gc,marking  ] GC(163) Concurrent Clear Claimed Marks 0.040ms
[2022-06-28T09:57:12.613+0000][7][gc,marking  ] GC(163) Concurrent Scan Root Regions
[2022-06-28T09:57:12.615+0000][7][gc,marking  ] GC(163) Concurrent Scan Root Regions 1.504ms
[2022-06-28T09:57:12.615+0000][7][gc,marking  ] GC(163) Concurrent Mark
[2022-06-28T09:57:12.615+0000][7][gc,marking  ] GC(163) Concurrent Mark From Roots
[2022-06-28T09:57:12.615+0000][7][gc,task     ] GC(163) Using 1 workers of 1 for marking
[2022-06-28T09:57:12.746+0000][7][gc,marking  ] GC(163) Concurrent Mark From Roots 130.665ms
[2022-06-28T09:57:12.746+0000][7][gc,marking  ] GC(163) Concurrent Preclean
[2022-06-28T09:57:12.746+0000][7][gc,marking  ] GC(163) Concurrent Preclean 0.114ms
[2022-06-28T09:57:12.746+0000][7][gc,start    ] GC(163) Pause Remark
[2022-06-28T09:57:12.760+0000][7][gc          ] GC(163) Pause Remark 87M->87M(256M) 13.958ms
[2022-06-28T09:57:12.760+0000][7][gc,cpu      ] GC(163) User=0.01s Sys=0.00s Real=0.02s
[2022-06-28T09:57:12.760+0000][7][safepoint   ] Safepoint "G1Concurrent", Time since last: 132492403 ns, Reaching safepoint: 25330 ns, At safepoint: 14021413 ns, Total: 14046743 ns
[2022-06-28T09:57:12.760+0000][7][gc,marking  ] GC(163) Concurrent Mark 144.942ms
[2022-06-28T09:57:12.760+0000][7][gc,marking  ] GC(163) Concurrent Rebuild Remembered Sets
[2022-06-28T09:57:12.837+0000][7][gc,marking  ] GC(163) Concurrent Rebuild Remembered Sets 77.363ms
[2022-06-28T09:57:12.837+0000][7][gc,start    ] GC(163) Pause Cleanup
[2022-06-28T09:57:12.837+0000][7][gc          ] GC(163) Pause Cleanup 87M->87M(256M) 0.065ms
[2022-06-28T09:57:12.837+0000][7][gc,cpu      ] GC(163) User=0.00s Sys=0.00s Real=0.00s
[2022-06-28T09:57:12.837+0000][7][safepoint   ] Safepoint "G1Concurrent", Time since last: 77469320 ns, Reaching safepoint: 23026 ns, At safepoint: 101068 ns, Total: 124094 ns
[2022-06-28T09:57:12.838+0000][7][gc,marking  ] GC(163) Concurrent Cleanup for Next Mark
[2022-06-28T09:57:12.838+0000][7][gc,marking  ] GC(163) Concurrent Cleanup for Next Mark 0.702ms
[2022-06-28T09:57:12.838+0000][7][gc          ] GC(163) Concurrent Mark Cycle 224.823ms
[2022-06-28T09:59:17.725+0000][7][gc,start    ] GC(164) Pause Young (Normal) (G1 Evacuation Pause)
[2022-06-28T09:59:17.725+0000][7][gc,task     ] GC(164) Using 1 workers of 1 for evacuation
[2022-06-28T09:59:17.725+0000][7][gc,age      ] GC(164) Desired survivor size 8388608 bytes, new threshold 15 (max threshold 15)
[2022-06-28T09:59:17.728+0000][7][gc,phases   ] GC(164)   Pre Evacuate Collection Set: 0.0ms
[2022-06-28T09:59:17.728+0000][7][gc,phases   ] GC(164)   Merge Heap Roots: 0.0ms
[2022-06-28T09:59:17.728+0000][7][gc,phases   ] GC(164)   Evacuate Collection Set: 1.5ms
[2022-06-28T09:59:17.728+0000][7][gc,phases   ] GC(164)   Post Evacuate Collection Set: 0.8ms
[2022-06-28T09:59:17.728+0000][7][gc,phases   ] GC(164)   Other: 0.1ms
[2022-06-28T09:59:17.728+0000][7][gc,age      ] GC(164) Age table with threshold 15 (max threshold 15)
[2022-06-28T09:59:17.728+0000][7][gc,age      ] GC(164) - age   1:       9864 bytes,       9864 total
[2022-06-28T09:59:17.728+0000][7][gc,age      ] GC(164) - age   2:        856 bytes,      10720 total
[2022-06-28T09:59:17.728+0000][7][gc,age      ] GC(164) - age   3:       8808 bytes,      19528 total
[2022-06-28T09:59:17.728+0000][7][gc,age      ] GC(164) - age   5:       1248 bytes,      20776 total
[2022-06-28T09:59:17.728+0000][7][gc,age      ] GC(164) - age   8:        200 bytes,      20976 total
[2022-06-28T09:59:17.728+0000][7][gc,age      ] GC(164) - age   9:        144 bytes,      21120 total
[2022-06-28T09:59:17.728+0000][7][gc,age      ] GC(164) - age  13:        104 bytes,      21224 total
[2022-06-28T09:59:17.728+0000][7][gc,heap     ] GC(164) Eden regions: 29->0(29)
[2022-06-28T09:59:17.728+0000][7][gc,heap     ] GC(164) Survivor regions: 1->1(4)
[2022-06-28T09:59:17.728+0000][7][gc,heap     ] GC(164) Old regions: 19->19
[2022-06-28T09:59:17.728+0000][7][gc,heap     ] GC(164) Archive regions: 2->2
[2022-06-28T09:59:17.728+0000][7][gc,heap     ] GC(164) Humongous regions: 2->2
[2022-06-28T09:59:17.728+0000][7][gc,metaspace] GC(164) Metaspace: 102451K(106432K)->102451K(106432K) NonClass: 88769K(90944K)->88769K(90944K) Class: 13682K(15488K)->13682K(15488K)
[2022-06-28T09:59:17.728+0000][7][gc          ] GC(164) Pause Young (Normal) (G1 Evacuation Pause) 201M->85M(256M) 2.708ms
[2022-06-28T09:59:17.728+0000][7][gc,cpu      ] GC(164) User=0.00s Sys=0.00s Real=0.01s
[2022-06-28T09:59:17.728+0000][7][safepoint   ] Safepoint "G1CollectForAllocation", Time since last: 124887656693 ns, Reaching safepoint: 25375 ns, At safepoint: 2751105 ns, Total: 2776480 ns
[2022-06-28T10:01:22.836+0000][7][gc,start    ] GC(165) Pause Young (Concurrent Start) (G1 Evacuation Pause)
[2022-06-28T10:01:22.836+0000][7][gc,task     ] GC(165) Using 1 workers of 1 for evacuation
[2022-06-28T10:01:22.836+0000][7][gc,age      ] GC(165) Desired survivor size 8388608 bytes, new threshold 15 (max threshold 15)
[2022-06-28T10:01:22.839+0000][7][gc,phases   ] GC(165)   Pre Evacuate Collection Set: 0.2ms
[2022-06-28T10:01:22.839+0000][7][gc,phases   ] GC(165)   Merge Heap Roots: 0.0ms
[2022-06-28T10:01:22.839+0000][7][gc,phases   ] GC(165)   Evacuate Collection Set: 1.4ms
[2022-06-28T10:01:22.839+0000][7][gc,phases   ] GC(165)   Post Evacuate Collection Set: 0.9ms
[2022-06-28T10:01:22.839+0000][7][gc,phases   ] GC(165)   Other: 0.1ms
[2022-06-28T10:01:22.839+0000][7][gc,age      ] GC(165) Age table with threshold 15 (max threshold 15)
[2022-06-28T10:01:22.839+0000][7][gc,age      ] GC(165) - age   1:       9760 bytes,       9760 total
[2022-06-28T10:01:22.839+0000][7][gc,age      ] GC(165) - age   2:        200 bytes,       9960 total
[2022-06-28T10:01:22.839+0000][7][gc,age      ] GC(165) - age   3:        856 bytes,      10816 total
[2022-06-28T10:01:22.839+0000][7][gc,age      ] GC(165) - age   4:       8808 bytes,      19624 total
[2022-06-28T10:01:22.839+0000][7][gc,age      ] GC(165) - age   6:       1048 bytes,      20672 total
[2022-06-28T10:01:22.839+0000][7][gc,age      ] GC(165) - age   9:        200 bytes,      20872 total
[2022-06-28T10:01:22.839+0000][7][gc,age      ] GC(165) - age  10:        144 bytes,      21016 total
[2022-06-28T10:01:22.839+0000][7][gc,age      ] GC(165) - age  14:        104 bytes,      21120 total
[2022-06-28T10:01:22.839+0000][7][gc,heap     ] GC(165) Eden regions: 29->0(29)
[2022-06-28T10:01:22.839+0000][7][gc,heap     ] GC(165) Survivor regions: 1->1(4)
[2022-06-28T10:01:22.839+0000][7][gc,heap     ] GC(165) Old regions: 19->19
[2022-06-28T10:01:22.839+0000][7][gc,heap     ] GC(165) Archive regions: 2->2
[2022-06-28T10:01:22.839+0000][7][gc,heap     ] GC(165) Humongous regions: 2->2
[2022-06-28T10:01:22.839+0000][7][gc,metaspace] GC(165) Metaspace: 102451K(106432K)->102451K(106432K) NonClass: 88769K(90944K)->88769K(90944K) Class: 13682K(15488K)->13682K(15488K)
[2022-06-28T10:01:22.839+0000][7][gc          ] GC(165) Pause Young (Concurrent Start) (G1 Evacuation Pause) 201M->85M(256M) 2.853ms
[2022-06-28T10:01:22.839+0000][7][gc,cpu      ] GC(165) User=0.00s Sys=0.00s Real=0.00s
[2022-06-28T10:01:22.839+0000][7][safepoint   ] Safepoint "G1CollectForAllocation", Time since last: 125108395914 ns, Reaching safepoint: 26151 ns, At safepoint: 2901671 ns, Total: 2927822 ns
[2022-06-28T10:01:22.839+0000][7][gc          ] GC(166) Concurrent Mark Cycle
[2022-06-28T10:01:22.839+0000][7][gc,marking  ] GC(166) Concurrent Clear Claimed Marks
[2022-06-28T10:01:22.839+0000][7][gc,marking  ] GC(166) Concurrent Clear Claimed Marks 0.040ms
[2022-06-28T10:01:22.839+0000][7][gc,marking  ] GC(166) Concurrent Scan Root Regions
[2022-06-28T10:01:22.840+0000][7][gc,marking  ] GC(166) Concurrent Scan Root Regions 0.678ms
[2022-06-28T10:01:22.840+0000][7][gc,marking  ] GC(166) Concurrent Mark
[2022-06-28T10:01:22.840+0000][7][gc,marking  ] GC(166) Concurrent Mark From Roots
[2022-06-28T10:01:22.840+0000][7][gc,task     ] GC(166) Using 1 workers of 1 for marking
[2022-06-28T10:01:22.956+0000][7][gc,marking  ] GC(166) Concurrent Mark From Roots 115.830ms
[2022-06-28T10:01:22.956+0000][7][gc,marking  ] GC(166) Concurrent Preclean
[2022-06-28T10:01:22.956+0000][7][gc,marking  ] GC(166) Concurrent Preclean 0.111ms
[2022-06-28T10:01:22.956+0000][7][gc,start    ] GC(166) Pause Remark
[2022-06-28T10:01:22.969+0000][7][gc          ] GC(166) Pause Remark 89M->89M(256M) 12.519ms
[2022-06-28T10:01:22.969+0000][7][gc,cpu      ] GC(166) User=0.01s Sys=0.00s Real=0.01s
[2022-06-28T10:01:22.969+0000][7][safepoint   ] Safepoint "G1Concurrent", Time since last: 116815810 ns, Reaching safepoint: 25370 ns, At safepoint: 12578651 ns, Total: 12604021 ns
[2022-06-28T10:01:22.969+0000][7][gc,marking  ] GC(166) Concurrent Mark 128.650ms
[2022-06-28T10:01:22.969+0000][7][gc,marking  ] GC(166) Concurrent Rebuild Remembered Sets
[2022-06-28T10:01:23.034+0000][7][gc,marking  ] GC(166) Concurrent Rebuild Remembered Sets 65.347ms
[2022-06-28T10:01:23.034+0000][7][gc,start    ] GC(166) Pause Cleanup
[2022-06-28T10:01:23.034+0000][7][gc          ] GC(166) Pause Cleanup 89M->89M(256M) 0.049ms
[2022-06-28T10:01:23.034+0000][7][gc,cpu      ] GC(166) User=0.00s Sys=0.00s Real=0.00s
[2022-06-28T10:01:23.034+0000][7][safepoint   ] Safepoint "G1Concurrent", Time since last: 65443045 ns, Reaching safepoint: 23313 ns, At safepoint: 84427 ns, Total: 107740 ns
[2022-06-28T10:01:23.034+0000][7][gc,marking  ] GC(166) Concurrent Cleanup for Next Mark
[2022-06-28T10:01:23.035+0000][7][gc,marking  ] GC(166) Concurrent Cleanup for Next Mark 0.674ms
[2022-06-28T10:01:23.035+0000][7][gc          ] GC(166) Concurrent Mark Cycle 195.642ms
[2022-06-28T10:03:27.953+0000][7][gc,start    ] GC(167) Pause Young (Normal) (G1 Evacuation Pause)
[2022-06-28T10:03:27.953+0000][7][gc,task     ] GC(167) Using 1 workers of 1 for evacuation
[2022-06-28T10:03:27.953+0000][7][gc,age      ] GC(167) Desired survivor size 8388608 bytes, new threshold 15 (max threshold 15)
[2022-06-28T10:03:27.956+0000][7][gc,phases   ] GC(167)   Pre Evacuate Collection Set: 0.1ms
[2022-06-28T10:03:27.956+0000][7][gc,phases   ] GC(167)   Merge Heap Roots: 0.0ms
[2022-06-28T10:03:27.956+0000][7][gc,phases   ] GC(167)   Evacuate Collection Set: 1.5ms
[2022-06-28T10:03:27.956+0000][7][gc,phases   ] GC(167)   Post Evacuate Collection Set: 0.9ms
[2022-06-28T10:03:27.956+0000][7][gc,phases   ] GC(167)   Other: 0.1ms
[2022-06-28T10:03:27.956+0000][7][gc,age      ] GC(167) Age table with threshold 15 (max threshold 15)
[2022-06-28T10:03:27.956+0000][7][gc,age      ] GC(167) - age   1:       9864 bytes,       9864 total
[2022-06-28T10:03:27.956+0000][7][gc,age      ] GC(167) - age   2:        200 bytes,      10064 total
[2022-06-28T10:03:27.956+0000][7][gc,age      ] GC(167) - age   3:        200 bytes,      10264 total
[2022-06-28T10:03:27.956+0000][7][gc,age      ] GC(167) - age   4:        856 bytes,      11120 total
[2022-06-28T10:03:27.956+0000][7][gc,age      ] GC(167) - age   5:       8608 bytes,      19728 total
[2022-06-28T10:03:27.956+0000][7][gc,age      ] GC(167) - age   7:       1048 bytes,      20776 total
[2022-06-28T10:03:27.956+0000][7][gc,age      ] GC(167) - age  10:        200 bytes,      20976 total
[2022-06-28T10:03:27.956+0000][7][gc,age      ] GC(167) - age  11:        144 bytes,      21120 total
[2022-06-28T10:03:27.956+0000][7][gc,age      ] GC(167) - age  15:        104 bytes,      21224 total
[2022-06-28T10:03:27.956+0000][7][gc,heap     ] GC(167) Eden regions: 29->0(29)
[2022-06-28T10:03:27.956+0000][7][gc,heap     ] GC(167) Survivor regions: 1->1(4)
[2022-06-28T10:03:27.956+0000][7][gc,heap     ] GC(167) Old regions: 19->19
[2022-06-28T10:03:27.956+0000][7][gc,heap     ] GC(167) Archive regions: 2->2
[2022-06-28T10:03:27.956+0000][7][gc,heap     ] GC(167) Humongous regions: 2->2
[2022-06-28T10:03:27.956+0000][7][gc,metaspace] GC(167) Metaspace: 102451K(106432K)->102451K(106432K) NonClass: 88769K(90944K)->88769K(90944K) Class: 13682K(15488K)->13682K(15488K)
[2022-06-28T10:03:27.956+0000][7][gc          ] GC(167) Pause Young (Normal) (G1 Evacuation Pause) 201M->85M(256M) 2.717ms
[2022-06-28T10:03:27.956+0000][7][gc,cpu      ] GC(167) User=0.00s Sys=0.00s Real=0.01s
[2022-06-28T10:03:27.956+0000][7][safepoint   ] Safepoint "G1CollectForAllocation", Time since last: 124918851823 ns, Reaching safepoint: 25685 ns, At safepoint: 2755913 ns, Total: 2781598 ns
[2022-06-28T10:05:33.064+0000][7][gc,start    ] GC(168) Pause Young (Concurrent Start) (G1 Evacuation Pause)
[2022-06-28T10:05:33.064+0000][7][gc,task     ] GC(168) Using 1 workers of 1 for evacuation
[2022-06-28T10:05:33.064+0000][7][gc,age      ] GC(168) Desired survivor size 8388608 bytes, new threshold 15 (max threshold 15)
[2022-06-28T10:05:33.067+0000][7][gc,phases   ] GC(168)   Pre Evacuate Collection Set: 0.2ms
[2022-06-28T10:05:33.067+0000][7][gc,phases   ] GC(168)   Merge Heap Roots: 0.0ms
[2022-06-28T10:05:33.067+0000][7][gc,phases   ] GC(168)   Evacuate Collection Set: 2.6ms
[2022-06-28T10:05:33.067+0000][7][gc,phases   ] GC(168)   Post Evacuate Collection Set: 0.8ms
[2022-06-28T10:05:33.067+0000][7][gc,phases   ] GC(168)   Other: 0.1ms
[2022-06-28T10:05:33.067+0000][7][gc,age      ] GC(168) Age table with threshold 15 (max threshold 15)
[2022-06-28T10:05:33.067+0000][7][gc,age      ] GC(168) - age   1:       9840 bytes,       9840 total
[2022-06-28T10:05:33.067+0000][7][gc,age      ] GC(168) - age   2:        200 bytes,      10040 total
[2022-06-28T10:05:33.067+0000][7][gc,age      ] GC(168) - age   3:        200 bytes,      10240 total
[2022-06-28T10:05:33.067+0000][7][gc,age      ] GC(168) - age   4:        200 bytes,      10440 total
[2022-06-28T10:05:33.067+0000][7][gc,age      ] GC(168) - age   5:        856 bytes,      11296 total
[2022-06-28T10:05:33.067+0000][7][gc,age      ] GC(168) - age   6:       8608 bytes,      19904 total
[2022-06-28T10:05:33.067+0000][7][gc,age      ] GC(168) - age   8:       1048 bytes,      20952 total
[2022-06-28T10:05:33.067+0000][7][gc,age      ] GC(168) - age  12:        144 bytes,      21096 total
[2022-06-28T10:05:33.067+0000][7][gc,heap     ] GC(168) Eden regions: 29->0(29)
[2022-06-28T10:05:33.067+0000][7][gc,heap     ] GC(168) Survivor regions: 1->1(4)
[2022-06-28T10:05:33.068+0000][7][gc,heap     ] GC(168) Old regions: 19->19
[2022-06-28T10:05:33.068+0000][7][gc,heap     ] GC(168) Archive regions: 2->2
[2022-06-28T10:05:33.068+0000][7][gc,heap     ] GC(168) Humongous regions: 2->2
[2022-06-28T10:05:33.068+0000][7][gc,metaspace] GC(168) Metaspace: 102451K(106432K)->102451K(106432K) NonClass: 88769K(90944K)->88769K(90944K) Class: 13682K(15488K)->13682K(15488K)
[2022-06-28T10:05:33.068+0000][7][gc          ] GC(168) Pause Young (Concurrent Start) (G1 Evacuation Pause) 201M->85M(256M) 3.990ms
[2022-06-28T10:05:33.068+0000][7][gc,cpu      ] GC(168) User=0.01s Sys=0.00s Real=0.01s
[2022-06-28T10:05:33.068+0000][7][safepoint   ] Safepoint "G1CollectForAllocation", Time since last: 125107661978 ns, Reaching safepoint: 25904 ns, At safepoint: 4042194 ns, Total: 4068098 ns
[2022-06-28T10:05:33.071+0000][7][gc          ] GC(169) Concurrent Mark Cycle
[2022-06-28T10:05:33.071+0000][7][gc,marking  ] GC(169) Concurrent Clear Claimed Marks
[2022-06-28T10:05:33.071+0000][7][gc,marking  ] GC(169) Concurrent Clear Claimed Marks 0.041ms
[2022-06-28T10:05:33.071+0000][7][gc,marking  ] GC(169) Concurrent Scan Root Regions
[2022-06-28T10:05:33.071+0000][7][gc,marking  ] GC(169) Concurrent Scan Root Regions 0.731ms
[2022-06-28T10:05:33.071+0000][7][gc,marking  ] GC(169) Concurrent Mark
[2022-06-28T10:05:33.071+0000][7][gc,marking  ] GC(169) Concurrent Mark From Roots
[2022-06-28T10:05:33.071+0000][7][gc,task     ] GC(169) Using 1 workers of 1 for marking
[2022-06-28T10:05:33.197+0000][7][gc,marking  ] GC(169) Concurrent Mark From Roots 125.317ms
[2022-06-28T10:05:33.197+0000][7][gc,marking  ] GC(169) Concurrent Preclean
[2022-06-28T10:05:33.197+0000][7][gc,marking  ] GC(169) Concurrent Preclean 0.118ms
[2022-06-28T10:05:33.197+0000][7][gc,start    ] GC(169) Pause Remark
[2022-06-28T10:05:33.210+0000][7][gc          ] GC(169) Pause Remark 87M->87M(256M) 13.001ms
[2022-06-28T10:05:33.210+0000][7][gc,cpu      ] GC(169) User=0.02s Sys=0.00s Real=0.01s
[2022-06-28T10:05:33.210+0000][7][safepoint   ] Safepoint "G1Concurrent", Time since last: 129293980 ns, Reaching safepoint: 24365 ns, At safepoint: 13067507 ns, Total: 13091872 ns
[2022-06-28T10:05:33.210+0000][7][gc,marking  ] GC(169) Concurrent Mark 138.632ms
[2022-06-28T10:05:33.210+0000][7][gc,marking  ] GC(169) Concurrent Rebuild Remembered Sets
[2022-06-28T10:05:33.277+0000][7][gc,marking  ] GC(169) Concurrent Rebuild Remembered Sets 66.763ms
[2022-06-28T10:05:33.277+0000][7][gc,start    ] GC(169) Pause Cleanup
[2022-06-28T10:05:33.277+0000][7][gc          ] GC(169) Pause Cleanup 87M->87M(256M) 0.049ms
[2022-06-28T10:05:33.277+0000][7][gc,cpu      ] GC(169) User=0.00s Sys=0.00s Real=0.00s
[2022-06-28T10:05:33.277+0000][7][safepoint   ] Safepoint "G1Concurrent", Time since last: 66859728 ns, Reaching safepoint: 21836 ns, At safepoint: 84679 ns, Total: 106515 ns
[2022-06-28T10:05:33.277+0000][7][gc,marking  ] GC(169) Concurrent Cleanup for Next Mark
[2022-06-28T10:05:33.278+0000][7][gc,marking  ] GC(169) Concurrent Cleanup for Next Mark 0.658ms
[2022-06-28T10:05:33.278+0000][7][gc          ] GC(169) Concurrent Mark Cycle 207.082ms
[2022-06-28T10:06:35.283+0000][7][safepoint   ] Safepoint "Cleanup", Time since last: 62006336484 ns, Reaching safepoint: 37173 ns, At safepoint: 4396 ns, Total: 41569 ns
[2022-06-28T10:07:05.287+0000][7][safepoint   ] Safepoint "Cleanup", Time since last: 30003196490 ns, Reaching safepoint: 39490 ns, At safepoint: 4998 ns, Total: 44488 ns
[2022-06-28T10:07:35.290+0000][7][safepoint   ] Safepoint "Cleanup", Time since last: 30003163657 ns, Reaching safepoint: 40257 ns, At safepoint: 4977 ns, Total: 45234 ns
[2022-06-28T10:07:38.182+0000][7][gc,start    ] GC(170) Pause Young (Normal) (G1 Evacuation Pause)
[2022-06-28T10:07:38.182+0000][7][gc,task     ] GC(170) Using 1 workers of 1 for evacuation
[2022-06-28T10:07:38.182+0000][7][gc,age      ] GC(170) Desired survivor size 8388608 bytes, new threshold 15 (max threshold 15)
[2022-06-28T10:07:38.185+0000][7][gc,phases   ] GC(170)   Pre Evacuate Collection Set: 0.0ms
[2022-06-28T10:07:38.185+0000][7][gc,phases   ] GC(170)   Merge Heap Roots: 0.0ms
[2022-06-28T10:07:38.185+0000][7][gc,phases   ] GC(170)   Evacuate Collection Set: 1.5ms
[2022-06-28T10:07:38.185+0000][7][gc,phases   ] GC(170)   Post Evacuate Collection Set: 1.1ms
[2022-06-28T10:07:38.185+0000][7][gc,phases   ] GC(170)   Other: 0.1ms
[2022-06-28T10:07:38.185+0000][7][gc,age      ] GC(170) Age table with threshold 15 (max threshold 15)
[2022-06-28T10:07:38.185+0000][7][gc,age      ] GC(170) - age   1:      10336 bytes,      10336 total
[2022-06-28T10:07:38.185+0000][7][gc,age      ] GC(170) - age   2:        200 bytes,      10536 total
[2022-06-28T10:07:38.185+0000][7][gc,age      ] GC(170) - age   3:        200 bytes,      10736 total
[2022-06-28T10:07:38.185+0000][7][gc,age      ] GC(170) - age   4:        200 bytes,      10936 total
[2022-06-28T10:07:38.185+0000][7][gc,age      ] GC(170) - age   6:        280 bytes,      11216 total
[2022-06-28T10:07:38.185+0000][7][gc,age      ] GC(170) - age   7:       8608 bytes,      19824 total
[2022-06-28T10:07:38.185+0000][7][gc,age      ] GC(170) - age   9:       1048 bytes,      20872 total
[2022-06-28T10:07:38.185+0000][7][gc,age      ] GC(170) - age  13:        144 bytes,      21016 total
[2022-06-28T10:07:38.185+0000][7][gc,heap     ] GC(170) Eden regions: 29->0(29)
[2022-06-28T10:07:38.185+0000][7][gc,heap     ] GC(170) Survivor regions: 1->1(4)
[2022-06-28T10:07:38.185+0000][7][gc,heap     ] GC(170) Old regions: 19->19
[2022-06-28T10:07:38.185+0000][7][gc,heap     ] GC(170) Archive regions: 2->2
[2022-06-28T10:07:38.185+0000][7][gc,heap     ] GC(170) Humongous regions: 2->2
[2022-06-28T10:07:38.185+0000][7][gc,metaspace] GC(170) Metaspace: 102458K(106432K)->102458K(106432K) NonClass: 88775K(90944K)->88775K(90944K) Class: 13682K(15488K)->13682K(15488K)
[2022-06-28T10:07:38.185+0000][7][gc          ] GC(170) Pause Young (Normal) (G1 Evacuation Pause) 201M->85M(256M) 3.011ms
[2022-06-28T10:07:38.185+0000][7][gc,cpu      ] GC(170) User=0.00s Sys=0.00s Real=0.00s
[2022-06-28T10:07:38.185+0000][7][safepoint   ] Safepoint "G1CollectForAllocation", Time since last: 2891938062 ns, Reaching safepoint: 25152 ns, At safepoint: 3055217 ns, Total: 3080369 ns
[2022-06-28T10:08:35.191+0000][7][safepoint   ] Safepoint "Cleanup", Time since last: 57005788963 ns, Reaching safepoint: 41474 ns, At safepoint: 4461 ns, Total: 45935 ns
[2022-06-28T10:09:40.293+0000][7][gc,start    ] GC(171) Pause Young (Concurrent Start) (G1 Evacuation Pause)
[2022-06-28T10:09:40.293+0000][7][gc,task     ] GC(171) Using 1 workers of 1 for evacuation
[2022-06-28T10:09:40.293+0000][7][gc,age      ] GC(171) Desired survivor size 8388608 bytes, new threshold 15 (max threshold 15)
[2022-06-28T10:09:40.295+0000][7][gc,phases   ] GC(171)   Pre Evacuate Collection Set: 0.2ms
[2022-06-28T10:09:40.295+0000][7][gc,phases   ] GC(171)   Merge Heap Roots: 0.0ms
[2022-06-28T10:09:40.295+0000][7][gc,phases   ] GC(171)   Evacuate Collection Set: 1.4ms
[2022-06-28T10:09:40.295+0000][7][gc,phases   ] GC(171)   Post Evacuate Collection Set: 0.9ms
[2022-06-28T10:09:40.295+0000][7][gc,phases   ] GC(171)   Other: 0.1ms
[2022-06-28T10:09:40.295+0000][7][gc,age      ] GC(171) Age table with threshold 15 (max threshold 15)
[2022-06-28T10:09:40.295+0000][7][gc,age      ] GC(171) - age   1:       8312 bytes,       8312 total
[2022-06-28T10:09:40.295+0000][7][gc,age      ] GC(171) - age   2:        576 bytes,       8888 total
[2022-06-28T10:09:40.295+0000][7][gc,age      ] GC(171) - age   3:        200 bytes,       9088 total
[2022-06-28T10:09:40.295+0000][7][gc,age      ] GC(171) - age   4:        200 bytes,       9288 total
[2022-06-28T10:09:40.295+0000][7][gc,age      ] GC(171) - age   5:        200 bytes,       9488 total
[2022-06-28T10:09:40.295+0000][7][gc,age      ] GC(171) - age   7:        280 bytes,       9768 total
[2022-06-28T10:09:40.295+0000][7][gc,age      ] GC(171) - age   8:       8608 bytes,      18376 total
[2022-06-28T10:09:40.295+0000][7][gc,age      ] GC(171) - age  10:       1048 bytes,      19424 total
[2022-06-28T10:09:40.295+0000][7][gc,age      ] GC(171) - age  14:        144 bytes,      19568 total
[2022-06-28T10:09:40.295+0000][7][gc,heap     ] GC(171) Eden regions: 29->0(29)
[2022-06-28T10:09:40.295+0000][7][gc,heap     ] GC(171) Survivor regions: 1->1(4)
[2022-06-28T10:09:40.295+0000][7][gc,heap     ] GC(171) Old regions: 19->19
[2022-06-28T10:09:40.295+0000][7][gc,heap     ] GC(171) Archive regions: 2->2
[2022-06-28T10:09:40.295+0000][7][gc,heap     ] GC(171) Humongous regions: 2->2
[2022-06-28T10:09:40.295+0000][7][gc,metaspace] GC(171) Metaspace: 102462K(106432K)->102462K(106432K) NonClass: 88779K(90944K)->88779K(90944K) Class: 13682K(15488K)->13682K(15488K)
[2022-06-28T10:09:40.295+0000][7][gc          ] GC(171) Pause Young (Concurrent Start) (G1 Evacuation Pause) 201M->85M(256M) 2.819ms
[2022-06-28T10:09:40.295+0000][7][gc,cpu      ] GC(171) User=0.00s Sys=0.00s Real=0.01s
[2022-06-28T10:09:40.295+0000][7][safepoint   ] Safepoint "G1CollectForAllocation", Time since last: 65101773367 ns, Reaching safepoint: 157409 ns, At safepoint: 2866829 ns, Total: 3024238 ns
[2022-06-28T10:09:40.295+0000][7][gc          ] GC(172) Concurrent Mark Cycle
[2022-06-28T10:09:40.295+0000][7][gc,marking  ] GC(172) Concurrent Clear Claimed Marks
[2022-06-28T10:09:40.296+0000][7][gc,marking  ] GC(172) Concurrent Clear Claimed Marks 0.038ms
[2022-06-28T10:09:40.296+0000][7][gc,marking  ] GC(172) Concurrent Scan Root Regions
[2022-06-28T10:09:40.296+0000][7][gc,marking  ] GC(172) Concurrent Scan Root Regions 0.740ms
[2022-06-28T10:09:40.296+0000][7][gc,marking  ] GC(172) Concurrent Mark
[2022-06-28T10:09:40.296+0000][7][gc,marking  ] GC(172) Concurrent Mark From Roots
[2022-06-28T10:09:40.296+0000][7][gc,task     ] GC(172) Using 1 workers of 1 for marking
[2022-06-28T10:09:40.410+0000][7][gc,marking  ] GC(172) Concurrent Mark From Roots 113.947ms
[2022-06-28T10:09:40.410+0000][7][gc,marking  ] GC(172) Concurrent Preclean
[2022-06-28T10:09:40.410+0000][7][gc,marking  ] GC(172) Concurrent Preclean 0.110ms
[2022-06-28T10:09:40.410+0000][7][gc,start    ] GC(172) Pause Remark
[2022-06-28T10:09:40.423+0000][7][gc          ] GC(172) Pause Remark 87M->87M(256M) 12.609ms
[2022-06-28T10:09:40.423+0000][7][gc,cpu      ] GC(172) User=0.01s Sys=0.00s Real=0.01s
[2022-06-28T10:09:40.423+0000][7][safepoint   ] Safepoint "G1Concurrent", Time since last: 114997502 ns, Reaching safepoint: 24326 ns, At safepoint: 12667338 ns, Total: 12691664 ns
[2022-06-28T10:09:40.423+0000][7][gc,marking  ] GC(172) Concurrent Mark 126.860ms
[2022-06-28T10:09:40.423+0000][7][gc,marking  ] GC(172) Concurrent Rebuild Remembered Sets
[2022-06-28T10:09:40.489+0000][7][gc,marking  ] GC(172) Concurrent Rebuild Remembered Sets 65.970ms
[2022-06-28T10:09:40.489+0000][7][gc,start    ] GC(172) Pause Cleanup
[2022-06-28T10:09:40.489+0000][7][gc          ] GC(172) Pause Cleanup 87M->87M(256M) 0.047ms
[2022-06-28T10:09:40.489+0000][7][gc,cpu      ] GC(172) User=0.00s Sys=0.00s Real=0.00s
[2022-06-28T10:09:40.489+0000][7][safepoint   ] Safepoint "G1Concurrent", Time since last: 66063606 ns, Reaching safepoint: 35033 ns, At safepoint: 81711 ns, Total: 116744 ns
[2022-06-28T10:09:40.489+0000][7][gc,marking  ] GC(172) Concurrent Cleanup for Next Mark
[2022-06-28T10:09:40.490+0000][7][gc,marking  ] GC(172) Concurrent Cleanup for Next Mark 0.651ms
[2022-06-28T10:09:40.490+0000][7][gc          ] GC(172) Concurrent Mark Cycle 194.514ms
[2022-06-28T10:11:43.400+0000][7][gc,start    ] GC(173) Pause Young (Normal) (G1 Evacuation Pause)
[2022-06-28T10:11:43.400+0000][7][gc,task     ] GC(173) Using 1 workers of 1 for evacuation
[2022-06-28T10:11:43.400+0000][7][gc,age      ] GC(173) Desired survivor size 8388608 bytes, new threshold 15 (max threshold 15)
[2022-06-28T10:11:43.402+0000][7][gc,phases   ] GC(173)   Pre Evacuate Collection Set: 0.1ms
[2022-06-28T10:11:43.402+0000][7][gc,phases   ] GC(173)   Merge Heap Roots: 0.0ms
[2022-06-28T10:11:43.402+0000][7][gc,phases   ] GC(173)   Evacuate Collection Set: 1.5ms
[2022-06-28T10:11:43.402+0000][7][gc,phases   ] GC(173)   Post Evacuate Collection Set: 0.8ms
[2022-06-28T10:11:43.402+0000][7][gc,phases   ] GC(173)   Other: 0.1ms
[2022-06-28T10:11:43.402+0000][7][gc,age      ] GC(173) Age table with threshold 15 (max threshold 15)
[2022-06-28T10:11:43.402+0000][7][gc,age      ] GC(173) - age   1:       8184 bytes,       8184 total
[2022-06-28T10:11:43.402+0000][7][gc,age      ] GC(173) - age   2:        200 bytes,       8384 total
[2022-06-28T10:11:43.402+0000][7][gc,age      ] GC(173) - age   3:        576 bytes,       8960 total
[2022-06-28T10:11:43.402+0000][7][gc,age      ] GC(173) - age   4:        200 bytes,       9160 total
[2022-06-28T10:11:43.402+0000][7][gc,age      ] GC(173) - age   5:        200 bytes,       9360 total
[2022-06-28T10:11:43.402+0000][7][gc,age      ] GC(173) - age   8:        280 bytes,       9640 total
[2022-06-28T10:11:43.402+0000][7][gc,age      ] GC(173) - age   9:       8608 bytes,      18248 total
[2022-06-28T10:11:43.402+0000][7][gc,age      ] GC(173) - age  11:       1048 bytes,      19296 total
[2022-06-28T10:11:43.402+0000][7][gc,age      ] GC(173) - age  15:        144 bytes,      19440 total
[2022-06-28T10:11:43.402+0000][7][gc,heap     ] GC(173) Eden regions: 29->0(29)
[2022-06-28T10:11:43.402+0000][7][gc,heap     ] GC(173) Survivor regions: 1->1(4)
[2022-06-28T10:11:43.402+0000][7][gc,heap     ] GC(173) Old regions: 19->19
[2022-06-28T10:11:43.402+0000][7][gc,heap     ] GC(173) Archive regions: 2->2
[2022-06-28T10:11:43.402+0000][7][gc,heap     ] GC(173) Humongous regions: 2->2
[2022-06-28T10:11:43.402+0000][7][gc,metaspace] GC(173) Metaspace: 102462K(106432K)->102462K(106432K) NonClass: 88779K(90944K)->88779K(90944K) Class: 13682K(15488K)->13682K(15488K)
[2022-06-28T10:11:43.402+0000][7][gc          ] GC(173) Pause Young (Normal) (G1 Evacuation Pause) 201M->85M(256M) 2.719ms
[2022-06-28T10:11:43.402+0000][7][gc,cpu      ] GC(173) User=0.00s Sys=0.00s Real=0.00s
[2022-06-28T10:11:43.402+0000][7][safepoint   ] Safepoint "G1CollectForAllocation", Time since last: 122910252465 ns, Reaching safepoint: 163435 ns, At safepoint: 2761932 ns, Total: 2925367 ns
[2022-06-28T10:13:48.507+0000][7][gc,start    ] GC(174) Pause Young (Concurrent Start) (G1 Evacuation Pause)
[2022-06-28T10:13:48.507+0000][7][gc,task     ] GC(174) Using 1 workers of 1 for evacuation
[2022-06-28T10:13:48.507+0000][7][gc,age      ] GC(174) Desired survivor size 8388608 bytes, new threshold 15 (max threshold 15)
[2022-06-28T10:13:48.510+0000][7][gc,phases   ] GC(174)   Pre Evacuate Collection Set: 0.2ms
[2022-06-28T10:13:48.510+0000][7][gc,phases   ] GC(174)   Merge Heap Roots: 0.0ms
[2022-06-28T10:13:48.510+0000][7][gc,phases   ] GC(174)   Evacuate Collection Set: 1.4ms
[2022-06-28T10:13:48.510+0000][7][gc,phases   ] GC(174)   Post Evacuate Collection Set: 0.8ms
[2022-06-28T10:13:48.510+0000][7][gc,phases   ] GC(174)   Other: 0.1ms
[2022-06-28T10:13:48.510+0000][7][gc,age      ] GC(174) Age table with threshold 15 (max threshold 15)
[2022-06-28T10:13:48.510+0000][7][gc,age      ] GC(174) - age   1:       9840 bytes,       9840 total
[2022-06-28T10:13:48.510+0000][7][gc,age      ] GC(174) - age   2:        200 bytes,      10040 total
[2022-06-28T10:13:48.510+0000][7][gc,age      ] GC(174) - age   3:        200 bytes,      10240 total
[2022-06-28T10:13:48.510+0000][7][gc,age      ] GC(174) - age   4:        576 bytes,      10816 total
[2022-06-28T10:13:48.510+0000][7][gc,age      ] GC(174) - age   5:        200 bytes,      11016 total
[2022-06-28T10:13:48.510+0000][7][gc,age      ] GC(174) - age   9:        280 bytes,      11296 total
[2022-06-28T10:13:48.510+0000][7][gc,age      ] GC(174) - age  10:       8608 bytes,      19904 total
[2022-06-28T10:13:48.510+0000][7][gc,age      ] GC(174) - age  12:       1048 bytes,      20952 total
[2022-06-28T10:13:48.510+0000][7][gc,heap     ] GC(174) Eden regions: 29->0(29)
[2022-06-28T10:13:48.510+0000][7][gc,heap     ] GC(174) Survivor regions: 1->1(4)
[2022-06-28T10:13:48.510+0000][7][gc,heap     ] GC(174) Old regions: 19->19
[2022-06-28T10:13:48.510+0000][7][gc,heap     ] GC(174) Archive regions: 2->2
[2022-06-28T10:13:48.510+0000][7][gc,heap     ] GC(174) Humongous regions: 2->2
[2022-06-28T10:13:48.510+0000][7][gc,metaspace] GC(174) Metaspace: 102462K(106432K)->102462K(106432K) NonClass: 88779K(90944K)->88779K(90944K) Class: 13682K(15488K)->13682K(15488K)
[2022-06-28T10:13:48.510+0000][7][gc          ] GC(174) Pause Young (Concurrent Start) (G1 Evacuation Pause) 201M->85M(256M) 2.756ms
[2022-06-28T10:13:48.510+0000][7][gc,cpu      ] GC(174) User=0.00s Sys=0.00s Real=0.00s
[2022-06-28T10:13:48.510+0000][7][safepoint   ] Safepoint "G1CollectForAllocation", Time since last: 125104433566 ns, Reaching safepoint: 27169 ns, At safepoint: 2800228 ns, Total: 2827397 ns
[2022-06-28T10:13:48.510+0000][7][gc          ] GC(175) Concurrent Mark Cycle
[2022-06-28T10:13:48.510+0000][7][gc,marking  ] GC(175) Concurrent Clear Claimed Marks
[2022-06-28T10:13:48.510+0000][7][gc,marking  ] GC(175) Concurrent Clear Claimed Marks 0.037ms
[2022-06-28T10:13:48.510+0000][7][gc,marking  ] GC(175) Concurrent Scan Root Regions
[2022-06-28T10:13:48.511+0000][7][gc,marking  ] GC(175) Concurrent Scan Root Regions 0.717ms
[2022-06-28T10:13:48.511+0000][7][gc,marking  ] GC(175) Concurrent Mark
[2022-06-28T10:13:48.511+0000][7][gc,marking  ] GC(175) Concurrent Mark From Roots
[2022-06-28T10:13:48.511+0000][7][gc,task     ] GC(175) Using 1 workers of 1 for marking
[2022-06-28T10:13:48.625+0000][7][gc,marking  ] GC(175) Concurrent Mark From Roots 114.265ms
[2022-06-28T10:13:48.625+0000][7][gc,marking  ] GC(175) Concurrent Preclean
[2022-06-28T10:13:48.625+0000][7][gc,marking  ] GC(175) Concurrent Preclean 0.108ms
[2022-06-28T10:13:48.625+0000][7][gc,start    ] GC(175) Pause Remark
[2022-06-28T10:13:48.638+0000][7][gc          ] GC(175) Pause Remark 87M->87M(256M) 12.793ms
[2022-06-28T10:13:48.638+0000][7][gc,cpu      ] GC(175) User=0.02s Sys=0.00s Real=0.02s
[2022-06-28T10:13:48.638+0000][7][safepoint   ] Safepoint "G1Concurrent", Time since last: 115289972 ns, Reaching safepoint: 24816 ns, At safepoint: 12851962 ns, Total: 12876778 ns
[2022-06-28T10:13:48.638+0000][7][gc,marking  ] GC(175) Concurrent Mark 127.384ms
[2022-06-28T10:13:48.638+0000][7][gc,marking  ] GC(175) Concurrent Rebuild Remembered Sets
[2022-06-28T10:13:48.703+0000][7][gc,marking  ] GC(175) Concurrent Rebuild Remembered Sets 64.755ms
[2022-06-28T10:13:48.703+0000][7][gc,start    ] GC(175) Pause Cleanup
[2022-06-28T10:13:48.703+0000][7][gc          ] GC(175) Pause Cleanup 87M->87M(256M) 0.072ms
[2022-06-28T10:13:48.703+0000][7][gc,cpu      ] GC(175) User=0.00s Sys=0.00s Real=0.00s
[2022-06-28T10:13:48.703+0000][7][safepoint   ] Safepoint "G1Concurrent", Time since last: 64864067 ns, Reaching safepoint: 22215 ns, At safepoint: 106744 ns, Total: 128959 ns
[2022-06-28T10:13:48.703+0000][7][gc,marking  ] GC(175) Concurrent Cleanup for Next Mark
[2022-06-28T10:13:48.704+0000][7][gc,marking  ] GC(175) Concurrent Cleanup for Next Mark 0.672ms
[2022-06-28T10:13:48.704+0000][7][gc          ] GC(175) Concurrent Mark Cycle 193.831ms
[2022-06-28T10:15:53.628+0000][7][gc,start    ] GC(176) Pause Young (Normal) (G1 Evacuation Pause)
[2022-06-28T10:15:53.628+0000][7][gc,task     ] GC(176) Using 1 workers of 1 for evacuation
[2022-06-28T10:15:53.628+0000][7][gc,age      ] GC(176) Desired survivor size 8388608 bytes, new threshold 15 (max threshold 15)
[2022-06-28T10:15:53.630+0000][7][gc,phases   ] GC(176)   Pre Evacuate Collection Set: 0.0ms
[2022-06-28T10:15:53.630+0000][7][gc,phases   ] GC(176)   Merge Heap Roots: 0.0ms
[2022-06-28T10:15:53.630+0000][7][gc,phases   ] GC(176)   Evacuate Collection Set: 1.5ms
[2022-06-28T10:15:53.630+0000][7][gc,phases   ] GC(176)   Post Evacuate Collection Set: 0.8ms
[2022-06-28T10:15:53.630+0000][7][gc,phases   ] GC(176)   Other: 0.1ms
[2022-06-28T10:15:53.630+0000][7][gc,age      ] GC(176) Age table with threshold 15 (max threshold 15)
[2022-06-28T10:15:53.630+0000][7][gc,age      ] GC(176) - age   1:       9840 bytes,       9840 total
[2022-06-28T10:15:53.630+0000][7][gc,age      ] GC(176) - age   3:        200 bytes,      10040 total
[2022-06-28T10:15:53.630+0000][7][gc,age      ] GC(176) - age   4:        200 bytes,      10240 total
[2022-06-28T10:15:53.630+0000][7][gc,age      ] GC(176) - age   5:        576 bytes,      10816 total
[2022-06-28T10:15:53.630+0000][7][gc,age      ] GC(176) - age   6:        200 bytes,      11016 total
[2022-06-28T10:15:53.630+0000][7][gc,age      ] GC(176) - age  10:        280 bytes,      11296 total
[2022-06-28T10:15:53.630+0000][7][gc,age      ] GC(176) - age  11:       8608 bytes,      19904 total
[2022-06-28T10:15:53.630+0000][7][gc,age      ] GC(176) - age  13:       1048 bytes,      20952 total
[2022-06-28T10:15:53.630+0000][7][gc,heap     ] GC(176) Eden regions: 29->0(29)
[2022-06-28T10:15:53.630+0000][7][gc,heap     ] GC(176) Survivor regions: 1->1(4)
[2022-06-28T10:15:53.630+0000][7][gc,heap     ] GC(176) Old regions: 19->19
[2022-06-28T10:15:53.630+0000][7][gc,heap     ] GC(176) Archive regions: 2->2
[2022-06-28T10:15:53.630+0000][7][gc,heap     ] GC(176) Humongous regions: 2->2
[2022-06-28T10:15:53.630+0000][7][gc,metaspace] GC(176) Metaspace: 102462K(106432K)->102462K(106432K) NonClass: 88779K(90944K)->88779K(90944K) Class: 13682K(15488K)->13682K(15488K)
[2022-06-28T10:15:53.630+0000][7][gc          ] GC(176) Pause Young (Normal) (G1 Evacuation Pause) 201M->85M(256M) 2.720ms
[2022-06-28T10:15:53.630+0000][7][gc,cpu      ] GC(176) User=0.00s Sys=0.00s Real=0.00s
[2022-06-28T10:15:53.630+0000][7][safepoint   ] Safepoint "G1CollectForAllocation", Time since last: 124924737388 ns, Reaching safepoint: 25178 ns, At safepoint: 2760962 ns, Total: 2786140 ns
[2022-06-28T10:17:58.738+0000][7][gc,start    ] GC(177) Pause Young (Concurrent Start) (G1 Evacuation Pause)
[2022-06-28T10:17:58.738+0000][7][gc,task     ] GC(177) Using 1 workers of 1 for evacuation
[2022-06-28T10:17:58.738+0000][7][gc,age      ] GC(177) Desired survivor size 8388608 bytes, new threshold 15 (max threshold 15)
[2022-06-28T10:17:58.745+0000][7][gc,phases   ] GC(177)   Pre Evacuate Collection Set: 4.2ms
[2022-06-28T10:17:58.745+0000][7][gc,phases   ] GC(177)   Merge Heap Roots: 0.0ms
[2022-06-28T10:17:58.745+0000][7][gc,phases   ] GC(177)   Evacuate Collection Set: 1.4ms
[2022-06-28T10:17:58.745+0000][7][gc,phases   ] GC(177)   Post Evacuate Collection Set: 0.9ms
[2022-06-28T10:17:58.745+0000][7][gc,phases   ] GC(177)   Other: 0.1ms
[2022-06-28T10:17:58.745+0000][7][gc,age      ] GC(177) Age table with threshold 15 (max threshold 15)
[2022-06-28T10:17:58.745+0000][7][gc,age      ] GC(177) - age   1:      10384 bytes,      10384 total
[2022-06-28T10:17:58.745+0000][7][gc,age      ] GC(177) - age   2:        200 bytes,      10584 total
[2022-06-28T10:17:58.745+0000][7][gc,age      ] GC(177) - age   4:        200 bytes,      10784 total
[2022-06-28T10:17:58.745+0000][7][gc,age      ] GC(177) - age   5:        200 bytes,      10984 total
[2022-06-28T10:17:58.745+0000][7][gc,age      ] GC(177) - age  11:        280 bytes,      11264 total
[2022-06-28T10:17:58.745+0000][7][gc,age      ] GC(177) - age  12:       8608 bytes,      19872 total
[2022-06-28T10:17:58.745+0000][7][gc,age      ] GC(177) - age  14:       1048 bytes,      20920 total
[2022-06-28T10:17:58.745+0000][7][gc,heap     ] GC(177) Eden regions: 29->0(29)
[2022-06-28T10:17:58.745+0000][7][gc,heap     ] GC(177) Survivor regions: 1->1(4)
[2022-06-28T10:17:58.745+0000][7][gc,heap     ] GC(177) Old regions: 19->19
[2022-06-28T10:17:58.745+0000][7][gc,heap     ] GC(177) Archive regions: 2->2
[2022-06-28T10:17:58.745+0000][7][gc,heap     ] GC(177) Humongous regions: 2->2
[2022-06-28T10:17:58.745+0000][7][gc,metaspace] GC(177) Metaspace: 102462K(106432K)->102462K(106432K) NonClass: 88780K(90944K)->88780K(90944K) Class: 13682K(15488K)->13682K(15488K)
[2022-06-28T10:17:58.745+0000][7][gc          ] GC(177) Pause Young (Concurrent Start) (G1 Evacuation Pause) 201M->85M(256M) 6.892ms
[2022-06-28T10:17:58.745+0000][7][gc,cpu      ] GC(177) User=0.01s Sys=0.00s Real=0.00s
[2022-06-28T10:17:58.745+0000][7][safepoint   ] Safepoint "G1CollectForAllocation", Time since last: 125107841818 ns, Reaching safepoint: 36966 ns, At safepoint: 6977004 ns, Total: 7013970 ns
[2022-06-28T10:17:58.745+0000][7][gc          ] GC(178) Concurrent Mark Cycle
[2022-06-28T10:17:58.745+0000][7][gc,marking  ] GC(178) Concurrent Clear Claimed Marks
[2022-06-28T10:17:58.745+0000][7][gc,marking  ] GC(178) Concurrent Clear Claimed Marks 0.040ms
[2022-06-28T10:17:58.745+0000][7][gc,marking  ] GC(178) Concurrent Scan Root Regions
[2022-06-28T10:17:58.746+0000][7][gc,marking  ] GC(178) Concurrent Scan Root Regions 0.825ms
[2022-06-28T10:17:58.746+0000][7][gc,marking  ] GC(178) Concurrent Mark
[2022-06-28T10:17:58.746+0000][7][gc,marking  ] GC(178) Concurrent Mark From Roots
[2022-06-28T10:17:58.746+0000][7][gc,task     ] GC(178) Using 1 workers of 1 for marking
[2022-06-28T10:17:58.866+0000][7][gc,marking  ] GC(178) Concurrent Mark From Roots 119.558ms
[2022-06-28T10:17:58.866+0000][7][gc,marking  ] GC(178) Concurrent Preclean
[2022-06-28T10:17:58.866+0000][7][gc,marking  ] GC(178) Concurrent Preclean 0.112ms
[2022-06-28T10:17:58.866+0000][7][gc,start    ] GC(178) Pause Remark
[2022-06-28T10:17:58.884+0000][7][gc          ] GC(178) Pause Remark 87M->87M(256M) 18.149ms
[2022-06-28T10:17:58.884+0000][7][gc,cpu      ] GC(178) User=0.02s Sys=0.00s Real=0.02s
[2022-06-28T10:17:58.884+0000][7][safepoint   ] Safepoint "G1Concurrent", Time since last: 120695561 ns, Reaching safepoint: 25240 ns, At safepoint: 18211830 ns, Total: 18237070 ns
[2022-06-28T10:17:58.884+0000][7][gc,marking  ] GC(178) Concurrent Mark 138.014ms
[2022-06-28T10:17:58.884+0000][7][gc,marking  ] GC(178) Concurrent Rebuild Remembered Sets
[2022-06-28T10:17:58.952+0000][7][gc,marking  ] GC(178) Concurrent Rebuild Remembered Sets 67.955ms
[2022-06-28T10:17:58.952+0000][7][gc,start    ] GC(178) Pause Cleanup
[2022-06-28T10:17:58.952+0000][7][gc          ] GC(178) Pause Cleanup 87M->87M(256M) 0.049ms
[2022-06-28T10:17:58.952+0000][7][gc,cpu      ] GC(178) User=0.00s Sys=0.00s Real=0.00s
[2022-06-28T10:17:58.952+0000][7][safepoint   ] Safepoint "G1Concurrent", Time since last: 68046571 ns, Reaching safepoint: 22552 ns, At safepoint: 84317 ns, Total: 106869 ns
[2022-06-28T10:17:58.952+0000][7][gc,marking  ] GC(178) Concurrent Cleanup for Next Mark
[2022-06-28T10:17:58.953+0000][7][gc,marking  ] GC(178) Concurrent Cleanup for Next Mark 0.690ms
[2022-06-28T10:17:58.953+0000][7][gc          ] GC(178) Concurrent Mark Cycle 207.768ms
[2022-06-28T10:20:03.857+0000][7][gc,start    ] GC(179) Pause Young (Normal) (G1 Evacuation Pause)
[2022-06-28T10:20:03.857+0000][7][gc,task     ] GC(179) Using 1 workers of 1 for evacuation
[2022-06-28T10:20:03.857+0000][7][gc,age      ] GC(179) Desired survivor size 8388608 bytes, new threshold 15 (max threshold 15)
[2022-06-28T10:20:03.860+0000][7][gc,phases   ] GC(179)   Pre Evacuate Collection Set: 0.0ms
[2022-06-28T10:20:03.860+0000][7][gc,phases   ] GC(179)   Merge Heap Roots: 0.0ms
[2022-06-28T10:20:03.860+0000][7][gc,phases   ] GC(179)   Evacuate Collection Set: 1.5ms
[2022-06-28T10:20:03.860+0000][7][gc,phases   ] GC(179)   Post Evacuate Collection Set: 0.9ms
[2022-06-28T10:20:03.860+0000][7][gc,phases   ] GC(179)   Other: 0.1ms
[2022-06-28T10:20:03.860+0000][7][gc,age      ] GC(179) Age table with threshold 15 (max threshold 15)
[2022-06-28T10:20:03.860+0000][7][gc,age      ] GC(179) - age   1:      10232 bytes,      10232 total
[2022-06-28T10:20:03.860+0000][7][gc,age      ] GC(179) - age   2:        576 bytes,      10808 total
[2022-06-28T10:20:03.860+0000][7][gc,age      ] GC(179) - age   3:        200 bytes,      11008 total
[2022-06-28T10:20:03.860+0000][7][gc,age      ] GC(179) - age   5:        200 bytes,      11208 total
[2022-06-28T10:20:03.860+0000][7][gc,age      ] GC(179) - age   6:        200 bytes,      11408 total
[2022-06-28T10:20:03.860+0000][7][gc,age      ] GC(179) - age  12:        280 bytes,      11688 total
[2022-06-28T10:20:03.860+0000][7][gc,age      ] GC(179) - age  13:       8608 bytes,      20296 total
[2022-06-28T10:20:03.860+0000][7][gc,age      ] GC(179) - age  15:       1048 bytes,      21344 total
[2022-06-28T10:20:03.860+0000][7][gc,heap     ] GC(179) Eden regions: 29->0(29)
[2022-06-28T10:20:03.860+0000][7][gc,heap     ] GC(179) Survivor regions: 1->1(4)
[2022-06-28T10:20:03.860+0000][7][gc,heap     ] GC(179) Old regions: 19->19
[2022-06-28T10:20:03.860+0000][7][gc,heap     ] GC(179) Archive regions: 2->2
[2022-06-28T10:20:03.860+0000][7][gc,heap     ] GC(179) Humongous regions: 2->2
[2022-06-28T10:20:03.860+0000][7][gc,metaspace] GC(179) Metaspace: 102462K(106432K)->102462K(106432K) NonClass: 88780K(90944K)->88780K(90944K) Class: 13682K(15488K)->13682K(15488K)
[2022-06-28T10:20:03.860+0000][7][gc          ] GC(179) Pause Young (Normal) (G1 Evacuation Pause) 201M->85M(256M) 2.769ms
[2022-06-28T10:20:03.860+0000][7][gc,cpu      ] GC(179) User=0.00s Sys=0.00s Real=0.00s
[2022-06-28T10:20:03.860+0000][7][safepoint   ] Safepoint "G1CollectForAllocation", Time since last: 124905025598 ns, Reaching safepoint: 27135 ns, At safepoint: 2813823 ns, Total: 2840958 ns
[2022-06-28T10:22:08.966+0000][7][gc,start    ] GC(180) Pause Young (Concurrent Start) (G1 Evacuation Pause)
[2022-06-28T10:22:08.967+0000][7][gc,task     ] GC(180) Using 1 workers of 1 for evacuation
[2022-06-28T10:22:08.967+0000][7][gc,age      ] GC(180) Desired survivor size 8388608 bytes, new threshold 15 (max threshold 15)
[2022-06-28T10:22:08.969+0000][7][gc,phases   ] GC(180)   Pre Evacuate Collection Set: 0.2ms
[2022-06-28T10:22:08.969+0000][7][gc,phases   ] GC(180)   Merge Heap Roots: 0.0ms
[2022-06-28T10:22:08.969+0000][7][gc,phases   ] GC(180)   Evacuate Collection Set: 1.5ms
[2022-06-28T10:22:08.969+0000][7][gc,phases   ] GC(180)   Post Evacuate Collection Set: 0.8ms
[2022-06-28T10:22:08.969+0000][7][gc,phases   ] GC(180)   Other: 0.1ms
[2022-06-28T10:22:08.969+0000][7][gc,age      ] GC(180) Age table with threshold 15 (max threshold 15)
[2022-06-28T10:22:08.969+0000][7][gc,age      ] GC(180) - age   1:       9824 bytes,       9824 total
[2022-06-28T10:22:08.969+0000][7][gc,age      ] GC(180) - age   2:        200 bytes,      10024 total
[2022-06-28T10:22:08.969+0000][7][gc,age      ] GC(180) - age   3:        576 bytes,      10600 total
[2022-06-28T10:22:08.969+0000][7][gc,age      ] GC(180) - age   4:        200 bytes,      10800 total
[2022-06-28T10:22:08.970+0000][7][gc,age      ] GC(180) - age   6:        200 bytes,      11000 total
[2022-06-28T10:22:08.970+0000][7][gc,age      ] GC(180) - age  13:        280 bytes,      11280 total
[2022-06-28T10:22:08.970+0000][7][gc,age      ] GC(180) - age  14:       8608 bytes,      19888 total
[2022-06-28T10:22:08.970+0000][7][gc,heap     ] GC(180) Eden regions: 29->0(29)
[2022-06-28T10:22:08.970+0000][7][gc,heap     ] GC(180) Survivor regions: 1->1(4)
[2022-06-28T10:22:08.970+0000][7][gc,heap     ] GC(180) Old regions: 19->19
[2022-06-28T10:22:08.970+0000][7][gc,heap     ] GC(180) Archive regions: 2->2
[2022-06-28T10:22:08.970+0000][7][gc,heap     ] GC(180) Humongous regions: 2->2
[2022-06-28T10:22:08.970+0000][7][gc,metaspace] GC(180) Metaspace: 102464K(106432K)->102464K(106432K) NonClass: 88781K(90944K)->88781K(90944K) Class: 13682K(15488K)->13682K(15488K)
[2022-06-28T10:22:08.970+0000][7][gc          ] GC(180) Pause Young (Concurrent Start) (G1 Evacuation Pause) 201M->85M(256M) 3.175ms
[2022-06-28T10:22:08.970+0000][7][gc,cpu      ] GC(180) User=0.00s Sys=0.00s Real=0.01s
[2022-06-28T10:22:08.970+0000][7][safepoint   ] Safepoint "G1CollectForAllocation", Time since last: 125106141006 ns, Reaching safepoint: 23181 ns, At safepoint: 3218004 ns, Total: 3241185 ns
[2022-06-28T10:22:08.970+0000][7][gc          ] GC(181) Concurrent Mark Cycle
[2022-06-28T10:22:08.970+0000][7][gc,marking  ] GC(181) Concurrent Clear Claimed Marks
[2022-06-28T10:22:08.970+0000][7][gc,marking  ] GC(181) Concurrent Clear Claimed Marks 0.053ms
[2022-06-28T10:22:08.970+0000][7][gc,marking  ] GC(181) Concurrent Scan Root Regions
[2022-06-28T10:22:08.970+0000][7][gc,marking  ] GC(181) Concurrent Scan Root Regions 0.703ms
[2022-06-28T10:22:08.970+0000][7][gc,marking  ] GC(181) Concurrent Mark
[2022-06-28T10:22:08.970+0000][7][gc,marking  ] GC(181) Concurrent Mark From Roots
[2022-06-28T10:22:08.970+0000][7][gc,task     ] GC(181) Using 1 workers of 1 for marking
[2022-06-28T10:22:09.095+0000][7][gc,marking  ] GC(181) Concurrent Mark From Roots 124.305ms
[2022-06-28T10:22:09.095+0000][7][gc,marking  ] GC(181) Concurrent Preclean
[2022-06-28T10:22:09.095+0000][7][gc,marking  ] GC(181) Concurrent Preclean 0.107ms
[2022-06-28T10:22:09.095+0000][7][gc,start    ] GC(181) Pause Remark
[2022-06-28T10:22:09.109+0000][7][gc          ] GC(181) Pause Remark 87M->87M(256M) 13.590ms
[2022-06-28T10:22:09.109+0000][7][gc,cpu      ] GC(181) User=0.02s Sys=0.00s Real=0.01s
[2022-06-28T10:22:09.109+0000][7][safepoint   ] Safepoint "G1Concurrent", Time since last: 125328633 ns, Reaching safepoint: 36555 ns, At safepoint: 13658995 ns, Total: 13695550 ns
[2022-06-28T10:22:09.109+0000][7][gc,marking  ] GC(181) Concurrent Mark 138.209ms
[2022-06-28T10:22:09.109+0000][7][gc,marking  ] GC(181) Concurrent Rebuild Remembered Sets
[2022-06-28T10:22:09.181+0000][7][gc,marking  ] GC(181) Concurrent Rebuild Remembered Sets 72.622ms
[2022-06-28T10:22:09.181+0000][7][gc,start    ] GC(181) Pause Cleanup
[2022-06-28T10:22:09.181+0000][7][gc          ] GC(181) Pause Cleanup 87M->87M(256M) 0.045ms
[2022-06-28T10:22:09.181+0000][7][gc,cpu      ] GC(181) User=0.00s Sys=0.00s Real=0.00s
[2022-06-28T10:22:09.181+0000][7][safepoint   ] Safepoint "G1Concurrent", Time since last: 72716279 ns, Reaching safepoint: 21615 ns, At safepoint: 78073 ns, Total: 99688 ns
[2022-06-28T10:22:09.181+0000][7][gc,marking  ] GC(181) Concurrent Cleanup for Next Mark
[2022-06-28T10:22:09.182+0000][7][gc,marking  ] GC(181) Concurrent Cleanup for Next Mark 0.733ms
[2022-06-28T10:22:09.182+0000][7][gc          ] GC(181) Concurrent Mark Cycle 212.571ms
[2022-06-28T10:22:31.184+0000][7][safepoint   ] Safepoint "Cleanup", Time since last: 22002099419 ns, Reaching safepoint: 36220 ns, At safepoint: 22547 ns, Total: 58767 ns
[2022-06-28T10:24:14.083+0000][7][gc,start    ] GC(182) Pause Young (Normal) (G1 Evacuation Pause)
[2022-06-28T10:24:14.083+0000][7][gc,task     ] GC(182) Using 1 workers of 1 for evacuation
[2022-06-28T10:24:14.083+0000][7][gc,age      ] GC(182) Desired survivor size 8388608 bytes, new threshold 15 (max threshold 15)
[2022-06-28T10:24:14.086+0000][7][gc,phases   ] GC(182)   Pre Evacuate Collection Set: 0.0ms
[2022-06-28T10:24:14.086+0000][7][gc,phases   ] GC(182)   Merge Heap Roots: 0.0ms
[2022-06-28T10:24:14.086+0000][7][gc,phases   ] GC(182)   Evacuate Collection Set: 1.5ms
[2022-06-28T10:24:14.086+0000][7][gc,phases   ] GC(182)   Post Evacuate Collection Set: 0.8ms
[2022-06-28T10:24:14.086+0000][7][gc,phases   ] GC(182)   Other: 0.1ms
[2022-06-28T10:24:14.086+0000][7][gc,age      ] GC(182) Age table with threshold 15 (max threshold 15)
[2022-06-28T10:24:14.086+0000][7][gc,age      ] GC(182) - age   1:       9784 bytes,       9784 total
[2022-06-28T10:24:14.086+0000][7][gc,age      ] GC(182) - age   2:        264 bytes,      10048 total
[2022-06-28T10:24:14.086+0000][7][gc,age      ] GC(182) - age   3:        200 bytes,      10248 total
[2022-06-28T10:24:14.086+0000][7][gc,age      ] GC(182) - age   4:        576 bytes,      10824 total
[2022-06-28T10:24:14.086+0000][7][gc,age      ] GC(182) - age   5:        200 bytes,      11024 total
[2022-06-28T10:24:14.086+0000][7][gc,age      ] GC(182) - age  14:        280 bytes,      11304 total
[2022-06-28T10:24:14.086+0000][7][gc,age      ] GC(182) - age  15:       8608 bytes,      19912 total
[2022-06-28T10:24:14.086+0000][7][gc,heap     ] GC(182) Eden regions: 29->0(29)
[2022-06-28T10:24:14.086+0000][7][gc,heap     ] GC(182) Survivor regions: 1->1(4)
[2022-06-28T10:24:14.086+0000][7][gc,heap     ] GC(182) Old regions: 19->19
[2022-06-28T10:24:14.086+0000][7][gc,heap     ] GC(182) Archive regions: 2->2
[2022-06-28T10:24:14.086+0000][7][gc,heap     ] GC(182) Humongous regions: 2->2
[2022-06-28T10:24:14.086+0000][7][gc,metaspace] GC(182) Metaspace: 102464K(106432K)->102464K(106432K) NonClass: 88782K(90944K)->88782K(90944K) Class: 13682K(15488K)->13682K(15488K)
[2022-06-28T10:24:14.086+0000][7][gc          ] GC(182) Pause Young (Normal) (G1 Evacuation Pause) 201M->85M(256M) 2.773ms
[2022-06-28T10:24:14.086+0000][7][gc,cpu      ] GC(182) User=0.00s Sys=0.00s Real=0.00s
[2022-06-28T10:24:14.086+0000][7][safepoint   ] Safepoint "G1CollectForAllocation", Time since last: 102899409190 ns, Reaching safepoint: 27022 ns, At safepoint: 2817791 ns, Total: 2844813 ns
[2022-06-28T10:26:19.196+0000][7][gc,start    ] GC(183) Pause Young (Concurrent Start) (G1 Evacuation Pause)
[2022-06-28T10:26:19.196+0000][7][gc,task     ] GC(183) Using 1 workers of 1 for evacuation
[2022-06-28T10:26:19.196+0000][7][gc,age      ] GC(183) Desired survivor size 8388608 bytes, new threshold 15 (max threshold 15)
[2022-06-28T10:26:19.202+0000][7][gc,phases   ] GC(183)   Pre Evacuate Collection Set: 0.2ms
[2022-06-28T10:26:19.202+0000][7][gc,phases   ] GC(183)   Merge Heap Roots: 0.0ms
[2022-06-28T10:26:19.202+0000][7][gc,phases   ] GC(183)   Evacuate Collection Set: 4.2ms
[2022-06-28T10:26:19.202+0000][7][gc,phases   ] GC(183)   Post Evacuate Collection Set: 0.8ms
[2022-06-28T10:26:19.202+0000][7][gc,phases   ] GC(183)   Other: 0.1ms
[2022-06-28T10:26:19.202+0000][7][gc,age      ] GC(183) Age table with threshold 15 (max threshold 15)
[2022-06-28T10:26:19.202+0000][7][gc,age      ] GC(183) - age   1:       9784 bytes,       9784 total
[2022-06-28T10:26:19.202+0000][7][gc,age      ] GC(183) - age   2:        200 bytes,       9984 total
[2022-06-28T10:26:19.202+0000][7][gc,age      ] GC(183) - age   3:        264 bytes,      10248 total
[2022-06-28T10:26:19.202+0000][7][gc,age      ] GC(183) - age   4:        200 bytes,      10448 total
[2022-06-28T10:26:19.202+0000][7][gc,age      ] GC(183) - age   5:        576 bytes,      11024 total
[2022-06-28T10:26:19.202+0000][7][gc,age      ] GC(183) - age  15:        280 bytes,      11304 total
[2022-06-28T10:26:19.202+0000][7][gc,heap     ] GC(183) Eden regions: 29->0(29)
[2022-06-28T10:26:19.202+0000][7][gc,heap     ] GC(183) Survivor regions: 1->1(4)
[2022-06-28T10:26:19.202+0000][7][gc,heap     ] GC(183) Old regions: 19->19
[2022-06-28T10:26:19.202+0000][7][gc,heap     ] GC(183) Archive regions: 2->2
[2022-06-28T10:26:19.202+0000][7][gc,heap     ] GC(183) Humongous regions: 2->2
[2022-06-28T10:26:19.202+0000][7][gc,metaspace] GC(183) Metaspace: 102464K(106432K)->102464K(106432K) NonClass: 88782K(90944K)->88782K(90944K) Class: 13682K(15488K)->13682K(15488K)
[2022-06-28T10:26:19.202+0000][7][gc          ] GC(183) Pause Young (Concurrent Start) (G1 Evacuation Pause) 201M->85M(256M) 5.536ms
[2022-06-28T10:26:19.202+0000][7][gc,cpu      ] GC(183) User=0.00s Sys=0.00s Real=0.00s
[2022-06-28T10:26:19.202+0000][7][safepoint   ] Safepoint "G1CollectForAllocation", Time since last: 125110351668 ns, Reaching safepoint: 25280 ns, At safepoint: 5581594 ns, Total: 5606874 ns
[2022-06-28T10:26:19.202+0000][7][gc          ] GC(184) Concurrent Mark Cycle
[2022-06-28T10:26:19.202+0000][7][gc,marking  ] GC(184) Concurrent Clear Claimed Marks
[2022-06-28T10:26:19.202+0000][7][gc,marking  ] GC(184) Concurrent Clear Claimed Marks 0.037ms
[2022-06-28T10:26:19.202+0000][7][gc,marking  ] GC(184) Concurrent Scan Root Regions
[2022-06-28T10:26:19.206+0000][7][gc,marking  ] GC(184) Concurrent Scan Root Regions 4.079ms
[2022-06-28T10:26:19.206+0000][7][gc,marking  ] GC(184) Concurrent Mark
[2022-06-28T10:26:19.206+0000][7][gc,marking  ] GC(184) Concurrent Mark From Roots
[2022-06-28T10:26:19.206+0000][7][gc,task     ] GC(184) Using 1 workers of 1 for marking
[2022-06-28T10:26:19.327+0000][7][gc,marking  ] GC(184) Concurrent Mark From Roots 120.967ms
[2022-06-28T10:26:19.327+0000][7][gc,marking  ] GC(184) Concurrent Preclean
[2022-06-28T10:26:19.327+0000][7][gc,marking  ] GC(184) Concurrent Preclean 0.144ms
[2022-06-28T10:26:19.327+0000][7][gc,start    ] GC(184) Pause Remark
[2022-06-28T10:26:19.340+0000][7][gc          ] GC(184) Pause Remark 87M->87M(256M) 12.820ms
[2022-06-28T10:26:19.340+0000][7][gc,cpu      ] GC(184) User=0.01s Sys=0.00s Real=0.01s
[2022-06-28T10:26:19.340+0000][7][safepoint   ] Safepoint "G1Concurrent", Time since last: 125387424 ns, Reaching safepoint: 23410 ns, At safepoint: 12870069 ns, Total: 12893479 ns
[2022-06-28T10:26:19.340+0000][7][gc,marking  ] GC(184) Concurrent Mark 134.106ms
[2022-06-28T10:26:19.340+0000][7][gc,marking  ] GC(184) Concurrent Rebuild Remembered Sets
[2022-06-28T10:26:19.417+0000][7][gc,marking  ] GC(184) Concurrent Rebuild Remembered Sets 76.578ms
[2022-06-28T10:26:19.417+0000][7][gc,start    ] GC(184) Pause Cleanup
[2022-06-28T10:26:19.417+0000][7][gc          ] GC(184) Pause Cleanup 87M->87M(256M) 0.044ms
[2022-06-28T10:26:19.417+0000][7][gc,cpu      ] GC(184) User=0.00s Sys=0.00s Real=0.00s
[2022-06-28T10:26:19.417+0000][7][safepoint   ] Safepoint "G1Concurrent", Time since last: 76664602 ns, Reaching safepoint: 21502 ns, At safepoint: 76613 ns, Total: 98115 ns
[2022-06-28T10:26:19.417+0000][7][gc,marking  ] GC(184) Concurrent Cleanup for Next Mark
[2022-06-28T10:26:19.418+0000][7][gc,marking  ] GC(184) Concurrent Cleanup for Next Mark 0.677ms
[2022-06-28T10:26:19.418+0000][7][gc          ] GC(184) Concurrent Mark Cycle 215.717ms
[2022-06-28T10:28:24.325+0000][7][gc,start    ] GC(185) Pause Young (Normal) (G1 Evacuation Pause)
[2022-06-28T10:28:24.325+0000][7][gc,task     ] GC(185) Using 1 workers of 1 for evacuation
[2022-06-28T10:28:24.325+0000][7][gc,age      ] GC(185) Desired survivor size 8388608 bytes, new threshold 15 (max threshold 15)
[2022-06-28T10:28:24.327+0000][7][gc,phases   ] GC(185)   Pre Evacuate Collection Set: 0.0ms
[2022-06-28T10:28:24.327+0000][7][gc,phases   ] GC(185)   Merge Heap Roots: 0.0ms
[2022-06-28T10:28:24.327+0000][7][gc,phases   ] GC(185)   Evacuate Collection Set: 1.5ms
[2022-06-28T10:28:24.327+0000][7][gc,phases   ] GC(185)   Post Evacuate Collection Set: 0.8ms
[2022-06-28T10:28:24.327+0000][7][gc,phases   ] GC(185)   Other: 0.1ms
[2022-06-28T10:28:24.327+0000][7][gc,age      ] GC(185) Age table with threshold 15 (max threshold 15)
[2022-06-28T10:28:24.327+0000][7][gc,age      ] GC(185) - age   1:      11088 bytes,      11088 total
[2022-06-28T10:28:24.327+0000][7][gc,age      ] GC(185) - age   2:        200 bytes,      11288 total
[2022-06-28T10:28:24.327+0000][7][gc,age      ] GC(185) - age   3:        200 bytes,      11488 total
[2022-06-28T10:28:24.327+0000][7][gc,age      ] GC(185) - age   4:        264 bytes,      11752 total
[2022-06-28T10:28:24.327+0000][7][gc,heap     ] GC(185) Eden regions: 29->0(29)
[2022-06-28T10:28:24.328+0000][7][gc,heap     ] GC(185) Survivor regions: 1->1(4)
[2022-06-28T10:28:24.328+0000][7][gc,heap     ] GC(185) Old regions: 19->19
[2022-06-28T10:28:24.328+0000][7][gc,heap     ] GC(185) Archive regions: 2->2
[2022-06-28T10:28:24.328+0000][7][gc,heap     ] GC(185) Humongous regions: 2->2
[2022-06-28T10:28:24.328+0000][7][gc,metaspace] GC(185) Metaspace: 102464K(106432K)->102464K(106432K) NonClass: 88782K(90944K)->88782K(90944K) Class: 13682K(15488K)->13682K(15488K)
[2022-06-28T10:28:24.328+0000][7][gc          ] GC(185) Pause Young (Normal) (G1 Evacuation Pause) 201M->85M(256M) 2.641ms
[2022-06-28T10:28:24.328+0000][7][gc,cpu      ] GC(185) User=0.01s Sys=0.00s Real=0.01s
[2022-06-28T10:28:24.328+0000][7][safepoint   ] Safepoint "G1CollectForAllocation", Time since last: 124908020654 ns, Reaching safepoint: 26290 ns, At safepoint: 2682919 ns, Total: 2709209 ns
[2022-06-28T10:30:05.338+0000][7][safepoint   ] Safepoint "Cleanup", Time since last: 101010738715 ns, Reaching safepoint: 39903 ns, At safepoint: 31028 ns, Total: 70931 ns
[2022-06-28T10:30:29.441+0000][7][gc,start    ] GC(186) Pause Young (Concurrent Start) (G1 Evacuation Pause)
[2022-06-28T10:30:29.441+0000][7][gc,task     ] GC(186) Using 1 workers of 1 for evacuation
[2022-06-28T10:30:29.441+0000][7][gc,age      ] GC(186) Desired survivor size 8388608 bytes, new threshold 15 (max threshold 15)
[2022-06-28T10:30:29.444+0000][7][gc,phases   ] GC(186)   Pre Evacuate Collection Set: 0.2ms
[2022-06-28T10:30:29.444+0000][7][gc,phases   ] GC(186)   Merge Heap Roots: 0.0ms
[2022-06-28T10:30:29.444+0000][7][gc,phases   ] GC(186)   Evacuate Collection Set: 1.4ms
[2022-06-28T10:30:29.444+0000][7][gc,phases   ] GC(186)   Post Evacuate Collection Set: 0.8ms
[2022-06-28T10:30:29.444+0000][7][gc,phases   ] GC(186)   Other: 0.1ms
[2022-06-28T10:30:29.444+0000][7][gc,age      ] GC(186) Age table with threshold 15 (max threshold 15)
[2022-06-28T10:30:29.444+0000][7][gc,age      ] GC(186) - age   1:       8456 bytes,       8456 total
[2022-06-28T10:30:29.444+0000][7][gc,age      ] GC(186) - age   2:        576 bytes,       9032 total
[2022-06-28T10:30:29.444+0000][7][gc,age      ] GC(186) - age   3:        200 bytes,       9232 total
[2022-06-28T10:30:29.444+0000][7][gc,age      ] GC(186) - age   4:        200 bytes,       9432 total
[2022-06-28T10:30:29.444+0000][7][gc,age      ] GC(186) - age   5:        264 bytes,       9696 total
[2022-06-28T10:30:29.444+0000][7][gc,heap     ] GC(186) Eden regions: 29->0(29)
[2022-06-28T10:30:29.444+0000][7][gc,heap     ] GC(186) Survivor regions: 1->1(4)
[2022-06-28T10:30:29.444+0000][7][gc,heap     ] GC(186) Old regions: 19->19
[2022-06-28T10:30:29.444+0000][7][gc,heap     ] GC(186) Archive regions: 2->2
[2022-06-28T10:30:29.444+0000][7][gc,heap     ] GC(186) Humongous regions: 2->2
[2022-06-28T10:30:29.444+0000][7][gc,metaspace] GC(186) Metaspace: 102464K(106432K)->102464K(106432K) NonClass: 88782K(90944K)->88782K(90944K) Class: 13682K(15488K)->13682K(15488K)
[2022-06-28T10:30:29.444+0000][7][gc          ] GC(186) Pause Young (Concurrent Start) (G1 Evacuation Pause) 201M->85M(256M) 2.731ms
[2022-06-28T10:30:29.444+0000][7][gc,cpu      ] GC(186) User=0.00s Sys=0.00s Real=0.00s
[2022-06-28T10:30:29.444+0000][7][safepoint   ] Safepoint "G1CollectForAllocation", Time since last: 24102808864 ns, Reaching safepoint: 25660 ns, At safepoint: 2777189 ns, Total: 2802849 ns
[2022-06-28T10:30:29.444+0000][7][gc          ] GC(187) Concurrent Mark Cycle
[2022-06-28T10:30:29.444+0000][7][gc,marking  ] GC(187) Concurrent Clear Claimed Marks
[2022-06-28T10:30:29.444+0000][7][gc,marking  ] GC(187) Concurrent Clear Claimed Marks 0.038ms
[2022-06-28T10:30:29.444+0000][7][gc,marking  ] GC(187) Concurrent Scan Root Regions
[2022-06-28T10:30:29.445+0000][7][gc,marking  ] GC(187) Concurrent Scan Root Regions 0.694ms
[2022-06-28T10:30:29.445+0000][7][gc,marking  ] GC(187) Concurrent Mark
[2022-06-28T10:30:29.445+0000][7][gc,marking  ] GC(187) Concurrent Mark From Roots
[2022-06-28T10:30:29.445+0000][7][gc,task     ] GC(187) Using 1 workers of 1 for marking
[2022-06-28T10:30:29.563+0000][7][gc,marking  ] GC(187) Concurrent Mark From Roots 118.344ms
[2022-06-28T10:30:29.563+0000][7][gc,marking  ] GC(187) Concurrent Preclean
[2022-06-28T10:30:29.563+0000][7][gc,marking  ] GC(187) Concurrent Preclean 0.120ms
[2022-06-28T10:30:29.563+0000][7][gc,start    ] GC(187) Pause Remark
[2022-06-28T10:30:29.576+0000][7][gc          ] GC(187) Pause Remark 87M->87M(256M) 13.030ms
[2022-06-28T10:30:29.576+0000][7][gc,cpu      ] GC(187) User=0.01s Sys=0.00s Real=0.02s
[2022-06-28T10:30:29.576+0000][7][safepoint   ] Safepoint "G1Concurrent", Time since last: 119363621 ns, Reaching safepoint: 26025 ns, At safepoint: 13105369 ns, Total: 13131394 ns
[2022-06-28T10:30:29.577+0000][7][gc,marking  ] GC(187) Concurrent Mark 131.715ms
[2022-06-28T10:30:29.577+0000][7][gc,marking  ] GC(187) Concurrent Rebuild Remembered Sets
[2022-06-28T10:30:29.642+0000][7][gc,marking  ] GC(187) Concurrent Rebuild Remembered Sets 65.854ms
[2022-06-28T10:30:29.643+0000][7][gc,start    ] GC(187) Pause Cleanup
[2022-06-28T10:30:29.643+0000][7][gc          ] GC(187) Pause Cleanup 87M->87M(256M) 0.051ms
[2022-06-28T10:30:29.643+0000][7][gc,cpu      ] GC(187) User=0.00s Sys=0.00s Real=0.00s
[2022-06-28T10:30:29.643+0000][7][safepoint   ] Safepoint "G1Concurrent", Time since last: 65948601 ns, Reaching safepoint: 45342 ns, At safepoint: 101360 ns, Total: 146702 ns
[2022-06-28T10:30:29.643+0000][7][gc,marking  ] GC(187) Concurrent Cleanup for Next Mark
[2022-06-28T10:30:29.643+0000][7][gc,marking  ] GC(187) Concurrent Cleanup for Next Mark 0.652ms
[2022-06-28T10:30:29.643+0000][7][gc          ] GC(187) Concurrent Mark Cycle 199.239ms
[2022-06-28T10:31:39.650+0000][7][safepoint   ] Safepoint "Cleanup", Time since last: 70007622917 ns, Reaching safepoint: 39841 ns, At safepoint: 5221 ns, Total: 45062 ns
[2022-06-28T10:31:44.651+0000][7][safepoint   ] Safepoint "Cleanup", Time since last: 5000536945 ns, Reaching safepoint: 37075 ns, At safepoint: 25024 ns, Total: 62099 ns
[2022-06-28T10:32:34.559+0000][7][gc,start    ] GC(188) Pause Young (Normal) (G1 Evacuation Pause)
[2022-06-28T10:32:34.559+0000][7][gc,task     ] GC(188) Using 1 workers of 1 for evacuation
[2022-06-28T10:32:34.559+0000][7][gc,age      ] GC(188) Desired survivor size 8388608 bytes, new threshold 15 (max threshold 15)
[2022-06-28T10:32:34.563+0000][7][gc,phases   ] GC(188)   Pre Evacuate Collection Set: 0.0ms
[2022-06-28T10:32:34.563+0000][7][gc,phases   ] GC(188)   Merge Heap Roots: 0.0ms
[2022-06-28T10:32:34.563+0000][7][gc,phases   ] GC(188)   Evacuate Collection Set: 3.4ms
[2022-06-28T10:32:34.563+0000][7][gc,phases   ] GC(188)   Post Evacuate Collection Set: 0.8ms
[2022-06-28T10:32:34.563+0000][7][gc,phases   ] GC(188)   Other: 0.1ms
[2022-06-28T10:32:34.563+0000][7][gc,age      ] GC(188) Age table with threshold 15 (max threshold 15)
[2022-06-28T10:32:34.563+0000][7][gc,age      ] GC(188) - age   1:      10392 bytes,      10392 total
[2022-06-28T10:32:34.563+0000][7][gc,age      ] GC(188) - age   2:        200 bytes,      10592 total
[2022-06-28T10:32:34.563+0000][7][gc,age      ] GC(188) - age   3:        576 bytes,      11168 total
[2022-06-28T10:32:34.563+0000][7][gc,age      ] GC(188) - age   4:        200 bytes,      11368 total
[2022-06-28T10:32:34.563+0000][7][gc,age      ] GC(188) - age   5:        200 bytes,      11568 total
[2022-06-28T10:32:34.563+0000][7][gc,age      ] GC(188) - age   6:         64 bytes,      11632 total
[2022-06-28T10:32:34.563+0000][7][gc,heap     ] GC(188) Eden regions: 29->0(29)
[2022-06-28T10:32:34.563+0000][7][gc,heap     ] GC(188) Survivor regions: 1->1(4)
[2022-06-28T10:32:34.563+0000][7][gc,heap     ] GC(188) Old regions: 19->19
[2022-06-28T10:32:34.563+0000][7][gc,heap     ] GC(188) Archive regions: 2->2
[2022-06-28T10:32:34.563+0000][7][gc,heap     ] GC(188) Humongous regions: 2->2
[2022-06-28T10:32:34.563+0000][7][gc,metaspace] GC(188) Metaspace: 102464K(106432K)->102464K(106432K) NonClass: 88782K(90944K)->88782K(90944K) Class: 13682K(15488K)->13682K(15488K)
[2022-06-28T10:32:34.564+0000][7][gc          ] GC(188) Pause Young (Normal) (G1 Evacuation Pause) 201M->85M(256M) 4.634ms
[2022-06-28T10:32:34.564+0000][7][gc,cpu      ] GC(188) User=0.00s Sys=0.00s Real=0.00s
[2022-06-28T10:32:34.564+0000][7][safepoint   ] Safepoint "G1CollectForAllocation", Time since last: 49907958902 ns, Reaching safepoint: 41609 ns, At safepoint: 4677801 ns, Total: 4719410 ns
[2022-06-28T10:34:39.672+0000][7][gc,start    ] GC(189) Pause Young (Concurrent Start) (G1 Evacuation Pause)
[2022-06-28T10:34:39.672+0000][7][gc,task     ] GC(189) Using 1 workers of 1 for evacuation
[2022-06-28T10:34:39.672+0000][7][gc,age      ] GC(189) Desired survivor size 8388608 bytes, new threshold 15 (max threshold 15)
[2022-06-28T10:34:39.675+0000][7][gc,phases   ] GC(189)   Pre Evacuate Collection Set: 0.2ms
[2022-06-28T10:34:39.675+0000][7][gc,phases   ] GC(189)   Merge Heap Roots: 0.0ms
[2022-06-28T10:34:39.675+0000][7][gc,phases   ] GC(189)   Evacuate Collection Set: 1.3ms
[2022-06-28T10:34:39.675+0000][7][gc,phases   ] GC(189)   Post Evacuate Collection Set: 0.9ms
[2022-06-28T10:34:39.675+0000][7][gc,phases   ] GC(189)   Other: 0.1ms
[2022-06-28T10:34:39.675+0000][7][gc,age      ] GC(189) Age table with threshold 15 (max threshold 15)
[2022-06-28T10:34:39.675+0000][7][gc,age      ] GC(189) - age   1:       9760 bytes,       9760 total
[2022-06-28T10:34:39.675+0000][7][gc,age      ] GC(189) - age   2:        200 bytes,       9960 total
[2022-06-28T10:34:39.675+0000][7][gc,age      ] GC(189) - age   3:        200 bytes,      10160 total
[2022-06-28T10:34:39.675+0000][7][gc,age      ] GC(189) - age   4:        576 bytes,      10736 total
[2022-06-28T10:34:39.675+0000][7][gc,age      ] GC(189) - age   5:        200 bytes,      10936 total
[2022-06-28T10:34:39.675+0000][7][gc,age      ] GC(189) - age   7:         64 bytes,      11000 total
[2022-06-28T10:34:39.675+0000][7][gc,heap     ] GC(189) Eden regions: 29->0(29)
[2022-06-28T10:34:39.675+0000][7][gc,heap     ] GC(189) Survivor regions: 1->1(4)
[2022-06-28T10:34:39.675+0000][7][gc,heap     ] GC(189) Old regions: 19->19
[2022-06-28T10:34:39.675+0000][7][gc,heap     ] GC(189) Archive regions: 2->2
[2022-06-28T10:34:39.675+0000][7][gc,heap     ] GC(189) Humongous regions: 2->2
[2022-06-28T10:34:39.675+0000][7][gc,metaspace] GC(189) Metaspace: 102465K(106432K)->102465K(106432K) NonClass: 88783K(90944K)->88783K(90944K) Class: 13682K(15488K)->13682K(15488K)
[2022-06-28T10:34:39.675+0000][7][gc          ] GC(189) Pause Young (Concurrent Start) (G1 Evacuation Pause) 201M->85M(256M) 2.707ms
[2022-06-28T10:34:39.675+0000][7][gc,cpu      ] GC(189) User=0.00s Sys=0.00s Real=0.01s
[2022-06-28T10:34:39.675+0000][7][safepoint   ] Safepoint "G1CollectForAllocation", Time since last: 125108718790 ns, Reaching safepoint: 26354 ns, At safepoint: 2756956 ns, Total: 2783310 ns
[2022-06-28T10:34:39.675+0000][7][gc          ] GC(190) Concurrent Mark Cycle
[2022-06-28T10:34:39.675+0000][7][gc,marking  ] GC(190) Concurrent Clear Claimed Marks
[2022-06-28T10:34:39.675+0000][7][gc,marking  ] GC(190) Concurrent Clear Claimed Marks 0.041ms
[2022-06-28T10:34:39.675+0000][7][gc,marking  ] GC(190) Concurrent Scan Root Regions
[2022-06-28T10:34:39.676+0000][7][gc,marking  ] GC(190) Concurrent Scan Root Regions 0.682ms
[2022-06-28T10:34:39.676+0000][7][gc,marking  ] GC(190) Concurrent Mark
[2022-06-28T10:34:39.676+0000][7][gc,marking  ] GC(190) Concurrent Mark From Roots
[2022-06-28T10:34:39.676+0000][7][gc,task     ] GC(190) Using 1 workers of 1 for marking
[2022-06-28T10:34:39.793+0000][7][gc,marking  ] GC(190) Concurrent Mark From Roots 117.188ms
[2022-06-28T10:34:39.793+0000][7][gc,marking  ] GC(190) Concurrent Preclean
[2022-06-28T10:34:39.793+0000][7][gc,marking  ] GC(190) Concurrent Preclean 0.114ms
[2022-06-28T10:34:39.793+0000][7][gc,start    ] GC(190) Pause Remark
[2022-06-28T10:34:39.806+0000][7][gc          ] GC(190) Pause Remark 89M->89M(256M) 12.966ms
[2022-06-28T10:34:39.806+0000][7][gc,cpu      ] GC(190) User=0.02s Sys=0.00s Real=0.01s
[2022-06-28T10:34:39.806+0000][7][safepoint   ] Safepoint "G1Concurrent", Time since last: 118179350 ns, Reaching safepoint: 23610 ns, At safepoint: 13043832 ns, Total: 13067442 ns
[2022-06-28T10:34:39.806+0000][7][gc,marking  ] GC(190) Concurrent Mark 130.492ms
[2022-06-28T10:34:39.806+0000][7][gc,marking  ] GC(190) Concurrent Rebuild Remembered Sets
[2022-06-28T10:34:39.872+0000][7][gc,marking  ] GC(190) Concurrent Rebuild Remembered Sets 65.514ms
[2022-06-28T10:34:39.872+0000][7][gc,start    ] GC(190) Pause Cleanup
[2022-06-28T10:34:39.872+0000][7][gc          ] GC(190) Pause Cleanup 89M->89M(256M) 0.049ms
[2022-06-28T10:34:39.872+0000][7][gc,cpu      ] GC(190) User=0.00s Sys=0.00s Real=0.00s
[2022-06-28T10:34:39.872+0000][7][safepoint   ] Safepoint "G1Concurrent", Time since last: 65628765 ns, Reaching safepoint: 22960 ns, At safepoint: 85292 ns, Total: 108252 ns
[2022-06-28T10:34:39.872+0000][7][gc,marking  ] GC(190) Concurrent Cleanup for Next Mark
[2022-06-28T10:34:39.873+0000][7][gc,marking  ] GC(190) Concurrent Cleanup for Next Mark 0.661ms
[2022-06-28T10:34:39.873+0000][7][gc          ] GC(190) Concurrent Mark Cycle 197.640ms
[2022-06-28T10:36:44.786+0000][7][gc,start    ] GC(191) Pause Young (Normal) (G1 Evacuation Pause)
[2022-06-28T10:36:44.787+0000][7][gc,task     ] GC(191) Using 1 workers of 1 for evacuation
[2022-06-28T10:36:44.787+0000][7][gc,age      ] GC(191) Desired survivor size 8388608 bytes, new threshold 15 (max threshold 15)
[2022-06-28T10:36:44.789+0000][7][gc,phases   ] GC(191)   Pre Evacuate Collection Set: 0.0ms
[2022-06-28T10:36:44.789+0000][7][gc,phases   ] GC(191)   Merge Heap Roots: 0.0ms
[2022-06-28T10:36:44.789+0000][7][gc,phases   ] GC(191)   Evacuate Collection Set: 1.5ms
[2022-06-28T10:36:44.789+0000][7][gc,phases   ] GC(191)   Post Evacuate Collection Set: 0.9ms
[2022-06-28T10:36:44.789+0000][7][gc,phases   ] GC(191)   Other: 0.1ms
[2022-06-28T10:36:44.789+0000][7][gc,age      ] GC(191) Age table with threshold 15 (max threshold 15)
[2022-06-28T10:36:44.789+0000][7][gc,age      ] GC(191) - age   1:      10312 bytes,      10312 total
[2022-06-28T10:36:44.789+0000][7][gc,age      ] GC(191) - age   2:        200 bytes,      10512 total
[2022-06-28T10:36:44.789+0000][7][gc,age      ] GC(191) - age   3:        200 bytes,      10712 total
[2022-06-28T10:36:44.789+0000][7][gc,age      ] GC(191) - age   4:        200 bytes,      10912 total
[2022-06-28T10:36:44.789+0000][7][gc,age      ] GC(191) - age   8:         64 bytes,      10976 total
[2022-06-28T10:36:44.789+0000][7][gc,heap     ] GC(191) Eden regions: 29->0(29)
[2022-06-28T10:36:44.789+0000][7][gc,heap     ] GC(191) Survivor regions: 1->1(4)
[2022-06-28T10:36:44.789+0000][7][gc,heap     ] GC(191) Old regions: 19->19
[2022-06-28T10:36:44.789+0000][7][gc,heap     ] GC(191) Archive regions: 2->2
[2022-06-28T10:36:44.789+0000][7][gc,heap     ] GC(191) Humongous regions: 2->2
[2022-06-28T10:36:44.789+0000][7][gc,metaspace] GC(191) Metaspace: 102466K(106432K)->102466K(106432K) NonClass: 88783K(90944K)->88783K(90944K) Class: 13682K(15488K)->13682K(15488K)
[2022-06-28T10:36:44.789+0000][7][gc          ] GC(191) Pause Young (Normal) (G1 Evacuation Pause) 201M->85M(256M) 2.828ms
[2022-06-28T10:36:44.789+0000][7][gc,cpu      ] GC(191) User=0.00s Sys=0.00s Real=0.01s
[2022-06-28T10:36:44.789+0000][7][safepoint   ] Safepoint "G1CollectForAllocation", Time since last: 124914386050 ns, Reaching safepoint: 27189 ns, At safepoint: 2871098 ns, Total: 2898287 ns
[2022-06-28T10:38:46.783+0000][7][gc,start    ] GC(192) Pause Young (Concurrent Start) (G1 Evacuation Pause)
[2022-06-28T10:38:46.783+0000][7][gc,task     ] GC(192) Using 1 workers of 1 for evacuation
[2022-06-28T10:38:46.783+0000][7][gc,age      ] GC(192) Desired survivor size 8388608 bytes, new threshold 15 (max threshold 15)
[2022-06-28T10:38:46.785+0000][7][gc,phases   ] GC(192)   Pre Evacuate Collection Set: 0.2ms
[2022-06-28T10:38:46.785+0000][7][gc,phases   ] GC(192)   Merge Heap Roots: 0.0ms
[2022-06-28T10:38:46.785+0000][7][gc,phases   ] GC(192)   Evacuate Collection Set: 1.4ms
[2022-06-28T10:38:46.785+0000][7][gc,phases   ] GC(192)   Post Evacuate Collection Set: 0.9ms
[2022-06-28T10:38:46.785+0000][7][gc,phases   ] GC(192)   Other: 0.1ms
[2022-06-28T10:38:46.785+0000][7][gc,age      ] GC(192) Age table with threshold 15 (max threshold 15)
[2022-06-28T10:38:46.785+0000][7][gc,age      ] GC(192) - age   1:       8312 bytes,       8312 total
[2022-06-28T10:38:46.785+0000][7][gc,age      ] GC(192) - age   2:        576 bytes,       8888 total
[2022-06-28T10:38:46.785+0000][7][gc,age      ] GC(192) - age   3:        200 bytes,       9088 total
[2022-06-28T10:38:46.785+0000][7][gc,age      ] GC(192) - age   4:        200 bytes,       9288 total
[2022-06-28T10:38:46.785+0000][7][gc,age      ] GC(192) - age   5:        200 bytes,       9488 total
[2022-06-28T10:38:46.785+0000][7][gc,age      ] GC(192) - age   9:         64 bytes,       9552 total
[2022-06-28T10:38:46.785+0000][7][gc,heap     ] GC(192) Eden regions: 29->0(29)
[2022-06-28T10:38:46.785+0000][7][gc,heap     ] GC(192) Survivor regions: 1->1(4)
[2022-06-28T10:38:46.785+0000][7][gc,heap     ] GC(192) Old regions: 19->19
[2022-06-28T10:38:46.785+0000][7][gc,heap     ] GC(192) Archive regions: 2->2
[2022-06-28T10:38:46.785+0000][7][gc,heap     ] GC(192) Humongous regions: 2->2
[2022-06-28T10:38:46.785+0000][7][gc,metaspace] GC(192) Metaspace: 102466K(106432K)->102466K(106432K) NonClass: 88783K(90944K)->88783K(90944K) Class: 13682K(15488K)->13682K(15488K)
[2022-06-28T10:38:46.785+0000][7][gc          ] GC(192) Pause Young (Concurrent Start) (G1 Evacuation Pause) 201M->85M(256M) 2.817ms
[2022-06-28T10:38:46.785+0000][7][gc,cpu      ] GC(192) User=0.01s Sys=0.00s Real=0.00s
[2022-06-28T10:38:46.785+0000][7][safepoint   ] Safepoint "G1CollectForAllocation", Time since last: 121993146186 ns, Reaching safepoint: 27364 ns, At safepoint: 2866041 ns, Total: 2893405 ns
[2022-06-28T10:38:46.785+0000][7][gc          ] GC(193) Concurrent Mark Cycle
[2022-06-28T10:38:46.785+0000][7][gc,marking  ] GC(193) Concurrent Clear Claimed Marks
[2022-06-28T10:38:46.785+0000][7][gc,marking  ] GC(193) Concurrent Clear Claimed Marks 0.040ms
[2022-06-28T10:38:46.785+0000][7][gc,marking  ] GC(193) Concurrent Scan Root Regions
[2022-06-28T10:38:46.786+0000][7][gc,marking  ] GC(193) Concurrent Scan Root Regions 0.791ms
[2022-06-28T10:38:46.786+0000][7][gc,marking  ] GC(193) Concurrent Mark
[2022-06-28T10:38:46.786+0000][7][gc,marking  ] GC(193) Concurrent Mark From Roots
[2022-06-28T10:38:46.786+0000][7][gc,task     ] GC(193) Using 1 workers of 1 for marking
[2022-06-28T10:38:46.900+0000][7][gc,marking  ] GC(193) Concurrent Mark From Roots 113.990ms
[2022-06-28T10:38:46.900+0000][7][gc,marking  ] GC(193) Concurrent Preclean
[2022-06-28T10:38:46.900+0000][7][gc,marking  ] GC(193) Concurrent Preclean 0.115ms
[2022-06-28T10:38:46.900+0000][7][gc,start    ] GC(193) Pause Remark
[2022-06-28T10:38:46.913+0000][7][gc          ] GC(193) Pause Remark 87M->87M(256M) 12.705ms
[2022-06-28T10:38:46.913+0000][7][gc,cpu      ] GC(193) User=0.01s Sys=0.00s Real=0.01s
[2022-06-28T10:38:46.913+0000][7][safepoint   ] Safepoint "G1Concurrent", Time since last: 115071982 ns, Reaching safepoint: 23376 ns, At safepoint: 12767730 ns, Total: 12791106 ns
[2022-06-28T10:38:46.913+0000][7][gc,marking  ] GC(193) Concurrent Mark 126.999ms
[2022-06-28T10:38:46.913+0000][7][gc,marking  ] GC(193) Concurrent Rebuild Remembered Sets
[2022-06-28T10:38:46.979+0000][7][gc,marking  ] GC(193) Concurrent Rebuild Remembered Sets 65.380ms
[2022-06-28T10:38:46.979+0000][7][gc,start    ] GC(193) Pause Cleanup
[2022-06-28T10:38:46.979+0000][7][gc          ] GC(193) Pause Cleanup 87M->87M(256M) 0.049ms
[2022-06-28T10:38:46.979+0000][7][gc,cpu      ] GC(193) User=0.00s Sys=0.00s Real=0.00s
[2022-06-28T10:38:46.979+0000][7][safepoint   ] Safepoint "G1Concurrent", Time since last: 65474272 ns, Reaching safepoint: 22702 ns, At safepoint: 83920 ns, Total: 106622 ns
[2022-06-28T10:38:46.979+0000][7][gc,marking  ] GC(193) Concurrent Cleanup for Next Mark
[2022-06-28T10:38:46.979+0000][7][gc,marking  ] GC(193) Concurrent Cleanup for Next Mark 0.654ms
[2022-06-28T10:38:46.979+0000][7][gc          ] GC(193) Concurrent Mark Cycle 194.113ms
[2022-06-28T10:40:50.006+0000][7][gc,start    ] GC(194) Pause Young (Normal) (G1 Evacuation Pause)
[2022-06-28T10:40:50.006+0000][7][gc,task     ] GC(194) Using 1 workers of 1 for evacuation
[2022-06-28T10:40:50.006+0000][7][gc,age      ] GC(194) Desired survivor size 8388608 bytes, new threshold 15 (max threshold 15)
[2022-06-28T10:40:50.008+0000][7][gc,phases   ] GC(194)   Pre Evacuate Collection Set: 0.1ms
[2022-06-28T10:40:50.008+0000][7][gc,phases   ] GC(194)   Merge Heap Roots: 0.0ms
[2022-06-28T10:40:50.008+0000][7][gc,phases   ] GC(194)   Evacuate Collection Set: 1.4ms
[2022-06-28T10:40:50.008+0000][7][gc,phases   ] GC(194)   Post Evacuate Collection Set: 0.9ms
[2022-06-28T10:40:50.008+0000][7][gc,phases   ] GC(194)   Other: 0.1ms
[2022-06-28T10:40:50.008+0000][7][gc,age      ] GC(194) Age table with threshold 15 (max threshold 15)
[2022-06-28T10:40:50.008+0000][7][gc,age      ] GC(194) - age   1:       8328 bytes,       8328 total
[2022-06-28T10:40:50.008+0000][7][gc,age      ] GC(194) - age   2:        200 bytes,       8528 total
[2022-06-28T10:40:50.008+0000][7][gc,age      ] GC(194) - age   3:        576 bytes,       9104 total
[2022-06-28T10:40:50.008+0000][7][gc,age      ] GC(194) - age   4:        200 bytes,       9304 total
[2022-06-28T10:40:50.008+0000][7][gc,age      ] GC(194) - age   5:        200 bytes,       9504 total
[2022-06-28T10:40:50.008+0000][7][gc,age      ] GC(194) - age  10:         64 bytes,       9568 total
[2022-06-28T10:40:50.008+0000][7][gc,heap     ] GC(194) Eden regions: 29->0(29)
[2022-06-28T10:40:50.008+0000][7][gc,heap     ] GC(194) Survivor regions: 1->1(4)
[2022-06-28T10:40:50.008+0000][7][gc,heap     ] GC(194) Old regions: 19->19
[2022-06-28T10:40:50.008+0000][7][gc,heap     ] GC(194) Archive regions: 2->2
[2022-06-28T10:40:50.008+0000][7][gc,heap     ] GC(194) Humongous regions: 2->2
[2022-06-28T10:40:50.008+0000][7][gc,metaspace] GC(194) Metaspace: 102466K(106432K)->102466K(106432K) NonClass: 88783K(90944K)->88783K(90944K) Class: 13682K(15488K)->13682K(15488K)
[2022-06-28T10:40:50.008+0000][7][gc          ] GC(194) Pause Young (Normal) (G1 Evacuation Pause) 201M->85M(256M) 2.679ms
[2022-06-28T10:40:50.008+0000][7][gc,cpu      ] GC(194) User=0.01s Sys=0.00s Real=0.01s
[2022-06-28T10:40:50.008+0000][7][safepoint   ] Safepoint "G1CollectForAllocation", Time since last: 123026593433 ns, Reaching safepoint: 161758 ns, At safepoint: 2727803 ns, Total: 2889561 ns
[2022-06-28T10:42:55.117+0000][7][gc,start    ] GC(195) Pause Young (Concurrent Start) (G1 Evacuation Pause)
[2022-06-28T10:42:55.117+0000][7][gc,task     ] GC(195) Using 1 workers of 1 for evacuation
[2022-06-28T10:42:55.117+0000][7][gc,age      ] GC(195) Desired survivor size 8388608 bytes, new threshold 15 (max threshold 15)
[2022-06-28T10:42:55.120+0000][7][gc,phases   ] GC(195)   Pre Evacuate Collection Set: 0.2ms
[2022-06-28T10:42:55.120+0000][7][gc,phases   ] GC(195)   Merge Heap Roots: 0.0ms
[2022-06-28T10:42:55.120+0000][7][gc,phases   ] GC(195)   Evacuate Collection Set: 1.3ms
[2022-06-28T10:42:55.120+0000][7][gc,phases   ] GC(195)   Post Evacuate Collection Set: 0.8ms
[2022-06-28T10:42:55.120+0000][7][gc,phases   ] GC(195)   Other: 0.1ms
[2022-06-28T10:42:55.120+0000][7][gc,age      ] GC(195) Age table with threshold 15 (max threshold 15)
[2022-06-28T10:42:55.120+0000][7][gc,age      ] GC(195) - age   1:       8256 bytes,       8256 total
[2022-06-28T10:42:55.120+0000][7][gc,age      ] GC(195) - age   2:        200 bytes,       8456 total
[2022-06-28T10:42:55.120+0000][7][gc,age      ] GC(195) - age   3:        200 bytes,       8656 total
[2022-06-28T10:42:55.120+0000][7][gc,age      ] GC(195) - age   4:        576 bytes,       9232 total
[2022-06-28T10:42:55.120+0000][7][gc,age      ] GC(195) - age   5:        200 bytes,       9432 total
[2022-06-28T10:42:55.120+0000][7][gc,age      ] GC(195) - age  11:         64 bytes,       9496 total
[2022-06-28T10:42:55.120+0000][7][gc,heap     ] GC(195) Eden regions: 29->0(29)
[2022-06-28T10:42:55.120+0000][7][gc,heap     ] GC(195) Survivor regions: 1->1(4)
[2022-06-28T10:42:55.120+0000][7][gc,heap     ] GC(195) Old regions: 19->19
[2022-06-28T10:42:55.120+0000][7][gc,heap     ] GC(195) Archive regions: 2->2
[2022-06-28T10:42:55.120+0000][7][gc,heap     ] GC(195) Humongous regions: 2->2
[2022-06-28T10:42:55.120+0000][7][gc,metaspace] GC(195) Metaspace: 102467K(106432K)->102467K(106432K) NonClass: 88785K(90944K)->88785K(90944K) Class: 13682K(15488K)->13682K(15488K)
[2022-06-28T10:42:55.120+0000][7][gc          ] GC(195) Pause Young (Concurrent Start) (G1 Evacuation Pause) 201M->85M(256M) 2.630ms
[2022-06-28T10:42:55.120+0000][7][gc,cpu      ] GC(195) User=0.00s Sys=0.00s Real=0.00s
[2022-06-28T10:42:55.120+0000][7][safepoint   ] Safepoint "G1CollectForAllocation", Time since last: 125108895612 ns, Reaching safepoint: 155951 ns, At safepoint: 2677609 ns, Total: 2833560 ns
[2022-06-28T10:42:55.120+0000][7][gc          ] GC(196) Concurrent Mark Cycle
[2022-06-28T10:42:55.120+0000][7][gc,marking  ] GC(196) Concurrent Clear Claimed Marks
[2022-06-28T10:42:55.120+0000][7][gc,marking  ] GC(196) Concurrent Clear Claimed Marks 0.040ms
[2022-06-28T10:42:55.120+0000][7][gc,marking  ] GC(196) Concurrent Scan Root Regions
[2022-06-28T10:42:55.121+0000][7][gc,marking  ] GC(196) Concurrent Scan Root Regions 0.695ms
[2022-06-28T10:42:55.121+0000][7][gc,marking  ] GC(196) Concurrent Mark
[2022-06-28T10:42:55.121+0000][7][gc,marking  ] GC(196) Concurrent Mark From Roots
[2022-06-28T10:42:55.121+0000][7][gc,task     ] GC(196) Using 1 workers of 1 for marking
[2022-06-28T10:42:55.235+0000][7][gc,marking  ] GC(196) Concurrent Mark From Roots 114.167ms
[2022-06-28T10:42:55.235+0000][7][gc,marking  ] GC(196) Concurrent Preclean
[2022-06-28T10:42:55.235+0000][7][gc,marking  ] GC(196) Concurrent Preclean 0.117ms
[2022-06-28T10:42:55.235+0000][7][gc,start    ] GC(196) Pause Remark
[2022-06-28T10:42:55.248+0000][7][gc          ] GC(196) Pause Remark 87M->87M(256M) 12.806ms
[2022-06-28T10:42:55.248+0000][7][gc,cpu      ] GC(196) User=0.02s Sys=0.00s Real=0.01s
[2022-06-28T10:42:55.248+0000][7][safepoint   ] Safepoint "G1Concurrent", Time since last: 115191132 ns, Reaching safepoint: 24872 ns, At safepoint: 12872598 ns, Total: 12897470 ns
[2022-06-28T10:42:55.248+0000][7][gc,marking  ] GC(196) Concurrent Mark 127.289ms
[2022-06-28T10:42:55.248+0000][7][gc,marking  ] GC(196) Concurrent Rebuild Remembered Sets
[2022-06-28T10:42:55.314+0000][7][gc,marking  ] GC(196) Concurrent Rebuild Remembered Sets 65.913ms
[2022-06-28T10:42:55.314+0000][7][gc,start    ] GC(196) Pause Cleanup
[2022-06-28T10:42:55.314+0000][7][gc          ] GC(196) Pause Cleanup 87M->87M(256M) 0.048ms
[2022-06-28T10:42:55.314+0000][7][gc,cpu      ] GC(196) User=0.00s Sys=0.00s Real=0.00s
[2022-06-28T10:42:55.314+0000][7][safepoint   ] Safepoint "G1Concurrent", Time since last: 66005536 ns, Reaching safepoint: 22109 ns, At safepoint: 83311 ns, Total: 105420 ns
[2022-06-28T10:42:55.314+0000][7][gc,marking  ] GC(196) Concurrent Cleanup for Next Mark
[2022-06-28T10:42:55.315+0000][7][gc,marking  ] GC(196) Concurrent Cleanup for Next Mark 0.673ms
[2022-06-28T10:42:55.315+0000][7][gc          ] GC(196) Concurrent Mark Cycle 194.869ms
[2022-06-28T10:45:00.225+0000][7][gc,start    ] GC(197) Pause Young (Normal) (G1 Evacuation Pause)
[2022-06-28T10:45:00.225+0000][7][gc,task     ] GC(197) Using 1 workers of 1 for evacuation
[2022-06-28T10:45:00.225+0000][7][gc,age      ] GC(197) Desired survivor size 8388608 bytes, new threshold 15 (max threshold 15)
[2022-06-28T10:45:00.227+0000][7][gc,phases   ] GC(197)   Pre Evacuate Collection Set: 0.0ms
[2022-06-28T10:45:00.227+0000][7][gc,phases   ] GC(197)   Merge Heap Roots: 0.0ms
[2022-06-28T10:45:00.227+0000][7][gc,phases   ] GC(197)   Evacuate Collection Set: 1.4ms
[2022-06-28T10:45:00.227+0000][7][gc,phases   ] GC(197)   Post Evacuate Collection Set: 0.9ms
[2022-06-28T10:45:00.227+0000][7][gc,phases   ] GC(197)   Other: 0.1ms
[2022-06-28T10:45:00.227+0000][7][gc,age      ] GC(197) Age table with threshold 15 (max threshold 15)
[2022-06-28T10:45:00.227+0000][7][gc,age      ] GC(197) - age   1:       9736 bytes,       9736 total
[2022-06-28T10:45:00.227+0000][7][gc,age      ] GC(197) - age   2:        200 bytes,       9936 total
[2022-06-28T10:45:00.227+0000][7][gc,age      ] GC(197) - age   3:        200 bytes,      10136 total
[2022-06-28T10:45:00.227+0000][7][gc,age      ] GC(197) - age   4:        200 bytes,      10336 total
[2022-06-28T10:45:00.227+0000][7][gc,age      ] GC(197) - age   5:        576 bytes,      10912 total
[2022-06-28T10:45:00.227+0000][7][gc,age      ] GC(197) - age  12:         64 bytes,      10976 total
[2022-06-28T10:45:00.227+0000][7][gc,heap     ] GC(197) Eden regions: 29->0(29)
[2022-06-28T10:45:00.227+0000][7][gc,heap     ] GC(197) Survivor regions: 1->1(4)
[2022-06-28T10:45:00.227+0000][7][gc,heap     ] GC(197) Old regions: 19->19
[2022-06-28T10:45:00.227+0000][7][gc,heap     ] GC(197) Archive regions: 2->2
[2022-06-28T10:45:00.227+0000][7][gc,heap     ] GC(197) Humongous regions: 2->2
[2022-06-28T10:45:00.227+0000][7][gc,metaspace] GC(197) Metaspace: 102467K(106432K)->102467K(106432K) NonClass: 88785K(90944K)->88785K(90944K) Class: 13682K(15488K)->13682K(15488K)
[2022-06-28T10:45:00.228+0000][7][gc          ] GC(197) Pause Young (Normal) (G1 Evacuation Pause) 201M->85M(256M) 2.690ms
[2022-06-28T10:45:00.228+0000][7][gc,cpu      ] GC(197) User=0.00s Sys=0.00s Real=0.01s
[2022-06-28T10:45:00.228+0000][7][safepoint   ] Safepoint "G1CollectForAllocation", Time since last: 124910570537 ns, Reaching safepoint: 26384 ns, At safepoint: 2750354 ns, Total: 2776738 ns
[2022-06-28T10:47:05.334+0000][7][gc,start    ] GC(198) Pause Young (Concurrent Start) (G1 Evacuation Pause)
[2022-06-28T10:47:05.334+0000][7][gc,task     ] GC(198) Using 1 workers of 1 for evacuation
[2022-06-28T10:47:05.335+0000][7][gc,age      ] GC(198) Desired survivor size 8388608 bytes, new threshold 15 (max threshold 15)
[2022-06-28T10:47:05.337+0000][7][gc,phases   ] GC(198)   Pre Evacuate Collection Set: 0.2ms
[2022-06-28T10:47:05.337+0000][7][gc,phases   ] GC(198)   Merge Heap Roots: 0.0ms
[2022-06-28T10:47:05.337+0000][7][gc,phases   ] GC(198)   Evacuate Collection Set: 1.4ms
[2022-06-28T10:47:05.337+0000][7][gc,phases   ] GC(198)   Post Evacuate Collection Set: 0.8ms
[2022-06-28T10:47:05.337+0000][7][gc,phases   ] GC(198)   Other: 0.1ms
[2022-06-28T10:47:05.337+0000][7][gc,age      ] GC(198) Age table with threshold 15 (max threshold 15)
[2022-06-28T10:47:05.337+0000][7][gc,age      ] GC(198) - age   1:      10360 bytes,      10360 total
[2022-06-28T10:47:05.337+0000][7][gc,age      ] GC(198) - age   2:        200 bytes,      10560 total
[2022-06-28T10:47:05.337+0000][7][gc,age      ] GC(198) - age   3:        200 bytes,      10760 total
[2022-06-28T10:47:05.337+0000][7][gc,age      ] GC(198) - age   4:        200 bytes,      10960 total
[2022-06-28T10:47:05.337+0000][7][gc,age      ] GC(198) - age  13:         64 bytes,      11024 total
[2022-06-28T10:47:05.337+0000][7][gc,heap     ] GC(198) Eden regions: 29->0(29)
[2022-06-28T10:47:05.337+0000][7][gc,heap     ] GC(198) Survivor regions: 1->1(4)
[2022-06-28T10:47:05.337+0000][7][gc,heap     ] GC(198) Old regions: 19->19
[2022-06-28T10:47:05.337+0000][7][gc,heap     ] GC(198) Archive regions: 2->2
[2022-06-28T10:47:05.337+0000][7][gc,heap     ] GC(198) Humongous regions: 2->2
[2022-06-28T10:47:05.337+0000][7][gc,metaspace] GC(198) Metaspace: 102467K(106432K)->102467K(106432K) NonClass: 88785K(90944K)->88785K(90944K) Class: 13682K(15488K)->13682K(15488K)
[2022-06-28T10:47:05.337+0000][7][gc          ] GC(198) Pause Young (Concurrent Start) (G1 Evacuation Pause) 201M->85M(256M) 2.680ms
[2022-06-28T10:47:05.337+0000][7][gc,cpu      ] GC(198) User=0.00s Sys=0.00s Real=0.01s
[2022-06-28T10:47:05.337+0000][7][safepoint   ] Safepoint "G1CollectForAllocation", Time since last: 125106821284 ns, Reaching safepoint: 26656 ns, At safepoint: 2728951 ns, Total: 2755607 ns
[2022-06-28T10:47:05.337+0000][7][gc          ] GC(199) Concurrent Mark Cycle
[2022-06-28T10:47:05.337+0000][7][gc,marking  ] GC(199) Concurrent Clear Claimed Marks
[2022-06-28T10:47:05.337+0000][7][gc,marking  ] GC(199) Concurrent Clear Claimed Marks 0.038ms
[2022-06-28T10:47:05.337+0000][7][gc,marking  ] GC(199) Concurrent Scan Root Regions
[2022-06-28T10:47:05.338+0000][7][gc,marking  ] GC(199) Concurrent Scan Root Regions 0.679ms
[2022-06-28T10:47:05.338+0000][7][gc,marking  ] GC(199) Concurrent Mark
[2022-06-28T10:47:05.338+0000][7][gc,marking  ] GC(199) Concurrent Mark From Roots
[2022-06-28T10:47:05.338+0000][7][gc,task     ] GC(199) Using 1 workers of 1 for marking
[2022-06-28T10:47:05.454+0000][7][gc,marking  ] GC(199) Concurrent Mark From Roots 115.788ms
[2022-06-28T10:47:05.454+0000][7][gc,marking  ] GC(199) Concurrent Preclean
[2022-06-28T10:47:05.454+0000][7][gc,marking  ] GC(199) Concurrent Preclean 0.109ms
[2022-06-28T10:47:05.454+0000][7][gc,start    ] GC(199) Pause Remark
[2022-06-28T10:47:05.467+0000][7][gc          ] GC(199) Pause Remark 87M->87M(256M) 12.938ms
[2022-06-28T10:47:05.467+0000][7][gc,cpu      ] GC(199) User=0.01s Sys=0.00s Real=0.02s
[2022-06-28T10:47:05.467+0000][7][safepoint   ] Safepoint "G1Concurrent", Time since last: 116771892 ns, Reaching safepoint: 23867 ns, At safepoint: 13007241 ns, Total: 13031108 ns
[2022-06-28T10:47:05.467+0000][7][gc,marking  ] GC(199) Concurrent Mark 129.037ms
[2022-06-28T10:47:05.467+0000][7][gc,marking  ] GC(199) Concurrent Rebuild Remembered Sets
[2022-06-28T10:47:05.533+0000][7][gc,marking  ] GC(199) Concurrent Rebuild Remembered Sets 65.807ms
[2022-06-28T10:47:05.533+0000][7][gc,start    ] GC(199) Pause Cleanup
[2022-06-28T10:47:05.533+0000][7][gc          ] GC(199) Pause Cleanup 87M->87M(256M) 0.051ms
[2022-06-28T10:47:05.533+0000][7][gc,cpu      ] GC(199) User=0.00s Sys=0.00s Real=0.00s
[2022-06-28T10:47:05.533+0000][7][safepoint   ] Safepoint "G1Concurrent", Time since last: 65920026 ns, Reaching safepoint: 29459 ns, At safepoint: 87341 ns, Total: 116800 ns
[2022-06-28T10:47:05.533+0000][7][gc,marking  ] GC(199) Concurrent Cleanup for Next Mark
[2022-06-28T10:47:05.534+0000][7][gc,marking  ] GC(199) Concurrent Cleanup for Next Mark 0.646ms
[2022-06-28T10:47:05.534+0000][7][gc          ] GC(199) Concurrent Mark Cycle 196.482ms
[2022-06-28T10:49:10.449+0000][7][gc,start    ] GC(200) Pause Young (Normal) (G1 Evacuation Pause)
[2022-06-28T10:49:10.449+0000][7][gc,task     ] GC(200) Using 1 workers of 1 for evacuation
[2022-06-28T10:49:10.449+0000][7][gc,age      ] GC(200) Desired survivor size 8388608 bytes, new threshold 15 (max threshold 15)
[2022-06-28T10:49:10.452+0000][7][gc,phases   ] GC(200)   Pre Evacuate Collection Set: 0.0ms
[2022-06-28T10:49:10.452+0000][7][gc,phases   ] GC(200)   Merge Heap Roots: 0.0ms
[2022-06-28T10:49:10.452+0000][7][gc,phases   ] GC(200)   Evacuate Collection Set: 1.4ms
[2022-06-28T10:49:10.452+0000][7][gc,phases   ] GC(200)   Post Evacuate Collection Set: 0.8ms
[2022-06-28T10:49:10.452+0000][7][gc,phases   ] GC(200)   Other: 0.1ms
[2022-06-28T10:49:10.452+0000][7][gc,age      ] GC(200) Age table with threshold 15 (max threshold 15)
[2022-06-28T10:49:10.452+0000][7][gc,age      ] GC(200) - age   1:      10288 bytes,      10288 total
[2022-06-28T10:49:10.452+0000][7][gc,age      ] GC(200) - age   2:        576 bytes,      10864 total
[2022-06-28T10:49:10.452+0000][7][gc,age      ] GC(200) - age   3:        200 bytes,      11064 total
[2022-06-28T10:49:10.452+0000][7][gc,age      ] GC(200) - age   4:        200 bytes,      11264 total
[2022-06-28T10:49:10.452+0000][7][gc,age      ] GC(200) - age   5:        200 bytes,      11464 total
[2022-06-28T10:49:10.452+0000][7][gc,age      ] GC(200) - age  14:         64 bytes,      11528 total
[2022-06-28T10:49:10.452+0000][7][gc,heap     ] GC(200) Eden regions: 29->0(29)
[2022-06-28T10:49:10.452+0000][7][gc,heap     ] GC(200) Survivor regions: 1->1(4)
[2022-06-28T10:49:10.452+0000][7][gc,heap     ] GC(200) Old regions: 19->19
[2022-06-28T10:49:10.452+0000][7][gc,heap     ] GC(200) Archive regions: 2->2
[2022-06-28T10:49:10.452+0000][7][gc,heap     ] GC(200) Humongous regions: 2->2
[2022-06-28T10:49:10.452+0000][7][gc,metaspace] GC(200) Metaspace: 102467K(106432K)->102467K(106432K) NonClass: 88785K(90944K)->88785K(90944K) Class: 13682K(15488K)->13682K(15488K)
[2022-06-28T10:49:10.452+0000][7][gc          ] GC(200) Pause Young (Normal) (G1 Evacuation Pause) 201M->85M(256M) 2.669ms
[2022-06-28T10:49:10.452+0000][7][gc,cpu      ] GC(200) User=0.00s Sys=0.00s Real=0.00s
[2022-06-28T10:49:10.452+0000][7][safepoint   ] Safepoint "G1CollectForAllocation", Time since last: 124916240683 ns, Reaching safepoint: 26914 ns, At safepoint: 2753780 ns, Total: 2780694 ns
[2022-06-28T10:51:15.559+0000][7][gc,start    ] GC(201) Pause Young (Concurrent Start) (G1 Evacuation Pause)
[2022-06-28T10:51:15.559+0000][7][gc,task     ] GC(201) Using 1 workers of 1 for evacuation
[2022-06-28T10:51:15.559+0000][7][gc,age      ] GC(201) Desired survivor size 8388608 bytes, new threshold 15 (max threshold 15)
[2022-06-28T10:51:15.561+0000][7][gc,phases   ] GC(201)   Pre Evacuate Collection Set: 0.2ms
[2022-06-28T10:51:15.561+0000][7][gc,phases   ] GC(201)   Merge Heap Roots: 0.0ms
[2022-06-28T10:51:15.561+0000][7][gc,phases   ] GC(201)   Evacuate Collection Set: 1.3ms
[2022-06-28T10:51:15.561+0000][7][gc,phases   ] GC(201)   Post Evacuate Collection Set: 0.8ms
[2022-06-28T10:51:15.561+0000][7][gc,phases   ] GC(201)   Other: 0.1ms
[2022-06-28T10:51:15.561+0000][7][gc,age      ] GC(201) Age table with threshold 15 (max threshold 15)
[2022-06-28T10:51:15.561+0000][7][gc,age      ] GC(201) - age   1:       9824 bytes,       9824 total
[2022-06-28T10:51:15.561+0000][7][gc,age      ] GC(201) - age   3:        576 bytes,      10400 total
[2022-06-28T10:51:15.561+0000][7][gc,age      ] GC(201) - age   4:        200 bytes,      10600 total
[2022-06-28T10:51:15.561+0000][7][gc,age      ] GC(201) - age   5:        200 bytes,      10800 total
[2022-06-28T10:51:15.561+0000][7][gc,age      ] GC(201) - age   6:        200 bytes,      11000 total
[2022-06-28T10:51:15.561+0000][7][gc,age      ] GC(201) - age  15:         64 bytes,      11064 total
[2022-06-28T10:51:15.561+0000][7][gc,heap     ] GC(201) Eden regions: 29->0(29)
[2022-06-28T10:51:15.562+0000][7][gc,heap     ] GC(201) Survivor regions: 1->1(4)
[2022-06-28T10:51:15.562+0000][7][gc,heap     ] GC(201) Old regions: 19->19
[2022-06-28T10:51:15.562+0000][7][gc,heap     ] GC(201) Archive regions: 2->2
[2022-06-28T10:51:15.562+0000][7][gc,heap     ] GC(201) Humongous regions: 2->2
[2022-06-28T10:51:15.562+0000][7][gc,metaspace] GC(201) Metaspace: 102467K(106432K)->102467K(106432K) NonClass: 88785K(90944K)->88785K(90944K) Class: 13682K(15488K)->13682K(15488K)
[2022-06-28T10:51:15.562+0000][7][gc          ] GC(201) Pause Young (Concurrent Start) (G1 Evacuation Pause) 201M->85M(256M) 2.603ms
[2022-06-28T10:51:15.562+0000][7][gc,cpu      ] GC(201) User=0.00s Sys=0.00s Real=0.00s
[2022-06-28T10:51:15.562+0000][7][safepoint   ] Safepoint "G1CollectForAllocation", Time since last: 125106920072 ns, Reaching safepoint: 25571 ns, At safepoint: 2649805 ns, Total: 2675376 ns
[2022-06-28T10:51:15.562+0000][7][gc          ] GC(202) Concurrent Mark Cycle
[2022-06-28T10:51:15.562+0000][7][gc,marking  ] GC(202) Concurrent Clear Claimed Marks
[2022-06-28T10:51:15.562+0000][7][gc,marking  ] GC(202) Concurrent Clear Claimed Marks 0.038ms
[2022-06-28T10:51:15.562+0000][7][gc,marking  ] GC(202) Concurrent Scan Root Regions
[2022-06-28T10:51:15.562+0000][7][gc,marking  ] GC(202) Concurrent Scan Root Regions 0.664ms
[2022-06-28T10:51:15.562+0000][7][gc,marking  ] GC(202) Concurrent Mark
[2022-06-28T10:51:15.562+0000][7][gc,marking  ] GC(202) Concurrent Mark From Roots
[2022-06-28T10:51:15.562+0000][7][gc,task     ] GC(202) Using 1 workers of 1 for marking
[2022-06-28T10:51:15.678+0000][7][gc,marking  ] GC(202) Concurrent Mark From Roots 115.803ms
[2022-06-28T10:51:15.678+0000][7][gc,marking  ] GC(202) Concurrent Preclean
[2022-06-28T10:51:15.678+0000][7][gc,marking  ] GC(202) Concurrent Preclean 0.114ms
[2022-06-28T10:51:15.678+0000][7][gc,start    ] GC(202) Pause Remark
[2022-06-28T10:51:15.691+0000][7][gc          ] GC(202) Pause Remark 87M->87M(256M) 12.715ms
[2022-06-28T10:51:15.691+0000][7][gc,cpu      ] GC(202) User=0.01s Sys=0.00s Real=0.01s
[2022-06-28T10:51:15.691+0000][7][safepoint   ] Safepoint "G1Concurrent", Time since last: 116775591 ns, Reaching safepoint: 23086 ns, At safepoint: 12767299 ns, Total: 12790385 ns
[2022-06-28T10:51:15.691+0000][7][gc,marking  ] GC(202) Concurrent Mark 128.825ms
[2022-06-28T10:51:15.691+0000][7][gc,marking  ] GC(202) Concurrent Rebuild Remembered Sets
[2022-06-28T10:51:15.757+0000][7][gc,marking  ] GC(202) Concurrent Rebuild Remembered Sets 65.671ms
[2022-06-28T10:51:15.757+0000][7][gc,start    ] GC(202) Pause Cleanup
[2022-06-28T10:51:15.757+0000][7][gc          ] GC(202) Pause Cleanup 87M->87M(256M) 0.048ms
[2022-06-28T10:51:15.757+0000][7][gc,cpu      ] GC(202) User=0.00s Sys=0.00s Real=0.00s
[2022-06-28T10:51:15.757+0000][7][safepoint   ] Safepoint "G1Concurrent", Time since last: 65774008 ns, Reaching safepoint: 22185 ns, At safepoint: 83477 ns, Total: 105662 ns
[2022-06-28T10:51:15.757+0000][7][gc,marking  ] GC(202) Concurrent Cleanup for Next Mark
[2022-06-28T10:51:15.758+0000][7][gc,marking  ] GC(202) Concurrent Cleanup for Next Mark 0.646ms
[2022-06-28T10:51:15.758+0000][7][gc          ] GC(202) Concurrent Mark Cycle 196.086ms
[2022-06-28T10:53:20.673+0000][7][gc,start    ] GC(203) Pause Young (Normal) (G1 Evacuation Pause)
[2022-06-28T10:53:20.673+0000][7][gc,task     ] GC(203) Using 1 workers of 1 for evacuation
[2022-06-28T10:53:20.673+0000][7][gc,age      ] GC(203) Desired survivor size 8388608 bytes, new threshold 15 (max threshold 15)
[2022-06-28T10:53:20.676+0000][7][gc,phases   ] GC(203)   Pre Evacuate Collection Set: 0.0ms
[2022-06-28T10:53:20.676+0000][7][gc,phases   ] GC(203)   Merge Heap Roots: 0.0ms
[2022-06-28T10:53:20.676+0000][7][gc,phases   ] GC(203)   Evacuate Collection Set: 1.5ms
[2022-06-28T10:53:20.676+0000][7][gc,phases   ] GC(203)   Post Evacuate Collection Set: 0.8ms
[2022-06-28T10:53:20.676+0000][7][gc,phases   ] GC(203)   Other: 0.1ms
[2022-06-28T10:53:20.676+0000][7][gc,age      ] GC(203) Age table with threshold 15 (max threshold 15)
[2022-06-28T10:53:20.676+0000][7][gc,age      ] GC(203) - age   1:      10456 bytes,      10456 total
[2022-06-28T10:53:20.676+0000][7][gc,age      ] GC(203) - age   2:        200 bytes,      10656 total
[2022-06-28T10:53:20.676+0000][7][gc,age      ] GC(203) - age   4:        576 bytes,      11232 total
[2022-06-28T10:53:20.676+0000][7][gc,age      ] GC(203) - age   5:        200 bytes,      11432 total
[2022-06-28T10:53:20.676+0000][7][gc,age      ] GC(203) - age   6:        200 bytes,      11632 total
[2022-06-28T10:53:20.676+0000][7][gc,heap     ] GC(203) Eden regions: 29->0(29)
[2022-06-28T10:53:20.676+0000][7][gc,heap     ] GC(203) Survivor regions: 1->1(4)
[2022-06-28T10:53:20.676+0000][7][gc,heap     ] GC(203) Old regions: 19->19
[2022-06-28T10:53:20.676+0000][7][gc,heap     ] GC(203) Archive regions: 2->2
[2022-06-28T10:53:20.676+0000][7][gc,heap     ] GC(203) Humongous regions: 2->2
[2022-06-28T10:53:20.676+0000][7][gc,metaspace] GC(203) Metaspace: 102467K(106432K)->102467K(106432K) NonClass: 88785K(90944K)->88785K(90944K) Class: 13682K(15488K)->13682K(15488K)
[2022-06-28T10:53:20.676+0000][7][gc          ] GC(203) Pause Young (Normal) (G1 Evacuation Pause) 201M->85M(256M) 2.725ms
[2022-06-28T10:53:20.676+0000][7][gc,cpu      ] GC(203) User=0.00s Sys=0.00s Real=0.01s
[2022-06-28T10:53:20.676+0000][7][safepoint   ] Safepoint "G1CollectForAllocation", Time since last: 124915967940 ns, Reaching safepoint: 25968 ns, At safepoint: 2767181 ns, Total: 2793149 ns
[2022-06-28T10:55:25.782+0000][7][gc,start    ] GC(204) Pause Young (Concurrent Start) (G1 Evacuation Pause)
[2022-06-28T10:55:25.782+0000][7][gc,task     ] GC(204) Using 1 workers of 1 for evacuation
[2022-06-28T10:55:25.782+0000][7][gc,age      ] GC(204) Desired survivor size 8388608 bytes, new threshold 15 (max threshold 15)
[2022-06-28T10:55:25.785+0000][7][gc,phases   ] GC(204)   Pre Evacuate Collection Set: 0.2ms
[2022-06-28T10:55:25.785+0000][7][gc,phases   ] GC(204)   Merge Heap Roots: 0.0ms
[2022-06-28T10:55:25.785+0000][7][gc,phases   ] GC(204)   Evacuate Collection Set: 1.4ms
[2022-06-28T10:55:25.785+0000][7][gc,phases   ] GC(204)   Post Evacuate Collection Set: 0.8ms
[2022-06-28T10:55:25.785+0000][7][gc,phases   ] GC(204)   Other: 0.1ms
[2022-06-28T10:55:25.785+0000][7][gc,age      ] GC(204) Age table with threshold 15 (max threshold 15)
[2022-06-28T10:55:25.785+0000][7][gc,age      ] GC(204) - age   1:      10488 bytes,      10488 total
[2022-06-28T10:55:25.785+0000][7][gc,age      ] GC(204) - age   2:        200 bytes,      10688 total
[2022-06-28T10:55:25.785+0000][7][gc,age      ] GC(204) - age   3:        200 bytes,      10888 total
[2022-06-28T10:55:25.785+0000][7][gc,age      ] GC(204) - age   5:        576 bytes,      11464 total
[2022-06-28T10:55:25.785+0000][7][gc,age      ] GC(204) - age   6:        200 bytes,      11664 total
[2022-06-28T10:55:25.785+0000][7][gc,heap     ] GC(204) Eden regions: 29->0(29)
[2022-06-28T10:55:25.785+0000][7][gc,heap     ] GC(204) Survivor regions: 1->1(4)
[2022-06-28T10:55:25.785+0000][7][gc,heap     ] GC(204) Old regions: 19->19
[2022-06-28T10:55:25.785+0000][7][gc,heap     ] GC(204) Archive regions: 2->2
[2022-06-28T10:55:25.785+0000][7][gc,heap     ] GC(204) Humongous regions: 2->2
[2022-06-28T10:55:25.785+0000][7][gc,metaspace] GC(204) Metaspace: 102467K(106432K)->102467K(106432K) NonClass: 88785K(90944K)->88785K(90944K) Class: 13682K(15488K)->13682K(15488K)
[2022-06-28T10:55:25.785+0000][7][gc          ] GC(204) Pause Young (Concurrent Start) (G1 Evacuation Pause) 201M->85M(256M) 2.715ms
[2022-06-28T10:55:25.785+0000][7][gc,cpu      ] GC(204) User=0.00s Sys=0.00s Real=0.00s
[2022-06-28T10:55:25.785+0000][7][safepoint   ] Safepoint "G1CollectForAllocation", Time since last: 125106524093 ns, Reaching safepoint: 25139 ns, At safepoint: 2762160 ns, Total: 2787299 ns
[2022-06-28T10:55:25.785+0000][7][gc          ] GC(205) Concurrent Mark Cycle
[2022-06-28T10:55:25.785+0000][7][gc,marking  ] GC(205) Concurrent Clear Claimed Marks
[2022-06-28T10:55:25.785+0000][7][gc,marking  ] GC(205) Concurrent Clear Claimed Marks 0.038ms
[2022-06-28T10:55:25.785+0000][7][gc,marking  ] GC(205) Concurrent Scan Root Regions
[2022-06-28T10:55:25.786+0000][7][gc,marking  ] GC(205) Concurrent Scan Root Regions 0.675ms
[2022-06-28T10:55:25.786+0000][7][gc,marking  ] GC(205) Concurrent Mark
[2022-06-28T10:55:25.786+0000][7][gc,marking  ] GC(205) Concurrent Mark From Roots
[2022-06-28T10:55:25.786+0000][7][gc,task     ] GC(205) Using 1 workers of 1 for marking
[2022-06-28T10:55:25.903+0000][7][gc,marking  ] GC(205) Concurrent Mark From Roots 116.779ms
[2022-06-28T10:55:25.903+0000][7][gc,marking  ] GC(205) Concurrent Preclean
[2022-06-28T10:55:25.903+0000][7][gc,marking  ] GC(205) Concurrent Preclean 0.123ms
[2022-06-28T10:55:25.903+0000][7][gc,start    ] GC(205) Pause Remark
[2022-06-28T10:55:25.916+0000][7][gc          ] GC(205) Pause Remark 87M->87M(256M) 13.233ms
[2022-06-28T10:55:25.916+0000][7][gc,cpu      ] GC(205) User=0.01s Sys=0.00s Real=0.02s
[2022-06-28T10:55:25.916+0000][7][safepoint   ] Safepoint "G1Concurrent", Time since last: 117781943 ns, Reaching safepoint: 24062 ns, At safepoint: 13291917 ns, Total: 13315979 ns
[2022-06-28T10:55:25.916+0000][7][gc,marking  ] GC(205) Concurrent Mark 130.335ms
[2022-06-28T10:55:25.916+0000][7][gc,marking  ] GC(205) Concurrent Rebuild Remembered Sets
[2022-06-28T10:55:25.984+0000][7][gc,marking  ] GC(205) Concurrent Rebuild Remembered Sets 67.329ms
[2022-06-28T10:55:25.984+0000][7][gc,start    ] GC(205) Pause Cleanup
[2022-06-28T10:55:25.984+0000][7][gc          ] GC(205) Pause Cleanup 87M->87M(256M) 0.047ms
[2022-06-28T10:55:25.984+0000][7][gc,cpu      ] GC(205) User=0.00s Sys=0.00s Real=0.00s
[2022-06-28T10:55:25.984+0000][7][safepoint   ] Safepoint "G1Concurrent", Time since last: 67436055 ns, Reaching safepoint: 33495 ns, At safepoint: 82831 ns, Total: 116326 ns
[2022-06-28T10:55:25.984+0000][7][gc,marking  ] GC(205) Concurrent Cleanup for Next Mark
[2022-06-28T10:55:25.984+0000][7][gc,marking  ] GC(205) Concurrent Cleanup for Next Mark 0.688ms
[2022-06-28T10:55:25.984+0000][7][gc          ] GC(205) Concurrent Mark Cycle 199.330ms
[2022-06-28T10:57:30.897+0000][7][gc,start    ] GC(206) Pause Young (Normal) (G1 Evacuation Pause)
[2022-06-28T10:57:30.897+0000][7][gc,task     ] GC(206) Using 1 workers of 1 for evacuation
[2022-06-28T10:57:30.897+0000][7][gc,age      ] GC(206) Desired survivor size 8388608 bytes, new threshold 15 (max threshold 15)
[2022-06-28T10:57:30.900+0000][7][gc,phases   ] GC(206)   Pre Evacuate Collection Set: 0.0ms
[2022-06-28T10:57:30.900+0000][7][gc,phases   ] GC(206)   Merge Heap Roots: 0.0ms
[2022-06-28T10:57:30.900+0000][7][gc,phases   ] GC(206)   Evacuate Collection Set: 1.6ms
[2022-06-28T10:57:30.900+0000][7][gc,phases   ] GC(206)   Post Evacuate Collection Set: 0.9ms
[2022-06-28T10:57:30.900+0000][7][gc,phases   ] GC(206)   Other: 0.1ms
[2022-06-28T10:57:30.900+0000][7][gc,age      ] GC(206) Age table with threshold 15 (max threshold 15)
[2022-06-28T10:57:30.900+0000][7][gc,age      ] GC(206) - age   1:      10520 bytes,      10520 total
[2022-06-28T10:57:30.900+0000][7][gc,age      ] GC(206) - age   2:        200 bytes,      10720 total
[2022-06-28T10:57:30.900+0000][7][gc,age      ] GC(206) - age   3:        200 bytes,      10920 total
[2022-06-28T10:57:30.900+0000][7][gc,age      ] GC(206) - age   7:        200 bytes,      11120 total
[2022-06-28T10:57:30.900+0000][7][gc,heap     ] GC(206) Eden regions: 29->0(29)
[2022-06-28T10:57:30.900+0000][7][gc,heap     ] GC(206) Survivor regions: 1->1(4)
[2022-06-28T10:57:30.900+0000][7][gc,heap     ] GC(206) Old regions: 19->19
[2022-06-28T10:57:30.900+0000][7][gc,heap     ] GC(206) Archive regions: 2->2
[2022-06-28T10:57:30.900+0000][7][gc,heap     ] GC(206) Humongous regions: 2->2
[2022-06-28T10:57:30.900+0000][7][gc,metaspace] GC(206) Metaspace: 102468K(106432K)->102468K(106432K) NonClass: 88785K(90944K)->88785K(90944K) Class: 13682K(15488K)->13682K(15488K)
[2022-06-28T10:57:30.900+0000][7][gc          ] GC(206) Pause Young (Normal) (G1 Evacuation Pause) 201M->85M(256M) 2.846ms
[2022-06-28T10:57:30.900+0000][7][gc,cpu      ] GC(206) User=0.00s Sys=0.00s Real=0.00s
[2022-06-28T10:57:30.900+0000][7][safepoint   ] Safepoint "G1CollectForAllocation", Time since last: 124913460733 ns, Reaching safepoint: 26148 ns, At safepoint: 2889006 ns, Total: 2915154 ns
[2022-06-28T10:59:36.009+0000][7][gc,start    ] GC(207) Pause Young (Concurrent Start) (G1 Evacuation Pause)
[2022-06-28T10:59:36.009+0000][7][gc,task     ] GC(207) Using 1 workers of 1 for evacuation
[2022-06-28T10:59:36.009+0000][7][gc,age      ] GC(207) Desired survivor size 8388608 bytes, new threshold 15 (max threshold 15)
[2022-06-28T10:59:36.012+0000][7][gc,phases   ] GC(207)   Pre Evacuate Collection Set: 0.2ms
[2022-06-28T10:59:36.012+0000][7][gc,phases   ] GC(207)   Merge Heap Roots: 0.0ms
[2022-06-28T10:59:36.012+0000][7][gc,phases   ] GC(207)   Evacuate Collection Set: 1.5ms
[2022-06-28T10:59:36.012+0000][7][gc,phases   ] GC(207)   Post Evacuate Collection Set: 1.0ms
[2022-06-28T10:59:36.012+0000][7][gc,phases   ] GC(207)   Other: 0.1ms
[2022-06-28T10:59:36.012+0000][7][gc,age      ] GC(207) Age table with threshold 15 (max threshold 15)
[2022-06-28T10:59:36.012+0000][7][gc,age      ] GC(207) - age   1:       9792 bytes,       9792 total
[2022-06-28T10:59:36.012+0000][7][gc,age      ] GC(207) - age   2:        784 bytes,      10576 total
[2022-06-28T10:59:36.012+0000][7][gc,age      ] GC(207) - age   3:        200 bytes,      10776 total
[2022-06-28T10:59:36.012+0000][7][gc,age      ] GC(207) - age   4:        200 bytes,      10976 total
[2022-06-28T10:59:36.012+0000][7][gc,age      ] GC(207) - age   8:        200 bytes,      11176 total
[2022-06-28T10:59:36.012+0000][7][gc,heap     ] GC(207) Eden regions: 29->0(29)
[2022-06-28T10:59:36.012+0000][7][gc,heap     ] GC(207) Survivor regions: 1->1(4)
[2022-06-28T10:59:36.012+0000][7][gc,heap     ] GC(207) Old regions: 19->19
[2022-06-28T10:59:36.012+0000][7][gc,heap     ] GC(207) Archive regions: 2->2
[2022-06-28T10:59:36.012+0000][7][gc,heap     ] GC(207) Humongous regions: 2->2
[2022-06-28T10:59:36.012+0000][7][gc,metaspace] GC(207) Metaspace: 102468K(106432K)->102468K(106432K) NonClass: 88785K(90944K)->88785K(90944K) Class: 13682K(15488K)->13682K(15488K)
[2022-06-28T10:59:36.012+0000][7][gc          ] GC(207) Pause Young (Concurrent Start) (G1 Evacuation Pause) 201M->85M(256M) 3.025ms
[2022-06-28T10:59:36.012+0000][7][gc,cpu      ] GC(207) User=0.00s Sys=0.00s Real=0.00s
[2022-06-28T10:59:36.012+0000][7][safepoint   ] Safepoint "G1CollectForAllocation", Time since last: 125109135692 ns, Reaching safepoint: 26465 ns, At safepoint: 3079820 ns, Total: 3106285 ns
[2022-06-28T10:59:36.012+0000][7][gc          ] GC(208) Concurrent Mark Cycle
[2022-06-28T10:59:36.012+0000][7][gc,marking  ] GC(208) Concurrent Clear Claimed Marks
[2022-06-28T10:59:36.012+0000][7][gc,marking  ] GC(208) Concurrent Clear Claimed Marks 0.070ms
[2022-06-28T10:59:36.013+0000][7][gc,marking  ] GC(208) Concurrent Scan Root Regions
[2022-06-28T10:59:36.013+0000][7][gc,marking  ] GC(208) Concurrent Scan Root Regions 0.710ms
[2022-06-28T10:59:36.013+0000][7][gc,marking  ] GC(208) Concurrent Mark
[2022-06-28T10:59:36.013+0000][7][gc,marking  ] GC(208) Concurrent Mark From Roots
[2022-06-28T10:59:36.013+0000][7][gc,task     ] GC(208) Using 1 workers of 1 for marking
[2022-06-28T10:59:36.135+0000][7][gc,marking  ] GC(208) Concurrent Mark From Roots 121.290ms
[2022-06-28T10:59:36.135+0000][7][gc,marking  ] GC(208) Concurrent Preclean
[2022-06-28T10:59:36.135+0000][7][gc,marking  ] GC(208) Concurrent Preclean 0.134ms
[2022-06-28T10:59:36.135+0000][7][gc,start    ] GC(208) Pause Remark
[2022-06-28T10:59:36.148+0000][7][gc          ] GC(208) Pause Remark 89M->89M(256M) 13.346ms
[2022-06-28T10:59:36.148+0000][7][gc,cpu      ] GC(208) User=0.01s Sys=0.00s Real=0.01s
[2022-06-28T10:59:36.148+0000][7][safepoint   ] Safepoint "G1Concurrent", Time since last: 122358984 ns, Reaching safepoint: 22897 ns, At safepoint: 13443719 ns, Total: 13466616 ns
[2022-06-28T10:59:36.148+0000][7][gc,marking  ] GC(208) Concurrent Mark 134.994ms
[2022-06-28T10:59:36.148+0000][7][gc,marking  ] GC(208) Concurrent Rebuild Remembered Sets
[2022-06-28T10:59:36.218+0000][7][gc,marking  ] GC(208) Concurrent Rebuild Remembered Sets 70.142ms
[2022-06-28T10:59:36.219+0000][7][gc,start    ] GC(208) Pause Cleanup
[2022-06-28T10:59:36.219+0000][7][gc          ] GC(208) Pause Cleanup 89M->89M(256M) 0.053ms
[2022-06-28T10:59:36.219+0000][7][gc,cpu      ] GC(208) User=0.00s Sys=0.00s Real=0.00s
[2022-06-28T10:59:36.219+0000][7][safepoint   ] Safepoint "G1Concurrent", Time since last: 70252548 ns, Reaching safepoint: 38149 ns, At safepoint: 90060 ns, Total: 128209 ns
[2022-06-28T10:59:36.219+0000][7][gc,marking  ] GC(208) Concurrent Cleanup for Next Mark
[2022-06-28T10:59:36.219+0000][7][gc,marking  ] GC(208) Concurrent Cleanup for Next Mark 0.713ms
[2022-06-28T10:59:36.219+0000][7][gc          ] GC(208) Concurrent Mark Cycle 206.916ms
[2022-06-28T11:01:41.126+0000][7][gc,start    ] GC(209) Pause Young (Normal) (G1 Evacuation Pause)
[2022-06-28T11:01:41.126+0000][7][gc,task     ] GC(209) Using 1 workers of 1 for evacuation
[2022-06-28T11:01:41.126+0000][7][gc,age      ] GC(209) Desired survivor size 8388608 bytes, new threshold 15 (max threshold 15)
[2022-06-28T11:01:41.128+0000][7][gc,phases   ] GC(209)   Pre Evacuate Collection Set: 0.0ms
[2022-06-28T11:01:41.128+0000][7][gc,phases   ] GC(209)   Merge Heap Roots: 0.0ms
[2022-06-28T11:01:41.128+0000][7][gc,phases   ] GC(209)   Evacuate Collection Set: 1.5ms
[2022-06-28T11:01:41.128+0000][7][gc,phases   ] GC(209)   Post Evacuate Collection Set: 0.9ms
[2022-06-28T11:01:41.128+0000][7][gc,phases   ] GC(209)   Other: 0.1ms
[2022-06-28T11:01:41.128+0000][7][gc,age      ] GC(209) Age table with threshold 15 (max threshold 15)
[2022-06-28T11:01:41.128+0000][7][gc,age      ] GC(209) - age   1:       9840 bytes,       9840 total
[2022-06-28T11:01:41.128+0000][7][gc,age      ] GC(209) - age   2:        200 bytes,      10040 total
[2022-06-28T11:01:41.128+0000][7][gc,age      ] GC(209) - age   3:        760 bytes,      10800 total
[2022-06-28T11:01:41.128+0000][7][gc,age      ] GC(209) - age   4:        200 bytes,      11000 total
[2022-06-28T11:01:41.128+0000][7][gc,age      ] GC(209) - age   9:        200 bytes,      11200 total
[2022-06-28T11:01:41.128+0000][7][gc,heap     ] GC(209) Eden regions: 29->0(29)
[2022-06-28T11:01:41.128+0000][7][gc,heap     ] GC(209) Survivor regions: 1->1(4)
[2022-06-28T11:01:41.128+0000][7][gc,heap     ] GC(209) Old regions: 19->19
[2022-06-28T11:01:41.128+0000][7][gc,heap     ] GC(209) Archive regions: 2->2
[2022-06-28T11:01:41.128+0000][7][gc,heap     ] GC(209) Humongous regions: 2->2
[2022-06-28T11:01:41.128+0000][7][gc,metaspace] GC(209) Metaspace: 102468K(106432K)->102468K(106432K) NonClass: 88785K(90944K)->88785K(90944K) Class: 13682K(15488K)->13682K(15488K)
[2022-06-28T11:01:41.128+0000][7][gc          ] GC(209) Pause Young (Normal) (G1 Evacuation Pause) 201M->85M(256M) 2.759ms
[2022-06-28T11:01:41.128+0000][7][gc,cpu      ] GC(209) User=0.00s Sys=0.00s Real=0.01s
[2022-06-28T11:01:41.128+0000][7][safepoint   ] Safepoint "G1CollectForAllocation", Time since last: 124907022361 ns, Reaching safepoint: 25093 ns, At safepoint: 2801474 ns, Total: 2826567 ns
[2022-06-28T11:03:43.238+0000][7][gc,start    ] GC(210) Pause Young (Concurrent Start) (G1 Evacuation Pause)
[2022-06-28T11:03:43.238+0000][7][gc,task     ] GC(210) Using 1 workers of 1 for evacuation
[2022-06-28T11:03:43.238+0000][7][gc,age      ] GC(210) Desired survivor size 8388608 bytes, new threshold 15 (max threshold 15)
[2022-06-28T11:03:43.240+0000][7][gc,phases   ] GC(210)   Pre Evacuate Collection Set: 0.2ms
[2022-06-28T11:03:43.240+0000][7][gc,phases   ] GC(210)   Merge Heap Roots: 0.0ms
[2022-06-28T11:03:43.240+0000][7][gc,phases   ] GC(210)   Evacuate Collection Set: 1.3ms
[2022-06-28T11:03:43.240+0000][7][gc,phases   ] GC(210)   Post Evacuate Collection Set: 0.8ms
[2022-06-28T11:03:43.240+0000][7][gc,phases   ] GC(210)   Other: 0.1ms
[2022-06-28T11:03:43.240+0000][7][gc,age      ] GC(210) Age table with threshold 15 (max threshold 15)
[2022-06-28T11:03:43.240+0000][7][gc,age      ] GC(210) - age   1:       8272 bytes,       8272 total
[2022-06-28T11:03:43.240+0000][7][gc,age      ] GC(210) - age   2:        200 bytes,       8472 total
[2022-06-28T11:03:43.240+0000][7][gc,age      ] GC(210) - age   3:        200 bytes,       8672 total
[2022-06-28T11:03:43.240+0000][7][gc,age      ] GC(210) - age   4:        760 bytes,       9432 total
[2022-06-28T11:03:43.240+0000][7][gc,age      ] GC(210) - age  10:        200 bytes,       9632 total
[2022-06-28T11:03:43.240+0000][7][gc,heap     ] GC(210) Eden regions: 29->0(29)
[2022-06-28T11:03:43.240+0000][7][gc,heap     ] GC(210) Survivor regions: 1->1(4)
[2022-06-28T11:03:43.240+0000][7][gc,heap     ] GC(210) Old regions: 19->19
[2022-06-28T11:03:43.240+0000][7][gc,heap     ] GC(210) Archive regions: 2->2
[2022-06-28T11:03:43.240+0000][7][gc,heap     ] GC(210) Humongous regions: 2->2
[2022-06-28T11:03:43.240+0000][7][gc,metaspace] GC(210) Metaspace: 102468K(106432K)->102468K(106432K) NonClass: 88785K(90944K)->88785K(90944K) Class: 13682K(15488K)->13682K(15488K)
[2022-06-28T11:03:43.241+0000][7][gc          ] GC(210) Pause Young (Concurrent Start) (G1 Evacuation Pause) 201M->85M(256M) 2.698ms
[2022-06-28T11:03:43.241+0000][7][gc,cpu      ] GC(210) User=0.00s Sys=0.00s Real=0.00s
[2022-06-28T11:03:43.241+0000][7][safepoint   ] Safepoint "G1CollectForAllocation", Time since last: 122109214294 ns, Reaching safepoint: 153885 ns, At safepoint: 2749190 ns, Total: 2903075 ns
[2022-06-28T11:03:43.241+0000][7][gc          ] GC(211) Concurrent Mark Cycle
[2022-06-28T11:03:43.241+0000][7][gc,marking  ] GC(211) Concurrent Clear Claimed Marks
[2022-06-28T11:03:43.241+0000][7][gc,marking  ] GC(211) Concurrent Clear Claimed Marks 0.041ms
[2022-06-28T11:03:43.241+0000][7][gc,marking  ] GC(211) Concurrent Scan Root Regions
[2022-06-28T11:03:43.241+0000][7][gc,marking  ] GC(211) Concurrent Scan Root Regions 0.727ms
[2022-06-28T11:03:43.241+0000][7][gc,marking  ] GC(211) Concurrent Mark
[2022-06-28T11:03:43.241+0000][7][gc,marking  ] GC(211) Concurrent Mark From Roots
[2022-06-28T11:03:43.241+0000][7][gc,task     ] GC(211) Using 1 workers of 1 for marking
[2022-06-28T11:03:43.355+0000][7][gc,marking  ] GC(211) Concurrent Mark From Roots 113.842ms
[2022-06-28T11:03:43.355+0000][7][gc,marking  ] GC(211) Concurrent Preclean
[2022-06-28T11:03:43.355+0000][7][gc,marking  ] GC(211) Concurrent Preclean 0.115ms
[2022-06-28T11:03:43.355+0000][7][gc,start    ] GC(211) Pause Remark
[2022-06-28T11:03:43.368+0000][7][gc          ] GC(211) Pause Remark 87M->87M(256M) 12.944ms
[2022-06-28T11:03:43.368+0000][7][gc,cpu      ] GC(211) User=0.01s Sys=0.00s Real=0.01s
[2022-06-28T11:03:43.368+0000][7][safepoint   ] Safepoint "G1Concurrent", Time since last: 114889291 ns, Reaching safepoint: 24650 ns, At safepoint: 13011380 ns, Total: 13036030 ns
[2022-06-28T11:03:43.368+0000][7][gc,marking  ] GC(211) Concurrent Mark 127.103ms
[2022-06-28T11:03:43.369+0000][7][gc,marking  ] GC(211) Concurrent Rebuild Remembered Sets
[2022-06-28T11:03:43.434+0000][7][gc,marking  ] GC(211) Concurrent Rebuild Remembered Sets 65.458ms
[2022-06-28T11:03:43.434+0000][7][gc,start    ] GC(211) Pause Cleanup
[2022-06-28T11:03:43.434+0000][7][gc          ] GC(211) Pause Cleanup 87M->87M(256M) 0.048ms
[2022-06-28T11:03:43.434+0000][7][gc,cpu      ] GC(211) User=0.00s Sys=0.00s Real=0.00s
[2022-06-28T11:03:43.434+0000][7][safepoint   ] Safepoint "G1Concurrent", Time since last: 65552780 ns, Reaching safepoint: 22560 ns, At safepoint: 102920 ns, Total: 125480 ns
[2022-06-28T11:03:43.434+0000][7][gc,marking  ] GC(211) Concurrent Cleanup for Next Mark
[2022-06-28T11:03:43.435+0000][7][gc,marking  ] GC(211) Concurrent Cleanup for Next Mark 0.672ms
[2022-06-28T11:03:43.435+0000][7][gc          ] GC(211) Concurrent Mark Cycle 194.271ms
[2022-06-28T11:05:46.346+0000][7][gc,start    ] GC(212) Pause Young (Normal) (G1 Evacuation Pause)
[2022-06-28T11:05:46.346+0000][7][gc,task     ] GC(212) Using 1 workers of 1 for evacuation
[2022-06-28T11:05:46.346+0000][7][gc,age      ] GC(212) Desired survivor size 8388608 bytes, new threshold 15 (max threshold 15)
[2022-06-28T11:05:46.349+0000][7][gc,phases   ] GC(212)   Pre Evacuate Collection Set: 0.0ms
[2022-06-28T11:05:46.349+0000][7][gc,phases   ] GC(212)   Merge Heap Roots: 0.0ms
[2022-06-28T11:05:46.349+0000][7][gc,phases   ] GC(212)   Evacuate Collection Set: 1.4ms
[2022-06-28T11:05:46.349+0000][7][gc,phases   ] GC(212)   Post Evacuate Collection Set: 0.9ms
[2022-06-28T11:05:46.349+0000][7][gc,phases   ] GC(212)   Other: 0.1ms
[2022-06-28T11:05:46.349+0000][7][gc,age      ] GC(212) Age table with threshold 15 (max threshold 15)
[2022-06-28T11:05:46.349+0000][7][gc,age      ] GC(212) - age   1:       8424 bytes,       8424 total
[2022-06-28T11:05:46.349+0000][7][gc,age      ] GC(212) - age   2:        200 bytes,       8624 total
[2022-06-28T11:05:46.349+0000][7][gc,age      ] GC(212) - age   3:        200 bytes,       8824 total
[2022-06-28T11:05:46.349+0000][7][gc,age      ] GC(212) - age   4:        200 bytes,       9024 total
[2022-06-28T11:05:46.349+0000][7][gc,age      ] GC(212) - age   5:        760 bytes,       9784 total
[2022-06-28T11:05:46.349+0000][7][gc,heap     ] GC(212) Eden regions: 29->0(29)
[2022-06-28T11:05:46.349+0000][7][gc,heap     ] GC(212) Survivor regions: 1->1(4)
[2022-06-28T11:05:46.349+0000][7][gc,heap     ] GC(212) Old regions: 19->19
[2022-06-28T11:05:46.349+0000][7][gc,heap     ] GC(212) Archive regions: 2->2
[2022-06-28T11:05:46.349+0000][7][gc,heap     ] GC(212) Humongous regions: 2->2
[2022-06-28T11:05:46.349+0000][7][gc,metaspace] GC(212) Metaspace: 102468K(106432K)->102468K(106432K) NonClass: 88785K(90944K)->88785K(90944K) Class: 13682K(15488K)->13682K(15488K)
[2022-06-28T11:05:46.349+0000][7][gc          ] GC(212) Pause Young (Normal) (G1 Evacuation Pause) 201M->85M(256M) 2.605ms
[2022-06-28T11:05:46.349+0000][7][gc,cpu      ] GC(212) User=0.00s Sys=0.00s Real=0.01s
[2022-06-28T11:05:46.349+0000][7][safepoint   ] Safepoint "G1CollectForAllocation", Time since last: 122911821395 ns, Reaching safepoint: 154625 ns, At safepoint: 2648902 ns, Total: 2803527 ns
[2022-06-28T11:07:51.454+0000][7][gc,start    ] GC(213) Pause Young (Concurrent Start) (G1 Evacuation Pause)
[2022-06-28T11:07:51.454+0000][7][gc,task     ] GC(213) Using 1 workers of 1 for evacuation
[2022-06-28T11:07:51.454+0000][7][gc,age      ] GC(213) Desired survivor size 8388608 bytes, new threshold 15 (max threshold 15)
[2022-06-28T11:07:51.456+0000][7][gc,phases   ] GC(213)   Pre Evacuate Collection Set: 0.2ms
[2022-06-28T11:07:51.456+0000][7][gc,phases   ] GC(213)   Merge Heap Roots: 0.0ms
[2022-06-28T11:07:51.456+0000][7][gc,phases   ] GC(213)   Evacuate Collection Set: 1.4ms
[2022-06-28T11:07:51.456+0000][7][gc,phases   ] GC(213)   Post Evacuate Collection Set: 0.8ms
[2022-06-28T11:07:51.456+0000][7][gc,phases   ] GC(213)   Other: 0.1ms
[2022-06-28T11:07:51.456+0000][7][gc,age      ] GC(213) Age table with threshold 15 (max threshold 15)
[2022-06-28T11:07:51.456+0000][7][gc,age      ] GC(213) - age   1:      10336 bytes,      10336 total
[2022-06-28T11:07:51.456+0000][7][gc,age      ] GC(213) - age   2:        200 bytes,      10536 total
[2022-06-28T11:07:51.456+0000][7][gc,age      ] GC(213) - age   3:        200 bytes,      10736 total
[2022-06-28T11:07:51.456+0000][7][gc,age      ] GC(213) - age   4:        200 bytes,      10936 total
[2022-06-28T11:07:51.456+0000][7][gc,age      ] GC(213) - age   6:        184 bytes,      11120 total
[2022-06-28T11:07:51.456+0000][7][gc,heap     ] GC(213) Eden regions: 29->0(29)
[2022-06-28T11:07:51.456+0000][7][gc,heap     ] GC(213) Survivor regions: 1->1(4)
[2022-06-28T11:07:51.456+0000][7][gc,heap     ] GC(213) Old regions: 19->19
[2022-06-28T11:07:51.456+0000][7][gc,heap     ] GC(213) Archive regions: 2->2
[2022-06-28T11:07:51.456+0000][7][gc,heap     ] GC(213) Humongous regions: 2->2
[2022-06-28T11:07:51.456+0000][7][gc,metaspace] GC(213) Metaspace: 102468K(106432K)->102468K(106432K) NonClass: 88785K(90944K)->88785K(90944K) Class: 13682K(15488K)->13682K(15488K)
[2022-06-28T11:07:51.456+0000][7][gc          ] GC(213) Pause Young (Concurrent Start) (G1 Evacuation Pause) 201M->85M(256M) 2.720ms
[2022-06-28T11:07:51.456+0000][7][gc,cpu      ] GC(213) User=0.00s Sys=0.00s Real=0.01s
[2022-06-28T11:07:51.456+0000][7][safepoint   ] Safepoint "G1CollectForAllocation", Time since last: 125104889677 ns, Reaching safepoint: 32116 ns, At safepoint: 2772488 ns, Total: 2804604 ns
[2022-06-28T11:07:51.457+0000][7][gc          ] GC(214) Concurrent Mark Cycle
[2022-06-28T11:07:51.457+0000][7][gc,marking  ] GC(214) Concurrent Clear Claimed Marks
[2022-06-28T11:07:51.457+0000][7][gc,marking  ] GC(214) Concurrent Clear Claimed Marks 0.040ms
[2022-06-28T11:07:51.457+0000][7][gc,marking  ] GC(214) Concurrent Scan Root Regions
[2022-06-28T11:07:51.457+0000][7][gc,marking  ] GC(214) Concurrent Scan Root Regions 0.703ms
[2022-06-28T11:07:51.457+0000][7][gc,marking  ] GC(214) Concurrent Mark
[2022-06-28T11:07:51.457+0000][7][gc,marking  ] GC(214) Concurrent Mark From Roots
[2022-06-28T11:07:51.457+0000][7][gc,task     ] GC(214) Using 1 workers of 1 for marking
[2022-06-28T11:07:51.574+0000][7][gc,marking  ] GC(214) Concurrent Mark From Roots 116.248ms
[2022-06-28T11:07:51.574+0000][7][gc,marking  ] GC(214) Concurrent Preclean
[2022-06-28T11:07:51.574+0000][7][gc,marking  ] GC(214) Concurrent Preclean 0.125ms
[2022-06-28T11:07:51.574+0000][7][gc,start    ] GC(214) Pause Remark
[2022-06-28T11:07:51.589+0000][7][gc          ] GC(214) Pause Remark 87M->87M(256M) 15.558ms
[2022-06-28T11:07:51.589+0000][7][gc,cpu      ] GC(214) User=0.01s Sys=0.00s Real=0.02s
[2022-06-28T11:07:51.589+0000][7][safepoint   ] Safepoint "G1Concurrent", Time since last: 117273070 ns, Reaching safepoint: 24143 ns, At safepoint: 15625671 ns, Total: 15649814 ns
[2022-06-28T11:07:51.589+0000][7][gc,marking  ] GC(214) Concurrent Mark 132.135ms
[2022-06-28T11:07:51.589+0000][7][gc,marking  ] GC(214) Concurrent Rebuild Remembered Sets
[2022-06-28T11:07:51.659+0000][7][gc,marking  ] GC(214) Concurrent Rebuild Remembered Sets 69.146ms
[2022-06-28T11:07:51.659+0000][7][gc,start    ] GC(214) Pause Cleanup
[2022-06-28T11:07:51.659+0000][7][gc          ] GC(214) Pause Cleanup 87M->87M(256M) 0.048ms
[2022-06-28T11:07:51.659+0000][7][gc,cpu      ] GC(214) User=0.00s Sys=0.00s Real=0.00s
[2022-06-28T11:07:51.659+0000][7][safepoint   ] Safepoint "G1Concurrent", Time since last: 69247165 ns, Reaching safepoint: 23791 ns, At safepoint: 83543 ns, Total: 107334 ns
[2022-06-28T11:07:51.659+0000][7][gc,marking  ] GC(214) Concurrent Cleanup for Next Mark
[2022-06-28T11:07:51.659+0000][7][gc,marking  ] GC(214) Concurrent Cleanup for Next Mark 0.661ms
[2022-06-28T11:07:51.659+0000][7][gc          ] GC(214) Concurrent Mark Cycle 202.930ms
[2022-06-28T11:09:05.674+0000][7][safepoint   ] Safepoint "Cleanup", Time since last: 74015107856 ns, Reaching safepoint: 40509 ns, At safepoint: 32242 ns, Total: 72751 ns
[2022-06-28T11:09:56.571+0000][7][gc,start    ] GC(215) Pause Young (Normal) (G1 Evacuation Pause)
[2022-06-28T11:09:56.571+0000][7][gc,task     ] GC(215) Using 1 workers of 1 for evacuation
[2022-06-28T11:09:56.571+0000][7][gc,age      ] GC(215) Desired survivor size 8388608 bytes, new threshold 15 (max threshold 15)
[2022-06-28T11:09:56.573+0000][7][gc,phases   ] GC(215)   Pre Evacuate Collection Set: 0.0ms
[2022-06-28T11:09:56.573+0000][7][gc,phases   ] GC(215)   Merge Heap Roots: 0.0ms
[2022-06-28T11:09:56.573+0000][7][gc,phases   ] GC(215)   Evacuate Collection Set: 1.4ms
[2022-06-28T11:09:56.573+0000][7][gc,phases   ] GC(215)   Post Evacuate Collection Set: 0.8ms
[2022-06-28T11:09:56.573+0000][7][gc,phases   ] GC(215)   Other: 0.1ms
[2022-06-28T11:09:56.574+0000][7][gc,age      ] GC(215) Age table with threshold 15 (max threshold 15)
[2022-06-28T11:09:56.574+0000][7][gc,age      ] GC(215) - age   1:       9760 bytes,       9760 total
[2022-06-28T11:09:56.574+0000][7][gc,age      ] GC(215) - age   2:        576 bytes,      10336 total
[2022-06-28T11:09:56.574+0000][7][gc,age      ] GC(215) - age   3:        200 bytes,      10536 total
[2022-06-28T11:09:56.574+0000][7][gc,age      ] GC(215) - age   4:        200 bytes,      10736 total
[2022-06-28T11:09:56.574+0000][7][gc,age      ] GC(215) - age   5:        200 bytes,      10936 total
[2022-06-28T11:09:56.574+0000][7][gc,age      ] GC(215) - age   7:        184 bytes,      11120 total
[2022-06-28T11:09:56.574+0000][7][gc,heap     ] GC(215) Eden regions: 29->0(29)
[2022-06-28T11:09:56.574+0000][7][gc,heap     ] GC(215) Survivor regions: 1->1(4)
[2022-06-28T11:09:56.574+0000][7][gc,heap     ] GC(215) Old regions: 19->19
[2022-06-28T11:09:56.574+0000][7][gc,heap     ] GC(215) Archive regions: 2->2
[2022-06-28T11:09:56.574+0000][7][gc,heap     ] GC(215) Humongous regions: 2->2
[2022-06-28T11:09:56.574+0000][7][gc,metaspace] GC(215) Metaspace: 102468K(106432K)->102468K(106432K) NonClass: 88785K(90944K)->88785K(90944K) Class: 13682K(15488K)->13682K(15488K)
[2022-06-28T11:09:56.574+0000][7][gc          ] GC(215) Pause Young (Normal) (G1 Evacuation Pause) 201M->85M(256M) 2.641ms
[2022-06-28T11:09:56.574+0000][7][gc,cpu      ] GC(215) User=0.00s Sys=0.00s Real=0.00s
[2022-06-28T11:09:56.574+0000][7][safepoint   ] Safepoint "G1CollectForAllocation", Time since last: 50896984635 ns, Reaching safepoint: 24498 ns, At safepoint: 2733127 ns, Total: 2757625 ns
[2022-06-28T11:11:35.585+0000][7][safepoint   ] Safepoint "Cleanup", Time since last: 99010894203 ns, Reaching safepoint: 40219 ns, At safepoint: 5202 ns, Total: 45421 ns
[2022-06-28T11:12:01.684+0000][7][gc,start    ] GC(216) Pause Young (Concurrent Start) (G1 Evacuation Pause)
[2022-06-28T11:12:01.684+0000][7][gc,task     ] GC(216) Using 1 workers of 1 for evacuation
[2022-06-28T11:12:01.684+0000][7][gc,age      ] GC(216) Desired survivor size 8388608 bytes, new threshold 15 (max threshold 15)
[2022-06-28T11:12:01.686+0000][7][gc,phases   ] GC(216)   Pre Evacuate Collection Set: 0.2ms
[2022-06-28T11:12:01.686+0000][7][gc,phases   ] GC(216)   Merge Heap Roots: 0.0ms
[2022-06-28T11:12:01.686+0000][7][gc,phases   ] GC(216)   Evacuate Collection Set: 1.3ms
[2022-06-28T11:12:01.686+0000][7][gc,phases   ] GC(216)   Post Evacuate Collection Set: 0.8ms
[2022-06-28T11:12:01.686+0000][7][gc,phases   ] GC(216)   Other: 0.1ms
[2022-06-28T11:12:01.686+0000][7][gc,age      ] GC(216) Age table with threshold 15 (max threshold 15)
[2022-06-28T11:12:01.686+0000][7][gc,age      ] GC(216) - age   1:      10488 bytes,      10488 total
[2022-06-28T11:12:01.686+0000][7][gc,age      ] GC(216) - age   3:        576 bytes,      11064 total
[2022-06-28T11:12:01.686+0000][7][gc,age      ] GC(216) - age   4:        200 bytes,      11264 total
[2022-06-28T11:12:01.686+0000][7][gc,age      ] GC(216) - age   5:        200 bytes,      11464 total
[2022-06-28T11:12:01.686+0000][7][gc,age      ] GC(216) - age   6:        200 bytes,      11664 total
[2022-06-28T11:12:01.686+0000][7][gc,age      ] GC(216) - age   8:        184 bytes,      11848 total
[2022-06-28T11:12:01.686+0000][7][gc,heap     ] GC(216) Eden regions: 29->0(29)
[2022-06-28T11:12:01.686+0000][7][gc,heap     ] GC(216) Survivor regions: 1->1(4)
[2022-06-28T11:12:01.686+0000][7][gc,heap     ] GC(216) Old regions: 19->19
[2022-06-28T11:12:01.686+0000][7][gc,heap     ] GC(216) Archive regions: 2->2
[2022-06-28T11:12:01.686+0000][7][gc,heap     ] GC(216) Humongous regions: 2->2
[2022-06-28T11:12:01.686+0000][7][gc,metaspace] GC(216) Metaspace: 102469K(106432K)->102469K(106432K) NonClass: 88786K(90944K)->88786K(90944K) Class: 13682K(15488K)->13682K(15488K)
[2022-06-28T11:12:01.687+0000][7][gc          ] GC(216) Pause Young (Concurrent Start) (G1 Evacuation Pause) 201M->85M(256M) 2.731ms
[2022-06-28T11:12:01.687+0000][7][gc,cpu      ] GC(216) User=0.00s Sys=0.00s Real=0.01s
[2022-06-28T11:12:01.687+0000][7][safepoint   ] Safepoint "G1CollectForAllocation", Time since last: 26099150740 ns, Reaching safepoint: 26526 ns, At safepoint: 2784633 ns, Total: 2811159 ns
[2022-06-28T11:12:01.687+0000][7][gc          ] GC(217) Concurrent Mark Cycle
[2022-06-28T11:12:01.687+0000][7][gc,marking  ] GC(217) Concurrent Clear Claimed Marks
[2022-06-28T11:12:01.687+0000][7][gc,marking  ] GC(217) Concurrent Clear Claimed Marks 0.038ms
[2022-06-28T11:12:01.687+0000][7][gc,marking  ] GC(217) Concurrent Scan Root Regions
[2022-06-28T11:12:01.687+0000][7][gc,marking  ] GC(217) Concurrent Scan Root Regions 0.729ms
[2022-06-28T11:12:01.687+0000][7][gc,marking  ] GC(217) Concurrent Mark
[2022-06-28T11:12:01.687+0000][7][gc,marking  ] GC(217) Concurrent Mark From Roots
[2022-06-28T11:12:01.687+0000][7][gc,task     ] GC(217) Using 1 workers of 1 for marking
[2022-06-28T11:12:01.802+0000][7][gc,marking  ] GC(217) Concurrent Mark From Roots 114.711ms
[2022-06-28T11:12:01.802+0000][7][gc,marking  ] GC(217) Concurrent Preclean
[2022-06-28T11:12:01.802+0000][7][gc,marking  ] GC(217) Concurrent Preclean 0.115ms
[2022-06-28T11:12:01.802+0000][7][gc,start    ] GC(217) Pause Remark
[2022-06-28T11:12:01.815+0000][7][gc          ] GC(217) Pause Remark 87M->87M(256M) 12.817ms
[2022-06-28T11:12:01.815+0000][7][gc,cpu      ] GC(217) User=0.01s Sys=0.00s Real=0.02s
[2022-06-28T11:12:01.815+0000][7][safepoint   ] Safepoint "G1Concurrent", Time since last: 115725521 ns, Reaching safepoint: 23582 ns, At safepoint: 12883342 ns, Total: 12906924 ns
[2022-06-28T11:12:01.815+0000][7][gc,marking  ] GC(217) Concurrent Mark 127.839ms
[2022-06-28T11:12:01.815+0000][7][gc,marking  ] GC(217) Concurrent Rebuild Remembered Sets
[2022-06-28T11:12:01.881+0000][7][gc,marking  ] GC(217) Concurrent Rebuild Remembered Sets 66.066ms
[2022-06-28T11:12:01.881+0000][7][gc,start    ] GC(217) Pause Cleanup
[2022-06-28T11:12:01.881+0000][7][gc          ] GC(217) Pause Cleanup 87M->87M(256M) 0.052ms
[2022-06-28T11:12:01.881+0000][7][gc,cpu      ] GC(217) User=0.00s Sys=0.00s Real=0.00s
[2022-06-28T11:12:01.881+0000][7][safepoint   ] Safepoint "G1Concurrent", Time since last: 66167802 ns, Reaching safepoint: 23481 ns, At safepoint: 88356 ns, Total: 111837 ns
[2022-06-28T11:12:01.881+0000][7][gc,marking  ] GC(217) Concurrent Cleanup for Next Mark
[2022-06-28T11:12:01.882+0000][7][gc,marking  ] GC(217) Concurrent Cleanup for Next Mark 0.648ms
[2022-06-28T11:12:01.882+0000][7][gc          ] GC(217) Concurrent Mark Cycle 195.579ms
[2022-06-28T11:12:35.885+0000][7][safepoint   ] Safepoint "Cleanup", Time since last: 34003662839 ns, Reaching safepoint: 70985 ns, At safepoint: 4090 ns, Total: 75075 ns
[2022-06-28T11:14:06.798+0000][7][gc,start    ] GC(218) Pause Young (Normal) (G1 Evacuation Pause)
[2022-06-28T11:14:06.798+0000][7][gc,task     ] GC(218) Using 1 workers of 1 for evacuation
[2022-06-28T11:14:06.798+0000][7][gc,age      ] GC(218) Desired survivor size 8388608 bytes, new threshold 15 (max threshold 15)
[2022-06-28T11:14:06.800+0000][7][gc,phases   ] GC(218)   Pre Evacuate Collection Set: 0.0ms
[2022-06-28T11:14:06.800+0000][7][gc,phases   ] GC(218)   Merge Heap Roots: 0.1ms
[2022-06-28T11:14:06.800+0000][7][gc,phases   ] GC(218)   Evacuate Collection Set: 1.6ms
[2022-06-28T11:14:06.800+0000][7][gc,phases   ] GC(218)   Post Evacuate Collection Set: 0.9ms
[2022-06-28T11:14:06.800+0000][7][gc,phases   ] GC(218)   Other: 0.1ms
[2022-06-28T11:14:06.800+0000][7][gc,age      ] GC(218) Age table with threshold 15 (max threshold 15)
[2022-06-28T11:14:06.800+0000][7][gc,age      ] GC(218) - age   1:      11144 bytes,      11144 total
[2022-06-28T11:14:06.800+0000][7][gc,age      ] GC(218) - age   2:        200 bytes,      11344 total
[2022-06-28T11:14:06.800+0000][7][gc,age      ] GC(218) - age   4:        576 bytes,      11920 total
[2022-06-28T11:14:06.800+0000][7][gc,age      ] GC(218) - age   5:        200 bytes,      12120 total
[2022-06-28T11:14:06.800+0000][7][gc,age      ] GC(218) - age   6:        200 bytes,      12320 total
[2022-06-28T11:14:06.800+0000][7][gc,age      ] GC(218) - age   9:        184 bytes,      12504 total
[2022-06-28T11:14:06.800+0000][7][gc,heap     ] GC(218) Eden regions: 29->0(29)
[2022-06-28T11:14:06.800+0000][7][gc,heap     ] GC(218) Survivor regions: 1->1(4)
[2022-06-28T11:14:06.800+0000][7][gc,heap     ] GC(218) Old regions: 19->19
[2022-06-28T11:14:06.800+0000][7][gc,heap     ] GC(218) Archive regions: 2->2
[2022-06-28T11:14:06.800+0000][7][gc,heap     ] GC(218) Humongous regions: 2->2
[2022-06-28T11:14:06.800+0000][7][gc,metaspace] GC(218) Metaspace: 102513K(106432K)->102513K(106432K) NonClass: 88830K(90944K)->88830K(90944K) Class: 13682K(15488K)->13682K(15488K)
[2022-06-28T11:14:06.800+0000][7][gc          ] GC(218) Pause Young (Normal) (G1 Evacuation Pause) 201M->85M(256M) 2.845ms
[2022-06-28T11:14:06.800+0000][7][gc,cpu      ] GC(218) User=0.00s Sys=0.00s Real=0.00s
[2022-06-28T11:14:06.801+0000][7][safepoint   ] Safepoint "G1CollectForAllocation", Time since last: 90912379753 ns, Reaching safepoint: 25806 ns, At safepoint: 2884455 ns, Total: 2910261 ns
[2022-06-28T11:14:30.803+0000][7][safepoint   ] Safepoint "Cleanup", Time since last: 24002661346 ns, Reaching safepoint: 43720 ns, At safepoint: 5018 ns, Total: 48738 ns
[2022-06-28T11:14:35.804+0000][7][safepoint   ] Safepoint "Cleanup", Time since last: 5000645540 ns, Reaching safepoint: 38068 ns, At safepoint: 5060 ns, Total: 43128 ns
[2022-06-28T11:16:11.908+0000][7][gc,start    ] GC(219) Pause Young (Concurrent Start) (G1 Evacuation Pause)
[2022-06-28T11:16:11.908+0000][7][gc,task     ] GC(219) Using 1 workers of 1 for evacuation
[2022-06-28T11:16:11.908+0000][7][gc,age      ] GC(219) Desired survivor size 8388608 bytes, new threshold 15 (max threshold 15)
[2022-06-28T11:16:11.910+0000][7][gc,phases   ] GC(219)   Pre Evacuate Collection Set: 0.2ms
[2022-06-28T11:16:11.910+0000][7][gc,phases   ] GC(219)   Merge Heap Roots: 0.0ms
[2022-06-28T11:16:11.910+0000][7][gc,phases   ] GC(219)   Evacuate Collection Set: 1.4ms
[2022-06-28T11:16:11.910+0000][7][gc,phases   ] GC(219)   Post Evacuate Collection Set: 0.8ms
[2022-06-28T11:16:11.910+0000][7][gc,phases   ] GC(219)   Other: 0.1ms
[2022-06-28T11:16:11.910+0000][7][gc,age      ] GC(219) Age table with threshold 15 (max threshold 15)
[2022-06-28T11:16:11.910+0000][7][gc,age      ] GC(219) - age   1:       9792 bytes,       9792 total
[2022-06-28T11:16:11.910+0000][7][gc,age      ] GC(219) - age   2:       1576 bytes,      11368 total
[2022-06-28T11:16:11.910+0000][7][gc,age      ] GC(219) - age   3:        200 bytes,      11568 total
[2022-06-28T11:16:11.910+0000][7][gc,age      ] GC(219) - age   5:        576 bytes,      12144 total
[2022-06-28T11:16:11.910+0000][7][gc,age      ] GC(219) - age   6:        200 bytes,      12344 total
[2022-06-28T11:16:11.910+0000][7][gc,age      ] GC(219) - age  10:        184 bytes,      12528 total
[2022-06-28T11:16:11.910+0000][7][gc,heap     ] GC(219) Eden regions: 29->0(29)
[2022-06-28T11:16:11.910+0000][7][gc,heap     ] GC(219) Survivor regions: 1->1(4)
[2022-06-28T11:16:11.910+0000][7][gc,heap     ] GC(219) Old regions: 19->19
[2022-06-28T11:16:11.910+0000][7][gc,heap     ] GC(219) Archive regions: 2->2
[2022-06-28T11:16:11.910+0000][7][gc,heap     ] GC(219) Humongous regions: 2->2
[2022-06-28T11:16:11.910+0000][7][gc,metaspace] GC(219) Metaspace: 102513K(106432K)->102513K(106432K) NonClass: 88830K(90944K)->88830K(90944K) Class: 13682K(15488K)->13682K(15488K)
[2022-06-28T11:16:11.910+0000][7][gc          ] GC(219) Pause Young (Concurrent Start) (G1 Evacuation Pause) 201M->85M(256M) 2.775ms
[2022-06-28T11:16:11.910+0000][7][gc,cpu      ] GC(219) User=0.00s Sys=0.00s Real=0.00s
[2022-06-28T11:16:11.910+0000][7][safepoint   ] Safepoint "G1CollectForAllocation", Time since last: 96103595325 ns, Reaching safepoint: 26573 ns, At safepoint: 2823997 ns, Total: 2850570 ns
[2022-06-28T11:16:11.910+0000][7][gc          ] GC(220) Concurrent Mark Cycle
[2022-06-28T11:16:11.910+0000][7][gc,marking  ] GC(220) Concurrent Clear Claimed Marks
[2022-06-28T11:16:11.910+0000][7][gc,marking  ] GC(220) Concurrent Clear Claimed Marks 0.040ms
[2022-06-28T11:16:11.910+0000][7][gc,marking  ] GC(220) Concurrent Scan Root Regions
[2022-06-28T11:16:11.911+0000][7][gc,marking  ] GC(220) Concurrent Scan Root Regions 0.688ms
[2022-06-28T11:16:11.911+0000][7][gc,marking  ] GC(220) Concurrent Mark
[2022-06-28T11:16:11.911+0000][7][gc,marking  ] GC(220) Concurrent Mark From Roots
[2022-06-28T11:16:11.911+0000][7][gc,task     ] GC(220) Using 1 workers of 1 for marking
[2022-06-28T11:16:12.028+0000][7][gc,marking  ] GC(220) Concurrent Mark From Roots 116.325ms
[2022-06-28T11:16:12.028+0000][7][gc,marking  ] GC(220) Concurrent Preclean
[2022-06-28T11:16:12.028+0000][7][gc,marking  ] GC(220) Concurrent Preclean 0.128ms
[2022-06-28T11:16:12.028+0000][7][gc,start    ] GC(220) Pause Remark
[2022-06-28T11:16:12.041+0000][7][gc          ] GC(220) Pause Remark 87M->87M(256M) 13.418ms
[2022-06-28T11:16:12.041+0000][7][gc,cpu      ] GC(220) User=0.01s Sys=0.00s Real=0.01s
[2022-06-28T11:16:12.041+0000][7][safepoint   ] Safepoint "G1Concurrent", Time since last: 117399033 ns, Reaching safepoint: 24839 ns, At safepoint: 13526912 ns, Total: 13551751 ns
[2022-06-28T11:16:12.042+0000][7][gc,marking  ] GC(220) Concurrent Mark 130.408ms
[2022-06-28T11:16:12.042+0000][7][gc,marking  ] GC(220) Concurrent Rebuild Remembered Sets
[2022-06-28T11:16:12.107+0000][7][gc,marking  ] GC(220) Concurrent Rebuild Remembered Sets 65.798ms
[2022-06-28T11:16:12.108+0000][7][gc,start    ] GC(220) Pause Cleanup
[2022-06-28T11:16:12.108+0000][7][gc          ] GC(220) Pause Cleanup 87M->87M(256M) 0.049ms
[2022-06-28T11:16:12.108+0000][7][gc,cpu      ] GC(220) User=0.00s Sys=0.00s Real=0.00s
[2022-06-28T11:16:12.108+0000][7][safepoint   ] Safepoint "G1Concurrent", Time since last: 66183191 ns, Reaching safepoint: 22880 ns, At safepoint: 85088 ns, Total: 107968 ns
[2022-06-28T11:16:12.108+0000][7][gc,marking  ] GC(220) Concurrent Cleanup for Next Mark
[2022-06-28T11:16:12.108+0000][7][gc,marking  ] GC(220) Concurrent Cleanup for Next Mark 0.659ms
[2022-06-28T11:16:12.108+0000][7][gc          ] GC(220) Concurrent Mark Cycle 197.888ms
[2022-06-28T11:18:17.025+0000][7][gc,start    ] GC(221) Pause Young (Normal) (G1 Evacuation Pause)
[2022-06-28T11:18:17.025+0000][7][gc,task     ] GC(221) Using 1 workers of 1 for evacuation
[2022-06-28T11:18:17.025+0000][7][gc,age      ] GC(221) Desired survivor size 8388608 bytes, new threshold 15 (max threshold 15)
[2022-06-28T11:18:17.027+0000][7][gc,phases   ] GC(221)   Pre Evacuate Collection Set: 0.0ms
[2022-06-28T11:18:17.027+0000][7][gc,phases   ] GC(221)   Merge Heap Roots: 0.1ms
[2022-06-28T11:18:17.027+0000][7][gc,phases   ] GC(221)   Evacuate Collection Set: 1.5ms
[2022-06-28T11:18:17.027+0000][7][gc,phases   ] GC(221)   Post Evacuate Collection Set: 0.9ms
[2022-06-28T11:18:17.028+0000][7][gc,phases   ] GC(221)   Other: 0.1ms
[2022-06-28T11:18:17.028+0000][7][gc,age      ] GC(221) Age table with threshold 15 (max threshold 15)
[2022-06-28T11:18:17.028+0000][7][gc,age      ] GC(221) - age   1:      10312 bytes,      10312 total
[2022-06-28T11:18:17.028+0000][7][gc,age      ] GC(221) - age   2:        200 bytes,      10512 total
[2022-06-28T11:18:17.028+0000][7][gc,age      ] GC(221) - age   3:       1576 bytes,      12088 total
[2022-06-28T11:18:17.028+0000][7][gc,age      ] GC(221) - age   4:        200 bytes,      12288 total
[2022-06-28T11:18:17.028+0000][7][gc,age      ] GC(221) - age  11:        184 bytes,      12472 total
[2022-06-28T11:18:17.028+0000][7][gc,heap     ] GC(221) Eden regions: 29->0(29)
[2022-06-28T11:18:17.028+0000][7][gc,heap     ] GC(221) Survivor regions: 1->1(4)
[2022-06-28T11:18:17.028+0000][7][gc,heap     ] GC(221) Old regions: 19->19
[2022-06-28T11:18:17.028+0000][7][gc,heap     ] GC(221) Archive regions: 2->2
[2022-06-28T11:18:17.028+0000][7][gc,heap     ] GC(221) Humongous regions: 2->2
[2022-06-28T11:18:17.028+0000][7][gc,metaspace] GC(221) Metaspace: 102513K(106432K)->102513K(106432K) NonClass: 88830K(90944K)->88830K(90944K) Class: 13682K(15488K)->13682K(15488K)
[2022-06-28T11:18:17.028+0000][7][gc          ] GC(221) Pause Young (Normal) (G1 Evacuation Pause) 201M->85M(256M) 2.794ms
[2022-06-28T11:18:17.028+0000][7][gc,cpu      ] GC(221) User=0.00s Sys=0.00s Real=0.01s
[2022-06-28T11:18:17.028+0000][7][safepoint   ] Safepoint "G1CollectForAllocation", Time since last: 124917176938 ns, Reaching safepoint: 25989 ns, At safepoint: 2846422 ns, Total: 2872411 ns
[2022-06-28T11:19:06.033+0000][7][safepoint   ] Safepoint "Cleanup", Time since last: 49005213749 ns, Reaching safepoint: 52032 ns, At safepoint: 30801 ns, Total: 82833 ns
[2022-06-28T11:20:22.135+0000][7][gc,start    ] GC(222) Pause Young (Concurrent Start) (G1 Evacuation Pause)
[2022-06-28T11:20:22.135+0000][7][gc,task     ] GC(222) Using 1 workers of 1 for evacuation
[2022-06-28T11:20:22.135+0000][7][gc,age      ] GC(222) Desired survivor size 8388608 bytes, new threshold 15 (max threshold 15)
[2022-06-28T11:20:22.138+0000][7][gc,phases   ] GC(222)   Pre Evacuate Collection Set: 0.2ms
[2022-06-28T11:20:22.138+0000][7][gc,phases   ] GC(222)   Merge Heap Roots: 0.0ms
[2022-06-28T11:20:22.138+0000][7][gc,phases   ] GC(222)   Evacuate Collection Set: 1.6ms
[2022-06-28T11:20:22.138+0000][7][gc,phases   ] GC(222)   Post Evacuate Collection Set: 0.8ms
[2022-06-28T11:20:22.138+0000][7][gc,phases   ] GC(222)   Other: 0.1ms
[2022-06-28T11:20:22.138+0000][7][gc,age      ] GC(222) Age table with threshold 15 (max threshold 15)
[2022-06-28T11:20:22.138+0000][7][gc,age      ] GC(222) - age   1:      10424 bytes,      10424 total
[2022-06-28T11:20:22.138+0000][7][gc,age      ] GC(222) - age   2:        576 bytes,      11000 total
[2022-06-28T11:20:22.138+0000][7][gc,age      ] GC(222) - age   3:        200 bytes,      11200 total
[2022-06-28T11:20:22.138+0000][7][gc,age      ] GC(222) - age   4:       1576 bytes,      12776 total
[2022-06-28T11:20:22.138+0000][7][gc,age      ] GC(222) - age   5:        200 bytes,      12976 total
[2022-06-28T11:20:22.138+0000][7][gc,age      ] GC(222) - age  12:        184 bytes,      13160 total
[2022-06-28T11:20:22.138+0000][7][gc,heap     ] GC(222) Eden regions: 29->0(29)
[2022-06-28T11:20:22.138+0000][7][gc,heap     ] GC(222) Survivor regions: 1->1(4)
[2022-06-28T11:20:22.138+0000][7][gc,heap     ] GC(222) Old regions: 19->19
[2022-06-28T11:20:22.138+0000][7][gc,heap     ] GC(222) Archive regions: 2->2
[2022-06-28T11:20:22.138+0000][7][gc,heap     ] GC(222) Humongous regions: 2->2
[2022-06-28T11:20:22.138+0000][7][gc,metaspace] GC(222) Metaspace: 102513K(106432K)->102513K(106432K) NonClass: 88830K(90944K)->88830K(90944K) Class: 13682K(15488K)->13682K(15488K)
[2022-06-28T11:20:22.138+0000][7][gc          ] GC(222) Pause Young (Concurrent Start) (G1 Evacuation Pause) 201M->85M(256M) 2.918ms
[2022-06-28T11:20:22.138+0000][7][gc,cpu      ] GC(222) User=0.00s Sys=0.00s Real=0.00s
[2022-06-28T11:20:22.138+0000][7][safepoint   ] Safepoint "G1CollectForAllocation", Time since last: 76102168663 ns, Reaching safepoint: 25248 ns, At safepoint: 2966857 ns, Total: 2992105 ns
[2022-06-28T11:20:22.138+0000][7][gc          ] GC(223) Concurrent Mark Cycle
[2022-06-28T11:20:22.138+0000][7][gc,marking  ] GC(223) Concurrent Clear Claimed Marks
[2022-06-28T11:20:22.138+0000][7][gc,marking  ] GC(223) Concurrent Clear Claimed Marks 0.039ms
[2022-06-28T11:20:22.138+0000][7][gc,marking  ] GC(223) Concurrent Scan Root Regions
[2022-06-28T11:20:22.139+0000][7][gc,marking  ] GC(223) Concurrent Scan Root Regions 0.725ms
[2022-06-28T11:20:22.139+0000][7][gc,marking  ] GC(223) Concurrent Mark
[2022-06-28T11:20:22.139+0000][7][gc,marking  ] GC(223) Concurrent Mark From Roots
[2022-06-28T11:20:22.139+0000][7][gc,task     ] GC(223) Using 1 workers of 1 for marking
[2022-06-28T11:20:22.260+0000][7][gc,marking  ] GC(223) Concurrent Mark From Roots 120.892ms
[2022-06-28T11:20:22.260+0000][7][gc,marking  ] GC(223) Concurrent Preclean
[2022-06-28T11:20:22.260+0000][7][gc,marking  ] GC(223) Concurrent Preclean 0.125ms
[2022-06-28T11:20:22.260+0000][7][gc,start    ] GC(223) Pause Remark
[2022-06-28T11:20:22.273+0000][7][gc          ] GC(223) Pause Remark 87M->87M(256M) 12.753ms
[2022-06-28T11:20:22.273+0000][7][gc,cpu      ] GC(223) User=0.01s Sys=0.00s Real=0.01s
[2022-06-28T11:20:22.273+0000][7][safepoint   ] Safepoint "G1Concurrent", Time since last: 121938731 ns, Reaching safepoint: 24535 ns, At safepoint: 12804135 ns, Total: 12828670 ns
[2022-06-28T11:20:22.273+0000][7][gc,marking  ] GC(223) Concurrent Mark 133.946ms
[2022-06-28T11:20:22.273+0000][7][gc,marking  ] GC(223) Concurrent Rebuild Remembered Sets
[2022-06-28T11:20:22.337+0000][7][gc,marking  ] GC(223) Concurrent Rebuild Remembered Sets 64.420ms
[2022-06-28T11:20:22.337+0000][7][gc,start    ] GC(223) Pause Cleanup
[2022-06-28T11:20:22.337+0000][7][gc          ] GC(223) Pause Cleanup 87M->87M(256M) 0.049ms
[2022-06-28T11:20:22.337+0000][7][gc,cpu      ] GC(223) User=0.00s Sys=0.00s Real=0.00s
[2022-06-28T11:20:22.337+0000][7][safepoint   ] Safepoint "G1Concurrent", Time since last: 64508006 ns, Reaching safepoint: 22662 ns, At safepoint: 85140 ns, Total: 107802 ns
[2022-06-28T11:20:22.338+0000][7][gc,marking  ] GC(223) Concurrent Cleanup for Next Mark
[2022-06-28T11:20:22.338+0000][7][gc,marking  ] GC(223) Concurrent Cleanup for Next Mark 0.714ms
[2022-06-28T11:20:22.338+0000][7][gc          ] GC(223) Concurrent Mark Cycle 200.091ms
[2022-06-28T11:22:27.250+0000][7][gc,start    ] GC(224) Pause Young (Normal) (G1 Evacuation Pause)
[2022-06-28T11:22:27.250+0000][7][gc,task     ] GC(224) Using 1 workers of 1 for evacuation
[2022-06-28T11:22:27.250+0000][7][gc,age      ] GC(224) Desired survivor size 8388608 bytes, new threshold 15 (max threshold 15)
[2022-06-28T11:22:27.252+0000][7][gc,phases   ] GC(224)   Pre Evacuate Collection Set: 0.0ms
[2022-06-28T11:22:27.252+0000][7][gc,phases   ] GC(224)   Merge Heap Roots: 0.0ms
[2022-06-28T11:22:27.252+0000][7][gc,phases   ] GC(224)   Evacuate Collection Set: 1.5ms
[2022-06-28T11:22:27.252+0000][7][gc,phases   ] GC(224)   Post Evacuate Collection Set: 0.9ms
[2022-06-28T11:22:27.252+0000][7][gc,phases   ] GC(224)   Other: 0.1ms
[2022-06-28T11:22:27.252+0000][7][gc,age      ] GC(224) Age table with threshold 15 (max threshold 15)
[2022-06-28T11:22:27.252+0000][7][gc,age      ] GC(224) - age   1:       9760 bytes,       9760 total
[2022-06-28T11:22:27.252+0000][7][gc,age      ] GC(224) - age   2:        200 bytes,       9960 total
[2022-06-28T11:22:27.252+0000][7][gc,age      ] GC(224) - age   3:        576 bytes,      10536 total
[2022-06-28T11:22:27.252+0000][7][gc,age      ] GC(224) - age   4:        200 bytes,      10736 total
[2022-06-28T11:22:27.252+0000][7][gc,age      ] GC(224) - age   5:       1576 bytes,      12312 total
[2022-06-28T11:22:27.252+0000][7][gc,age      ] GC(224) - age  13:        184 bytes,      12496 total
[2022-06-28T11:22:27.252+0000][7][gc,heap     ] GC(224) Eden regions: 29->0(29)
[2022-06-28T11:22:27.252+0000][7][gc,heap     ] GC(224) Survivor regions: 1->1(4)
[2022-06-28T11:22:27.252+0000][7][gc,heap     ] GC(224) Old regions: 19->19
[2022-06-28T11:22:27.252+0000][7][gc,heap     ] GC(224) Archive regions: 2->2
[2022-06-28T11:22:27.252+0000][7][gc,heap     ] GC(224) Humongous regions: 2->2
[2022-06-28T11:22:27.252+0000][7][gc,metaspace] GC(224) Metaspace: 102513K(106432K)->102513K(106432K) NonClass: 88830K(90944K)->88830K(90944K) Class: 13682K(15488K)->13682K(15488K)
[2022-06-28T11:22:27.252+0000][7][gc          ] GC(224) Pause Young (Normal) (G1 Evacuation Pause) 201M->85M(256M) 2.754ms
[2022-06-28T11:22:27.252+0000][7][gc,cpu      ] GC(224) User=0.00s Sys=0.00s Real=0.00s
[2022-06-28T11:22:27.252+0000][7][safepoint   ] Safepoint "G1CollectForAllocation", Time since last: 124912146879 ns, Reaching safepoint: 27340 ns, At safepoint: 2798781 ns, Total: 2826121 ns
[2022-06-28T11:24:32.360+0000][7][gc,start    ] GC(225) Pause Young (Concurrent Start) (G1 Evacuation Pause)
[2022-06-28T11:24:32.360+0000][7][gc,task     ] GC(225) Using 1 workers of 1 for evacuation
[2022-06-28T11:24:32.360+0000][7][gc,age      ] GC(225) Desired survivor size 8388608 bytes, new threshold 15 (max threshold 15)
[2022-06-28T11:24:32.362+0000][7][gc,phases   ] GC(225)   Pre Evacuate Collection Set: 0.2ms
[2022-06-28T11:24:32.362+0000][7][gc,phases   ] GC(225)   Merge Heap Roots: 0.0ms
[2022-06-28T11:24:32.362+0000][7][gc,phases   ] GC(225)   Evacuate Collection Set: 1.4ms
[2022-06-28T11:24:32.362+0000][7][gc,phases   ] GC(225)   Post Evacuate Collection Set: 0.8ms
[2022-06-28T11:24:32.362+0000][7][gc,phases   ] GC(225)   Other: 0.1ms
[2022-06-28T11:24:32.362+0000][7][gc,age      ] GC(225) Age table with threshold 15 (max threshold 15)
[2022-06-28T11:24:32.362+0000][7][gc,age      ] GC(225) - age   1:      10040 bytes,      10040 total
[2022-06-28T11:24:32.362+0000][7][gc,age      ] GC(225) - age   2:        200 bytes,      10240 total
[2022-06-28T11:24:32.362+0000][7][gc,age      ] GC(225) - age   3:        200 bytes,      10440 total
[2022-06-28T11:24:32.362+0000][7][gc,age      ] GC(225) - age   4:        576 bytes,      11016 total
[2022-06-28T11:24:32.362+0000][7][gc,age      ] GC(225) - age   6:       1376 bytes,      12392 total
[2022-06-28T11:24:32.362+0000][7][gc,age      ] GC(225) - age  14:        184 bytes,      12576 total
[2022-06-28T11:24:32.362+0000][7][gc,heap     ] GC(225) Eden regions: 29->0(29)
[2022-06-28T11:24:32.362+0000][7][gc,heap     ] GC(225) Survivor regions: 1->1(4)
[2022-06-28T11:24:32.362+0000][7][gc,heap     ] GC(225) Old regions: 19->19
[2022-06-28T11:24:32.362+0000][7][gc,heap     ] GC(225) Archive regions: 2->2
[2022-06-28T11:24:32.362+0000][7][gc,heap     ] GC(225) Humongous regions: 2->2
[2022-06-28T11:24:32.362+0000][7][gc,metaspace] GC(225) Metaspace: 102513K(106432K)->102513K(106432K) NonClass: 88830K(90944K)->88830K(90944K) Class: 13682K(15488K)->13682K(15488K)
[2022-06-28T11:24:32.362+0000][7][gc          ] GC(225) Pause Young (Concurrent Start) (G1 Evacuation Pause) 201M->85M(256M) 2.778ms
[2022-06-28T11:24:32.362+0000][7][gc,cpu      ] GC(225) User=0.01s Sys=0.00s Real=0.00s
[2022-06-28T11:24:32.362+0000][7][safepoint   ] Safepoint "G1CollectForAllocation", Time since last: 125107110721 ns, Reaching safepoint: 26645 ns, At safepoint: 2828075 ns, Total: 2854720 ns
[2022-06-28T11:24:32.362+0000][7][gc          ] GC(226) Concurrent Mark Cycle
[2022-06-28T11:24:32.363+0000][7][gc,marking  ] GC(226) Concurrent Clear Claimed Marks
[2022-06-28T11:24:32.363+0000][7][gc,marking  ] GC(226) Concurrent Clear Claimed Marks 0.040ms
[2022-06-28T11:24:32.363+0000][7][gc,marking  ] GC(226) Concurrent Scan Root Regions
[2022-06-28T11:24:32.363+0000][7][gc,marking  ] GC(226) Concurrent Scan Root Regions 0.696ms
[2022-06-28T11:24:32.363+0000][7][gc,marking  ] GC(226) Concurrent Mark
[2022-06-28T11:24:32.363+0000][7][gc,marking  ] GC(226) Concurrent Mark From Roots
[2022-06-28T11:24:32.363+0000][7][gc,task     ] GC(226) Using 1 workers of 1 for marking
[2022-06-28T11:24:32.483+0000][7][gc,marking  ] GC(226) Concurrent Mark From Roots 120.184ms
[2022-06-28T11:24:32.484+0000][7][gc,marking  ] GC(226) Concurrent Preclean
[2022-06-28T11:24:32.484+0000][7][gc,marking  ] GC(226) Concurrent Preclean 0.114ms
[2022-06-28T11:24:32.484+0000][7][gc,start    ] GC(226) Pause Remark
[2022-06-28T11:24:32.497+0000][7][gc          ] GC(226) Pause Remark 87M->87M(256M) 13.262ms
[2022-06-28T11:24:32.497+0000][7][gc,cpu      ] GC(226) User=0.01s Sys=0.00s Real=0.02s
[2022-06-28T11:24:32.497+0000][7][safepoint   ] Safepoint "G1Concurrent", Time since last: 121229898 ns, Reaching safepoint: 25317 ns, At safepoint: 13322794 ns, Total: 13348111 ns
[2022-06-28T11:24:32.497+0000][7][gc,marking  ] GC(226) Concurrent Mark 133.755ms
[2022-06-28T11:24:32.497+0000][7][gc,marking  ] GC(226) Concurrent Rebuild Remembered Sets
[2022-06-28T11:24:32.564+0000][7][gc,marking  ] GC(226) Concurrent Rebuild Remembered Sets 67.069ms
[2022-06-28T11:24:32.564+0000][7][gc,start    ] GC(226) Pause Cleanup
[2022-06-28T11:24:32.564+0000][7][gc          ] GC(226) Pause Cleanup 87M->87M(256M) 0.050ms
[2022-06-28T11:24:32.564+0000][7][gc,cpu      ] GC(226) User=0.00s Sys=0.00s Real=0.00s
[2022-06-28T11:24:32.564+0000][7][safepoint   ] Safepoint "G1Concurrent", Time since last: 67165750 ns, Reaching safepoint: 25338 ns, At safepoint: 106723 ns, Total: 132061 ns
[2022-06-28T11:24:32.564+0000][7][gc,marking  ] GC(226) Concurrent Cleanup for Next Mark
[2022-06-28T11:24:32.565+0000][7][gc,marking  ] GC(226) Concurrent Cleanup for Next Mark 0.661ms
[2022-06-28T11:24:32.565+0000][7][gc          ] GC(226) Concurrent Mark Cycle 202.502ms
[2022-06-28T11:26:37.474+0000][7][gc,start    ] GC(227) Pause Young (Normal) (G1 Evacuation Pause)
[2022-06-28T11:26:37.474+0000][7][gc,task     ] GC(227) Using 1 workers of 1 for evacuation
[2022-06-28T11:26:37.474+0000][7][gc,age      ] GC(227) Desired survivor size 8388608 bytes, new threshold 15 (max threshold 15)
[2022-06-28T11:26:37.476+0000][7][gc,phases   ] GC(227)   Pre Evacuate Collection Set: 0.0ms
[2022-06-28T11:26:37.477+0000][7][gc,phases   ] GC(227)   Merge Heap Roots: 0.0ms
[2022-06-28T11:26:37.477+0000][7][gc,phases   ] GC(227)   Evacuate Collection Set: 1.5ms
[2022-06-28T11:26:37.477+0000][7][gc,phases   ] GC(227)   Post Evacuate Collection Set: 0.9ms
[2022-06-28T11:26:37.477+0000][7][gc,phases   ] GC(227)   Other: 0.1ms
[2022-06-28T11:26:37.477+0000][7][gc,age      ] GC(227) Age table with threshold 15 (max threshold 15)
[2022-06-28T11:26:37.477+0000][7][gc,age      ] GC(227) - age   1:       8504 bytes,       8504 total
[2022-06-28T11:26:37.477+0000][7][gc,age      ] GC(227) - age   2:        400 bytes,       8904 total
[2022-06-28T11:26:37.477+0000][7][gc,age      ] GC(227) - age   3:        200 bytes,       9104 total
[2022-06-28T11:26:37.477+0000][7][gc,age      ] GC(227) - age   5:        576 bytes,       9680 total
[2022-06-28T11:26:37.477+0000][7][gc,age      ] GC(227) - age   7:       1376 bytes,      11056 total
[2022-06-28T11:26:37.477+0000][7][gc,age      ] GC(227) - age  15:        184 bytes,      11240 total
[2022-06-28T11:26:37.477+0000][7][gc,heap     ] GC(227) Eden regions: 29->0(29)
[2022-06-28T11:26:37.477+0000][7][gc,heap     ] GC(227) Survivor regions: 1->1(4)
[2022-06-28T11:26:37.477+0000][7][gc,heap     ] GC(227) Old regions: 19->19
[2022-06-28T11:26:37.477+0000][7][gc,heap     ] GC(227) Archive regions: 2->2
[2022-06-28T11:26:37.477+0000][7][gc,heap     ] GC(227) Humongous regions: 2->2
[2022-06-28T11:26:37.477+0000][7][gc,metaspace] GC(227) Metaspace: 102513K(106432K)->102513K(106432K) NonClass: 88830K(90944K)->88830K(90944K) Class: 13682K(15488K)->13682K(15488K)
[2022-06-28T11:26:37.477+0000][7][gc          ] GC(227) Pause Young (Normal) (G1 Evacuation Pause) 201M->85M(256M) 2.783ms
[2022-06-28T11:26:37.477+0000][7][gc,cpu      ] GC(227) User=0.01s Sys=0.00s Real=0.01s
[2022-06-28T11:26:37.477+0000][7][safepoint   ] Safepoint "G1CollectForAllocation", Time since last: 124909505959 ns, Reaching safepoint: 24959 ns, At safepoint: 2836958 ns, Total: 2861917 ns
[2022-06-28T11:28:40.467+0000][7][gc,start    ] GC(228) Pause Young (Concurrent Start) (G1 Evacuation Pause)
[2022-06-28T11:28:40.467+0000][7][gc,task     ] GC(228) Using 1 workers of 1 for evacuation
[2022-06-28T11:28:40.467+0000][7][gc,age      ] GC(228) Desired survivor size 8388608 bytes, new threshold 15 (max threshold 15)
[2022-06-28T11:28:40.470+0000][7][gc,phases   ] GC(228)   Pre Evacuate Collection Set: 0.2ms
[2022-06-28T11:28:40.470+0000][7][gc,phases   ] GC(228)   Merge Heap Roots: 0.0ms
[2022-06-28T11:28:40.470+0000][7][gc,phases   ] GC(228)   Evacuate Collection Set: 1.4ms
[2022-06-28T11:28:40.470+0000][7][gc,phases   ] GC(228)   Post Evacuate Collection Set: 0.8ms
[2022-06-28T11:28:40.470+0000][7][gc,phases   ] GC(228)   Other: 0.1ms
[2022-06-28T11:28:40.470+0000][7][gc,age      ] GC(228) Age table with threshold 15 (max threshold 15)
[2022-06-28T11:28:40.470+0000][7][gc,age      ] GC(228) - age   1:       8960 bytes,       8960 total
[2022-06-28T11:28:40.470+0000][7][gc,age      ] GC(228) - age   3:        400 bytes,       9360 total
[2022-06-28T11:28:40.470+0000][7][gc,age      ] GC(228) - age   4:        200 bytes,       9560 total
[2022-06-28T11:28:40.470+0000][7][gc,age      ] GC(228) - age   8:       1376 bytes,      10936 total
[2022-06-28T11:28:40.470+0000][7][gc,heap     ] GC(228) Eden regions: 29->0(29)
[2022-06-28T11:28:40.470+0000][7][gc,heap     ] GC(228) Survivor regions: 1->1(4)
[2022-06-28T11:28:40.470+0000][7][gc,heap     ] GC(228) Old regions: 19->19
[2022-06-28T11:28:40.470+0000][7][gc,heap     ] GC(228) Archive regions: 2->2
[2022-06-28T11:28:40.470+0000][7][gc,heap     ] GC(228) Humongous regions: 2->2
[2022-06-28T11:28:40.470+0000][7][gc,metaspace] GC(228) Metaspace: 102513K(106432K)->102513K(106432K) NonClass: 88830K(90944K)->88830K(90944K) Class: 13682K(15488K)->13682K(15488K)
[2022-06-28T11:28:40.470+0000][7][gc          ] GC(228) Pause Young (Concurrent Start) (G1 Evacuation Pause) 201M->85M(256M) 2.763ms
[2022-06-28T11:28:40.470+0000][7][gc,cpu      ] GC(228) User=0.01s Sys=0.00s Real=0.00s
[2022-06-28T11:28:40.470+0000][7][safepoint   ] Safepoint "G1CollectForAllocation", Time since last: 122990179767 ns, Reaching safepoint: 156912 ns, At safepoint: 2813987 ns, Total: 2970899 ns
[2022-06-28T11:28:40.470+0000][7][gc          ] GC(229) Concurrent Mark Cycle
[2022-06-28T11:28:40.470+0000][7][gc,marking  ] GC(229) Concurrent Clear Claimed Marks
[2022-06-28T11:28:40.470+0000][7][gc,marking  ] GC(229) Concurrent Clear Claimed Marks 0.038ms
[2022-06-28T11:28:40.470+0000][7][gc,marking  ] GC(229) Concurrent Scan Root Regions
[2022-06-28T11:28:40.471+0000][7][gc,marking  ] GC(229) Concurrent Scan Root Regions 0.810ms
[2022-06-28T11:28:40.471+0000][7][gc,marking  ] GC(229) Concurrent Mark
[2022-06-28T11:28:40.471+0000][7][gc,marking  ] GC(229) Concurrent Mark From Roots
[2022-06-28T11:28:40.471+0000][7][gc,task     ] GC(229) Using 1 workers of 1 for marking
[2022-06-28T11:28:40.593+0000][7][gc,marking  ] GC(229) Concurrent Mark From Roots 122.551ms
[2022-06-28T11:28:40.593+0000][7][gc,marking  ] GC(229) Concurrent Preclean
[2022-06-28T11:28:40.593+0000][7][gc,marking  ] GC(229) Concurrent Preclean 0.130ms
[2022-06-28T11:28:40.594+0000][7][gc,start    ] GC(229) Pause Remark
[2022-06-28T11:28:40.608+0000][7][gc          ] GC(229) Pause Remark 87M->87M(256M) 13.983ms
[2022-06-28T11:28:40.608+0000][7][gc,cpu      ] GC(229) User=0.01s Sys=0.00s Real=0.02s
[2022-06-28T11:28:40.608+0000][7][safepoint   ] Safepoint "G1Concurrent", Time since last: 123668456 ns, Reaching safepoint: 23585 ns, At safepoint: 14064701 ns, Total: 14088286 ns
[2022-06-28T11:28:40.608+0000][7][gc,marking  ] GC(229) Concurrent Mark 136.876ms
[2022-06-28T11:28:40.608+0000][7][gc,marking  ] GC(229) Concurrent Rebuild Remembered Sets
[2022-06-28T11:28:40.681+0000][7][gc,marking  ] GC(229) Concurrent Rebuild Remembered Sets 72.978ms
[2022-06-28T11:28:40.681+0000][7][gc,start    ] GC(229) Pause Cleanup
[2022-06-28T11:28:40.681+0000][7][gc          ] GC(229) Pause Cleanup 87M->87M(256M) 0.059ms
[2022-06-28T11:28:40.681+0000][7][gc,cpu      ] GC(229) User=0.00s Sys=0.00s Real=0.00s
[2022-06-28T11:28:40.681+0000][7][safepoint   ] Safepoint "G1Concurrent", Time since last: 73086987 ns, Reaching safepoint: 183743 ns, At safepoint: 100583 ns, Total: 284326 ns
[2022-06-28T11:28:40.681+0000][7][gc,marking  ] GC(229) Concurrent Cleanup for Next Mark
[2022-06-28T11:28:40.682+0000][7][gc,marking  ] GC(229) Concurrent Cleanup for Next Mark 0.691ms
[2022-06-28T11:28:40.682+0000][7][gc          ] GC(229) Concurrent Mark Cycle 211.835ms
[2022-06-28T11:30:42.693+0000][7][gc,start    ] GC(230) Pause Young (Normal) (G1 Evacuation Pause)
[2022-06-28T11:30:42.693+0000][7][gc,task     ] GC(230) Using 1 workers of 1 for evacuation
[2022-06-28T11:30:42.693+0000][7][gc,age      ] GC(230) Desired survivor size 8388608 bytes, new threshold 15 (max threshold 15)
[2022-06-28T11:30:42.696+0000][7][gc,phases   ] GC(230)   Pre Evacuate Collection Set: 0.0ms
[2022-06-28T11:30:42.696+0000][7][gc,phases   ] GC(230)   Merge Heap Roots: 0.1ms
[2022-06-28T11:30:42.696+0000][7][gc,phases   ] GC(230)   Evacuate Collection Set: 1.4ms
[2022-06-28T11:30:42.696+0000][7][gc,phases   ] GC(230)   Post Evacuate Collection Set: 0.9ms
[2022-06-28T11:30:42.696+0000][7][gc,phases   ] GC(230)   Other: 0.1ms
[2022-06-28T11:30:42.696+0000][7][gc,age      ] GC(230) Age table with threshold 15 (max threshold 15)
[2022-06-28T11:30:42.696+0000][7][gc,age      ] GC(230) - age   1:       8352 bytes,       8352 total
[2022-06-28T11:30:42.696+0000][7][gc,age      ] GC(230) - age   2:        576 bytes,       8928 total
[2022-06-28T11:30:42.696+0000][7][gc,age      ] GC(230) - age   4:        400 bytes,       9328 total
[2022-06-28T11:30:42.696+0000][7][gc,age      ] GC(230) - age   5:        200 bytes,       9528 total
[2022-06-28T11:30:42.696+0000][7][gc,age      ] GC(230) - age   9:       1376 bytes,      10904 total
[2022-06-28T11:30:42.696+0000][7][gc,heap     ] GC(230) Eden regions: 29->0(29)
[2022-06-28T11:30:42.696+0000][7][gc,heap     ] GC(230) Survivor regions: 1->1(4)
[2022-06-28T11:30:42.696+0000][7][gc,heap     ] GC(230) Old regions: 19->19
[2022-06-28T11:30:42.696+0000][7][gc,heap     ] GC(230) Archive regions: 2->2
[2022-06-28T11:30:42.696+0000][7][gc,heap     ] GC(230) Humongous regions: 2->2
[2022-06-28T11:30:42.696+0000][7][gc,metaspace] GC(230) Metaspace: 102513K(106432K)->102513K(106432K) NonClass: 88831K(90944K)->88831K(90944K) Class: 13682K(15488K)->13682K(15488K)
[2022-06-28T11:30:42.696+0000][7][gc          ] GC(230) Pause Young (Normal) (G1 Evacuation Pause) 201M->85M(256M) 2.673ms
[2022-06-28T11:30:42.696+0000][7][gc,cpu      ] GC(230) User=0.00s Sys=0.00s Real=0.01s
[2022-06-28T11:30:42.696+0000][7][safepoint   ] Safepoint "G1CollectForAllocation", Time since last: 122012154439 ns, Reaching safepoint: 155303 ns, At safepoint: 2716690 ns, Total: 2871993 ns
[2022-06-28T11:32:30.707+0000][7][safepoint   ] Safepoint "Cleanup", Time since last: 108011158677 ns, Reaching safepoint: 38634 ns, At safepoint: 28973 ns, Total: 67607 ns
[2022-06-28T11:32:47.801+0000][7][gc,start    ] GC(231) Pause Young (Concurrent Start) (G1 Evacuation Pause)
[2022-06-28T11:32:47.801+0000][7][gc,task     ] GC(231) Using 1 workers of 1 for evacuation
[2022-06-28T11:32:47.801+0000][7][gc,age      ] GC(231) Desired survivor size 8388608 bytes, new threshold 15 (max threshold 15)
[2022-06-28T11:32:47.804+0000][7][gc,phases   ] GC(231)   Pre Evacuate Collection Set: 0.2ms
[2022-06-28T11:32:47.804+0000][7][gc,phases   ] GC(231)   Merge Heap Roots: 0.0ms
[2022-06-28T11:32:47.804+0000][7][gc,phases   ] GC(231)   Evacuate Collection Set: 1.7ms
[2022-06-28T11:32:47.804+0000][7][gc,phases   ] GC(231)   Post Evacuate Collection Set: 0.9ms
[2022-06-28T11:32:47.804+0000][7][gc,phases   ] GC(231)   Other: 0.1ms
[2022-06-28T11:32:47.804+0000][7][gc,age      ] GC(231) Age table with threshold 15 (max threshold 15)
[2022-06-28T11:32:47.804+0000][7][gc,age      ] GC(231) - age   1:       9840 bytes,       9840 total
[2022-06-28T11:32:47.804+0000][7][gc,age      ] GC(231) - age   2:        200 bytes,      10040 total
[2022-06-28T11:32:47.804+0000][7][gc,age      ] GC(231) - age   3:        576 bytes,      10616 total
[2022-06-28T11:32:47.804+0000][7][gc,age      ] GC(231) - age   5:        400 bytes,      11016 total
[2022-06-28T11:32:47.804+0000][7][gc,age      ] GC(231) - age  10:       1376 bytes,      12392 total
[2022-06-28T11:32:47.804+0000][7][gc,heap     ] GC(231) Eden regions: 29->0(29)
[2022-06-28T11:32:47.804+0000][7][gc,heap     ] GC(231) Survivor regions: 1->1(4)
[2022-06-28T11:32:47.804+0000][7][gc,heap     ] GC(231) Old regions: 19->19
[2022-06-28T11:32:47.804+0000][7][gc,heap     ] GC(231) Archive regions: 2->2
[2022-06-28T11:32:47.804+0000][7][gc,heap     ] GC(231) Humongous regions: 2->2
[2022-06-28T11:32:47.804+0000][7][gc,metaspace] GC(231) Metaspace: 102513K(106432K)->102513K(106432K) NonClass: 88831K(90944K)->88831K(90944K) Class: 13682K(15488K)->13682K(15488K)
[2022-06-28T11:32:47.804+0000][7][gc          ] GC(231) Pause Young (Concurrent Start) (G1 Evacuation Pause) 201M->85M(256M) 3.380ms
[2022-06-28T11:32:47.804+0000][7][gc,cpu      ] GC(231) User=0.00s Sys=0.00s Real=0.00s
[2022-06-28T11:32:47.804+0000][7][safepoint   ] Safepoint "G1CollectForAllocation", Time since last: 17093731176 ns, Reaching safepoint: 26239 ns, At safepoint: 3448676 ns, Total: 3474915 ns
[2022-06-28T11:32:47.804+0000][7][gc          ] GC(232) Concurrent Mark Cycle
[2022-06-28T11:32:47.804+0000][7][gc,marking  ] GC(232) Concurrent Clear Claimed Marks
[2022-06-28T11:32:47.804+0000][7][gc,marking  ] GC(232) Concurrent Clear Claimed Marks 0.036ms
[2022-06-28T11:32:47.804+0000][7][gc,marking  ] GC(232) Concurrent Scan Root Regions
[2022-06-28T11:32:47.806+0000][7][gc,marking  ] GC(232) Concurrent Scan Root Regions 1.023ms
[2022-06-28T11:32:47.806+0000][7][gc,marking  ] GC(232) Concurrent Mark
[2022-06-28T11:32:47.806+0000][7][gc,marking  ] GC(232) Concurrent Mark From Roots
[2022-06-28T11:32:47.806+0000][7][gc,task     ] GC(232) Using 1 workers of 1 for marking
[2022-06-28T11:32:47.928+0000][7][gc,marking  ] GC(232) Concurrent Mark From Roots 122.303ms
[2022-06-28T11:32:47.928+0000][7][gc,marking  ] GC(232) Concurrent Preclean
[2022-06-28T11:32:47.928+0000][7][gc,marking  ] GC(232) Concurrent Preclean 0.104ms
[2022-06-28T11:32:47.928+0000][7][gc,start    ] GC(232) Pause Remark
[2022-06-28T11:32:47.946+0000][7][gc          ] GC(232) Pause Remark 87M->87M(256M) 18.021ms
[2022-06-28T11:32:47.946+0000][7][gc,cpu      ] GC(232) User=0.01s Sys=0.00s Real=0.01s
[2022-06-28T11:32:47.946+0000][7][safepoint   ] Safepoint "G1Concurrent", Time since last: 123611112 ns, Reaching safepoint: 22468 ns, At safepoint: 18096651 ns, Total: 18119119 ns
[2022-06-28T11:32:47.946+0000][7][gc,marking  ] GC(232) Concurrent Mark 140.629ms
[2022-06-28T11:32:47.946+0000][7][gc,marking  ] GC(232) Concurrent Rebuild Remembered Sets
[2022-06-28T11:32:48.013+0000][7][gc,marking  ] GC(232) Concurrent Rebuild Remembered Sets 67.249ms
[2022-06-28T11:32:48.014+0000][7][gc,start    ] GC(232) Pause Cleanup
[2022-06-28T11:32:48.014+0000][7][gc          ] GC(232) Pause Cleanup 87M->87M(256M) 0.061ms
[2022-06-28T11:32:48.014+0000][7][gc,cpu      ] GC(232) User=0.00s Sys=0.00s Real=0.00s
[2022-06-28T11:32:48.014+0000][7][safepoint   ] Safepoint "G1Concurrent", Time since last: 67345087 ns, Reaching safepoint: 21685 ns, At safepoint: 95999 ns, Total: 117684 ns
[2022-06-28T11:32:48.014+0000][7][gc,marking  ] GC(232) Concurrent Cleanup for Next Mark
[2022-06-28T11:32:48.014+0000][7][gc,marking  ] GC(232) Concurrent Cleanup for Next Mark 0.640ms
[2022-06-28T11:32:48.014+0000][7][gc          ] GC(232) Concurrent Mark Cycle 209.850ms
[2022-06-28T11:34:52.917+0000][7][gc,start    ] GC(233) Pause Young (Normal) (G1 Evacuation Pause)
[2022-06-28T11:34:52.917+0000][7][gc,task     ] GC(233) Using 1 workers of 1 for evacuation
[2022-06-28T11:34:52.917+0000][7][gc,age      ] GC(233) Desired survivor size 8388608 bytes, new threshold 15 (max threshold 15)
[2022-06-28T11:34:52.920+0000][7][gc,phases   ] GC(233)   Pre Evacuate Collection Set: 0.0ms
[2022-06-28T11:34:52.920+0000][7][gc,phases   ] GC(233)   Merge Heap Roots: 0.0ms
[2022-06-28T11:34:52.920+0000][7][gc,phases   ] GC(233)   Evacuate Collection Set: 1.4ms
[2022-06-28T11:34:52.920+0000][7][gc,phases   ] GC(233)   Post Evacuate Collection Set: 0.8ms
[2022-06-28T11:34:52.920+0000][7][gc,phases   ] GC(233)   Other: 0.1ms
[2022-06-28T11:34:52.920+0000][7][gc,age      ] GC(233) Age table with threshold 15 (max threshold 15)
[2022-06-28T11:34:52.920+0000][7][gc,age      ] GC(233) - age   1:       9816 bytes,       9816 total
[2022-06-28T11:34:52.920+0000][7][gc,age      ] GC(233) - age   2:        200 bytes,      10016 total
[2022-06-28T11:34:52.920+0000][7][gc,age      ] GC(233) - age   3:        200 bytes,      10216 total
[2022-06-28T11:34:52.920+0000][7][gc,age      ] GC(233) - age   4:        576 bytes,      10792 total
[2022-06-28T11:34:52.920+0000][7][gc,age      ] GC(233) - age   6:        200 bytes,      10992 total
[2022-06-28T11:34:52.920+0000][7][gc,age      ] GC(233) - age  11:       1376 bytes,      12368 total
[2022-06-28T11:34:52.920+0000][7][gc,heap     ] GC(233) Eden regions: 29->0(29)
[2022-06-28T11:34:52.920+0000][7][gc,heap     ] GC(233) Survivor regions: 1->1(4)
[2022-06-28T11:34:52.920+0000][7][gc,heap     ] GC(233) Old regions: 19->19
[2022-06-28T11:34:52.920+0000][7][gc,heap     ] GC(233) Archive regions: 2->2
[2022-06-28T11:34:52.920+0000][7][gc,heap     ] GC(233) Humongous regions: 2->2
[2022-06-28T11:34:52.920+0000][7][gc,metaspace] GC(233) Metaspace: 102513K(106432K)->102513K(106432K) NonClass: 88831K(90944K)->88831K(90944K) Class: 13682K(15488K)->13682K(15488K)
[2022-06-28T11:34:52.920+0000][7][gc          ] GC(233) Pause Young (Normal) (G1 Evacuation Pause) 201M->85M(256M) 2.653ms
[2022-06-28T11:34:52.920+0000][7][gc,cpu      ] GC(233) User=0.00s Sys=0.00s Real=0.00s
[2022-06-28T11:34:52.920+0000][7][safepoint   ] Safepoint "G1CollectForAllocation", Time since last: 124903648558 ns, Reaching safepoint: 24543 ns, At safepoint: 2694551 ns, Total: 2719094 ns
[2022-06-28T11:36:58.029+0000][7][gc,start    ] GC(234) Pause Young (Concurrent Start) (G1 Evacuation Pause)
[2022-06-28T11:36:58.029+0000][7][gc,task     ] GC(234) Using 1 workers of 1 for evacuation
[2022-06-28T11:36:58.029+0000][7][gc,age      ] GC(234) Desired survivor size 8388608 bytes, new threshold 15 (max threshold 15)
[2022-06-28T11:36:58.031+0000][7][gc,phases   ] GC(234)   Pre Evacuate Collection Set: 0.2ms
[2022-06-28T11:36:58.031+0000][7][gc,phases   ] GC(234)   Merge Heap Roots: 0.0ms
[2022-06-28T11:36:58.031+0000][7][gc,phases   ] GC(234)   Evacuate Collection Set: 1.3ms
[2022-06-28T11:36:58.031+0000][7][gc,phases   ] GC(234)   Post Evacuate Collection Set: 0.8ms
[2022-06-28T11:36:58.031+0000][7][gc,phases   ] GC(234)   Other: 0.1ms
[2022-06-28T11:36:58.031+0000][7][gc,age      ] GC(234) Age table with threshold 15 (max threshold 15)
[2022-06-28T11:36:58.031+0000][7][gc,age      ] GC(234) - age   1:      10360 bytes,      10360 total
[2022-06-28T11:36:58.031+0000][7][gc,age      ] GC(234) - age   2:        200 bytes,      10560 total
[2022-06-28T11:36:58.031+0000][7][gc,age      ] GC(234) - age   3:        200 bytes,      10760 total
[2022-06-28T11:36:58.031+0000][7][gc,age      ] GC(234) - age   4:        200 bytes,      10960 total
[2022-06-28T11:36:58.031+0000][7][gc,age      ] GC(234) - age  12:       1376 bytes,      12336 total
[2022-06-28T11:36:58.031+0000][7][gc,heap     ] GC(234) Eden regions: 29->0(29)
[2022-06-28T11:36:58.031+0000][7][gc,heap     ] GC(234) Survivor regions: 1->1(4)
[2022-06-28T11:36:58.031+0000][7][gc,heap     ] GC(234) Old regions: 19->19
[2022-06-28T11:36:58.031+0000][7][gc,heap     ] GC(234) Archive regions: 2->2
[2022-06-28T11:36:58.031+0000][7][gc,heap     ] GC(234) Humongous regions: 2->2
[2022-06-28T11:36:58.031+0000][7][gc,metaspace] GC(234) Metaspace: 102513K(106432K)->102513K(106432K) NonClass: 88831K(90944K)->88831K(90944K) Class: 13682K(15488K)->13682K(15488K)
[2022-06-28T11:36:58.031+0000][7][gc          ] GC(234) Pause Young (Concurrent Start) (G1 Evacuation Pause) 201M->85M(256M) 2.580ms
[2022-06-28T11:36:58.031+0000][7][gc,cpu      ] GC(234) User=0.00s Sys=0.00s Real=0.00s
[2022-06-28T11:36:58.031+0000][7][safepoint   ] Safepoint "G1CollectForAllocation", Time since last: 125108493295 ns, Reaching safepoint: 36276 ns, At safepoint: 2631558 ns, Total: 2667834 ns
[2022-06-28T11:36:58.031+0000][7][gc          ] GC(235) Concurrent Mark Cycle
[2022-06-28T11:36:58.031+0000][7][gc,marking  ] GC(235) Concurrent Clear Claimed Marks
[2022-06-28T11:36:58.031+0000][7][gc,marking  ] GC(235) Concurrent Clear Claimed Marks 0.040ms
[2022-06-28T11:36:58.031+0000][7][gc,marking  ] GC(235) Concurrent Scan Root Regions
[2022-06-28T11:36:58.032+0000][7][gc,marking  ] GC(235) Concurrent Scan Root Regions 0.722ms
[2022-06-28T11:36:58.032+0000][7][gc,marking  ] GC(235) Concurrent Mark
[2022-06-28T11:36:58.032+0000][7][gc,marking  ] GC(235) Concurrent Mark From Roots
[2022-06-28T11:36:58.032+0000][7][gc,task     ] GC(235) Using 1 workers of 1 for marking
[2022-06-28T11:36:58.146+0000][7][gc,marking  ] GC(235) Concurrent Mark From Roots 113.980ms
[2022-06-28T11:36:58.146+0000][7][gc,marking  ] GC(235) Concurrent Preclean
[2022-06-28T11:36:58.146+0000][7][gc,marking  ] GC(235) Concurrent Preclean 0.121ms
[2022-06-28T11:36:58.146+0000][7][gc,start    ] GC(235) Pause Remark
[2022-06-28T11:36:58.159+0000][7][gc          ] GC(235) Pause Remark 87M->87M(256M) 12.598ms
[2022-06-28T11:36:58.159+0000][7][gc,cpu      ] GC(235) User=0.01s Sys=0.00s Real=0.02s
[2022-06-28T11:36:58.159+0000][7][safepoint   ] Safepoint "G1Concurrent", Time since last: 115014745 ns, Reaching safepoint: 23175 ns, At safepoint: 12653341 ns, Total: 12676516 ns
[2022-06-28T11:36:58.159+0000][7][gc,marking  ] GC(235) Concurrent Mark 126.878ms
[2022-06-28T11:36:58.159+0000][7][gc,marking  ] GC(235) Concurrent Rebuild Remembered Sets
[2022-06-28T11:36:58.224+0000][7][gc,marking  ] GC(235) Concurrent Rebuild Remembered Sets 64.920ms
[2022-06-28T11:36:58.224+0000][7][gc,start    ] GC(235) Pause Cleanup
[2022-06-28T11:36:58.224+0000][7][gc          ] GC(235) Pause Cleanup 87M->87M(256M) 0.049ms
[2022-06-28T11:36:58.224+0000][7][gc,cpu      ] GC(235) User=0.00s Sys=0.00s Real=0.00s
[2022-06-28T11:36:58.224+0000][7][safepoint   ] Safepoint "G1Concurrent", Time since last: 65012185 ns, Reaching safepoint: 22899 ns, At safepoint: 85454 ns, Total: 108353 ns
[2022-06-28T11:36:58.224+0000][7][gc,marking  ] GC(235) Concurrent Cleanup for Next Mark
[2022-06-28T11:36:58.225+0000][7][gc,marking  ] GC(235) Concurrent Cleanup for Next Mark 0.660ms
[2022-06-28T11:36:58.225+0000][7][gc          ] GC(235) Concurrent Mark Cycle 193.469ms
[2022-06-28T11:39:03.141+0000][7][gc,start    ] GC(236) Pause Young (Normal) (G1 Evacuation Pause)
[2022-06-28T11:39:03.142+0000][7][gc,task     ] GC(236) Using 1 workers of 1 for evacuation
[2022-06-28T11:39:03.142+0000][7][gc,age      ] GC(236) Desired survivor size 8388608 bytes, new threshold 15 (max threshold 15)
[2022-06-28T11:39:03.144+0000][7][gc,phases   ] GC(236)   Pre Evacuate Collection Set: 0.1ms
[2022-06-28T11:39:03.144+0000][7][gc,phases   ] GC(236)   Merge Heap Roots: 0.0ms
[2022-06-28T11:39:03.144+0000][7][gc,phases   ] GC(236)   Evacuate Collection Set: 1.5ms
[2022-06-28T11:39:03.144+0000][7][gc,phases   ] GC(236)   Post Evacuate Collection Set: 0.9ms
[2022-06-28T11:39:03.144+0000][7][gc,phases   ] GC(236)   Other: 0.1ms
[2022-06-28T11:39:03.144+0000][7][gc,age      ] GC(236) Age table with threshold 15 (max threshold 15)
[2022-06-28T11:39:03.144+0000][7][gc,age      ] GC(236) - age   1:      10536 bytes,      10536 total
[2022-06-28T11:39:03.144+0000][7][gc,age      ] GC(236) - age   2:        576 bytes,      11112 total
[2022-06-28T11:39:03.144+0000][7][gc,age      ] GC(236) - age   3:        200 bytes,      11312 total
[2022-06-28T11:39:03.144+0000][7][gc,age      ] GC(236) - age   4:        200 bytes,      11512 total
[2022-06-28T11:39:03.144+0000][7][gc,age      ] GC(236) - age   5:        200 bytes,      11712 total
[2022-06-28T11:39:03.144+0000][7][gc,age      ] GC(236) - age  13:       1376 bytes,      13088 total
[2022-06-28T11:39:03.144+0000][7][gc,heap     ] GC(236) Eden regions: 29->0(29)
[2022-06-28T11:39:03.144+0000][7][gc,heap     ] GC(236) Survivor regions: 1->1(4)
[2022-06-28T11:39:03.144+0000][7][gc,heap     ] GC(236) Old regions: 19->19
[2022-06-28T11:39:03.144+0000][7][gc,heap     ] GC(236) Archive regions: 2->2
[2022-06-28T11:39:03.144+0000][7][gc,heap     ] GC(236) Humongous regions: 2->2
[2022-06-28T11:39:03.144+0000][7][gc,metaspace] GC(236) Metaspace: 102513K(106432K)->102513K(106432K) NonClass: 88831K(90944K)->88831K(90944K) Class: 13682K(15488K)->13682K(15488K)
[2022-06-28T11:39:03.144+0000][7][gc          ] GC(236) Pause Young (Normal) (G1 Evacuation Pause) 201M->85M(256M) 2.769ms
[2022-06-28T11:39:03.144+0000][7][gc,cpu      ] GC(236) User=0.00s Sys=0.00s Real=0.00s
[2022-06-28T11:39:03.144+0000][7][safepoint   ] Safepoint "G1CollectForAllocation", Time since last: 124917486994 ns, Reaching safepoint: 36791 ns, At safepoint: 2812637 ns, Total: 2849428 ns
[2022-06-28T11:41:08.250+0000][7][gc,start    ] GC(237) Pause Young (Concurrent Start) (G1 Evacuation Pause)
[2022-06-28T11:41:08.251+0000][7][gc,task     ] GC(237) Using 1 workers of 1 for evacuation
[2022-06-28T11:41:08.251+0000][7][gc,age      ] GC(237) Desired survivor size 8388608 bytes, new threshold 15 (max threshold 15)
[2022-06-28T11:41:08.253+0000][7][gc,phases   ] GC(237)   Pre Evacuate Collection Set: 0.2ms
[2022-06-28T11:41:08.253+0000][7][gc,phases   ] GC(237)   Merge Heap Roots: 0.0ms
[2022-06-28T11:41:08.253+0000][7][gc,phases   ] GC(237)   Evacuate Collection Set: 1.4ms
[2022-06-28T11:41:08.253+0000][7][gc,phases   ] GC(237)   Post Evacuate Collection Set: 0.8ms
[2022-06-28T11:41:08.253+0000][7][gc,phases   ] GC(237)   Other: 0.1ms
[2022-06-28T11:41:08.253+0000][7][gc,age      ] GC(237) Age table with threshold 15 (max threshold 15)
[2022-06-28T11:41:08.253+0000][7][gc,age      ] GC(237) - age   1:       9760 bytes,       9760 total
[2022-06-28T11:41:08.253+0000][7][gc,age      ] GC(237) - age   2:        200 bytes,       9960 total
[2022-06-28T11:41:08.253+0000][7][gc,age      ] GC(237) - age   3:        576 bytes,      10536 total
[2022-06-28T11:41:08.253+0000][7][gc,age      ] GC(237) - age   4:        200 bytes,      10736 total
[2022-06-28T11:41:08.253+0000][7][gc,age      ] GC(237) - age   5:        200 bytes,      10936 total
[2022-06-28T11:41:08.253+0000][7][gc,age      ] GC(237) - age  14:       1376 bytes,      12312 total
[2022-06-28T11:41:08.253+0000][7][gc,heap     ] GC(237) Eden regions: 29->0(29)
[2022-06-28T11:41:08.253+0000][7][gc,heap     ] GC(237) Survivor regions: 1->1(4)
[2022-06-28T11:41:08.253+0000][7][gc,heap     ] GC(237) Old regions: 19->19
[2022-06-28T11:41:08.253+0000][7][gc,heap     ] GC(237) Archive regions: 2->2
[2022-06-28T11:41:08.253+0000][7][gc,heap     ] GC(237) Humongous regions: 2->2
[2022-06-28T11:41:08.253+0000][7][gc,metaspace] GC(237) Metaspace: 102513K(106432K)->102513K(106432K) NonClass: 88831K(90944K)->88831K(90944K) Class: 13682K(15488K)->13682K(15488K)
[2022-06-28T11:41:08.253+0000][7][gc          ] GC(237) Pause Young (Concurrent Start) (G1 Evacuation Pause) 201M->85M(256M) 2.738ms
[2022-06-28T11:41:08.253+0000][7][gc,cpu      ] GC(237) User=0.00s Sys=0.01s Real=0.00s
[2022-06-28T11:41:08.253+0000][7][safepoint   ] Safepoint "G1CollectForAllocation", Time since last: 125106150560 ns, Reaching safepoint: 26901 ns, At safepoint: 2814986 ns, Total: 2841887 ns
[2022-06-28T11:41:08.253+0000][7][gc          ] GC(238) Concurrent Mark Cycle
[2022-06-28T11:41:08.253+0000][7][gc,marking  ] GC(238) Concurrent Clear Claimed Marks
[2022-06-28T11:41:08.253+0000][7][gc,marking  ] GC(238) Concurrent Clear Claimed Marks 0.038ms
[2022-06-28T11:41:08.253+0000][7][gc,marking  ] GC(238) Concurrent Scan Root Regions
[2022-06-28T11:41:08.254+0000][7][gc,marking  ] GC(238) Concurrent Scan Root Regions 0.687ms
[2022-06-28T11:41:08.254+0000][7][gc,marking  ] GC(238) Concurrent Mark
[2022-06-28T11:41:08.254+0000][7][gc,marking  ] GC(238) Concurrent Mark From Roots
[2022-06-28T11:41:08.254+0000][7][gc,task     ] GC(238) Using 1 workers of 1 for marking
[2022-06-28T11:41:08.370+0000][7][gc,marking  ] GC(238) Concurrent Mark From Roots 116.340ms
[2022-06-28T11:41:08.370+0000][7][gc,marking  ] GC(238) Concurrent Preclean
[2022-06-28T11:41:08.371+0000][7][gc,marking  ] GC(238) Concurrent Preclean 0.130ms
[2022-06-28T11:41:08.371+0000][7][gc,start    ] GC(238) Pause Remark
[2022-06-28T11:41:08.383+0000][7][gc          ] GC(238) Pause Remark 87M->87M(256M) 12.766ms
[2022-06-28T11:41:08.383+0000][7][gc,cpu      ] GC(238) User=0.02s Sys=0.00s Real=0.01s
[2022-06-28T11:41:08.383+0000][7][safepoint   ] Safepoint "G1Concurrent", Time since last: 117354628 ns, Reaching safepoint: 25436 ns, At safepoint: 12823809 ns, Total: 12849245 ns
[2022-06-28T11:41:08.383+0000][7][gc,marking  ] GC(238) Concurrent Mark 129.434ms
[2022-06-28T11:41:08.384+0000][7][gc,marking  ] GC(238) Concurrent Rebuild Remembered Sets
[2022-06-28T11:41:08.449+0000][7][gc,marking  ] GC(238) Concurrent Rebuild Remembered Sets 65.511ms
[2022-06-28T11:41:08.449+0000][7][gc,start    ] GC(238) Pause Cleanup
[2022-06-28T11:41:08.449+0000][7][gc          ] GC(238) Pause Cleanup 87M->87M(256M) 0.048ms
[2022-06-28T11:41:08.449+0000][7][gc,cpu      ] GC(238) User=0.00s Sys=0.00s Real=0.00s
[2022-06-28T11:41:08.449+0000][7][safepoint   ] Safepoint "G1Concurrent", Time since last: 65605244 ns, Reaching safepoint: 22944 ns, At safepoint: 99276 ns, Total: 122220 ns
[2022-06-28T11:41:08.449+0000][7][gc,marking  ] GC(238) Concurrent Cleanup for Next Mark
[2022-06-28T11:41:08.450+0000][7][gc,marking  ] GC(238) Concurrent Cleanup for Next Mark 0.645ms
[2022-06-28T11:41:08.450+0000][7][gc          ] GC(238) Concurrent Mark Cycle 196.570ms
[2022-06-28T11:43:13.367+0000][7][gc,start    ] GC(239) Pause Young (Normal) (G1 Evacuation Pause)
[2022-06-28T11:43:13.367+0000][7][gc,task     ] GC(239) Using 1 workers of 1 for evacuation
[2022-06-28T11:43:13.367+0000][7][gc,age      ] GC(239) Desired survivor size 8388608 bytes, new threshold 15 (max threshold 15)
[2022-06-28T11:43:13.369+0000][7][gc,phases   ] GC(239)   Pre Evacuate Collection Set: 0.0ms
[2022-06-28T11:43:13.369+0000][7][gc,phases   ] GC(239)   Merge Heap Roots: 0.0ms
[2022-06-28T11:43:13.369+0000][7][gc,phases   ] GC(239)   Evacuate Collection Set: 1.5ms
[2022-06-28T11:43:13.369+0000][7][gc,phases   ] GC(239)   Post Evacuate Collection Set: 0.9ms
[2022-06-28T11:43:13.369+0000][7][gc,phases   ] GC(239)   Other: 0.1ms
[2022-06-28T11:43:13.369+0000][7][gc,age      ] GC(239) Age table with threshold 15 (max threshold 15)
[2022-06-28T11:43:13.369+0000][7][gc,age      ] GC(239) - age   1:       9816 bytes,       9816 total
[2022-06-28T11:43:13.369+0000][7][gc,age      ] GC(239) - age   2:        200 bytes,      10016 total
[2022-06-28T11:43:13.369+0000][7][gc,age      ] GC(239) - age   3:        200 bytes,      10216 total
[2022-06-28T11:43:13.369+0000][7][gc,age      ] GC(239) - age   4:        576 bytes,      10792 total
[2022-06-28T11:43:13.369+0000][7][gc,age      ] GC(239) - age   5:        200 bytes,      10992 total
[2022-06-28T11:43:13.369+0000][7][gc,age      ] GC(239) - age  15:       1376 bytes,      12368 total
[2022-06-28T11:43:13.369+0000][7][gc,heap     ] GC(239) Eden regions: 29->0(29)
[2022-06-28T11:43:13.369+0000][7][gc,heap     ] GC(239) Survivor regions: 1->1(4)
[2022-06-28T11:43:13.369+0000][7][gc,heap     ] GC(239) Old regions: 19->19
[2022-06-28T11:43:13.369+0000][7][gc,heap     ] GC(239) Archive regions: 2->2
[2022-06-28T11:43:13.369+0000][7][gc,heap     ] GC(239) Humongous regions: 2->2
[2022-06-28T11:43:13.369+0000][7][gc,metaspace] GC(239) Metaspace: 102513K(106432K)->102513K(106432K) NonClass: 88831K(90944K)->88831K(90944K) Class: 13682K(15488K)->13682K(15488K)
[2022-06-28T11:43:13.369+0000][7][gc          ] GC(239) Pause Young (Normal) (G1 Evacuation Pause) 201M->85M(256M) 2.789ms
[2022-06-28T11:43:13.370+0000][7][gc,cpu      ] GC(239) User=0.00s Sys=0.00s Real=0.00s
[2022-06-28T11:43:13.370+0000][7][safepoint   ] Safepoint "G1CollectForAllocation", Time since last: 124917461637 ns, Reaching safepoint: 24919 ns, At safepoint: 2832509 ns, Total: 2857428 ns
[2022-06-28T11:45:18.483+0000][7][gc,start    ] GC(240) Pause Young (Concurrent Start) (G1 Evacuation Pause)
[2022-06-28T11:45:18.483+0000][7][gc,task     ] GC(240) Using 1 workers of 1 for evacuation
[2022-06-28T11:45:18.483+0000][7][gc,age      ] GC(240) Desired survivor size 8388608 bytes, new threshold 15 (max threshold 15)
[2022-06-28T11:45:18.486+0000][7][gc,phases   ] GC(240)   Pre Evacuate Collection Set: 0.2ms
[2022-06-28T11:45:18.486+0000][7][gc,phases   ] GC(240)   Merge Heap Roots: 0.0ms
[2022-06-28T11:45:18.486+0000][7][gc,phases   ] GC(240)   Evacuate Collection Set: 1.5ms
[2022-06-28T11:45:18.486+0000][7][gc,phases   ] GC(240)   Post Evacuate Collection Set: 0.9ms
[2022-06-28T11:45:18.486+0000][7][gc,phases   ] GC(240)   Other: 0.1ms
[2022-06-28T11:45:18.486+0000][7][gc,age      ] GC(240) Age table with threshold 15 (max threshold 15)
[2022-06-28T11:45:18.486+0000][7][gc,age      ] GC(240) - age   1:      10288 bytes,      10288 total
[2022-06-28T11:45:18.486+0000][7][gc,age      ] GC(240) - age   2:        200 bytes,      10488 total
[2022-06-28T11:45:18.486+0000][7][gc,age      ] GC(240) - age   3:        200 bytes,      10688 total
[2022-06-28T11:45:18.486+0000][7][gc,age      ] GC(240) - age   4:        200 bytes,      10888 total
[2022-06-28T11:45:18.486+0000][7][gc,age      ] GC(240) - age   5:        576 bytes,      11464 total
[2022-06-28T11:45:18.486+0000][7][gc,heap     ] GC(240) Eden regions: 29->0(29)
[2022-06-28T11:45:18.486+0000][7][gc,heap     ] GC(240) Survivor regions: 1->1(4)
[2022-06-28T11:45:18.486+0000][7][gc,heap     ] GC(240) Old regions: 19->19
[2022-06-28T11:45:18.486+0000][7][gc,heap     ] GC(240) Archive regions: 2->2
[2022-06-28T11:45:18.486+0000][7][gc,heap     ] GC(240) Humongous regions: 2->2
[2022-06-28T11:45:18.486+0000][7][gc,metaspace] GC(240) Metaspace: 102513K(106432K)->102513K(106432K) NonClass: 88831K(90944K)->88831K(90944K) Class: 13682K(15488K)->13682K(15488K)
[2022-06-28T11:45:18.486+0000][7][gc          ] GC(240) Pause Young (Concurrent Start) (G1 Evacuation Pause) 201M->85M(256M) 2.850ms
[2022-06-28T11:45:18.486+0000][7][gc,cpu      ] GC(240) User=0.01s Sys=0.00s Real=0.00s
[2022-06-28T11:45:18.486+0000][7][safepoint   ] Safepoint "G1CollectForAllocation", Time since last: 125113463073 ns, Reaching safepoint: 25091 ns, At safepoint: 2895965 ns, Total: 2921056 ns
[2022-06-28T11:45:18.486+0000][7][gc          ] GC(241) Concurrent Mark Cycle
[2022-06-28T11:45:18.486+0000][7][gc,marking  ] GC(241) Concurrent Clear Claimed Marks
[2022-06-28T11:45:18.486+0000][7][gc,marking  ] GC(241) Concurrent Clear Claimed Marks 0.037ms
[2022-06-28T11:45:18.486+0000][7][gc,marking  ] GC(241) Concurrent Scan Root Regions
[2022-06-28T11:45:18.487+0000][7][gc,marking  ] GC(241) Concurrent Scan Root Regions 0.712ms
[2022-06-28T11:45:18.487+0000][7][gc,marking  ] GC(241) Concurrent Mark
[2022-06-28T11:45:18.487+0000][7][gc,marking  ] GC(241) Concurrent Mark From Roots
[2022-06-28T11:45:18.487+0000][7][gc,task     ] GC(241) Using 1 workers of 1 for marking
[2022-06-28T11:45:18.603+0000][7][gc,marking  ] GC(241) Concurrent Mark From Roots 116.405ms
[2022-06-28T11:45:18.603+0000][7][gc,marking  ] GC(241) Concurrent Preclean
[2022-06-28T11:45:18.603+0000][7][gc,marking  ] GC(241) Concurrent Preclean 0.107ms
[2022-06-28T11:45:18.603+0000][7][gc,start    ] GC(241) Pause Remark
[2022-06-28T11:45:18.617+0000][7][gc          ] GC(241) Pause Remark 87M->87M(256M) 13.137ms
[2022-06-28T11:45:18.617+0000][7][gc,cpu      ] GC(241) User=0.02s Sys=0.00s Real=0.02s
[2022-06-28T11:45:18.617+0000][7][safepoint   ] Safepoint "G1Concurrent", Time since last: 117444905 ns, Reaching safepoint: 23043 ns, At safepoint: 13192391 ns, Total: 13215434 ns
[2022-06-28T11:45:18.617+0000][7][gc,marking  ] GC(241) Concurrent Mark 129.841ms
[2022-06-28T11:45:18.617+0000][7][gc,marking  ] GC(241) Concurrent Rebuild Remembered Sets
[2022-06-28T11:45:18.682+0000][7][gc,marking  ] GC(241) Concurrent Rebuild Remembered Sets 65.722ms
[2022-06-28T11:45:18.682+0000][7][gc,start    ] GC(241) Pause Cleanup
[2022-06-28T11:45:18.682+0000][7][gc          ] GC(241) Pause Cleanup 87M->87M(256M) 0.044ms
[2022-06-28T11:45:18.682+0000][7][gc,cpu      ] GC(241) User=0.00s Sys=0.00s Real=0.00s
[2022-06-28T11:45:18.682+0000][7][safepoint   ] Safepoint "G1Concurrent", Time since last: 65809421 ns, Reaching safepoint: 20543 ns, At safepoint: 96333 ns, Total: 116876 ns
[2022-06-28T11:45:18.683+0000][7][gc,marking  ] GC(241) Concurrent Cleanup for Next Mark
[2022-06-28T11:45:18.683+0000][7][gc,marking  ] GC(241) Concurrent Cleanup for Next Mark 0.717ms
[2022-06-28T11:45:18.683+0000][7][gc          ] GC(241) Concurrent Mark Cycle 197.314ms
[2022-06-28T11:46:36.691+0000][7][safepoint   ] Safepoint "Cleanup", Time since last: 78008921378 ns, Reaching safepoint: 41194 ns, At safepoint: 4788 ns, Total: 45982 ns
[2022-06-28T11:47:23.598+0000][7][gc,start    ] GC(242) Pause Young (Normal) (G1 Evacuation Pause)
[2022-06-28T11:47:23.598+0000][7][gc,task     ] GC(242) Using 1 workers of 1 for evacuation
[2022-06-28T11:47:23.598+0000][7][gc,age      ] GC(242) Desired survivor size 8388608 bytes, new threshold 15 (max threshold 15)
[2022-06-28T11:47:23.600+0000][7][gc,phases   ] GC(242)   Pre Evacuate Collection Set: 0.1ms
[2022-06-28T11:47:23.601+0000][7][gc,phases   ] GC(242)   Merge Heap Roots: 0.0ms
[2022-06-28T11:47:23.601+0000][7][gc,phases   ] GC(242)   Evacuate Collection Set: 1.5ms
[2022-06-28T11:47:23.601+0000][7][gc,phases   ] GC(242)   Post Evacuate Collection Set: 0.9ms
[2022-06-28T11:47:23.601+0000][7][gc,phases   ] GC(242)   Other: 0.1ms
[2022-06-28T11:47:23.601+0000][7][gc,age      ] GC(242) Age table with threshold 15 (max threshold 15)
[2022-06-28T11:47:23.601+0000][7][gc,age      ] GC(242) - age   1:      20200 bytes,      20200 total
[2022-06-28T11:47:23.601+0000][7][gc,age      ] GC(242) - age   2:        200 bytes,      20400 total
[2022-06-28T11:47:23.601+0000][7][gc,age      ] GC(242) - age   3:        200 bytes,      20600 total
[2022-06-28T11:47:23.601+0000][7][gc,age      ] GC(242) - age   4:        200 bytes,      20800 total
[2022-06-28T11:47:23.601+0000][7][gc,heap     ] GC(242) Eden regions: 29->0(29)
[2022-06-28T11:47:23.601+0000][7][gc,heap     ] GC(242) Survivor regions: 1->1(4)
[2022-06-28T11:47:23.601+0000][7][gc,heap     ] GC(242) Old regions: 19->19
[2022-06-28T11:47:23.601+0000][7][gc,heap     ] GC(242) Archive regions: 2->2
[2022-06-28T11:47:23.601+0000][7][gc,heap     ] GC(242) Humongous regions: 2->2
[2022-06-28T11:47:23.601+0000][7][gc,metaspace] GC(242) Metaspace: 102513K(106432K)->102513K(106432K) NonClass: 88831K(90944K)->88831K(90944K) Class: 13682K(15488K)->13682K(15488K)
[2022-06-28T11:47:23.601+0000][7][gc          ] GC(242) Pause Young (Normal) (G1 Evacuation Pause) 201M->85M(256M) 2.740ms
[2022-06-28T11:47:23.601+0000][7][gc,cpu      ] GC(242) User=0.00s Sys=0.00s Real=0.00s
[2022-06-28T11:47:23.601+0000][7][safepoint   ] Safepoint "G1CollectForAllocation", Time since last: 46906393104 ns, Reaching safepoint: 25840 ns, At safepoint: 2784465 ns, Total: 2810305 ns
[2022-06-28T11:49:28.708+0000][7][gc,start    ] GC(243) Pause Young (Concurrent Start) (G1 Evacuation Pause)
[2022-06-28T11:49:28.708+0000][7][gc,task     ] GC(243) Using 1 workers of 1 for evacuation
[2022-06-28T11:49:28.708+0000][7][gc,age      ] GC(243) Desired survivor size 8388608 bytes, new threshold 15 (max threshold 15)
[2022-06-28T11:49:28.710+0000][7][gc,phases   ] GC(243)   Pre Evacuate Collection Set: 0.2ms
[2022-06-28T11:49:28.710+0000][7][gc,phases   ] GC(243)   Merge Heap Roots: 0.0ms
[2022-06-28T11:49:28.710+0000][7][gc,phases   ] GC(243)   Evacuate Collection Set: 1.4ms
[2022-06-28T11:49:28.710+0000][7][gc,phases   ] GC(243)   Post Evacuate Collection Set: 0.9ms
[2022-06-28T11:49:28.710+0000][7][gc,phases   ] GC(243)   Other: 0.1ms
[2022-06-28T11:49:28.710+0000][7][gc,age      ] GC(243) Age table with threshold 15 (max threshold 15)
[2022-06-28T11:49:28.710+0000][7][gc,age      ] GC(243) - age   1:      11520 bytes,      11520 total
[2022-06-28T11:49:28.710+0000][7][gc,age      ] GC(243) - age   2:       9952 bytes,      21472 total
[2022-06-28T11:49:28.710+0000][7][gc,age      ] GC(243) - age   4:        200 bytes,      21672 total
[2022-06-28T11:49:28.711+0000][7][gc,age      ] GC(243) - age   5:        200 bytes,      21872 total
[2022-06-28T11:49:28.711+0000][7][gc,heap     ] GC(243) Eden regions: 29->0(29)
[2022-06-28T11:49:28.711+0000][7][gc,heap     ] GC(243) Survivor regions: 1->1(4)
[2022-06-28T11:49:28.711+0000][7][gc,heap     ] GC(243) Old regions: 19->19
[2022-06-28T11:49:28.711+0000][7][gc,heap     ] GC(243) Archive regions: 2->2
[2022-06-28T11:49:28.711+0000][7][gc,heap     ] GC(243) Humongous regions: 2->2
[2022-06-28T11:49:28.711+0000][7][gc,metaspace] GC(243) Metaspace: 102513K(106432K)->102513K(106432K) NonClass: 88831K(90944K)->88831K(90944K) Class: 13682K(15488K)->13682K(15488K)
[2022-06-28T11:49:28.711+0000][7][gc          ] GC(243) Pause Young (Concurrent Start) (G1 Evacuation Pause) 201M->85M(256M) 2.807ms
[2022-06-28T11:49:28.711+0000][7][gc,cpu      ] GC(243) User=0.01s Sys=0.00s Real=0.00s
[2022-06-28T11:49:28.711+0000][7][safepoint   ] Safepoint "G1CollectForAllocation", Time since last: 125107062617 ns, Reaching safepoint: 25763 ns, At safepoint: 2857176 ns, Total: 2882939 ns
[2022-06-28T11:49:28.711+0000][7][gc          ] GC(244) Concurrent Mark Cycle
[2022-06-28T11:49:28.711+0000][7][gc,marking  ] GC(244) Concurrent Clear Claimed Marks
[2022-06-28T11:49:28.711+0000][7][gc,marking  ] GC(244) Concurrent Clear Claimed Marks 0.039ms
[2022-06-28T11:49:28.711+0000][7][gc,marking  ] GC(244) Concurrent Scan Root Regions
[2022-06-28T11:49:28.711+0000][7][gc,marking  ] GC(244) Concurrent Scan Root Regions 0.789ms
[2022-06-28T11:49:28.711+0000][7][gc,marking  ] GC(244) Concurrent Mark
[2022-06-28T11:49:28.712+0000][7][gc,marking  ] GC(244) Concurrent Mark From Roots
[2022-06-28T11:49:28.712+0000][7][gc,task     ] GC(244) Using 1 workers of 1 for marking
[2022-06-28T11:49:28.830+0000][7][gc,marking  ] GC(244) Concurrent Mark From Roots 118.517ms
[2022-06-28T11:49:28.830+0000][7][gc,marking  ] GC(244) Concurrent Preclean
[2022-06-28T11:49:28.830+0000][7][gc,marking  ] GC(244) Concurrent Preclean 0.125ms
[2022-06-28T11:49:28.830+0000][7][gc,start    ] GC(244) Pause Remark
[2022-06-28T11:49:28.843+0000][7][gc          ] GC(244) Pause Remark 87M->87M(256M) 13.091ms
[2022-06-28T11:49:28.843+0000][7][gc,cpu      ] GC(244) User=0.02s Sys=0.00s Real=0.01s
[2022-06-28T11:49:28.843+0000][7][safepoint   ] Safepoint "G1Concurrent", Time since last: 119621784 ns, Reaching safepoint: 23190 ns, At safepoint: 13160494 ns, Total: 13183684 ns
[2022-06-28T11:49:28.843+0000][7][gc,marking  ] GC(244) Concurrent Mark 131.934ms
[2022-06-28T11:49:28.843+0000][7][gc,marking  ] GC(244) Concurrent Rebuild Remembered Sets
[2022-06-28T11:49:28.910+0000][7][gc,marking  ] GC(244) Concurrent Rebuild Remembered Sets 66.688ms
[2022-06-28T11:49:28.910+0000][7][gc,start    ] GC(244) Pause Cleanup
[2022-06-28T11:49:28.910+0000][7][gc          ] GC(244) Pause Cleanup 87M->87M(256M) 0.048ms
[2022-06-28T11:49:28.910+0000][7][gc,cpu      ] GC(244) User=0.00s Sys=0.00s Real=0.00s
[2022-06-28T11:49:28.910+0000][7][safepoint   ] Safepoint "G1Concurrent", Time since last: 66796396 ns, Reaching safepoint: 21921 ns, At safepoint: 83092 ns, Total: 105013 ns
[2022-06-28T11:49:28.910+0000][7][gc,marking  ] GC(244) Concurrent Cleanup for Next Mark
[2022-06-28T11:49:28.911+0000][7][gc,marking  ] GC(244) Concurrent Cleanup for Next Mark 0.712ms
[2022-06-28T11:49:28.911+0000][7][gc          ] GC(244) Concurrent Mark Cycle 200.436ms
[2022-06-28T11:51:33.823+0000][7][gc,start    ] GC(245) Pause Young (Normal) (G1 Evacuation Pause)
[2022-06-28T11:51:33.823+0000][7][gc,task     ] GC(245) Using 1 workers of 1 for evacuation
[2022-06-28T11:51:33.823+0000][7][gc,age      ] GC(245) Desired survivor size 8388608 bytes, new threshold 15 (max threshold 15)
[2022-06-28T11:51:33.826+0000][7][gc,phases   ] GC(245)   Pre Evacuate Collection Set: 0.1ms
[2022-06-28T11:51:33.826+0000][7][gc,phases   ] GC(245)   Merge Heap Roots: 0.0ms
[2022-06-28T11:51:33.826+0000][7][gc,phases   ] GC(245)   Evacuate Collection Set: 1.5ms
[2022-06-28T11:51:33.826+0000][7][gc,phases   ] GC(245)   Post Evacuate Collection Set: 0.8ms
[2022-06-28T11:51:33.826+0000][7][gc,phases   ] GC(245)   Other: 0.1ms
[2022-06-28T11:51:33.826+0000][7][gc,age      ] GC(245) Age table with threshold 15 (max threshold 15)
[2022-06-28T11:51:33.826+0000][7][gc,age      ] GC(245) - age   1:       9960 bytes,       9960 total
[2022-06-28T11:51:33.826+0000][7][gc,age      ] GC(245) - age   2:       1960 bytes,      11920 total
[2022-06-28T11:51:33.826+0000][7][gc,age      ] GC(245) - age   3:       9752 bytes,      21672 total
[2022-06-28T11:51:33.826+0000][7][gc,age      ] GC(245) - age   5:        200 bytes,      21872 total
[2022-06-28T11:51:33.826+0000][7][gc,age      ] GC(245) - age   6:        200 bytes,      22072 total
[2022-06-28T11:51:33.826+0000][7][gc,heap     ] GC(245) Eden regions: 29->0(29)
[2022-06-28T11:51:33.826+0000][7][gc,heap     ] GC(245) Survivor regions: 1->1(4)
[2022-06-28T11:51:33.826+0000][7][gc,heap     ] GC(245) Old regions: 19->19
[2022-06-28T11:51:33.826+0000][7][gc,heap     ] GC(245) Archive regions: 2->2
[2022-06-28T11:51:33.826+0000][7][gc,heap     ] GC(245) Humongous regions: 2->2
[2022-06-28T11:51:33.826+0000][7][gc,metaspace] GC(245) Metaspace: 102514K(106432K)->102514K(106432K) NonClass: 88831K(90944K)->88831K(90944K) Class: 13682K(15488K)->13682K(15488K)
[2022-06-28T11:51:33.826+0000][7][gc          ] GC(245) Pause Young (Normal) (G1 Evacuation Pause) 201M->85M(256M) 2.692ms
[2022-06-28T11:51:33.826+0000][7][gc,cpu      ] GC(245) User=0.00s Sys=0.01s Real=0.00s
[2022-06-28T11:51:33.826+0000][7][safepoint   ] Safepoint "G1CollectForAllocation", Time since last: 124912673946 ns, Reaching safepoint: 24351 ns, At safepoint: 2731169 ns, Total: 2755520 ns
[2022-06-28T11:52:35.833+0000][7][safepoint   ] Safepoint "Cleanup", Time since last: 62006785474 ns, Reaching safepoint: 39344 ns, At safepoint: 30532 ns, Total: 69876 ns
[2022-06-28T11:53:38.933+0000][7][gc,start    ] GC(246) Pause Young (Concurrent Start) (G1 Evacuation Pause)
[2022-06-28T11:53:38.933+0000][7][gc,task     ] GC(246) Using 1 workers of 1 for evacuation
[2022-06-28T11:53:38.933+0000][7][gc,age      ] GC(246) Desired survivor size 8388608 bytes, new threshold 15 (max threshold 15)
[2022-06-28T11:53:38.936+0000][7][gc,phases   ] GC(246)   Pre Evacuate Collection Set: 0.2ms
[2022-06-28T11:53:38.936+0000][7][gc,phases   ] GC(246)   Merge Heap Roots: 0.0ms
[2022-06-28T11:53:38.936+0000][7][gc,phases   ] GC(246)   Evacuate Collection Set: 1.4ms
[2022-06-28T11:53:38.936+0000][7][gc,phases   ] GC(246)   Post Evacuate Collection Set: 0.9ms
[2022-06-28T11:53:38.936+0000][7][gc,phases   ] GC(246)   Other: 0.1ms
[2022-06-28T11:53:38.936+0000][7][gc,age      ] GC(246) Age table with threshold 15 (max threshold 15)
[2022-06-28T11:53:38.936+0000][7][gc,age      ] GC(246) - age   1:       9816 bytes,       9816 total
[2022-06-28T11:53:38.936+0000][7][gc,age      ] GC(246) - age   2:        304 bytes,      10120 total
[2022-06-28T11:53:38.936+0000][7][gc,age      ] GC(246) - age   3:       1960 bytes,      12080 total
[2022-06-28T11:53:38.936+0000][7][gc,age      ] GC(246) - age   4:       1320 bytes,      13400 total
[2022-06-28T11:53:38.936+0000][7][gc,age      ] GC(246) - age   6:        200 bytes,      13600 total
[2022-06-28T11:53:38.936+0000][7][gc,heap     ] GC(246) Eden regions: 29->0(29)
[2022-06-28T11:53:38.936+0000][7][gc,heap     ] GC(246) Survivor regions: 1->1(4)
[2022-06-28T11:53:38.936+0000][7][gc,heap     ] GC(246) Old regions: 19->19
[2022-06-28T11:53:38.936+0000][7][gc,heap     ] GC(246) Archive regions: 2->2
[2022-06-28T11:53:38.936+0000][7][gc,heap     ] GC(246) Humongous regions: 2->2
[2022-06-28T11:53:38.936+0000][7][gc,metaspace] GC(246) Metaspace: 102514K(106432K)->102514K(106432K) NonClass: 88831K(90944K)->88831K(90944K) Class: 13682K(15488K)->13682K(15488K)
[2022-06-28T11:53:38.936+0000][7][gc          ] GC(246) Pause Young (Concurrent Start) (G1 Evacuation Pause) 201M->85M(256M) 2.842ms
[2022-06-28T11:53:38.936+0000][7][gc,cpu      ] GC(246) User=0.01s Sys=0.00s Real=0.01s
[2022-06-28T11:53:38.936+0000][7][safepoint   ] Safepoint "G1CollectForAllocation", Time since last: 63100486865 ns, Reaching safepoint: 26384 ns, At safepoint: 2892287 ns, Total: 2918671 ns
[2022-06-28T11:53:38.936+0000][7][gc          ] GC(247) Concurrent Mark Cycle
[2022-06-28T11:53:38.936+0000][7][gc,marking  ] GC(247) Concurrent Clear Claimed Marks
[2022-06-28T11:53:38.936+0000][7][gc,marking  ] GC(247) Concurrent Clear Claimed Marks 0.037ms
[2022-06-28T11:53:38.936+0000][7][gc,marking  ] GC(247) Concurrent Scan Root Regions
[2022-06-28T11:53:38.937+0000][7][gc,marking  ] GC(247) Concurrent Scan Root Regions 0.702ms
[2022-06-28T11:53:38.937+0000][7][gc,marking  ] GC(247) Concurrent Mark
[2022-06-28T11:53:38.937+0000][7][gc,marking  ] GC(247) Concurrent Mark From Roots
[2022-06-28T11:53:38.937+0000][7][gc,task     ] GC(247) Using 1 workers of 1 for marking
[2022-06-28T11:53:39.057+0000][7][gc,marking  ] GC(247) Concurrent Mark From Roots 119.937ms
[2022-06-28T11:53:39.057+0000][7][gc,marking  ] GC(247) Concurrent Preclean
[2022-06-28T11:53:39.057+0000][7][gc,marking  ] GC(247) Concurrent Preclean 0.115ms
[2022-06-28T11:53:39.057+0000][7][gc,start    ] GC(247) Pause Remark
[2022-06-28T11:53:39.070+0000][7][gc          ] GC(247) Pause Remark 89M->89M(256M) 12.857ms
[2022-06-28T11:53:39.070+0000][7][gc,cpu      ] GC(247) User=0.01s Sys=0.00s Real=0.01s
[2022-06-28T11:53:39.070+0000][7][safepoint   ] Safepoint "G1Concurrent", Time since last: 120939255 ns, Reaching safepoint: 23876 ns, At safepoint: 12904901 ns, Total: 12928777 ns
[2022-06-28T11:53:39.070+0000][7][gc,marking  ] GC(247) Concurrent Mark 133.101ms
[2022-06-28T11:53:39.070+0000][7][gc,marking  ] GC(247) Concurrent Rebuild Remembered Sets
[2022-06-28T11:53:39.136+0000][7][gc,marking  ] GC(247) Concurrent Rebuild Remembered Sets 65.878ms
[2022-06-28T11:53:39.136+0000][7][gc,start    ] GC(247) Pause Cleanup
[2022-06-28T11:53:39.136+0000][7][gc          ] GC(247) Pause Cleanup 89M->89M(256M) 0.050ms
[2022-06-28T11:53:39.136+0000][7][gc,cpu      ] GC(247) User=0.00s Sys=0.00s Real=0.00s
[2022-06-28T11:53:39.136+0000][7][safepoint   ] Safepoint "G1Concurrent", Time since last: 65981485 ns, Reaching safepoint: 23553 ns, At safepoint: 85874 ns, Total: 109427 ns
[2022-06-28T11:53:39.136+0000][7][gc,marking  ] GC(247) Concurrent Cleanup for Next Mark
[2022-06-28T11:53:39.137+0000][7][gc,marking  ] GC(247) Concurrent Cleanup for Next Mark 0.679ms
[2022-06-28T11:53:39.137+0000][7][gc          ] GC(247) Concurrent Mark Cycle 200.658ms
[2022-06-28T11:55:42.055+0000][7][gc,start    ] GC(248) Pause Young (Normal) (G1 Evacuation Pause)
[2022-06-28T11:55:42.055+0000][7][gc,task     ] GC(248) Using 1 workers of 1 for evacuation
[2022-06-28T11:55:42.055+0000][7][gc,age      ] GC(248) Desired survivor size 8388608 bytes, new threshold 15 (max threshold 15)
[2022-06-28T11:55:42.058+0000][7][gc,phases   ] GC(248)   Pre Evacuate Collection Set: 0.1ms
[2022-06-28T11:55:42.058+0000][7][gc,phases   ] GC(248)   Merge Heap Roots: 0.1ms
[2022-06-28T11:55:42.058+0000][7][gc,phases   ] GC(248)   Evacuate Collection Set: 1.5ms
[2022-06-28T11:55:42.058+0000][7][gc,phases   ] GC(248)   Post Evacuate Collection Set: 0.9ms
[2022-06-28T11:55:42.058+0000][7][gc,phases   ] GC(248)   Other: 0.1ms
[2022-06-28T11:55:42.058+0000][7][gc,age      ] GC(248) Age table with threshold 15 (max threshold 15)
[2022-06-28T11:55:42.058+0000][7][gc,age      ] GC(248) - age   1:       8248 bytes,       8248 total
[2022-06-28T11:55:42.058+0000][7][gc,age      ] GC(248) - age   2:        200 bytes,       8448 total
[2022-06-28T11:55:42.058+0000][7][gc,age      ] GC(248) - age   3:        304 bytes,       8752 total
[2022-06-28T11:55:42.058+0000][7][gc,age      ] GC(248) - age   4:       1960 bytes,      10712 total
[2022-06-28T11:55:42.058+0000][7][gc,age      ] GC(248) - age   5:       1320 bytes,      12032 total
[2022-06-28T11:55:42.058+0000][7][gc,heap     ] GC(248) Eden regions: 29->0(29)
[2022-06-28T11:55:42.058+0000][7][gc,heap     ] GC(248) Survivor regions: 1->1(4)
[2022-06-28T11:55:42.058+0000][7][gc,heap     ] GC(248) Old regions: 19->19
[2022-06-28T11:55:42.058+0000][7][gc,heap     ] GC(248) Archive regions: 2->2
[2022-06-28T11:55:42.058+0000][7][gc,heap     ] GC(248) Humongous regions: 2->2
[2022-06-28T11:55:42.058+0000][7][gc,metaspace] GC(248) Metaspace: 102514K(106432K)->102514K(106432K) NonClass: 88831K(90944K)->88831K(90944K) Class: 13682K(15488K)->13682K(15488K)
[2022-06-28T11:55:42.058+0000][7][gc          ] GC(248) Pause Young (Normal) (G1 Evacuation Pause) 201M->85M(256M) 2.776ms
[2022-06-28T11:55:42.058+0000][7][gc,cpu      ] GC(248) User=0.00s Sys=0.00s Real=0.00s
[2022-06-28T11:55:42.058+0000][7][safepoint   ] Safepoint "G1CollectForAllocation", Time since last: 122919115512 ns, Reaching safepoint: 26504 ns, At safepoint: 2825629 ns, Total: 2852133 ns
[2022-06-28T11:57:44.168+0000][7][gc,start    ] GC(249) Pause Young (Concurrent Start) (G1 Evacuation Pause)
[2022-06-28T11:57:44.168+0000][7][gc,task     ] GC(249) Using 1 workers of 1 for evacuation
[2022-06-28T11:57:44.168+0000][7][gc,age      ] GC(249) Desired survivor size 8388608 bytes, new threshold 15 (max threshold 15)
[2022-06-28T11:57:44.175+0000][7][gc,phases   ] GC(249)   Pre Evacuate Collection Set: 0.2ms
[2022-06-28T11:57:44.175+0000][7][gc,phases   ] GC(249)   Merge Heap Roots: 0.0ms
[2022-06-28T11:57:44.175+0000][7][gc,phases   ] GC(249)   Evacuate Collection Set: 6.1ms
[2022-06-28T11:57:44.175+0000][7][gc,phases   ] GC(249)   Post Evacuate Collection Set: 0.9ms
[2022-06-28T11:57:44.175+0000][7][gc,phases   ] GC(249)   Other: 0.1ms
[2022-06-28T11:57:44.175+0000][7][gc,age      ] GC(249) Age table with threshold 15 (max threshold 15)
[2022-06-28T11:57:44.175+0000][7][gc,age      ] GC(249) - age   1:       9200 bytes,       9200 total
[2022-06-28T11:57:44.175+0000][7][gc,age      ] GC(249) - age   2:        200 bytes,       9400 total
[2022-06-28T11:57:44.175+0000][7][gc,age      ] GC(249) - age   3:        200 bytes,       9600 total
[2022-06-28T11:57:44.175+0000][7][gc,age      ] GC(249) - age   4:        104 bytes,       9704 total
[2022-06-28T11:57:44.175+0000][7][gc,age      ] GC(249) - age   5:       1960 bytes,      11664 total
[2022-06-28T11:57:44.175+0000][7][gc,age      ] GC(249) - age   6:        744 bytes,      12408 total
[2022-06-28T11:57:44.175+0000][7][gc,heap     ] GC(249) Eden regions: 29->0(29)
[2022-06-28T11:57:44.175+0000][7][gc,heap     ] GC(249) Survivor regions: 1->1(4)
[2022-06-28T11:57:44.175+0000][7][gc,heap     ] GC(249) Old regions: 19->19
[2022-06-28T11:57:44.175+0000][7][gc,heap     ] GC(249) Archive regions: 2->2
[2022-06-28T11:57:44.175+0000][7][gc,heap     ] GC(249) Humongous regions: 2->2
[2022-06-28T11:57:44.175+0000][7][gc,metaspace] GC(249) Metaspace: 102514K(106432K)->102514K(106432K) NonClass: 88831K(90944K)->88831K(90944K) Class: 13682K(15488K)->13682K(15488K)
[2022-06-28T11:57:44.175+0000][7][gc          ] GC(249) Pause Young (Concurrent Start) (G1 Evacuation Pause) 201M->85M(256M) 7.513ms
[2022-06-28T11:57:44.175+0000][7][gc,cpu      ] GC(249) User=0.00s Sys=0.00s Real=0.01s
[2022-06-28T11:57:44.175+0000][7][safepoint   ] Safepoint "G1CollectForAllocation", Time since last: 122109469739 ns, Reaching safepoint: 154968 ns, At safepoint: 7570961 ns, Total: 7725929 ns
[2022-06-28T11:57:44.175+0000][7][gc          ] GC(250) Concurrent Mark Cycle
[2022-06-28T11:57:44.175+0000][7][gc,marking  ] GC(250) Concurrent Clear Claimed Marks
[2022-06-28T11:57:44.175+0000][7][gc,marking  ] GC(250) Concurrent Clear Claimed Marks 0.075ms
[2022-06-28T11:57:44.175+0000][7][gc,marking  ] GC(250) Concurrent Scan Root Regions
[2022-06-28T11:57:44.176+0000][7][gc,marking  ] GC(250) Concurrent Scan Root Regions 0.804ms
[2022-06-28T11:57:44.176+0000][7][gc,marking  ] GC(250) Concurrent Mark
[2022-06-28T11:57:44.176+0000][7][gc,marking  ] GC(250) Concurrent Mark From Roots
[2022-06-28T11:57:44.176+0000][7][gc,task     ] GC(250) Using 1 workers of 1 for marking
[2022-06-28T11:57:44.301+0000][7][gc,marking  ] GC(250) Concurrent Mark From Roots 125.047ms
[2022-06-28T11:57:44.301+0000][7][gc,marking  ] GC(250) Concurrent Preclean
[2022-06-28T11:57:44.301+0000][7][gc,marking  ] GC(250) Concurrent Preclean 0.133ms
[2022-06-28T11:57:44.301+0000][7][gc,start    ] GC(250) Pause Remark
[2022-06-28T11:57:44.315+0000][7][gc          ] GC(250) Pause Remark 87M->87M(256M) 13.759ms
[2022-06-28T11:57:44.315+0000][7][gc,cpu      ] GC(250) User=0.02s Sys=0.00s Real=0.02s
[2022-06-28T11:57:44.315+0000][7][safepoint   ] Safepoint "G1Concurrent", Time since last: 126222701 ns, Reaching safepoint: 25319 ns, At safepoint: 13830212 ns, Total: 13855531 ns
[2022-06-28T11:57:44.315+0000][7][gc,marking  ] GC(250) Concurrent Mark 139.144ms
[2022-06-28T11:57:44.315+0000][7][gc,marking  ] GC(250) Concurrent Rebuild Remembered Sets
[2022-06-28T11:57:44.386+0000][7][gc,marking  ] GC(250) Concurrent Rebuild Remembered Sets 71.098ms
[2022-06-28T11:57:44.386+0000][7][gc,start    ] GC(250) Pause Cleanup
[2022-06-28T11:57:44.387+0000][7][gc          ] GC(250) Pause Cleanup 87M->87M(256M) 0.095ms
[2022-06-28T11:57:44.387+0000][7][gc,cpu      ] GC(250) User=0.00s Sys=0.00s Real=0.01s
[2022-06-28T11:57:44.387+0000][7][safepoint   ] Safepoint "G1Concurrent", Time since last: 71188584 ns, Reaching safepoint: 21413 ns, At safepoint: 130975 ns, Total: 152388 ns
[2022-06-28T11:57:44.387+0000][7][gc,marking  ] GC(250) Concurrent Cleanup for Next Mark
[2022-06-28T11:57:44.387+0000][7][gc,marking  ] GC(250) Concurrent Cleanup for Next Mark 0.680ms
[2022-06-28T11:57:44.387+0000][7][gc          ] GC(250) Concurrent Mark Cycle 212.115ms
[2022-06-28T11:59:49.277+0000][7][gc,start    ] GC(251) Pause Young (Normal) (G1 Evacuation Pause)
[2022-06-28T11:59:49.277+0000][7][gc,task     ] GC(251) Using 1 workers of 1 for evacuation
[2022-06-28T11:59:49.277+0000][7][gc,age      ] GC(251) Desired survivor size 8388608 bytes, new threshold 15 (max threshold 15)
[2022-06-28T11:59:49.279+0000][7][gc,phases   ] GC(251)   Pre Evacuate Collection Set: 0.1ms
[2022-06-28T11:59:49.279+0000][7][gc,phases   ] GC(251)   Merge Heap Roots: 0.0ms
[2022-06-28T11:59:49.279+0000][7][gc,phases   ] GC(251)   Evacuate Collection Set: 1.4ms
[2022-06-28T11:59:49.279+0000][7][gc,phases   ] GC(251)   Post Evacuate Collection Set: 0.9ms
[2022-06-28T11:59:49.279+0000][7][gc,phases   ] GC(251)   Other: 0.1ms
[2022-06-28T11:59:49.279+0000][7][gc,age      ] GC(251) Age table with threshold 15 (max threshold 15)
[2022-06-28T11:59:49.279+0000][7][gc,age      ] GC(251) - age   1:       9736 bytes,       9736 total
[2022-06-28T11:59:49.279+0000][7][gc,age      ] GC(251) - age   2:        760 bytes,      10496 total
[2022-06-28T11:59:49.279+0000][7][gc,age      ] GC(251) - age   3:        200 bytes,      10696 total
[2022-06-28T11:59:49.279+0000][7][gc,age      ] GC(251) - age   4:        200 bytes,      10896 total
[2022-06-28T11:59:49.279+0000][7][gc,age      ] GC(251) - age   5:        104 bytes,      11000 total
[2022-06-28T11:59:49.279+0000][7][gc,age      ] GC(251) - age   6:       1960 bytes,      12960 total
[2022-06-28T11:59:49.279+0000][7][gc,age      ] GC(251) - age   7:        744 bytes,      13704 total
[2022-06-28T11:59:49.279+0000][7][gc,heap     ] GC(251) Eden regions: 29->0(29)
[2022-06-28T11:59:49.279+0000][7][gc,heap     ] GC(251) Survivor regions: 1->1(4)
[2022-06-28T11:59:49.279+0000][7][gc,heap     ] GC(251) Old regions: 19->19
[2022-06-28T11:59:49.279+0000][7][gc,heap     ] GC(251) Archive regions: 2->2
[2022-06-28T11:59:49.279+0000][7][gc,heap     ] GC(251) Humongous regions: 2->2
[2022-06-28T11:59:49.279+0000][7][gc,metaspace] GC(251) Metaspace: 102514K(106432K)->102514K(106432K) NonClass: 88831K(90944K)->88831K(90944K) Class: 13682K(15488K)->13682K(15488K)
[2022-06-28T11:59:49.279+0000][7][gc          ] GC(251) Pause Young (Normal) (G1 Evacuation Pause) 201M->85M(256M) 2.694ms
[2022-06-28T11:59:49.279+0000][7][gc,cpu      ] GC(251) User=0.01s Sys=0.00s Real=0.00s
[2022-06-28T11:59:49.279+0000][7][safepoint   ] Safepoint "G1CollectForAllocation", Time since last: 124890161153 ns, Reaching safepoint: 25221 ns, At safepoint: 2736980 ns, Total: 2762201 ns
[2022-06-28T12:01:54.388+0000][7][gc,start    ] GC(252) Pause Young (Concurrent Start) (G1 Evacuation Pause)
[2022-06-28T12:01:54.388+0000][7][gc,task     ] GC(252) Using 1 workers of 1 for evacuation
[2022-06-28T12:01:54.388+0000][7][gc,age      ] GC(252) Desired survivor size 8388608 bytes, new threshold 15 (max threshold 15)
[2022-06-28T12:01:54.391+0000][7][gc,phases   ] GC(252)   Pre Evacuate Collection Set: 0.2ms
[2022-06-28T12:01:54.391+0000][7][gc,phases   ] GC(252)   Merge Heap Roots: 0.0ms
[2022-06-28T12:01:54.391+0000][7][gc,phases   ] GC(252)   Evacuate Collection Set: 1.4ms
[2022-06-28T12:01:54.391+0000][7][gc,phases   ] GC(252)   Post Evacuate Collection Set: 0.9ms
[2022-06-28T12:01:54.391+0000][7][gc,phases   ] GC(252)   Other: 0.1ms
[2022-06-28T12:01:54.391+0000][7][gc,age      ] GC(252) Age table with threshold 15 (max threshold 15)
[2022-06-28T12:01:54.391+0000][7][gc,age      ] GC(252) - age   1:       9280 bytes,       9280 total
[2022-06-28T12:01:54.391+0000][7][gc,age      ] GC(252) - age   2:        200 bytes,       9480 total
[2022-06-28T12:01:54.391+0000][7][gc,age      ] GC(252) - age   3:        760 bytes,      10240 total
[2022-06-28T12:01:54.391+0000][7][gc,age      ] GC(252) - age   4:        200 bytes,      10440 total
[2022-06-28T12:01:54.391+0000][7][gc,age      ] GC(252) - age   6:        104 bytes,      10544 total
[2022-06-28T12:01:54.391+0000][7][gc,age      ] GC(252) - age   7:       1960 bytes,      12504 total
[2022-06-28T12:01:54.391+0000][7][gc,age      ] GC(252) - age   8:        744 bytes,      13248 total
[2022-06-28T12:01:54.391+0000][7][gc,heap     ] GC(252) Eden regions: 29->0(29)
[2022-06-28T12:01:54.391+0000][7][gc,heap     ] GC(252) Survivor regions: 1->1(4)
[2022-06-28T12:01:54.391+0000][7][gc,heap     ] GC(252) Old regions: 19->19
[2022-06-28T12:01:54.391+0000][7][gc,heap     ] GC(252) Archive regions: 2->2
[2022-06-28T12:01:54.391+0000][7][gc,heap     ] GC(252) Humongous regions: 2->2
[2022-06-28T12:01:54.391+0000][7][gc,metaspace] GC(252) Metaspace: 102514K(106432K)->102514K(106432K) NonClass: 88831K(90944K)->88831K(90944K) Class: 13682K(15488K)->13682K(15488K)
[2022-06-28T12:01:54.391+0000][7][gc          ] GC(252) Pause Young (Concurrent Start) (G1 Evacuation Pause) 201M->85M(256M) 2.792ms
[2022-06-28T12:01:54.391+0000][7][gc,cpu      ] GC(252) User=0.00s Sys=0.00s Real=0.00s
[2022-06-28T12:01:54.391+0000][7][safepoint   ] Safepoint "G1CollectForAllocation", Time since last: 125108397039 ns, Reaching safepoint: 156147 ns, At safepoint: 2840637 ns, Total: 2996784 ns
[2022-06-28T12:01:54.391+0000][7][gc          ] GC(253) Concurrent Mark Cycle
[2022-06-28T12:01:54.391+0000][7][gc,marking  ] GC(253) Concurrent Clear Claimed Marks
[2022-06-28T12:01:54.391+0000][7][gc,marking  ] GC(253) Concurrent Clear Claimed Marks 0.039ms
[2022-06-28T12:01:54.391+0000][7][gc,marking  ] GC(253) Concurrent Scan Root Regions
[2022-06-28T12:01:54.392+0000][7][gc,marking  ] GC(253) Concurrent Scan Root Regions 0.896ms
[2022-06-28T12:01:54.392+0000][7][gc,marking  ] GC(253) Concurrent Mark
[2022-06-28T12:01:54.392+0000][7][gc,marking  ] GC(253) Concurrent Mark From Roots
[2022-06-28T12:01:54.392+0000][7][gc,task     ] GC(253) Using 1 workers of 1 for marking
[2022-06-28T12:01:54.507+0000][7][gc,marking  ] GC(253) Concurrent Mark From Roots 115.135ms
[2022-06-28T12:01:54.507+0000][7][gc,marking  ] GC(253) Concurrent Preclean
[2022-06-28T12:01:54.507+0000][7][gc,marking  ] GC(253) Concurrent Preclean 0.123ms
[2022-06-28T12:01:54.507+0000][7][gc,start    ] GC(253) Pause Remark
[2022-06-28T12:01:54.520+0000][7][gc          ] GC(253) Pause Remark 87M->87M(256M) 12.972ms
[2022-06-28T12:01:54.520+0000][7][gc,cpu      ] GC(253) User=0.01s Sys=0.00s Real=0.01s
[2022-06-28T12:01:54.520+0000][7][safepoint   ] Safepoint "G1Concurrent", Time since last: 116359101 ns, Reaching safepoint: 23112 ns, At safepoint: 13032359 ns, Total: 13055471 ns
[2022-06-28T12:01:54.520+0000][7][gc,marking  ] GC(253) Concurrent Mark 128.427ms
[2022-06-28T12:01:54.520+0000][7][gc,marking  ] GC(253) Concurrent Rebuild Remembered Sets
[2022-06-28T12:01:54.586+0000][7][gc,marking  ] GC(253) Concurrent Rebuild Remembered Sets 65.330ms
[2022-06-28T12:01:54.586+0000][7][gc,start    ] GC(253) Pause Cleanup
[2022-06-28T12:01:54.586+0000][7][gc          ] GC(253) Pause Cleanup 87M->87M(256M) 0.047ms
[2022-06-28T12:01:54.586+0000][7][gc,cpu      ] GC(253) User=0.00s Sys=0.00s Real=0.00s
[2022-06-28T12:01:54.586+0000][7][safepoint   ] Safepoint "G1Concurrent", Time since last: 65420847 ns, Reaching safepoint: 22311 ns, At safepoint: 82638 ns, Total: 104949 ns
[2022-06-28T12:01:54.586+0000][7][gc,marking  ] GC(253) Concurrent Cleanup for Next Mark
[2022-06-28T12:01:54.586+0000][7][gc,marking  ] GC(253) Concurrent Cleanup for Next Mark 0.645ms
[2022-06-28T12:01:54.587+0000][7][gc          ] GC(253) Concurrent Mark Cycle 195.599ms
[2022-06-28T12:03:59.495+0000][7][gc,start    ] GC(254) Pause Young (Normal) (G1 Evacuation Pause)
[2022-06-28T12:03:59.495+0000][7][gc,task     ] GC(254) Using 1 workers of 1 for evacuation
[2022-06-28T12:03:59.495+0000][7][gc,age      ] GC(254) Desired survivor size 8388608 bytes, new threshold 15 (max threshold 15)
[2022-06-28T12:03:59.498+0000][7][gc,phases   ] GC(254)   Pre Evacuate Collection Set: 0.0ms
[2022-06-28T12:03:59.498+0000][7][gc,phases   ] GC(254)   Merge Heap Roots: 0.0ms
[2022-06-28T12:03:59.498+0000][7][gc,phases   ] GC(254)   Evacuate Collection Set: 1.4ms
[2022-06-28T12:03:59.498+0000][7][gc,phases   ] GC(254)   Post Evacuate Collection Set: 0.8ms
[2022-06-28T12:03:59.498+0000][7][gc,phases   ] GC(254)   Other: 0.1ms
[2022-06-28T12:03:59.498+0000][7][gc,age      ] GC(254) Age table with threshold 15 (max threshold 15)
[2022-06-28T12:03:59.498+0000][7][gc,age      ] GC(254) - age   1:       8256 bytes,       8256 total
[2022-06-28T12:03:59.498+0000][7][gc,age      ] GC(254) - age   2:        200 bytes,       8456 total
[2022-06-28T12:03:59.498+0000][7][gc,age      ] GC(254) - age   3:        200 bytes,       8656 total
[2022-06-28T12:03:59.498+0000][7][gc,age      ] GC(254) - age   4:        760 bytes,       9416 total
[2022-06-28T12:03:59.498+0000][7][gc,age      ] GC(254) - age   7:        104 bytes,       9520 total
[2022-06-28T12:03:59.498+0000][7][gc,age      ] GC(254) - age   8:       1960 bytes,      11480 total
[2022-06-28T12:03:59.498+0000][7][gc,age      ] GC(254) - age   9:        744 bytes,      12224 total
[2022-06-28T12:03:59.498+0000][7][gc,heap     ] GC(254) Eden regions: 29->0(29)
[2022-06-28T12:03:59.498+0000][7][gc,heap     ] GC(254) Survivor regions: 1->1(4)
[2022-06-28T12:03:59.498+0000][7][gc,heap     ] GC(254) Old regions: 19->19
[2022-06-28T12:03:59.498+0000][7][gc,heap     ] GC(254) Archive regions: 2->2
[2022-06-28T12:03:59.498+0000][7][gc,heap     ] GC(254) Humongous regions: 2->2
[2022-06-28T12:03:59.498+0000][7][gc,metaspace] GC(254) Metaspace: 102514K(106432K)->102514K(106432K) NonClass: 88831K(90944K)->88831K(90944K) Class: 13682K(15488K)->13682K(15488K)
[2022-06-28T12:03:59.498+0000][7][gc          ] GC(254) Pause Young (Normal) (G1 Evacuation Pause) 201M->85M(256M) 2.634ms
[2022-06-28T12:03:59.498+0000][7][gc,cpu      ] GC(254) User=0.00s Sys=0.00s Real=0.00s
[2022-06-28T12:03:59.498+0000][7][safepoint   ] Safepoint "G1CollectForAllocation", Time since last: 124909063065 ns, Reaching safepoint: 157448 ns, At safepoint: 2682675 ns, Total: 2840123 ns
[2022-06-28T12:06:04.604+0000][7][gc,start    ] GC(255) Pause Young (Concurrent Start) (G1 Evacuation Pause)
[2022-06-28T12:06:04.604+0000][7][gc,task     ] GC(255) Using 1 workers of 1 for evacuation
[2022-06-28T12:06:04.605+0000][7][gc,age      ] GC(255) Desired survivor size 8388608 bytes, new threshold 15 (max threshold 15)
[2022-06-28T12:06:04.607+0000][7][gc,phases   ] GC(255)   Pre Evacuate Collection Set: 0.2ms
[2022-06-28T12:06:04.607+0000][7][gc,phases   ] GC(255)   Merge Heap Roots: 0.0ms
[2022-06-28T12:06:04.607+0000][7][gc,phases   ] GC(255)   Evacuate Collection Set: 1.4ms
[2022-06-28T12:06:04.607+0000][7][gc,phases   ] GC(255)   Post Evacuate Collection Set: 0.9ms
[2022-06-28T12:06:04.607+0000][7][gc,phases   ] GC(255)   Other: 0.1ms
[2022-06-28T12:06:04.607+0000][7][gc,age      ] GC(255) Age table with threshold 15 (max threshold 15)
[2022-06-28T12:06:04.607+0000][7][gc,age      ] GC(255) - age   1:       9816 bytes,       9816 total
[2022-06-28T12:06:04.607+0000][7][gc,age      ] GC(255) - age   2:        200 bytes,      10016 total
[2022-06-28T12:06:04.607+0000][7][gc,age      ] GC(255) - age   3:        200 bytes,      10216 total
[2022-06-28T12:06:04.607+0000][7][gc,age      ] GC(255) - age   4:        200 bytes,      10416 total
[2022-06-28T12:06:04.607+0000][7][gc,age      ] GC(255) - age   5:        760 bytes,      11176 total
[2022-06-28T12:06:04.607+0000][7][gc,age      ] GC(255) - age   8:        104 bytes,      11280 total
[2022-06-28T12:06:04.607+0000][7][gc,age      ] GC(255) - age   9:       1760 bytes,      13040 total
[2022-06-28T12:06:04.607+0000][7][gc,age      ] GC(255) - age  10:        744 bytes,      13784 total
[2022-06-28T12:06:04.607+0000][7][gc,heap     ] GC(255) Eden regions: 29->0(29)
[2022-06-28T12:06:04.607+0000][7][gc,heap     ] GC(255) Survivor regions: 1->1(4)
[2022-06-28T12:06:04.607+0000][7][gc,heap     ] GC(255) Old regions: 19->19
[2022-06-28T12:06:04.607+0000][7][gc,heap     ] GC(255) Archive regions: 2->2
[2022-06-28T12:06:04.607+0000][7][gc,heap     ] GC(255) Humongous regions: 2->2
[2022-06-28T12:06:04.607+0000][7][gc,metaspace] GC(255) Metaspace: 102514K(106432K)->102514K(106432K) NonClass: 88831K(90944K)->88831K(90944K) Class: 13682K(15488K)->13682K(15488K)
[2022-06-28T12:06:04.607+0000][7][gc          ] GC(255) Pause Young (Concurrent Start) (G1 Evacuation Pause) 201M->85M(256M) 2.882ms
[2022-06-28T12:06:04.607+0000][7][gc,cpu      ] GC(255) User=0.01s Sys=0.00s Real=0.01s
[2022-06-28T12:06:04.607+0000][7][safepoint   ] Safepoint "G1CollectForAllocation", Time since last: 125106676057 ns, Reaching safepoint: 26815 ns, At safepoint: 2938696 ns, Total: 2965511 ns
[2022-06-28T12:06:04.607+0000][7][gc          ] GC(256) Concurrent Mark Cycle
[2022-06-28T12:06:04.607+0000][7][gc,marking  ] GC(256) Concurrent Clear Claimed Marks
[2022-06-28T12:06:04.607+0000][7][gc,marking  ] GC(256) Concurrent Clear Claimed Marks 0.040ms
[2022-06-28T12:06:04.607+0000][7][gc,marking  ] GC(256) Concurrent Scan Root Regions
[2022-06-28T12:06:04.608+0000][7][gc,marking  ] GC(256) Concurrent Scan Root Regions 0.741ms
[2022-06-28T12:06:04.608+0000][7][gc,marking  ] GC(256) Concurrent Mark
[2022-06-28T12:06:04.608+0000][7][gc,marking  ] GC(256) Concurrent Mark From Roots
[2022-06-28T12:06:04.608+0000][7][gc,task     ] GC(256) Using 1 workers of 1 for marking
[2022-06-28T12:06:04.725+0000][7][gc,marking  ] GC(256) Concurrent Mark From Roots 116.403ms
[2022-06-28T12:06:04.726+0000][7][gc,marking  ] GC(256) Concurrent Preclean
[2022-06-28T12:06:04.726+0000][7][gc,marking  ] GC(256) Concurrent Preclean 0.129ms
[2022-06-28T12:06:04.726+0000][7][gc,start    ] GC(256) Pause Remark
[2022-06-28T12:06:04.739+0000][7][gc          ] GC(256) Pause Remark 87M->87M(256M) 13.072ms
[2022-06-28T12:06:04.739+0000][7][gc,cpu      ] GC(256) User=0.01s Sys=0.00s Real=0.02s
[2022-06-28T12:06:04.739+0000][7][safepoint   ] Safepoint "G1Concurrent", Time since last: 118465349 ns, Reaching safepoint: 25004 ns, At safepoint: 13129929 ns, Total: 13154933 ns
[2022-06-28T12:06:04.739+0000][7][gc,marking  ] GC(256) Concurrent Mark 130.799ms
[2022-06-28T12:06:04.739+0000][7][gc,marking  ] GC(256) Concurrent Rebuild Remembered Sets
[2022-06-28T12:06:04.805+0000][7][gc,marking  ] GC(256) Concurrent Rebuild Remembered Sets 66.433ms
[2022-06-28T12:06:04.806+0000][7][gc,start    ] GC(256) Pause Cleanup
[2022-06-28T12:06:04.806+0000][7][gc          ] GC(256) Pause Cleanup 87M->87M(256M) 0.049ms
[2022-06-28T12:06:04.806+0000][7][gc,cpu      ] GC(256) User=0.00s Sys=0.00s Real=0.00s
[2022-06-28T12:06:04.806+0000][7][safepoint   ] Safepoint "G1Concurrent", Time since last: 66543861 ns, Reaching safepoint: 22390 ns, At safepoint: 84858 ns, Total: 107248 ns
[2022-06-28T12:06:04.806+0000][7][gc,marking  ] GC(256) Concurrent Cleanup for Next Mark
[2022-06-28T12:06:04.806+0000][7][gc,marking  ] GC(256) Concurrent Cleanup for Next Mark 0.648ms
[2022-06-28T12:06:04.806+0000][7][gc          ] GC(256) Concurrent Mark Cycle 198.915ms
[2022-06-28T12:08:09.721+0000][7][gc,start    ] GC(257) Pause Young (Normal) (G1 Evacuation Pause)
[2022-06-28T12:08:09.721+0000][7][gc,task     ] GC(257) Using 1 workers of 1 for evacuation
[2022-06-28T12:08:09.721+0000][7][gc,age      ] GC(257) Desired survivor size 8388608 bytes, new threshold 15 (max threshold 15)
[2022-06-28T12:08:09.724+0000][7][gc,phases   ] GC(257)   Pre Evacuate Collection Set: 0.0ms
[2022-06-28T12:08:09.724+0000][7][gc,phases   ] GC(257)   Merge Heap Roots: 0.0ms
[2022-06-28T12:08:09.724+0000][7][gc,phases   ] GC(257)   Evacuate Collection Set: 2.0ms
[2022-06-28T12:08:09.724+0000][7][gc,phases   ] GC(257)   Post Evacuate Collection Set: 0.9ms
[2022-06-28T12:08:09.724+0000][7][gc,phases   ] GC(257)   Other: 0.1ms
[2022-06-28T12:08:09.724+0000][7][gc,age      ] GC(257) Age table with threshold 15 (max threshold 15)
[2022-06-28T12:08:09.724+0000][7][gc,age      ] GC(257) - age   1:      10312 bytes,      10312 total
[2022-06-28T12:08:09.724+0000][7][gc,age      ] GC(257) - age   2:        200 bytes,      10512 total
[2022-06-28T12:08:09.724+0000][7][gc,age      ] GC(257) - age   3:        200 bytes,      10712 total
[2022-06-28T12:08:09.724+0000][7][gc,age      ] GC(257) - age   4:        200 bytes,      10912 total
[2022-06-28T12:08:09.724+0000][7][gc,age      ] GC(257) - age   6:        184 bytes,      11096 total
[2022-06-28T12:08:09.724+0000][7][gc,age      ] GC(257) - age   9:        104 bytes,      11200 total
[2022-06-28T12:08:09.724+0000][7][gc,age      ] GC(257) - age  10:       1760 bytes,      12960 total
[2022-06-28T12:08:09.724+0000][7][gc,age      ] GC(257) - age  11:        744 bytes,      13704 total
[2022-06-28T12:08:09.724+0000][7][gc,heap     ] GC(257) Eden regions: 29->0(29)
[2022-06-28T12:08:09.724+0000][7][gc,heap     ] GC(257) Survivor regions: 1->1(4)
[2022-06-28T12:08:09.724+0000][7][gc,heap     ] GC(257) Old regions: 19->19
[2022-06-28T12:08:09.724+0000][7][gc,heap     ] GC(257) Archive regions: 2->2
[2022-06-28T12:08:09.724+0000][7][gc,heap     ] GC(257) Humongous regions: 2->2
[2022-06-28T12:08:09.724+0000][7][gc,metaspace] GC(257) Metaspace: 102514K(106432K)->102514K(106432K) NonClass: 88831K(90944K)->88831K(90944K) Class: 13682K(15488K)->13682K(15488K)
[2022-06-28T12:08:09.724+0000][7][gc          ] GC(257) Pause Young (Normal) (G1 Evacuation Pause) 201M->85M(256M) 3.217ms
[2022-06-28T12:08:09.724+0000][7][gc,cpu      ] GC(257) User=0.00s Sys=0.00s Real=0.00s
[2022-06-28T12:08:09.724+0000][7][safepoint   ] Safepoint "G1CollectForAllocation", Time since last: 124915377725 ns, Reaching safepoint: 24417 ns, At safepoint: 3259209 ns, Total: 3283626 ns
[2022-06-28T12:10:14.832+0000][7][gc,start    ] GC(258) Pause Young (Concurrent Start) (G1 Evacuation Pause)
[2022-06-28T12:10:14.832+0000][7][gc,task     ] GC(258) Using 1 workers of 1 for evacuation
[2022-06-28T12:10:14.832+0000][7][gc,age      ] GC(258) Desired survivor size 8388608 bytes, new threshold 15 (max threshold 15)
[2022-06-28T12:10:14.835+0000][7][gc,phases   ] GC(258)   Pre Evacuate Collection Set: 0.2ms
[2022-06-28T12:10:14.835+0000][7][gc,phases   ] GC(258)   Merge Heap Roots: 0.0ms
[2022-06-28T12:10:14.835+0000][7][gc,phases   ] GC(258)   Evacuate Collection Set: 1.4ms
[2022-06-28T12:10:14.835+0000][7][gc,phases   ] GC(258)   Post Evacuate Collection Set: 0.9ms
[2022-06-28T12:10:14.835+0000][7][gc,phases   ] GC(258)   Other: 0.1ms
[2022-06-28T12:10:14.835+0000][7][gc,age      ] GC(258) Age table with threshold 15 (max threshold 15)
[2022-06-28T12:10:14.835+0000][7][gc,age      ] GC(258) - age   1:       9760 bytes,       9760 total
[2022-06-28T12:10:14.835+0000][7][gc,age      ] GC(258) - age   2:        776 bytes,      10536 total
[2022-06-28T12:10:14.835+0000][7][gc,age      ] GC(258) - age   4:        200 bytes,      10736 total
[2022-06-28T12:10:14.835+0000][7][gc,age      ] GC(258) - age   5:        200 bytes,      10936 total
[2022-06-28T12:10:14.835+0000][7][gc,age      ] GC(258) - age   7:        184 bytes,      11120 total
[2022-06-28T12:10:14.835+0000][7][gc,age      ] GC(258) - age  10:        104 bytes,      11224 total
[2022-06-28T12:10:14.835+0000][7][gc,age      ] GC(258) - age  11:       1760 bytes,      12984 total
[2022-06-28T12:10:14.835+0000][7][gc,age      ] GC(258) - age  12:        744 bytes,      13728 total
[2022-06-28T12:10:14.835+0000][7][gc,heap     ] GC(258) Eden regions: 29->0(29)
[2022-06-28T12:10:14.835+0000][7][gc,heap     ] GC(258) Survivor regions: 1->1(4)
[2022-06-28T12:10:14.835+0000][7][gc,heap     ] GC(258) Old regions: 19->19
[2022-06-28T12:10:14.835+0000][7][gc,heap     ] GC(258) Archive regions: 2->2
[2022-06-28T12:10:14.835+0000][7][gc,heap     ] GC(258) Humongous regions: 2->2
[2022-06-28T12:10:14.835+0000][7][gc,metaspace] GC(258) Metaspace: 102526K(106432K)->102526K(106432K) NonClass: 88844K(90944K)->88844K(90944K) Class: 13682K(15488K)->13682K(15488K)
[2022-06-28T12:10:14.835+0000][7][gc          ] GC(258) Pause Young (Concurrent Start) (G1 Evacuation Pause) 201M->85M(256M) 2.826ms
[2022-06-28T12:10:14.835+0000][7][gc,cpu      ] GC(258) User=0.00s Sys=0.00s Real=0.01s
[2022-06-28T12:10:14.835+0000][7][safepoint   ] Safepoint "G1CollectForAllocation", Time since last: 125107909185 ns, Reaching safepoint: 25719 ns, At safepoint: 2886847 ns, Total: 2912566 ns
[2022-06-28T12:10:14.835+0000][7][gc          ] GC(259) Concurrent Mark Cycle
[2022-06-28T12:10:14.835+0000][7][gc,marking  ] GC(259) Concurrent Clear Claimed Marks
[2022-06-28T12:10:14.835+0000][7][gc,marking  ] GC(259) Concurrent Clear Claimed Marks 0.039ms
[2022-06-28T12:10:14.835+0000][7][gc,marking  ] GC(259) Concurrent Scan Root Regions
[2022-06-28T12:10:14.836+0000][7][gc,marking  ] GC(259) Concurrent Scan Root Regions 0.829ms
[2022-06-28T12:10:14.836+0000][7][gc,marking  ] GC(259) Concurrent Mark
[2022-06-28T12:10:14.836+0000][7][gc,marking  ] GC(259) Concurrent Mark From Roots
[2022-06-28T12:10:14.836+0000][7][gc,task     ] GC(259) Using 1 workers of 1 for marking
[2022-06-28T12:10:14.956+0000][7][gc,marking  ] GC(259) Concurrent Mark From Roots 119.469ms
[2022-06-28T12:10:14.956+0000][7][gc,marking  ] GC(259) Concurrent Preclean
[2022-06-28T12:10:14.956+0000][7][gc,marking  ] GC(259) Concurrent Preclean 0.119ms
[2022-06-28T12:10:14.956+0000][7][gc,start    ] GC(259) Pause Remark
[2022-06-28T12:10:14.969+0000][7][gc          ] GC(259) Pause Remark 87M->87M(256M) 13.277ms
[2022-06-28T12:10:14.969+0000][7][gc,cpu      ] GC(259) User=0.02s Sys=0.00s Real=0.01s
[2022-06-28T12:10:14.969+0000][7][safepoint   ] Safepoint "G1Concurrent", Time since last: 120624584 ns, Reaching safepoint: 24527 ns, At safepoint: 13354244 ns, Total: 13378771 ns
[2022-06-28T12:10:14.969+0000][7][gc,marking  ] GC(259) Concurrent Mark 133.080ms
[2022-06-28T12:10:14.969+0000][7][gc,marking  ] GC(259) Concurrent Rebuild Remembered Sets
[2022-06-28T12:10:15.035+0000][7][gc,marking  ] GC(259) Concurrent Rebuild Remembered Sets 66.178ms
[2022-06-28T12:10:15.035+0000][7][gc,start    ] GC(259) Pause Cleanup
[2022-06-28T12:10:15.035+0000][7][gc          ] GC(259) Pause Cleanup 87M->87M(256M) 0.051ms
[2022-06-28T12:10:15.035+0000][7][gc,cpu      ] GC(259) User=0.00s Sys=0.00s Real=0.00s
[2022-06-28T12:10:15.035+0000][7][safepoint   ] Safepoint "G1Concurrent", Time since last: 66275676 ns, Reaching safepoint: 29070 ns, At safepoint: 86400 ns, Total: 115470 ns
[2022-06-28T12:10:15.036+0000][7][gc,marking  ] GC(259) Concurrent Cleanup for Next Mark
[2022-06-28T12:10:15.036+0000][7][gc,marking  ] GC(259) Concurrent Cleanup for Next Mark 0.805ms
[2022-06-28T12:10:15.036+0000][7][gc          ] GC(259) Concurrent Mark Cycle 201.201ms
[2022-06-28T12:12:19.946+0000][7][gc,start    ] GC(260) Pause Young (Normal) (G1 Evacuation Pause)
[2022-06-28T12:12:19.947+0000][7][gc,task     ] GC(260) Using 1 workers of 1 for evacuation
[2022-06-28T12:12:19.947+0000][7][gc,age      ] GC(260) Desired survivor size 8388608 bytes, new threshold 15 (max threshold 15)
[2022-06-28T12:12:19.949+0000][7][gc,phases   ] GC(260)   Pre Evacuate Collection Set: 0.0ms
[2022-06-28T12:12:19.949+0000][7][gc,phases   ] GC(260)   Merge Heap Roots: 0.0ms
[2022-06-28T12:12:19.949+0000][7][gc,phases   ] GC(260)   Evacuate Collection Set: 1.4ms
[2022-06-28T12:12:19.949+0000][7][gc,phases   ] GC(260)   Post Evacuate Collection Set: 1.0ms
[2022-06-28T12:12:19.949+0000][7][gc,phases   ] GC(260)   Other: 0.1ms
[2022-06-28T12:12:19.949+0000][7][gc,age      ] GC(260) Age table with threshold 15 (max threshold 15)
[2022-06-28T12:12:19.949+0000][7][gc,age      ] GC(260) - age   1:       9792 bytes,       9792 total
[2022-06-28T12:12:19.949+0000][7][gc,age      ] GC(260) - age   2:        200 bytes,       9992 total
[2022-06-28T12:12:19.949+0000][7][gc,age      ] GC(260) - age   3:        576 bytes,      10568 total
[2022-06-28T12:12:19.949+0000][7][gc,age      ] GC(260) - age   5:        200 bytes,      10768 total
[2022-06-28T12:12:19.949+0000][7][gc,age      ] GC(260) - age   6:        200 bytes,      10968 total
[2022-06-28T12:12:19.949+0000][7][gc,age      ] GC(260) - age   8:        184 bytes,      11152 total
[2022-06-28T12:12:19.949+0000][7][gc,age      ] GC(260) - age  11:        104 bytes,      11256 total
[2022-06-28T12:12:19.949+0000][7][gc,age      ] GC(260) - age  12:       1760 bytes,      13016 total
[2022-06-28T12:12:19.949+0000][7][gc,age      ] GC(260) - age  13:        744 bytes,      13760 total
[2022-06-28T12:12:19.949+0000][7][gc,heap     ] GC(260) Eden regions: 29->0(29)
[2022-06-28T12:12:19.949+0000][7][gc,heap     ] GC(260) Survivor regions: 1->1(4)
[2022-06-28T12:12:19.949+0000][7][gc,heap     ] GC(260) Old regions: 19->19
[2022-06-28T12:12:19.949+0000][7][gc,heap     ] GC(260) Archive regions: 2->2
[2022-06-28T12:12:19.949+0000][7][gc,heap     ] GC(260) Humongous regions: 2->2
[2022-06-28T12:12:19.949+0000][7][gc,metaspace] GC(260) Metaspace: 102526K(106432K)->102526K(106432K) NonClass: 88844K(90944K)->88844K(90944K) Class: 13682K(15488K)->13682K(15488K)
[2022-06-28T12:12:19.949+0000][7][gc          ] GC(260) Pause Young (Normal) (G1 Evacuation Pause) 201M->85M(256M) 2.880ms
[2022-06-28T12:12:19.949+0000][7][gc,cpu      ] GC(260) User=0.00s Sys=0.00s Real=0.01s
[2022-06-28T12:12:19.949+0000][7][safepoint   ] Safepoint "G1CollectForAllocation", Time since last: 124910890281 ns, Reaching safepoint: 36647 ns, At safepoint: 2924237 ns, Total: 2960884 ns
[2022-06-28T12:14:25.061+0000][7][gc,start    ] GC(261) Pause Young (Concurrent Start) (G1 Evacuation Pause)
[2022-06-28T12:14:25.061+0000][7][gc,task     ] GC(261) Using 1 workers of 1 for evacuation
[2022-06-28T12:14:25.061+0000][7][gc,age      ] GC(261) Desired survivor size 8388608 bytes, new threshold 15 (max threshold 15)
[2022-06-28T12:14:25.064+0000][7][gc,phases   ] GC(261)   Pre Evacuate Collection Set: 0.2ms
[2022-06-28T12:14:25.064+0000][7][gc,phases   ] GC(261)   Merge Heap Roots: 0.0ms
[2022-06-28T12:14:25.064+0000][7][gc,phases   ] GC(261)   Evacuate Collection Set: 1.4ms
[2022-06-28T12:14:25.064+0000][7][gc,phases   ] GC(261)   Post Evacuate Collection Set: 0.8ms
[2022-06-28T12:14:25.064+0000][7][gc,phases   ] GC(261)   Other: 0.1ms
[2022-06-28T12:14:25.064+0000][7][gc,age      ] GC(261) Age table with threshold 15 (max threshold 15)
[2022-06-28T12:14:25.064+0000][7][gc,age      ] GC(261) - age   1:       8504 bytes,       8504 total
[2022-06-28T12:14:25.064+0000][7][gc,age      ] GC(261) - age   2:        200 bytes,       8704 total
[2022-06-28T12:14:25.064+0000][7][gc,age      ] GC(261) - age   3:        200 bytes,       8904 total
[2022-06-28T12:14:25.064+0000][7][gc,age      ] GC(261) - age   4:        576 bytes,       9480 total
[2022-06-28T12:14:25.064+0000][7][gc,age      ] GC(261) - age   6:        200 bytes,       9680 total
[2022-06-28T12:14:25.064+0000][7][gc,age      ] GC(261) - age   9:        184 bytes,       9864 total
[2022-06-28T12:14:25.064+0000][7][gc,age      ] GC(261) - age  12:        104 bytes,       9968 total
[2022-06-28T12:14:25.064+0000][7][gc,age      ] GC(261) - age  13:       1760 bytes,      11728 total
[2022-06-28T12:14:25.064+0000][7][gc,age      ] GC(261) - age  14:        744 bytes,      12472 total
[2022-06-28T12:14:25.064+0000][7][gc,heap     ] GC(261) Eden regions: 29->0(29)
[2022-06-28T12:14:25.064+0000][7][gc,heap     ] GC(261) Survivor regions: 1->1(4)
[2022-06-28T12:14:25.064+0000][7][gc,heap     ] GC(261) Old regions: 19->19
[2022-06-28T12:14:25.064+0000][7][gc,heap     ] GC(261) Archive regions: 2->2
[2022-06-28T12:14:25.064+0000][7][gc,heap     ] GC(261) Humongous regions: 2->2
[2022-06-28T12:14:25.064+0000][7][gc,metaspace] GC(261) Metaspace: 102526K(106432K)->102526K(106432K) NonClass: 88844K(90944K)->88844K(90944K) Class: 13682K(15488K)->13682K(15488K)
[2022-06-28T12:14:25.064+0000][7][gc          ] GC(261) Pause Young (Concurrent Start) (G1 Evacuation Pause) 201M->85M(256M) 2.747ms
[2022-06-28T12:14:25.064+0000][7][gc,cpu      ] GC(261) User=0.01s Sys=0.00s Real=0.00s
[2022-06-28T12:14:25.064+0000][7][safepoint   ] Safepoint "G1CollectForAllocation", Time since last: 125111834208 ns, Reaching safepoint: 26709 ns, At safepoint: 2794287 ns, Total: 2820996 ns
[2022-06-28T12:14:25.064+0000][7][gc          ] GC(262) Concurrent Mark Cycle
[2022-06-28T12:14:25.064+0000][7][gc,marking  ] GC(262) Concurrent Clear Claimed Marks
[2022-06-28T12:14:25.064+0000][7][gc,marking  ] GC(262) Concurrent Clear Claimed Marks 0.041ms
[2022-06-28T12:14:25.064+0000][7][gc,marking  ] GC(262) Concurrent Scan Root Regions
[2022-06-28T12:14:25.065+0000][7][gc,marking  ] GC(262) Concurrent Scan Root Regions 0.693ms
[2022-06-28T12:14:25.065+0000][7][gc,marking  ] GC(262) Concurrent Mark
[2022-06-28T12:14:25.065+0000][7][gc,marking  ] GC(262) Concurrent Mark From Roots
[2022-06-28T12:14:25.065+0000][7][gc,task     ] GC(262) Using 1 workers of 1 for marking
[2022-06-28T12:14:25.182+0000][7][gc,marking  ] GC(262) Concurrent Mark From Roots 117.024ms
[2022-06-28T12:14:25.182+0000][7][gc,marking  ] GC(262) Concurrent Preclean
[2022-06-28T12:14:25.182+0000][7][gc,marking  ] GC(262) Concurrent Preclean 0.116ms
[2022-06-28T12:14:25.182+0000][7][gc,start    ] GC(262) Pause Remark
[2022-06-28T12:14:25.195+0000][7][gc          ] GC(262) Pause Remark 87M->87M(256M) 13.391ms
[2022-06-28T12:14:25.196+0000][7][gc,cpu      ] GC(262) User=0.02s Sys=0.00s Real=0.02s
[2022-06-28T12:14:25.196+0000][7][safepoint   ] Safepoint "G1Concurrent", Time since last: 118040873 ns, Reaching safepoint: 30179 ns, At safepoint: 13446556 ns, Total: 13476735 ns
[2022-06-28T12:14:25.196+0000][7][gc,marking  ] GC(262) Concurrent Mark 130.721ms
[2022-06-28T12:14:25.196+0000][7][gc,marking  ] GC(262) Concurrent Rebuild Remembered Sets
[2022-06-28T12:14:25.261+0000][7][gc,marking  ] GC(262) Concurrent Rebuild Remembered Sets 65.748ms
[2022-06-28T12:14:25.261+0000][7][gc,start    ] GC(262) Pause Cleanup
[2022-06-28T12:14:25.261+0000][7][gc          ] GC(262) Pause Cleanup 87M->87M(256M) 0.048ms
[2022-06-28T12:14:25.261+0000][7][gc,cpu      ] GC(262) User=0.00s Sys=0.00s Real=0.00s
[2022-06-28T12:14:25.261+0000][7][safepoint   ] Safepoint "G1Concurrent", Time since last: 65838901 ns, Reaching safepoint: 23108 ns, At safepoint: 83039 ns, Total: 106147 ns
[2022-06-28T12:14:25.261+0000][7][gc,marking  ] GC(262) Concurrent Cleanup for Next Mark
[2022-06-28T12:14:25.262+0000][7][gc,marking  ] GC(262) Concurrent Cleanup for Next Mark 0.680ms
[2022-06-28T12:14:25.262+0000][7][gc          ] GC(262) Concurrent Mark Cycle 198.137ms
[2022-06-28T12:14:31.262+0000][7][safepoint   ] Safepoint "Cleanup", Time since last: 6000716404 ns, Reaching safepoint: 37447 ns, At safepoint: 4712 ns, Total: 42159 ns
[2022-06-28T12:16:30.178+0000][7][gc,start    ] GC(263) Pause Young (Normal) (G1 Evacuation Pause)
[2022-06-28T12:16:30.178+0000][7][gc,task     ] GC(263) Using 1 workers of 1 for evacuation
[2022-06-28T12:16:30.178+0000][7][gc,age      ] GC(263) Desired survivor size 8388608 bytes, new threshold 15 (max threshold 15)
[2022-06-28T12:16:30.181+0000][7][gc,phases   ] GC(263)   Pre Evacuate Collection Set: 0.1ms
[2022-06-28T12:16:30.181+0000][7][gc,phases   ] GC(263)   Merge Heap Roots: 0.1ms
[2022-06-28T12:16:30.181+0000][7][gc,phases   ] GC(263)   Evacuate Collection Set: 1.5ms
[2022-06-28T12:16:30.181+0000][7][gc,phases   ] GC(263)   Post Evacuate Collection Set: 0.9ms
[2022-06-28T12:16:30.181+0000][7][gc,phases   ] GC(263)   Other: 0.1ms
[2022-06-28T12:16:30.181+0000][7][gc,age      ] GC(263) Age table with threshold 15 (max threshold 15)
[2022-06-28T12:16:30.181+0000][7][gc,age      ] GC(263) - age   1:       9760 bytes,       9760 total
[2022-06-28T12:16:30.181+0000][7][gc,age      ] GC(263) - age   2:        200 bytes,       9960 total
[2022-06-28T12:16:30.181+0000][7][gc,age      ] GC(263) - age   3:        200 bytes,      10160 total
[2022-06-28T12:16:30.181+0000][7][gc,age      ] GC(263) - age   4:        200 bytes,      10360 total
[2022-06-28T12:16:30.181+0000][7][gc,age      ] GC(263) - age   5:        576 bytes,      10936 total
[2022-06-28T12:16:30.181+0000][7][gc,age      ] GC(263) - age  10:        184 bytes,      11120 total
[2022-06-28T12:16:30.181+0000][7][gc,age      ] GC(263) - age  13:        104 bytes,      11224 total
[2022-06-28T12:16:30.181+0000][7][gc,age      ] GC(263) - age  14:       1760 bytes,      12984 total
[2022-06-28T12:16:30.181+0000][7][gc,age      ] GC(263) - age  15:        744 bytes,      13728 total
[2022-06-28T12:16:30.181+0000][7][gc,heap     ] GC(263) Eden regions: 29->0(29)
[2022-06-28T12:16:30.181+0000][7][gc,heap     ] GC(263) Survivor regions: 1->1(4)
[2022-06-28T12:16:30.181+0000][7][gc,heap     ] GC(263) Old regions: 19->19
[2022-06-28T12:16:30.181+0000][7][gc,heap     ] GC(263) Archive regions: 2->2
[2022-06-28T12:16:30.181+0000][7][gc,heap     ] GC(263) Humongous regions: 2->2
[2022-06-28T12:16:30.181+0000][7][gc,metaspace] GC(263) Metaspace: 102536K(106432K)->102536K(106432K) NonClass: 88854K(90944K)->88854K(90944K) Class: 13682K(15488K)->13682K(15488K)
[2022-06-28T12:16:30.181+0000][7][gc          ] GC(263) Pause Young (Normal) (G1 Evacuation Pause) 201M->85M(256M) 2.838ms
[2022-06-28T12:16:30.181+0000][7][gc,cpu      ] GC(263) User=0.01s Sys=0.00s Real=0.00s
[2022-06-28T12:16:30.181+0000][7][safepoint   ] Safepoint "G1CollectForAllocation", Time since last: 118915892311 ns, Reaching safepoint: 24697 ns, At safepoint: 2883654 ns, Total: 2908351 ns
[2022-06-28T12:18:35.289+0000][7][gc,start    ] GC(264) Pause Young (Concurrent Start) (G1 Evacuation Pause)
[2022-06-28T12:18:35.290+0000][7][gc,task     ] GC(264) Using 1 workers of 1 for evacuation
[2022-06-28T12:18:35.290+0000][7][gc,age      ] GC(264) Desired survivor size 8388608 bytes, new threshold 15 (max threshold 15)
[2022-06-28T12:18:35.292+0000][7][gc,phases   ] GC(264)   Pre Evacuate Collection Set: 0.2ms
[2022-06-28T12:18:35.292+0000][7][gc,phases   ] GC(264)   Merge Heap Roots: 0.0ms
[2022-06-28T12:18:35.292+0000][7][gc,phases   ] GC(264)   Evacuate Collection Set: 1.5ms
[2022-06-28T12:18:35.292+0000][7][gc,phases   ] GC(264)   Post Evacuate Collection Set: 0.8ms
[2022-06-28T12:18:35.292+0000][7][gc,phases   ] GC(264)   Other: 0.1ms
[2022-06-28T12:18:35.292+0000][7][gc,age      ] GC(264) Age table with threshold 15 (max threshold 15)
[2022-06-28T12:18:35.292+0000][7][gc,age      ] GC(264) - age   1:      11144 bytes,      11144 total
[2022-06-28T12:18:35.292+0000][7][gc,age      ] GC(264) - age   2:        200 bytes,      11344 total
[2022-06-28T12:18:35.292+0000][7][gc,age      ] GC(264) - age   3:        200 bytes,      11544 total
[2022-06-28T12:18:35.292+0000][7][gc,age      ] GC(264) - age   4:        200 bytes,      11744 total
[2022-06-28T12:18:35.292+0000][7][gc,age      ] GC(264) - age  11:        184 bytes,      11928 total
[2022-06-28T12:18:35.292+0000][7][gc,age      ] GC(264) - age  14:        104 bytes,      12032 total
[2022-06-28T12:18:35.292+0000][7][gc,age      ] GC(264) - age  15:       1760 bytes,      13792 total
[2022-06-28T12:18:35.292+0000][7][gc,heap     ] GC(264) Eden regions: 29->0(29)
[2022-06-28T12:18:35.292+0000][7][gc,heap     ] GC(264) Survivor regions: 1->1(4)
[2022-06-28T12:18:35.292+0000][7][gc,heap     ] GC(264) Old regions: 19->19
[2022-06-28T12:18:35.292+0000][7][gc,heap     ] GC(264) Archive regions: 2->2
[2022-06-28T12:18:35.292+0000][7][gc,heap     ] GC(264) Humongous regions: 2->2
[2022-06-28T12:18:35.292+0000][7][gc,metaspace] GC(264) Metaspace: 102536K(106432K)->102536K(106432K) NonClass: 88854K(90944K)->88854K(90944K) Class: 13682K(15488K)->13682K(15488K)
[2022-06-28T12:18:35.292+0000][7][gc          ] GC(264) Pause Young (Concurrent Start) (G1 Evacuation Pause) 201M->85M(256M) 2.811ms
[2022-06-28T12:18:35.292+0000][7][gc,cpu      ] GC(264) User=0.00s Sys=0.00s Real=0.00s
[2022-06-28T12:18:35.292+0000][7][safepoint   ] Safepoint "G1CollectForAllocation", Time since last: 125108375289 ns, Reaching safepoint: 27576 ns, At safepoint: 2869936 ns, Total: 2897512 ns
[2022-06-28T12:18:35.292+0000][7][gc          ] GC(265) Concurrent Mark Cycle
[2022-06-28T12:18:35.292+0000][7][gc,marking  ] GC(265) Concurrent Clear Claimed Marks
[2022-06-28T12:18:35.292+0000][7][gc,marking  ] GC(265) Concurrent Clear Claimed Marks 0.040ms
[2022-06-28T12:18:35.292+0000][7][gc,marking  ] GC(265) Concurrent Scan Root Regions
[2022-06-28T12:18:35.293+0000][7][gc,marking  ] GC(265) Concurrent Scan Root Regions 0.706ms
[2022-06-28T12:18:35.293+0000][7][gc,marking  ] GC(265) Concurrent Mark
[2022-06-28T12:18:35.293+0000][7][gc,marking  ] GC(265) Concurrent Mark From Roots
[2022-06-28T12:18:35.293+0000][7][gc,task     ] GC(265) Using 1 workers of 1 for marking
[2022-06-28T12:18:35.412+0000][7][gc,marking  ] GC(265) Concurrent Mark From Roots 118.672ms
[2022-06-28T12:18:35.412+0000][7][gc,marking  ] GC(265) Concurrent Preclean
[2022-06-28T12:18:35.412+0000][7][gc,marking  ] GC(265) Concurrent Preclean 0.115ms
[2022-06-28T12:18:35.412+0000][7][gc,start    ] GC(265) Pause Remark
[2022-06-28T12:18:35.425+0000][7][gc          ] GC(265) Pause Remark 87M->87M(256M) 13.218ms
[2022-06-28T12:18:35.425+0000][7][gc,cpu      ] GC(265) User=0.01s Sys=0.00s Real=0.01s
[2022-06-28T12:18:35.425+0000][7][safepoint   ] Safepoint "G1Concurrent", Time since last: 119707887 ns, Reaching safepoint: 24073 ns, At safepoint: 13279372 ns, Total: 13303445 ns
[2022-06-28T12:18:35.425+0000][7][gc,marking  ] GC(265) Concurrent Mark 132.198ms
[2022-06-28T12:18:35.425+0000][7][gc,marking  ] GC(265) Concurrent Rebuild Remembered Sets
[2022-06-28T12:18:35.492+0000][7][gc,marking  ] GC(265) Concurrent Rebuild Remembered Sets 66.360ms
[2022-06-28T12:18:35.492+0000][7][gc,start    ] GC(265) Pause Cleanup
[2022-06-28T12:18:35.492+0000][7][gc          ] GC(265) Pause Cleanup 87M->87M(256M) 0.049ms
[2022-06-28T12:18:35.492+0000][7][gc,cpu      ] GC(265) User=0.00s Sys=0.00s Real=0.00s
[2022-06-28T12:18:35.492+0000][7][safepoint   ] Safepoint "G1Concurrent", Time since last: 66454457 ns, Reaching safepoint: 23218 ns, At safepoint: 85290 ns, Total: 108508 ns
[2022-06-28T12:18:35.492+0000][7][gc,marking  ] GC(265) Concurrent Cleanup for Next Mark
[2022-06-28T12:18:35.493+0000][7][gc,marking  ] GC(265) Concurrent Cleanup for Next Mark 0.656ms
[2022-06-28T12:18:35.493+0000][7][gc          ] GC(265) Concurrent Mark Cycle 200.222ms
[2022-06-28T12:20:40.406+0000][7][gc,start    ] GC(266) Pause Young (Normal) (G1 Evacuation Pause)
[2022-06-28T12:20:40.406+0000][7][gc,task     ] GC(266) Using 1 workers of 1 for evacuation
[2022-06-28T12:20:40.406+0000][7][gc,age      ] GC(266) Desired survivor size 8388608 bytes, new threshold 15 (max threshold 15)
[2022-06-28T12:20:40.408+0000][7][gc,phases   ] GC(266)   Pre Evacuate Collection Set: 0.0ms
[2022-06-28T12:20:40.408+0000][7][gc,phases   ] GC(266)   Merge Heap Roots: 0.0ms
[2022-06-28T12:20:40.408+0000][7][gc,phases   ] GC(266)   Evacuate Collection Set: 1.5ms
[2022-06-28T12:20:40.408+0000][7][gc,phases   ] GC(266)   Post Evacuate Collection Set: 0.8ms
[2022-06-28T12:20:40.408+0000][7][gc,phases   ] GC(266)   Other: 0.1ms
[2022-06-28T12:20:40.408+0000][7][gc,age      ] GC(266) Age table with threshold 15 (max threshold 15)
[2022-06-28T12:20:40.408+0000][7][gc,age      ] GC(266) - age   1:       9816 bytes,       9816 total
[2022-06-28T12:20:40.408+0000][7][gc,age      ] GC(266) - age   2:        776 bytes,      10592 total
[2022-06-28T12:20:40.408+0000][7][gc,age      ] GC(266) - age   3:        200 bytes,      10792 total
[2022-06-28T12:20:40.408+0000][7][gc,age      ] GC(266) - age   4:        200 bytes,      10992 total
[2022-06-28T12:20:40.408+0000][7][gc,age      ] GC(266) - age  12:        184 bytes,      11176 total
[2022-06-28T12:20:40.408+0000][7][gc,age      ] GC(266) - age  15:        104 bytes,      11280 total
[2022-06-28T12:20:40.408+0000][7][gc,heap     ] GC(266) Eden regions: 29->0(29)
[2022-06-28T12:20:40.408+0000][7][gc,heap     ] GC(266) Survivor regions: 1->1(4)
[2022-06-28T12:20:40.408+0000][7][gc,heap     ] GC(266) Old regions: 19->19
[2022-06-28T12:20:40.408+0000][7][gc,heap     ] GC(266) Archive regions: 2->2
[2022-06-28T12:20:40.408+0000][7][gc,heap     ] GC(266) Humongous regions: 2->2
[2022-06-28T12:20:40.408+0000][7][gc,metaspace] GC(266) Metaspace: 102536K(106432K)->102536K(106432K) NonClass: 88854K(90944K)->88854K(90944K) Class: 13682K(15488K)->13682K(15488K)
[2022-06-28T12:20:40.408+0000][7][gc          ] GC(266) Pause Young (Normal) (G1 Evacuation Pause) 201M->85M(256M) 2.658ms
[2022-06-28T12:20:40.408+0000][7][gc,cpu      ] GC(266) User=0.00s Sys=0.00s Real=0.01s
[2022-06-28T12:20:40.409+0000][7][safepoint   ] Safepoint "G1CollectForAllocation", Time since last: 124913906698 ns, Reaching safepoint: 25829 ns, At safepoint: 2712371 ns, Total: 2738200 ns
[2022-06-28T12:22:45.515+0000][7][gc,start    ] GC(267) Pause Young (Concurrent Start) (G1 Evacuation Pause)
[2022-06-28T12:22:45.515+0000][7][gc,task     ] GC(267) Using 1 workers of 1 for evacuation
[2022-06-28T12:22:45.515+0000][7][gc,age      ] GC(267) Desired survivor size 8388608 bytes, new threshold 15 (max threshold 15)
[2022-06-28T12:22:45.518+0000][7][gc,phases   ] GC(267)   Pre Evacuate Collection Set: 0.2ms
[2022-06-28T12:22:45.518+0000][7][gc,phases   ] GC(267)   Merge Heap Roots: 0.0ms
[2022-06-28T12:22:45.518+0000][7][gc,phases   ] GC(267)   Evacuate Collection Set: 1.4ms
[2022-06-28T12:22:45.518+0000][7][gc,phases   ] GC(267)   Post Evacuate Collection Set: 0.8ms
[2022-06-28T12:22:45.518+0000][7][gc,phases   ] GC(267)   Other: 0.1ms
[2022-06-28T12:22:45.518+0000][7][gc,age      ] GC(267) Age table with threshold 15 (max threshold 15)
[2022-06-28T12:22:45.518+0000][7][gc,age      ] GC(267) - age   1:       9760 bytes,       9760 total
[2022-06-28T12:22:45.518+0000][7][gc,age      ] GC(267) - age   2:        200 bytes,       9960 total
[2022-06-28T12:22:45.518+0000][7][gc,age      ] GC(267) - age   3:        776 bytes,      10736 total
[2022-06-28T12:22:45.518+0000][7][gc,age      ] GC(267) - age   4:        200 bytes,      10936 total
[2022-06-28T12:22:45.518+0000][7][gc,age      ] GC(267) - age  13:        184 bytes,      11120 total
[2022-06-28T12:22:45.518+0000][7][gc,heap     ] GC(267) Eden regions: 29->0(29)
[2022-06-28T12:22:45.518+0000][7][gc,heap     ] GC(267) Survivor regions: 1->1(4)
[2022-06-28T12:22:45.518+0000][7][gc,heap     ] GC(267) Old regions: 19->19
[2022-06-28T12:22:45.518+0000][7][gc,heap     ] GC(267) Archive regions: 2->2
[2022-06-28T12:22:45.518+0000][7][gc,heap     ] GC(267) Humongous regions: 2->2
[2022-06-28T12:22:45.518+0000][7][gc,metaspace] GC(267) Metaspace: 102536K(106432K)->102536K(106432K) NonClass: 88854K(90944K)->88854K(90944K) Class: 13682K(15488K)->13682K(15488K)
[2022-06-28T12:22:45.518+0000][7][gc          ] GC(267) Pause Young (Concurrent Start) (G1 Evacuation Pause) 201M->85M(256M) 2.745ms
[2022-06-28T12:22:45.518+0000][7][gc,cpu      ] GC(267) User=0.01s Sys=0.00s Real=0.00s
[2022-06-28T12:22:45.518+0000][7][safepoint   ] Safepoint "G1CollectForAllocation", Time since last: 125106660237 ns, Reaching safepoint: 25906 ns, At safepoint: 2791396 ns, Total: 2817302 ns
[2022-06-28T12:22:45.518+0000][7][gc          ] GC(268) Concurrent Mark Cycle
[2022-06-28T12:22:45.518+0000][7][gc,marking  ] GC(268) Concurrent Clear Claimed Marks
[2022-06-28T12:22:45.518+0000][7][gc,marking  ] GC(268) Concurrent Clear Claimed Marks 0.039ms
[2022-06-28T12:22:45.518+0000][7][gc,marking  ] GC(268) Concurrent Scan Root Regions
[2022-06-28T12:22:45.519+0000][7][gc,marking  ] GC(268) Concurrent Scan Root Regions 0.723ms
[2022-06-28T12:22:45.519+0000][7][gc,marking  ] GC(268) Concurrent Mark
[2022-06-28T12:22:45.519+0000][7][gc,marking  ] GC(268) Concurrent Mark From Roots
[2022-06-28T12:22:45.519+0000][7][gc,task     ] GC(268) Using 1 workers of 1 for marking
[2022-06-28T12:22:45.638+0000][7][gc,marking  ] GC(268) Concurrent Mark From Roots 119.150ms
[2022-06-28T12:22:45.638+0000][7][gc,marking  ] GC(268) Concurrent Preclean
[2022-06-28T12:22:45.638+0000][7][gc,marking  ] GC(268) Concurrent Preclean 0.114ms
[2022-06-28T12:22:45.638+0000][7][gc,start    ] GC(268) Pause Remark
[2022-06-28T12:22:45.651+0000][7][gc          ] GC(268) Pause Remark 89M->89M(256M) 13.184ms
[2022-06-28T12:22:45.651+0000][7][gc,cpu      ] GC(268) User=0.01s Sys=0.00s Real=0.01s
[2022-06-28T12:22:45.651+0000][7][safepoint   ] Safepoint "G1Concurrent", Time since last: 120202284 ns, Reaching safepoint: 25433 ns, At safepoint: 13247780 ns, Total: 13273213 ns
[2022-06-28T12:22:45.651+0000][7][gc,marking  ] GC(268) Concurrent Mark 132.646ms
[2022-06-28T12:22:45.651+0000][7][gc,marking  ] GC(268) Concurrent Rebuild Remembered Sets
[2022-06-28T12:22:45.718+0000][7][gc,marking  ] GC(268) Concurrent Rebuild Remembered Sets 66.013ms
[2022-06-28T12:22:45.718+0000][7][gc,start    ] GC(268) Pause Cleanup
[2022-06-28T12:22:45.718+0000][7][gc          ] GC(268) Pause Cleanup 89M->89M(256M) 0.049ms
[2022-06-28T12:22:45.718+0000][7][gc,cpu      ] GC(268) User=0.00s Sys=0.00s Real=0.00s
[2022-06-28T12:22:45.718+0000][7][safepoint   ] Safepoint "G1Concurrent", Time since last: 66113896 ns, Reaching safepoint: 22817 ns, At safepoint: 84309 ns, Total: 107126 ns
[2022-06-28T12:22:45.718+0000][7][gc,marking  ] GC(268) Concurrent Cleanup for Next Mark
[2022-06-28T12:22:45.718+0000][7][gc,marking  ] GC(268) Concurrent Cleanup for Next Mark 0.648ms
[2022-06-28T12:22:45.718+0000][7][gc          ] GC(268) Concurrent Mark Cycle 200.325ms
[2022-06-28T12:24:50.540+0000][7][gc,start    ] GC(269) Pause Young (Normal) (G1 Evacuation Pause)
[2022-06-28T12:24:50.540+0000][7][gc,task     ] GC(269) Using 1 workers of 1 for evacuation
[2022-06-28T12:24:50.540+0000][7][gc,age      ] GC(269) Desired survivor size 8388608 bytes, new threshold 15 (max threshold 15)
[2022-06-28T12:24:50.543+0000][7][gc,phases   ] GC(269)   Pre Evacuate Collection Set: 0.0ms
[2022-06-28T12:24:50.543+0000][7][gc,phases   ] GC(269)   Merge Heap Roots: 0.0ms
[2022-06-28T12:24:50.543+0000][7][gc,phases   ] GC(269)   Evacuate Collection Set: 1.5ms
[2022-06-28T12:24:50.543+0000][7][gc,phases   ] GC(269)   Post Evacuate Collection Set: 0.9ms
[2022-06-28T12:24:50.543+0000][7][gc,phases   ] GC(269)   Other: 0.1ms
[2022-06-28T12:24:50.543+0000][7][gc,age      ] GC(269) Age table with threshold 15 (max threshold 15)
[2022-06-28T12:24:50.543+0000][7][gc,age      ] GC(269) - age   1:       8416 bytes,       8416 total
[2022-06-28T12:24:50.543+0000][7][gc,age      ] GC(269) - age   2:        200 bytes,       8616 total
[2022-06-28T12:24:50.543+0000][7][gc,age      ] GC(269) - age   3:        200 bytes,       8816 total
[2022-06-28T12:24:50.543+0000][7][gc,age      ] GC(269) - age   4:        776 bytes,       9592 total
[2022-06-28T12:24:50.543+0000][7][gc,age      ] GC(269) - age  14:        184 bytes,       9776 total
[2022-06-28T12:24:50.543+0000][7][gc,heap     ] GC(269) Eden regions: 29->0(29)
[2022-06-28T12:24:50.543+0000][7][gc,heap     ] GC(269) Survivor regions: 1->1(4)
[2022-06-28T12:24:50.543+0000][7][gc,heap     ] GC(269) Old regions: 19->19
[2022-06-28T12:24:50.543+0000][7][gc,heap     ] GC(269) Archive regions: 2->2
[2022-06-28T12:24:50.543+0000][7][gc,heap     ] GC(269) Humongous regions: 2->2
[2022-06-28T12:24:50.543+0000][7][gc,metaspace] GC(269) Metaspace: 102536K(106432K)->102536K(106432K) NonClass: 88854K(90944K)->88854K(90944K) Class: 13682K(15488K)->13682K(15488K)
[2022-06-28T12:24:50.543+0000][7][gc          ] GC(269) Pause Young (Normal) (G1 Evacuation Pause) 201M->85M(256M) 2.761ms
[2022-06-28T12:24:50.543+0000][7][gc,cpu      ] GC(269) User=0.01s Sys=0.00s Real=0.00s
[2022-06-28T12:24:50.543+0000][7][safepoint   ] Safepoint "G1CollectForAllocation", Time since last: 124822230896 ns, Reaching safepoint: 150254 ns, At safepoint: 2806407 ns, Total: 2956661 ns
[2022-06-28T12:25:36.548+0000][7][safepoint   ] Safepoint "Cleanup", Time since last: 46005313136 ns, Reaching safepoint: 57433 ns, At safepoint: 8930 ns, Total: 66363 ns
[2022-06-28T12:26:31.555+0000][7][safepoint   ] Safepoint "Cleanup", Time since last: 55006381225 ns, Reaching safepoint: 47471 ns, At safepoint: 22627 ns, Total: 70098 ns
[2022-06-28T12:26:50.738+0000][7][gc,start    ] GC(270) Pause Young (Concurrent Start) (G1 Evacuation Pause)
[2022-06-28T12:26:50.738+0000][7][gc,task     ] GC(270) Using 1 workers of 1 for evacuation
[2022-06-28T12:26:50.738+0000][7][gc,age      ] GC(270) Desired survivor size 8388608 bytes, new threshold 15 (max threshold 15)
[2022-06-28T12:26:50.741+0000][7][gc,phases   ] GC(270)   Pre Evacuate Collection Set: 0.2ms
[2022-06-28T12:26:50.741+0000][7][gc,phases   ] GC(270)   Merge Heap Roots: 0.0ms
[2022-06-28T12:26:50.741+0000][7][gc,phases   ] GC(270)   Evacuate Collection Set: 1.4ms
[2022-06-28T12:26:50.741+0000][7][gc,phases   ] GC(270)   Post Evacuate Collection Set: 0.8ms
[2022-06-28T12:26:50.741+0000][7][gc,phases   ] GC(270)   Other: 0.1ms
[2022-06-28T12:26:50.741+0000][7][gc,age      ] GC(270) Age table with threshold 15 (max threshold 15)
[2022-06-28T12:26:50.741+0000][7][gc,age      ] GC(270) - age   1:      10080 bytes,      10080 total
[2022-06-28T12:26:50.741+0000][7][gc,age      ] GC(270) - age   3:        200 bytes,      10280 total
[2022-06-28T12:26:50.741+0000][7][gc,age      ] GC(270) - age   4:        200 bytes,      10480 total
[2022-06-28T12:26:50.741+0000][7][gc,age      ] GC(270) - age   5:        200 bytes,      10680 total
[2022-06-28T12:26:50.741+0000][7][gc,age      ] GC(270) - age  15:        184 bytes,      10864 total
[2022-06-28T12:26:50.741+0000][7][gc,heap     ] GC(270) Eden regions: 29->0(29)
[2022-06-28T12:26:50.741+0000][7][gc,heap     ] GC(270) Survivor regions: 1->1(4)
[2022-06-28T12:26:50.741+0000][7][gc,heap     ] GC(270) Old regions: 19->19
[2022-06-28T12:26:50.741+0000][7][gc,heap     ] GC(270) Archive regions: 2->2
[2022-06-28T12:26:50.741+0000][7][gc,heap     ] GC(270) Humongous regions: 2->2
[2022-06-28T12:26:50.741+0000][7][gc,metaspace] GC(270) Metaspace: 102536K(106432K)->102536K(106432K) NonClass: 88854K(90944K)->88854K(90944K) Class: 13682K(15488K)->13682K(15488K)
[2022-06-28T12:26:50.741+0000][7][gc          ] GC(270) Pause Young (Concurrent Start) (G1 Evacuation Pause) 201M->85M(256M) 2.663ms
[2022-06-28T12:26:50.741+0000][7][gc,cpu      ] GC(270) User=0.00s Sys=0.00s Real=0.00s
[2022-06-28T12:26:50.741+0000][7][safepoint   ] Safepoint "G1CollectForAllocation", Time since last: 19183221102 ns, Reaching safepoint: 154095 ns, At safepoint: 2711106 ns, Total: 2865201 ns
[2022-06-28T12:26:50.741+0000][7][gc          ] GC(271) Concurrent Mark Cycle
[2022-06-28T12:26:50.741+0000][7][gc,marking  ] GC(271) Concurrent Clear Claimed Marks
[2022-06-28T12:26:50.741+0000][7][gc,marking  ] GC(271) Concurrent Clear Claimed Marks 0.040ms
[2022-06-28T12:26:50.741+0000][7][gc,marking  ] GC(271) Concurrent Scan Root Regions
[2022-06-28T12:26:50.742+0000][7][gc,marking  ] GC(271) Concurrent Scan Root Regions 1.422ms
[2022-06-28T12:26:50.742+0000][7][gc,marking  ] GC(271) Concurrent Mark
[2022-06-28T12:26:50.742+0000][7][gc,marking  ] GC(271) Concurrent Mark From Roots
[2022-06-28T12:26:50.742+0000][7][gc,task     ] GC(271) Using 1 workers of 1 for marking
[2022-06-28T12:26:50.861+0000][7][gc,marking  ] GC(271) Concurrent Mark From Roots 119.106ms
[2022-06-28T12:26:50.861+0000][7][gc,marking  ] GC(271) Concurrent Preclean
[2022-06-28T12:26:50.862+0000][7][gc,marking  ] GC(271) Concurrent Preclean 0.119ms
[2022-06-28T12:26:50.862+0000][7][gc,start    ] GC(271) Pause Remark
[2022-06-28T12:26:50.875+0000][7][gc          ] GC(271) Pause Remark 87M->87M(256M) 13.094ms
[2022-06-28T12:26:50.875+0000][7][gc,cpu      ] GC(271) User=0.01s Sys=0.00s Real=0.02s
[2022-06-28T12:26:50.875+0000][7][safepoint   ] Safepoint "G1Concurrent", Time since last: 120854608 ns, Reaching safepoint: 23611 ns, At safepoint: 13150050 ns, Total: 13173661 ns
[2022-06-28T12:26:50.875+0000][7][gc,marking  ] GC(271) Concurrent Mark 132.512ms
[2022-06-28T12:26:50.875+0000][7][gc,marking  ] GC(271) Concurrent Rebuild Remembered Sets
[2022-06-28T12:26:50.941+0000][7][gc,marking  ] GC(271) Concurrent Rebuild Remembered Sets 66.586ms
[2022-06-28T12:26:50.942+0000][7][gc,start    ] GC(271) Pause Cleanup
[2022-06-28T12:26:50.942+0000][7][gc          ] GC(271) Pause Cleanup 87M->87M(256M) 0.050ms
[2022-06-28T12:26:50.942+0000][7][gc,cpu      ] GC(271) User=0.00s Sys=0.00s Real=0.00s
[2022-06-28T12:26:50.942+0000][7][safepoint   ] Safepoint "G1Concurrent", Time since last: 66681939 ns, Reaching safepoint: 22756 ns, At safepoint: 84807 ns, Total: 107563 ns
[2022-06-28T12:26:50.942+0000][7][gc,marking  ] GC(271) Concurrent Cleanup for Next Mark
[2022-06-28T12:26:50.942+0000][7][gc,marking  ] GC(271) Concurrent Cleanup for Next Mark 0.658ms
[2022-06-28T12:26:50.942+0000][7][gc          ] GC(271) Concurrent Mark Cycle 201.471ms
[2022-06-28T12:28:55.847+0000][7][gc,start    ] GC(272) Pause Young (Normal) (G1 Evacuation Pause)
[2022-06-28T12:28:55.847+0000][7][gc,task     ] GC(272) Using 1 workers of 1 for evacuation
[2022-06-28T12:28:55.847+0000][7][gc,age      ] GC(272) Desired survivor size 8388608 bytes, new threshold 15 (max threshold 15)
[2022-06-28T12:28:55.849+0000][7][gc,phases   ] GC(272)   Pre Evacuate Collection Set: 0.0ms
[2022-06-28T12:28:55.849+0000][7][gc,phases   ] GC(272)   Merge Heap Roots: 0.0ms
[2022-06-28T12:28:55.849+0000][7][gc,phases   ] GC(272)   Evacuate Collection Set: 1.4ms
[2022-06-28T12:28:55.849+0000][7][gc,phases   ] GC(272)   Post Evacuate Collection Set: 0.8ms
[2022-06-28T12:28:55.849+0000][7][gc,phases   ] GC(272)   Other: 0.1ms
[2022-06-28T12:28:55.849+0000][7][gc,age      ] GC(272) Age table with threshold 15 (max threshold 15)
[2022-06-28T12:28:55.849+0000][7][gc,age      ] GC(272) - age   1:       8352 bytes,       8352 total
[2022-06-28T12:28:55.849+0000][7][gc,age      ] GC(272) - age   2:        576 bytes,       8928 total
[2022-06-28T12:28:55.849+0000][7][gc,age      ] GC(272) - age   4:        200 bytes,       9128 total
[2022-06-28T12:28:55.849+0000][7][gc,age      ] GC(272) - age   5:        200 bytes,       9328 total
[2022-06-28T12:28:55.849+0000][7][gc,age      ] GC(272) - age   6:        200 bytes,       9528 total
[2022-06-28T12:28:55.849+0000][7][gc,heap     ] GC(272) Eden regions: 29->0(29)
[2022-06-28T12:28:55.849+0000][7][gc,heap     ] GC(272) Survivor regions: 1->1(4)
[2022-06-28T12:28:55.849+0000][7][gc,heap     ] GC(272) Old regions: 19->19
[2022-06-28T12:28:55.849+0000][7][gc,heap     ] GC(272) Archive regions: 2->2
[2022-06-28T12:28:55.849+0000][7][gc,heap     ] GC(272) Humongous regions: 2->2
[2022-06-28T12:28:55.849+0000][7][gc,metaspace] GC(272) Metaspace: 102536K(106432K)->102536K(106432K) NonClass: 88854K(90944K)->88854K(90944K) Class: 13682K(15488K)->13682K(15488K)
[2022-06-28T12:28:55.849+0000][7][gc          ] GC(272) Pause Young (Normal) (G1 Evacuation Pause) 201M->85M(256M) 2.598ms
[2022-06-28T12:28:55.849+0000][7][gc,cpu      ] GC(272) User=0.00s Sys=0.00s Real=0.00s
[2022-06-28T12:28:55.849+0000][7][safepoint   ] Safepoint "G1CollectForAllocation", Time since last: 124905020320 ns, Reaching safepoint: 162429 ns, At safepoint: 2644373 ns, Total: 2806802 ns
[2022-06-28T12:31:00.953+0000][7][gc,start    ] GC(273) Pause Young (Concurrent Start) (G1 Evacuation Pause)
[2022-06-28T12:31:00.953+0000][7][gc,task     ] GC(273) Using 1 workers of 1 for evacuation
[2022-06-28T12:31:00.953+0000][7][gc,age      ] GC(273) Desired survivor size 8388608 bytes, new threshold 15 (max threshold 15)
[2022-06-28T12:31:00.956+0000][7][gc,phases   ] GC(273)   Pre Evacuate Collection Set: 0.2ms
[2022-06-28T12:31:00.956+0000][7][gc,phases   ] GC(273)   Merge Heap Roots: 0.0ms
[2022-06-28T12:31:00.956+0000][7][gc,phases   ] GC(273)   Evacuate Collection Set: 1.4ms
[2022-06-28T12:31:00.956+0000][7][gc,phases   ] GC(273)   Post Evacuate Collection Set: 0.8ms
[2022-06-28T12:31:00.956+0000][7][gc,phases   ] GC(273)   Other: 0.1ms
[2022-06-28T12:31:00.956+0000][7][gc,age      ] GC(273) Age table with threshold 15 (max threshold 15)
[2022-06-28T12:31:00.956+0000][7][gc,age      ] GC(273) - age   1:       9856 bytes,       9856 total
[2022-06-28T12:31:00.956+0000][7][gc,age      ] GC(273) - age   2:        200 bytes,      10056 total
[2022-06-28T12:31:00.956+0000][7][gc,age      ] GC(273) - age   3:        576 bytes,      10632 total
[2022-06-28T12:31:00.956+0000][7][gc,age      ] GC(273) - age   5:        200 bytes,      10832 total
[2022-06-28T12:31:00.956+0000][7][gc,age      ] GC(273) - age   6:        200 bytes,      11032 total
[2022-06-28T12:31:00.956+0000][7][gc,heap     ] GC(273) Eden regions: 29->0(29)
[2022-06-28T12:31:00.956+0000][7][gc,heap     ] GC(273) Survivor regions: 1->1(4)
[2022-06-28T12:31:00.956+0000][7][gc,heap     ] GC(273) Old regions: 19->19
[2022-06-28T12:31:00.956+0000][7][gc,heap     ] GC(273) Archive regions: 2->2
[2022-06-28T12:31:00.956+0000][7][gc,heap     ] GC(273) Humongous regions: 2->2
[2022-06-28T12:31:00.956+0000][7][gc,metaspace] GC(273) Metaspace: 102536K(106432K)->102536K(106432K) NonClass: 88854K(90944K)->88854K(90944K) Class: 13682K(15488K)->13682K(15488K)
[2022-06-28T12:31:00.956+0000][7][gc          ] GC(273) Pause Young (Concurrent Start) (G1 Evacuation Pause) 201M->85M(256M) 2.717ms
[2022-06-28T12:31:00.956+0000][7][gc,cpu      ] GC(273) User=0.00s Sys=0.00s Real=0.01s
[2022-06-28T12:31:00.956+0000][7][safepoint   ] Safepoint "G1CollectForAllocation", Time since last: 125103915349 ns, Reaching safepoint: 25271 ns, At safepoint: 2772684 ns, Total: 2797955 ns
[2022-06-28T12:31:00.956+0000][7][gc          ] GC(274) Concurrent Mark Cycle
[2022-06-28T12:31:00.956+0000][7][gc,marking  ] GC(274) Concurrent Clear Claimed Marks
[2022-06-28T12:31:00.956+0000][7][gc,marking  ] GC(274) Concurrent Clear Claimed Marks 0.041ms
[2022-06-28T12:31:00.956+0000][7][gc,marking  ] GC(274) Concurrent Scan Root Regions
[2022-06-28T12:31:00.957+0000][7][gc,marking  ] GC(274) Concurrent Scan Root Regions 0.663ms
[2022-06-28T12:31:00.957+0000][7][gc,marking  ] GC(274) Concurrent Mark
[2022-06-28T12:31:00.957+0000][7][gc,marking  ] GC(274) Concurrent Mark From Roots
[2022-06-28T12:31:00.957+0000][7][gc,task     ] GC(274) Using 1 workers of 1 for marking
[2022-06-28T12:31:01.072+0000][7][gc,marking  ] GC(274) Concurrent Mark From Roots 115.449ms
[2022-06-28T12:31:01.072+0000][7][gc,marking  ] GC(274) Concurrent Preclean
[2022-06-28T12:31:01.073+0000][7][gc,marking  ] GC(274) Concurrent Preclean 0.115ms
[2022-06-28T12:31:01.073+0000][7][gc,start    ] GC(274) Pause Remark
[2022-06-28T12:31:01.085+0000][7][gc          ] GC(274) Pause Remark 87M->87M(256M) 12.831ms
[2022-06-28T12:31:01.085+0000][7][gc,cpu      ] GC(274) User=0.01s Sys=0.00s Real=0.01s
[2022-06-28T12:31:01.086+0000][7][safepoint   ] Safepoint "G1Concurrent", Time since last: 116428493 ns, Reaching safepoint: 24875 ns, At safepoint: 12904760 ns, Total: 12929635 ns
[2022-06-28T12:31:01.086+0000][7][gc,marking  ] GC(274) Concurrent Mark 128.605ms
[2022-06-28T12:31:01.086+0000][7][gc,marking  ] GC(274) Concurrent Rebuild Remembered Sets
[2022-06-28T12:31:01.151+0000][7][gc,marking  ] GC(274) Concurrent Rebuild Remembered Sets 65.683ms
[2022-06-28T12:31:01.151+0000][7][gc,start    ] GC(274) Pause Cleanup
[2022-06-28T12:31:01.151+0000][7][gc          ] GC(274) Pause Cleanup 87M->87M(256M) 0.049ms
[2022-06-28T12:31:01.151+0000][7][gc,cpu      ] GC(274) User=0.00s Sys=0.00s Real=0.00s
[2022-06-28T12:31:01.151+0000][7][safepoint   ] Safepoint "G1Concurrent", Time since last: 65780471 ns, Reaching safepoint: 23345 ns, At safepoint: 83817 ns, Total: 107162 ns
[2022-06-28T12:31:01.151+0000][7][gc,marking  ] GC(274) Concurrent Cleanup for Next Mark
[2022-06-28T12:31:01.152+0000][7][gc,marking  ] GC(274) Concurrent Cleanup for Next Mark 0.642ms
[2022-06-28T12:31:01.152+0000][7][gc          ] GC(274) Concurrent Mark Cycle 195.881ms
[2022-06-28T12:31:11.153+0000][7][safepoint   ] Safepoint "Cleanup", Time since last: 10001107569 ns, Reaching safepoint: 36428 ns, At safepoint: 26294 ns, Total: 62722 ns
[2022-06-28T12:33:06.071+0000][7][gc,start    ] GC(275) Pause Young (Normal) (G1 Evacuation Pause)
[2022-06-28T12:33:06.071+0000][7][gc,task     ] GC(275) Using 1 workers of 1 for evacuation
[2022-06-28T12:33:06.071+0000][7][gc,age      ] GC(275) Desired survivor size 8388608 bytes, new threshold 15 (max threshold 15)
[2022-06-28T12:33:06.073+0000][7][gc,phases   ] GC(275)   Pre Evacuate Collection Set: 0.0ms
[2022-06-28T12:33:06.073+0000][7][gc,phases   ] GC(275)   Merge Heap Roots: 0.0ms
[2022-06-28T12:33:06.073+0000][7][gc,phases   ] GC(275)   Evacuate Collection Set: 1.4ms
[2022-06-28T12:33:06.073+0000][7][gc,phases   ] GC(275)   Post Evacuate Collection Set: 0.8ms
[2022-06-28T12:33:06.073+0000][7][gc,phases   ] GC(275)   Other: 0.1ms
[2022-06-28T12:33:06.073+0000][7][gc,age      ] GC(275) Age table with threshold 15 (max threshold 15)
[2022-06-28T12:33:06.073+0000][7][gc,age      ] GC(275) - age   1:      10304 bytes,      10304 total
[2022-06-28T12:33:06.073+0000][7][gc,age      ] GC(275) - age   2:        200 bytes,      10504 total
[2022-06-28T12:33:06.073+0000][7][gc,age      ] GC(275) - age   3:        200 bytes,      10704 total
[2022-06-28T12:33:06.073+0000][7][gc,age      ] GC(275) - age   4:        576 bytes,      11280 total
[2022-06-28T12:33:06.074+0000][7][gc,age      ] GC(275) - age   6:        200 bytes,      11480 total
[2022-06-28T12:33:06.074+0000][7][gc,heap     ] GC(275) Eden regions: 29->0(29)
[2022-06-28T12:33:06.074+0000][7][gc,heap     ] GC(275) Survivor regions: 1->1(4)
[2022-06-28T12:33:06.074+0000][7][gc,heap     ] GC(275) Old regions: 19->19
[2022-06-28T12:33:06.074+0000][7][gc,heap     ] GC(275) Archive regions: 2->2
[2022-06-28T12:33:06.074+0000][7][gc,heap     ] GC(275) Humongous regions: 2->2
[2022-06-28T12:33:06.074+0000][7][gc,metaspace] GC(275) Metaspace: 102536K(106432K)->102536K(106432K) NonClass: 88854K(90944K)->88854K(90944K) Class: 13682K(15488K)->13682K(15488K)
[2022-06-28T12:33:06.074+0000][7][gc          ] GC(275) Pause Young (Normal) (G1 Evacuation Pause) 201M->85M(256M) 2.656ms
[2022-06-28T12:33:06.074+0000][7][gc,cpu      ] GC(275) User=0.00s Sys=0.00s Real=0.00s
[2022-06-28T12:33:06.074+0000][7][safepoint   ] Safepoint "G1CollectForAllocation", Time since last: 114918306004 ns, Reaching safepoint: 25648 ns, At safepoint: 2711739 ns, Total: 2737387 ns
[2022-06-28T12:35:11.180+0000][7][gc,start    ] GC(276) Pause Young (Concurrent Start) (G1 Evacuation Pause)
[2022-06-28T12:35:11.180+0000][7][gc,task     ] GC(276) Using 1 workers of 1 for evacuation
[2022-06-28T12:35:11.180+0000][7][gc,age      ] GC(276) Desired survivor size 8388608 bytes, new threshold 15 (max threshold 15)
[2022-06-28T12:35:11.183+0000][7][gc,phases   ] GC(276)   Pre Evacuate Collection Set: 0.2ms
[2022-06-28T12:35:11.183+0000][7][gc,phases   ] GC(276)   Merge Heap Roots: 0.0ms
[2022-06-28T12:35:11.183+0000][7][gc,phases   ] GC(276)   Evacuate Collection Set: 1.4ms
[2022-06-28T12:35:11.183+0000][7][gc,phases   ] GC(276)   Post Evacuate Collection Set: 0.9ms
[2022-06-28T12:35:11.183+0000][7][gc,phases   ] GC(276)   Other: 0.1ms
[2022-06-28T12:35:11.183+0000][7][gc,age      ] GC(276) Age table with threshold 15 (max threshold 15)
[2022-06-28T12:35:11.183+0000][7][gc,age      ] GC(276) - age   1:      10448 bytes,      10448 total
[2022-06-28T12:35:11.183+0000][7][gc,age      ] GC(276) - age   2:        200 bytes,      10648 total
[2022-06-28T12:35:11.183+0000][7][gc,age      ] GC(276) - age   3:        200 bytes,      10848 total
[2022-06-28T12:35:11.183+0000][7][gc,age      ] GC(276) - age   4:        200 bytes,      11048 total
[2022-06-28T12:35:11.183+0000][7][gc,age      ] GC(276) - age   5:        576 bytes,      11624 total
[2022-06-28T12:35:11.183+0000][7][gc,heap     ] GC(276) Eden regions: 29->0(29)
[2022-06-28T12:35:11.183+0000][7][gc,heap     ] GC(276) Survivor regions: 1->1(4)
[2022-06-28T12:35:11.183+0000][7][gc,heap     ] GC(276) Old regions: 19->19
[2022-06-28T12:35:11.183+0000][7][gc,heap     ] GC(276) Archive regions: 2->2
[2022-06-28T12:35:11.183+0000][7][gc,heap     ] GC(276) Humongous regions: 2->2
[2022-06-28T12:35:11.183+0000][7][gc,metaspace] GC(276) Metaspace: 102536K(106432K)->102536K(106432K) NonClass: 88854K(90944K)->88854K(90944K) Class: 13682K(15488K)->13682K(15488K)
[2022-06-28T12:35:11.183+0000][7][gc          ] GC(276) Pause Young (Concurrent Start) (G1 Evacuation Pause) 201M->85M(256M) 2.777ms
[2022-06-28T12:35:11.183+0000][7][gc,cpu      ] GC(276) User=0.00s Sys=0.00s Real=0.00s
[2022-06-28T12:35:11.183+0000][7][safepoint   ] Safepoint "G1CollectForAllocation", Time since last: 125106285759 ns, Reaching safepoint: 25223 ns, At safepoint: 2824547 ns, Total: 2849770 ns
[2022-06-28T12:35:11.183+0000][7][gc          ] GC(277) Concurrent Mark Cycle
[2022-06-28T12:35:11.183+0000][7][gc,marking  ] GC(277) Concurrent Clear Claimed Marks
[2022-06-28T12:35:11.183+0000][7][gc,marking  ] GC(277) Concurrent Clear Claimed Marks 0.040ms
[2022-06-28T12:35:11.183+0000][7][gc,marking  ] GC(277) Concurrent Scan Root Regions
[2022-06-28T12:35:11.184+0000][7][gc,marking  ] GC(277) Concurrent Scan Root Regions 0.716ms
[2022-06-28T12:35:11.184+0000][7][gc,marking  ] GC(277) Concurrent Mark
[2022-06-28T12:35:11.184+0000][7][gc,marking  ] GC(277) Concurrent Mark From Roots
[2022-06-28T12:35:11.184+0000][7][gc,task     ] GC(277) Using 1 workers of 1 for marking
[2022-06-28T12:35:11.300+0000][7][gc,marking  ] GC(277) Concurrent Mark From Roots 116.141ms
[2022-06-28T12:35:11.300+0000][7][gc,marking  ] GC(277) Concurrent Preclean
[2022-06-28T12:35:11.300+0000][7][gc,marking  ] GC(277) Concurrent Preclean 0.110ms
[2022-06-28T12:35:11.300+0000][7][gc,start    ] GC(277) Pause Remark
[2022-06-28T12:35:11.313+0000][7][gc          ] GC(277) Pause Remark 87M->87M(256M) 13.333ms
[2022-06-28T12:35:11.313+0000][7][gc,cpu      ] GC(277) User=0.01s Sys=0.00s Real=0.01s
[2022-06-28T12:35:11.313+0000][7][safepoint   ] Safepoint "G1Concurrent", Time since last: 117166230 ns, Reaching safepoint: 25043 ns, At safepoint: 13390067 ns, Total: 13415110 ns
[2022-06-28T12:35:11.313+0000][7][gc,marking  ] GC(277) Concurrent Mark 129.771ms
[2022-06-28T12:35:11.313+0000][7][gc,marking  ] GC(277) Concurrent Rebuild Remembered Sets
[2022-06-28T12:35:11.379+0000][7][gc,marking  ] GC(277) Concurrent Rebuild Remembered Sets 66.041ms
[2022-06-28T12:35:11.380+0000][7][gc,start    ] GC(277) Pause Cleanup
[2022-06-28T12:35:11.380+0000][7][gc          ] GC(277) Pause Cleanup 87M->87M(256M) 0.053ms
[2022-06-28T12:35:11.380+0000][7][gc,cpu      ] GC(277) User=0.00s Sys=0.00s Real=0.00s
[2022-06-28T12:35:11.380+0000][7][safepoint   ] Safepoint "G1Concurrent", Time since last: 66141992 ns, Reaching safepoint: 22580 ns, At safepoint: 88613 ns, Total: 111193 ns
[2022-06-28T12:35:11.380+0000][7][gc,marking  ] GC(277) Concurrent Cleanup for Next Mark
[2022-06-28T12:35:11.380+0000][7][gc,marking  ] GC(277) Concurrent Cleanup for Next Mark 0.668ms
[2022-06-28T12:35:11.380+0000][7][gc          ] GC(277) Concurrent Mark Cycle 197.497ms
[2022-06-28T12:37:16.293+0000][7][gc,start    ] GC(278) Pause Young (Normal) (G1 Evacuation Pause)
[2022-06-28T12:37:16.293+0000][7][gc,task     ] GC(278) Using 1 workers of 1 for evacuation
[2022-06-28T12:37:16.293+0000][7][gc,age      ] GC(278) Desired survivor size 8388608 bytes, new threshold 15 (max threshold 15)
[2022-06-28T12:37:16.296+0000][7][gc,phases   ] GC(278)   Pre Evacuate Collection Set: 0.0ms
[2022-06-28T12:37:16.296+0000][7][gc,phases   ] GC(278)   Merge Heap Roots: 0.0ms
[2022-06-28T12:37:16.296+0000][7][gc,phases   ] GC(278)   Evacuate Collection Set: 1.4ms
[2022-06-28T12:37:16.296+0000][7][gc,phases   ] GC(278)   Post Evacuate Collection Set: 1.0ms
[2022-06-28T12:37:16.296+0000][7][gc,phases   ] GC(278)   Other: 0.1ms
[2022-06-28T12:37:16.296+0000][7][gc,age      ] GC(278) Age table with threshold 15 (max threshold 15)
[2022-06-28T12:37:16.296+0000][7][gc,age      ] GC(278) - age   1:      10392 bytes,      10392 total
[2022-06-28T12:37:16.296+0000][7][gc,age      ] GC(278) - age   2:        200 bytes,      10592 total
[2022-06-28T12:37:16.296+0000][7][gc,age      ] GC(278) - age   3:        200 bytes,      10792 total
[2022-06-28T12:37:16.296+0000][7][gc,age      ] GC(278) - age   4:        200 bytes,      10992 total
[2022-06-28T12:37:16.296+0000][7][gc,heap     ] GC(278) Eden regions: 29->0(29)
[2022-06-28T12:37:16.296+0000][7][gc,heap     ] GC(278) Survivor regions: 1->1(4)
[2022-06-28T12:37:16.296+0000][7][gc,heap     ] GC(278) Old regions: 19->19
[2022-06-28T12:37:16.296+0000][7][gc,heap     ] GC(278) Archive regions: 2->2
[2022-06-28T12:37:16.296+0000][7][gc,heap     ] GC(278) Humongous regions: 2->2
[2022-06-28T12:37:16.296+0000][7][gc,metaspace] GC(278) Metaspace: 102536K(106432K)->102536K(106432K) NonClass: 88854K(90944K)->88854K(90944K) Class: 13682K(15488K)->13682K(15488K)
[2022-06-28T12:37:16.296+0000][7][gc          ] GC(278) Pause Young (Normal) (G1 Evacuation Pause) 201M->85M(256M) 2.744ms
[2022-06-28T12:37:16.296+0000][7][gc,cpu      ] GC(278) User=0.00s Sys=0.00s Real=0.01s
[2022-06-28T12:37:16.296+0000][7][safepoint   ] Safepoint "G1CollectForAllocation", Time since last: 124913711413 ns, Reaching safepoint: 25035 ns, At safepoint: 2784769 ns, Total: 2809804 ns
[2022-06-28T12:39:21.403+0000][7][gc,start    ] GC(279) Pause Young (Concurrent Start) (G1 Evacuation Pause)
[2022-06-28T12:39:21.403+0000][7][gc,task     ] GC(279) Using 1 workers of 1 for evacuation
[2022-06-28T12:39:21.403+0000][7][gc,age      ] GC(279) Desired survivor size 8388608 bytes, new threshold 15 (max threshold 15)
[2022-06-28T12:39:21.406+0000][7][gc,phases   ] GC(279)   Pre Evacuate Collection Set: 0.2ms
[2022-06-28T12:39:21.406+0000][7][gc,phases   ] GC(279)   Merge Heap Roots: 0.0ms
[2022-06-28T12:39:21.406+0000][7][gc,phases   ] GC(279)   Evacuate Collection Set: 1.5ms
[2022-06-28T12:39:21.406+0000][7][gc,phases   ] GC(279)   Post Evacuate Collection Set: 0.8ms
[2022-06-28T12:39:21.406+0000][7][gc,phases   ] GC(279)   Other: 0.1ms
[2022-06-28T12:39:21.406+0000][7][gc,age      ] GC(279) Age table with threshold 15 (max threshold 15)
[2022-06-28T12:39:21.406+0000][7][gc,age      ] GC(279) - age   1:       8432 bytes,       8432 total
[2022-06-28T12:39:21.406+0000][7][gc,age      ] GC(279) - age   2:        576 bytes,       9008 total
[2022-06-28T12:39:21.406+0000][7][gc,age      ] GC(279) - age   3:        200 bytes,       9208 total
[2022-06-28T12:39:21.406+0000][7][gc,age      ] GC(279) - age   4:        200 bytes,       9408 total
[2022-06-28T12:39:21.406+0000][7][gc,age      ] GC(279) - age   5:        200 bytes,       9608 total
[2022-06-28T12:39:21.406+0000][7][gc,heap     ] GC(279) Eden regions: 29->0(29)
[2022-06-28T12:39:21.406+0000][7][gc,heap     ] GC(279) Survivor regions: 1->1(4)
[2022-06-28T12:39:21.406+0000][7][gc,heap     ] GC(279) Old regions: 19->19
[2022-06-28T12:39:21.406+0000][7][gc,heap     ] GC(279) Archive regions: 2->2
[2022-06-28T12:39:21.406+0000][7][gc,heap     ] GC(279) Humongous regions: 2->2
[2022-06-28T12:39:21.406+0000][7][gc,metaspace] GC(279) Metaspace: 102536K(106432K)->102536K(106432K) NonClass: 88854K(90944K)->88854K(90944K) Class: 13682K(15488K)->13682K(15488K)
[2022-06-28T12:39:21.406+0000][7][gc          ] GC(279) Pause Young (Concurrent Start) (G1 Evacuation Pause) 201M->85M(256M) 2.726ms
[2022-06-28T12:39:21.406+0000][7][gc,cpu      ] GC(279) User=0.01s Sys=0.00s Real=0.00s
[2022-06-28T12:39:21.406+0000][7][safepoint   ] Safepoint "G1CollectForAllocation", Time since last: 125106821948 ns, Reaching safepoint: 24037 ns, At safepoint: 2769781 ns, Total: 2793818 ns
[2022-06-28T12:39:21.406+0000][7][gc          ] GC(280) Concurrent Mark Cycle
[2022-06-28T12:39:21.406+0000][7][gc,marking  ] GC(280) Concurrent Clear Claimed Marks
[2022-06-28T12:39:21.406+0000][7][gc,marking  ] GC(280) Concurrent Clear Claimed Marks 0.036ms
[2022-06-28T12:39:21.406+0000][7][gc,marking  ] GC(280) Concurrent Scan Root Regions
[2022-06-28T12:39:21.407+0000][7][gc,marking  ] GC(280) Concurrent Scan Root Regions 0.716ms
[2022-06-28T12:39:21.407+0000][7][gc,marking  ] GC(280) Concurrent Mark
[2022-06-28T12:39:21.407+0000][7][gc,marking  ] GC(280) Concurrent Mark From Roots
[2022-06-28T12:39:21.407+0000][7][gc,task     ] GC(280) Using 1 workers of 1 for marking
[2022-06-28T12:39:21.521+0000][7][gc,marking  ] GC(280) Concurrent Mark From Roots 114.675ms
[2022-06-28T12:39:21.521+0000][7][gc,marking  ] GC(280) Concurrent Preclean
[2022-06-28T12:39:21.521+0000][7][gc,marking  ] GC(280) Concurrent Preclean 0.106ms
[2022-06-28T12:39:21.521+0000][7][gc,start    ] GC(280) Pause Remark
[2022-06-28T12:39:21.535+0000][7][gc          ] GC(280) Pause Remark 87M->87M(256M) 13.329ms
[2022-06-28T12:39:21.535+0000][7][gc,cpu      ] GC(280) User=0.02s Sys=0.00s Real=0.02s
[2022-06-28T12:39:21.535+0000][7][safepoint   ] Safepoint "G1Concurrent", Time since last: 115694608 ns, Reaching safepoint: 23524 ns, At safepoint: 13400067 ns, Total: 13423591 ns
[2022-06-28T12:39:21.535+0000][7][gc,marking  ] GC(280) Concurrent Mark 128.331ms
[2022-06-28T12:39:21.535+0000][7][gc,marking  ] GC(280) Concurrent Rebuild Remembered Sets
[2022-06-28T12:39:21.601+0000][7][gc,marking  ] GC(280) Concurrent Rebuild Remembered Sets 65.656ms
[2022-06-28T12:39:21.601+0000][7][gc,start    ] GC(280) Pause Cleanup
[2022-06-28T12:39:21.601+0000][7][gc          ] GC(280) Pause Cleanup 87M->87M(256M) 0.048ms
[2022-06-28T12:39:21.601+0000][7][gc,cpu      ] GC(280) User=0.00s Sys=0.00s Real=0.00s
[2022-06-28T12:39:21.601+0000][7][safepoint   ] Safepoint "G1Concurrent", Time since last: 65776771 ns, Reaching safepoint: 23193 ns, At safepoint: 83548 ns, Total: 106741 ns
[2022-06-28T12:39:21.601+0000][7][gc,marking  ] GC(280) Concurrent Cleanup for Next Mark
[2022-06-28T12:39:21.601+0000][7][gc,marking  ] GC(280) Concurrent Cleanup for Next Mark 0.647ms
[2022-06-28T12:39:21.601+0000][7][gc          ] GC(280) Concurrent Mark Cycle 195.647ms
[2022-06-28T12:41:26.517+0000][7][gc,start    ] GC(281) Pause Young (Normal) (G1 Evacuation Pause)
[2022-06-28T12:41:26.517+0000][7][gc,task     ] GC(281) Using 1 workers of 1 for evacuation
[2022-06-28T12:41:26.517+0000][7][gc,age      ] GC(281) Desired survivor size 8388608 bytes, new threshold 15 (max threshold 15)
[2022-06-28T12:41:26.520+0000][7][gc,phases   ] GC(281)   Pre Evacuate Collection Set: 0.0ms
[2022-06-28T12:41:26.520+0000][7][gc,phases   ] GC(281)   Merge Heap Roots: 0.0ms
[2022-06-28T12:41:26.520+0000][7][gc,phases   ] GC(281)   Evacuate Collection Set: 1.5ms
[2022-06-28T12:41:26.520+0000][7][gc,phases   ] GC(281)   Post Evacuate Collection Set: 0.8ms
[2022-06-28T12:41:26.520+0000][7][gc,phases   ] GC(281)   Other: 0.1ms
[2022-06-28T12:41:26.520+0000][7][gc,age      ] GC(281) Age table with threshold 15 (max threshold 15)
[2022-06-28T12:41:26.520+0000][7][gc,age      ] GC(281) - age   1:       9840 bytes,       9840 total
[2022-06-28T12:41:26.520+0000][7][gc,age      ] GC(281) - age   2:        200 bytes,      10040 total
[2022-06-28T12:41:26.520+0000][7][gc,age      ] GC(281) - age   3:        576 bytes,      10616 total
[2022-06-28T12:41:26.520+0000][7][gc,age      ] GC(281) - age   4:        200 bytes,      10816 total
[2022-06-28T12:41:26.520+0000][7][gc,age      ] GC(281) - age   5:        200 bytes,      11016 total
[2022-06-28T12:41:26.520+0000][7][gc,heap     ] GC(281) Eden regions: 29->0(29)
[2022-06-28T12:41:26.520+0000][7][gc,heap     ] GC(281) Survivor regions: 1->1(4)
[2022-06-28T12:41:26.520+0000][7][gc,heap     ] GC(281) Old regions: 19->19
[2022-06-28T12:41:26.520+0000][7][gc,heap     ] GC(281) Archive regions: 2->2
[2022-06-28T12:41:26.520+0000][7][gc,heap     ] GC(281) Humongous regions: 2->2
[2022-06-28T12:41:26.520+0000][7][gc,metaspace] GC(281) Metaspace: 102536K(106432K)->102536K(106432K) NonClass: 88854K(90944K)->88854K(90944K) Class: 13682K(15488K)->13682K(15488K)
[2022-06-28T12:41:26.520+0000][7][gc          ] GC(281) Pause Young (Normal) (G1 Evacuation Pause) 201M->85M(256M) 2.703ms
[2022-06-28T12:41:26.520+0000][7][gc,cpu      ] GC(281) User=0.00s Sys=0.00s Real=0.00s
[2022-06-28T12:41:26.520+0000][7][safepoint   ] Safepoint "G1CollectForAllocation", Time since last: 124916297720 ns, Reaching safepoint: 25215 ns, At safepoint: 2745168 ns, Total: 2770383 ns
[2022-06-28T12:43:31.627+0000][7][gc,start    ] GC(282) Pause Young (Concurrent Start) (G1 Evacuation Pause)
[2022-06-28T12:43:31.627+0000][7][gc,task     ] GC(282) Using 1 workers of 1 for evacuation
[2022-06-28T12:43:31.627+0000][7][gc,age      ] GC(282) Desired survivor size 8388608 bytes, new threshold 15 (max threshold 15)
[2022-06-28T12:43:31.629+0000][7][gc,phases   ] GC(282)   Pre Evacuate Collection Set: 0.2ms
[2022-06-28T12:43:31.629+0000][7][gc,phases   ] GC(282)   Merge Heap Roots: 0.0ms
[2022-06-28T12:43:31.629+0000][7][gc,phases   ] GC(282)   Evacuate Collection Set: 1.4ms
[2022-06-28T12:43:31.629+0000][7][gc,phases   ] GC(282)   Post Evacuate Collection Set: 0.8ms
[2022-06-28T12:43:31.629+0000][7][gc,phases   ] GC(282)   Other: 0.1ms
[2022-06-28T12:43:31.629+0000][7][gc,age      ] GC(282) Age table with threshold 15 (max threshold 15)
[2022-06-28T12:43:31.629+0000][7][gc,age      ] GC(282) - age   1:      10488 bytes,      10488 total
[2022-06-28T12:43:31.629+0000][7][gc,age      ] GC(282) - age   2:        200 bytes,      10688 total
[2022-06-28T12:43:31.629+0000][7][gc,age      ] GC(282) - age   3:        200 bytes,      10888 total
[2022-06-28T12:43:31.629+0000][7][gc,age      ] GC(282) - age   4:        576 bytes,      11464 total
[2022-06-28T12:43:31.629+0000][7][gc,age      ] GC(282) - age   5:        200 bytes,      11664 total
[2022-06-28T12:43:31.629+0000][7][gc,heap     ] GC(282) Eden regions: 29->0(29)
[2022-06-28T12:43:31.629+0000][7][gc,heap     ] GC(282) Survivor regions: 1->1(4)
[2022-06-28T12:43:31.629+0000][7][gc,heap     ] GC(282) Old regions: 19->19
[2022-06-28T12:43:31.629+0000][7][gc,heap     ] GC(282) Archive regions: 2->2
[2022-06-28T12:43:31.629+0000][7][gc,heap     ] GC(282) Humongous regions: 2->2
[2022-06-28T12:43:31.629+0000][7][gc,metaspace] GC(282) Metaspace: 102536K(106432K)->102536K(106432K) NonClass: 88854K(90944K)->88854K(90944K) Class: 13682K(15488K)->13682K(15488K)
[2022-06-28T12:43:31.629+0000][7][gc          ] GC(282) Pause Young (Concurrent Start) (G1 Evacuation Pause) 201M->85M(256M) 2.690ms
[2022-06-28T12:43:31.629+0000][7][gc,cpu      ] GC(282) User=0.00s Sys=0.00s Real=0.00s
[2022-06-28T12:43:31.630+0000][7][safepoint   ] Safepoint "G1CollectForAllocation", Time since last: 125106956465 ns, Reaching safepoint: 26334 ns, At safepoint: 2737137 ns, Total: 2763471 ns
[2022-06-28T12:43:31.630+0000][7][gc          ] GC(283) Concurrent Mark Cycle
[2022-06-28T12:43:31.630+0000][7][gc,marking  ] GC(283) Concurrent Clear Claimed Marks
[2022-06-28T12:43:31.630+0000][7][gc,marking  ] GC(283) Concurrent Clear Claimed Marks 0.038ms
[2022-06-28T12:43:31.630+0000][7][gc,marking  ] GC(283) Concurrent Scan Root Regions
[2022-06-28T12:43:31.630+0000][7][gc,marking  ] GC(283) Concurrent Scan Root Regions 0.667ms
[2022-06-28T12:43:31.630+0000][7][gc,marking  ] GC(283) Concurrent Mark
[2022-06-28T12:43:31.630+0000][7][gc,marking  ] GC(283) Concurrent Mark From Roots
[2022-06-28T12:43:31.630+0000][7][gc,task     ] GC(283) Using 1 workers of 1 for marking
[2022-06-28T12:43:31.745+0000][7][gc,marking  ] GC(283) Concurrent Mark From Roots 114.334ms
[2022-06-28T12:43:31.745+0000][7][gc,marking  ] GC(283) Concurrent Preclean
[2022-06-28T12:43:31.745+0000][7][gc,marking  ] GC(283) Concurrent Preclean 0.110ms
[2022-06-28T12:43:31.745+0000][7][gc,start    ] GC(283) Pause Remark
[2022-06-28T12:43:31.758+0000][7][gc          ] GC(283) Pause Remark 87M->87M(256M) 12.662ms
[2022-06-28T12:43:31.758+0000][7][gc,cpu      ] GC(283) User=0.01s Sys=0.00s Real=0.02s
[2022-06-28T12:43:31.758+0000][7][safepoint   ] Safepoint "G1Concurrent", Time since last: 115305249 ns, Reaching safepoint: 23343 ns, At safepoint: 12716732 ns, Total: 12740075 ns
[2022-06-28T12:43:31.758+0000][7][gc,marking  ] GC(283) Concurrent Mark 127.289ms
[2022-06-28T12:43:31.758+0000][7][gc,marking  ] GC(283) Concurrent Rebuild Remembered Sets
[2022-06-28T12:43:31.823+0000][7][gc,marking  ] GC(283) Concurrent Rebuild Remembered Sets 64.881ms
[2022-06-28T12:43:31.823+0000][7][gc,start    ] GC(283) Pause Cleanup
[2022-06-28T12:43:31.823+0000][7][gc          ] GC(283) Pause Cleanup 87M->87M(256M) 0.047ms
[2022-06-28T12:43:31.823+0000][7][gc,cpu      ] GC(283) User=0.00s Sys=0.00s Real=0.00s
[2022-06-28T12:43:31.823+0000][7][safepoint   ] Safepoint "G1Concurrent", Time since last: 65000991 ns, Reaching safepoint: 22735 ns, At safepoint: 82685 ns, Total: 105420 ns
[2022-06-28T12:43:31.823+0000][7][gc,marking  ] GC(283) Concurrent Cleanup for Next Mark
[2022-06-28T12:43:31.823+0000][7][gc,marking  ] GC(283) Concurrent Cleanup for Next Mark 0.650ms
[2022-06-28T12:43:31.823+0000][7][gc          ] GC(283) Concurrent Mark Cycle 193.796ms
[2022-06-28T12:45:36.742+0000][7][gc,start    ] GC(284) Pause Young (Normal) (G1 Evacuation Pause)
[2022-06-28T12:45:36.742+0000][7][gc,task     ] GC(284) Using 1 workers of 1 for evacuation
[2022-06-28T12:45:36.742+0000][7][gc,age      ] GC(284) Desired survivor size 8388608 bytes, new threshold 15 (max threshold 15)
[2022-06-28T12:45:36.744+0000][7][gc,phases   ] GC(284)   Pre Evacuate Collection Set: 0.0ms
[2022-06-28T12:45:36.744+0000][7][gc,phases   ] GC(284)   Merge Heap Roots: 0.0ms
[2022-06-28T12:45:36.744+0000][7][gc,phases   ] GC(284)   Evacuate Collection Set: 1.4ms
[2022-06-28T12:45:36.744+0000][7][gc,phases   ] GC(284)   Post Evacuate Collection Set: 0.8ms
[2022-06-28T12:45:36.744+0000][7][gc,phases   ] GC(284)   Other: 0.1ms
[2022-06-28T12:45:36.744+0000][7][gc,age      ] GC(284) Age table with threshold 15 (max threshold 15)
[2022-06-28T12:45:36.744+0000][7][gc,age      ] GC(284) - age   1:       9760 bytes,       9760 total
[2022-06-28T12:45:36.744+0000][7][gc,age      ] GC(284) - age   2:        200 bytes,       9960 total
[2022-06-28T12:45:36.744+0000][7][gc,age      ] GC(284) - age   3:        200 bytes,      10160 total
[2022-06-28T12:45:36.744+0000][7][gc,age      ] GC(284) - age   4:        200 bytes,      10360 total
[2022-06-28T12:45:36.744+0000][7][gc,age      ] GC(284) - age   5:        576 bytes,      10936 total
[2022-06-28T12:45:36.744+0000][7][gc,heap     ] GC(284) Eden regions: 29->0(29)
[2022-06-28T12:45:36.744+0000][7][gc,heap     ] GC(284) Survivor regions: 1->1(4)
[2022-06-28T12:45:36.744+0000][7][gc,heap     ] GC(284) Old regions: 19->19
[2022-06-28T12:45:36.744+0000][7][gc,heap     ] GC(284) Archive regions: 2->2
[2022-06-28T12:45:36.744+0000][7][gc,heap     ] GC(284) Humongous regions: 2->2
[2022-06-28T12:45:36.744+0000][7][gc,metaspace] GC(284) Metaspace: 102536K(106432K)->102536K(106432K) NonClass: 88854K(90944K)->88854K(90944K) Class: 13682K(15488K)->13682K(15488K)
[2022-06-28T12:45:36.745+0000][7][gc          ] GC(284) Pause Young (Normal) (G1 Evacuation Pause) 201M->85M(256M) 2.625ms
[2022-06-28T12:45:36.745+0000][7][gc,cpu      ] GC(284) User=0.00s Sys=0.00s Real=0.00s
[2022-06-28T12:45:36.745+0000][7][safepoint   ] Safepoint "G1CollectForAllocation", Time since last: 124919178161 ns, Reaching safepoint: 24720 ns, At safepoint: 2668646 ns, Total: 2693366 ns
[2022-06-28T12:47:41.852+0000][7][gc,start    ] GC(285) Pause Young (Concurrent Start) (G1 Evacuation Pause)
[2022-06-28T12:47:41.852+0000][7][gc,task     ] GC(285) Using 1 workers of 1 for evacuation
[2022-06-28T12:47:41.852+0000][7][gc,age      ] GC(285) Desired survivor size 8388608 bytes, new threshold 15 (max threshold 15)
[2022-06-28T12:47:41.855+0000][7][gc,phases   ] GC(285)   Pre Evacuate Collection Set: 0.2ms
[2022-06-28T12:47:41.855+0000][7][gc,phases   ] GC(285)   Merge Heap Roots: 0.0ms
[2022-06-28T12:47:41.855+0000][7][gc,phases   ] GC(285)   Evacuate Collection Set: 1.4ms
[2022-06-28T12:47:41.855+0000][7][gc,phases   ] GC(285)   Post Evacuate Collection Set: 0.8ms
[2022-06-28T12:47:41.855+0000][7][gc,phases   ] GC(285)   Other: 0.1ms
[2022-06-28T12:47:41.855+0000][7][gc,age      ] GC(285) Age table with threshold 15 (max threshold 15)
[2022-06-28T12:47:41.855+0000][7][gc,age      ] GC(285) - age   1:      10360 bytes,      10360 total
[2022-06-28T12:47:41.855+0000][7][gc,age      ] GC(285) - age   3:        200 bytes,      10560 total
[2022-06-28T12:47:41.855+0000][7][gc,age      ] GC(285) - age   4:        200 bytes,      10760 total
[2022-06-28T12:47:41.855+0000][7][gc,age      ] GC(285) - age   5:        200 bytes,      10960 total
[2022-06-28T12:47:41.855+0000][7][gc,heap     ] GC(285) Eden regions: 29->0(29)
[2022-06-28T12:47:41.855+0000][7][gc,heap     ] GC(285) Survivor regions: 1->1(4)
[2022-06-28T12:47:41.855+0000][7][gc,heap     ] GC(285) Old regions: 19->19
[2022-06-28T12:47:41.855+0000][7][gc,heap     ] GC(285) Archive regions: 2->2
[2022-06-28T12:47:41.855+0000][7][gc,heap     ] GC(285) Humongous regions: 2->2
[2022-06-28T12:47:41.855+0000][7][gc,metaspace] GC(285) Metaspace: 102536K(106432K)->102536K(106432K) NonClass: 88854K(90944K)->88854K(90944K) Class: 13682K(15488K)->13682K(15488K)
[2022-06-28T12:47:41.855+0000][7][gc          ] GC(285) Pause Young (Concurrent Start) (G1 Evacuation Pause) 201M->85M(256M) 2.738ms
[2022-06-28T12:47:41.855+0000][7][gc,cpu      ] GC(285) User=0.00s Sys=0.00s Real=0.01s
[2022-06-28T12:47:41.855+0000][7][safepoint   ] Safepoint "G1CollectForAllocation", Time since last: 125107370600 ns, Reaching safepoint: 25876 ns, At safepoint: 2789004 ns, Total: 2814880 ns
[2022-06-28T12:47:41.855+0000][7][gc          ] GC(286) Concurrent Mark Cycle
[2022-06-28T12:47:41.855+0000][7][gc,marking  ] GC(286) Concurrent Clear Claimed Marks
[2022-06-28T12:47:41.855+0000][7][gc,marking  ] GC(286) Concurrent Clear Claimed Marks 0.041ms
[2022-06-28T12:47:41.855+0000][7][gc,marking  ] GC(286) Concurrent Scan Root Regions
[2022-06-28T12:47:41.856+0000][7][gc,marking  ] GC(286) Concurrent Scan Root Regions 0.701ms
[2022-06-28T12:47:41.856+0000][7][gc,marking  ] GC(286) Concurrent Mark
[2022-06-28T12:47:41.856+0000][7][gc,marking  ] GC(286) Concurrent Mark From Roots
[2022-06-28T12:47:41.856+0000][7][gc,task     ] GC(286) Using 1 workers of 1 for marking
[2022-06-28T12:47:41.972+0000][7][gc,marking  ] GC(286) Concurrent Mark From Roots 116.747ms
[2022-06-28T12:47:41.972+0000][7][gc,marking  ] GC(286) Concurrent Preclean
[2022-06-28T12:47:41.972+0000][7][gc,marking  ] GC(286) Concurrent Preclean 0.113ms
[2022-06-28T12:47:41.973+0000][7][gc,start    ] GC(286) Pause Remark
[2022-06-28T12:47:41.986+0000][7][gc          ] GC(286) Pause Remark 87M->87M(256M) 13.023ms
[2022-06-28T12:47:41.986+0000][7][gc,cpu      ] GC(286) User=0.01s Sys=0.00s Real=0.01s
[2022-06-28T12:47:41.986+0000][7][safepoint   ] Safepoint "G1Concurrent", Time since last: 117750331 ns, Reaching safepoint: 24841 ns, At safepoint: 13089785 ns, Total: 13114626 ns
[2022-06-28T12:47:41.986+0000][7][gc,marking  ] GC(286) Concurrent Mark 130.084ms
[2022-06-28T12:47:41.986+0000][7][gc,marking  ] GC(286) Concurrent Rebuild Remembered Sets
[2022-06-28T12:47:42.052+0000][7][gc,marking  ] GC(286) Concurrent Rebuild Remembered Sets 66.297ms
[2022-06-28T12:47:42.052+0000][7][gc,start    ] GC(286) Pause Cleanup
[2022-06-28T12:47:42.052+0000][7][gc          ] GC(286) Pause Cleanup 87M->87M(256M) 0.051ms
[2022-06-28T12:47:42.052+0000][7][gc,cpu      ] GC(286) User=0.00s Sys=0.00s Real=0.00s
[2022-06-28T12:47:42.052+0000][7][safepoint   ] Safepoint "G1Concurrent", Time since last: 66394449 ns, Reaching safepoint: 23373 ns, At safepoint: 86775 ns, Total: 110148 ns
[2022-06-28T12:47:42.052+0000][7][gc,marking  ] GC(286) Concurrent Cleanup for Next Mark
[2022-06-28T12:47:42.053+0000][7][gc,marking  ] GC(286) Concurrent Cleanup for Next Mark 0.640ms
[2022-06-28T12:47:42.053+0000][7][gc          ] GC(286) Concurrent Mark Cycle 198.013ms
[2022-06-28T12:49:46.968+0000][7][gc,start    ] GC(287) Pause Young (Normal) (G1 Evacuation Pause)
[2022-06-28T12:49:46.968+0000][7][gc,task     ] GC(287) Using 1 workers of 1 for evacuation
[2022-06-28T12:49:46.968+0000][7][gc,age      ] GC(287) Desired survivor size 8388608 bytes, new threshold 15 (max threshold 15)
[2022-06-28T12:49:46.971+0000][7][gc,phases   ] GC(287)   Pre Evacuate Collection Set: 0.0ms
[2022-06-28T12:49:46.971+0000][7][gc,phases   ] GC(287)   Merge Heap Roots: 0.0ms
[2022-06-28T12:49:46.971+0000][7][gc,phases   ] GC(287)   Evacuate Collection Set: 1.5ms
[2022-06-28T12:49:46.971+0000][7][gc,phases   ] GC(287)   Post Evacuate Collection Set: 1.0ms
[2022-06-28T12:49:46.971+0000][7][gc,phases   ] GC(287)   Other: 0.1ms
[2022-06-28T12:49:46.971+0000][7][gc,age      ] GC(287) Age table with threshold 15 (max threshold 15)
[2022-06-28T12:49:46.971+0000][7][gc,age      ] GC(287) - age   1:       9760 bytes,       9760 total
[2022-06-28T12:49:46.971+0000][7][gc,age      ] GC(287) - age   2:        576 bytes,      10336 total
[2022-06-28T12:49:46.971+0000][7][gc,age      ] GC(287) - age   4:        200 bytes,      10536 total
[2022-06-28T12:49:46.971+0000][7][gc,age      ] GC(287) - age   5:        200 bytes,      10736 total
[2022-06-28T12:49:46.971+0000][7][gc,age      ] GC(287) - age   6:        200 bytes,      10936 total
[2022-06-28T12:49:46.971+0000][7][gc,heap     ] GC(287) Eden regions: 29->0(29)
[2022-06-28T12:49:46.971+0000][7][gc,heap     ] GC(287) Survivor regions: 1->1(4)
[2022-06-28T12:49:46.971+0000][7][gc,heap     ] GC(287) Old regions: 19->19
[2022-06-28T12:49:46.971+0000][7][gc,heap     ] GC(287) Archive regions: 2->2
[2022-06-28T12:49:46.971+0000][7][gc,heap     ] GC(287) Humongous regions: 2->2
[2022-06-28T12:49:46.971+0000][7][gc,metaspace] GC(287) Metaspace: 102536K(106432K)->102536K(106432K) NonClass: 88854K(90944K)->88854K(90944K) Class: 13682K(15488K)->13682K(15488K)
[2022-06-28T12:49:46.971+0000][7][gc          ] GC(287) Pause Young (Normal) (G1 Evacuation Pause) 201M->85M(256M) 2.875ms
[2022-06-28T12:49:46.971+0000][7][gc,cpu      ] GC(287) User=0.01s Sys=0.00s Real=0.00s
[2022-06-28T12:49:46.971+0000][7][safepoint   ] Safepoint "G1CollectForAllocation", Time since last: 124915910295 ns, Reaching safepoint: 24186 ns, At safepoint: 2914937 ns, Total: 2939123 ns
[2022-06-28T12:51:52.078+0000][7][gc,start    ] GC(288) Pause Young (Concurrent Start) (G1 Evacuation Pause)
[2022-06-28T12:51:52.078+0000][7][gc,task     ] GC(288) Using 1 workers of 1 for evacuation
[2022-06-28T12:51:52.078+0000][7][gc,age      ] GC(288) Desired survivor size 8388608 bytes, new threshold 15 (max threshold 15)
[2022-06-28T12:51:52.081+0000][7][gc,phases   ] GC(288)   Pre Evacuate Collection Set: 0.2ms
[2022-06-28T12:51:52.081+0000][7][gc,phases   ] GC(288)   Merge Heap Roots: 0.0ms
[2022-06-28T12:51:52.081+0000][7][gc,phases   ] GC(288)   Evacuate Collection Set: 1.4ms
[2022-06-28T12:51:52.081+0000][7][gc,phases   ] GC(288)   Post Evacuate Collection Set: 1.3ms
[2022-06-28T12:51:52.081+0000][7][gc,phases   ] GC(288)   Other: 0.1ms
[2022-06-28T12:51:52.081+0000][7][gc,age      ] GC(288) Age table with threshold 15 (max threshold 15)
[2022-06-28T12:51:52.081+0000][7][gc,age      ] GC(288) - age   1:      10232 bytes,      10232 total
[2022-06-28T12:51:52.081+0000][7][gc,age      ] GC(288) - age   2:        200 bytes,      10432 total
[2022-06-28T12:51:52.082+0000][7][gc,age      ] GC(288) - age   3:        576 bytes,      11008 total
[2022-06-28T12:51:52.082+0000][7][gc,age      ] GC(288) - age   5:        200 bytes,      11208 total
[2022-06-28T12:51:52.082+0000][7][gc,age      ] GC(288) - age   6:        200 bytes,      11408 total
[2022-06-28T12:51:52.082+0000][7][gc,heap     ] GC(288) Eden regions: 29->0(29)
[2022-06-28T12:51:52.082+0000][7][gc,heap     ] GC(288) Survivor regions: 1->1(4)
[2022-06-28T12:51:52.082+0000][7][gc,heap     ] GC(288) Old regions: 19->19
[2022-06-28T12:51:52.082+0000][7][gc,heap     ] GC(288) Archive regions: 2->2
[2022-06-28T12:51:52.082+0000][7][gc,heap     ] GC(288) Humongous regions: 2->2
[2022-06-28T12:51:52.082+0000][7][gc,metaspace] GC(288) Metaspace: 102536K(106432K)->102536K(106432K) NonClass: 88854K(90944K)->88854K(90944K) Class: 13682K(15488K)->13682K(15488K)
[2022-06-28T12:51:52.082+0000][7][gc          ] GC(288) Pause Young (Concurrent Start) (G1 Evacuation Pause) 201M->85M(256M) 3.237ms
[2022-06-28T12:51:52.082+0000][7][gc,cpu      ] GC(288) User=0.01s Sys=0.00s Real=0.00s
[2022-06-28T12:51:52.082+0000][7][safepoint   ] Safepoint "G1CollectForAllocation", Time since last: 125107362405 ns, Reaching safepoint: 27222 ns, At safepoint: 3286178 ns, Total: 3313400 ns
[2022-06-28T12:51:52.082+0000][7][gc          ] GC(289) Concurrent Mark Cycle
[2022-06-28T12:51:52.082+0000][7][gc,marking  ] GC(289) Concurrent Clear Claimed Marks
[2022-06-28T12:51:52.082+0000][7][gc,marking  ] GC(289) Concurrent Clear Claimed Marks 0.040ms
[2022-06-28T12:51:52.082+0000][7][gc,marking  ] GC(289) Concurrent Scan Root Regions
[2022-06-28T12:51:52.083+0000][7][gc,marking  ] GC(289) Concurrent Scan Root Regions 0.874ms
[2022-06-28T12:51:52.083+0000][7][gc,marking  ] GC(289) Concurrent Mark
[2022-06-28T12:51:52.083+0000][7][gc,marking  ] GC(289) Concurrent Mark From Roots
[2022-06-28T12:51:52.083+0000][7][gc,task     ] GC(289) Using 1 workers of 1 for marking
[2022-06-28T12:51:52.212+0000][7][gc,marking  ] GC(289) Concurrent Mark From Roots 129.173ms
[2022-06-28T12:51:52.212+0000][7][gc,marking  ] GC(289) Concurrent Preclean
[2022-06-28T12:51:52.212+0000][7][gc,marking  ] GC(289) Concurrent Preclean 0.121ms
[2022-06-28T12:51:52.213+0000][7][gc,start    ] GC(289) Pause Remark
[2022-06-28T12:51:52.226+0000][7][gc          ] GC(289) Pause Remark 89M->89M(256M) 13.155ms
[2022-06-28T12:51:52.226+0000][7][gc,cpu      ] GC(289) User=0.01s Sys=0.00s Real=0.01s
[2022-06-28T12:51:52.226+0000][7][safepoint   ] Safepoint "G1Concurrent", Time since last: 131488093 ns, Reaching safepoint: 28371 ns, At safepoint: 13232537 ns, Total: 13260908 ns
[2022-06-28T12:51:52.226+0000][7][gc,marking  ] GC(289) Concurrent Mark 143.776ms
[2022-06-28T12:51:52.226+0000][7][gc,marking  ] GC(289) Concurrent Rebuild Remembered Sets
[2022-06-28T12:51:52.294+0000][7][gc,marking  ] GC(289) Concurrent Rebuild Remembered Sets 67.316ms
[2022-06-28T12:51:52.294+0000][7][gc,start    ] GC(289) Pause Cleanup
[2022-06-28T12:51:52.294+0000][7][gc          ] GC(289) Pause Cleanup 89M->89M(256M) 0.049ms
[2022-06-28T12:51:52.294+0000][7][gc,cpu      ] GC(289) User=0.00s Sys=0.00s Real=0.00s
[2022-06-28T12:51:52.294+0000][7][safepoint   ] Safepoint "G1Concurrent", Time since last: 67413361 ns, Reaching safepoint: 23439 ns, At safepoint: 90529 ns, Total: 113968 ns
[2022-06-28T12:51:52.294+0000][7][gc,marking  ] GC(289) Concurrent Cleanup for Next Mark
[2022-06-28T12:51:52.295+0000][7][gc,marking  ] GC(289) Concurrent Cleanup for Next Mark 0.672ms
[2022-06-28T12:51:52.295+0000][7][gc          ] GC(289) Concurrent Mark Cycle 212.945ms
[2022-06-28T12:53:55.193+0000][7][gc,start    ] GC(290) Pause Young (Normal) (G1 Evacuation Pause)
[2022-06-28T12:53:55.193+0000][7][gc,task     ] GC(290) Using 1 workers of 1 for evacuation
[2022-06-28T12:53:55.193+0000][7][gc,age      ] GC(290) Desired survivor size 8388608 bytes, new threshold 15 (max threshold 15)
[2022-06-28T12:53:55.196+0000][7][gc,phases   ] GC(290)   Pre Evacuate Collection Set: 0.1ms
[2022-06-28T12:53:55.196+0000][7][gc,phases   ] GC(290)   Merge Heap Roots: 0.0ms
[2022-06-28T12:53:55.196+0000][7][gc,phases   ] GC(290)   Evacuate Collection Set: 1.4ms
[2022-06-28T12:53:55.196+0000][7][gc,phases   ] GC(290)   Post Evacuate Collection Set: 0.8ms
[2022-06-28T12:53:55.196+0000][7][gc,phases   ] GC(290)   Other: 0.1ms
[2022-06-28T12:53:55.196+0000][7][gc,age      ] GC(290) Age table with threshold 15 (max threshold 15)
[2022-06-28T12:53:55.196+0000][7][gc,age      ] GC(290) - age   1:       8344 bytes,       8344 total
[2022-06-28T12:53:55.196+0000][7][gc,age      ] GC(290) - age   2:        200 bytes,       8544 total
[2022-06-28T12:53:55.196+0000][7][gc,age      ] GC(290) - age   3:        200 bytes,       8744 total
[2022-06-28T12:53:55.196+0000][7][gc,age      ] GC(290) - age   4:        576 bytes,       9320 total
[2022-06-28T12:53:55.196+0000][7][gc,age      ] GC(290) - age   6:        200 bytes,       9520 total
[2022-06-28T12:53:55.196+0000][7][gc,heap     ] GC(290) Eden regions: 29->0(29)
[2022-06-28T12:53:55.196+0000][7][gc,heap     ] GC(290) Survivor regions: 1->1(4)
[2022-06-28T12:53:55.196+0000][7][gc,heap     ] GC(290) Old regions: 19->19
[2022-06-28T12:53:55.196+0000][7][gc,heap     ] GC(290) Archive regions: 2->2
[2022-06-28T12:53:55.196+0000][7][gc,heap     ] GC(290) Humongous regions: 2->2
[2022-06-28T12:53:55.196+0000][7][gc,metaspace] GC(290) Metaspace: 102536K(106432K)->102536K(106432K) NonClass: 88854K(90944K)->88854K(90944K) Class: 13682K(15488K)->13682K(15488K)
[2022-06-28T12:53:55.196+0000][7][gc          ] GC(290) Pause Young (Normal) (G1 Evacuation Pause) 201M->85M(256M) 2.655ms
[2022-06-28T12:53:55.196+0000][7][gc,cpu      ] GC(290) User=0.00s Sys=0.00s Real=0.01s
[2022-06-28T12:53:55.196+0000][7][safepoint   ] Safepoint "G1CollectForAllocation", Time since last: 122899230004 ns, Reaching safepoint: 154158 ns, At safepoint: 2707301 ns, Total: 2861459 ns
[2022-06-28T12:55:57.300+0000][7][gc,start    ] GC(291) Pause Young (Concurrent Start) (G1 Evacuation Pause)
[2022-06-28T12:55:57.300+0000][7][gc,task     ] GC(291) Using 1 workers of 1 for evacuation
[2022-06-28T12:55:57.300+0000][7][gc,age      ] GC(291) Desired survivor size 8388608 bytes, new threshold 15 (max threshold 15)
[2022-06-28T12:55:57.303+0000][7][gc,phases   ] GC(291)   Pre Evacuate Collection Set: 0.2ms
[2022-06-28T12:55:57.303+0000][7][gc,phases   ] GC(291)   Merge Heap Roots: 0.0ms
[2022-06-28T12:55:57.303+0000][7][gc,phases   ] GC(291)   Evacuate Collection Set: 1.4ms
[2022-06-28T12:55:57.303+0000][7][gc,phases   ] GC(291)   Post Evacuate Collection Set: 0.8ms
[2022-06-28T12:55:57.303+0000][7][gc,phases   ] GC(291)   Other: 0.1ms
[2022-06-28T12:55:57.303+0000][7][gc,age      ] GC(291) Age table with threshold 15 (max threshold 15)
[2022-06-28T12:55:57.303+0000][7][gc,age      ] GC(291) - age   1:       8312 bytes,       8312 total
[2022-06-28T12:55:57.303+0000][7][gc,age      ] GC(291) - age   2:        200 bytes,       8512 total
[2022-06-28T12:55:57.303+0000][7][gc,age      ] GC(291) - age   3:        200 bytes,       8712 total
[2022-06-28T12:55:57.303+0000][7][gc,age      ] GC(291) - age   4:        200 bytes,       8912 total
[2022-06-28T12:55:57.303+0000][7][gc,age      ] GC(291) - age   5:        576 bytes,       9488 total
[2022-06-28T12:55:57.303+0000][7][gc,heap     ] GC(291) Eden regions: 29->0(29)
[2022-06-28T12:55:57.303+0000][7][gc,heap     ] GC(291) Survivor regions: 1->1(4)
[2022-06-28T12:55:57.303+0000][7][gc,heap     ] GC(291) Old regions: 19->19
[2022-06-28T12:55:57.303+0000][7][gc,heap     ] GC(291) Archive regions: 2->2
[2022-06-28T12:55:57.303+0000][7][gc,heap     ] GC(291) Humongous regions: 2->2
[2022-06-28T12:55:57.303+0000][7][gc,metaspace] GC(291) Metaspace: 102536K(106432K)->102536K(106432K) NonClass: 88854K(90944K)->88854K(90944K) Class: 13682K(15488K)->13682K(15488K)
[2022-06-28T12:55:57.303+0000][7][gc          ] GC(291) Pause Young (Concurrent Start) (G1 Evacuation Pause) 201M->85M(256M) 2.730ms
[2022-06-28T12:55:57.303+0000][7][gc,cpu      ] GC(291) User=0.00s Sys=0.00s Real=0.00s
[2022-06-28T12:55:57.303+0000][7][safepoint   ] Safepoint "G1CollectForAllocation", Time since last: 122104091078 ns, Reaching safepoint: 154492 ns, At safepoint: 2778934 ns, Total: 2933426 ns
[2022-06-28T12:55:57.303+0000][7][gc          ] GC(292) Concurrent Mark Cycle
[2022-06-28T12:55:57.303+0000][7][gc,marking  ] GC(292) Concurrent Clear Claimed Marks
[2022-06-28T12:55:57.303+0000][7][gc,marking  ] GC(292) Concurrent Clear Claimed Marks 0.041ms
[2022-06-28T12:55:57.303+0000][7][gc,marking  ] GC(292) Concurrent Scan Root Regions
[2022-06-28T12:55:57.304+0000][7][gc,marking  ] GC(292) Concurrent Scan Root Regions 0.708ms
[2022-06-28T12:55:57.304+0000][7][gc,marking  ] GC(292) Concurrent Mark
[2022-06-28T12:55:57.304+0000][7][gc,marking  ] GC(292) Concurrent Mark From Roots
[2022-06-28T12:55:57.304+0000][7][gc,task     ] GC(292) Using 1 workers of 1 for marking
[2022-06-28T12:55:57.418+0000][7][gc,marking  ] GC(292) Concurrent Mark From Roots 114.101ms
[2022-06-28T12:55:57.418+0000][7][gc,marking  ] GC(292) Concurrent Preclean
[2022-06-28T12:55:57.418+0000][7][gc,marking  ] GC(292) Concurrent Preclean 0.112ms
[2022-06-28T12:55:57.418+0000][7][gc,start    ] GC(292) Pause Remark
[2022-06-28T12:55:57.431+0000][7][gc          ] GC(292) Pause Remark 87M->87M(256M) 12.939ms
[2022-06-28T12:55:57.431+0000][7][gc,cpu      ] GC(292) User=0.01s Sys=0.00s Real=0.01s
[2022-06-28T12:55:57.431+0000][7][safepoint   ] Safepoint "G1Concurrent", Time since last: 115118133 ns, Reaching safepoint: 23218 ns, At safepoint: 13021413 ns, Total: 13044631 ns
[2022-06-28T12:55:57.431+0000][7][gc,marking  ] GC(292) Concurrent Mark 127.361ms
[2022-06-28T12:55:57.431+0000][7][gc,marking  ] GC(292) Concurrent Rebuild Remembered Sets
[2022-06-28T12:55:57.497+0000][7][gc,marking  ] GC(292) Concurrent Rebuild Remembered Sets 65.597ms
[2022-06-28T12:55:57.497+0000][7][gc,start    ] GC(292) Pause Cleanup
[2022-06-28T12:55:57.497+0000][7][gc          ] GC(292) Pause Cleanup 87M->87M(256M) 0.048ms
[2022-06-28T12:55:57.497+0000][7][gc,cpu      ] GC(292) User=0.00s Sys=0.00s Real=0.00s
[2022-06-28T12:55:57.497+0000][7][safepoint   ] Safepoint "G1Concurrent", Time since last: 65690033 ns, Reaching safepoint: 23280 ns, At safepoint: 84109 ns, Total: 107389 ns
[2022-06-28T12:55:57.497+0000][7][gc,marking  ] GC(292) Concurrent Cleanup for Next Mark
[2022-06-28T12:55:57.498+0000][7][gc,marking  ] GC(292) Concurrent Cleanup for Next Mark 0.652ms
[2022-06-28T12:55:57.498+0000][7][gc          ] GC(292) Concurrent Mark Cycle 194.622ms
[2022-06-28T12:58:02.407+0000][7][gc,start    ] GC(293) Pause Young (Normal) (G1 Evacuation Pause)
[2022-06-28T12:58:02.407+0000][7][gc,task     ] GC(293) Using 1 workers of 1 for evacuation
[2022-06-28T12:58:02.407+0000][7][gc,age      ] GC(293) Desired survivor size 8388608 bytes, new threshold 15 (max threshold 15)
[2022-06-28T12:58:02.409+0000][7][gc,phases   ] GC(293)   Pre Evacuate Collection Set: 0.0ms
[2022-06-28T12:58:02.409+0000][7][gc,phases   ] GC(293)   Merge Heap Roots: 0.0ms
[2022-06-28T12:58:02.409+0000][7][gc,phases   ] GC(293)   Evacuate Collection Set: 1.5ms
[2022-06-28T12:58:02.409+0000][7][gc,phases   ] GC(293)   Post Evacuate Collection Set: 0.9ms
[2022-06-28T12:58:02.409+0000][7][gc,phases   ] GC(293)   Other: 0.1ms
[2022-06-28T12:58:02.409+0000][7][gc,age      ] GC(293) Age table with threshold 15 (max threshold 15)
[2022-06-28T12:58:02.409+0000][7][gc,age      ] GC(293) - age   1:      20976 bytes,      20976 total
[2022-06-28T12:58:02.409+0000][7][gc,age      ] GC(293) - age   2:        200 bytes,      21176 total
[2022-06-28T12:58:02.409+0000][7][gc,age      ] GC(293) - age   3:        200 bytes,      21376 total
[2022-06-28T12:58:02.409+0000][7][gc,age      ] GC(293) - age   5:        200 bytes,      21576 total
[2022-06-28T12:58:02.409+0000][7][gc,heap     ] GC(293) Eden regions: 29->0(29)
[2022-06-28T12:58:02.409+0000][7][gc,heap     ] GC(293) Survivor regions: 1->1(4)
[2022-06-28T12:58:02.409+0000][7][gc,heap     ] GC(293) Old regions: 19->19
[2022-06-28T12:58:02.409+0000][7][gc,heap     ] GC(293) Archive regions: 2->2
[2022-06-28T12:58:02.409+0000][7][gc,heap     ] GC(293) Humongous regions: 2->2
[2022-06-28T12:58:02.409+0000][7][gc,metaspace] GC(293) Metaspace: 102537K(106432K)->102537K(106432K) NonClass: 88855K(90944K)->88855K(90944K) Class: 13682K(15488K)->13682K(15488K)
[2022-06-28T12:58:02.409+0000][7][gc          ] GC(293) Pause Young (Normal) (G1 Evacuation Pause) 201M->85M(256M) 2.720ms
[2022-06-28T12:58:02.409+0000][7][gc,cpu      ] GC(293) User=0.00s Sys=0.00s Real=0.00s
[2022-06-28T12:58:02.409+0000][7][safepoint   ] Safepoint "G1CollectForAllocation", Time since last: 124909475248 ns, Reaching safepoint: 24467 ns, At safepoint: 2790637 ns, Total: 2815104 ns
[2022-06-28T13:00:07.516+0000][7][gc,start    ] GC(294) Pause Young (Concurrent Start) (G1 Evacuation Pause)
[2022-06-28T13:00:07.516+0000][7][gc,task     ] GC(294) Using 1 workers of 1 for evacuation
[2022-06-28T13:00:07.516+0000][7][gc,age      ] GC(294) Desired survivor size 8388608 bytes, new threshold 15 (max threshold 15)
[2022-06-28T13:00:07.518+0000][7][gc,phases   ] GC(294)   Pre Evacuate Collection Set: 0.2ms
[2022-06-28T13:00:07.518+0000][7][gc,phases   ] GC(294)   Merge Heap Roots: 0.0ms
[2022-06-28T13:00:07.518+0000][7][gc,phases   ] GC(294)   Evacuate Collection Set: 1.4ms
[2022-06-28T13:00:07.518+0000][7][gc,phases   ] GC(294)   Post Evacuate Collection Set: 0.8ms
[2022-06-28T13:00:07.518+0000][7][gc,phases   ] GC(294)   Other: 0.1ms
[2022-06-28T13:00:07.518+0000][7][gc,age      ] GC(294) Age table with threshold 15 (max threshold 15)
[2022-06-28T13:00:07.518+0000][7][gc,age      ] GC(294) - age   1:       9736 bytes,       9736 total
[2022-06-28T13:00:07.518+0000][7][gc,age      ] GC(294) - age   2:      10256 bytes,      19992 total
[2022-06-28T13:00:07.518+0000][7][gc,age      ] GC(294) - age   3:        200 bytes,      20192 total
[2022-06-28T13:00:07.518+0000][7][gc,age      ] GC(294) - age   4:        200 bytes,      20392 total
[2022-06-28T13:00:07.518+0000][7][gc,age      ] GC(294) - age   6:        200 bytes,      20592 total
[2022-06-28T13:00:07.518+0000][7][gc,heap     ] GC(294) Eden regions: 29->0(29)
[2022-06-28T13:00:07.518+0000][7][gc,heap     ] GC(294) Survivor regions: 1->1(4)
[2022-06-28T13:00:07.518+0000][7][gc,heap     ] GC(294) Old regions: 19->19
[2022-06-28T13:00:07.518+0000][7][gc,heap     ] GC(294) Archive regions: 2->2
[2022-06-28T13:00:07.518+0000][7][gc,heap     ] GC(294) Humongous regions: 2->2
[2022-06-28T13:00:07.518+0000][7][gc,metaspace] GC(294) Metaspace: 102537K(106432K)->102537K(106432K) NonClass: 88855K(90944K)->88855K(90944K) Class: 13682K(15488K)->13682K(15488K)
[2022-06-28T13:00:07.518+0000][7][gc          ] GC(294) Pause Young (Concurrent Start) (G1 Evacuation Pause) 201M->85M(256M) 2.734ms
[2022-06-28T13:00:07.518+0000][7][gc,cpu      ] GC(294) User=0.00s Sys=0.00s Real=0.00s
[2022-06-28T13:00:07.518+0000][7][safepoint   ] Safepoint "G1CollectForAllocation", Time since last: 125106375722 ns, Reaching safepoint: 25982 ns, At safepoint: 2782231 ns, Total: 2808213 ns
[2022-06-28T13:00:07.518+0000][7][gc          ] GC(295) Concurrent Mark Cycle
[2022-06-28T13:00:07.519+0000][7][gc,marking  ] GC(295) Concurrent Clear Claimed Marks
[2022-06-28T13:00:07.519+0000][7][gc,marking  ] GC(295) Concurrent Clear Claimed Marks 0.038ms
[2022-06-28T13:00:07.519+0000][7][gc,marking  ] GC(295) Concurrent Scan Root Regions
[2022-06-28T13:00:07.519+0000][7][gc,marking  ] GC(295) Concurrent Scan Root Regions 0.700ms
[2022-06-28T13:00:07.519+0000][7][gc,marking  ] GC(295) Concurrent Mark
[2022-06-28T13:00:07.519+0000][7][gc,marking  ] GC(295) Concurrent Mark From Roots
[2022-06-28T13:00:07.519+0000][7][gc,task     ] GC(295) Using 1 workers of 1 for marking
[2022-06-28T13:00:07.637+0000][7][gc,marking  ] GC(295) Concurrent Mark From Roots 118.168ms
[2022-06-28T13:00:07.637+0000][7][gc,marking  ] GC(295) Concurrent Preclean
[2022-06-28T13:00:07.638+0000][7][gc,marking  ] GC(295) Concurrent Preclean 0.119ms
[2022-06-28T13:00:07.638+0000][7][gc,start    ] GC(295) Pause Remark
[2022-06-28T13:00:07.651+0000][7][gc          ] GC(295) Pause Remark 87M->87M(256M) 13.122ms
[2022-06-28T13:00:07.651+0000][7][gc,cpu      ] GC(295) User=0.01s Sys=0.00s Real=0.01s
[2022-06-28T13:00:07.651+0000][7][safepoint   ] Safepoint "G1Concurrent", Time since last: 119196745 ns, Reaching safepoint: 25518 ns, At safepoint: 13189160 ns, Total: 13214678 ns
[2022-06-28T13:00:07.651+0000][7][gc,marking  ] GC(295) Concurrent Mark 131.606ms
[2022-06-28T13:00:07.651+0000][7][gc,marking  ] GC(295) Concurrent Rebuild Remembered Sets
[2022-06-28T13:00:07.717+0000][7][gc,marking  ] GC(295) Concurrent Rebuild Remembered Sets 66.215ms
[2022-06-28T13:00:07.717+0000][7][gc,start    ] GC(295) Pause Cleanup
[2022-06-28T13:00:07.717+0000][7][gc          ] GC(295) Pause Cleanup 87M->87M(256M) 0.048ms
[2022-06-28T13:00:07.717+0000][7][gc,cpu      ] GC(295) User=0.00s Sys=0.00s Real=0.00s
[2022-06-28T13:00:07.717+0000][7][safepoint   ] Safepoint "G1Concurrent", Time since last: 66304710 ns, Reaching safepoint: 21361 ns, At safepoint: 83178 ns, Total: 104539 ns
[2022-06-28T13:00:07.717+0000][7][gc,marking  ] GC(295) Concurrent Cleanup for Next Mark
[2022-06-28T13:00:07.718+0000][7][gc,marking  ] GC(295) Concurrent Cleanup for Next Mark 0.663ms
[2022-06-28T13:00:07.718+0000][7][gc          ] GC(295) Concurrent Mark Cycle 199.467ms
[2022-06-28T13:02:12.630+0000][7][gc,start    ] GC(296) Pause Young (Normal) (G1 Evacuation Pause)
[2022-06-28T13:02:12.630+0000][7][gc,task     ] GC(296) Using 1 workers of 1 for evacuation
[2022-06-28T13:02:12.630+0000][7][gc,age      ] GC(296) Desired survivor size 8388608 bytes, new threshold 15 (max threshold 15)
[2022-06-28T13:02:12.632+0000][7][gc,phases   ] GC(296)   Pre Evacuate Collection Set: 0.0ms
[2022-06-28T13:02:12.632+0000][7][gc,phases   ] GC(296)   Merge Heap Roots: 0.1ms
[2022-06-28T13:02:12.632+0000][7][gc,phases   ] GC(296)   Evacuate Collection Set: 1.5ms
[2022-06-28T13:02:12.632+0000][7][gc,phases   ] GC(296)   Post Evacuate Collection Set: 1.0ms
[2022-06-28T13:02:12.632+0000][7][gc,phases   ] GC(296)   Other: 0.1ms
[2022-06-28T13:02:12.632+0000][7][gc,age      ] GC(296) Age table with threshold 15 (max threshold 15)
[2022-06-28T13:02:12.632+0000][7][gc,age      ] GC(296) - age   1:       8480 bytes,       8480 total
[2022-06-28T13:02:12.632+0000][7][gc,age      ] GC(296) - age   2:        200 bytes,       8680 total
[2022-06-28T13:02:12.632+0000][7][gc,age      ] GC(296) - age   3:       1800 bytes,      10480 total
[2022-06-28T13:02:12.632+0000][7][gc,age      ] GC(296) - age   4:        200 bytes,      10680 total
[2022-06-28T13:02:12.632+0000][7][gc,age      ] GC(296) - age   7:        200 bytes,      10880 total
[2022-06-28T13:02:12.632+0000][7][gc,heap     ] GC(296) Eden regions: 29->0(29)
[2022-06-28T13:02:12.632+0000][7][gc,heap     ] GC(296) Survivor regions: 1->1(4)
[2022-06-28T13:02:12.632+0000][7][gc,heap     ] GC(296) Old regions: 19->19
[2022-06-28T13:02:12.632+0000][7][gc,heap     ] GC(296) Archive regions: 2->2
[2022-06-28T13:02:12.632+0000][7][gc,heap     ] GC(296) Humongous regions: 2->2
[2022-06-28T13:02:12.632+0000][7][gc,metaspace] GC(296) Metaspace: 102537K(106432K)->102537K(106432K) NonClass: 88855K(90944K)->88855K(90944K) Class: 13682K(15488K)->13682K(15488K)
[2022-06-28T13:02:12.632+0000][7][gc          ] GC(296) Pause Young (Normal) (G1 Evacuation Pause) 201M->85M(256M) 2.857ms
[2022-06-28T13:02:12.632+0000][7][gc,cpu      ] GC(296) User=0.00s Sys=0.00s Real=0.00s
[2022-06-28T13:02:12.632+0000][7][safepoint   ] Safepoint "G1CollectForAllocation", Time since last: 124912284904 ns, Reaching safepoint: 25485 ns, At safepoint: 2902509 ns, Total: 2927994 ns
[2022-06-28T13:04:17.742+0000][7][gc,start    ] GC(297) Pause Young (Concurrent Start) (G1 Evacuation Pause)
[2022-06-28T13:04:17.742+0000][7][gc,task     ] GC(297) Using 1 workers of 1 for evacuation
[2022-06-28T13:04:17.742+0000][7][gc,age      ] GC(297) Desired survivor size 8388608 bytes, new threshold 15 (max threshold 15)
[2022-06-28T13:04:17.744+0000][7][gc,phases   ] GC(297)   Pre Evacuate Collection Set: 0.2ms
[2022-06-28T13:04:17.745+0000][7][gc,phases   ] GC(297)   Merge Heap Roots: 0.0ms
[2022-06-28T13:04:17.745+0000][7][gc,phases   ] GC(297)   Evacuate Collection Set: 1.4ms
[2022-06-28T13:04:17.745+0000][7][gc,phases   ] GC(297)   Post Evacuate Collection Set: 0.9ms
[2022-06-28T13:04:17.745+0000][7][gc,phases   ] GC(297)   Other: 0.1ms
[2022-06-28T13:04:17.745+0000][7][gc,age      ] GC(297) Age table with threshold 15 (max threshold 15)
[2022-06-28T13:04:17.745+0000][7][gc,age      ] GC(297) - age   1:      10368 bytes,      10368 total
[2022-06-28T13:04:17.745+0000][7][gc,age      ] GC(297) - age   2:        200 bytes,      10568 total
[2022-06-28T13:04:17.745+0000][7][gc,age      ] GC(297) - age   3:        200 bytes,      10768 total
[2022-06-28T13:04:17.745+0000][7][gc,age      ] GC(297) - age   4:       1800 bytes,      12568 total
[2022-06-28T13:04:17.745+0000][7][gc,age      ] GC(297) - age   8:        200 bytes,      12768 total
[2022-06-28T13:04:17.745+0000][7][gc,heap     ] GC(297) Eden regions: 29->0(29)
[2022-06-28T13:04:17.745+0000][7][gc,heap     ] GC(297) Survivor regions: 1->1(4)
[2022-06-28T13:04:17.745+0000][7][gc,heap     ] GC(297) Old regions: 19->19
[2022-06-28T13:04:17.745+0000][7][gc,heap     ] GC(297) Archive regions: 2->2
[2022-06-28T13:04:17.745+0000][7][gc,heap     ] GC(297) Humongous regions: 2->2
[2022-06-28T13:04:17.745+0000][7][gc,metaspace] GC(297) Metaspace: 102537K(106432K)->102537K(106432K) NonClass: 88855K(90944K)->88855K(90944K) Class: 13682K(15488K)->13682K(15488K)
[2022-06-28T13:04:17.745+0000][7][gc          ] GC(297) Pause Young (Concurrent Start) (G1 Evacuation Pause) 201M->85M(256M) 2.767ms
[2022-06-28T13:04:17.745+0000][7][gc,cpu      ] GC(297) User=0.01s Sys=0.00s Real=0.00s
[2022-06-28T13:04:17.745+0000][7][safepoint   ] Safepoint "G1CollectForAllocation", Time since last: 125109338592 ns, Reaching safepoint: 25284 ns, At safepoint: 2825662 ns, Total: 2850946 ns
[2022-06-28T13:04:17.745+0000][7][gc          ] GC(298) Concurrent Mark Cycle
[2022-06-28T13:04:17.745+0000][7][gc,marking  ] GC(298) Concurrent Clear Claimed Marks
[2022-06-28T13:04:17.745+0000][7][gc,marking  ] GC(298) Concurrent Clear Claimed Marks 0.040ms
[2022-06-28T13:04:17.745+0000][7][gc,marking  ] GC(298) Concurrent Scan Root Regions
[2022-06-28T13:04:17.745+0000][7][gc,marking  ] GC(298) Concurrent Scan Root Regions 0.685ms
[2022-06-28T13:04:17.745+0000][7][gc,marking  ] GC(298) Concurrent Mark
[2022-06-28T13:04:17.745+0000][7][gc,marking  ] GC(298) Concurrent Mark From Roots
[2022-06-28T13:04:17.745+0000][7][gc,task     ] GC(298) Using 1 workers of 1 for marking
[2022-06-28T13:04:17.861+0000][7][gc,marking  ] GC(298) Concurrent Mark From Roots 115.187ms
[2022-06-28T13:04:17.861+0000][7][gc,marking  ] GC(298) Concurrent Preclean
[2022-06-28T13:04:17.861+0000][7][gc,marking  ] GC(298) Concurrent Preclean 0.120ms
[2022-06-28T13:04:17.861+0000][7][gc,start    ] GC(298) Pause Remark
[2022-06-28T13:04:17.874+0000][7][gc          ] GC(298) Pause Remark 87M->87M(256M) 13.449ms
[2022-06-28T13:04:17.874+0000][7][gc,cpu      ] GC(298) User=0.01s Sys=0.00s Real=0.01s
[2022-06-28T13:04:17.874+0000][7][safepoint   ] Safepoint "G1Concurrent", Time since last: 116218191 ns, Reaching safepoint: 23248 ns, At safepoint: 13569917 ns, Total: 13593165 ns
[2022-06-28T13:04:17.874+0000][7][gc,marking  ] GC(298) Concurrent Mark 129.028ms
[2022-06-28T13:04:17.875+0000][7][gc,marking  ] GC(298) Concurrent Rebuild Remembered Sets
[2022-06-28T13:04:17.940+0000][7][gc,marking  ] GC(298) Concurrent Rebuild Remembered Sets 65.396ms
[2022-06-28T13:04:17.940+0000][7][gc,start    ] GC(298) Pause Cleanup
[2022-06-28T13:04:17.940+0000][7][gc          ] GC(298) Pause Cleanup 87M->87M(256M) 0.049ms
[2022-06-28T13:04:17.940+0000][7][gc,cpu      ] GC(298) User=0.00s Sys=0.00s Real=0.00s
[2022-06-28T13:04:17.940+0000][7][safepoint   ] Safepoint "G1Concurrent", Time since last: 65488984 ns, Reaching safepoint: 29805 ns, At safepoint: 84170 ns, Total: 113975 ns
[2022-06-28T13:04:17.940+0000][7][gc,marking  ] GC(298) Concurrent Cleanup for Next Mark
[2022-06-28T13:04:17.941+0000][7][gc,marking  ] GC(298) Concurrent Cleanup for Next Mark 0.649ms
[2022-06-28T13:04:17.941+0000][7][gc          ] GC(298) Concurrent Mark Cycle 196.050ms
[2022-06-28T13:05:21.471+0000][7][gc,heap,exit] Heap
[2022-06-28T13:05:21.471+0000][7][gc,heap,exit]  garbage-first heap   total 262144K, used 156233K [0x00000000f0000000, 0x0000000100000000)
[2022-06-28T13:05:21.471+0000][7][gc,heap,exit]   region size 4096K, 18 young (73728K), 1 survivors (4096K)
[2022-06-28T13:05:21.471+0000][7][gc,heap,exit]  Metaspace       used 102704K, committed 106432K, reserved 1179648K
[2022-06-28T13:05:21.471+0000][7][gc,heap,exit]   class space    used 13721K, committed 15488K, reserved 1048576K
