[2022-06-28T06:31:58.291+0000][6][gc,init] CardTable entry size: 512
[2022-06-28T06:31:58.300+0000][6][gc     ] Using G1
[2022-06-28T06:31:58.587+0000][6][gc,init] Version: 18.0.1.1+2-6 (release)
[2022-06-28T06:31:58.587+0000][6][gc,init] CPUs: 1 total, 1 available
[2022-06-28T06:31:58.587+0000][6][gc,init] Memory: 1974M
[2022-06-28T06:31:58.587+0000][6][gc,init] Large Page Support: Disabled
[2022-06-28T06:31:58.587+0000][6][gc,init] NUMA Support: Disabled
[2022-06-28T06:31:58.587+0000][6][gc,init] Compressed Oops: Enabled (32-bit)
[2022-06-28T06:31:58.587+0000][6][gc,init] Heap Region Size: 4M
[2022-06-28T06:31:58.587+0000][6][gc,init] Heap Min Capacity: 256M
[2022-06-28T06:31:58.587+0000][6][gc,init] Heap Initial Capacity: 256M
[2022-06-28T06:31:58.587+0000][6][gc,init] Heap Max Capacity: 256M
[2022-06-28T06:31:58.587+0000][6][gc,init] Pre-touch: Enabled
[2022-06-28T06:31:58.587+0000][6][gc,init] Parallel Workers: 1
[2022-06-28T06:31:58.587+0000][6][gc,init] Concurrent Workers: 1
[2022-06-28T06:31:58.587+0000][6][gc,init] Concurrent Refinement Workers: 1
[2022-06-28T06:31:58.587+0000][6][gc,init] Periodic GC: Disabled
[2022-06-28T06:31:58.587+0000][6][gc,metaspace] CDS archive(s) mapped at: [0x0000000800000000-0x0000000800baf000-0x0000000800baf000), size 12251136, SharedBaseAddress: 0x0000000800000000, ArchiveRelocationMode: 0.
[2022-06-28T06:31:58.587+0000][6][gc,metaspace] Compressed class space mapped at: 0x0000000800c00000-0x0000000840c00000, reserved size: 1073741824
[2022-06-28T06:31:58.587+0000][6][gc,metaspace] Narrow klass base: 0x0000000800000000, Narrow klass shift: 0, Narrow klass range: 0x100000000
[2022-06-28T06:31:59.686+0000][6][safepoint   ] Safepoint "Cleanup", Time since last: 1084546993 ns, Reaching safepoint: 37208 ns, At safepoint: 3342 ns, Total: 40550 ns
[2022-06-28T06:32:00.389+0000][6][gc,start    ] GC(0) Pause Young (Normal) (G1 Evacuation Pause)
[2022-06-28T06:32:00.389+0000][6][gc,task     ] GC(0) Using 1 workers of 1 for evacuation
[2022-06-28T06:32:00.389+0000][6][gc,age      ] GC(0) Desired survivor size 2097152 bytes, new threshold 15 (max threshold 15)
[2022-06-28T06:32:00.397+0000][6][gc,phases   ] GC(0)   Pre Evacuate Collection Set: 0.0ms
[2022-06-28T06:32:00.397+0000][6][gc,phases   ] GC(0)   Merge Heap Roots: 0.0ms
[2022-06-28T06:32:00.397+0000][6][gc,phases   ] GC(0)   Evacuate Collection Set: 8.1ms
[2022-06-28T06:32:00.397+0000][6][gc,phases   ] GC(0)   Post Evacuate Collection Set: 0.3ms
[2022-06-28T06:32:00.397+0000][6][gc,phases   ] GC(0)   Other: 0.1ms
[2022-06-28T06:32:00.397+0000][6][gc,age      ] GC(0) Age table with threshold 15 (max threshold 15)
[2022-06-28T06:32:00.397+0000][6][gc,age      ] GC(0) - age   1:    3168480 bytes,    3168480 total
[2022-06-28T06:32:00.397+0000][6][gc,heap     ] GC(0) Eden regions: 3->0(2)
[2022-06-28T06:32:00.397+0000][6][gc,heap     ] GC(0) Survivor regions: 0->1(1)
[2022-06-28T06:32:00.397+0000][6][gc,heap     ] GC(0) Old regions: 0->0
[2022-06-28T06:32:00.397+0000][6][gc,heap     ] GC(0) Archive regions: 2->2
[2022-06-28T06:32:00.397+0000][6][gc,heap     ] GC(0) Humongous regions: 0->0
[2022-06-28T06:32:00.397+0000][6][gc,metaspace] GC(0) Metaspace: 4746K(4864K)->4746K(4864K) NonClass: 4268K(4352K)->4268K(4352K) Class: 478K(512K)->478K(512K)
[2022-06-28T06:32:00.397+0000][6][gc          ] GC(0) Pause Young (Normal) (G1 Evacuation Pause) 15M->6M(256M) 8.704ms
[2022-06-28T06:32:00.397+0000][6][gc,cpu      ] GC(0) User=0.01s Sys=0.00s Real=0.01s
[2022-06-28T06:32:00.397+0000][6][safepoint   ] Safepoint "G1CollectForAllocation", Time since last: 702741477 ns, Reaching safepoint: 71648 ns, At safepoint: 8744262 ns, Total: 8815910 ns
[2022-06-28T06:32:01.447+0000][6][safepoint   ] Safepoint "Cleanup", Time since last: 1049146018 ns, Reaching safepoint: 64077 ns, At safepoint: 3706 ns, Total: 67783 ns
[2022-06-28T06:32:01.640+0000][6][gc,start    ] GC(1) Pause Young (Normal) (G1 Evacuation Pause)
[2022-06-28T06:32:01.640+0000][6][gc,task     ] GC(1) Using 1 workers of 1 for evacuation
[2022-06-28T06:32:01.640+0000][6][gc,age      ] GC(1) Desired survivor size 2097152 bytes, new threshold 1 (max threshold 15)
[2022-06-28T06:32:01.663+0000][6][gc,phases   ] GC(1)   Pre Evacuate Collection Set: 4.9ms
[2022-06-28T06:32:01.663+0000][6][gc,phases   ] GC(1)   Merge Heap Roots: 0.0ms
[2022-06-28T06:32:01.663+0000][6][gc,phases   ] GC(1)   Evacuate Collection Set: 18.1ms
[2022-06-28T06:32:01.663+0000][6][gc,phases   ] GC(1)   Post Evacuate Collection Set: 0.5ms
[2022-06-28T06:32:01.663+0000][6][gc,phases   ] GC(1)   Other: 0.1ms
[2022-06-28T06:32:01.663+0000][6][gc,age      ] GC(1) Age table with threshold 1 (max threshold 15)
[2022-06-28T06:32:01.663+0000][6][gc,age      ] GC(1) - age   1:    1069208 bytes,    1069208 total
[2022-06-28T06:32:01.663+0000][6][gc,heap     ] GC(1) Eden regions: 2->0(2)
[2022-06-28T06:32:01.663+0000][6][gc,heap     ] GC(1) Survivor regions: 1->1(1)
[2022-06-28T06:32:01.663+0000][6][gc,heap     ] GC(1) Old regions: 0->1
[2022-06-28T06:32:01.663+0000][6][gc,heap     ] GC(1) Archive regions: 2->2
[2022-06-28T06:32:01.663+0000][6][gc,heap     ] GC(1) Humongous regions: 0->0
[2022-06-28T06:32:01.664+0000][6][gc,metaspace] GC(1) Metaspace: 8160K(8384K)->8160K(8384K) NonClass: 7268K(7424K)->7268K(7424K) Class: 892K(960K)->892K(960K)
[2022-06-28T06:32:01.664+0000][6][gc          ] GC(1) Pause Young (Normal) (G1 Evacuation Pause) 14M->8M(256M) 23.803ms
[2022-06-28T06:32:01.664+0000][6][gc,cpu      ] GC(1) User=0.01s Sys=0.00s Real=0.02s
[2022-06-28T06:32:01.664+0000][6][safepoint   ] Safepoint "G1CollectForAllocation", Time since last: 193016217 ns, Reaching safepoint: 33472 ns, At safepoint: 23846042 ns, Total: 23879514 ns
[2022-06-28T06:32:02.191+0000][6][gc,start    ] GC(2) Pause Young (Normal) (G1 Evacuation Pause)
[2022-06-28T06:32:02.191+0000][6][gc,task     ] GC(2) Using 1 workers of 1 for evacuation
[2022-06-28T06:32:02.191+0000][6][gc,age      ] GC(2) Desired survivor size 2097152 bytes, new threshold 15 (max threshold 15)
[2022-06-28T06:32:02.207+0000][6][gc,phases   ] GC(2)   Pre Evacuate Collection Set: 0.0ms
[2022-06-28T06:32:02.207+0000][6][gc,phases   ] GC(2)   Merge Heap Roots: 0.0ms
[2022-06-28T06:32:02.207+0000][6][gc,phases   ] GC(2)   Evacuate Collection Set: 16.0ms
[2022-06-28T06:32:02.207+0000][6][gc,phases   ] GC(2)   Post Evacuate Collection Set: 0.4ms
[2022-06-28T06:32:02.207+0000][6][gc,phases   ] GC(2)   Other: 0.1ms
[2022-06-28T06:32:02.207+0000][6][gc,age      ] GC(2) Age table with threshold 15 (max threshold 15)
[2022-06-28T06:32:02.207+0000][6][gc,age      ] GC(2) - age   1:     546120 bytes,     546120 total
[2022-06-28T06:32:02.207+0000][6][gc,age      ] GC(2) - age   2:    1044344 bytes,    1590464 total
[2022-06-28T06:32:02.207+0000][6][gc,heap     ] GC(2) Eden regions: 2->0(2)
[2022-06-28T06:32:02.207+0000][6][gc,heap     ] GC(2) Survivor regions: 1->1(1)
[2022-06-28T06:32:02.207+0000][6][gc,heap     ] GC(2) Old regions: 1->1
[2022-06-28T06:32:02.207+0000][6][gc,heap     ] GC(2) Archive regions: 2->2
[2022-06-28T06:32:02.207+0000][6][gc,heap     ] GC(2) Humongous regions: 0->0
[2022-06-28T06:32:02.207+0000][6][gc,metaspace] GC(2) Metaspace: 9726K(9920K)->9726K(9920K) NonClass: 8577K(8640K)->8577K(8640K) Class: 1148K(1280K)->1148K(1280K)
[2022-06-28T06:32:02.207+0000][6][gc          ] GC(2) Pause Young (Normal) (G1 Evacuation Pause) 16M->8M(256M) 16.713ms
[2022-06-28T06:32:02.207+0000][6][gc,cpu      ] GC(2) User=0.01s Sys=0.00s Real=0.02s
[2022-06-28T06:32:02.207+0000][6][safepoint   ] Safepoint "G1CollectForAllocation", Time since last: 526951586 ns, Reaching safepoint: 49588 ns, At safepoint: 16757187 ns, Total: 16806775 ns
[2022-06-28T06:32:03.007+0000][6][gc,start    ] GC(3) Pause Young (Normal) (G1 Evacuation Pause)
[2022-06-28T06:32:03.007+0000][6][gc,task     ] GC(3) Using 1 workers of 1 for evacuation
[2022-06-28T06:32:03.007+0000][6][gc,age      ] GC(3) Desired survivor size 2097152 bytes, new threshold 15 (max threshold 15)
[2022-06-28T06:32:03.024+0000][6][gc,phases   ] GC(3)   Pre Evacuate Collection Set: 0.0ms
[2022-06-28T06:32:03.024+0000][6][gc,phases   ] GC(3)   Merge Heap Roots: 0.0ms
[2022-06-28T06:32:03.024+0000][6][gc,phases   ] GC(3)   Evacuate Collection Set: 11.3ms
[2022-06-28T06:32:03.024+0000][6][gc,phases   ] GC(3)   Post Evacuate Collection Set: 6.1ms
[2022-06-28T06:32:03.024+0000][6][gc,phases   ] GC(3)   Other: 0.1ms
[2022-06-28T06:32:03.024+0000][6][gc,age      ] GC(3) Age table with threshold 15 (max threshold 15)
[2022-06-28T06:32:03.024+0000][6][gc,age      ] GC(3) - age   1:    1051816 bytes,    1051816 total
[2022-06-28T06:32:03.024+0000][6][gc,age      ] GC(3) - age   2:     537336 bytes,    1589152 total
[2022-06-28T06:32:03.024+0000][6][gc,age      ] GC(3) - age   3:    1042968 bytes,    2632120 total
[2022-06-28T06:32:03.024+0000][6][gc,heap     ] GC(3) Eden regions: 2->0(3)
[2022-06-28T06:32:03.024+0000][6][gc,heap     ] GC(3) Survivor regions: 1->1(1)
[2022-06-28T06:32:03.024+0000][6][gc,heap     ] GC(3) Old regions: 1->1
[2022-06-28T06:32:03.024+0000][6][gc,heap     ] GC(3) Archive regions: 2->2
[2022-06-28T06:32:03.024+0000][6][gc,heap     ] GC(3) Humongous regions: 0->0
[2022-06-28T06:32:03.024+0000][6][gc,metaspace] GC(3) Metaspace: 11271K(11584K)->11271K(11584K) NonClass: 9924K(10112K)->9924K(10112K) Class: 1346K(1472K)->1346K(1472K)
[2022-06-28T06:32:03.024+0000][6][gc          ] GC(3) Pause Young (Normal) (G1 Evacuation Pause) 16M->9M(256M) 17.702ms
[2022-06-28T06:32:03.024+0000][6][gc,cpu      ] GC(3) User=0.01s Sys=0.00s Real=0.01s
[2022-06-28T06:32:03.024+0000][6][safepoint   ] Safepoint "G1CollectForAllocation", Time since last: 799193512 ns, Reaching safepoint: 83070 ns, At safepoint: 17749609 ns, Total: 17832679 ns
[2022-06-28T06:32:04.067+0000][6][gc,start    ] GC(4) Pause Young (Normal) (G1 Evacuation Pause)
[2022-06-28T06:32:04.067+0000][6][gc,task     ] GC(4) Using 1 workers of 1 for evacuation
[2022-06-28T06:32:04.067+0000][6][gc,age      ] GC(4) Desired survivor size 2097152 bytes, new threshold 3 (max threshold 15)
[2022-06-28T06:32:04.083+0000][6][gc,phases   ] GC(4)   Pre Evacuate Collection Set: 0.0ms
[2022-06-28T06:32:04.083+0000][6][gc,phases   ] GC(4)   Merge Heap Roots: 0.1ms
[2022-06-28T06:32:04.083+0000][6][gc,phases   ] GC(4)   Evacuate Collection Set: 15.7ms
[2022-06-28T06:32:04.083+0000][6][gc,phases   ] GC(4)   Post Evacuate Collection Set: 0.4ms
[2022-06-28T06:32:04.083+0000][6][gc,phases   ] GC(4)   Other: 0.1ms
[2022-06-28T06:32:04.083+0000][6][gc,age      ] GC(4) Age table with threshold 3 (max threshold 15)
[2022-06-28T06:32:04.083+0000][6][gc,age      ] GC(4) - age   1:    1596784 bytes,    1596784 total
[2022-06-28T06:32:04.083+0000][6][gc,age      ] GC(4) - age   2:     972376 bytes,    2569160 total
[2022-06-28T06:32:04.083+0000][6][gc,age      ] GC(4) - age   3:     523448 bytes,    3092608 total
[2022-06-28T06:32:04.083+0000][6][gc,heap     ] GC(4) Eden regions: 3->0(4)
[2022-06-28T06:32:04.083+0000][6][gc,heap     ] GC(4) Survivor regions: 1->1(1)
[2022-06-28T06:32:04.083+0000][6][gc,heap     ] GC(4) Old regions: 1->1
[2022-06-28T06:32:04.083+0000][6][gc,heap     ] GC(4) Archive regions: 2->2
[2022-06-28T06:32:04.083+0000][6][gc,heap     ] GC(4) Humongous regions: 0->0
[2022-06-28T06:32:04.083+0000][6][gc,metaspace] GC(4) Metaspace: 13334K(13632K)->13334K(13632K) NonClass: 11768K(11968K)->11768K(11968K) Class: 1566K(1664K)->1566K(1664K)
[2022-06-28T06:32:04.083+0000][6][gc          ] GC(4) Pause Young (Normal) (G1 Evacuation Pause) 21M->11M(256M) 16.478ms
[2022-06-28T06:32:04.083+0000][6][gc,cpu      ] GC(4) User=0.01s Sys=0.00s Real=0.01s
[2022-06-28T06:32:04.083+0000][6][safepoint   ] Safepoint "G1CollectForAllocation", Time since last: 1042162712 ns, Reaching safepoint: 127980 ns, At safepoint: 16525169 ns, Total: 16653149 ns
[2022-06-28T06:32:05.084+0000][6][safepoint   ] Safepoint "Cleanup", Time since last: 1000810984 ns, Reaching safepoint: 176328 ns, At safepoint: 6160 ns, Total: 182488 ns
[2022-06-28T06:32:05.174+0000][6][gc,start    ] GC(5) Pause Young (Normal) (G1 Evacuation Pause)
[2022-06-28T06:32:05.174+0000][6][gc,task     ] GC(5) Using 1 workers of 1 for evacuation
[2022-06-28T06:32:05.174+0000][6][gc,age      ] GC(5) Desired survivor size 2097152 bytes, new threshold 2 (max threshold 15)
[2022-06-28T06:32:05.187+0000][6][gc,phases   ] GC(5)   Pre Evacuate Collection Set: 0.0ms
[2022-06-28T06:32:05.187+0000][6][gc,phases   ] GC(5)   Merge Heap Roots: 0.0ms
[2022-06-28T06:32:05.187+0000][6][gc,phases   ] GC(5)   Evacuate Collection Set: 12.5ms
[2022-06-28T06:32:05.187+0000][6][gc,phases   ] GC(5)   Post Evacuate Collection Set: 0.3ms
[2022-06-28T06:32:05.187+0000][6][gc,phases   ] GC(5)   Other: 0.1ms
[2022-06-28T06:32:05.187+0000][6][gc,age      ] GC(5) Age table with threshold 2 (max threshold 15)
[2022-06-28T06:32:05.187+0000][6][gc,age      ] GC(5) - age   1:     559904 bytes,     559904 total
[2022-06-28T06:32:05.187+0000][6][gc,age      ] GC(5) - age   2:    1001504 bytes,    1561408 total
[2022-06-28T06:32:05.187+0000][6][gc,heap     ] GC(5) Eden regions: 4->0(37)
[2022-06-28T06:32:05.187+0000][6][gc,heap     ] GC(5) Survivor regions: 1->1(1)
[2022-06-28T06:32:05.187+0000][6][gc,heap     ] GC(5) Old regions: 1->2
[2022-06-28T06:32:05.187+0000][6][gc,heap     ] GC(5) Archive regions: 2->2
[2022-06-28T06:32:05.187+0000][6][gc,heap     ] GC(5) Humongous regions: 0->0
[2022-06-28T06:32:05.187+0000][6][gc,metaspace] GC(5) Metaspace: 14895K(15296K)->14895K(15296K) NonClass: 13181K(13376K)->13181K(13376K) Class: 1714K(1920K)->1714K(1920K)
[2022-06-28T06:32:05.187+0000][6][gc          ] GC(5) Pause Young (Normal) (G1 Evacuation Pause) 27M->11M(256M) 13.109ms
[2022-06-28T06:32:05.187+0000][6][gc,cpu      ] GC(5) User=0.01s Sys=0.00s Real=0.02s
[2022-06-28T06:32:05.187+0000][6][safepoint   ] Safepoint "G1CollectForAllocation", Time since last: 89644457 ns, Reaching safepoint: 25932 ns, At safepoint: 13145476 ns, Total: 13171408 ns
[2022-06-28T06:32:06.187+0000][6][safepoint   ] Safepoint "Cleanup", Time since last: 1000091504 ns, Reaching safepoint: 167780 ns, At safepoint: 4693 ns, Total: 172473 ns
[2022-06-28T06:32:07.290+0000][6][safepoint   ] Safepoint "Cleanup", Time since last: 1102777981 ns, Reaching safepoint: 188903 ns, At safepoint: 5520 ns, Total: 194423 ns
[2022-06-28T06:32:08.411+0000][6][gc,start    ] GC(6) Pause Young (Normal) (G1 Evacuation Pause)
[2022-06-28T06:32:08.411+0000][6][gc,task     ] GC(6) Using 1 workers of 1 for evacuation
[2022-06-28T06:32:08.411+0000][6][gc,age      ] GC(6) Desired survivor size 10485760 bytes, new threshold 15 (max threshold 15)
[2022-06-28T06:32:08.429+0000][6][gc,phases   ] GC(6)   Pre Evacuate Collection Set: 0.0ms
[2022-06-28T06:32:08.429+0000][6][gc,phases   ] GC(6)   Merge Heap Roots: 0.0ms
[2022-06-28T06:32:08.429+0000][6][gc,phases   ] GC(6)   Evacuate Collection Set: 15.2ms
[2022-06-28T06:32:08.429+0000][6][gc,phases   ] GC(6)   Post Evacuate Collection Set: 3.3ms
[2022-06-28T06:32:08.429+0000][6][gc,phases   ] GC(6)   Other: 0.1ms
[2022-06-28T06:32:08.429+0000][6][gc,age      ] GC(6) Age table with threshold 15 (max threshold 15)
[2022-06-28T06:32:08.429+0000][6][gc,age      ] GC(6) - age   1:    3308512 bytes,    3308512 total
[2022-06-28T06:32:08.429+0000][6][gc,age      ] GC(6) - age   2:     455800 bytes,    3764312 total
[2022-06-28T06:32:08.429+0000][6][gc,age      ] GC(6) - age   3:    1001136 bytes,    4765448 total
[2022-06-28T06:32:08.429+0000][6][gc,heap     ] GC(6) Eden regions: 37->0(36)
[2022-06-28T06:32:08.429+0000][6][gc,heap     ] GC(6) Survivor regions: 1->2(5)
[2022-06-28T06:32:08.429+0000][6][gc,heap     ] GC(6) Old regions: 2->2
[2022-06-28T06:32:08.429+0000][6][gc,heap     ] GC(6) Archive regions: 2->2
[2022-06-28T06:32:08.429+0000][6][gc,heap     ] GC(6) Humongous regions: 0->0
[2022-06-28T06:32:08.429+0000][6][gc,metaspace] GC(6) Metaspace: 17677K(18048K)->17677K(18048K) NonClass: 15662K(15872K)->15662K(15872K) Class: 2015K(2176K)->2015K(2176K)
[2022-06-28T06:32:08.429+0000][6][gc          ] GC(6) Pause Young (Normal) (G1 Evacuation Pause) 159M->14M(256M) 18.861ms
[2022-06-28T06:32:08.429+0000][6][gc,cpu      ] GC(6) User=0.02s Sys=0.00s Real=0.02s
[2022-06-28T06:32:08.430+0000][6][safepoint   ] Safepoint "G1CollectForAllocation", Time since last: 1120308139 ns, Reaching safepoint: 75388 ns, At safepoint: 18907891 ns, Total: 18983279 ns
[2022-06-28T06:32:09.430+0000][6][safepoint   ] Safepoint "Cleanup", Time since last: 1000148293 ns, Reaching safepoint: 164759 ns, At safepoint: 4674 ns, Total: 169433 ns
[2022-06-28T06:32:09.823+0000][6][gc,start    ] GC(7) Pause Young (Normal) (G1 Evacuation Pause)
[2022-06-28T06:32:09.823+0000][6][gc,task     ] GC(7) Using 1 workers of 1 for evacuation
[2022-06-28T06:32:09.823+0000][6][gc,age      ] GC(7) Desired survivor size 10485760 bytes, new threshold 15 (max threshold 15)
[2022-06-28T06:32:09.860+0000][6][gc,phases   ] GC(7)   Pre Evacuate Collection Set: 0.0ms
[2022-06-28T06:32:09.860+0000][6][gc,phases   ] GC(7)   Merge Heap Roots: 0.0ms
[2022-06-28T06:32:09.860+0000][6][gc,phases   ] GC(7)   Evacuate Collection Set: 27.8ms
[2022-06-28T06:32:09.860+0000][6][gc,phases   ] GC(7)   Post Evacuate Collection Set: 9.8ms
[2022-06-28T06:32:09.860+0000][6][gc,phases   ] GC(7)   Other: 0.1ms
[2022-06-28T06:32:09.860+0000][6][gc,age      ] GC(7) Age table with threshold 15 (max threshold 15)
[2022-06-28T06:32:09.860+0000][6][gc,age      ] GC(7) - age   1:    2590064 bytes,    2590064 total
[2022-06-28T06:32:09.860+0000][6][gc,age      ] GC(7) - age   2:    3249800 bytes,    5839864 total
[2022-06-28T06:32:09.860+0000][6][gc,age      ] GC(7) - age   3:     455600 bytes,    6295464 total
[2022-06-28T06:32:09.860+0000][6][gc,age      ] GC(7) - age   4:    1001024 bytes,    7296488 total
[2022-06-28T06:32:09.860+0000][6][gc,heap     ] GC(7) Eden regions: 36->0(36)
[2022-06-28T06:32:09.860+0000][6][gc,heap     ] GC(7) Survivor regions: 2->2(5)
[2022-06-28T06:32:09.860+0000][6][gc,heap     ] GC(7) Old regions: 2->2
[2022-06-28T06:32:09.860+0000][6][gc,heap     ] GC(7) Archive regions: 2->2
[2022-06-28T06:32:09.860+0000][6][gc,heap     ] GC(7) Humongous regions: 0->0
[2022-06-28T06:32:09.860+0000][6][gc,metaspace] GC(7) Metaspace: 18524K(18944K)->18524K(18944K) NonClass: 16343K(16576K)->16343K(16576K) Class: 2180K(2368K)->2180K(2368K)
[2022-06-28T06:32:09.860+0000][6][gc          ] GC(7) Pause Young (Normal) (G1 Evacuation Pause) 158M->16M(256M) 37.923ms
[2022-06-28T06:32:09.860+0000][6][gc,cpu      ] GC(7) User=0.02s Sys=0.00s Real=0.04s
[2022-06-28T06:32:09.860+0000][6][safepoint   ] Safepoint "G1CollectForAllocation", Time since last: 392677160 ns, Reaching safepoint: 29398 ns, At safepoint: 37963284 ns, Total: 37992682 ns
[2022-06-28T06:32:10.863+0000][6][safepoint   ] Safepoint "Cleanup", Time since last: 1002015710 ns, Reaching safepoint: 33758 ns, At safepoint: 4297 ns, Total: 38055 ns
[2022-06-28T06:32:10.980+0000][6][gc,start    ] GC(8) Pause Young (Normal) (G1 Evacuation Pause)
[2022-06-28T06:32:10.980+0000][6][gc,task     ] GC(8) Using 1 workers of 1 for evacuation
[2022-06-28T06:32:10.980+0000][6][gc,age      ] GC(8) Desired survivor size 10485760 bytes, new threshold 15 (max threshold 15)
[2022-06-28T06:32:11.004+0000][6][gc,phases   ] GC(8)   Pre Evacuate Collection Set: 0.0ms
[2022-06-28T06:32:11.004+0000][6][gc,phases   ] GC(8)   Merge Heap Roots: 0.0ms
[2022-06-28T06:32:11.004+0000][6][gc,phases   ] GC(8)   Evacuate Collection Set: 22.9ms
[2022-06-28T06:32:11.004+0000][6][gc,phases   ] GC(8)   Post Evacuate Collection Set: 0.6ms
[2022-06-28T06:32:11.004+0000][6][gc,phases   ] GC(8)   Other: 0.1ms
[2022-06-28T06:32:11.004+0000][6][gc,age      ] GC(8) Age table with threshold 15 (max threshold 15)
[2022-06-28T06:32:11.004+0000][6][gc,age      ] GC(8) - age   1:    2656512 bytes,    2656512 total
[2022-06-28T06:32:11.004+0000][6][gc,age      ] GC(8) - age   2:    1648360 bytes,    4304872 total
[2022-06-28T06:32:11.004+0000][6][gc,age      ] GC(8) - age   3:    3249024 bytes,    7553896 total
[2022-06-28T06:32:11.004+0000][6][gc,age      ] GC(8) - age   4:     455600 bytes,    8009496 total
[2022-06-28T06:32:11.004+0000][6][gc,age      ] GC(8) - age   5:    1001024 bytes,    9010520 total
[2022-06-28T06:32:11.004+0000][6][gc,heap     ] GC(8) Eden regions: 36->0(35)
[2022-06-28T06:32:11.004+0000][6][gc,heap     ] GC(8) Survivor regions: 2->3(5)
[2022-06-28T06:32:11.004+0000][6][gc,heap     ] GC(8) Old regions: 2->2
[2022-06-28T06:32:11.004+0000][6][gc,heap     ] GC(8) Archive regions: 2->2
[2022-06-28T06:32:11.004+0000][6][gc,heap     ] GC(8) Humongous regions: 0->0
[2022-06-28T06:32:11.004+0000][6][gc,metaspace] GC(8) Metaspace: 18963K(19392K)->18963K(19392K) NonClass: 16743K(17024K)->16743K(17024K) Class: 2220K(2368K)->2220K(2368K)
[2022-06-28T06:32:11.004+0000][6][gc          ] GC(8) Pause Young (Normal) (G1 Evacuation Pause) 160M->18M(256M) 23.849ms
[2022-06-28T06:32:11.004+0000][6][gc,cpu      ] GC(8) User=0.01s Sys=0.00s Real=0.02s
[2022-06-28T06:32:11.004+0000][6][safepoint   ] Safepoint "G1CollectForAllocation", Time since last: 117385903 ns, Reaching safepoint: 18650 ns, At safepoint: 23892014 ns, Total: 23910664 ns
[2022-06-28T06:32:12.004+0000][6][safepoint   ] Safepoint "Cleanup", Time since last: 1000097291 ns, Reaching safepoint: 157440 ns, At safepoint: 5244 ns, Total: 162684 ns
[2022-06-28T06:32:12.139+0000][6][gc,start    ] GC(9) Pause Young (Normal) (G1 Evacuation Pause)
[2022-06-28T06:32:12.139+0000][6][gc,task     ] GC(9) Using 1 workers of 1 for evacuation
[2022-06-28T06:32:12.139+0000][6][gc,age      ] GC(9) Desired survivor size 10485760 bytes, new threshold 15 (max threshold 15)
[2022-06-28T06:32:12.169+0000][6][gc,phases   ] GC(9)   Pre Evacuate Collection Set: 0.0ms
[2022-06-28T06:32:12.169+0000][6][gc,phases   ] GC(9)   Merge Heap Roots: 0.0ms
[2022-06-28T06:32:12.169+0000][6][gc,phases   ] GC(9)   Evacuate Collection Set: 29.2ms
[2022-06-28T06:32:12.169+0000][6][gc,phases   ] GC(9)   Post Evacuate Collection Set: 0.8ms
[2022-06-28T06:32:12.169+0000][6][gc,phases   ] GC(9)   Other: 0.1ms
[2022-06-28T06:32:12.169+0000][6][gc,age      ] GC(9) Age table with threshold 15 (max threshold 15)
[2022-06-28T06:32:12.169+0000][6][gc,age      ] GC(9) - age   1:    1043176 bytes,    1043176 total
[2022-06-28T06:32:12.169+0000][6][gc,age      ] GC(9) - age   2:    2464144 bytes,    3507320 total
[2022-06-28T06:32:12.169+0000][6][gc,age      ] GC(9) - age   3:    1648360 bytes,    5155680 total
[2022-06-28T06:32:12.169+0000][6][gc,age      ] GC(9) - age   4:    3248976 bytes,    8404656 total
[2022-06-28T06:32:12.169+0000][6][gc,age      ] GC(9) - age   5:     455600 bytes,    8860256 total
[2022-06-28T06:32:12.169+0000][6][gc,age      ] GC(9) - age   6:    1000880 bytes,    9861136 total
[2022-06-28T06:32:12.169+0000][6][gc,heap     ] GC(9) Eden regions: 35->0(35)
[2022-06-28T06:32:12.169+0000][6][gc,heap     ] GC(9) Survivor regions: 3->3(5)
[2022-06-28T06:32:12.169+0000][6][gc,heap     ] GC(9) Old regions: 2->2
[2022-06-28T06:32:12.169+0000][6][gc,heap     ] GC(9) Archive regions: 2->2
[2022-06-28T06:32:12.169+0000][6][gc,heap     ] GC(9) Humongous regions: 0->0
[2022-06-28T06:32:12.169+0000][6][gc,metaspace] GC(9) Metaspace: 19522K(19968K)->19522K(19968K) NonClass: 17228K(17472K)->17228K(17472K) Class: 2294K(2496K)->2294K(2496K)
[2022-06-28T06:32:12.169+0000][6][gc          ] GC(9) Pause Young (Normal) (G1 Evacuation Pause) 158M->18M(256M) 30.441ms
[2022-06-28T06:32:12.169+0000][6][gc,cpu      ] GC(9) User=0.01s Sys=0.00s Real=0.03s
[2022-06-28T06:32:12.169+0000][6][safepoint   ] Safepoint "G1CollectForAllocation", Time since last: 134833852 ns, Reaching safepoint: 22087 ns, At safepoint: 30484076 ns, Total: 30506163 ns
[2022-06-28T06:32:13.073+0000][6][gc,start    ] GC(10) Pause Young (Normal) (G1 Evacuation Pause)
[2022-06-28T06:32:13.073+0000][6][gc,task     ] GC(10) Using 1 workers of 1 for evacuation
[2022-06-28T06:32:13.073+0000][6][gc,age      ] GC(10) Desired survivor size 10485760 bytes, new threshold 15 (max threshold 15)
[2022-06-28T06:32:13.107+0000][6][gc,phases   ] GC(10)   Pre Evacuate Collection Set: 0.0ms
[2022-06-28T06:32:13.107+0000][6][gc,phases   ] GC(10)   Merge Heap Roots: 0.0ms
[2022-06-28T06:32:13.107+0000][6][gc,phases   ] GC(10)   Evacuate Collection Set: 33.6ms
[2022-06-28T06:32:13.107+0000][6][gc,phases   ] GC(10)   Post Evacuate Collection Set: 0.6ms
[2022-06-28T06:32:13.107+0000][6][gc,phases   ] GC(10)   Other: 0.1ms
[2022-06-28T06:32:13.107+0000][6][gc,age      ] GC(10) Age table with threshold 15 (max threshold 15)
[2022-06-28T06:32:13.107+0000][6][gc,age      ] GC(10) - age   1:    2269224 bytes,    2269224 total
[2022-06-28T06:32:13.107+0000][6][gc,age      ] GC(10) - age   2:    1028280 bytes,    3297504 total
[2022-06-28T06:32:13.107+0000][6][gc,age      ] GC(10) - age   3:    2464144 bytes,    5761648 total
[2022-06-28T06:32:13.107+0000][6][gc,age      ] GC(10) - age   4:    1647416 bytes,    7409064 total
[2022-06-28T06:32:13.107+0000][6][gc,age      ] GC(10) - age   5:    3248560 bytes,   10657624 total
[2022-06-28T06:32:13.107+0000][6][gc,age      ] GC(10) - age   6:     455536 bytes,   11113160 total
[2022-06-28T06:32:13.107+0000][6][gc,age      ] GC(10) - age   7:    1000880 bytes,   12114040 total
[2022-06-28T06:32:13.107+0000][6][gc,heap     ] GC(10) Eden regions: 35->0(35)
[2022-06-28T06:32:13.107+0000][6][gc,heap     ] GC(10) Survivor regions: 3->3(5)
[2022-06-28T06:32:13.107+0000][6][gc,heap     ] GC(10) Old regions: 2->2
[2022-06-28T06:32:13.107+0000][6][gc,heap     ] GC(10) Archive regions: 2->2
[2022-06-28T06:32:13.107+0000][6][gc,heap     ] GC(10) Humongous regions: 0->0
[2022-06-28T06:32:13.107+0000][6][gc,metaspace] GC(10) Metaspace: 19853K(20416K)->19853K(20416K) NonClass: 17506K(17856K)->17506K(17856K) Class: 2347K(2560K)->2347K(2560K)
[2022-06-28T06:32:13.107+0000][6][gc          ] GC(10) Pause Young (Normal) (G1 Evacuation Pause) 158M->21M(256M) 34.603ms
[2022-06-28T06:32:13.107+0000][6][gc,cpu      ] GC(10) User=0.02s Sys=0.00s Real=0.04s
[2022-06-28T06:32:13.107+0000][6][safepoint   ] Safepoint "G1CollectForAllocation", Time since last: 903208293 ns, Reaching safepoint: 48398 ns, At safepoint: 34647641 ns, Total: 34696039 ns
[2022-06-28T06:32:14.303+0000][6][safepoint   ] Safepoint "Cleanup", Time since last: 1195298530 ns, Reaching safepoint: 89177 ns, At safepoint: 3376 ns, Total: 92553 ns
[2022-06-28T06:32:14.437+0000][6][gc,start    ] GC(11) Pause Young (Normal) (G1 Evacuation Pause)
[2022-06-28T06:32:14.437+0000][6][gc,task     ] GC(11) Using 1 workers of 1 for evacuation
[2022-06-28T06:32:14.437+0000][6][gc,age      ] GC(11) Desired survivor size 10485760 bytes, new threshold 5 (max threshold 15)
[2022-06-28T06:32:14.463+0000][6][gc,phases   ] GC(11)   Pre Evacuate Collection Set: 0.0ms
[2022-06-28T06:32:14.463+0000][6][gc,phases   ] GC(11)   Merge Heap Roots: 0.0ms
[2022-06-28T06:32:14.463+0000][6][gc,phases   ] GC(11)   Evacuate Collection Set: 22.5ms
[2022-06-28T06:32:14.463+0000][6][gc,phases   ] GC(11)   Post Evacuate Collection Set: 2.9ms
[2022-06-28T06:32:14.463+0000][6][gc,phases   ] GC(11)   Other: 0.1ms
[2022-06-28T06:32:14.463+0000][6][gc,age      ] GC(11) Age table with threshold 5 (max threshold 15)
[2022-06-28T06:32:14.463+0000][6][gc,age      ] GC(11) - age   1:    2611736 bytes,    2611736 total
[2022-06-28T06:32:14.463+0000][6][gc,age      ] GC(11) - age   2:     274472 bytes,    2886208 total
[2022-06-28T06:32:14.463+0000][6][gc,age      ] GC(11) - age   3:    1028096 bytes,    3914304 total
[2022-06-28T06:32:14.463+0000][6][gc,age      ] GC(11) - age   4:    2463072 bytes,    6377376 total
[2022-06-28T06:32:14.463+0000][6][gc,age      ] GC(11) - age   5:    1644560 bytes,    8021936 total
[2022-06-28T06:32:14.463+0000][6][gc,heap     ] GC(11) Eden regions: 35->0(36)
[2022-06-28T06:32:14.463+0000][6][gc,heap     ] GC(11) Survivor regions: 3->2(5)
[2022-06-28T06:32:14.463+0000][6][gc,heap     ] GC(11) Old regions: 2->3
[2022-06-28T06:32:14.463+0000][6][gc,heap     ] GC(11) Archive regions: 2->2
[2022-06-28T06:32:14.463+0000][6][gc,heap     ] GC(11) Humongous regions: 0->0
[2022-06-28T06:32:14.463+0000][6][gc,metaspace] GC(11) Metaspace: 20745K(21248K)->20745K(21248K) NonClass: 18284K(18624K)->18284K(18624K) Class: 2460K(2624K)->2460K(2624K)
[2022-06-28T06:32:14.463+0000][6][gc          ] GC(11) Pause Young (Normal) (G1 Evacuation Pause) 161M->21M(256M) 25.862ms
[2022-06-28T06:32:14.463+0000][6][gc,cpu      ] GC(11) User=0.01s Sys=0.00s Real=0.02s
[2022-06-28T06:32:14.463+0000][6][safepoint   ] Safepoint "G1CollectForAllocation", Time since last: 134175080 ns, Reaching safepoint: 52672 ns, At safepoint: 25908671 ns, Total: 25961343 ns
[2022-06-28T06:32:15.056+0000][6][gc,start    ] GC(12) Pause Young (Concurrent Start) (Metadata GC Threshold)
[2022-06-28T06:32:15.056+0000][6][gc,task     ] GC(12) Using 1 workers of 1 for evacuation
[2022-06-28T06:32:15.056+0000][6][gc,age      ] GC(12) Desired survivor size 10485760 bytes, new threshold 15 (max threshold 15)
[2022-06-28T06:32:15.075+0000][6][gc,phases   ] GC(12)   Pre Evacuate Collection Set: 0.1ms
[2022-06-28T06:32:15.075+0000][6][gc,phases   ] GC(12)   Merge Heap Roots: 0.0ms
[2022-06-28T06:32:15.075+0000][6][gc,phases   ] GC(12)   Evacuate Collection Set: 14.0ms
[2022-06-28T06:32:15.075+0000][6][gc,phases   ] GC(12)   Post Evacuate Collection Set: 5.3ms
[2022-06-28T06:32:15.075+0000][6][gc,phases   ] GC(12)   Other: 0.1ms
[2022-06-28T06:32:15.075+0000][6][gc,age      ] GC(12) Age table with threshold 15 (max threshold 15)
[2022-06-28T06:32:15.075+0000][6][gc,age      ] GC(12) - age   1:     514728 bytes,     514728 total
[2022-06-28T06:32:15.075+0000][6][gc,age      ] GC(12) - age   2:    1636600 bytes,    2151328 total
[2022-06-28T06:32:15.075+0000][6][gc,age      ] GC(12) - age   3:     272936 bytes,    2424264 total
[2022-06-28T06:32:15.075+0000][6][gc,age      ] GC(12) - age   4:    1028096 bytes,    3452360 total
[2022-06-28T06:32:15.075+0000][6][gc,age      ] GC(12) - age   5:    2463008 bytes,    5915368 total
[2022-06-28T06:32:15.075+0000][6][gc,age      ] GC(12) - age   6:    1644528 bytes,    7559896 total
[2022-06-28T06:32:15.075+0000][6][gc,heap     ] GC(12) Eden regions: 24->0(36)
[2022-06-28T06:32:15.075+0000][6][gc,heap     ] GC(12) Survivor regions: 2->2(5)
[2022-06-28T06:32:15.075+0000][6][gc,heap     ] GC(12) Old regions: 3->3
[2022-06-28T06:32:15.075+0000][6][gc,heap     ] GC(12) Archive regions: 2->2
[2022-06-28T06:32:15.075+0000][6][gc,heap     ] GC(12) Humongous regions: 0->0
[2022-06-28T06:32:15.075+0000][6][gc,metaspace] GC(12) Metaspace: 20969K(21504K)->20969K(21504K) NonClass: 18476K(18816K)->18476K(18816K) Class: 2493K(2688K)->2493K(2688K)
[2022-06-28T06:32:15.075+0000][6][gc          ] GC(12) Pause Young (Concurrent Start) (Metadata GC Threshold) 115M->21M(256M) 19.720ms
[2022-06-28T06:32:15.075+0000][6][gc,cpu      ] GC(12) User=0.01s Sys=0.00s Real=0.02s
[2022-06-28T06:32:15.075+0000][6][safepoint   ] Safepoint "CollectForMetadataAllocation", Time since last: 592616765 ns, Reaching safepoint: 34247 ns, At safepoint: 19842252 ns, Total: 19876499 ns
[2022-06-28T06:32:15.076+0000][6][gc          ] GC(13) Concurrent Mark Cycle
[2022-06-28T06:32:15.076+0000][6][gc,marking  ] GC(13) Concurrent Clear Claimed Marks
[2022-06-28T06:32:15.076+0000][6][gc,marking  ] GC(13) Concurrent Clear Claimed Marks 0.034ms
[2022-06-28T06:32:15.076+0000][6][gc,marking  ] GC(13) Concurrent Scan Root Regions
[2022-06-28T06:32:15.084+0000][6][gc,marking  ] GC(13) Concurrent Scan Root Regions 8.217ms
[2022-06-28T06:32:15.084+0000][6][gc,marking  ] GC(13) Concurrent Mark
[2022-06-28T06:32:15.084+0000][6][gc,marking  ] GC(13) Concurrent Mark From Roots
[2022-06-28T06:32:15.084+0000][6][gc,task     ] GC(13) Using 1 workers of 1 for marking
[2022-06-28T06:32:15.175+0000][6][gc,marking  ] GC(13) Concurrent Mark From Roots 90.813ms
[2022-06-28T06:32:15.175+0000][6][gc,marking  ] GC(13) Concurrent Preclean
[2022-06-28T06:32:15.175+0000][6][gc,marking  ] GC(13) Concurrent Preclean 0.052ms
[2022-06-28T06:32:15.175+0000][6][gc,start    ] GC(13) Pause Remark
[2022-06-28T06:32:15.185+0000][6][gc          ] GC(13) Pause Remark 33M->33M(256M) 9.601ms
[2022-06-28T06:32:15.185+0000][6][gc,cpu      ] GC(13) User=0.00s Sys=0.00s Real=0.00s
[2022-06-28T06:32:15.185+0000][6][safepoint   ] Safepoint "G1Concurrent", Time since last: 99729942 ns, Reaching safepoint: 152583 ns, At safepoint: 9667844 ns, Total: 9820427 ns
[2022-06-28T06:32:15.191+0000][6][gc,marking  ] GC(13) Concurrent Mark 106.370ms
[2022-06-28T06:32:15.191+0000][6][gc,marking  ] GC(13) Concurrent Rebuild Remembered Sets
[2022-06-28T06:32:15.217+0000][6][gc,marking  ] GC(13) Concurrent Rebuild Remembered Sets 26.300ms
[2022-06-28T06:32:15.217+0000][6][gc,start    ] GC(13) Pause Cleanup
[2022-06-28T06:32:15.217+0000][6][gc          ] GC(13) Pause Cleanup 37M->37M(256M) 0.050ms
[2022-06-28T06:32:15.217+0000][6][gc,cpu      ] GC(13) User=0.00s Sys=0.00s Real=0.00s
[2022-06-28T06:32:15.217+0000][6][safepoint   ] Safepoint "G1Concurrent", Time since last: 32008026 ns, Reaching safepoint: 141043 ns, At safepoint: 83542 ns, Total: 224585 ns
[2022-06-28T06:32:15.217+0000][6][gc,marking  ] GC(13) Concurrent Cleanup for Next Mark
[2022-06-28T06:32:15.235+0000][6][gc,marking  ] GC(13) Concurrent Cleanup for Next Mark 17.781ms
[2022-06-28T06:32:15.235+0000][6][gc          ] GC(13) Concurrent Mark Cycle 159.175ms
[2022-06-28T06:32:15.926+0000][6][gc,start    ] GC(14) Pause Young (Normal) (G1 Evacuation Pause)
[2022-06-28T06:32:15.926+0000][6][gc,task     ] GC(14) Using 1 workers of 1 for evacuation
[2022-06-28T06:32:15.926+0000][6][gc,age      ] GC(14) Desired survivor size 10485760 bytes, new threshold 15 (max threshold 15)
[2022-06-28T06:32:15.943+0000][6][gc,phases   ] GC(14)   Pre Evacuate Collection Set: 0.0ms
[2022-06-28T06:32:15.943+0000][6][gc,phases   ] GC(14)   Merge Heap Roots: 0.0ms
[2022-06-28T06:32:15.943+0000][6][gc,phases   ] GC(14)   Evacuate Collection Set: 16.4ms
[2022-06-28T06:32:15.943+0000][6][gc,phases   ] GC(14)   Post Evacuate Collection Set: 0.5ms
[2022-06-28T06:32:15.943+0000][6][gc,phases   ] GC(14)   Other: 0.1ms
[2022-06-28T06:32:15.943+0000][6][gc,age      ] GC(14) Age table with threshold 15 (max threshold 15)
[2022-06-28T06:32:15.943+0000][6][gc,age      ] GC(14) - age   1:     683336 bytes,     683336 total
[2022-06-28T06:32:15.943+0000][6][gc,age      ] GC(14) - age   2:     510376 bytes,    1193712 total
[2022-06-28T06:32:15.943+0000][6][gc,age      ] GC(14) - age   3:    1636352 bytes,    2830064 total
[2022-06-28T06:32:15.943+0000][6][gc,age      ] GC(14) - age   4:     272872 bytes,    3102936 total
[2022-06-28T06:32:15.943+0000][6][gc,age      ] GC(14) - age   5:    1027552 bytes,    4130488 total
[2022-06-28T06:32:15.943+0000][6][gc,age      ] GC(14) - age   6:    2463008 bytes,    6593496 total
[2022-06-28T06:32:15.943+0000][6][gc,age      ] GC(14) - age   7:    1644336 bytes,    8237832 total
[2022-06-28T06:32:15.943+0000][6][gc,heap     ] GC(14) Eden regions: 36->0(36)
[2022-06-28T06:32:15.943+0000][6][gc,heap     ] GC(14) Survivor regions: 2->2(5)
[2022-06-28T06:32:15.943+0000][6][gc,heap     ] GC(14) Old regions: 3->3
[2022-06-28T06:32:15.943+0000][6][gc,heap     ] GC(14) Archive regions: 2->2
[2022-06-28T06:32:15.943+0000][6][gc,heap     ] GC(14) Humongous regions: 0->0
[2022-06-28T06:32:15.943+0000][6][gc,metaspace] GC(14) Metaspace: 21074K(21632K)->21074K(21632K) NonClass: 18564K(18944K)->18564K(18944K) Class: 2510K(2688K)->2510K(2688K)
[2022-06-28T06:32:15.943+0000][6][gc          ] GC(14) Pause Young (Normal) (G1 Evacuation Pause) 165M->21M(256M) 17.254ms
[2022-06-28T06:32:15.943+0000][6][gc,cpu      ] GC(14) User=0.00s Sys=0.00s Real=0.02s
[2022-06-28T06:32:15.943+0000][6][safepoint   ] Safepoint "G1CollectForAllocation", Time since last: 708874305 ns, Reaching safepoint: 35375 ns, At safepoint: 17295434 ns, Total: 17330809 ns
[2022-06-28T06:32:16.709+0000][6][gc,start    ] GC(15) Pause Young (Normal) (G1 Evacuation Pause)
[2022-06-28T06:32:16.709+0000][6][gc,task     ] GC(15) Using 1 workers of 1 for evacuation
[2022-06-28T06:32:16.709+0000][6][gc,age      ] GC(15) Desired survivor size 10485760 bytes, new threshold 15 (max threshold 15)
[2022-06-28T06:32:16.727+0000][6][gc,phases   ] GC(15)   Pre Evacuate Collection Set: 0.0ms
[2022-06-28T06:32:16.727+0000][6][gc,phases   ] GC(15)   Merge Heap Roots: 0.0ms
[2022-06-28T06:32:16.727+0000][6][gc,phases   ] GC(15)   Evacuate Collection Set: 17.8ms
[2022-06-28T06:32:16.727+0000][6][gc,phases   ] GC(15)   Post Evacuate Collection Set: 0.6ms
[2022-06-28T06:32:16.727+0000][6][gc,phases   ] GC(15)   Other: 0.1ms
[2022-06-28T06:32:16.727+0000][6][gc,age      ] GC(15) Age table with threshold 15 (max threshold 15)
[2022-06-28T06:32:16.727+0000][6][gc,age      ] GC(15) - age   1:    2379592 bytes,    2379592 total
[2022-06-28T06:32:16.727+0000][6][gc,age      ] GC(15) - age   2:     279688 bytes,    2659280 total
[2022-06-28T06:32:16.727+0000][6][gc,age      ] GC(15) - age   3:     510376 bytes,    3169656 total
[2022-06-28T06:32:16.727+0000][6][gc,age      ] GC(15) - age   4:    1636352 bytes,    4806008 total
[2022-06-28T06:32:16.727+0000][6][gc,age      ] GC(15) - age   5:     272872 bytes,    5078880 total
[2022-06-28T06:32:16.727+0000][6][gc,age      ] GC(15) - age   6:    1027552 bytes,    6106432 total
[2022-06-28T06:32:16.727+0000][6][gc,age      ] GC(15) - age   7:    2462736 bytes,    8569168 total
[2022-06-28T06:32:16.727+0000][6][gc,age      ] GC(15) - age   8:    1644336 bytes,   10213504 total
[2022-06-28T06:32:16.727+0000][6][gc,heap     ] GC(15) Eden regions: 36->0(35)
[2022-06-28T06:32:16.727+0000][6][gc,heap     ] GC(15) Survivor regions: 2->3(5)
[2022-06-28T06:32:16.727+0000][6][gc,heap     ] GC(15) Old regions: 3->3
[2022-06-28T06:32:16.727+0000][6][gc,heap     ] GC(15) Archive regions: 2->2
[2022-06-28T06:32:16.727+0000][6][gc,heap     ] GC(15) Humongous regions: 0->0
[2022-06-28T06:32:16.727+0000][6][gc,metaspace] GC(15) Metaspace: 21128K(21760K)->21128K(21760K) NonClass: 18606K(19008K)->18606K(19008K) Class: 2522K(2752K)->2522K(2752K)
[2022-06-28T06:32:16.727+0000][6][gc          ] GC(15) Pause Young (Normal) (G1 Evacuation Pause) 165M->25M(256M) 18.783ms
[2022-06-28T06:32:16.727+0000][6][gc,cpu      ] GC(15) User=0.01s Sys=0.00s Real=0.02s
[2022-06-28T06:32:16.727+0000][6][safepoint   ] Safepoint "G1CollectForAllocation", Time since last: 765078244 ns, Reaching safepoint: 73102 ns, At safepoint: 18829430 ns, Total: 18902532 ns
[2022-06-28T06:32:18.211+0000][6][safepoint   ] Safepoint "ICBufferFull", Time since last: 1483444767 ns, Reaching safepoint: 125445 ns, At safepoint: 3938 ns, Total: 129383 ns
[2022-06-28T06:32:19.215+0000][6][safepoint   ] Safepoint "Cleanup", Time since last: 1003604456 ns, Reaching safepoint: 142432 ns, At safepoint: 4602 ns, Total: 147034 ns
[2022-06-28T06:32:20.719+0000][6][safepoint   ] Safepoint "Cleanup", Time since last: 1504008213 ns, Reaching safepoint: 184165 ns, At safepoint: 5093 ns, Total: 189258 ns
[2022-06-28T06:32:21.751+0000][6][safepoint   ] Safepoint "Cleanup", Time since last: 1031877763 ns, Reaching safepoint: 182122 ns, At safepoint: 5319 ns, Total: 187441 ns
[2022-06-28T06:32:22.799+0000][6][safepoint   ] Safepoint "Cleanup", Time since last: 1039580080 ns, Reaching safepoint: 8052016 ns, At safepoint: 8269 ns, Total: 8060285 ns
[2022-06-28T06:32:23.575+0000][6][gc,start    ] GC(16) Pause Young (Normal) (G1 Evacuation Pause)
[2022-06-28T06:32:23.575+0000][6][gc,task     ] GC(16) Using 1 workers of 1 for evacuation
[2022-06-28T06:32:23.575+0000][6][gc,age      ] GC(16) Desired survivor size 10485760 bytes, new threshold 15 (max threshold 15)
[2022-06-28T06:32:23.676+0000][6][gc,phases   ] GC(16)   Pre Evacuate Collection Set: 0.0ms
[2022-06-28T06:32:23.676+0000][6][gc,phases   ] GC(16)   Merge Heap Roots: 0.1ms
[2022-06-28T06:32:23.676+0000][6][gc,phases   ] GC(16)   Evacuate Collection Set: 99.0ms
[2022-06-28T06:32:23.676+0000][6][gc,phases   ] GC(16)   Post Evacuate Collection Set: 1.4ms
[2022-06-28T06:32:23.676+0000][6][gc,phases   ] GC(16)   Other: 0.1ms
[2022-06-28T06:32:23.676+0000][6][gc,age      ] GC(16) Age table with threshold 15 (max threshold 15)
[2022-06-28T06:32:23.676+0000][6][gc,age      ] GC(16) - age   1:   13148624 bytes,   13148624 total
[2022-06-28T06:32:23.676+0000][6][gc,age      ] GC(16) - age   2:     467160 bytes,   13615784 total
[2022-06-28T06:32:23.676+0000][6][gc,age      ] GC(16) - age   3:     268304 bytes,   13884088 total
[2022-06-28T06:32:23.676+0000][6][gc,age      ] GC(16) - age   4:     494568 bytes,   14378656 total
[2022-06-28T06:32:23.676+0000][6][gc,age      ] GC(16) - age   5:    1589416 bytes,   15968072 total
[2022-06-28T06:32:23.676+0000][6][gc,age      ] GC(16) - age   6:     211376 bytes,   16179448 total
[2022-06-28T06:32:23.676+0000][6][gc,age      ] GC(16) - age   7:    1017464 bytes,   17196912 total
[2022-06-28T06:32:23.676+0000][6][gc,age      ] GC(16) - age   8:    2451192 bytes,   19648104 total
[2022-06-28T06:32:23.676+0000][6][gc,age      ] GC(16) - age   9:    1058488 bytes,   20706592 total
[2022-06-28T06:32:23.676+0000][6][gc,heap     ] GC(16) Eden regions: 35->0(33)
[2022-06-28T06:32:23.676+0000][6][gc,heap     ] GC(16) Survivor regions: 3->5(5)
[2022-06-28T06:32:23.676+0000][6][gc,heap     ] GC(16) Old regions: 3->3
[2022-06-28T06:32:23.676+0000][6][gc,heap     ] GC(16) Archive regions: 2->2
[2022-06-28T06:32:23.676+0000][6][gc,heap     ] GC(16) Humongous regions: 0->0
[2022-06-28T06:32:23.676+0000][6][gc,metaspace] GC(16) Metaspace: 30647K(31616K)->30647K(31616K) NonClass: 26858K(27456K)->26858K(27456K) Class: 3788K(4160K)->3788K(4160K)
[2022-06-28T06:32:23.676+0000][6][gc          ] GC(16) Pause Young (Normal) (G1 Evacuation Pause) 165M->35M(256M) 100.813ms
[2022-06-28T06:32:23.676+0000][6][gc,cpu      ] GC(16) User=0.05s Sys=0.00s Real=0.10s
[2022-06-28T06:32:23.676+0000][6][safepoint   ] Safepoint "G1CollectForAllocation", Time since last: 776656909 ns, Reaching safepoint: 27657 ns, At safepoint: 100862446 ns, Total: 100890103 ns
[2022-06-28T06:32:24.676+0000][6][safepoint   ] Safepoint "Cleanup", Time since last: 1000096390 ns, Reaching safepoint: 151341 ns, At safepoint: 5040 ns, Total: 156381 ns
[2022-06-28T06:32:25.679+0000][6][safepoint   ] Safepoint "Cleanup", Time since last: 1000116489 ns, Reaching safepoint: 2037786 ns, At safepoint: 6138 ns, Total: 2043924 ns
[2022-06-28T06:32:26.683+0000][6][safepoint   ] Safepoint "Cleanup", Time since last: 1003982972 ns, Reaching safepoint: 194590 ns, At safepoint: 5383 ns, Total: 199973 ns
[2022-06-28T06:32:27.683+0000][6][safepoint   ] Safepoint "Cleanup", Time since last: 1000135525 ns, Reaching safepoint: 172184 ns, At safepoint: 5710 ns, Total: 177894 ns
[2022-06-28T06:32:27.835+0000][6][gc,start    ] GC(17) Pause Young (Normal) (G1 Evacuation Pause)
[2022-06-28T06:32:27.835+0000][6][gc,task     ] GC(17) Using 1 workers of 1 for evacuation
[2022-06-28T06:32:27.835+0000][6][gc,age      ] GC(17) Desired survivor size 10485760 bytes, new threshold 1 (max threshold 15)
[2022-06-28T06:32:27.967+0000][6][gc,phases   ] GC(17)   Pre Evacuate Collection Set: 0.0ms
[2022-06-28T06:32:27.967+0000][6][gc,phases   ] GC(17)   Merge Heap Roots: 0.1ms
[2022-06-28T06:32:27.967+0000][6][gc,phases   ] GC(17)   Evacuate Collection Set: 126.3ms
[2022-06-28T06:32:27.967+0000][6][gc,phases   ] GC(17)   Post Evacuate Collection Set: 5.1ms
[2022-06-28T06:32:27.967+0000][6][gc,phases   ] GC(17)   Other: 0.1ms
[2022-06-28T06:32:27.967+0000][6][gc,age      ] GC(17) Age table with threshold 1 (max threshold 15)
[2022-06-28T06:32:27.967+0000][6][gc,age      ] GC(17) - age   1:   12950008 bytes,   12950008 total
[2022-06-28T06:32:27.967+0000][6][gc,heap     ] GC(17) Eden regions: 33->0(33)
[2022-06-28T06:32:27.967+0000][6][gc,heap     ] GC(17) Survivor regions: 5->4(5)
[2022-06-28T06:32:27.967+0000][6][gc,heap     ] GC(17) Old regions: 3->8
[2022-06-28T06:32:27.967+0000][6][gc,heap     ] GC(17) Archive regions: 2->2
[2022-06-28T06:32:27.967+0000][6][gc,heap     ] GC(17) Humongous regions: 0->0
[2022-06-28T06:32:27.967+0000][6][gc,metaspace] GC(17) Metaspace: 32967K(33984K)->32967K(33984K) NonClass: 28830K(29440K)->28830K(29440K) Class: 4137K(4544K)->4137K(4544K)
[2022-06-28T06:32:27.967+0000][6][gc          ] GC(17) Pause Young (Normal) (G1 Evacuation Pause) 167M->49M(256M) 131.781ms
[2022-06-28T06:32:27.967+0000][6][gc,cpu      ] GC(17) User=0.06s Sys=0.00s Real=0.13s
[2022-06-28T06:32:27.967+0000][6][safepoint   ] Safepoint "G1CollectForAllocation", Time since last: 152055085 ns, Reaching safepoint: 19102 ns, At safepoint: 131829506 ns, Total: 131848608 ns
[2022-06-28T06:32:28.767+0000][6][gc,start    ] GC(18) Pause Young (Concurrent Start) (Metadata GC Threshold)
[2022-06-28T06:32:28.767+0000][6][gc,task     ] GC(18) Using 1 workers of 1 for evacuation
[2022-06-28T06:32:28.767+0000][6][gc,age      ] GC(18) Desired survivor size 10485760 bytes, new threshold 1 (max threshold 15)
[2022-06-28T06:32:28.868+0000][6][gc,phases   ] GC(18)   Pre Evacuate Collection Set: 0.1ms
[2022-06-28T06:32:28.868+0000][6][gc,phases   ] GC(18)   Merge Heap Roots: 0.1ms
[2022-06-28T06:32:28.868+0000][6][gc,phases   ] GC(18)   Evacuate Collection Set: 100.3ms
[2022-06-28T06:32:28.868+0000][6][gc,phases   ] GC(18)   Post Evacuate Collection Set: 0.6ms
[2022-06-28T06:32:28.868+0000][6][gc,phases   ] GC(18)   Other: 0.1ms
[2022-06-28T06:32:28.868+0000][6][gc,age      ] GC(18) Age table with threshold 1 (max threshold 15)
[2022-06-28T06:32:28.868+0000][6][gc,age      ] GC(18) - age   1:     930432 bytes,     930432 total
[2022-06-28T06:32:28.868+0000][6][gc,heap     ] GC(18) Eden regions: 5->0(33)
[2022-06-28T06:32:28.868+0000][6][gc,heap     ] GC(18) Survivor regions: 4->1(5)
[2022-06-28T06:32:28.868+0000][6][gc,heap     ] GC(18) Old regions: 8->11
[2022-06-28T06:32:28.868+0000][6][gc,heap     ] GC(18) Archive regions: 2->2
[2022-06-28T06:32:28.868+0000][6][gc,heap     ] GC(18) Humongous regions: 0->0
[2022-06-28T06:32:28.868+0000][6][gc,metaspace] GC(18) Metaspace: 35018K(35968K)->35018K(35968K) NonClass: 30548K(31104K)->30548K(31104K) Class: 4470K(4864K)->4470K(4864K)
[2022-06-28T06:32:28.868+0000][6][gc          ] GC(18) Pause Young (Concurrent Start) (Metadata GC Threshold) 67M->49M(256M) 101.355ms
[2022-06-28T06:32:28.868+0000][6][gc,cpu      ] GC(18) User=0.05s Sys=0.00s Real=0.10s
[2022-06-28T06:32:28.868+0000][6][safepoint   ] Safepoint "CollectForMetadataAllocation", Time since last: 799592845 ns, Reaching safepoint: 47647 ns, At safepoint: 101473671 ns, Total: 101521318 ns
[2022-06-28T06:32:28.869+0000][6][gc          ] GC(19) Concurrent Mark Cycle
[2022-06-28T06:32:28.869+0000][6][gc,marking  ] GC(19) Concurrent Clear Claimed Marks
[2022-06-28T06:32:28.869+0000][6][gc,marking  ] GC(19) Concurrent Clear Claimed Marks 0.057ms
[2022-06-28T06:32:28.869+0000][6][gc,marking  ] GC(19) Concurrent Scan Root Regions
[2022-06-28T06:32:28.922+0000][6][gc,marking  ] GC(19) Concurrent Scan Root Regions 53.332ms
[2022-06-28T06:32:28.922+0000][6][gc,marking  ] GC(19) Concurrent Mark
[2022-06-28T06:32:28.922+0000][6][gc,marking  ] GC(19) Concurrent Mark From Roots
[2022-06-28T06:32:28.922+0000][6][gc,task     ] GC(19) Using 1 workers of 1 for marking
[2022-06-28T06:32:28.979+0000][6][safepoint   ] Safepoint "CollectForMetadataAllocation", Time since last: 110469252 ns, Reaching safepoint: 60668 ns, At safepoint: 70748 ns, Total: 131416 ns
[2022-06-28T06:32:29.120+0000][6][safepoint   ] Safepoint "CollectForMetadataAllocation", Time since last: 131444787 ns, Reaching safepoint: 10057282 ns, At safepoint: 76353 ns, Total: 10133635 ns
[2022-06-28T06:32:29.214+0000][6][gc,marking  ] GC(19) Concurrent Mark From Roots 292.235ms
[2022-06-28T06:32:29.214+0000][6][gc,marking  ] GC(19) Concurrent Preclean
[2022-06-28T06:32:29.214+0000][6][gc,marking  ] GC(19) Concurrent Preclean 0.119ms
[2022-06-28T06:32:29.215+0000][6][safepoint   ] Safepoint "CollectForMetadataAllocation", Time since last: 94285535 ns, Reaching safepoint: 25764 ns, At safepoint: 64073 ns, Total: 89837 ns
[2022-06-28T06:32:29.215+0000][6][gc,start    ] GC(19) Pause Remark
[2022-06-28T06:32:29.235+0000][6][gc          ] GC(19) Pause Remark 53M->53M(256M) 19.975ms
[2022-06-28T06:32:29.235+0000][6][gc,cpu      ] GC(19) User=0.01s Sys=0.00s Real=0.02s
[2022-06-28T06:32:29.235+0000][6][safepoint   ] Safepoint "G1Concurrent", Time since last: 36903 ns, Reaching safepoint: 165657 ns, At safepoint: 20036811 ns, Total: 20202468 ns
[2022-06-28T06:32:29.235+0000][6][gc,marking  ] GC(19) Concurrent Mark 312.805ms
[2022-06-28T06:32:29.235+0000][6][gc,marking  ] GC(19) Concurrent Rebuild Remembered Sets
[2022-06-28T06:32:29.235+0000][6][gc,marking  ] GC(19) Concurrent Rebuild Remembered Sets 0.008ms
[2022-06-28T06:32:29.239+0000][6][gc,start    ] GC(19) Pause Cleanup
[2022-06-28T06:32:29.239+0000][6][gc          ] GC(19) Pause Cleanup 53M->53M(256M) 0.032ms
[2022-06-28T06:32:29.239+0000][6][gc,cpu      ] GC(19) User=0.00s Sys=0.00s Real=0.00s
[2022-06-28T06:32:29.239+0000][6][safepoint   ] Safepoint "G1Concurrent", Time since last: 3670718 ns, Reaching safepoint: 130460 ns, At safepoint: 73847 ns, Total: 204307 ns
[2022-06-28T06:32:29.243+0000][6][gc,marking  ] GC(19) Concurrent Cleanup for Next Mark
[2022-06-28T06:32:29.243+0000][6][gc,marking  ] GC(19) Concurrent Cleanup for Next Mark 0.698ms
[2022-06-28T06:32:29.243+0000][6][gc          ] GC(19) Concurrent Mark Cycle 374.623ms
[2022-06-28T06:32:30.243+0000][6][safepoint   ] Safepoint "Cleanup", Time since last: 1003667456 ns, Reaching safepoint: 120624 ns, At safepoint: 4923 ns, Total: 125547 ns
[2022-06-28T06:32:31.931+0000][6][safepoint   ] Safepoint "Cleanup", Time since last: 1688183970 ns, Reaching safepoint: 759427 ns, At safepoint: 7046 ns, Total: 766473 ns
[2022-06-28T06:32:32.935+0000][6][safepoint   ] Safepoint "Cleanup", Time since last: 1000386644 ns, Reaching safepoint: 2961120 ns, At safepoint: 5586 ns, Total: 2966706 ns
[2022-06-28T06:32:33.762+0000][6][gc,start    ] GC(20) Pause Young (Normal) (G1 Evacuation Pause)
[2022-06-28T06:32:33.762+0000][6][gc,task     ] GC(20) Using 1 workers of 1 for evacuation
[2022-06-28T06:32:33.762+0000][6][gc,age      ] GC(20) Desired survivor size 10485760 bytes, new threshold 15 (max threshold 15)
[2022-06-28T06:32:33.804+0000][6][gc,phases   ] GC(20)   Pre Evacuate Collection Set: 0.0ms
[2022-06-28T06:32:33.804+0000][6][gc,phases   ] GC(20)   Merge Heap Roots: 0.1ms
[2022-06-28T06:32:33.804+0000][6][gc,phases   ] GC(20)   Evacuate Collection Set: 40.1ms
[2022-06-28T06:32:33.804+0000][6][gc,phases   ] GC(20)   Post Evacuate Collection Set: 1.3ms
[2022-06-28T06:32:33.804+0000][6][gc,phases   ] GC(20)   Other: 0.1ms
[2022-06-28T06:32:33.804+0000][6][gc,age      ] GC(20) Age table with threshold 15 (max threshold 15)
[2022-06-28T06:32:33.804+0000][6][gc,age      ] GC(20) - age   1:    5893432 bytes,    5893432 total
[2022-06-28T06:32:33.804+0000][6][gc,age      ] GC(20) - age   2:     853776 bytes,    6747208 total
[2022-06-28T06:32:33.804+0000][6][gc,heap     ] GC(20) Eden regions: 33->0(33)
[2022-06-28T06:32:33.804+0000][6][gc,heap     ] GC(20) Survivor regions: 1->2(5)
[2022-06-28T06:32:33.804+0000][6][gc,heap     ] GC(20) Old regions: 11->11
[2022-06-28T06:32:33.804+0000][6][gc,heap     ] GC(20) Archive regions: 2->2
[2022-06-28T06:32:33.804+0000][6][gc,heap     ] GC(20) Humongous regions: 0->0
[2022-06-28T06:32:33.804+0000][6][gc,metaspace] GC(20) Metaspace: 51615K(52928K)->51615K(52928K) NonClass: 44851K(45632K)->44851K(45632K) Class: 6764K(7296K)->6764K(7296K)
[2022-06-28T06:32:33.804+0000][6][gc          ] GC(20) Pause Young (Normal) (G1 Evacuation Pause) 181M->55M(256M) 41.813ms
[2022-06-28T06:32:33.804+0000][6][gc,cpu      ] GC(20) User=0.02s Sys=0.00s Real=0.04s
[2022-06-28T06:32:33.804+0000][6][safepoint   ] Safepoint "G1CollectForAllocation", Time since last: 827326989 ns, Reaching safepoint: 76264 ns, At safepoint: 41860612 ns, Total: 41936876 ns
[2022-06-28T06:32:34.804+0000][6][safepoint   ] Safepoint "Cleanup", Time since last: 1000096325 ns, Reaching safepoint: 153182 ns, At safepoint: 4946 ns, Total: 158128 ns
[2022-06-28T06:32:35.805+0000][6][safepoint   ] Safepoint "Cleanup", Time since last: 1000119718 ns, Reaching safepoint: 178594 ns, At safepoint: 5911 ns, Total: 184505 ns
[2022-06-28T06:32:36.469+0000][6][gc,start    ] GC(21) Pause Young (Normal) (G1 Evacuation Pause)
[2022-06-28T06:32:36.469+0000][6][gc,task     ] GC(21) Using 1 workers of 1 for evacuation
[2022-06-28T06:32:36.469+0000][6][gc,age      ] GC(21) Desired survivor size 10485760 bytes, new threshold 15 (max threshold 15)
[2022-06-28T06:32:36.527+0000][6][gc,phases   ] GC(21)   Pre Evacuate Collection Set: 0.0ms
[2022-06-28T06:32:36.527+0000][6][gc,phases   ] GC(21)   Merge Heap Roots: 0.1ms
[2022-06-28T06:32:36.527+0000][6][gc,phases   ] GC(21)   Evacuate Collection Set: 51.1ms
[2022-06-28T06:32:36.527+0000][6][gc,phases   ] GC(21)   Post Evacuate Collection Set: 6.8ms
[2022-06-28T06:32:36.527+0000][6][gc,phases   ] GC(21)   Other: 0.1ms
[2022-06-28T06:32:36.527+0000][6][gc,age      ] GC(21) Age table with threshold 15 (max threshold 15)
[2022-06-28T06:32:36.527+0000][6][gc,age      ] GC(21) - age   1:     203136 bytes,     203136 total
[2022-06-28T06:32:36.527+0000][6][gc,age      ] GC(21) - age   2:    5644808 bytes,    5847944 total
[2022-06-28T06:32:36.527+0000][6][gc,age      ] GC(21) - age   3:     853776 bytes,    6701720 total
[2022-06-28T06:32:36.527+0000][6][gc,heap     ] GC(21) Eden regions: 33->0(34)
[2022-06-28T06:32:36.527+0000][6][gc,heap     ] GC(21) Survivor regions: 2->2(5)
[2022-06-28T06:32:36.527+0000][6][gc,heap     ] GC(21) Old regions: 11->11
[2022-06-28T06:32:36.527+0000][6][gc,heap     ] GC(21) Archive regions: 2->2
[2022-06-28T06:32:36.527+0000][6][gc,heap     ] GC(21) Humongous regions: 0->0
[2022-06-28T06:32:36.527+0000][6][gc,metaspace] GC(21) Metaspace: 52136K(53376K)->52136K(53376K) NonClass: 45318K(46080K)->45318K(46080K) Class: 6818K(7296K)->6818K(7296K)
[2022-06-28T06:32:36.527+0000][6][gc          ] GC(21) Pause Young (Normal) (G1 Evacuation Pause) 187M->55M(256M) 58.328ms
[2022-06-28T06:32:36.527+0000][6][gc,cpu      ] GC(21) User=0.03s Sys=0.00s Real=0.06s
[2022-06-28T06:32:36.527+0000][6][safepoint   ] Safepoint "G1CollectForAllocation", Time since last: 663892742 ns, Reaching safepoint: 22664 ns, At safepoint: 58373230 ns, Total: 58395894 ns
[2022-06-28T06:32:37.531+0000][6][safepoint   ] Safepoint "Cleanup", Time since last: 1003580170 ns, Reaching safepoint: 397182 ns, At safepoint: 6515 ns, Total: 403697 ns
[2022-06-28T06:32:39.123+0000][6][safepoint   ] Safepoint "ICBufferFull", Time since last: 1591601216 ns, Reaching safepoint: 128049 ns, At safepoint: 4613 ns, Total: 132662 ns
[2022-06-28T06:32:40.676+0000][6][safepoint   ] Safepoint "Cleanup", Time since last: 1553216070 ns, Reaching safepoint: 162428 ns, At safepoint: 4962 ns, Total: 167390 ns
[2022-06-28T06:32:41.677+0000][6][safepoint   ] Safepoint "Cleanup", Time since last: 1000114834 ns, Reaching safepoint: 828156 ns, At safepoint: 6362 ns, Total: 834518 ns
[2022-06-28T06:32:42.677+0000][6][safepoint   ] Safepoint "Cleanup", Time since last: 1000105082 ns, Reaching safepoint: 314217 ns, At safepoint: 5546 ns, Total: 319763 ns
[2022-06-28T06:32:43.679+0000][6][safepoint   ] Safepoint "Cleanup", Time since last: 1001107331 ns, Reaching safepoint: 198245 ns, At safepoint: 6088 ns, Total: 204333 ns
[2022-06-28T06:32:43.735+0000][6][gc,start    ] GC(22) Pause Young (Normal) (G1 Evacuation Pause)
[2022-06-28T06:32:43.735+0000][6][gc,task     ] GC(22) Using 1 workers of 1 for evacuation
[2022-06-28T06:32:43.735+0000][6][gc,age      ] GC(22) Desired survivor size 10485760 bytes, new threshold 15 (max threshold 15)
[2022-06-28T06:32:43.787+0000][6][gc,phases   ] GC(22)   Pre Evacuate Collection Set: 0.0ms
[2022-06-28T06:32:43.787+0000][6][gc,phases   ] GC(22)   Merge Heap Roots: 0.1ms
[2022-06-28T06:32:43.787+0000][6][gc,phases   ] GC(22)   Evacuate Collection Set: 48.6ms
[2022-06-28T06:32:43.787+0000][6][gc,phases   ] GC(22)   Post Evacuate Collection Set: 3.4ms
[2022-06-28T06:32:43.787+0000][6][gc,phases   ] GC(22)   Other: 0.1ms
[2022-06-28T06:32:43.787+0000][6][gc,age      ] GC(22) Age table with threshold 15 (max threshold 15)
[2022-06-28T06:32:43.787+0000][6][gc,age      ] GC(22) - age   1:    4362296 bytes,    4362296 total
[2022-06-28T06:32:43.787+0000][6][gc,age      ] GC(22) - age   2:     192680 bytes,    4554976 total
[2022-06-28T06:32:43.787+0000][6][gc,age      ] GC(22) - age   3:    5635592 bytes,   10190568 total
[2022-06-28T06:32:43.787+0000][6][gc,age      ] GC(22) - age   4:     853280 bytes,   11043848 total
[2022-06-28T06:32:43.787+0000][6][gc,heap     ] GC(22) Eden regions: 34->0(33)
[2022-06-28T06:32:43.787+0000][6][gc,heap     ] GC(22) Survivor regions: 2->3(5)
[2022-06-28T06:32:43.787+0000][6][gc,heap     ] GC(22) Old regions: 11->11
[2022-06-28T06:32:43.787+0000][6][gc,heap     ] GC(22) Archive regions: 2->2
[2022-06-28T06:32:43.787+0000][6][gc,heap     ] GC(22) Humongous regions: 0->0
[2022-06-28T06:32:43.787+0000][6][gc,metaspace] GC(22) Metaspace: 59611K(60992K)->59611K(60992K) NonClass: 51790K(52608K)->51790K(52608K) Class: 7821K(8384K)->7821K(8384K)
[2022-06-28T06:32:43.787+0000][6][gc          ] GC(22) Pause Young (Normal) (G1 Evacuation Pause) 191M->59M(256M) 52.519ms
[2022-06-28T06:32:43.787+0000][6][gc,cpu      ] GC(22) User=0.03s Sys=0.00s Real=0.05s
[2022-06-28T06:32:43.787+0000][6][safepoint   ] Safepoint "G1CollectForAllocation", Time since last: 55799803 ns, Reaching safepoint: 21357 ns, At safepoint: 52568867 ns, Total: 52590224 ns
[2022-06-28T06:32:44.798+0000][6][safepoint   ] Safepoint "Cleanup", Time since last: 1003417362 ns, Reaching safepoint: 7373626 ns, At safepoint: 6817 ns, Total: 7380443 ns
[2022-06-28T06:32:45.195+0000][6][gc,start    ] GC(23) Pause Young (Concurrent Start) (Metadata GC Threshold)
[2022-06-28T06:32:45.195+0000][6][gc,task     ] GC(23) Using 1 workers of 1 for evacuation
[2022-06-28T06:32:45.195+0000][6][gc,age      ] GC(23) Desired survivor size 10485760 bytes, new threshold 4 (max threshold 15)
[2022-06-28T06:32:45.251+0000][6][gc,phases   ] GC(23)   Pre Evacuate Collection Set: 0.1ms
[2022-06-28T06:32:45.251+0000][6][gc,phases   ] GC(23)   Merge Heap Roots: 0.1ms
[2022-06-28T06:32:45.251+0000][6][gc,phases   ] GC(23)   Evacuate Collection Set: 52.3ms
[2022-06-28T06:32:45.251+0000][6][gc,phases   ] GC(23)   Post Evacuate Collection Set: 2.4ms
[2022-06-28T06:32:45.251+0000][6][gc,phases   ] GC(23)   Other: 0.7ms
[2022-06-28T06:32:45.251+0000][6][gc,age      ] GC(23) Age table with threshold 4 (max threshold 15)
[2022-06-28T06:32:45.251+0000][6][gc,age      ] GC(23) - age   1:    1307848 bytes,    1307848 total
[2022-06-28T06:32:45.251+0000][6][gc,age      ] GC(23) - age   2:    4206464 bytes,    5514312 total
[2022-06-28T06:32:45.251+0000][6][gc,age      ] GC(23) - age   3:     192680 bytes,    5706992 total
[2022-06-28T06:32:45.251+0000][6][gc,age      ] GC(23) - age   4:    5635560 bytes,   11342552 total
[2022-06-28T06:32:45.251+0000][6][gc,heap     ] GC(23) Eden regions: 21->0(33)
[2022-06-28T06:32:45.251+0000][6][gc,heap     ] GC(23) Survivor regions: 3->3(5)
[2022-06-28T06:32:45.251+0000][6][gc,heap     ] GC(23) Old regions: 11->12
[2022-06-28T06:32:45.251+0000][6][gc,heap     ] GC(23) Archive regions: 2->2
[2022-06-28T06:32:45.251+0000][6][gc,heap     ] GC(23) Humongous regions: 0->0
[2022-06-28T06:32:45.251+0000][6][gc,metaspace] GC(23) Metaspace: 60377K(61696K)->60377K(61696K) NonClass: 52464K(53248K)->52464K(53248K) Class: 7912K(8448K)->7912K(8448K)
[2022-06-28T06:32:45.251+0000][6][gc          ] GC(23) Pause Young (Concurrent Start) (Metadata GC Threshold) 141M->60M(256M) 55.745ms
[2022-06-28T06:32:45.251+0000][6][gc,cpu      ] GC(23) User=0.03s Sys=0.00s Real=0.05s
[2022-06-28T06:32:45.251+0000][6][safepoint   ] Safepoint "CollectForMetadataAllocation", Time since last: 397172572 ns, Reaching safepoint: 37722 ns, At safepoint: 55856273 ns, Total: 55893995 ns
[2022-06-28T06:32:45.251+0000][6][gc          ] GC(24) Concurrent Mark Cycle
[2022-06-28T06:32:45.251+0000][6][gc,marking  ] GC(24) Concurrent Clear Claimed Marks
[2022-06-28T06:32:45.251+0000][6][gc,marking  ] GC(24) Concurrent Clear Claimed Marks 0.063ms
[2022-06-28T06:32:45.251+0000][6][gc,marking  ] GC(24) Concurrent Scan Root Regions
[2022-06-28T06:32:45.315+0000][6][gc,marking  ] GC(24) Concurrent Scan Root Regions 63.596ms
[2022-06-28T06:32:45.315+0000][6][gc,marking  ] GC(24) Concurrent Mark
[2022-06-28T06:32:45.315+0000][6][gc,marking  ] GC(24) Concurrent Mark From Roots
[2022-06-28T06:32:45.315+0000][6][gc,task     ] GC(24) Using 1 workers of 1 for marking
[2022-06-28T06:32:45.370+0000][6][safepoint   ] Safepoint "CollectForMetadataAllocation", Time since last: 112232554 ns, Reaching safepoint: 6582687 ns, At safepoint: 71859 ns, Total: 6654546 ns
[2022-06-28T06:32:45.619+0000][6][safepoint   ] Safepoint "CollectForMetadataAllocation", Time since last: 235655134 ns, Reaching safepoint: 13067967 ns, At safepoint: 64817 ns, Total: 13132784 ns
[2022-06-28T06:32:45.733+0000][6][gc,marking  ] GC(24) Concurrent Mark From Roots 417.756ms
[2022-06-28T06:32:45.733+0000][6][gc,marking  ] GC(24) Concurrent Preclean
[2022-06-28T06:32:45.733+0000][6][gc,marking  ] GC(24) Concurrent Preclean 0.144ms
[2022-06-28T06:32:45.733+0000][6][gc,start    ] GC(24) Pause Remark
[2022-06-28T06:32:45.769+0000][6][gc          ] GC(24) Pause Remark 66M->66M(256M) 35.657ms
[2022-06-28T06:32:45.769+0000][6][gc,cpu      ] GC(24) User=0.01s Sys=0.00s Real=0.04s
[2022-06-28T06:32:45.769+0000][6][safepoint   ] Safepoint "G1Concurrent", Time since last: 114087041 ns, Reaching safepoint: 141447 ns, At safepoint: 35745275 ns, Total: 35886722 ns
[2022-06-28T06:32:45.774+0000][6][gc,marking  ] GC(24) Concurrent Mark 459.760ms
[2022-06-28T06:32:45.775+0000][6][gc,marking  ] GC(24) Concurrent Rebuild Remembered Sets
[2022-06-28T06:32:45.979+0000][6][gc,marking  ] GC(24) Concurrent Rebuild Remembered Sets 203.974ms
[2022-06-28T06:32:45.979+0000][6][gc,start    ] GC(24) Pause Cleanup
[2022-06-28T06:32:45.979+0000][6][gc          ] GC(24) Pause Cleanup 68M->68M(256M) 0.050ms
[2022-06-28T06:32:45.979+0000][6][gc,cpu      ] GC(24) User=0.00s Sys=0.00s Real=0.00s
[2022-06-28T06:32:45.979+0000][6][safepoint   ] Safepoint "G1Concurrent", Time since last: 209949788 ns, Reaching safepoint: 521300 ns, At safepoint: 85081 ns, Total: 606381 ns
[2022-06-28T06:32:45.979+0000][6][gc,marking  ] GC(24) Concurrent Cleanup for Next Mark
[2022-06-28T06:32:45.986+0000][6][gc,marking  ] GC(24) Concurrent Cleanup for Next Mark 6.624ms
[2022-06-28T06:32:45.986+0000][6][gc          ] GC(24) Concurrent Mark Cycle 734.821ms
[2022-06-28T06:32:46.980+0000][6][safepoint   ] Safepoint "Cleanup", Time since last: 1000092977 ns, Reaching safepoint: 283430 ns, At safepoint: 6155 ns, Total: 289585 ns
[2022-06-28T06:32:47.983+0000][6][safepoint   ] Safepoint "Cleanup", Time since last: 1002960066 ns, Reaching safepoint: 181997 ns, At safepoint: 5980 ns, Total: 187977 ns
[2022-06-28T06:32:48.991+0000][6][safepoint   ] Safepoint "Cleanup", Time since last: 1002110244 ns, Reaching safepoint: 5848805 ns, At safepoint: 7366 ns, Total: 5856171 ns
[2022-06-28T06:32:50.399+0000][6][safepoint   ] Safepoint "Cleanup", Time since last: 1406289112 ns, Reaching safepoint: 2427936 ns, At safepoint: 7748 ns, Total: 2435684 ns
[2022-06-28T06:32:51.626+0000][6][safepoint   ] Safepoint "Cleanup", Time since last: 1223314132 ns, Reaching safepoint: 3241124 ns, At safepoint: 7175 ns, Total: 3248299 ns
[2022-06-28T06:32:52.774+0000][6][gc,start    ] GC(25) Pause Young (Normal) (G1 Evacuation Pause)
[2022-06-28T06:32:52.774+0000][6][gc,task     ] GC(25) Using 1 workers of 1 for evacuation
[2022-06-28T06:32:52.774+0000][6][gc,age      ] GC(25) Desired survivor size 10485760 bytes, new threshold 4 (max threshold 15)
[2022-06-28T06:32:52.888+0000][6][gc,phases   ] GC(25)   Pre Evacuate Collection Set: 0.0ms
[2022-06-28T06:32:52.888+0000][6][gc,phases   ] GC(25)   Merge Heap Roots: 0.1ms
[2022-06-28T06:32:52.888+0000][6][gc,phases   ] GC(25)   Evacuate Collection Set: 109.4ms
[2022-06-28T06:32:52.888+0000][6][gc,phases   ] GC(25)   Post Evacuate Collection Set: 3.9ms
[2022-06-28T06:32:52.888+0000][6][gc,phases   ] GC(25)   Other: 0.1ms
[2022-06-28T06:32:52.888+0000][6][gc,age      ] GC(25) Age table with threshold 4 (max threshold 15)
[2022-06-28T06:32:52.888+0000][6][gc,age      ] GC(25) - age   1:    8204288 bytes,    8204288 total
[2022-06-28T06:32:52.888+0000][6][gc,age      ] GC(25) - age   2:    1290552 bytes,    9494840 total
[2022-06-28T06:32:52.888+0000][6][gc,age      ] GC(25) - age   3:    4165464 bytes,   13660304 total
[2022-06-28T06:32:52.888+0000][6][gc,age      ] GC(25) - age   4:     192384 bytes,   13852688 total
[2022-06-28T06:32:52.888+0000][6][gc,heap     ] GC(25) Eden regions: 33->0(30)
[2022-06-28T06:32:52.888+0000][6][gc,heap     ] GC(25) Survivor regions: 3->4(5)
[2022-06-28T06:32:52.888+0000][6][gc,heap     ] GC(25) Old regions: 12->13
[2022-06-28T06:32:52.888+0000][6][gc,heap     ] GC(25) Archive regions: 2->2
[2022-06-28T06:32:52.888+0000][6][gc,heap     ] GC(25) Humongous regions: 0->0
[2022-06-28T06:32:52.888+0000][6][gc,metaspace] GC(25) Metaspace: 80157K(81920K)->80157K(81920K) NonClass: 69403K(70400K)->69403K(70400K) Class: 10754K(11520K)->10754K(11520K)
[2022-06-28T06:32:52.888+0000][6][gc          ] GC(25) Pause Young (Normal) (G1 Evacuation Pause) 192M->68M(256M) 113.762ms
[2022-06-28T06:32:52.888+0000][6][gc,cpu      ] GC(25) User=0.05s Sys=0.00s Real=0.12s
[2022-06-28T06:32:52.888+0000][6][safepoint   ] Safepoint "G1CollectForAllocation", Time since last: 1148291611 ns, Reaching safepoint: 55956 ns, At safepoint: 113825216 ns, Total: 113881172 ns
[2022-06-28T06:32:53.891+0000][6][safepoint   ] Safepoint "Cleanup", Time since last: 1002389113 ns, Reaching safepoint: 182558 ns, At safepoint: 5240 ns, Total: 187798 ns
[2022-06-28T06:32:54.897+0000][6][safepoint   ] Safepoint "Cleanup", Time since last: 1006226348 ns, Reaching safepoint: 286053 ns, At safepoint: 6703 ns, Total: 292756 ns
[2022-06-28T06:32:55.899+0000][6][safepoint   ] Safepoint "Cleanup", Time since last: 1001100808 ns, Reaching safepoint: 450859 ns, At safepoint: 7044 ns, Total: 457903 ns
[2022-06-28T06:32:56.936+0000][6][safepoint   ] Safepoint "ICBufferFull", Time since last: 1036713425 ns, Reaching safepoint: 144028 ns, At safepoint: 4385 ns, Total: 148413 ns
[2022-06-28T06:32:58.207+0000][6][safepoint   ] Safepoint "Cleanup", Time since last: 1271516017 ns, Reaching safepoint: 79871 ns, At safepoint: 3467 ns, Total: 83338 ns
[2022-06-28T06:32:59.611+0000][6][safepoint   ] Safepoint "Cleanup", Time since last: 1401936461 ns, Reaching safepoint: 1388973 ns, At safepoint: 7674 ns, Total: 1396647 ns
[2022-06-28T06:32:59.690+0000][6][gc,start    ] GC(26) Pause Young (Normal) (G1 Evacuation Pause)
[2022-06-28T06:32:59.690+0000][6][gc,task     ] GC(26) Using 1 workers of 1 for evacuation
[2022-06-28T06:32:59.690+0000][6][gc,age      ] GC(26) Desired survivor size 10485760 bytes, new threshold 3 (max threshold 15)
[2022-06-28T06:32:59.863+0000][6][gc,phases   ] GC(26)   Pre Evacuate Collection Set: 0.1ms
[2022-06-28T06:32:59.863+0000][6][gc,phases   ] GC(26)   Merge Heap Roots: 0.1ms
[2022-06-28T06:32:59.863+0000][6][gc,phases   ] GC(26)   Evacuate Collection Set: 167.1ms
[2022-06-28T06:32:59.863+0000][6][gc,phases   ] GC(26)   Post Evacuate Collection Set: 6.1ms
[2022-06-28T06:32:59.863+0000][6][gc,phases   ] GC(26)   Other: 0.1ms
[2022-06-28T06:32:59.863+0000][6][gc,age      ] GC(26) Age table with threshold 3 (max threshold 15)
[2022-06-28T06:32:59.863+0000][6][gc,age      ] GC(26) - age   1:    6232328 bytes,    6232328 total
[2022-06-28T06:32:59.863+0000][6][gc,age      ] GC(26) - age   2:    7558784 bytes,   13791112 total
[2022-06-28T06:32:59.863+0000][6][gc,age      ] GC(26) - age   3:    1288080 bytes,   15079192 total
[2022-06-28T06:32:59.863+0000][6][gc,heap     ] GC(26) Eden regions: 30->0(30)
[2022-06-28T06:32:59.863+0000][6][gc,heap     ] GC(26) Survivor regions: 4->4(5)
[2022-06-28T06:32:59.863+0000][6][gc,heap     ] GC(26) Old regions: 13->14
[2022-06-28T06:32:59.863+0000][6][gc,heap     ] GC(26) Archive regions: 2->2
[2022-06-28T06:32:59.863+0000][6][gc,heap     ] GC(26) Humongous regions: 0->0
[2022-06-28T06:32:59.863+0000][6][gc,metaspace] GC(26) Metaspace: 95771K(98624K)->95771K(98624K) NonClass: 82662K(84160K)->82662K(84160K) Class: 13109K(14464K)->13109K(14464K)
[2022-06-28T06:32:59.863+0000][6][gc          ] GC(26) Pause Young (Normal) (G1 Evacuation Pause) 188M->74M(256M) 173.669ms
[2022-06-28T06:32:59.863+0000][6][gc,cpu      ] GC(26) User=0.09s Sys=0.00s Real=0.17s
[2022-06-28T06:32:59.863+0000][6][safepoint   ] Safepoint "G1CollectForAllocation", Time since last: 79014921 ns, Reaching safepoint: 26583 ns, At safepoint: 173734495 ns, Total: 173761078 ns
[2022-06-28T06:33:00.863+0000][6][safepoint   ] Safepoint "Cleanup", Time since last: 1000091069 ns, Reaching safepoint: 32080 ns, At safepoint: 4099 ns, Total: 36179 ns
[2022-06-28T06:33:01.873+0000][6][safepoint   ] Safepoint "Cleanup", Time since last: 1003031744 ns, Reaching safepoint: 6012818 ns, At safepoint: 10053 ns, Total: 6022871 ns
[2022-06-28T06:33:02.873+0000][6][safepoint   ] Safepoint "Cleanup", Time since last: 1000137345 ns, Reaching safepoint: 46666 ns, At safepoint: 4152 ns, Total: 50818 ns
[2022-06-28T06:33:03.873+0000][6][safepoint   ] Safepoint "Cleanup", Time since last: 1000262978 ns, Reaching safepoint: 90558 ns, At safepoint: 4366 ns, Total: 94924 ns
[2022-06-28T06:33:05.138+0000][6][safepoint   ] Safepoint "Cleanup", Time since last: 1264486674 ns, Reaching safepoint: 104584 ns, At safepoint: 4153 ns, Total: 108737 ns
[2022-06-28T06:33:06.141+0000][6][safepoint   ] Safepoint "Cleanup", Time since last: 1003016021 ns, Reaching safepoint: 327852 ns, At safepoint: 10581 ns, Total: 338433 ns
[2022-06-28T06:33:06.268+0000][6][gc,start    ] GC(27) Pause Young (Concurrent Start) (Metadata GC Threshold)
[2022-06-28T06:33:06.268+0000][6][gc,task     ] GC(27) Using 1 workers of 1 for evacuation
[2022-06-28T06:33:06.268+0000][6][gc,age      ] GC(27) Desired survivor size 10485760 bytes, new threshold 2 (max threshold 15)
[2022-06-28T06:33:06.365+0000][6][gc,phases   ] GC(27)   Pre Evacuate Collection Set: 0.2ms
[2022-06-28T06:33:06.365+0000][6][gc,phases   ] GC(27)   Merge Heap Roots: 0.1ms
[2022-06-28T06:33:06.365+0000][6][gc,phases   ] GC(27)   Evacuate Collection Set: 94.5ms
[2022-06-28T06:33:06.365+0000][6][gc,phases   ] GC(27)   Post Evacuate Collection Set: 1.8ms
[2022-06-28T06:33:06.365+0000][6][gc,phases   ] GC(27)   Other: 0.1ms
[2022-06-28T06:33:06.365+0000][6][gc,age      ] GC(27) Age table with threshold 2 (max threshold 15)
[2022-06-28T06:33:06.365+0000][6][gc,age      ] GC(27) - age   1:    3965048 bytes,    3965048 total
[2022-06-28T06:33:06.365+0000][6][gc,age      ] GC(27) - age   2:    5755552 bytes,    9720600 total
[2022-06-28T06:33:06.365+0000][6][gc,heap     ] GC(27) Eden regions: 23->0(27)
[2022-06-28T06:33:06.365+0000][6][gc,heap     ] GC(27) Survivor regions: 4->3(5)
[2022-06-28T06:33:06.365+0000][6][gc,heap     ] GC(27) Old regions: 14->16
[2022-06-28T06:33:06.365+0000][6][gc,heap     ] GC(27) Archive regions: 2->2
[2022-06-28T06:33:06.365+0000][6][gc,heap     ] GC(27) Humongous regions: 2->2
[2022-06-28T06:33:06.365+0000][6][gc,metaspace] GC(27) Metaspace: 101637K(104448K)->101637K(104448K) NonClass: 87675K(89152K)->87675K(89152K) Class: 13962K(15296K)->13962K(15296K)
[2022-06-28T06:33:06.365+0000][6][gc          ] GC(27) Pause Young (Concurrent Start) (Metadata GC Threshold) 171M->85M(256M) 97.000ms
[2022-06-28T06:33:06.365+0000][6][gc,cpu      ] GC(27) User=0.05s Sys=0.00s Real=0.09s
[2022-06-28T06:33:06.365+0000][6][safepoint   ] Safepoint "CollectForMetadataAllocation", Time since last: 126245716 ns, Reaching safepoint: 381245 ns, At safepoint: 97118119 ns, Total: 97499364 ns
[2022-06-28T06:33:06.366+0000][6][gc          ] GC(28) Concurrent Mark Cycle
[2022-06-28T06:33:06.367+0000][6][gc,marking  ] GC(28) Concurrent Clear Claimed Marks
[2022-06-28T06:33:06.367+0000][6][gc,marking  ] GC(28) Concurrent Clear Claimed Marks 0.199ms
[2022-06-28T06:33:06.367+0000][6][gc,marking  ] GC(28) Concurrent Scan Root Regions
[2022-06-28T06:33:06.399+0000][6][safepoint   ] Safepoint "CollectForMetadataAllocation", Time since last: 26158406 ns, Reaching safepoint: 7599783 ns, At safepoint: 14510 ns, Total: 7614293 ns
[2022-06-28T06:33:06.442+0000][6][gc,marking  ] GC(28) Concurrent Scan Root Regions 75.351ms
[2022-06-28T06:33:06.442+0000][6][gc,marking  ] GC(28) Concurrent Mark
[2022-06-28T06:33:06.442+0000][6][gc,marking  ] GC(28) Concurrent Mark From Roots
[2022-06-28T06:33:06.442+0000][6][gc,task     ] GC(28) Using 1 workers of 1 for marking
[2022-06-28T06:33:06.605+0000][6][safepoint   ] Safepoint "CollectForMetadataAllocation", Time since last: 200715263 ns, Reaching safepoint: 5329786 ns, At safepoint: 55710 ns, Total: 5385496 ns
[2022-06-28T06:33:06.963+0000][6][gc,marking  ] GC(28) Concurrent Mark From Roots 520.377ms
[2022-06-28T06:33:06.963+0000][6][gc,marking  ] GC(28) Concurrent Preclean
[2022-06-28T06:33:06.963+0000][6][gc,marking  ] GC(28) Concurrent Preclean 0.192ms
[2022-06-28T06:33:06.963+0000][6][gc,start    ] GC(28) Pause Remark
[2022-06-28T06:33:07.003+0000][6][gc          ] GC(28) Pause Remark 93M->93M(256M) 39.688ms
[2022-06-28T06:33:07.003+0000][6][gc,cpu      ] GC(28) User=0.02s Sys=0.00s Real=0.04s
[2022-06-28T06:33:07.003+0000][6][safepoint   ] Safepoint "G1Concurrent", Time since last: 358159220 ns, Reaching safepoint: 45390 ns, At safepoint: 39783368 ns, Total: 39828758 ns
[2022-06-28T06:33:07.004+0000][6][gc,marking  ] GC(28) Concurrent Mark 561.610ms
[2022-06-28T06:33:07.004+0000][6][gc,marking  ] GC(28) Concurrent Rebuild Remembered Sets
[2022-06-28T06:33:07.247+0000][6][gc,marking  ] GC(28) Concurrent Rebuild Remembered Sets 242.935ms
[2022-06-28T06:33:07.247+0000][6][gc,start    ] GC(28) Pause Cleanup
[2022-06-28T06:33:07.247+0000][6][gc          ] GC(28) Pause Cleanup 96M->96M(256M) 0.044ms
[2022-06-28T06:33:07.247+0000][6][gc,cpu      ] GC(28) User=0.00s Sys=0.00s Real=0.00s
[2022-06-28T06:33:07.247+0000][6][safepoint   ] Safepoint "G1Concurrent", Time since last: 244119333 ns, Reaching safepoint: 57075 ns, At safepoint: 79513 ns, Total: 136588 ns
[2022-06-28T06:33:07.247+0000][6][gc,marking  ] GC(28) Concurrent Cleanup for Next Mark
[2022-06-28T06:33:07.248+0000][6][gc,marking  ] GC(28) Concurrent Cleanup for Next Mark 0.692ms
[2022-06-28T06:33:07.248+0000][6][gc          ] GC(28) Concurrent Mark Cycle 881.118ms
[2022-06-28T06:33:08.247+0000][6][safepoint   ] Safepoint "Cleanup", Time since last: 1000110772 ns, Reaching safepoint: 50325 ns, At safepoint: 7648 ns, Total: 57973 ns
[2022-06-28T06:33:09.247+0000][6][safepoint   ] Safepoint "Cleanup", Time since last: 1000164116 ns, Reaching safepoint: 61243 ns, At safepoint: 8883 ns, Total: 70126 ns
[2022-06-28T06:33:11.248+0000][6][safepoint   ] Safepoint "Cleanup", Time since last: 2000265818 ns, Reaching safepoint: 35495 ns, At safepoint: 4539 ns, Total: 40034 ns
[2022-06-28T06:33:12.248+0000][6][safepoint   ] Safepoint "Cleanup", Time since last: 1000142690 ns, Reaching safepoint: 45945 ns, At safepoint: 5260 ns, Total: 51205 ns
[2022-06-28T06:33:13.248+0000][6][safepoint   ] Safepoint "Cleanup", Time since last: 1000144823 ns, Reaching safepoint: 39466 ns, At safepoint: 4813 ns, Total: 44279 ns
[2022-06-28T06:33:16.248+0000][6][safepoint   ] Safepoint "Cleanup", Time since last: 3000444831 ns, Reaching safepoint: 58417 ns, At safepoint: 14064 ns, Total: 72481 ns
[2022-06-28T06:33:19.249+0000][6][safepoint   ] Safepoint "Cleanup", Time since last: 3000355612 ns, Reaching safepoint: 37036 ns, At safepoint: 4617 ns, Total: 41653 ns
[2022-06-28T06:33:20.249+0000][6][safepoint   ] Safepoint "Cleanup", Time since last: 1000163662 ns, Reaching safepoint: 36458 ns, At safepoint: 4315 ns, Total: 40773 ns
[2022-06-28T06:33:21.249+0000][6][safepoint   ] Safepoint "Cleanup", Time since last: 1000141182 ns, Reaching safepoint: 42412 ns, At safepoint: 4783 ns, Total: 47195 ns
[2022-06-28T06:33:23.250+0000][6][safepoint   ] Safepoint "Cleanup", Time since last: 2000204401 ns, Reaching safepoint: 46635 ns, At safepoint: 4823 ns, Total: 51458 ns
[2022-06-28T06:33:24.250+0000][6][safepoint   ] Safepoint "Cleanup", Time since last: 1000126348 ns, Reaching safepoint: 38834 ns, At safepoint: 5456 ns, Total: 44290 ns
[2022-06-28T06:33:25.250+0000][6][safepoint   ] Safepoint "Cleanup", Time since last: 1000155575 ns, Reaching safepoint: 36886 ns, At safepoint: 4939 ns, Total: 41825 ns
[2022-06-28T06:33:26.250+0000][6][safepoint   ] Safepoint "Cleanup", Time since last: 1000126209 ns, Reaching safepoint: 38147 ns, At safepoint: 4437 ns, Total: 42584 ns
[2022-06-28T06:33:27.250+0000][6][safepoint   ] Safepoint "Cleanup", Time since last: 1000145421 ns, Reaching safepoint: 37617 ns, At safepoint: 4753 ns, Total: 42370 ns
[2022-06-28T06:33:29.251+0000][6][safepoint   ] Safepoint "Cleanup", Time since last: 2000258755 ns, Reaching safepoint: 44552 ns, At safepoint: 4525 ns, Total: 49077 ns
[2022-06-28T06:33:30.251+0000][6][safepoint   ] Safepoint "Cleanup", Time since last: 1000124041 ns, Reaching safepoint: 38276 ns, At safepoint: 4821 ns, Total: 43097 ns
[2022-06-28T06:33:31.251+0000][6][safepoint   ] Safepoint "Cleanup", Time since last: 1000159088 ns, Reaching safepoint: 61111 ns, At safepoint: 4740 ns, Total: 65851 ns
[2022-06-28T06:33:32.251+0000][6][safepoint   ] Safepoint "Cleanup", Time since last: 1000122515 ns, Reaching safepoint: 36314 ns, At safepoint: 4780 ns, Total: 41094 ns
[2022-06-28T06:33:33.251+0000][6][safepoint   ] Safepoint "Cleanup", Time since last: 1000121758 ns, Reaching safepoint: 40261 ns, At safepoint: 4546 ns, Total: 44807 ns
[2022-06-28T06:33:34.251+0000][6][safepoint   ] Safepoint "Cleanup", Time since last: 1000141419 ns, Reaching safepoint: 38227 ns, At safepoint: 4522 ns, Total: 42749 ns
[2022-06-28T06:33:35.252+0000][6][safepoint   ] Safepoint "Cleanup", Time since last: 1000121616 ns, Reaching safepoint: 55907 ns, At safepoint: 4589 ns, Total: 60496 ns
[2022-06-28T06:33:36.252+0000][6][safepoint   ] Safepoint "Cleanup", Time since last: 1000141947 ns, Reaching safepoint: 42258 ns, At safepoint: 4710 ns, Total: 46968 ns
[2022-06-28T06:33:37.252+0000][6][safepoint   ] Safepoint "Cleanup", Time since last: 1000146695 ns, Reaching safepoint: 38290 ns, At safepoint: 4429 ns, Total: 42719 ns
[2022-06-28T06:33:38.252+0000][6][safepoint   ] Safepoint "Cleanup", Time since last: 1000166917 ns, Reaching safepoint: 42745 ns, At safepoint: 5282 ns, Total: 48027 ns
[2022-06-28T06:33:39.252+0000][6][safepoint   ] Safepoint "Cleanup", Time since last: 1000149281 ns, Reaching safepoint: 40080 ns, At safepoint: 4875 ns, Total: 44955 ns
[2022-06-28T06:33:40.253+0000][6][safepoint   ] Safepoint "Cleanup", Time since last: 1000149815 ns, Reaching safepoint: 49706 ns, At safepoint: 5121 ns, Total: 54827 ns
[2022-06-28T06:33:43.253+0000][6][safepoint   ] Safepoint "Cleanup", Time since last: 3000350514 ns, Reaching safepoint: 43522 ns, At safepoint: 4858 ns, Total: 48380 ns
[2022-06-28T06:33:44.253+0000][6][safepoint   ] Safepoint "Cleanup", Time since last: 1000200469 ns, Reaching safepoint: 66760 ns, At safepoint: 9213 ns, Total: 75973 ns
[2022-06-28T06:33:45.254+0000][6][safepoint   ] Safepoint "Cleanup", Time since last: 1000187495 ns, Reaching safepoint: 38075 ns, At safepoint: 4661 ns, Total: 42736 ns
[2022-06-28T06:33:46.254+0000][6][safepoint   ] Safepoint "Cleanup", Time since last: 1000135479 ns, Reaching safepoint: 43243 ns, At safepoint: 4717 ns, Total: 47960 ns
[2022-06-28T06:33:47.254+0000][6][safepoint   ] Safepoint "Cleanup", Time since last: 1000170312 ns, Reaching safepoint: 34681 ns, At safepoint: 4133 ns, Total: 38814 ns
[2022-06-28T06:33:48.254+0000][6][safepoint   ] Safepoint "Cleanup", Time since last: 1000162081 ns, Reaching safepoint: 62080 ns, At safepoint: 9464 ns, Total: 71544 ns
[2022-06-28T06:33:49.254+0000][6][safepoint   ] Safepoint "Cleanup", Time since last: 1000164895 ns, Reaching safepoint: 40371 ns, At safepoint: 4323 ns, Total: 44694 ns
[2022-06-28T06:33:50.255+0000][6][safepoint   ] Safepoint "Cleanup", Time since last: 1000134703 ns, Reaching safepoint: 39602 ns, At safepoint: 4655 ns, Total: 44257 ns
[2022-06-28T06:33:52.255+0000][6][safepoint   ] Safepoint "Cleanup", Time since last: 2000199635 ns, Reaching safepoint: 36667 ns, At safepoint: 4676 ns, Total: 41343 ns
[2022-06-28T06:33:53.255+0000][6][safepoint   ] Safepoint "Cleanup", Time since last: 1000149536 ns, Reaching safepoint: 38516 ns, At safepoint: 4586 ns, Total: 43102 ns
[2022-06-28T06:33:55.255+0000][6][safepoint   ] Safepoint "Cleanup", Time since last: 2000276846 ns, Reaching safepoint: 35788 ns, At safepoint: 4572 ns, Total: 40360 ns
[2022-06-28T06:33:56.256+0000][6][safepoint   ] Safepoint "Cleanup", Time since last: 1000140065 ns, Reaching safepoint: 38915 ns, At safepoint: 4771 ns, Total: 43686 ns
[2022-06-28T06:33:57.256+0000][6][safepoint   ] Safepoint "Cleanup", Time since last: 1000129206 ns, Reaching safepoint: 39222 ns, At safepoint: 5553 ns, Total: 44775 ns
[2022-06-28T06:33:58.256+0000][6][safepoint   ] Safepoint "Cleanup", Time since last: 1000144912 ns, Reaching safepoint: 41514 ns, At safepoint: 9819 ns, Total: 51333 ns
[2022-06-28T06:33:59.256+0000][6][safepoint   ] Safepoint "Cleanup", Time since last: 1000141305 ns, Reaching safepoint: 45101 ns, At safepoint: 16323 ns, Total: 61424 ns
[2022-06-28T06:34:00.256+0000][6][safepoint   ] Safepoint "Cleanup", Time since last: 1000175402 ns, Reaching safepoint: 42735 ns, At safepoint: 4838 ns, Total: 47573 ns
[2022-06-28T06:34:01.257+0000][6][safepoint   ] Safepoint "Cleanup", Time since last: 1000181073 ns, Reaching safepoint: 43343 ns, At safepoint: 4442 ns, Total: 47785 ns
[2022-06-28T06:34:02.257+0000][6][safepoint   ] Safepoint "Cleanup", Time since last: 1000159126 ns, Reaching safepoint: 36231 ns, At safepoint: 4468 ns, Total: 40699 ns
[2022-06-28T06:34:03.257+0000][6][safepoint   ] Safepoint "Cleanup", Time since last: 1000160790 ns, Reaching safepoint: 42158 ns, At safepoint: 4823 ns, Total: 46981 ns
[2022-06-28T06:34:05.257+0000][6][safepoint   ] Safepoint "Cleanup", Time since last: 2000294026 ns, Reaching safepoint: 64854 ns, At safepoint: 7989 ns, Total: 72843 ns
[2022-06-28T06:34:07.258+0000][6][safepoint   ] Safepoint "Cleanup", Time since last: 2000275485 ns, Reaching safepoint: 50387 ns, At safepoint: 4377 ns, Total: 54764 ns
[2022-06-28T06:34:10.258+0000][6][safepoint   ] Safepoint "Cleanup", Time since last: 3000378531 ns, Reaching safepoint: 37204 ns, At safepoint: 4470 ns, Total: 41674 ns
[2022-06-28T06:34:11.258+0000][6][safepoint   ] Safepoint "Cleanup", Time since last: 1000131288 ns, Reaching safepoint: 37918 ns, At safepoint: 4281 ns, Total: 42199 ns
[2022-06-28T06:34:13.259+0000][6][safepoint   ] Safepoint "Cleanup", Time since last: 2000251998 ns, Reaching safepoint: 41266 ns, At safepoint: 4692 ns, Total: 45958 ns
[2022-06-28T06:34:14.259+0000][6][safepoint   ] Safepoint "Cleanup", Time since last: 1000187956 ns, Reaching safepoint: 37609 ns, At safepoint: 4553 ns, Total: 42162 ns
[2022-06-28T06:34:18.259+0000][6][safepoint   ] Safepoint "Cleanup", Time since last: 4000479129 ns, Reaching safepoint: 36763 ns, At safepoint: 4562 ns, Total: 41325 ns
[2022-06-28T06:34:19.259+0000][6][safepoint   ] Safepoint "Cleanup", Time since last: 1000131248 ns, Reaching safepoint: 38046 ns, At safepoint: 4549 ns, Total: 42595 ns
[2022-06-28T06:34:22.260+0000][6][safepoint   ] Safepoint "Cleanup", Time since last: 3000319347 ns, Reaching safepoint: 36722 ns, At safepoint: 4581 ns, Total: 41303 ns
[2022-06-28T06:34:23.260+0000][6][safepoint   ] Safepoint "Cleanup", Time since last: 1000122814 ns, Reaching safepoint: 34918 ns, At safepoint: 4945 ns, Total: 39863 ns
[2022-06-28T06:34:24.260+0000][6][safepoint   ] Safepoint "Cleanup", Time since last: 1000139878 ns, Reaching safepoint: 39210 ns, At safepoint: 4528 ns, Total: 43738 ns
[2022-06-28T06:34:25.260+0000][6][safepoint   ] Safepoint "Cleanup", Time since last: 1000158125 ns, Reaching safepoint: 37752 ns, At safepoint: 4710 ns, Total: 42462 ns
[2022-06-28T06:34:26.261+0000][6][safepoint   ] Safepoint "Cleanup", Time since last: 1000133330 ns, Reaching safepoint: 35733 ns, At safepoint: 4412 ns, Total: 40145 ns
[2022-06-28T06:34:27.261+0000][6][safepoint   ] Safepoint "Cleanup", Time since last: 1000157698 ns, Reaching safepoint: 37802 ns, At safepoint: 5176 ns, Total: 42978 ns
[2022-06-28T06:34:28.261+0000][6][safepoint   ] Safepoint "Cleanup", Time since last: 1000151593 ns, Reaching safepoint: 41147 ns, At safepoint: 5123 ns, Total: 46270 ns
[2022-06-28T06:34:29.261+0000][6][safepoint   ] Safepoint "Cleanup", Time since last: 1000121458 ns, Reaching safepoint: 34528 ns, At safepoint: 4426 ns, Total: 38954 ns
[2022-06-28T06:34:30.261+0000][6][safepoint   ] Safepoint "Cleanup", Time since last: 1000145914 ns, Reaching safepoint: 38470 ns, At safepoint: 4927 ns, Total: 43397 ns
[2022-06-28T06:34:31.261+0000][6][safepoint   ] Safepoint "Cleanup", Time since last: 1000150578 ns, Reaching safepoint: 36653 ns, At safepoint: 4348 ns, Total: 41001 ns
[2022-06-28T06:34:32.262+0000][6][safepoint   ] Safepoint "Cleanup", Time since last: 1000143914 ns, Reaching safepoint: 34148 ns, At safepoint: 4403 ns, Total: 38551 ns
[2022-06-28T06:34:33.262+0000][6][safepoint   ] Safepoint "Cleanup", Time since last: 1000119844 ns, Reaching safepoint: 39544 ns, At safepoint: 4289 ns, Total: 43833 ns
[2022-06-28T06:34:34.263+0000][6][safepoint   ] Safepoint "Cleanup", Time since last: 1001430660 ns, Reaching safepoint: 35043 ns, At safepoint: 4537 ns, Total: 39580 ns
[2022-06-28T06:34:35.263+0000][6][safepoint   ] Safepoint "Cleanup", Time since last: 1000138384 ns, Reaching safepoint: 36069 ns, At safepoint: 4558 ns, Total: 40627 ns
[2022-06-28T06:34:36.264+0000][6][safepoint   ] Safepoint "Cleanup", Time since last: 1000122860 ns, Reaching safepoint: 65918 ns, At safepoint: 4958 ns, Total: 70876 ns
[2022-06-28T06:34:38.264+0000][6][safepoint   ] Safepoint "Cleanup", Time since last: 2000238314 ns, Reaching safepoint: 60850 ns, At safepoint: 8917 ns, Total: 69767 ns
[2022-06-28T06:34:39.264+0000][6][safepoint   ] Safepoint "Cleanup", Time since last: 1000159242 ns, Reaching safepoint: 40374 ns, At safepoint: 4677 ns, Total: 45051 ns
[2022-06-28T06:34:43.265+0000][6][safepoint   ] Safepoint "Cleanup", Time since last: 4000478641 ns, Reaching safepoint: 39599 ns, At safepoint: 4448 ns, Total: 44047 ns
[2022-06-28T06:34:44.071+0000][6][gc,start    ] GC(29) Pause Young (Normal) (G1 Evacuation Pause)
[2022-06-28T06:34:44.071+0000][6][gc,task     ] GC(29) Using 1 workers of 1 for evacuation
[2022-06-28T06:34:44.071+0000][6][gc,age      ] GC(29) Desired survivor size 8388608 bytes, new threshold 2 (max threshold 15)
[2022-06-28T06:34:44.098+0000][6][gc,phases   ] GC(29)   Pre Evacuate Collection Set: 0.0ms
[2022-06-28T06:34:44.098+0000][6][gc,phases   ] GC(29)   Merge Heap Roots: 0.1ms
[2022-06-28T06:34:44.098+0000][6][gc,phases   ] GC(29)   Evacuate Collection Set: 25.4ms
[2022-06-28T06:34:44.098+0000][6][gc,phases   ] GC(29)   Post Evacuate Collection Set: 1.4ms
[2022-06-28T06:34:44.098+0000][6][gc,phases   ] GC(29)   Other: 0.1ms
[2022-06-28T06:34:44.098+0000][6][gc,age      ] GC(29) Age table with threshold 2 (max threshold 15)
[2022-06-28T06:34:44.098+0000][6][gc,age      ] GC(29) - age   1:     519568 bytes,     519568 total
[2022-06-28T06:34:44.098+0000][6][gc,age      ] GC(29) - age   2:    3826968 bytes,    4346536 total
[2022-06-28T06:34:44.098+0000][6][gc,heap     ] GC(29) Eden regions: 27->0(27)
[2022-06-28T06:34:44.098+0000][6][gc,heap     ] GC(29) Survivor regions: 3->2(4)
[2022-06-28T06:34:44.098+0000][6][gc,heap     ] GC(29) Old regions: 16->18
[2022-06-28T06:34:44.098+0000][6][gc,heap     ] GC(29) Archive regions: 2->2
[2022-06-28T06:34:44.098+0000][6][gc,heap     ] GC(29) Humongous regions: 2->2
[2022-06-28T06:34:44.098+0000][6][gc,metaspace] GC(29) Metaspace: 102819K(105600K)->102819K(105600K) NonClass: 88751K(90240K)->88751K(90240K) Class: 14067K(15360K)->14067K(15360K)
[2022-06-28T06:34:44.098+0000][6][gc          ] GC(29) Pause Young (Normal) (G1 Evacuation Pause) 193M->87M(256M) 27.291ms
[2022-06-28T06:34:44.098+0000][6][gc,cpu      ] GC(29) User=0.03s Sys=0.00s Real=0.03s
[2022-06-28T06:34:44.098+0000][6][safepoint   ] Safepoint "G1CollectForAllocation", Time since last: 806002319 ns, Reaching safepoint: 26722 ns, At safepoint: 27348916 ns, Total: 27375638 ns
[2022-06-28T06:34:45.098+0000][6][safepoint   ] Safepoint "Cleanup", Time since last: 1000118119 ns, Reaching safepoint: 36350 ns, At safepoint: 4839 ns, Total: 41189 ns
[2022-06-28T06:34:47.099+0000][6][safepoint   ] Safepoint "Cleanup", Time since last: 2000207002 ns, Reaching safepoint: 64232 ns, At safepoint: 5091 ns, Total: 69323 ns
[2022-06-28T06:34:49.099+0000][6][safepoint   ] Safepoint "Cleanup", Time since last: 2000256368 ns, Reaching safepoint: 39222 ns, At safepoint: 5037 ns, Total: 44259 ns
[2022-06-28T06:34:50.099+0000][6][safepoint   ] Safepoint "Cleanup", Time since last: 1000139586 ns, Reaching safepoint: 43603 ns, At safepoint: 5627 ns, Total: 49230 ns
[2022-06-28T06:34:51.099+0000][6][safepoint   ] Safepoint "Cleanup", Time since last: 1000192158 ns, Reaching safepoint: 40564 ns, At safepoint: 4908 ns, Total: 45472 ns
[2022-06-28T06:34:52.099+0000][6][safepoint   ] Safepoint "Cleanup", Time since last: 1000178112 ns, Reaching safepoint: 39417 ns, At safepoint: 4792 ns, Total: 44209 ns
[2022-06-28T06:34:53.100+0000][6][safepoint   ] Safepoint "Cleanup", Time since last: 1000177148 ns, Reaching safepoint: 38490 ns, At safepoint: 5124 ns, Total: 43614 ns
[2022-06-28T06:34:55.100+0000][6][safepoint   ] Safepoint "Cleanup", Time since last: 2000295413 ns, Reaching safepoint: 50936 ns, At safepoint: 4848 ns, Total: 55784 ns
[2022-06-28T06:34:58.100+0000][6][safepoint   ] Safepoint "Cleanup", Time since last: 3000397494 ns, Reaching safepoint: 42405 ns, At safepoint: 4687 ns, Total: 47092 ns
[2022-06-28T06:34:59.101+0000][6][safepoint   ] Safepoint "Cleanup", Time since last: 1000125866 ns, Reaching safepoint: 36407 ns, At safepoint: 4860 ns, Total: 41267 ns
[2022-06-28T06:35:01.101+0000][6][safepoint   ] Safepoint "Cleanup", Time since last: 2000289385 ns, Reaching safepoint: 40505 ns, At safepoint: 4661 ns, Total: 45166 ns
[2022-06-28T06:35:02.101+0000][6][safepoint   ] Safepoint "Cleanup", Time since last: 1000159327 ns, Reaching safepoint: 40043 ns, At safepoint: 5319 ns, Total: 45362 ns
[2022-06-28T06:35:03.101+0000][6][safepoint   ] Safepoint "Cleanup", Time since last: 1000152324 ns, Reaching safepoint: 43693 ns, At safepoint: 4790 ns, Total: 48483 ns
[2022-06-28T06:35:04.102+0000][6][safepoint   ] Safepoint "Cleanup", Time since last: 1000133296 ns, Reaching safepoint: 44117 ns, At safepoint: 4684 ns, Total: 48801 ns
[2022-06-28T06:35:05.102+0000][6][safepoint   ] Safepoint "Cleanup", Time since last: 1000165699 ns, Reaching safepoint: 43268 ns, At safepoint: 4679 ns, Total: 47947 ns
[2022-06-28T06:35:06.102+0000][6][safepoint   ] Safepoint "Cleanup", Time since last: 1000146498 ns, Reaching safepoint: 46279 ns, At safepoint: 4720 ns, Total: 50999 ns
[2022-06-28T06:35:09.102+0000][6][safepoint   ] Safepoint "Cleanup", Time since last: 3000351794 ns, Reaching safepoint: 69766 ns, At safepoint: 5246 ns, Total: 75012 ns
[2022-06-28T06:35:11.103+0000][6][safepoint   ] Safepoint "Cleanup", Time since last: 2000227736 ns, Reaching safepoint: 41264 ns, At safepoint: 4872 ns, Total: 46136 ns
[2022-06-28T06:35:12.103+0000][6][safepoint   ] Safepoint "Cleanup", Time since last: 1000163219 ns, Reaching safepoint: 39765 ns, At safepoint: 4841 ns, Total: 44606 ns
[2022-06-28T06:35:13.103+0000][6][safepoint   ] Safepoint "Cleanup", Time since last: 1000146945 ns, Reaching safepoint: 39581 ns, At safepoint: 4798 ns, Total: 44379 ns
[2022-06-28T06:35:14.103+0000][6][safepoint   ] Safepoint "Cleanup", Time since last: 1000167482 ns, Reaching safepoint: 40559 ns, At safepoint: 4949 ns, Total: 45508 ns
[2022-06-28T06:35:15.104+0000][6][safepoint   ] Safepoint "Cleanup", Time since last: 1000185163 ns, Reaching safepoint: 40396 ns, At safepoint: 4503 ns, Total: 44899 ns
[2022-06-28T06:35:16.104+0000][6][safepoint   ] Safepoint "Cleanup", Time since last: 1000157969 ns, Reaching safepoint: 37933 ns, At safepoint: 4411 ns, Total: 42344 ns
[2022-06-28T06:35:17.104+0000][6][safepoint   ] Safepoint "Cleanup", Time since last: 1000147399 ns, Reaching safepoint: 36771 ns, At safepoint: 4424 ns, Total: 41195 ns
[2022-06-28T06:35:18.104+0000][6][safepoint   ] Safepoint "Cleanup", Time since last: 1000166545 ns, Reaching safepoint: 38915 ns, At safepoint: 4847 ns, Total: 43762 ns
[2022-06-28T06:35:19.104+0000][6][safepoint   ] Safepoint "Cleanup", Time since last: 1000189723 ns, Reaching safepoint: 58843 ns, At safepoint: 8531 ns, Total: 67374 ns
[2022-06-28T06:35:23.105+0000][6][safepoint   ] Safepoint "Cleanup", Time since last: 4000478261 ns, Reaching safepoint: 37365 ns, At safepoint: 5478 ns, Total: 42843 ns
[2022-06-28T06:35:24.105+0000][6][safepoint   ] Safepoint "Cleanup", Time since last: 1000158295 ns, Reaching safepoint: 35628 ns, At safepoint: 3997 ns, Total: 39625 ns
[2022-06-28T06:35:25.105+0000][6][safepoint   ] Safepoint "Cleanup", Time since last: 1000136497 ns, Reaching safepoint: 43380 ns, At safepoint: 5127 ns, Total: 48507 ns
[2022-06-28T06:35:29.106+0000][6][safepoint   ] Safepoint "Cleanup", Time since last: 4000461042 ns, Reaching safepoint: 43536 ns, At safepoint: 4496 ns, Total: 48032 ns
[2022-06-28T06:35:30.106+0000][6][safepoint   ] Safepoint "Cleanup", Time since last: 1000171515 ns, Reaching safepoint: 37179 ns, At safepoint: 4768 ns, Total: 41947 ns
[2022-06-28T06:35:31.106+0000][6][safepoint   ] Safepoint "Cleanup", Time since last: 1000134663 ns, Reaching safepoint: 34416 ns, At safepoint: 4463 ns, Total: 38879 ns
[2022-06-28T06:35:32.106+0000][6][safepoint   ] Safepoint "Cleanup", Time since last: 1000133586 ns, Reaching safepoint: 38573 ns, At safepoint: 5152 ns, Total: 43725 ns
[2022-06-28T06:35:33.107+0000][6][safepoint   ] Safepoint "Cleanup", Time since last: 1000141555 ns, Reaching safepoint: 42254 ns, At safepoint: 4371 ns, Total: 46625 ns
[2022-06-28T06:35:34.107+0000][6][safepoint   ] Safepoint "Cleanup", Time since last: 1000118595 ns, Reaching safepoint: 45624 ns, At safepoint: 4815 ns, Total: 50439 ns
[2022-06-28T06:35:35.107+0000][6][safepoint   ] Safepoint "Cleanup", Time since last: 1000113214 ns, Reaching safepoint: 37662 ns, At safepoint: 4162 ns, Total: 41824 ns
[2022-06-28T06:35:42.108+0000][6][safepoint   ] Safepoint "Cleanup", Time since last: 7000704572 ns, Reaching safepoint: 37863 ns, At safepoint: 4541 ns, Total: 42404 ns
[2022-06-28T06:35:46.108+0000][6][safepoint   ] Safepoint "Cleanup", Time since last: 4000523546 ns, Reaching safepoint: 37427 ns, At safepoint: 4270 ns, Total: 41697 ns
[2022-06-28T06:35:47.108+0000][6][safepoint   ] Safepoint "Cleanup", Time since last: 1000185886 ns, Reaching safepoint: 42187 ns, At safepoint: 4975 ns, Total: 47162 ns
[2022-06-28T06:35:48.109+0000][6][safepoint   ] Safepoint "Cleanup", Time since last: 1000166310 ns, Reaching safepoint: 37020 ns, At safepoint: 4551 ns, Total: 41571 ns
[2022-06-28T06:35:49.109+0000][6][safepoint   ] Safepoint "Cleanup", Time since last: 1000158248 ns, Reaching safepoint: 37765 ns, At safepoint: 4912 ns, Total: 42677 ns
[2022-06-28T06:35:51.109+0000][6][safepoint   ] Safepoint "Cleanup", Time since last: 2000259845 ns, Reaching safepoint: 42116 ns, At safepoint: 4433 ns, Total: 46549 ns
[2022-06-28T06:35:52.109+0000][6][safepoint   ] Safepoint "Cleanup", Time since last: 1000163362 ns, Reaching safepoint: 39368 ns, At safepoint: 4991 ns, Total: 44359 ns
[2022-06-28T06:35:53.110+0000][6][safepoint   ] Safepoint "Cleanup", Time since last: 1000159160 ns, Reaching safepoint: 40619 ns, At safepoint: 4706 ns, Total: 45325 ns
[2022-06-28T06:35:57.110+0000][6][safepoint   ] Safepoint "Cleanup", Time since last: 4000543131 ns, Reaching safepoint: 37000 ns, At safepoint: 4712 ns, Total: 41712 ns
[2022-06-28T06:36:02.111+0000][6][safepoint   ] Safepoint "Cleanup", Time since last: 5000685618 ns, Reaching safepoint: 40114 ns, At safepoint: 4715 ns, Total: 44829 ns
[2022-06-28T06:36:06.111+0000][6][safepoint   ] Safepoint "Cleanup", Time since last: 4000489694 ns, Reaching safepoint: 47372 ns, At safepoint: 4536 ns, Total: 51908 ns
[2022-06-28T06:36:07.112+0000][6][safepoint   ] Safepoint "Cleanup", Time since last: 1000159565 ns, Reaching safepoint: 48563 ns, At safepoint: 4732 ns, Total: 53295 ns
[2022-06-28T06:36:09.112+0000][6][safepoint   ] Safepoint "Cleanup", Time since last: 2000218987 ns, Reaching safepoint: 35996 ns, At safepoint: 4190 ns, Total: 40186 ns
[2022-06-28T06:36:10.112+0000][6][safepoint   ] Safepoint "Cleanup", Time since last: 1000150176 ns, Reaching safepoint: 44959 ns, At safepoint: 5367 ns, Total: 50326 ns
[2022-06-28T06:36:11.114+0000][6][safepoint   ] Safepoint "Cleanup", Time since last: 1001416874 ns, Reaching safepoint: 52192 ns, At safepoint: 4873 ns, Total: 57065 ns
[2022-06-28T06:36:12.114+0000][6][safepoint   ] Safepoint "Cleanup", Time since last: 1000180529 ns, Reaching safepoint: 40084 ns, At safepoint: 4971 ns, Total: 45055 ns
[2022-06-28T06:36:29.116+0000][6][safepoint   ] Safepoint "Cleanup", Time since last: 17002017432 ns, Reaching safepoint: 44762 ns, At safepoint: 4740 ns, Total: 49502 ns
[2022-06-28T06:36:33.116+0000][6][safepoint   ] Safepoint "Cleanup", Time since last: 4000462198 ns, Reaching safepoint: 35154 ns, At safepoint: 4677 ns, Total: 39831 ns
[2022-06-28T06:36:34.117+0000][6][safepoint   ] Safepoint "Cleanup", Time since last: 1000191963 ns, Reaching safepoint: 43367 ns, At safepoint: 4592 ns, Total: 47959 ns
[2022-06-28T06:36:37.945+0000][6][gc,start    ] GC(30) Pause Young (Concurrent Start) (G1 Evacuation Pause)
[2022-06-28T06:36:37.945+0000][6][gc,task     ] GC(30) Using 1 workers of 1 for evacuation
[2022-06-28T06:36:37.945+0000][6][gc,age      ] GC(30) Desired survivor size 8388608 bytes, new threshold 15 (max threshold 15)
[2022-06-28T06:36:37.959+0000][6][gc,phases   ] GC(30)   Pre Evacuate Collection Set: 0.3ms
[2022-06-28T06:36:37.959+0000][6][gc,phases   ] GC(30)   Merge Heap Roots: 0.1ms
[2022-06-28T06:36:37.959+0000][6][gc,phases   ] GC(30)   Evacuate Collection Set: 12.4ms
[2022-06-28T06:36:37.959+0000][6][gc,phases   ] GC(30)   Post Evacuate Collection Set: 1.1ms
[2022-06-28T06:36:37.959+0000][6][gc,phases   ] GC(30)   Other: 0.1ms
[2022-06-28T06:36:37.959+0000][6][gc,age      ] GC(30) Age table with threshold 15 (max threshold 15)
[2022-06-28T06:36:37.959+0000][6][gc,age      ] GC(30) - age   1:     475888 bytes,     475888 total
[2022-06-28T06:36:37.959+0000][6][gc,age      ] GC(30) - age   2:     497872 bytes,     973760 total
[2022-06-28T06:36:37.959+0000][6][gc,age      ] GC(30) - age   3:    3781168 bytes,    4754928 total
[2022-06-28T06:36:37.959+0000][6][gc,heap     ] GC(30) Eden regions: 27->0(27)
[2022-06-28T06:36:37.959+0000][6][gc,heap     ] GC(30) Survivor regions: 2->2(4)
[2022-06-28T06:36:37.959+0000][6][gc,heap     ] GC(30) Old regions: 18->18
[2022-06-28T06:36:37.959+0000][6][gc,heap     ] GC(30) Archive regions: 2->2
[2022-06-28T06:36:37.959+0000][6][gc,heap     ] GC(30) Humongous regions: 2->2
[2022-06-28T06:36:37.959+0000][6][gc,metaspace] GC(30) Metaspace: 103537K(106368K)->103537K(106368K) NonClass: 89408K(90944K)->89408K(90944K) Class: 14129K(15424K)->14129K(15424K)
[2022-06-28T06:36:37.959+0000][6][gc          ] GC(30) Pause Young (Concurrent Start) (G1 Evacuation Pause) 195M->86M(256M) 14.311ms
[2022-06-28T06:36:37.959+0000][6][gc,cpu      ] GC(30) User=0.01s Sys=0.00s Real=0.02s
[2022-06-28T06:36:37.959+0000][6][safepoint   ] Safepoint "G1CollectForAllocation", Time since last: 3828074378 ns, Reaching safepoint: 24382 ns, At safepoint: 14372819 ns, Total: 14397201 ns
[2022-06-28T06:36:37.959+0000][6][gc          ] GC(31) Concurrent Mark Cycle
[2022-06-28T06:36:37.959+0000][6][gc,marking  ] GC(31) Concurrent Clear Claimed Marks
[2022-06-28T06:36:37.959+0000][6][gc,marking  ] GC(31) Concurrent Clear Claimed Marks 0.101ms
[2022-06-28T06:36:37.959+0000][6][gc,marking  ] GC(31) Concurrent Scan Root Regions
[2022-06-28T06:36:37.971+0000][6][gc,marking  ] GC(31) Concurrent Scan Root Regions 11.800ms
[2022-06-28T06:36:37.971+0000][6][gc,marking  ] GC(31) Concurrent Mark
[2022-06-28T06:36:37.971+0000][6][gc,marking  ] GC(31) Concurrent Mark From Roots
[2022-06-28T06:36:37.971+0000][6][gc,task     ] GC(31) Using 1 workers of 1 for marking
[2022-06-28T06:36:38.092+0000][6][gc,marking  ] GC(31) Concurrent Mark From Roots 121.048ms
[2022-06-28T06:36:38.092+0000][6][gc,marking  ] GC(31) Concurrent Preclean
[2022-06-28T06:36:38.092+0000][6][gc,marking  ] GC(31) Concurrent Preclean 0.388ms
[2022-06-28T06:36:38.093+0000][6][gc,start    ] GC(31) Pause Remark
[2022-06-28T06:36:38.128+0000][6][gc          ] GC(31) Pause Remark 90M->90M(256M) 35.433ms
[2022-06-28T06:36:38.128+0000][6][gc,cpu      ] GC(31) User=0.03s Sys=0.00s Real=0.04s
[2022-06-28T06:36:38.132+0000][6][safepoint   ] Safepoint "G1Concurrent", Time since last: 133480147 ns, Reaching safepoint: 23384 ns, At safepoint: 39201622 ns, Total: 39225006 ns
[2022-06-28T06:36:38.132+0000][6][gc,marking  ] GC(31) Concurrent Mark 160.786ms
[2022-06-28T06:36:38.132+0000][6][gc,marking  ] GC(31) Concurrent Rebuild Remembered Sets
[2022-06-28T06:36:38.254+0000][6][gc,marking  ] GC(31) Concurrent Rebuild Remembered Sets 122.346ms
[2022-06-28T06:36:38.259+0000][6][gc,start    ] GC(31) Pause Cleanup
[2022-06-28T06:36:38.259+0000][6][gc          ] GC(31) Pause Cleanup 90M->90M(256M) 0.104ms
[2022-06-28T06:36:38.259+0000][6][gc,cpu      ] GC(31) User=0.00s Sys=0.00s Real=0.00s
[2022-06-28T06:36:38.259+0000][6][safepoint   ] Safepoint "G1Concurrent", Time since last: 122468658 ns, Reaching safepoint: 4318766 ns, At safepoint: 229081 ns, Total: 4547847 ns
[2022-06-28T06:36:38.259+0000][6][gc,marking  ] GC(31) Concurrent Cleanup for Next Mark
[2022-06-28T06:36:38.260+0000][6][gc,marking  ] GC(31) Concurrent Cleanup for Next Mark 0.818ms
[2022-06-28T06:36:38.260+0000][6][gc          ] GC(31) Concurrent Mark Cycle 300.607ms
[2022-06-28T06:36:50.260+0000][6][safepoint   ] Safepoint "Cleanup", Time since last: 12001139016 ns, Reaching safepoint: 42731 ns, At safepoint: 5190 ns, Total: 47921 ns
[2022-06-28T06:36:56.261+0000][6][safepoint   ] Safepoint "Cleanup", Time since last: 6000647474 ns, Reaching safepoint: 39220 ns, At safepoint: 4562 ns, Total: 43782 ns
[2022-06-28T06:36:57.261+0000][6][safepoint   ] Safepoint "Cleanup", Time since last: 1000167941 ns, Reaching safepoint: 56661 ns, At safepoint: 8926 ns, Total: 65587 ns
[2022-06-28T06:36:58.261+0000][6][safepoint   ] Safepoint "Cleanup", Time since last: 1000180943 ns, Reaching safepoint: 37424 ns, At safepoint: 4699 ns, Total: 42123 ns
[2022-06-28T06:36:59.261+0000][6][safepoint   ] Safepoint "Cleanup", Time since last: 1000147422 ns, Reaching safepoint: 35618 ns, At safepoint: 4397 ns, Total: 40015 ns
[2022-06-28T06:37:00.261+0000][6][safepoint   ] Safepoint "Cleanup", Time since last: 1000150653 ns, Reaching safepoint: 41350 ns, At safepoint: 4542 ns, Total: 45892 ns
[2022-06-28T06:37:02.262+0000][6][safepoint   ] Safepoint "Cleanup", Time since last: 2000228172 ns, Reaching safepoint: 36844 ns, At safepoint: 4574 ns, Total: 41418 ns
[2022-06-28T06:37:03.262+0000][6][safepoint   ] Safepoint "Cleanup", Time since last: 1000145194 ns, Reaching safepoint: 38501 ns, At safepoint: 4770 ns, Total: 43271 ns
[2022-06-28T06:37:05.262+0000][6][safepoint   ] Safepoint "Cleanup", Time since last: 2000252296 ns, Reaching safepoint: 36209 ns, At safepoint: 4871 ns, Total: 41080 ns
[2022-06-28T06:37:08.263+0000][6][safepoint   ] Safepoint "Cleanup", Time since last: 3000288040 ns, Reaching safepoint: 36952 ns, At safepoint: 4413 ns, Total: 41365 ns
[2022-06-28T06:37:11.263+0000][6][safepoint   ] Safepoint "Cleanup", Time since last: 3000468212 ns, Reaching safepoint: 33931 ns, At safepoint: 4880 ns, Total: 38811 ns
[2022-06-28T06:37:16.264+0000][6][safepoint   ] Safepoint "Cleanup", Time since last: 5000731988 ns, Reaching safepoint: 49677 ns, At safepoint: 4751 ns, Total: 54428 ns
[2022-06-28T06:37:18.264+0000][6][safepoint   ] Safepoint "Cleanup", Time since last: 2000285691 ns, Reaching safepoint: 37445 ns, At safepoint: 4549 ns, Total: 41994 ns
[2022-06-28T06:37:19.264+0000][6][safepoint   ] Safepoint "Cleanup", Time since last: 1000168521 ns, Reaching safepoint: 41738 ns, At safepoint: 5107 ns, Total: 46845 ns
[2022-06-28T06:37:20.265+0000][6][safepoint   ] Safepoint "Cleanup", Time since last: 1000173023 ns, Reaching safepoint: 40000 ns, At safepoint: 4454 ns, Total: 44454 ns
[2022-06-28T06:37:21.265+0000][6][safepoint   ] Safepoint "Cleanup", Time since last: 1000154297 ns, Reaching safepoint: 35690 ns, At safepoint: 5365 ns, Total: 41055 ns
[2022-06-28T06:37:26.265+0000][6][safepoint   ] Safepoint "Cleanup", Time since last: 5000605569 ns, Reaching safepoint: 40538 ns, At safepoint: 4594 ns, Total: 45132 ns
[2022-06-28T06:37:33.268+0000][6][safepoint   ] Safepoint "Cleanup", Time since last: 7002116310 ns, Reaching safepoint: 41964 ns, At safepoint: 5150 ns, Total: 47114 ns
[2022-06-28T06:37:34.268+0000][6][safepoint   ] Safepoint "Cleanup", Time since last: 1000167557 ns, Reaching safepoint: 39126 ns, At safepoint: 4317 ns, Total: 43443 ns
[2022-06-28T06:37:36.268+0000][6][safepoint   ] Safepoint "Cleanup", Time since last: 2000244062 ns, Reaching safepoint: 37619 ns, At safepoint: 4790 ns, Total: 42409 ns
[2022-06-28T06:37:37.268+0000][6][safepoint   ] Safepoint "Cleanup", Time since last: 1000153022 ns, Reaching safepoint: 37894 ns, At safepoint: 4738 ns, Total: 42632 ns
[2022-06-28T06:37:44.269+0000][6][safepoint   ] Safepoint "Cleanup", Time since last: 7000806366 ns, Reaching safepoint: 57177 ns, At safepoint: 4752 ns, Total: 61929 ns
[2022-06-28T06:37:46.270+0000][6][safepoint   ] Safepoint "Cleanup", Time since last: 2000267798 ns, Reaching safepoint: 39079 ns, At safepoint: 4620 ns, Total: 43699 ns
[2022-06-28T06:37:49.270+0000][6][safepoint   ] Safepoint "Cleanup", Time since last: 3000397439 ns, Reaching safepoint: 47481 ns, At safepoint: 3800 ns, Total: 51281 ns
[2022-06-28T06:37:51.270+0000][6][safepoint   ] Safepoint "Cleanup", Time since last: 2000299811 ns, Reaching safepoint: 46947 ns, At safepoint: 4684 ns, Total: 51631 ns
[2022-06-28T06:37:59.271+0000][6][safepoint   ] Safepoint "Cleanup", Time since last: 8000955187 ns, Reaching safepoint: 34280 ns, At safepoint: 4935 ns, Total: 39215 ns
[2022-06-28T06:38:02.272+0000][6][safepoint   ] Safepoint "Cleanup", Time since last: 3000400205 ns, Reaching safepoint: 37724 ns, At safepoint: 4957 ns, Total: 42681 ns
[2022-06-28T06:38:03.272+0000][6][safepoint   ] Safepoint "Cleanup", Time since last: 1000165830 ns, Reaching safepoint: 44098 ns, At safepoint: 4974 ns, Total: 49072 ns
[2022-06-28T06:38:09.273+0000][6][safepoint   ] Safepoint "Cleanup", Time since last: 6000669113 ns, Reaching safepoint: 39610 ns, At safepoint: 4910 ns, Total: 44520 ns
[2022-06-28T06:38:10.273+0000][6][safepoint   ] Safepoint "Cleanup", Time since last: 1000130508 ns, Reaching safepoint: 38444 ns, At safepoint: 5158 ns, Total: 43602 ns
[2022-06-28T06:38:15.273+0000][6][safepoint   ] Safepoint "Cleanup", Time since last: 5000575000 ns, Reaching safepoint: 39505 ns, At safepoint: 4519 ns, Total: 44024 ns
[2022-06-28T06:38:28.867+0000][6][gc,start    ] GC(32) Pause Young (Normal) (G1 Evacuation Pause)
[2022-06-28T06:38:28.867+0000][6][gc,task     ] GC(32) Using 1 workers of 1 for evacuation
[2022-06-28T06:38:28.867+0000][6][gc,age      ] GC(32) Desired survivor size 8388608 bytes, new threshold 15 (max threshold 15)
[2022-06-28T06:38:28.883+0000][6][gc,phases   ] GC(32)   Pre Evacuate Collection Set: 0.0ms
[2022-06-28T06:38:28.883+0000][6][gc,phases   ] GC(32)   Merge Heap Roots: 0.1ms
[2022-06-28T06:38:28.883+0000][6][gc,phases   ] GC(32)   Evacuate Collection Set: 14.0ms
[2022-06-28T06:38:28.883+0000][6][gc,phases   ] GC(32)   Post Evacuate Collection Set: 1.1ms
[2022-06-28T06:38:28.883+0000][6][gc,phases   ] GC(32)   Other: 0.1ms
[2022-06-28T06:38:28.883+0000][6][gc,age      ] GC(32) Age table with threshold 15 (max threshold 15)
[2022-06-28T06:38:28.883+0000][6][gc,age      ] GC(32) - age   1:      20144 bytes,      20144 total
[2022-06-28T06:38:28.883+0000][6][gc,age      ] GC(32) - age   2:     464488 bytes,     484632 total
[2022-06-28T06:38:28.883+0000][6][gc,age      ] GC(32) - age   3:     471352 bytes,     955984 total
[2022-06-28T06:38:28.883+0000][6][gc,age      ] GC(32) - age   4:    3586000 bytes,    4541984 total
[2022-06-28T06:38:28.883+0000][6][gc,heap     ] GC(32) Eden regions: 27->0(28)
[2022-06-28T06:38:28.883+0000][6][gc,heap     ] GC(32) Survivor regions: 2->2(4)
[2022-06-28T06:38:28.883+0000][6][gc,heap     ] GC(32) Old regions: 18->18
[2022-06-28T06:38:28.883+0000][6][gc,heap     ] GC(32) Archive regions: 2->2
[2022-06-28T06:38:28.883+0000][6][gc,heap     ] GC(32) Humongous regions: 2->2
[2022-06-28T06:38:28.883+0000][6][gc,metaspace] GC(32) Metaspace: 101659K(106368K)->101659K(106368K) NonClass: 88004K(90944K)->88004K(90944K) Class: 13654K(15424K)->13654K(15424K)
[2022-06-28T06:38:28.883+0000][6][gc          ] GC(32) Pause Young (Normal) (G1 Evacuation Pause) 194M->86M(256M) 15.597ms
[2022-06-28T06:38:28.883+0000][6][gc,cpu      ] GC(32) User=0.02s Sys=0.00s Real=0.01s
[2022-06-28T06:38:28.883+0000][6][safepoint   ] Safepoint "G1CollectForAllocation", Time since last: 13593861340 ns, Reaching safepoint: 24973 ns, At safepoint: 15651321 ns, Total: 15676294 ns
[2022-06-28T06:38:29.883+0000][6][safepoint   ] Safepoint "Cleanup", Time since last: 1000110190 ns, Reaching safepoint: 37375 ns, At safepoint: 4527 ns, Total: 41902 ns
[2022-06-28T06:38:32.884+0000][6][safepoint   ] Safepoint "Cleanup", Time since last: 3000382081 ns, Reaching safepoint: 43391 ns, At safepoint: 5074 ns, Total: 48465 ns
[2022-06-28T06:38:34.884+0000][6][safepoint   ] Safepoint "Cleanup", Time since last: 2000242618 ns, Reaching safepoint: 37973 ns, At safepoint: 4559 ns, Total: 42532 ns
[2022-06-28T06:38:35.884+0000][6][safepoint   ] Safepoint "Cleanup", Time since last: 1000168101 ns, Reaching safepoint: 34656 ns, At safepoint: 4352 ns, Total: 39008 ns
[2022-06-28T06:38:36.884+0000][6][safepoint   ] Safepoint "Cleanup", Time since last: 1000133497 ns, Reaching safepoint: 42283 ns, At safepoint: 4530 ns, Total: 46813 ns
[2022-06-28T06:38:37.884+0000][6][safepoint   ] Safepoint "Cleanup", Time since last: 1000154676 ns, Reaching safepoint: 36014 ns, At safepoint: 4548 ns, Total: 40562 ns
[2022-06-28T06:38:51.886+0000][6][safepoint   ] Safepoint "Cleanup", Time since last: 14001607293 ns, Reaching safepoint: 32808 ns, At safepoint: 4830 ns, Total: 37638 ns
[2022-06-28T06:38:53.886+0000][6][safepoint   ] Safepoint "Cleanup", Time since last: 2000234148 ns, Reaching safepoint: 33400 ns, At safepoint: 4560 ns, Total: 37960 ns
[2022-06-28T06:38:58.887+0000][6][safepoint   ] Safepoint "Cleanup", Time since last: 5000512345 ns, Reaching safepoint: 33882 ns, At safepoint: 4595 ns, Total: 38477 ns
[2022-06-28T06:38:59.887+0000][6][safepoint   ] Safepoint "Cleanup", Time since last: 1000146769 ns, Reaching safepoint: 30610 ns, At safepoint: 4109 ns, Total: 34719 ns
[2022-06-28T06:39:02.888+0000][6][safepoint   ] Safepoint "Cleanup", Time since last: 3000507604 ns, Reaching safepoint: 29535 ns, At safepoint: 4040 ns, Total: 33575 ns
[2022-06-28T06:39:03.888+0000][6][safepoint   ] Safepoint "Cleanup", Time since last: 1000123495 ns, Reaching safepoint: 35831 ns, At safepoint: 4497 ns, Total: 40328 ns
[2022-06-28T06:39:12.889+0000][6][safepoint   ] Safepoint "Cleanup", Time since last: 9000964208 ns, Reaching safepoint: 92666 ns, At safepoint: 14840 ns, Total: 107506 ns
[2022-06-28T06:39:13.889+0000][6][safepoint   ] Safepoint "Cleanup", Time since last: 1000135659 ns, Reaching safepoint: 37123 ns, At safepoint: 4215 ns, Total: 41338 ns
[2022-06-28T06:39:15.889+0000][6][safepoint   ] Safepoint "Cleanup", Time since last: 2000256360 ns, Reaching safepoint: 40119 ns, At safepoint: 4332 ns, Total: 44451 ns
[2022-06-28T06:39:17.890+0000][6][safepoint   ] Safepoint "Cleanup", Time since last: 2000269356 ns, Reaching safepoint: 38192 ns, At safepoint: 4575 ns, Total: 42767 ns
[2022-06-28T06:39:18.890+0000][6][safepoint   ] Safepoint "Cleanup", Time since last: 1000135078 ns, Reaching safepoint: 38901 ns, At safepoint: 4394 ns, Total: 43295 ns
[2022-06-28T06:39:19.927+0000][6][safepoint   ] Safepoint "Cleanup", Time since last: 1037037378 ns, Reaching safepoint: 50443 ns, At safepoint: 4510 ns, Total: 54953 ns
[2022-06-28T06:39:24.928+0000][6][safepoint   ] Safepoint "Cleanup", Time since last: 5000535297 ns, Reaching safepoint: 61164 ns, At safepoint: 9283 ns, Total: 70447 ns
[2022-06-28T06:39:28.928+0000][6][safepoint   ] Safepoint "Cleanup", Time since last: 4000465002 ns, Reaching safepoint: 44782 ns, At safepoint: 4233 ns, Total: 49015 ns
[2022-06-28T06:39:32.929+0000][6][safepoint   ] Safepoint "Cleanup", Time since last: 4000481148 ns, Reaching safepoint: 36473 ns, At safepoint: 4749 ns, Total: 41222 ns
[2022-06-28T06:39:41.930+0000][6][safepoint   ] Safepoint "Cleanup", Time since last: 9000993341 ns, Reaching safepoint: 42821 ns, At safepoint: 4743 ns, Total: 47564 ns
[2022-06-28T06:39:47.930+0000][6][safepoint   ] Safepoint "Cleanup", Time since last: 6000748930 ns, Reaching safepoint: 48833 ns, At safepoint: 4515 ns, Total: 53348 ns
[2022-06-28T06:39:48.931+0000][6][safepoint   ] Safepoint "Cleanup", Time since last: 1000184462 ns, Reaching safepoint: 57585 ns, At safepoint: 3878 ns, Total: 61463 ns
[2022-06-28T06:39:49.931+0000][6][safepoint   ] Safepoint "Cleanup", Time since last: 1000101286 ns, Reaching safepoint: 42642 ns, At safepoint: 4152 ns, Total: 46794 ns
[2022-06-28T06:39:51.931+0000][6][safepoint   ] Safepoint "Cleanup", Time since last: 2000300173 ns, Reaching safepoint: 39788 ns, At safepoint: 4685 ns, Total: 44473 ns
[2022-06-28T06:39:53.931+0000][6][safepoint   ] Safepoint "Cleanup", Time since last: 2000282301 ns, Reaching safepoint: 39107 ns, At safepoint: 4516 ns, Total: 43623 ns
[2022-06-28T06:39:56.932+0000][6][safepoint   ] Safepoint "Cleanup", Time since last: 3000391974 ns, Reaching safepoint: 37856 ns, At safepoint: 4667 ns, Total: 42523 ns
[2022-06-28T06:39:58.932+0000][6][safepoint   ] Safepoint "Cleanup", Time since last: 2000245238 ns, Reaching safepoint: 34495 ns, At safepoint: 4015 ns, Total: 38510 ns
[2022-06-28T06:40:01.933+0000][6][safepoint   ] Safepoint "Cleanup", Time since last: 3000337505 ns, Reaching safepoint: 38957 ns, At safepoint: 4613 ns, Total: 43570 ns
[2022-06-28T06:40:02.933+0000][6][safepoint   ] Safepoint "Cleanup", Time since last: 1000128898 ns, Reaching safepoint: 38636 ns, At safepoint: 5126 ns, Total: 43762 ns
[2022-06-28T06:40:03.933+0000][6][safepoint   ] Safepoint "Cleanup", Time since last: 1000129678 ns, Reaching safepoint: 43306 ns, At safepoint: 4755 ns, Total: 48061 ns
[2022-06-28T06:40:06.933+0000][6][safepoint   ] Safepoint "Cleanup", Time since last: 3000318320 ns, Reaching safepoint: 36892 ns, At safepoint: 4612 ns, Total: 41504 ns
[2022-06-28T06:40:08.934+0000][6][safepoint   ] Safepoint "Cleanup", Time since last: 2000253018 ns, Reaching safepoint: 37602 ns, At safepoint: 4178 ns, Total: 41780 ns
[2022-06-28T06:40:09.934+0000][6][safepoint   ] Safepoint "Cleanup", Time since last: 1000178619 ns, Reaching safepoint: 37903 ns, At safepoint: 4823 ns, Total: 42726 ns
[2022-06-28T06:40:14.934+0000][6][safepoint   ] Safepoint "Cleanup", Time since last: 5000579909 ns, Reaching safepoint: 41038 ns, At safepoint: 27032 ns, Total: 68070 ns
[2022-06-28T06:40:23.210+0000][6][gc,start    ] GC(33) Pause Young (Concurrent Start) (G1 Evacuation Pause)
[2022-06-28T06:40:23.211+0000][6][gc,task     ] GC(33) Using 1 workers of 1 for evacuation
[2022-06-28T06:40:23.211+0000][6][gc,age      ] GC(33) Desired survivor size 8388608 bytes, new threshold 15 (max threshold 15)
[2022-06-28T06:40:23.224+0000][6][gc,phases   ] GC(33)   Pre Evacuate Collection Set: 0.2ms
[2022-06-28T06:40:23.224+0000][6][gc,phases   ] GC(33)   Merge Heap Roots: 0.1ms
[2022-06-28T06:40:23.224+0000][6][gc,phases   ] GC(33)   Evacuate Collection Set: 12.3ms
[2022-06-28T06:40:23.224+0000][6][gc,phases   ] GC(33)   Post Evacuate Collection Set: 1.1ms
[2022-06-28T06:40:23.224+0000][6][gc,phases   ] GC(33)   Other: 0.1ms
[2022-06-28T06:40:23.224+0000][6][gc,age      ] GC(33) Age table with threshold 15 (max threshold 15)
[2022-06-28T06:40:23.224+0000][6][gc,age      ] GC(33) - age   1:     109744 bytes,     109744 total
[2022-06-28T06:40:23.224+0000][6][gc,age      ] GC(33) - age   2:      11544 bytes,     121288 total
[2022-06-28T06:40:23.224+0000][6][gc,age      ] GC(33) - age   3:     154448 bytes,     275736 total
[2022-06-28T06:40:23.224+0000][6][gc,age      ] GC(33) - age   4:     459816 bytes,     735552 total
[2022-06-28T06:40:23.224+0000][6][gc,age      ] GC(33) - age   5:    3585584 bytes,    4321136 total
[2022-06-28T06:40:23.224+0000][6][gc,heap     ] GC(33) Eden regions: 28->0(28)
[2022-06-28T06:40:23.224+0000][6][gc,heap     ] GC(33) Survivor regions: 2->2(4)
[2022-06-28T06:40:23.224+0000][6][gc,heap     ] GC(33) Old regions: 18->18
[2022-06-28T06:40:23.224+0000][6][gc,heap     ] GC(33) Archive regions: 2->2
[2022-06-28T06:40:23.224+0000][6][gc,heap     ] GC(33) Humongous regions: 2->2
[2022-06-28T06:40:23.224+0000][6][gc,metaspace] GC(33) Metaspace: 102023K(106432K)->102023K(106432K) NonClass: 88339K(91008K)->88339K(91008K) Class: 13683K(15424K)->13683K(15424K)
[2022-06-28T06:40:23.224+0000][6][gc          ] GC(33) Pause Young (Concurrent Start) (G1 Evacuation Pause) 198M->86M(256M) 14.017ms
[2022-06-28T06:40:23.224+0000][6][gc,cpu      ] GC(33) User=0.01s Sys=0.00s Real=0.01s
[2022-06-28T06:40:23.225+0000][6][safepoint   ] Safepoint "G1CollectForAllocation", Time since last: 8275947717 ns, Reaching safepoint: 25849 ns, At safepoint: 14085867 ns, Total: 14111716 ns
[2022-06-28T06:40:23.226+0000][6][gc          ] GC(34) Concurrent Mark Cycle
[2022-06-28T06:40:23.226+0000][6][gc,marking  ] GC(34) Concurrent Clear Claimed Marks
[2022-06-28T06:40:23.226+0000][6][gc,marking  ] GC(34) Concurrent Clear Claimed Marks 0.078ms
[2022-06-28T06:40:23.226+0000][6][gc,marking  ] GC(34) Concurrent Scan Root Regions
[2022-06-28T06:40:23.233+0000][6][gc,marking  ] GC(34) Concurrent Scan Root Regions 7.293ms
[2022-06-28T06:40:23.233+0000][6][gc,marking  ] GC(34) Concurrent Mark
[2022-06-28T06:40:23.233+0000][6][gc,marking  ] GC(34) Concurrent Mark From Roots
[2022-06-28T06:40:23.233+0000][6][gc,task     ] GC(34) Using 1 workers of 1 for marking
[2022-06-28T06:40:23.351+0000][6][gc,marking  ] GC(34) Concurrent Mark From Roots 117.297ms
[2022-06-28T06:40:23.351+0000][6][gc,marking  ] GC(34) Concurrent Preclean
[2022-06-28T06:40:23.351+0000][6][gc,marking  ] GC(34) Concurrent Preclean 0.140ms
[2022-06-28T06:40:23.351+0000][6][gc,start    ] GC(34) Pause Remark
[2022-06-28T06:40:23.376+0000][6][gc          ] GC(34) Pause Remark 89M->89M(256M) 25.200ms
[2022-06-28T06:40:23.376+0000][6][gc,cpu      ] GC(34) User=0.02s Sys=0.00s Real=0.03s
[2022-06-28T06:40:23.376+0000][6][safepoint   ] Safepoint "G1Concurrent", Time since last: 126328281 ns, Reaching safepoint: 31152 ns, At safepoint: 25285050 ns, Total: 25316202 ns
[2022-06-28T06:40:23.378+0000][6][gc,marking  ] GC(34) Concurrent Mark 145.166ms
[2022-06-28T06:40:23.379+0000][6][gc,marking  ] GC(34) Concurrent Rebuild Remembered Sets
[2022-06-28T06:40:23.455+0000][6][gc,marking  ] GC(34) Concurrent Rebuild Remembered Sets 76.501ms
[2022-06-28T06:40:23.455+0000][6][gc,start    ] GC(34) Pause Cleanup
[2022-06-28T06:40:23.455+0000][6][gc          ] GC(34) Pause Cleanup 89M->89M(256M) 0.051ms
[2022-06-28T06:40:23.455+0000][6][gc,cpu      ] GC(34) User=0.00s Sys=0.00s Real=0.00s
[2022-06-28T06:40:23.455+0000][6][safepoint   ] Safepoint "G1Concurrent", Time since last: 78937501 ns, Reaching safepoint: 23865 ns, At safepoint: 87544 ns, Total: 111409 ns
[2022-06-28T06:40:23.455+0000][6][gc,marking  ] GC(34) Concurrent Cleanup for Next Mark
[2022-06-28T06:40:23.456+0000][6][gc,marking  ] GC(34) Concurrent Cleanup for Next Mark 0.664ms
[2022-06-28T06:40:23.456+0000][6][gc          ] GC(34) Concurrent Mark Cycle 230.005ms
[2022-06-28T06:40:25.455+0000][6][safepoint   ] Safepoint "Cleanup", Time since last: 2000191087 ns, Reaching safepoint: 35994 ns, At safepoint: 5361 ns, Total: 41355 ns
[2022-06-28T06:40:26.456+0000][6][safepoint   ] Safepoint "Cleanup", Time since last: 1000141598 ns, Reaching safepoint: 38028 ns, At safepoint: 5051 ns, Total: 43079 ns
[2022-06-28T06:40:34.457+0000][6][safepoint   ] Safepoint "Cleanup", Time since last: 8000918326 ns, Reaching safepoint: 43238 ns, At safepoint: 4552 ns, Total: 47790 ns
[2022-06-28T06:40:47.458+0000][6][safepoint   ] Safepoint "Cleanup", Time since last: 13001429352 ns, Reaching safepoint: 39740 ns, At safepoint: 5046 ns, Total: 44786 ns
[2022-06-28T06:40:53.459+0000][6][safepoint   ] Safepoint "Cleanup", Time since last: 6000660746 ns, Reaching safepoint: 36956 ns, At safepoint: 4891 ns, Total: 41847 ns
[2022-06-28T06:40:59.461+0000][6][safepoint   ] Safepoint "Cleanup", Time since last: 6001964026 ns, Reaching safepoint: 60013 ns, At safepoint: 9794 ns, Total: 69807 ns
[2022-06-28T06:41:01.461+0000][6][safepoint   ] Safepoint "Cleanup", Time since last: 2000331156 ns, Reaching safepoint: 37804 ns, At safepoint: 4892 ns, Total: 42696 ns
[2022-06-28T06:41:02.461+0000][6][safepoint   ] Safepoint "Cleanup", Time since last: 1000171062 ns, Reaching safepoint: 50027 ns, At safepoint: 4778 ns, Total: 54805 ns
[2022-06-28T06:41:08.462+0000][6][safepoint   ] Safepoint "Cleanup", Time since last: 6000817976 ns, Reaching safepoint: 47062 ns, At safepoint: 4894 ns, Total: 51956 ns
[2022-06-28T06:41:09.463+0000][6][safepoint   ] Safepoint "Cleanup", Time since last: 1000186889 ns, Reaching safepoint: 63277 ns, At safepoint: 32396 ns, Total: 95673 ns
[2022-06-28T06:41:23.464+0000][6][safepoint   ] Safepoint "Cleanup", Time since last: 14001616560 ns, Reaching safepoint: 39536 ns, At safepoint: 5062 ns, Total: 44598 ns
[2022-06-28T06:41:32.465+0000][6][safepoint   ] Safepoint "Cleanup", Time since last: 9001131135 ns, Reaching safepoint: 42339 ns, At safepoint: 4674 ns, Total: 47013 ns
[2022-06-28T06:41:37.466+0000][6][safepoint   ] Safepoint "Cleanup", Time since last: 5000666408 ns, Reaching safepoint: 38060 ns, At safepoint: 4544 ns, Total: 42604 ns
[2022-06-28T06:41:39.466+0000][6][safepoint   ] Safepoint "Cleanup", Time since last: 2000269185 ns, Reaching safepoint: 41218 ns, At safepoint: 4782 ns, Total: 46000 ns
[2022-06-28T06:41:40.467+0000][6][safepoint   ] Safepoint "Cleanup", Time since last: 1000178260 ns, Reaching safepoint: 41300 ns, At safepoint: 4381 ns, Total: 45681 ns
[2022-06-28T06:41:53.468+0000][6][safepoint   ] Safepoint "Cleanup", Time since last: 13001417219 ns, Reaching safepoint: 37273 ns, At safepoint: 4839 ns, Total: 42112 ns
[2022-06-28T06:41:54.468+0000][6][safepoint   ] Safepoint "Cleanup", Time since last: 1000158691 ns, Reaching safepoint: 37516 ns, At safepoint: 4884 ns, Total: 42400 ns
[2022-06-28T06:41:55.468+0000][6][safepoint   ] Safepoint "Cleanup", Time since last: 1000133909 ns, Reaching safepoint: 39523 ns, At safepoint: 4352 ns, Total: 43875 ns
[2022-06-28T06:41:59.469+0000][6][safepoint   ] Safepoint "Cleanup", Time since last: 4000496651 ns, Reaching safepoint: 42232 ns, At safepoint: 4653 ns, Total: 46885 ns
[2022-06-28T06:42:23.336+0000][6][gc,start    ] GC(35) Pause Young (Normal) (G1 Evacuation Pause)
[2022-06-28T06:42:23.336+0000][6][gc,task     ] GC(35) Using 1 workers of 1 for evacuation
[2022-06-28T06:42:23.336+0000][6][gc,age      ] GC(35) Desired survivor size 8388608 bytes, new threshold 15 (max threshold 15)
[2022-06-28T06:42:23.350+0000][6][gc,phases   ] GC(35)   Pre Evacuate Collection Set: 0.0ms
[2022-06-28T06:42:23.350+0000][6][gc,phases   ] GC(35)   Merge Heap Roots: 0.1ms
[2022-06-28T06:42:23.350+0000][6][gc,phases   ] GC(35)   Evacuate Collection Set: 12.6ms
[2022-06-28T06:42:23.350+0000][6][gc,phases   ] GC(35)   Post Evacuate Collection Set: 1.1ms
[2022-06-28T06:42:23.350+0000][6][gc,phases   ] GC(35)   Other: 0.1ms
[2022-06-28T06:42:23.350+0000][6][gc,age      ] GC(35) Age table with threshold 15 (max threshold 15)
[2022-06-28T06:42:23.350+0000][6][gc,age      ] GC(35) - age   1:      14912 bytes,      14912 total
[2022-06-28T06:42:23.350+0000][6][gc,age      ] GC(35) - age   2:     100968 bytes,     115880 total
[2022-06-28T06:42:23.350+0000][6][gc,age      ] GC(35) - age   3:      11544 bytes,     127424 total
[2022-06-28T06:42:23.350+0000][6][gc,age      ] GC(35) - age   4:     154448 bytes,     281872 total
[2022-06-28T06:42:23.350+0000][6][gc,age      ] GC(35) - age   5:     459552 bytes,     741424 total
[2022-06-28T06:42:23.350+0000][6][gc,age      ] GC(35) - age   6:    3585584 bytes,    4327008 total
[2022-06-28T06:42:23.350+0000][6][gc,heap     ] GC(35) Eden regions: 28->0(28)
[2022-06-28T06:42:23.350+0000][6][gc,heap     ] GC(35) Survivor regions: 2->2(4)
[2022-06-28T06:42:23.350+0000][6][gc,heap     ] GC(35) Old regions: 18->18
[2022-06-28T06:42:23.350+0000][6][gc,heap     ] GC(35) Archive regions: 2->2
[2022-06-28T06:42:23.350+0000][6][gc,heap     ] GC(35) Humongous regions: 2->2
[2022-06-28T06:42:23.350+0000][6][gc,metaspace] GC(35) Metaspace: 102056K(106432K)->102056K(106432K) NonClass: 88373K(91008K)->88373K(91008K) Class: 13682K(15424K)->13682K(15424K)
[2022-06-28T06:42:23.350+0000][6][gc          ] GC(35) Pause Young (Normal) (G1 Evacuation Pause) 198M->86M(256M) 14.177ms
[2022-06-28T06:42:23.350+0000][6][gc,cpu      ] GC(35) User=0.01s Sys=0.00s Real=0.01s
[2022-06-28T06:42:23.350+0000][6][safepoint   ] Safepoint "G1CollectForAllocation", Time since last: 23866429938 ns, Reaching safepoint: 37610 ns, At safepoint: 14232583 ns, Total: 14270193 ns
[2022-06-28T06:42:33.351+0000][6][safepoint   ] Safepoint "Cleanup", Time since last: 10001151700 ns, Reaching safepoint: 39625 ns, At safepoint: 5334 ns, Total: 44959 ns
[2022-06-28T06:42:35.351+0000][6][safepoint   ] Safepoint "Cleanup", Time since last: 2000296989 ns, Reaching safepoint: 44359 ns, At safepoint: 4702 ns, Total: 49061 ns
[2022-06-28T06:42:41.352+0000][6][safepoint   ] Safepoint "Cleanup", Time since last: 6000715020 ns, Reaching safepoint: 48045 ns, At safepoint: 4265 ns, Total: 52310 ns
[2022-06-28T06:42:42.352+0000][6][safepoint   ] Safepoint "Cleanup", Time since last: 1000141884 ns, Reaching safepoint: 38540 ns, At safepoint: 4387 ns, Total: 42927 ns
[2022-06-28T06:42:45.353+0000][6][safepoint   ] Safepoint "Cleanup", Time since last: 3000404504 ns, Reaching safepoint: 34039 ns, At safepoint: 4515 ns, Total: 38554 ns
[2022-06-28T06:42:55.354+0000][6][safepoint   ] Safepoint "Cleanup", Time since last: 10001129606 ns, Reaching safepoint: 37676 ns, At safepoint: 4608 ns, Total: 42284 ns
[2022-06-28T06:42:56.354+0000][6][safepoint   ] Safepoint "Cleanup", Time since last: 1000142674 ns, Reaching safepoint: 36872 ns, At safepoint: 4375 ns, Total: 41247 ns
[2022-06-28T06:42:57.354+0000][6][safepoint   ] Safepoint "Cleanup", Time since last: 1000159648 ns, Reaching safepoint: 38718 ns, At safepoint: 4582 ns, Total: 43300 ns
[2022-06-28T06:42:59.355+0000][6][safepoint   ] Safepoint "Cleanup", Time since last: 2000236298 ns, Reaching safepoint: 36559 ns, At safepoint: 4135 ns, Total: 40694 ns
[2022-06-28T06:43:01.355+0000][6][safepoint   ] Safepoint "Cleanup", Time since last: 2000232230 ns, Reaching safepoint: 47099 ns, At safepoint: 4828 ns, Total: 51927 ns
[2022-06-28T06:43:03.355+0000][6][safepoint   ] Safepoint "Cleanup", Time since last: 2000241812 ns, Reaching safepoint: 41724 ns, At safepoint: 4878 ns, Total: 46602 ns
[2022-06-28T06:43:08.356+0000][6][safepoint   ] Safepoint "Cleanup", Time since last: 5000589904 ns, Reaching safepoint: 56964 ns, At safepoint: 8823 ns, Total: 65787 ns
[2022-06-28T06:43:16.357+0000][6][safepoint   ] Safepoint "Cleanup", Time since last: 8000831924 ns, Reaching safepoint: 36035 ns, At safepoint: 4774 ns, Total: 40809 ns
[2022-06-28T06:43:29.358+0000][6][safepoint   ] Safepoint "Cleanup", Time since last: 13001388105 ns, Reaching safepoint: 56794 ns, At safepoint: 8936 ns, Total: 65730 ns
[2022-06-28T06:43:48.360+0000][6][safepoint   ] Safepoint "Cleanup", Time since last: 19002005100 ns, Reaching safepoint: 38256 ns, At safepoint: 4260 ns, Total: 42516 ns
[2022-06-28T06:44:00.361+0000][6][safepoint   ] Safepoint "Cleanup", Time since last: 12001208587 ns, Reaching safepoint: 38704 ns, At safepoint: 4918 ns, Total: 43622 ns
[2022-06-28T06:44:23.452+0000][6][gc,start    ] GC(36) Pause Young (Concurrent Start) (G1 Evacuation Pause)
[2022-06-28T06:44:23.452+0000][6][gc,task     ] GC(36) Using 1 workers of 1 for evacuation
[2022-06-28T06:44:23.452+0000][6][gc,age      ] GC(36) Desired survivor size 8388608 bytes, new threshold 15 (max threshold 15)
[2022-06-28T06:44:23.465+0000][6][gc,phases   ] GC(36)   Pre Evacuate Collection Set: 0.2ms
[2022-06-28T06:44:23.465+0000][6][gc,phases   ] GC(36)   Merge Heap Roots: 0.1ms
[2022-06-28T06:44:23.465+0000][6][gc,phases   ] GC(36)   Evacuate Collection Set: 12.3ms
[2022-06-28T06:44:23.465+0000][6][gc,phases   ] GC(36)   Post Evacuate Collection Set: 1.1ms
[2022-06-28T06:44:23.465+0000][6][gc,phases   ] GC(36)   Other: 0.1ms
[2022-06-28T06:44:23.465+0000][6][gc,age      ] GC(36) Age table with threshold 15 (max threshold 15)
[2022-06-28T06:44:23.465+0000][6][gc,age      ] GC(36) - age   1:      15832 bytes,      15832 total
[2022-06-28T06:44:23.465+0000][6][gc,age      ] GC(36) - age   2:       5352 bytes,      21184 total
[2022-06-28T06:44:23.465+0000][6][gc,age      ] GC(36) - age   3:      96768 bytes,     117952 total
[2022-06-28T06:44:23.465+0000][6][gc,age      ] GC(36) - age   4:      11448 bytes,     129400 total
[2022-06-28T06:44:23.465+0000][6][gc,age      ] GC(36) - age   5:     154384 bytes,     283784 total
[2022-06-28T06:44:23.465+0000][6][gc,age      ] GC(36) - age   6:     459064 bytes,     742848 total
[2022-06-28T06:44:23.465+0000][6][gc,age      ] GC(36) - age   7:    3585200 bytes,    4328048 total
[2022-06-28T06:44:23.465+0000][6][gc,heap     ] GC(36) Eden regions: 28->0(28)
[2022-06-28T06:44:23.465+0000][6][gc,heap     ] GC(36) Survivor regions: 2->2(4)
[2022-06-28T06:44:23.465+0000][6][gc,heap     ] GC(36) Old regions: 18->18
[2022-06-28T06:44:23.465+0000][6][gc,heap     ] GC(36) Archive regions: 2->2
[2022-06-28T06:44:23.465+0000][6][gc,heap     ] GC(36) Humongous regions: 2->2
[2022-06-28T06:44:23.465+0000][6][gc,metaspace] GC(36) Metaspace: 102068K(106432K)->102068K(106432K) NonClass: 88384K(91008K)->88384K(91008K) Class: 13683K(15424K)->13683K(15424K)
[2022-06-28T06:44:23.466+0000][6][gc          ] GC(36) Pause Young (Concurrent Start) (G1 Evacuation Pause) 198M->86M(256M) 13.996ms
[2022-06-28T06:44:23.466+0000][6][gc,cpu      ] GC(36) User=0.02s Sys=0.00s Real=0.01s
[2022-06-28T06:44:23.466+0000][6][safepoint   ] Safepoint "G1CollectForAllocation", Time since last: 23090119341 ns, Reaching safepoint: 26340 ns, At safepoint: 14057866 ns, Total: 14084206 ns
[2022-06-28T06:44:23.467+0000][6][gc          ] GC(37) Concurrent Mark Cycle
[2022-06-28T06:44:23.467+0000][6][gc,marking  ] GC(37) Concurrent Clear Claimed Marks
[2022-06-28T06:44:23.467+0000][6][gc,marking  ] GC(37) Concurrent Clear Claimed Marks 0.114ms
[2022-06-28T06:44:23.467+0000][6][gc,marking  ] GC(37) Concurrent Scan Root Regions
[2022-06-28T06:44:23.475+0000][6][gc,marking  ] GC(37) Concurrent Scan Root Regions 8.387ms
[2022-06-28T06:44:23.475+0000][6][gc,marking  ] GC(37) Concurrent Mark
[2022-06-28T06:44:23.475+0000][6][gc,marking  ] GC(37) Concurrent Mark From Roots
[2022-06-28T06:44:23.475+0000][6][gc,task     ] GC(37) Using 1 workers of 1 for marking
[2022-06-28T06:44:23.587+0000][6][gc,marking  ] GC(37) Concurrent Mark From Roots 111.767ms
[2022-06-28T06:44:23.587+0000][6][gc,marking  ] GC(37) Concurrent Preclean
[2022-06-28T06:44:23.587+0000][6][gc,marking  ] GC(37) Concurrent Preclean 0.142ms
[2022-06-28T06:44:23.587+0000][6][gc,start    ] GC(37) Pause Remark
[2022-06-28T06:44:23.600+0000][6][gc          ] GC(37) Pause Remark 89M->89M(256M) 13.327ms
[2022-06-28T06:44:23.600+0000][6][gc,cpu      ] GC(37) User=0.02s Sys=0.00s Real=0.01s
[2022-06-28T06:44:23.600+0000][6][safepoint   ] Safepoint "G1Concurrent", Time since last: 121496841 ns, Reaching safepoint: 23524 ns, At safepoint: 13407654 ns, Total: 13431178 ns
[2022-06-28T06:44:23.601+0000][6][gc,marking  ] GC(37) Concurrent Mark 125.494ms
[2022-06-28T06:44:23.601+0000][6][gc,marking  ] GC(37) Concurrent Rebuild Remembered Sets
[2022-06-28T06:44:23.659+0000][6][gc,marking  ] GC(37) Concurrent Rebuild Remembered Sets 58.800ms
[2022-06-28T06:44:23.659+0000][6][gc,start    ] GC(37) Pause Cleanup
[2022-06-28T06:44:23.660+0000][6][gc          ] GC(37) Pause Cleanup 89M->89M(256M) 0.047ms
[2022-06-28T06:44:23.660+0000][6][gc,cpu      ] GC(37) User=0.00s Sys=0.00s Real=0.00s
[2022-06-28T06:44:23.660+0000][6][safepoint   ] Safepoint "G1Concurrent", Time since last: 58941746 ns, Reaching safepoint: 22483 ns, At safepoint: 82656 ns, Total: 105139 ns
[2022-06-28T06:44:23.660+0000][6][gc,marking  ] GC(37) Concurrent Cleanup for Next Mark
[2022-06-28T06:44:23.660+0000][6][gc,marking  ] GC(37) Concurrent Cleanup for Next Mark 0.665ms
[2022-06-28T06:44:23.660+0000][6][gc          ] GC(37) Concurrent Mark Cycle 193.738ms
[2022-06-28T06:44:31.661+0000][6][safepoint   ] Safepoint "Cleanup", Time since last: 8000924995 ns, Reaching safepoint: 41035 ns, At safepoint: 4235 ns, Total: 45270 ns
[2022-06-28T06:44:39.661+0000][6][safepoint   ] Safepoint "Cleanup", Time since last: 8000923598 ns, Reaching safepoint: 38333 ns, At safepoint: 4770 ns, Total: 43103 ns
[2022-06-28T06:44:59.663+0000][6][safepoint   ] Safepoint "Cleanup", Time since last: 20001913807 ns, Reaching safepoint: 38654 ns, At safepoint: 4655 ns, Total: 43309 ns
[2022-06-28T06:45:02.664+0000][6][safepoint   ] Safepoint "Cleanup", Time since last: 3000336989 ns, Reaching safepoint: 39063 ns, At safepoint: 4782 ns, Total: 43845 ns
[2022-06-28T06:45:11.665+0000][6][safepoint   ] Safepoint "Cleanup", Time since last: 9000994955 ns, Reaching safepoint: 40181 ns, At safepoint: 5064 ns, Total: 45245 ns
[2022-06-28T06:45:29.667+0000][6][safepoint   ] Safepoint "Cleanup", Time since last: 18001909056 ns, Reaching safepoint: 37904 ns, At safepoint: 4788 ns, Total: 42692 ns
[2022-06-28T06:45:33.667+0000][6][safepoint   ] Safepoint "Cleanup", Time since last: 4000460718 ns, Reaching safepoint: 40068 ns, At safepoint: 4764 ns, Total: 44832 ns
[2022-06-28T06:45:44.669+0000][6][safepoint   ] Safepoint "Cleanup", Time since last: 11001294098 ns, Reaching safepoint: 40165 ns, At safepoint: 5379 ns, Total: 45544 ns
[2022-06-28T06:45:46.669+0000][6][safepoint   ] Safepoint "Cleanup", Time since last: 2000300088 ns, Reaching safepoint: 57363 ns, At safepoint: 9337 ns, Total: 66700 ns
[2022-06-28T06:45:51.670+0000][6][safepoint   ] Safepoint "Cleanup", Time since last: 5000622838 ns, Reaching safepoint: 51897 ns, At safepoint: 9327 ns, Total: 61224 ns
[2022-06-28T06:45:59.671+0000][6][safepoint   ] Safepoint "Cleanup", Time since last: 8000830342 ns, Reaching safepoint: 35084 ns, At safepoint: 4750 ns, Total: 39834 ns
[2022-06-28T06:46:13.675+0000][6][safepoint   ] Safepoint "Cleanup", Time since last: 14004513192 ns, Reaching safepoint: 38225 ns, At safepoint: 4695 ns, Total: 42920 ns
[2022-06-28T06:46:15.675+0000][6][safepoint   ] Safepoint "Cleanup", Time since last: 2000277877 ns, Reaching safepoint: 47354 ns, At safepoint: 4703 ns, Total: 52057 ns
[2022-06-28T06:46:18.676+0000][6][safepoint   ] Safepoint "Cleanup", Time since last: 3000404315 ns, Reaching safepoint: 58006 ns, At safepoint: 9137 ns, Total: 67143 ns
[2022-06-28T06:46:23.573+0000][6][gc,start    ] GC(38) Pause Young (Normal) (G1 Evacuation Pause)
[2022-06-28T06:46:23.573+0000][6][gc,task     ] GC(38) Using 1 workers of 1 for evacuation
[2022-06-28T06:46:23.573+0000][6][gc,age      ] GC(38) Desired survivor size 8388608 bytes, new threshold 15 (max threshold 15)
[2022-06-28T06:46:23.588+0000][6][gc,phases   ] GC(38)   Pre Evacuate Collection Set: 0.0ms
[2022-06-28T06:46:23.588+0000][6][gc,phases   ] GC(38)   Merge Heap Roots: 0.1ms
[2022-06-28T06:46:23.588+0000][6][gc,phases   ] GC(38)   Evacuate Collection Set: 13.6ms
[2022-06-28T06:46:23.588+0000][6][gc,phases   ] GC(38)   Post Evacuate Collection Set: 1.1ms
[2022-06-28T06:46:23.588+0000][6][gc,phases   ] GC(38)   Other: 0.1ms
[2022-06-28T06:46:23.588+0000][6][gc,age      ] GC(38) Age table with threshold 15 (max threshold 15)
[2022-06-28T06:46:23.588+0000][6][gc,age      ] GC(38) - age   1:      14184 bytes,      14184 total
[2022-06-28T06:46:23.588+0000][6][gc,age      ] GC(38) - age   2:       6048 bytes,      20232 total
[2022-06-28T06:46:23.588+0000][6][gc,age      ] GC(38) - age   3:       5352 bytes,      25584 total
[2022-06-28T06:46:23.588+0000][6][gc,age      ] GC(38) - age   4:      96768 bytes,     122352 total
[2022-06-28T06:46:23.588+0000][6][gc,age      ] GC(38) - age   5:      11448 bytes,     133800 total
[2022-06-28T06:46:23.588+0000][6][gc,age      ] GC(38) - age   6:     154384 bytes,     288184 total
[2022-06-28T06:46:23.588+0000][6][gc,age      ] GC(38) - age   7:     459064 bytes,     747248 total
[2022-06-28T06:46:23.588+0000][6][gc,age      ] GC(38) - age   8:    3585200 bytes,    4332448 total
[2022-06-28T06:46:23.588+0000][6][gc,heap     ] GC(38) Eden regions: 28->0(28)
[2022-06-28T06:46:23.588+0000][6][gc,heap     ] GC(38) Survivor regions: 2->2(4)
[2022-06-28T06:46:23.588+0000][6][gc,heap     ] GC(38) Old regions: 18->18
[2022-06-28T06:46:23.588+0000][6][gc,heap     ] GC(38) Archive regions: 2->2
[2022-06-28T06:46:23.588+0000][6][gc,heap     ] GC(38) Humongous regions: 2->2
[2022-06-28T06:46:23.588+0000][6][gc,metaspace] GC(38) Metaspace: 102072K(106432K)->102072K(106432K) NonClass: 88388K(91008K)->88388K(91008K) Class: 13683K(15424K)->13683K(15424K)
[2022-06-28T06:46:23.588+0000][6][gc          ] GC(38) Pause Young (Normal) (G1 Evacuation Pause) 198M->86M(256M) 15.173ms
[2022-06-28T06:46:23.588+0000][6][gc,cpu      ] GC(38) User=0.02s Sys=0.00s Real=0.02s
[2022-06-28T06:46:23.588+0000][6][safepoint   ] Safepoint "G1CollectForAllocation", Time since last: 4896817717 ns, Reaching safepoint: 27073 ns, At safepoint: 15250781 ns, Total: 15277854 ns
[2022-06-28T06:46:37.590+0000][6][safepoint   ] Safepoint "Cleanup", Time since last: 14001444738 ns, Reaching safepoint: 41695 ns, At safepoint: 7875 ns, Total: 49570 ns
[2022-06-28T06:46:47.591+0000][6][safepoint   ] Safepoint "Cleanup", Time since last: 10001181146 ns, Reaching safepoint: 39814 ns, At safepoint: 4145 ns, Total: 43959 ns
[2022-06-28T06:46:56.592+0000][6][safepoint   ] Safepoint "Cleanup", Time since last: 9001106379 ns, Reaching safepoint: 37770 ns, At safepoint: 4477 ns, Total: 42247 ns
[2022-06-28T06:46:57.592+0000][6][safepoint   ] Safepoint "Cleanup", Time since last: 1000168573 ns, Reaching safepoint: 39475 ns, At safepoint: 4553 ns, Total: 44028 ns
[2022-06-28T06:47:02.593+0000][6][safepoint   ] Safepoint "Cleanup", Time since last: 5000612666 ns, Reaching safepoint: 35796 ns, At safepoint: 5067 ns, Total: 40863 ns
[2022-06-28T06:47:58.599+0000][6][safepoint   ] Safepoint "Cleanup", Time since last: 56005817853 ns, Reaching safepoint: 63684 ns, At safepoint: 9200 ns, Total: 72884 ns
[2022-06-28T06:48:04.599+0000][6][safepoint   ] Safepoint "Cleanup", Time since last: 6000665311 ns, Reaching safepoint: 41496 ns, At safepoint: 4285 ns, Total: 45781 ns
[2022-06-28T06:48:15.601+0000][6][safepoint   ] Safepoint "Cleanup", Time since last: 11001305638 ns, Reaching safepoint: 41224 ns, At safepoint: 5107 ns, Total: 46331 ns
[2022-06-28T06:48:16.601+0000][6][safepoint   ] Safepoint "Cleanup", Time since last: 1000218493 ns, Reaching safepoint: 59640 ns, At safepoint: 8580 ns, Total: 68220 ns
[2022-06-28T06:48:19.601+0000][6][safepoint   ] Safepoint "Cleanup", Time since last: 3000380033 ns, Reaching safepoint: 48437 ns, At safepoint: 4198 ns, Total: 52635 ns
[2022-06-28T06:48:23.699+0000][6][gc,start    ] GC(39) Pause Young (Concurrent Start) (G1 Evacuation Pause)
[2022-06-28T06:48:23.699+0000][6][gc,task     ] GC(39) Using 1 workers of 1 for evacuation
[2022-06-28T06:48:23.699+0000][6][gc,age      ] GC(39) Desired survivor size 8388608 bytes, new threshold 15 (max threshold 15)
[2022-06-28T06:48:23.713+0000][6][gc,phases   ] GC(39)   Pre Evacuate Collection Set: 0.2ms
[2022-06-28T06:48:23.713+0000][6][gc,phases   ] GC(39)   Merge Heap Roots: 0.1ms
[2022-06-28T06:48:23.713+0000][6][gc,phases   ] GC(39)   Evacuate Collection Set: 12.1ms
[2022-06-28T06:48:23.713+0000][6][gc,phases   ] GC(39)   Post Evacuate Collection Set: 1.1ms
[2022-06-28T06:48:23.713+0000][6][gc,phases   ] GC(39)   Other: 0.1ms
[2022-06-28T06:48:23.713+0000][6][gc,age      ] GC(39) Age table with threshold 15 (max threshold 15)
[2022-06-28T06:48:23.713+0000][6][gc,age      ] GC(39) - age   1:      12776 bytes,      12776 total
[2022-06-28T06:48:23.713+0000][6][gc,age      ] GC(39) - age   2:       3968 bytes,      16744 total
[2022-06-28T06:48:23.713+0000][6][gc,age      ] GC(39) - age   3:       2968 bytes,      19712 total
[2022-06-28T06:48:23.713+0000][6][gc,age      ] GC(39) - age   4:       5352 bytes,      25064 total
[2022-06-28T06:48:23.713+0000][6][gc,age      ] GC(39) - age   5:      96768 bytes,     121832 total
[2022-06-28T06:48:23.713+0000][6][gc,age      ] GC(39) - age   6:      11448 bytes,     133280 total
[2022-06-28T06:48:23.713+0000][6][gc,age      ] GC(39) - age   7:     154184 bytes,     287464 total
[2022-06-28T06:48:23.713+0000][6][gc,age      ] GC(39) - age   8:     459064 bytes,     746528 total
[2022-06-28T06:48:23.713+0000][6][gc,age      ] GC(39) - age   9:    3585200 bytes,    4331728 total
[2022-06-28T06:48:23.713+0000][6][gc,heap     ] GC(39) Eden regions: 28->0(28)
[2022-06-28T06:48:23.713+0000][6][gc,heap     ] GC(39) Survivor regions: 2->2(4)
[2022-06-28T06:48:23.713+0000][6][gc,heap     ] GC(39) Old regions: 18->18
[2022-06-28T06:48:23.713+0000][6][gc,heap     ] GC(39) Archive regions: 2->2
[2022-06-28T06:48:23.713+0000][6][gc,heap     ] GC(39) Humongous regions: 2->2
[2022-06-28T06:48:23.713+0000][6][gc,metaspace] GC(39) Metaspace: 102077K(106432K)->102077K(106432K) NonClass: 88393K(91008K)->88393K(91008K) Class: 13683K(15424K)->13683K(15424K)
[2022-06-28T06:48:23.713+0000][6][gc          ] GC(39) Pause Young (Concurrent Start) (G1 Evacuation Pause) 198M->86M(256M) 13.897ms
[2022-06-28T06:48:23.713+0000][6][gc,cpu      ] GC(39) User=0.01s Sys=0.00s Real=0.01s
[2022-06-28T06:48:23.713+0000][6][safepoint   ] Safepoint "G1CollectForAllocation", Time since last: 4097444679 ns, Reaching safepoint: 26363 ns, At safepoint: 13956823 ns, Total: 13983186 ns
[2022-06-28T06:48:23.714+0000][6][gc          ] GC(40) Concurrent Mark Cycle
[2022-06-28T06:48:23.714+0000][6][gc,marking  ] GC(40) Concurrent Clear Claimed Marks
[2022-06-28T06:48:23.714+0000][6][gc,marking  ] GC(40) Concurrent Clear Claimed Marks 0.100ms
[2022-06-28T06:48:23.714+0000][6][gc,marking  ] GC(40) Concurrent Scan Root Regions
[2022-06-28T06:48:23.722+0000][6][gc,marking  ] GC(40) Concurrent Scan Root Regions 7.682ms
[2022-06-28T06:48:23.722+0000][6][gc,marking  ] GC(40) Concurrent Mark
[2022-06-28T06:48:23.722+0000][6][gc,marking  ] GC(40) Concurrent Mark From Roots
[2022-06-28T06:48:23.722+0000][6][gc,task     ] GC(40) Using 1 workers of 1 for marking
[2022-06-28T06:48:23.836+0000][6][gc,marking  ] GC(40) Concurrent Mark From Roots 114.617ms
[2022-06-28T06:48:23.837+0000][6][gc,marking  ] GC(40) Concurrent Preclean
[2022-06-28T06:48:23.837+0000][6][gc,marking  ] GC(40) Concurrent Preclean 0.139ms
[2022-06-28T06:48:23.837+0000][6][gc,start    ] GC(40) Pause Remark
[2022-06-28T06:48:23.850+0000][6][gc          ] GC(40) Pause Remark 88M->88M(256M) 13.206ms
[2022-06-28T06:48:23.850+0000][6][gc,cpu      ] GC(40) User=0.01s Sys=0.00s Real=0.01s
[2022-06-28T06:48:23.850+0000][6][safepoint   ] Safepoint "G1Concurrent", Time since last: 123851848 ns, Reaching safepoint: 29620 ns, At safepoint: 13261313 ns, Total: 13290933 ns
[2022-06-28T06:48:23.850+0000][6][gc,marking  ] GC(40) Concurrent Mark 128.162ms
[2022-06-28T06:48:23.850+0000][6][gc,marking  ] GC(40) Concurrent Rebuild Remembered Sets
[2022-06-28T06:48:23.909+0000][6][gc,marking  ] GC(40) Concurrent Rebuild Remembered Sets 59.046ms
[2022-06-28T06:48:23.909+0000][6][gc,start    ] GC(40) Pause Cleanup
[2022-06-28T06:48:23.909+0000][6][gc          ] GC(40) Pause Cleanup 88M->88M(256M) 0.049ms
[2022-06-28T06:48:23.909+0000][6][gc,cpu      ] GC(40) User=0.00s Sys=0.00s Real=0.00s
[2022-06-28T06:48:23.909+0000][6][safepoint   ] Safepoint "G1Concurrent", Time since last: 59140569 ns, Reaching safepoint: 22892 ns, At safepoint: 87102 ns, Total: 109994 ns
[2022-06-28T06:48:23.909+0000][6][gc,marking  ] GC(40) Concurrent Cleanup for Next Mark
[2022-06-28T06:48:23.910+0000][6][gc,marking  ] GC(40) Concurrent Cleanup for Next Mark 0.651ms
[2022-06-28T06:48:23.910+0000][6][gc          ] GC(40) Concurrent Mark Cycle 195.914ms
[2022-06-28T06:48:30.910+0000][6][safepoint   ] Safepoint "Cleanup", Time since last: 7000888895 ns, Reaching safepoint: 40070 ns, At safepoint: 4873 ns, Total: 44943 ns
[2022-06-28T06:48:41.911+0000][6][safepoint   ] Safepoint "Cleanup", Time since last: 11001149419 ns, Reaching safepoint: 38115 ns, At safepoint: 4890 ns, Total: 43005 ns
[2022-06-28T06:48:53.913+0000][6][safepoint   ] Safepoint "Cleanup", Time since last: 12001353901 ns, Reaching safepoint: 60879 ns, At safepoint: 9130 ns, Total: 70009 ns
[2022-06-28T06:48:55.521+0000][6][gc,heap,exit] Heap
[2022-06-28T06:48:55.522+0000][6][gc,heap,exit]  garbage-first heap   total 262144K, used 128511K [0x00000000f0000000, 0x0000000100000000)
[2022-06-28T06:48:55.522+0000][6][gc,heap,exit]   region size 4096K, 12 young (49152K), 2 survivors (8192K)
[2022-06-28T06:48:55.522+0000][6][gc,heap,exit]  Metaspace       used 102245K, committed 106432K, reserved 1179648K
[2022-06-28T06:48:55.522+0000][6][gc,heap,exit]   class space    used 13719K, committed 15424K, reserved 1048576K
