[2022-06-09T04:09:05.787+0000][6][gc,init] CardTable entry size: 512
[2022-06-09T04:09:05.791+0000][6][gc     ] Using G1
[2022-06-09T04:09:06.114+0000][6][gc,init] Version: 18.0.1.1+2-6 (release)
[2022-06-09T04:09:06.114+0000][6][gc,init] CPUs: 1 total, 1 available
[2022-06-09T04:09:06.114+0000][6][gc,init] Memory: 1974M
[2022-06-09T04:09:06.114+0000][6][gc,init] Large Page Support: Disabled
[2022-06-09T04:09:06.114+0000][6][gc,init] NUMA Support: Disabled
[2022-06-09T04:09:06.114+0000][6][gc,init] Compressed Oops: Enabled (32-bit)
[2022-06-09T04:09:06.114+0000][6][gc,init] Heap Region Size: 4M
[2022-06-09T04:09:06.114+0000][6][gc,init] Heap Min Capacity: 256M
[2022-06-09T04:09:06.114+0000][6][gc,init] Heap Initial Capacity: 256M
[2022-06-09T04:09:06.114+0000][6][gc,init] Heap Max Capacity: 256M
[2022-06-09T04:09:06.114+0000][6][gc,init] Pre-touch: Enabled
[2022-06-09T04:09:06.114+0000][6][gc,init] Parallel Workers: 1
[2022-06-09T04:09:06.114+0000][6][gc,init] Concurrent Workers: 1
[2022-06-09T04:09:06.114+0000][6][gc,init] Concurrent Refinement Workers: 1
[2022-06-09T04:09:06.114+0000][6][gc,init] Periodic GC: Disabled
[2022-06-09T04:09:06.114+0000][6][gc,metaspace] CDS archive(s) mapped at: [0x0000000800000000-0x0000000800baf000-0x0000000800baf000), size 12251136, SharedBaseAddress: 0x0000000800000000, ArchiveRelocationMode: 0.
[2022-06-09T04:09:06.114+0000][6][gc,metaspace] Compressed class space mapped at: 0x0000000800c00000-0x0000000840c00000, reserved size: 1073741824
[2022-06-09T04:09:06.114+0000][6][gc,metaspace] Narrow klass base: 0x0000000800000000, Narrow klass shift: 0, Narrow klass range: 0x100000000
[2022-06-09T04:09:07.476+0000][6][gc,start    ] GC(0) Pause Young (Normal) (G1 Evacuation Pause)
[2022-06-09T04:09:07.480+0000][6][gc,task     ] GC(0) Using 1 workers of 1 for evacuation
[2022-06-09T04:09:07.480+0000][6][gc,age      ] GC(0) Desired survivor size 2097152 bytes, new threshold 15 (max threshold 15)
[2022-06-09T04:09:07.487+0000][6][gc,phases   ] GC(0)   Pre Evacuate Collection Set: 0.0ms
[2022-06-09T04:09:07.487+0000][6][gc,phases   ] GC(0)   Merge Heap Roots: 0.0ms
[2022-06-09T04:09:07.487+0000][6][gc,phases   ] GC(0)   Evacuate Collection Set: 4.3ms
[2022-06-09T04:09:07.487+0000][6][gc,phases   ] GC(0)   Post Evacuate Collection Set: 2.5ms
[2022-06-09T04:09:07.487+0000][6][gc,phases   ] GC(0)   Other: 0.1ms
[2022-06-09T04:09:07.487+0000][6][gc,age      ] GC(0) Age table with threshold 15 (max threshold 15)
[2022-06-09T04:09:07.487+0000][6][gc,age      ] GC(0) - age   1:    3171240 bytes,    3171240 total
[2022-06-09T04:09:07.487+0000][6][gc,heap     ] GC(0) Eden regions: 3->0(2)
[2022-06-09T04:09:07.487+0000][6][gc,heap     ] GC(0) Survivor regions: 0->1(1)
[2022-06-09T04:09:07.487+0000][6][gc,heap     ] GC(0) Old regions: 0->0
[2022-06-09T04:09:07.487+0000][6][gc,heap     ] GC(0) Archive regions: 2->2
[2022-06-09T04:09:07.487+0000][6][gc,heap     ] GC(0) Humongous regions: 0->0
[2022-06-09T04:09:07.487+0000][6][gc,metaspace] GC(0) Metaspace: 4650K(4800K)->4650K(4800K) NonClass: 4179K(4288K)->4179K(4288K) Class: 470K(512K)->470K(512K)
[2022-06-09T04:09:07.487+0000][6][gc          ] GC(0) Pause Young (Normal) (G1 Evacuation Pause) 15M->6M(256M) 10.861ms
[2022-06-09T04:09:07.487+0000][6][gc,cpu      ] GC(0) User=0.00s Sys=0.00s Real=0.01s
[2022-06-09T04:09:07.487+0000][6][safepoint   ] Safepoint "G1CollectForAllocation", Time since last: 1311911812 ns, Reaching safepoint: 85458 ns, At safepoint: 10906530 ns, Total: 10991988 ns
[2022-06-09T04:09:08.663+0000][6][safepoint   ] Safepoint "Cleanup", Time since last: 1175960968 ns, Reaching safepoint: 56509 ns, At safepoint: 3621 ns, Total: 60130 ns
[2022-06-09T04:09:08.823+0000][6][gc,start    ] GC(1) Pause Young (Normal) (G1 Evacuation Pause)
[2022-06-09T04:09:08.823+0000][6][gc,task     ] GC(1) Using 1 workers of 1 for evacuation
[2022-06-09T04:09:08.823+0000][6][gc,age      ] GC(1) Desired survivor size 2097152 bytes, new threshold 1 (max threshold 15)
[2022-06-09T04:09:08.851+0000][6][gc,phases   ] GC(1)   Pre Evacuate Collection Set: 0.0ms
[2022-06-09T04:09:08.851+0000][6][gc,phases   ] GC(1)   Merge Heap Roots: 0.0ms
[2022-06-09T04:09:08.851+0000][6][gc,phases   ] GC(1)   Evacuate Collection Set: 28.1ms
[2022-06-09T04:09:08.851+0000][6][gc,phases   ] GC(1)   Post Evacuate Collection Set: 0.5ms
[2022-06-09T04:09:08.851+0000][6][gc,phases   ] GC(1)   Other: 0.1ms
[2022-06-09T04:09:08.851+0000][6][gc,age      ] GC(1) Age table with threshold 1 (max threshold 15)
[2022-06-09T04:09:08.851+0000][6][gc,age      ] GC(1) - age   1:    1131800 bytes,    1131800 total
[2022-06-09T04:09:08.851+0000][6][gc,heap     ] GC(1) Eden regions: 2->0(2)
[2022-06-09T04:09:08.851+0000][6][gc,heap     ] GC(1) Survivor regions: 1->1(1)
[2022-06-09T04:09:08.851+0000][6][gc,heap     ] GC(1) Old regions: 0->1
[2022-06-09T04:09:08.851+0000][6][gc,heap     ] GC(1) Archive regions: 2->2
[2022-06-09T04:09:08.851+0000][6][gc,heap     ] GC(1) Humongous regions: 0->0
[2022-06-09T04:09:08.852+0000][6][gc,metaspace] GC(1) Metaspace: 8085K(8256K)->8085K(8256K) NonClass: 7209K(7296K)->7209K(7296K) Class: 876K(960K)->876K(960K)
[2022-06-09T04:09:08.852+0000][6][gc          ] GC(1) Pause Young (Normal) (G1 Evacuation Pause) 14M->8M(256M) 28.980ms
[2022-06-09T04:09:08.852+0000][6][gc,cpu      ] GC(1) User=0.01s Sys=0.00s Real=0.03s
[2022-06-09T04:09:08.852+0000][6][safepoint   ] Safepoint "G1CollectForAllocation", Time since last: 159665263 ns, Reaching safepoint: 30406 ns, At safepoint: 29023610 ns, Total: 29054016 ns
[2022-06-09T04:09:09.403+0000][6][gc,start    ] GC(2) Pause Young (Normal) (G1 Evacuation Pause)
[2022-06-09T04:09:09.403+0000][6][gc,task     ] GC(2) Using 1 workers of 1 for evacuation
[2022-06-09T04:09:09.403+0000][6][gc,age      ] GC(2) Desired survivor size 2097152 bytes, new threshold 15 (max threshold 15)
[2022-06-09T04:09:09.415+0000][6][gc,phases   ] GC(2)   Pre Evacuate Collection Set: 0.0ms
[2022-06-09T04:09:09.415+0000][6][gc,phases   ] GC(2)   Merge Heap Roots: 0.0ms
[2022-06-09T04:09:09.415+0000][6][gc,phases   ] GC(2)   Evacuate Collection Set: 11.9ms
[2022-06-09T04:09:09.415+0000][6][gc,phases   ] GC(2)   Post Evacuate Collection Set: 0.3ms
[2022-06-09T04:09:09.415+0000][6][gc,phases   ] GC(2)   Other: 0.1ms
[2022-06-09T04:09:09.415+0000][6][gc,age      ] GC(2) Age table with threshold 15 (max threshold 15)
[2022-06-09T04:09:09.415+0000][6][gc,age      ] GC(2) - age   1:     408928 bytes,     408928 total
[2022-06-09T04:09:09.415+0000][6][gc,age      ] GC(2) - age   2:    1052920 bytes,    1461848 total
[2022-06-09T04:09:09.415+0000][6][gc,heap     ] GC(2) Eden regions: 2->0(2)
[2022-06-09T04:09:09.415+0000][6][gc,heap     ] GC(2) Survivor regions: 1->1(1)
[2022-06-09T04:09:09.415+0000][6][gc,heap     ] GC(2) Old regions: 1->1
[2022-06-09T04:09:09.415+0000][6][gc,heap     ] GC(2) Archive regions: 2->2
[2022-06-09T04:09:09.415+0000][6][gc,heap     ] GC(2) Humongous regions: 0->0
[2022-06-09T04:09:09.415+0000][6][gc,metaspace] GC(2) Metaspace: 9765K(10048K)->9765K(10048K) NonClass: 8619K(8768K)->8619K(8768K) Class: 1146K(1280K)->1146K(1280K)
[2022-06-09T04:09:09.415+0000][6][gc          ] GC(2) Pause Young (Normal) (G1 Evacuation Pause) 16M->8M(256M) 12.625ms
[2022-06-09T04:09:09.415+0000][6][gc,cpu      ] GC(2) User=0.00s Sys=0.00s Real=0.02s
[2022-06-09T04:09:09.415+0000][6][safepoint   ] Safepoint "G1CollectForAllocation", Time since last: 550947672 ns, Reaching safepoint: 52276 ns, At safepoint: 12671684 ns, Total: 12723960 ns
[2022-06-09T04:09:10.250+0000][6][gc,start    ] GC(3) Pause Young (Normal) (G1 Evacuation Pause)
[2022-06-09T04:09:10.250+0000][6][gc,task     ] GC(3) Using 1 workers of 1 for evacuation
[2022-06-09T04:09:10.250+0000][6][gc,age      ] GC(3) Desired survivor size 2097152 bytes, new threshold 15 (max threshold 15)
[2022-06-09T04:09:10.265+0000][6][gc,phases   ] GC(3)   Pre Evacuate Collection Set: 0.0ms
[2022-06-09T04:09:10.265+0000][6][gc,phases   ] GC(3)   Merge Heap Roots: 0.0ms
[2022-06-09T04:09:10.265+0000][6][gc,phases   ] GC(3)   Evacuate Collection Set: 14.5ms
[2022-06-09T04:09:10.265+0000][6][gc,phases   ] GC(3)   Post Evacuate Collection Set: 0.3ms
[2022-06-09T04:09:10.265+0000][6][gc,phases   ] GC(3)   Other: 0.1ms
[2022-06-09T04:09:10.265+0000][6][gc,age      ] GC(3) Age table with threshold 15 (max threshold 15)
[2022-06-09T04:09:10.265+0000][6][gc,age      ] GC(3) - age   1:    1179632 bytes,    1179632 total
[2022-06-09T04:09:10.265+0000][6][gc,age      ] GC(3) - age   2:     397352 bytes,    1576984 total
[2022-06-09T04:09:10.265+0000][6][gc,age      ] GC(3) - age   3:    1051776 bytes,    2628760 total
[2022-06-09T04:09:10.265+0000][6][gc,heap     ] GC(3) Eden regions: 2->0(3)
[2022-06-09T04:09:10.265+0000][6][gc,heap     ] GC(3) Survivor regions: 1->1(1)
[2022-06-09T04:09:10.265+0000][6][gc,heap     ] GC(3) Old regions: 1->1
[2022-06-09T04:09:10.265+0000][6][gc,heap     ] GC(3) Archive regions: 2->2
[2022-06-09T04:09:10.265+0000][6][gc,heap     ] GC(3) Humongous regions: 0->0
[2022-06-09T04:09:10.265+0000][6][gc,metaspace] GC(3) Metaspace: 11359K(11648K)->11359K(11648K) NonClass: 10007K(10176K)->10007K(10176K) Class: 1352K(1472K)->1352K(1472K)
[2022-06-09T04:09:10.265+0000][6][gc          ] GC(3) Pause Young (Normal) (G1 Evacuation Pause) 16M->9M(256M) 15.177ms
[2022-06-09T04:09:10.265+0000][6][gc,cpu      ] GC(3) User=0.01s Sys=0.00s Real=0.01s
[2022-06-09T04:09:10.265+0000][6][safepoint   ] Safepoint "G1CollectForAllocation", Time since last: 834652515 ns, Reaching safepoint: 64789 ns, At safepoint: 15218422 ns, Total: 15283211 ns
[2022-06-09T04:09:11.308+0000][6][gc,start    ] GC(4) Pause Young (Normal) (G1 Evacuation Pause)
[2022-06-09T04:09:11.308+0000][6][gc,task     ] GC(4) Using 1 workers of 1 for evacuation
[2022-06-09T04:09:11.308+0000][6][gc,age      ] GC(4) Desired survivor size 2097152 bytes, new threshold 3 (max threshold 15)
[2022-06-09T04:09:11.324+0000][6][gc,phases   ] GC(4)   Pre Evacuate Collection Set: 0.0ms
[2022-06-09T04:09:11.324+0000][6][gc,phases   ] GC(4)   Merge Heap Roots: 0.0ms
[2022-06-09T04:09:11.324+0000][6][gc,phases   ] GC(4)   Evacuate Collection Set: 15.4ms
[2022-06-09T04:09:11.324+0000][6][gc,phases   ] GC(4)   Post Evacuate Collection Set: 0.4ms
[2022-06-09T04:09:11.324+0000][6][gc,phases   ] GC(4)   Other: 0.1ms
[2022-06-09T04:09:11.324+0000][6][gc,age      ] GC(4) Age table with threshold 3 (max threshold 15)
[2022-06-09T04:09:11.324+0000][6][gc,age      ] GC(4) - age   1:    1564696 bytes,    1564696 total
[2022-06-09T04:09:11.324+0000][6][gc,age      ] GC(4) - age   2:    1104184 bytes,    2668880 total
[2022-06-09T04:09:11.324+0000][6][gc,age      ] GC(4) - age   3:     382408 bytes,    3051288 total
[2022-06-09T04:09:11.324+0000][6][gc,heap     ] GC(4) Eden regions: 3->0(4)
[2022-06-09T04:09:11.324+0000][6][gc,heap     ] GC(4) Survivor regions: 1->1(1)
[2022-06-09T04:09:11.324+0000][6][gc,heap     ] GC(4) Old regions: 1->1
[2022-06-09T04:09:11.324+0000][6][gc,heap     ] GC(4) Archive regions: 2->2
[2022-06-09T04:09:11.324+0000][6][gc,heap     ] GC(4) Humongous regions: 0->0
[2022-06-09T04:09:11.324+0000][6][gc,metaspace] GC(4) Metaspace: 13418K(13760K)->13418K(13760K) NonClass: 11847K(12032K)->11847K(12032K) Class: 1570K(1728K)->1570K(1728K)
[2022-06-09T04:09:11.324+0000][6][gc          ] GC(4) Pause Young (Normal) (G1 Evacuation Pause) 21M->10M(256M) 16.175ms
[2022-06-09T04:09:11.324+0000][6][gc,cpu      ] GC(4) User=0.01s Sys=0.00s Real=0.01s
[2022-06-09T04:09:11.324+0000][6][safepoint   ] Safepoint "G1CollectForAllocation", Time since last: 1042985906 ns, Reaching safepoint: 96945 ns, At safepoint: 16225526 ns, Total: 16322471 ns
[2022-06-09T04:09:12.325+0000][6][safepoint   ] Safepoint "Cleanup", Time since last: 1000100315 ns, Reaching safepoint: 177135 ns, At safepoint: 5082 ns, Total: 182217 ns
[2022-06-09T04:09:12.435+0000][6][gc,start    ] GC(5) Pause Young (Normal) (G1 Evacuation Pause)
[2022-06-09T04:09:12.435+0000][6][gc,task     ] GC(5) Using 1 workers of 1 for evacuation
[2022-06-09T04:09:12.435+0000][6][gc,age      ] GC(5) Desired survivor size 2097152 bytes, new threshold 2 (max threshold 15)
[2022-06-09T04:09:12.451+0000][6][gc,phases   ] GC(5)   Pre Evacuate Collection Set: 0.0ms
[2022-06-09T04:09:12.452+0000][6][gc,phases   ] GC(5)   Merge Heap Roots: 0.0ms
[2022-06-09T04:09:12.452+0000][6][gc,phases   ] GC(5)   Evacuate Collection Set: 16.2ms
[2022-06-09T04:09:12.452+0000][6][gc,phases   ] GC(5)   Post Evacuate Collection Set: 0.4ms
[2022-06-09T04:09:12.452+0000][6][gc,phases   ] GC(5)   Other: 0.1ms
[2022-06-09T04:09:12.452+0000][6][gc,age      ] GC(5) Age table with threshold 2 (max threshold 15)
[2022-06-09T04:09:12.452+0000][6][gc,age      ] GC(5) - age   1:     489200 bytes,     489200 total
[2022-06-09T04:09:12.452+0000][6][gc,age      ] GC(5) - age   2:    1027760 bytes,    1516960 total
[2022-06-09T04:09:12.452+0000][6][gc,heap     ] GC(5) Eden regions: 4->0(37)
[2022-06-09T04:09:12.452+0000][6][gc,heap     ] GC(5) Survivor regions: 1->1(1)
[2022-06-09T04:09:12.452+0000][6][gc,heap     ] GC(5) Old regions: 1->2
[2022-06-09T04:09:12.452+0000][6][gc,heap     ] GC(5) Archive regions: 2->2
[2022-06-09T04:09:12.452+0000][6][gc,heap     ] GC(5) Humongous regions: 0->0
[2022-06-09T04:09:12.452+0000][6][gc,metaspace] GC(5) Metaspace: 14931K(15360K)->14931K(15360K) NonClass: 13216K(13440K)->13216K(13440K) Class: 1715K(1920K)->1715K(1920K)
[2022-06-09T04:09:12.452+0000][6][gc          ] GC(5) Pause Young (Normal) (G1 Evacuation Pause) 26M->11M(256M) 16.929ms
[2022-06-09T04:09:12.452+0000][6][gc,cpu      ] GC(5) User=0.01s Sys=0.00s Real=0.01s
[2022-06-09T04:09:12.452+0000][6][safepoint   ] Safepoint "G1CollectForAllocation", Time since last: 109899881 ns, Reaching safepoint: 23822 ns, At safepoint: 16975178 ns, Total: 16999000 ns
[2022-06-09T04:09:13.455+0000][6][safepoint   ] Safepoint "Cleanup", Time since last: 1002862376 ns, Reaching safepoint: 623303 ns, At safepoint: 5392 ns, Total: 628695 ns
[2022-06-09T04:09:14.575+0000][6][safepoint   ] Safepoint "Cleanup", Time since last: 1119353102 ns, Reaching safepoint: 62074 ns, At safepoint: 3721 ns, Total: 65795 ns
[2022-06-09T04:09:15.575+0000][6][safepoint   ] Safepoint "Cleanup", Time since last: 1000112754 ns, Reaching safepoint: 196925 ns, At safepoint: 5007 ns, Total: 201932 ns
[2022-06-09T04:09:15.935+0000][6][gc,start    ] GC(6) Pause Young (Normal) (G1 Evacuation Pause)
[2022-06-09T04:09:15.935+0000][6][gc,task     ] GC(6) Using 1 workers of 1 for evacuation
[2022-06-09T04:09:15.935+0000][6][gc,age      ] GC(6) Desired survivor size 10485760 bytes, new threshold 15 (max threshold 15)
[2022-06-09T04:09:15.970+0000][6][gc,phases   ] GC(6)   Pre Evacuate Collection Set: 0.0ms
[2022-06-09T04:09:15.970+0000][6][gc,phases   ] GC(6)   Merge Heap Roots: 0.0ms
[2022-06-09T04:09:15.970+0000][6][gc,phases   ] GC(6)   Evacuate Collection Set: 26.9ms
[2022-06-09T04:09:15.970+0000][6][gc,phases   ] GC(6)   Post Evacuate Collection Set: 7.9ms
[2022-06-09T04:09:15.971+0000][6][gc,phases   ] GC(6)   Other: 0.1ms
[2022-06-09T04:09:15.971+0000][6][gc,age      ] GC(6) Age table with threshold 15 (max threshold 15)
[2022-06-09T04:09:15.971+0000][6][gc,age      ] GC(6) - age   1:    3904960 bytes,    3904960 total
[2022-06-09T04:09:15.971+0000][6][gc,age      ] GC(6) - age   2:     452144 bytes,    4357104 total
[2022-06-09T04:09:15.971+0000][6][gc,age      ] GC(6) - age   3:    1027392 bytes,    5384496 total
[2022-06-09T04:09:15.971+0000][6][gc,heap     ] GC(6) Eden regions: 37->0(36)
[2022-06-09T04:09:15.971+0000][6][gc,heap     ] GC(6) Survivor regions: 1->2(5)
[2022-06-09T04:09:15.971+0000][6][gc,heap     ] GC(6) Old regions: 2->2
[2022-06-09T04:09:15.971+0000][6][gc,heap     ] GC(6) Archive regions: 2->2
[2022-06-09T04:09:15.971+0000][6][gc,heap     ] GC(6) Humongous regions: 0->0
[2022-06-09T04:09:15.971+0000][6][gc,metaspace] GC(6) Metaspace: 17971K(18304K)->17971K(18304K) NonClass: 15893K(16064K)->15893K(16064K) Class: 2077K(2240K)->2077K(2240K)
[2022-06-09T04:09:15.971+0000][6][gc          ] GC(6) Pause Young (Normal) (G1 Evacuation Pause) 159M->14M(256M) 35.231ms
[2022-06-09T04:09:15.971+0000][6][gc,cpu      ] GC(6) User=0.01s Sys=0.00s Real=0.03s
[2022-06-09T04:09:15.971+0000][6][safepoint   ] Safepoint "G1CollectForAllocation", Time since last: 360447630 ns, Reaching safepoint: 40322 ns, At safepoint: 35282553 ns, Total: 35322875 ns
[2022-06-09T04:09:16.971+0000][6][safepoint   ] Safepoint "Cleanup", Time since last: 1000124936 ns, Reaching safepoint: 41486 ns, At safepoint: 4387 ns, Total: 45873 ns
[2022-06-09T04:09:17.246+0000][6][gc,start    ] GC(7) Pause Young (Normal) (G1 Evacuation Pause)
[2022-06-09T04:09:17.246+0000][6][gc,task     ] GC(7) Using 1 workers of 1 for evacuation
[2022-06-09T04:09:17.246+0000][6][gc,age      ] GC(7) Desired survivor size 10485760 bytes, new threshold 15 (max threshold 15)
[2022-06-09T04:09:17.271+0000][6][gc,phases   ] GC(7)   Pre Evacuate Collection Set: 0.6ms
[2022-06-09T04:09:17.271+0000][6][gc,phases   ] GC(7)   Merge Heap Roots: 0.0ms
[2022-06-09T04:09:17.271+0000][6][gc,phases   ] GC(7)   Evacuate Collection Set: 20.5ms
[2022-06-09T04:09:17.271+0000][6][gc,phases   ] GC(7)   Post Evacuate Collection Set: 3.4ms
[2022-06-09T04:09:17.271+0000][6][gc,phases   ] GC(7)   Other: 0.1ms
[2022-06-09T04:09:17.271+0000][6][gc,age      ] GC(7) Age table with threshold 15 (max threshold 15)
[2022-06-09T04:09:17.271+0000][6][gc,age      ] GC(7) - age   1:    1044728 bytes,    1044728 total
[2022-06-09T04:09:17.271+0000][6][gc,age      ] GC(7) - age   2:    3875944 bytes,    4920672 total
[2022-06-09T04:09:17.271+0000][6][gc,age      ] GC(7) - age   3:     451944 bytes,    5372616 total
[2022-06-09T04:09:17.271+0000][6][gc,age      ] GC(7) - age   4:    1027280 bytes,    6399896 total
[2022-06-09T04:09:17.271+0000][6][gc,heap     ] GC(7) Eden regions: 36->0(36)
[2022-06-09T04:09:17.271+0000][6][gc,heap     ] GC(7) Survivor regions: 2->2(5)
[2022-06-09T04:09:17.271+0000][6][gc,heap     ] GC(7) Old regions: 2->2
[2022-06-09T04:09:17.271+0000][6][gc,heap     ] GC(7) Archive regions: 2->2
[2022-06-09T04:09:17.271+0000][6][gc,heap     ] GC(7) Humongous regions: 0->0
[2022-06-09T04:09:17.271+0000][6][gc,metaspace] GC(7) Metaspace: 18552K(18944K)->18552K(18944K) NonClass: 16371K(16576K)->16371K(16576K) Class: 2181K(2368K)->2181K(2368K)
[2022-06-09T04:09:17.271+0000][6][gc          ] GC(7) Pause Young (Normal) (G1 Evacuation Pause) 158M->15M(256M) 24.802ms
[2022-06-09T04:09:17.271+0000][6][gc,cpu      ] GC(7) User=0.01s Sys=0.00s Real=0.03s
[2022-06-09T04:09:17.271+0000][6][safepoint   ] Safepoint "G1CollectForAllocation", Time since last: 275016669 ns, Reaching safepoint: 24976 ns, At safepoint: 24870807 ns, Total: 24895783 ns
[2022-06-09T04:09:18.275+0000][6][safepoint   ] Safepoint "Cleanup", Time since last: 1003770770 ns, Reaching safepoint: 708454 ns, At safepoint: 5579 ns, Total: 714033 ns
[2022-06-09T04:09:18.491+0000][6][gc,start    ] GC(8) Pause Young (Normal) (G1 Evacuation Pause)
[2022-06-09T04:09:18.491+0000][6][gc,task     ] GC(8) Using 1 workers of 1 for evacuation
[2022-06-09T04:09:18.491+0000][6][gc,age      ] GC(8) Desired survivor size 10485760 bytes, new threshold 15 (max threshold 15)
[2022-06-09T04:09:18.547+0000][6][gc,phases   ] GC(8)   Pre Evacuate Collection Set: 0.0ms
[2022-06-09T04:09:18.547+0000][6][gc,phases   ] GC(8)   Merge Heap Roots: 0.0ms
[2022-06-09T04:09:18.547+0000][6][gc,phases   ] GC(8)   Evacuate Collection Set: 42.4ms
[2022-06-09T04:09:18.547+0000][6][gc,phases   ] GC(8)   Post Evacuate Collection Set: 13.5ms
[2022-06-09T04:09:18.547+0000][6][gc,phases   ] GC(8)   Other: 0.1ms
[2022-06-09T04:09:18.547+0000][6][gc,age      ] GC(8) Age table with threshold 15 (max threshold 15)
[2022-06-09T04:09:18.547+0000][6][gc,age      ] GC(8) - age   1:    3396272 bytes,    3396272 total
[2022-06-09T04:09:18.547+0000][6][gc,age      ] GC(8) - age   2:    1021896 bytes,    4418168 total
[2022-06-09T04:09:18.547+0000][6][gc,age      ] GC(8) - age   3:    3875248 bytes,    8293416 total
[2022-06-09T04:09:18.547+0000][6][gc,age      ] GC(8) - age   4:     451944 bytes,    8745360 total
[2022-06-09T04:09:18.547+0000][6][gc,age      ] GC(8) - age   5:    1027280 bytes,    9772640 total
[2022-06-09T04:09:18.547+0000][6][gc,heap     ] GC(8) Eden regions: 36->0(35)
[2022-06-09T04:09:18.547+0000][6][gc,heap     ] GC(8) Survivor regions: 2->3(5)
[2022-06-09T04:09:18.547+0000][6][gc,heap     ] GC(8) Old regions: 2->2
[2022-06-09T04:09:18.547+0000][6][gc,heap     ] GC(8) Archive regions: 2->2
[2022-06-09T04:09:18.547+0000][6][gc,heap     ] GC(8) Humongous regions: 0->0
[2022-06-09T04:09:18.547+0000][6][gc,metaspace] GC(8) Metaspace: 18992K(19392K)->18992K(19392K) NonClass: 16771K(17024K)->16771K(17024K) Class: 2221K(2368K)->2221K(2368K)
[2022-06-09T04:09:18.547+0000][6][gc          ] GC(8) Pause Young (Normal) (G1 Evacuation Pause) 159M->19M(256M) 56.273ms
[2022-06-09T04:09:18.547+0000][6][gc,cpu      ] GC(8) User=0.02s Sys=0.00s Real=0.06s
[2022-06-09T04:09:18.547+0000][6][safepoint   ] Safepoint "G1CollectForAllocation", Time since last: 215399201 ns, Reaching safepoint: 17545 ns, At safepoint: 56316211 ns, Total: 56333756 ns
[2022-06-09T04:09:19.552+0000][6][safepoint   ] Safepoint "Cleanup", Time since last: 1003551138 ns, Reaching safepoint: 1920918 ns, At safepoint: 6617 ns, Total: 1927535 ns
[2022-06-09T04:09:19.891+0000][6][gc,start    ] GC(9) Pause Young (Normal) (G1 Evacuation Pause)
[2022-06-09T04:09:19.891+0000][6][gc,task     ] GC(9) Using 1 workers of 1 for evacuation
[2022-06-09T04:09:19.891+0000][6][gc,age      ] GC(9) Desired survivor size 10485760 bytes, new threshold 15 (max threshold 15)
[2022-06-09T04:09:19.927+0000][6][gc,phases   ] GC(9)   Pre Evacuate Collection Set: 0.0ms
[2022-06-09T04:09:19.927+0000][6][gc,phases   ] GC(9)   Merge Heap Roots: 0.0ms
[2022-06-09T04:09:19.927+0000][6][gc,phases   ] GC(9)   Evacuate Collection Set: 35.3ms
[2022-06-09T04:09:19.927+0000][6][gc,phases   ] GC(9)   Post Evacuate Collection Set: 0.7ms
[2022-06-09T04:09:19.927+0000][6][gc,phases   ] GC(9)   Other: 0.1ms
[2022-06-09T04:09:19.927+0000][6][gc,age      ] GC(9) Age table with threshold 15 (max threshold 15)
[2022-06-09T04:09:19.927+0000][6][gc,age      ] GC(9) - age   1:    2168128 bytes,    2168128 total
[2022-06-09T04:09:19.927+0000][6][gc,age      ] GC(9) - age   2:    2464032 bytes,    4632160 total
[2022-06-09T04:09:19.927+0000][6][gc,age      ] GC(9) - age   3:    1021752 bytes,    5653912 total
[2022-06-09T04:09:19.927+0000][6][gc,age      ] GC(9) - age   4:    3875200 bytes,    9529112 total
[2022-06-09T04:09:19.927+0000][6][gc,age      ] GC(9) - age   5:     451944 bytes,    9981056 total
[2022-06-09T04:09:19.927+0000][6][gc,age      ] GC(9) - age   6:    1027136 bytes,   11008192 total
[2022-06-09T04:09:19.927+0000][6][gc,heap     ] GC(9) Eden regions: 35->0(35)
[2022-06-09T04:09:19.927+0000][6][gc,heap     ] GC(9) Survivor regions: 3->3(5)
[2022-06-09T04:09:19.927+0000][6][gc,heap     ] GC(9) Old regions: 2->2
[2022-06-09T04:09:19.927+0000][6][gc,heap     ] GC(9) Archive regions: 2->2
[2022-06-09T04:09:19.927+0000][6][gc,heap     ] GC(9) Humongous regions: 0->0
[2022-06-09T04:09:19.927+0000][6][gc,metaspace] GC(9) Metaspace: 19543K(20032K)->19543K(20032K) NonClass: 17248K(17536K)->17248K(17536K) Class: 2295K(2496K)->2295K(2496K)
[2022-06-09T04:09:19.927+0000][6][gc          ] GC(9) Pause Young (Normal) (G1 Evacuation Pause) 159M->20M(256M) 36.309ms
[2022-06-09T04:09:19.927+0000][6][gc,cpu      ] GC(9) User=0.01s Sys=0.00s Real=0.04s
[2022-06-09T04:09:19.927+0000][6][safepoint   ] Safepoint "G1CollectForAllocation", Time since last: 338591447 ns, Reaching safepoint: 23887 ns, At safepoint: 36352957 ns, Total: 36376844 ns
[2022-06-09T04:09:20.931+0000][6][safepoint   ] Safepoint "Cleanup", Time since last: 1001019106 ns, Reaching safepoint: 2122453 ns, At safepoint: 6125 ns, Total: 2128578 ns
[2022-06-09T04:09:21.032+0000][6][gc,start    ] GC(10) Pause Young (Normal) (G1 Evacuation Pause)
[2022-06-09T04:09:21.032+0000][6][gc,task     ] GC(10) Using 1 workers of 1 for evacuation
[2022-06-09T04:09:21.032+0000][6][gc,age      ] GC(10) Desired survivor size 10485760 bytes, new threshold 6 (max threshold 15)
[2022-06-09T04:09:21.067+0000][6][gc,phases   ] GC(10)   Pre Evacuate Collection Set: 0.0ms
[2022-06-09T04:09:21.067+0000][6][gc,phases   ] GC(10)   Merge Heap Roots: 0.0ms
[2022-06-09T04:09:21.067+0000][6][gc,phases   ] GC(10)   Evacuate Collection Set: 30.1ms
[2022-06-09T04:09:21.067+0000][6][gc,phases   ] GC(10)   Post Evacuate Collection Set: 4.2ms
[2022-06-09T04:09:21.067+0000][6][gc,phases   ] GC(10)   Other: 0.1ms
[2022-06-09T04:09:21.067+0000][6][gc,age      ] GC(10) Age table with threshold 6 (max threshold 15)
[2022-06-09T04:09:21.067+0000][6][gc,age      ] GC(10) - age   1:    1108808 bytes,    1108808 total
[2022-06-09T04:09:21.067+0000][6][gc,age      ] GC(10) - age   2:    1029064 bytes,    2137872 total
[2022-06-09T04:09:21.067+0000][6][gc,age      ] GC(10) - age   3:    2464032 bytes,    4601904 total
[2022-06-09T04:09:21.067+0000][6][gc,age      ] GC(10) - age   4:    1020808 bytes,    5622712 total
[2022-06-09T04:09:21.067+0000][6][gc,age      ] GC(10) - age   5:    3874784 bytes,    9497496 total
[2022-06-09T04:09:21.067+0000][6][gc,age      ] GC(10) - age   6:     451880 bytes,    9949376 total
[2022-06-09T04:09:21.067+0000][6][gc,heap     ] GC(10) Eden regions: 35->0(35)
[2022-06-09T04:09:21.067+0000][6][gc,heap     ] GC(10) Survivor regions: 3->3(5)
[2022-06-09T04:09:21.067+0000][6][gc,heap     ] GC(10) Old regions: 2->2
[2022-06-09T04:09:21.067+0000][6][gc,heap     ] GC(10) Archive regions: 2->2
[2022-06-09T04:09:21.067+0000][6][gc,heap     ] GC(10) Humongous regions: 0->0
[2022-06-09T04:09:21.067+0000][6][gc,metaspace] GC(10) Metaspace: 19882K(20416K)->19882K(20416K) NonClass: 17532K(17856K)->17532K(17856K) Class: 2349K(2560K)->2349K(2560K)
[2022-06-09T04:09:21.067+0000][6][gc          ] GC(10) Pause Young (Normal) (G1 Evacuation Pause) 160M->20M(256M) 34.706ms
[2022-06-09T04:09:21.067+0000][6][gc,cpu      ] GC(10) User=0.01s Sys=0.00s Real=0.04s
[2022-06-09T04:09:21.067+0000][6][safepoint   ] Safepoint "G1CollectForAllocation", Time since last: 101628975 ns, Reaching safepoint: 24310 ns, At safepoint: 34752075 ns, Total: 34776385 ns
[2022-06-09T04:09:22.234+0000][6][safepoint   ] Safepoint "Cleanup", Time since last: 1167116306 ns, Reaching safepoint: 74083 ns, At safepoint: 3355 ns, Total: 77438 ns
[2022-06-09T04:09:22.408+0000][6][gc,start    ] GC(11) Pause Young (Normal) (G1 Evacuation Pause)
[2022-06-09T04:09:22.408+0000][6][gc,task     ] GC(11) Using 1 workers of 1 for evacuation
[2022-06-09T04:09:22.408+0000][6][gc,age      ] GC(11) Desired survivor size 10485760 bytes, new threshold 15 (max threshold 15)
[2022-06-09T04:09:22.432+0000][6][gc,phases   ] GC(11)   Pre Evacuate Collection Set: 0.0ms
[2022-06-09T04:09:22.432+0000][6][gc,phases   ] GC(11)   Merge Heap Roots: 0.0ms
[2022-06-09T04:09:22.432+0000][6][gc,phases   ] GC(11)   Evacuate Collection Set: 23.2ms
[2022-06-09T04:09:22.432+0000][6][gc,phases   ] GC(11)   Post Evacuate Collection Set: 0.6ms
[2022-06-09T04:09:22.432+0000][6][gc,phases   ] GC(11)   Other: 0.1ms
[2022-06-09T04:09:22.432+0000][6][gc,age      ] GC(11) Age table with threshold 15 (max threshold 15)
[2022-06-09T04:09:22.432+0000][6][gc,age      ] GC(11) - age   1:    1953936 bytes,    1953936 total
[2022-06-09T04:09:22.432+0000][6][gc,age      ] GC(11) - age   2:     289880 bytes,    2243816 total
[2022-06-09T04:09:22.432+0000][6][gc,age      ] GC(11) - age   3:    1029032 bytes,    3272848 total
[2022-06-09T04:09:22.432+0000][6][gc,age      ] GC(11) - age   4:    2462960 bytes,    5735808 total
[2022-06-09T04:09:22.432+0000][6][gc,age      ] GC(11) - age   5:    1017952 bytes,    6753760 total
[2022-06-09T04:09:22.432+0000][6][gc,age      ] GC(11) - age   6:    3873568 bytes,   10627328 total
[2022-06-09T04:09:22.432+0000][6][gc,age      ] GC(11) - age   7:     451232 bytes,   11078560 total
[2022-06-09T04:09:22.432+0000][6][gc,heap     ] GC(11) Eden regions: 35->0(35)
[2022-06-09T04:09:22.432+0000][6][gc,heap     ] GC(11) Survivor regions: 3->3(5)
[2022-06-09T04:09:22.432+0000][6][gc,heap     ] GC(11) Old regions: 2->2
[2022-06-09T04:09:22.432+0000][6][gc,heap     ] GC(11) Archive regions: 2->2
[2022-06-09T04:09:22.432+0000][6][gc,heap     ] GC(11) Humongous regions: 0->0
[2022-06-09T04:09:22.432+0000][6][gc,metaspace] GC(11) Metaspace: 20780K(21248K)->20780K(21248K) NonClass: 18319K(18624K)->18319K(18624K) Class: 2460K(2624K)->2460K(2624K)
[2022-06-09T04:09:22.432+0000][6][gc          ] GC(11) Pause Young (Normal) (G1 Evacuation Pause) 160M->22M(256M) 24.234ms
[2022-06-09T04:09:22.433+0000][6][gc,cpu      ] GC(11) User=0.01s Sys=0.00s Real=0.02s
[2022-06-09T04:09:22.433+0000][6][safepoint   ] Safepoint "G1CollectForAllocation", Time since last: 174062486 ns, Reaching safepoint: 31373 ns, At safepoint: 24281424 ns, Total: 24312797 ns
[2022-06-09T04:09:23.015+0000][6][gc,start    ] GC(12) Pause Young (Concurrent Start) (Metadata GC Threshold)
[2022-06-09T04:09:23.015+0000][6][gc,task     ] GC(12) Using 1 workers of 1 for evacuation
[2022-06-09T04:09:23.015+0000][6][gc,age      ] GC(12) Desired survivor size 10485760 bytes, new threshold 6 (max threshold 15)
[2022-06-09T04:09:23.035+0000][6][gc,phases   ] GC(12)   Pre Evacuate Collection Set: 0.1ms
[2022-06-09T04:09:23.035+0000][6][gc,phases   ] GC(12)   Merge Heap Roots: 0.0ms
[2022-06-09T04:09:23.035+0000][6][gc,phases   ] GC(12)   Evacuate Collection Set: 18.6ms
[2022-06-09T04:09:23.035+0000][6][gc,phases   ] GC(12)   Post Evacuate Collection Set: 1.2ms
[2022-06-09T04:09:23.035+0000][6][gc,phases   ] GC(12)   Other: 0.1ms
[2022-06-09T04:09:23.035+0000][6][gc,age      ] GC(12) Age table with threshold 6 (max threshold 15)
[2022-06-09T04:09:23.035+0000][6][gc,age      ] GC(12) - age   1:     511400 bytes,     511400 total
[2022-06-09T04:09:23.035+0000][6][gc,age      ] GC(12) - age   2:    1621488 bytes,    2132888 total
[2022-06-09T04:09:23.035+0000][6][gc,age      ] GC(12) - age   3:     288344 bytes,    2421232 total
[2022-06-09T04:09:23.035+0000][6][gc,age      ] GC(12) - age   4:    1029032 bytes,    3450264 total
[2022-06-09T04:09:23.035+0000][6][gc,age      ] GC(12) - age   5:    2462896 bytes,    5913160 total
[2022-06-09T04:09:23.035+0000][6][gc,age      ] GC(12) - age   6:    1017856 bytes,    6931016 total
[2022-06-09T04:09:23.035+0000][6][gc,heap     ] GC(12) Eden regions: 22->0(36)
[2022-06-09T04:09:23.035+0000][6][gc,heap     ] GC(12) Survivor regions: 3->2(5)
[2022-06-09T04:09:23.035+0000][6][gc,heap     ] GC(12) Old regions: 2->3
[2022-06-09T04:09:23.035+0000][6][gc,heap     ] GC(12) Archive regions: 2->2
[2022-06-09T04:09:23.035+0000][6][gc,heap     ] GC(12) Humongous regions: 0->0
[2022-06-09T04:09:23.035+0000][6][gc,metaspace] GC(12) Metaspace: 20979K(21504K)->20979K(21504K) NonClass: 18487K(18816K)->18487K(18816K) Class: 2491K(2688K)->2491K(2688K)
[2022-06-09T04:09:23.035+0000][6][gc          ] GC(12) Pause Young (Concurrent Start) (Metadata GC Threshold) 108M->22M(256M) 20.180ms
[2022-06-09T04:09:23.035+0000][6][gc,cpu      ] GC(12) User=0.02s Sys=0.00s Real=0.02s
[2022-06-09T04:09:23.035+0000][6][safepoint   ] Safepoint "CollectForMetadataAllocation", Time since last: 581977397 ns, Reaching safepoint: 31786 ns, At safepoint: 20303715 ns, Total: 20335501 ns
[2022-06-09T04:09:23.039+0000][6][gc          ] GC(13) Concurrent Mark Cycle
[2022-06-09T04:09:23.039+0000][6][gc,marking  ] GC(13) Concurrent Clear Claimed Marks
[2022-06-09T04:09:23.039+0000][6][gc,marking  ] GC(13) Concurrent Clear Claimed Marks 0.032ms
[2022-06-09T04:09:23.039+0000][6][gc,marking  ] GC(13) Concurrent Scan Root Regions
[2022-06-09T04:09:23.063+0000][6][gc,marking  ] GC(13) Concurrent Scan Root Regions 24.605ms
[2022-06-09T04:09:23.063+0000][6][gc,marking  ] GC(13) Concurrent Mark
[2022-06-09T04:09:23.063+0000][6][gc,marking  ] GC(13) Concurrent Mark From Roots
[2022-06-09T04:09:23.063+0000][6][gc,task     ] GC(13) Using 1 workers of 1 for marking
[2022-06-09T04:09:23.127+0000][6][gc,marking  ] GC(13) Concurrent Mark From Roots 63.313ms
[2022-06-09T04:09:23.127+0000][6][gc,marking  ] GC(13) Concurrent Preclean
[2022-06-09T04:09:23.127+0000][6][gc,marking  ] GC(13) Concurrent Preclean 0.040ms
[2022-06-09T04:09:23.127+0000][6][gc,start    ] GC(13) Pause Remark
[2022-06-09T04:09:23.142+0000][6][gc          ] GC(13) Pause Remark 32M->32M(256M) 14.564ms
[2022-06-09T04:09:23.142+0000][6][gc,cpu      ] GC(13) User=0.00s Sys=0.00s Real=0.01s
[2022-06-09T04:09:23.142+0000][6][safepoint   ] Safepoint "G1Concurrent", Time since last: 91800024 ns, Reaching safepoint: 288568 ns, At safepoint: 14625727 ns, Total: 14914295 ns
[2022-06-09T04:09:23.142+0000][6][gc,marking  ] GC(13) Concurrent Mark 78.386ms
[2022-06-09T04:09:23.142+0000][6][gc,marking  ] GC(13) Concurrent Rebuild Remembered Sets
[2022-06-09T04:09:23.177+0000][6][gc,marking  ] GC(13) Concurrent Rebuild Remembered Sets 35.769ms
[2022-06-09T04:09:23.186+0000][6][gc,start    ] GC(13) Pause Cleanup
[2022-06-09T04:09:23.186+0000][6][gc          ] GC(13) Pause Cleanup 38M->38M(256M) 0.065ms
[2022-06-09T04:09:23.186+0000][6][gc,cpu      ] GC(13) User=0.00s Sys=0.00s Real=0.00s
[2022-06-09T04:09:23.186+0000][6][safepoint   ] Safepoint "G1Concurrent", Time since last: 35878916 ns, Reaching safepoint: 8398935 ns, At safepoint: 101257 ns, Total: 8500192 ns
[2022-06-09T04:09:23.186+0000][6][gc,marking  ] GC(13) Concurrent Cleanup for Next Mark
[2022-06-09T04:09:23.187+0000][6][gc,marking  ] GC(13) Concurrent Cleanup for Next Mark 0.667ms
[2022-06-09T04:09:23.187+0000][6][gc          ] GC(13) Concurrent Mark Cycle 148.135ms
[2022-06-09T04:09:23.838+0000][6][gc,start    ] GC(14) Pause Young (Normal) (G1 Evacuation Pause)
[2022-06-09T04:09:23.838+0000][6][gc,task     ] GC(14) Using 1 workers of 1 for evacuation
[2022-06-09T04:09:23.838+0000][6][gc,age      ] GC(14) Desired survivor size 10485760 bytes, new threshold 15 (max threshold 15)
[2022-06-09T04:09:23.851+0000][6][gc,phases   ] GC(14)   Pre Evacuate Collection Set: 0.0ms
[2022-06-09T04:09:23.851+0000][6][gc,phases   ] GC(14)   Merge Heap Roots: 0.0ms
[2022-06-09T04:09:23.851+0000][6][gc,phases   ] GC(14)   Evacuate Collection Set: 12.5ms
[2022-06-09T04:09:23.851+0000][6][gc,phases   ] GC(14)   Post Evacuate Collection Set: 0.5ms
[2022-06-09T04:09:23.851+0000][6][gc,phases   ] GC(14)   Other: 0.1ms
[2022-06-09T04:09:23.851+0000][6][gc,age      ] GC(14) Age table with threshold 15 (max threshold 15)
[2022-06-09T04:09:23.851+0000][6][gc,age      ] GC(14) - age   1:     717496 bytes,     717496 total
[2022-06-09T04:09:23.851+0000][6][gc,age      ] GC(14) - age   2:     508872 bytes,    1226368 total
[2022-06-09T04:09:23.851+0000][6][gc,age      ] GC(14) - age   3:    1621456 bytes,    2847824 total
[2022-06-09T04:09:23.851+0000][6][gc,age      ] GC(14) - age   4:     288064 bytes,    3135888 total
[2022-06-09T04:09:23.851+0000][6][gc,age      ] GC(14) - age   5:    1028488 bytes,    4164376 total
[2022-06-09T04:09:23.851+0000][6][gc,age      ] GC(14) - age   6:    2462896 bytes,    6627272 total
[2022-06-09T04:09:23.851+0000][6][gc,age      ] GC(14) - age   7:    1017856 bytes,    7645128 total
[2022-06-09T04:09:23.851+0000][6][gc,heap     ] GC(14) Eden regions: 36->0(36)
[2022-06-09T04:09:23.851+0000][6][gc,heap     ] GC(14) Survivor regions: 2->2(5)
[2022-06-09T04:09:23.851+0000][6][gc,heap     ] GC(14) Old regions: 3->3
[2022-06-09T04:09:23.851+0000][6][gc,heap     ] GC(14) Archive regions: 2->2
[2022-06-09T04:09:23.851+0000][6][gc,heap     ] GC(14) Humongous regions: 0->0
[2022-06-09T04:09:23.851+0000][6][gc,metaspace] GC(14) Metaspace: 21104K(21696K)->21104K(21696K) NonClass: 18595K(18944K)->18595K(18944K) Class: 2509K(2752K)->2509K(2752K)
[2022-06-09T04:09:23.851+0000][6][gc          ] GC(14) Pause Young (Normal) (G1 Evacuation Pause) 166M->22M(256M) 13.464ms
[2022-06-09T04:09:23.851+0000][6][gc,cpu      ] GC(14) User=0.00s Sys=0.00s Real=0.01s
[2022-06-09T04:09:23.851+0000][6][safepoint   ] Safepoint "G1CollectForAllocation", Time since last: 651979618 ns, Reaching safepoint: 49932 ns, At safepoint: 13518185 ns, Total: 13568117 ns
[2022-06-09T04:09:24.712+0000][6][gc,start    ] GC(15) Pause Young (Normal) (G1 Evacuation Pause)
[2022-06-09T04:09:24.712+0000][6][gc,task     ] GC(15) Using 1 workers of 1 for evacuation
[2022-06-09T04:09:24.712+0000][6][gc,age      ] GC(15) Desired survivor size 10485760 bytes, new threshold 15 (max threshold 15)
[2022-06-09T04:09:24.730+0000][6][gc,phases   ] GC(15)   Pre Evacuate Collection Set: 0.0ms
[2022-06-09T04:09:24.730+0000][6][gc,phases   ] GC(15)   Merge Heap Roots: 0.0ms
[2022-06-09T04:09:24.730+0000][6][gc,phases   ] GC(15)   Evacuate Collection Set: 16.6ms
[2022-06-09T04:09:24.730+0000][6][gc,phases   ] GC(15)   Post Evacuate Collection Set: 0.6ms
[2022-06-09T04:09:24.730+0000][6][gc,phases   ] GC(15)   Other: 0.1ms
[2022-06-09T04:09:24.730+0000][6][gc,age      ] GC(15) Age table with threshold 15 (max threshold 15)
[2022-06-09T04:09:24.730+0000][6][gc,age      ] GC(15) - age   1:    2456648 bytes,    2456648 total
[2022-06-09T04:09:24.730+0000][6][gc,age      ] GC(15) - age   2:     281024 bytes,    2737672 total
[2022-06-09T04:09:24.730+0000][6][gc,age      ] GC(15) - age   3:     508872 bytes,    3246544 total
[2022-06-09T04:09:24.730+0000][6][gc,age      ] GC(15) - age   4:    1621456 bytes,    4868000 total
[2022-06-09T04:09:24.730+0000][6][gc,age      ] GC(15) - age   5:     288064 bytes,    5156064 total
[2022-06-09T04:09:24.730+0000][6][gc,age      ] GC(15) - age   6:    1028488 bytes,    6184552 total
[2022-06-09T04:09:24.730+0000][6][gc,age      ] GC(15) - age   7:    2462624 bytes,    8647176 total
[2022-06-09T04:09:24.730+0000][6][gc,age      ] GC(15) - age   8:    1017856 bytes,    9665032 total
[2022-06-09T04:09:24.730+0000][6][gc,heap     ] GC(15) Eden regions: 36->0(35)
[2022-06-09T04:09:24.730+0000][6][gc,heap     ] GC(15) Survivor regions: 2->3(5)
[2022-06-09T04:09:24.730+0000][6][gc,heap     ] GC(15) Old regions: 3->3
[2022-06-09T04:09:24.730+0000][6][gc,heap     ] GC(15) Archive regions: 2->2
[2022-06-09T04:09:24.730+0000][6][gc,heap     ] GC(15) Humongous regions: 0->0
[2022-06-09T04:09:24.730+0000][6][gc,metaspace] GC(15) Metaspace: 21176K(21824K)->21176K(21824K) NonClass: 18654K(19072K)->18654K(19072K) Class: 2521K(2752K)->2521K(2752K)
[2022-06-09T04:09:24.730+0000][6][gc          ] GC(15) Pause Young (Normal) (G1 Evacuation Pause) 166M->23M(256M) 17.543ms
[2022-06-09T04:09:24.730+0000][6][gc,cpu      ] GC(15) User=0.01s Sys=0.00s Real=0.02s
[2022-06-09T04:09:24.730+0000][6][safepoint   ] Safepoint "G1CollectForAllocation", Time since last: 860691882 ns, Reaching safepoint: 32202 ns, At safepoint: 17589710 ns, Total: 17621912 ns
[2022-06-09T04:09:26.189+0000][6][safepoint   ] Safepoint "ICBufferFull", Time since last: 1459171966 ns, Reaching safepoint: 114386 ns, At safepoint: 4082 ns, Total: 118468 ns
[2022-06-09T04:09:27.189+0000][6][safepoint   ] Safepoint "Cleanup", Time since last: 1000118124 ns, Reaching safepoint: 171865 ns, At safepoint: 4921 ns, Total: 176786 ns
[2022-06-09T04:09:28.367+0000][6][safepoint   ] Safepoint "Cleanup", Time since last: 1177120781 ns, Reaching safepoint: 177394 ns, At safepoint: 5225 ns, Total: 182619 ns
[2022-06-09T04:09:29.373+0000][6][safepoint   ] Safepoint "Cleanup", Time since last: 1002494616 ns, Reaching safepoint: 3317353 ns, At safepoint: 7620 ns, Total: 3324973 ns
[2022-06-09T04:09:30.373+0000][6][safepoint   ] Safepoint "Cleanup", Time since last: 1000112915 ns, Reaching safepoint: 37010 ns, At safepoint: 4266 ns, Total: 41276 ns
[2022-06-09T04:09:31.107+0000][6][gc,start    ] GC(16) Pause Young (Normal) (G1 Evacuation Pause)
[2022-06-09T04:09:31.107+0000][6][gc,task     ] GC(16) Using 1 workers of 1 for evacuation
[2022-06-09T04:09:31.107+0000][6][gc,age      ] GC(16) Desired survivor size 10485760 bytes, new threshold 15 (max threshold 15)
[2022-06-09T04:09:31.211+0000][6][gc,phases   ] GC(16)   Pre Evacuate Collection Set: 0.0ms
[2022-06-09T04:09:31.212+0000][6][gc,phases   ] GC(16)   Merge Heap Roots: 0.1ms
[2022-06-09T04:09:31.212+0000][6][gc,phases   ] GC(16)   Evacuate Collection Set: 101.9ms
[2022-06-09T04:09:31.212+0000][6][gc,phases   ] GC(16)   Post Evacuate Collection Set: 2.8ms
[2022-06-09T04:09:31.212+0000][6][gc,phases   ] GC(16)   Other: 0.1ms
[2022-06-09T04:09:31.212+0000][6][gc,age      ] GC(16) Age table with threshold 15 (max threshold 15)
[2022-06-09T04:09:31.212+0000][6][gc,age      ] GC(16) - age   1:   12944848 bytes,   12944848 total
[2022-06-09T04:09:31.212+0000][6][gc,age      ] GC(16) - age   2:     474192 bytes,   13419040 total
[2022-06-09T04:09:31.212+0000][6][gc,age      ] GC(16) - age   3:     279112 bytes,   13698152 total
[2022-06-09T04:09:31.212+0000][6][gc,age      ] GC(16) - age   4:     503128 bytes,   14201280 total
[2022-06-09T04:09:31.212+0000][6][gc,age      ] GC(16) - age   5:    1611432 bytes,   15812712 total
[2022-06-09T04:09:31.212+0000][6][gc,age      ] GC(16) - age   6:     286712 bytes,   16099424 total
[2022-06-09T04:09:31.212+0000][6][gc,age      ] GC(16) - age   7:    1027512 bytes,   17126936 total
[2022-06-09T04:09:31.212+0000][6][gc,age      ] GC(16) - age   8:    2459904 bytes,   19586840 total
[2022-06-09T04:09:31.212+0000][6][gc,age      ] GC(16) - age   9:    1012904 bytes,   20599744 total
[2022-06-09T04:09:31.212+0000][6][gc,heap     ] GC(16) Eden regions: 35->0(33)
[2022-06-09T04:09:31.212+0000][6][gc,heap     ] GC(16) Survivor regions: 3->5(5)
[2022-06-09T04:09:31.212+0000][6][gc,heap     ] GC(16) Old regions: 3->4
[2022-06-09T04:09:31.212+0000][6][gc,heap     ] GC(16) Archive regions: 2->2
[2022-06-09T04:09:31.212+0000][6][gc,heap     ] GC(16) Humongous regions: 0->0
[2022-06-09T04:09:31.212+0000][6][gc,metaspace] GC(16) Metaspace: 30762K(31744K)->30762K(31744K) NonClass: 26973K(27584K)->26973K(27584K) Class: 3789K(4160K)->3789K(4160K)
[2022-06-09T04:09:31.212+0000][6][gc          ] GC(16) Pause Young (Normal) (G1 Evacuation Pause) 163M->36M(256M) 105.111ms
[2022-06-09T04:09:31.212+0000][6][gc,cpu      ] GC(16) User=0.05s Sys=0.00s Real=0.10s
[2022-06-09T04:09:31.212+0000][6][safepoint   ] Safepoint "G1CollectForAllocation", Time since last: 733865227 ns, Reaching safepoint: 60392 ns, At safepoint: 105161502 ns, Total: 105221894 ns
[2022-06-09T04:09:32.215+0000][6][safepoint   ] Safepoint "Cleanup", Time since last: 1002767531 ns, Reaching safepoint: 157098 ns, At safepoint: 6307 ns, Total: 163405 ns
[2022-06-09T04:09:33.217+0000][6][safepoint   ] Safepoint "Cleanup", Time since last: 1002462295 ns, Reaching safepoint: 164222 ns, At safepoint: 5755 ns, Total: 169977 ns
[2022-06-09T04:09:34.223+0000][6][safepoint   ] Safepoint "Cleanup", Time since last: 1000124128 ns, Reaching safepoint: 5120501 ns, At safepoint: 6173 ns, Total: 5126674 ns
[2022-06-09T04:09:34.651+0000][6][gc,start    ] GC(17) Pause Young (Normal) (G1 Evacuation Pause)
[2022-06-09T04:09:34.651+0000][6][gc,task     ] GC(17) Using 1 workers of 1 for evacuation
[2022-06-09T04:09:34.651+0000][6][gc,age      ] GC(17) Desired survivor size 10485760 bytes, new threshold 1 (max threshold 15)
[2022-06-09T04:09:34.777+0000][6][gc,phases   ] GC(17)   Pre Evacuate Collection Set: 0.0ms
[2022-06-09T04:09:34.777+0000][6][gc,phases   ] GC(17)   Merge Heap Roots: 0.1ms
[2022-06-09T04:09:34.777+0000][6][gc,phases   ] GC(17)   Evacuate Collection Set: 125.2ms
[2022-06-09T04:09:34.777+0000][6][gc,phases   ] GC(17)   Post Evacuate Collection Set: 1.1ms
[2022-06-09T04:09:34.777+0000][6][gc,phases   ] GC(17)   Other: 0.1ms
[2022-06-09T04:09:34.777+0000][6][gc,age      ] GC(17) Age table with threshold 1 (max threshold 15)
[2022-06-09T04:09:34.777+0000][6][gc,age      ] GC(17) - age   1:   12170464 bytes,   12170464 total
[2022-06-09T04:09:34.777+0000][6][gc,heap     ] GC(17) Eden regions: 33->0(33)
[2022-06-09T04:09:34.777+0000][6][gc,heap     ] GC(17) Survivor regions: 5->3(5)
[2022-06-09T04:09:34.777+0000][6][gc,heap     ] GC(17) Old regions: 4->9
[2022-06-09T04:09:34.777+0000][6][gc,heap     ] GC(17) Archive regions: 2->2
[2022-06-09T04:09:34.777+0000][6][gc,heap     ] GC(17) Humongous regions: 0->0
[2022-06-09T04:09:34.777+0000][6][gc,metaspace] GC(17) Metaspace: 33053K(34048K)->33053K(34048K) NonClass: 28917K(29504K)->28917K(29504K) Class: 4135K(4544K)->4135K(4544K)
[2022-06-09T04:09:34.777+0000][6][gc          ] GC(17) Pause Young (Normal) (G1 Evacuation Pause) 168M->48M(256M) 126.824ms
[2022-06-09T04:09:34.777+0000][6][gc,cpu      ] GC(17) User=0.06s Sys=0.00s Real=0.13s
[2022-06-09T04:09:34.777+0000][6][safepoint   ] Safepoint "G1CollectForAllocation", Time since last: 427954677 ns, Reaching safepoint: 37183 ns, At safepoint: 126873787 ns, Total: 126910970 ns
[2022-06-09T04:09:35.527+0000][6][gc,start    ] GC(18) Pause Young (Concurrent Start) (Metadata GC Threshold)
[2022-06-09T04:09:35.527+0000][6][gc,task     ] GC(18) Using 1 workers of 1 for evacuation
[2022-06-09T04:09:35.527+0000][6][gc,age      ] GC(18) Desired survivor size 10485760 bytes, new threshold 1 (max threshold 15)
[2022-06-09T04:09:35.575+0000][6][gc,phases   ] GC(18)   Pre Evacuate Collection Set: 0.1ms
[2022-06-09T04:09:35.575+0000][6][gc,phases   ] GC(18)   Merge Heap Roots: 0.1ms
[2022-06-09T04:09:35.575+0000][6][gc,phases   ] GC(18)   Evacuate Collection Set: 45.5ms
[2022-06-09T04:09:35.575+0000][6][gc,phases   ] GC(18)   Post Evacuate Collection Set: 2.2ms
[2022-06-09T04:09:35.575+0000][6][gc,phases   ] GC(18)   Other: 0.1ms
[2022-06-09T04:09:35.575+0000][6][gc,age      ] GC(18) Age table with threshold 1 (max threshold 15)
[2022-06-09T04:09:35.575+0000][6][gc,age      ] GC(18) - age   1:     996720 bytes,     996720 total
[2022-06-09T04:09:35.575+0000][6][gc,heap     ] GC(18) Eden regions: 4->0(33)
[2022-06-09T04:09:35.575+0000][6][gc,heap     ] GC(18) Survivor regions: 3->1(5)
[2022-06-09T04:09:35.575+0000][6][gc,heap     ] GC(18) Old regions: 9->11
[2022-06-09T04:09:35.575+0000][6][gc,heap     ] GC(18) Archive regions: 2->2
[2022-06-09T04:09:35.575+0000][6][gc,heap     ] GC(18) Humongous regions: 0->0
[2022-06-09T04:09:35.575+0000][6][gc,metaspace] GC(18) Metaspace: 35044K(35968K)->35044K(35968K) NonClass: 30573K(31104K)->30573K(31104K) Class: 4470K(4864K)->4470K(4864K)
[2022-06-09T04:09:35.575+0000][6][gc          ] GC(18) Pause Young (Concurrent Start) (Metadata GC Threshold) 64M->49M(256M) 48.158ms
[2022-06-09T04:09:35.575+0000][6][gc,cpu      ] GC(18) User=0.03s Sys=0.00s Real=0.05s
[2022-06-09T04:09:35.575+0000][6][safepoint   ] Safepoint "CollectForMetadataAllocation", Time since last: 745088582 ns, Reaching safepoint: 4020204 ns, At safepoint: 48270883 ns, Total: 52291087 ns
[2022-06-09T04:09:35.575+0000][6][gc          ] GC(19) Concurrent Mark Cycle
[2022-06-09T04:09:35.575+0000][6][gc,marking  ] GC(19) Concurrent Clear Claimed Marks
[2022-06-09T04:09:35.575+0000][6][gc,marking  ] GC(19) Concurrent Clear Claimed Marks 0.057ms
[2022-06-09T04:09:35.575+0000][6][gc,marking  ] GC(19) Concurrent Scan Root Regions
[2022-06-09T04:09:35.647+0000][6][gc,marking  ] GC(19) Concurrent Scan Root Regions 71.276ms
[2022-06-09T04:09:35.647+0000][6][gc,marking  ] GC(19) Concurrent Mark
[2022-06-09T04:09:35.647+0000][6][gc,marking  ] GC(19) Concurrent Mark From Roots
[2022-06-09T04:09:35.647+0000][6][gc,task     ] GC(19) Using 1 workers of 1 for marking
[2022-06-09T04:09:35.684+0000][6][safepoint   ] Safepoint "CollectForMetadataAllocation", Time since last: 108715756 ns, Reaching safepoint: 53940 ns, At safepoint: 61445 ns, Total: 115385 ns
[2022-06-09T04:09:35.819+0000][6][safepoint   ] Safepoint "CollectForMetadataAllocation", Time since last: 126880001 ns, Reaching safepoint: 8027473 ns, At safepoint: 69240 ns, Total: 8096713 ns
[2022-06-09T04:09:35.926+0000][6][gc,marking  ] GC(19) Concurrent Mark From Roots 279.196ms
[2022-06-09T04:09:35.926+0000][6][gc,marking  ] GC(19) Concurrent Preclean
[2022-06-09T04:09:35.926+0000][6][gc,marking  ] GC(19) Concurrent Preclean 0.115ms
[2022-06-09T04:09:35.926+0000][6][gc,start    ] GC(19) Pause Remark
[2022-06-09T04:09:35.936+0000][6][gc          ] GC(19) Pause Remark 55M->55M(256M) 9.964ms
[2022-06-09T04:09:35.936+0000][6][gc,cpu      ] GC(19) User=0.01s Sys=0.00s Real=0.02s
[2022-06-09T04:09:35.936+0000][6][safepoint   ] Safepoint "G1Concurrent", Time since last: 107538081 ns, Reaching safepoint: 28297 ns, At safepoint: 10017019 ns, Total: 10045316 ns
[2022-06-09T04:09:35.937+0000][6][gc,marking  ] GC(19) Concurrent Mark 290.196ms
[2022-06-09T04:09:35.937+0000][6][gc,marking  ] GC(19) Concurrent Rebuild Remembered Sets
[2022-06-09T04:09:35.937+0000][6][gc,marking  ] GC(19) Concurrent Rebuild Remembered Sets 0.009ms
[2022-06-09T04:09:35.937+0000][6][gc,start    ] GC(19) Pause Cleanup
[2022-06-09T04:09:35.937+0000][6][gc          ] GC(19) Pause Cleanup 55M->55M(256M) 0.018ms
[2022-06-09T04:09:35.937+0000][6][gc,cpu      ] GC(19) User=0.00s Sys=0.00s Real=0.00s
[2022-06-09T04:09:35.937+0000][6][safepoint   ] Safepoint "G1Concurrent", Time since last: 813139 ns, Reaching safepoint: 11041 ns, At safepoint: 50067 ns, Total: 61108 ns
[2022-06-09T04:09:35.937+0000][6][gc,marking  ] GC(19) Concurrent Cleanup for Next Mark
[2022-06-09T04:09:35.940+0000][6][gc,marking  ] GC(19) Concurrent Cleanup for Next Mark 2.963ms
[2022-06-09T04:09:35.940+0000][6][gc          ] GC(19) Concurrent Mark Cycle 364.715ms
[2022-06-09T04:09:36.943+0000][6][safepoint   ] Safepoint "Cleanup", Time since last: 1005434107 ns, Reaching safepoint: 190899 ns, At safepoint: 5375 ns, Total: 196274 ns
[2022-06-09T04:09:38.632+0000][6][safepoint   ] Safepoint "Cleanup", Time since last: 1689586489 ns, Reaching safepoint: 74862 ns, At safepoint: 4674 ns, Total: 79536 ns
[2022-06-09T04:09:39.633+0000][6][safepoint   ] Safepoint "Cleanup", Time since last: 1000120336 ns, Reaching safepoint: 161253 ns, At safepoint: 5701 ns, Total: 166954 ns
[2022-06-09T04:09:40.535+0000][6][gc,start    ] GC(20) Pause Young (Normal) (G1 Evacuation Pause)
[2022-06-09T04:09:40.535+0000][6][gc,task     ] GC(20) Using 1 workers of 1 for evacuation
[2022-06-09T04:09:40.535+0000][6][gc,age      ] GC(20) Desired survivor size 10485760 bytes, new threshold 15 (max threshold 15)
[2022-06-09T04:09:40.575+0000][6][gc,phases   ] GC(20)   Pre Evacuate Collection Set: 0.0ms
[2022-06-09T04:09:40.575+0000][6][gc,phases   ] GC(20)   Merge Heap Roots: 0.1ms
[2022-06-09T04:09:40.575+0000][6][gc,phases   ] GC(20)   Evacuate Collection Set: 36.5ms
[2022-06-09T04:09:40.575+0000][6][gc,phases   ] GC(20)   Post Evacuate Collection Set: 3.2ms
[2022-06-09T04:09:40.575+0000][6][gc,phases   ] GC(20)   Other: 0.1ms
[2022-06-09T04:09:40.575+0000][6][gc,age      ] GC(20) Age table with threshold 15 (max threshold 15)
[2022-06-09T04:09:40.575+0000][6][gc,age      ] GC(20) - age   1:    5887600 bytes,    5887600 total
[2022-06-09T04:09:40.575+0000][6][gc,age      ] GC(20) - age   2:     859568 bytes,    6747168 total
[2022-06-09T04:09:40.575+0000][6][gc,heap     ] GC(20) Eden regions: 33->0(33)
[2022-06-09T04:09:40.575+0000][6][gc,heap     ] GC(20) Survivor regions: 1->2(5)
[2022-06-09T04:09:40.575+0000][6][gc,heap     ] GC(20) Old regions: 11->11
[2022-06-09T04:09:40.575+0000][6][gc,heap     ] GC(20) Archive regions: 2->2
[2022-06-09T04:09:40.575+0000][6][gc,heap     ] GC(20) Humongous regions: 0->0
[2022-06-09T04:09:40.575+0000][6][gc,metaspace] GC(20) Metaspace: 51802K(52992K)->51802K(52992K) NonClass: 45018K(45696K)->45018K(45696K) Class: 6784K(7296K)->6784K(7296K)
[2022-06-09T04:09:40.575+0000][6][gc          ] GC(20) Pause Young (Normal) (G1 Evacuation Pause) 181M->55M(256M) 40.118ms
[2022-06-09T04:09:40.575+0000][6][gc,cpu      ] GC(20) User=0.02s Sys=0.00s Real=0.04s
[2022-06-09T04:09:40.575+0000][6][safepoint   ] Safepoint "G1CollectForAllocation", Time since last: 901872330 ns, Reaching safepoint: 55914 ns, At safepoint: 40165228 ns, Total: 40221142 ns
[2022-06-09T04:09:41.575+0000][6][safepoint   ] Safepoint "Cleanup", Time since last: 1000097819 ns, Reaching safepoint: 162175 ns, At safepoint: 4938 ns, Total: 167113 ns
[2022-06-09T04:09:42.579+0000][6][safepoint   ] Safepoint "Cleanup", Time since last: 1003490945 ns, Reaching safepoint: 148236 ns, At safepoint: 6828 ns, Total: 155064 ns
[2022-06-09T04:09:42.891+0000][6][gc,start    ] GC(21) Pause Young (Normal) (G1 Evacuation Pause)
[2022-06-09T04:09:42.891+0000][6][gc,task     ] GC(21) Using 1 workers of 1 for evacuation
[2022-06-09T04:09:42.891+0000][6][gc,age      ] GC(21) Desired survivor size 10485760 bytes, new threshold 15 (max threshold 15)
[2022-06-09T04:09:42.955+0000][6][gc,phases   ] GC(21)   Pre Evacuate Collection Set: 0.0ms
[2022-06-09T04:09:42.955+0000][6][gc,phases   ] GC(21)   Merge Heap Roots: 0.1ms
[2022-06-09T04:09:42.955+0000][6][gc,phases   ] GC(21)   Evacuate Collection Set: 47.7ms
[2022-06-09T04:09:42.955+0000][6][gc,phases   ] GC(21)   Post Evacuate Collection Set: 16.1ms
[2022-06-09T04:09:42.955+0000][6][gc,phases   ] GC(21)   Other: 0.1ms
[2022-06-09T04:09:42.955+0000][6][gc,age      ] GC(21) Age table with threshold 15 (max threshold 15)
[2022-06-09T04:09:42.955+0000][6][gc,age      ] GC(21) - age   1:     173208 bytes,     173208 total
[2022-06-09T04:09:42.955+0000][6][gc,age      ] GC(21) - age   2:    5671352 bytes,    5844560 total
[2022-06-09T04:09:42.955+0000][6][gc,age      ] GC(21) - age   3:     859568 bytes,    6704128 total
[2022-06-09T04:09:42.955+0000][6][gc,heap     ] GC(21) Eden regions: 33->0(34)
[2022-06-09T04:09:42.955+0000][6][gc,heap     ] GC(21) Survivor regions: 2->2(5)
[2022-06-09T04:09:42.955+0000][6][gc,heap     ] GC(21) Old regions: 11->11
[2022-06-09T04:09:42.955+0000][6][gc,heap     ] GC(21) Archive regions: 2->2
[2022-06-09T04:09:42.955+0000][6][gc,heap     ] GC(21) Humongous regions: 0->0
[2022-06-09T04:09:42.955+0000][6][gc,metaspace] GC(21) Metaspace: 52194K(53440K)->52194K(53440K) NonClass: 45372K(46080K)->45372K(46080K) Class: 6822K(7360K)->6822K(7360K)
[2022-06-09T04:09:42.955+0000][6][gc          ] GC(21) Pause Young (Normal) (G1 Evacuation Pause) 187M->55M(256M) 64.263ms
[2022-06-09T04:09:42.955+0000][6][gc,cpu      ] GC(21) User=0.04s Sys=0.00s Real=0.07s
[2022-06-09T04:09:42.955+0000][6][safepoint   ] Safepoint "G1CollectForAllocation", Time since last: 311879503 ns, Reaching safepoint: 23165 ns, At safepoint: 64310760 ns, Total: 64333925 ns
[2022-06-09T04:09:43.968+0000][6][safepoint   ] Safepoint "Cleanup", Time since last: 1003638964 ns, Reaching safepoint: 9072628 ns, At safepoint: 6122 ns, Total: 9078750 ns
[2022-06-09T04:09:44.968+0000][6][safepoint   ] Safepoint "Cleanup", Time since last: 1000109345 ns, Reaching safepoint: 180865 ns, At safepoint: 7401 ns, Total: 188266 ns
[2022-06-09T04:09:46.364+0000][6][safepoint   ] Safepoint "Cleanup", Time since last: 1394622991 ns, Reaching safepoint: 1079857 ns, At safepoint: 8134 ns, Total: 1087991 ns
[2022-06-09T04:09:47.366+0000][6][safepoint   ] Safepoint "Cleanup", Time since last: 1002425783 ns, Reaching safepoint: 146144 ns, At safepoint: 5763 ns, Total: 151907 ns
[2022-06-09T04:09:48.251+0000][6][gc,start    ] GC(22) Pause Young (Normal) (G1 Evacuation Pause)
[2022-06-09T04:09:48.251+0000][6][gc,task     ] GC(22) Using 1 workers of 1 for evacuation
[2022-06-09T04:09:48.251+0000][6][gc,age      ] GC(22) Desired survivor size 10485760 bytes, new threshold 15 (max threshold 15)
[2022-06-09T04:09:48.350+0000][6][gc,phases   ] GC(22)   Pre Evacuate Collection Set: 0.0ms
[2022-06-09T04:09:48.350+0000][6][gc,phases   ] GC(22)   Merge Heap Roots: 0.1ms
[2022-06-09T04:09:48.350+0000][6][gc,phases   ] GC(22)   Evacuate Collection Set: 97.6ms
[2022-06-09T04:09:48.350+0000][6][gc,phases   ] GC(22)   Post Evacuate Collection Set: 1.5ms
[2022-06-09T04:09:48.350+0000][6][gc,phases   ] GC(22)   Other: 0.1ms
[2022-06-09T04:09:48.350+0000][6][gc,age      ] GC(22) Age table with threshold 15 (max threshold 15)
[2022-06-09T04:09:48.350+0000][6][gc,age      ] GC(22) - age   1:    4342280 bytes,    4342280 total
[2022-06-09T04:09:48.350+0000][6][gc,age      ] GC(22) - age   2:     165216 bytes,    4507496 total
[2022-06-09T04:09:48.350+0000][6][gc,age      ] GC(22) - age   3:    5662432 bytes,   10169928 total
[2022-06-09T04:09:48.350+0000][6][gc,age      ] GC(22) - age   4:     859136 bytes,   11029064 total
[2022-06-09T04:09:48.350+0000][6][gc,heap     ] GC(22) Eden regions: 34->0(33)
[2022-06-09T04:09:48.350+0000][6][gc,heap     ] GC(22) Survivor regions: 2->3(5)
[2022-06-09T04:09:48.350+0000][6][gc,heap     ] GC(22) Old regions: 11->11
[2022-06-09T04:09:48.350+0000][6][gc,heap     ] GC(22) Archive regions: 2->2
[2022-06-09T04:09:48.350+0000][6][gc,heap     ] GC(22) Humongous regions: 0->0
[2022-06-09T04:09:48.350+0000][6][gc,metaspace] GC(22) Metaspace: 59468K(60672K)->59468K(60672K) NonClass: 51674K(52416K)->51674K(52416K) Class: 7793K(8256K)->7793K(8256K)
[2022-06-09T04:09:48.350+0000][6][gc          ] GC(22) Pause Young (Normal) (G1 Evacuation Pause) 191M->59M(256M) 99.506ms
[2022-06-09T04:09:48.350+0000][6][gc,cpu      ] GC(22) User=0.05s Sys=0.00s Real=0.10s
[2022-06-09T04:09:48.350+0000][6][safepoint   ] Safepoint "G1CollectForAllocation", Time since last: 884337891 ns, Reaching safepoint: 46512 ns, At safepoint: 99571280 ns, Total: 99617792 ns
[2022-06-09T04:09:49.351+0000][6][safepoint   ] Safepoint "Cleanup", Time since last: 1000103901 ns, Reaching safepoint: 296305 ns, At safepoint: 7051 ns, Total: 303356 ns
[2022-06-09T04:09:49.655+0000][6][gc,start    ] GC(23) Pause Young (Concurrent Start) (Metadata GC Threshold)
[2022-06-09T04:09:49.655+0000][6][gc,task     ] GC(23) Using 1 workers of 1 for evacuation
[2022-06-09T04:09:49.655+0000][6][gc,age      ] GC(23) Desired survivor size 10485760 bytes, new threshold 4 (max threshold 15)
[2022-06-09T04:09:49.707+0000][6][gc,phases   ] GC(23)   Pre Evacuate Collection Set: 0.1ms
[2022-06-09T04:09:49.707+0000][6][gc,phases   ] GC(23)   Merge Heap Roots: 0.1ms
[2022-06-09T04:09:49.707+0000][6][gc,phases   ] GC(23)   Evacuate Collection Set: 47.8ms
[2022-06-09T04:09:49.707+0000][6][gc,phases   ] GC(23)   Post Evacuate Collection Set: 3.5ms
[2022-06-09T04:09:49.707+0000][6][gc,phases   ] GC(23)   Other: 0.1ms
[2022-06-09T04:09:49.707+0000][6][gc,age      ] GC(23) Age table with threshold 4 (max threshold 15)
[2022-06-09T04:09:49.707+0000][6][gc,age      ] GC(23) - age   1:    1252872 bytes,    1252872 total
[2022-06-09T04:09:49.707+0000][6][gc,age      ] GC(23) - age   2:    4170880 bytes,    5423752 total
[2022-06-09T04:09:49.707+0000][6][gc,age      ] GC(23) - age   3:     165216 bytes,    5588968 total
[2022-06-09T04:09:49.707+0000][6][gc,age      ] GC(23) - age   4:    5662400 bytes,   11251368 total
[2022-06-09T04:09:49.707+0000][6][gc,heap     ] GC(23) Eden regions: 19->0(33)
[2022-06-09T04:09:49.707+0000][6][gc,heap     ] GC(23) Survivor regions: 3->3(5)
[2022-06-09T04:09:49.707+0000][6][gc,heap     ] GC(23) Old regions: 11->12
[2022-06-09T04:09:49.707+0000][6][gc,heap     ] GC(23) Archive regions: 2->2
[2022-06-09T04:09:49.707+0000][6][gc,heap     ] GC(23) Humongous regions: 0->0
[2022-06-09T04:09:49.707+0000][6][gc,metaspace] GC(23) Metaspace: 60325K(61568K)->60325K(61568K) NonClass: 52435K(53184K)->52435K(53184K) Class: 7889K(8384K)->7889K(8384K)
[2022-06-09T04:09:49.707+0000][6][gc          ] GC(23) Pause Young (Concurrent Start) (Metadata GC Threshold) 133M->60M(256M) 51.855ms
[2022-06-09T04:09:49.707+0000][6][gc,cpu      ] GC(23) User=0.03s Sys=0.00s Real=0.05s
[2022-06-09T04:09:49.707+0000][6][safepoint   ] Safepoint "CollectForMetadataAllocation", Time since last: 304385743 ns, Reaching safepoint: 42319 ns, At safepoint: 51974930 ns, Total: 52017249 ns
[2022-06-09T04:09:49.707+0000][6][gc          ] GC(24) Concurrent Mark Cycle
[2022-06-09T04:09:49.707+0000][6][gc,marking  ] GC(24) Concurrent Clear Claimed Marks
[2022-06-09T04:09:49.707+0000][6][gc,marking  ] GC(24) Concurrent Clear Claimed Marks 0.081ms
[2022-06-09T04:09:49.707+0000][6][gc,marking  ] GC(24) Concurrent Scan Root Regions
[2022-06-09T04:09:49.772+0000][6][gc,marking  ] GC(24) Concurrent Scan Root Regions 64.458ms
[2022-06-09T04:09:49.772+0000][6][gc,marking  ] GC(24) Concurrent Mark
[2022-06-09T04:09:49.772+0000][6][gc,marking  ] GC(24) Concurrent Mark From Roots
[2022-06-09T04:09:49.772+0000][6][gc,task     ] GC(24) Using 1 workers of 1 for marking
[2022-06-09T04:09:49.867+0000][6][safepoint   ] Safepoint "CollectForMetadataAllocation", Time since last: 159573312 ns, Reaching safepoint: 80027 ns, At safepoint: 67173 ns, Total: 147200 ns
[2022-06-09T04:09:50.101+0000][6][safepoint   ] Safepoint "CollectForMetadataAllocation", Time since last: 234001153 ns, Reaching safepoint: 58148 ns, At safepoint: 70831 ns, Total: 128979 ns
[2022-06-09T04:09:50.199+0000][6][gc,marking  ] GC(24) Concurrent Mark From Roots 426.882ms
[2022-06-09T04:09:50.199+0000][6][gc,marking  ] GC(24) Concurrent Preclean
[2022-06-09T04:09:50.199+0000][6][gc,marking  ] GC(24) Concurrent Preclean 0.135ms
[2022-06-09T04:09:50.200+0000][6][gc,start    ] GC(24) Pause Remark
[2022-06-09T04:09:50.231+0000][6][gc          ] GC(24) Pause Remark 66M->66M(256M) 31.284ms
[2022-06-09T04:09:50.231+0000][6][gc,cpu      ] GC(24) User=0.02s Sys=0.00s Real=0.03s
[2022-06-09T04:09:50.231+0000][6][safepoint   ] Safepoint "G1Concurrent", Time since last: 97918262 ns, Reaching safepoint: 1040280 ns, At safepoint: 31388031 ns, Total: 32428311 ns
[2022-06-09T04:09:50.235+0000][6][gc,marking  ] GC(24) Concurrent Mark 462.908ms
[2022-06-09T04:09:50.235+0000][6][gc,marking  ] GC(24) Concurrent Rebuild Remembered Sets
[2022-06-09T04:09:50.439+0000][6][gc,marking  ] GC(24) Concurrent Rebuild Remembered Sets 204.920ms
[2022-06-09T04:09:50.440+0000][6][gc,start    ] GC(24) Pause Cleanup
[2022-06-09T04:09:50.440+0000][6][gc          ] GC(24) Pause Cleanup 68M->68M(256M) 0.042ms
[2022-06-09T04:09:50.440+0000][6][gc,cpu      ] GC(24) User=0.00s Sys=0.00s Real=0.00s
[2022-06-09T04:09:50.440+0000][6][safepoint   ] Safepoint "G1Concurrent", Time since last: 208386743 ns, Reaching safepoint: 18269 ns, At safepoint: 72306 ns, Total: 90575 ns
[2022-06-09T04:09:50.440+0000][6][gc,marking  ] GC(24) Concurrent Cleanup for Next Mark
[2022-06-09T04:09:50.447+0000][6][gc,marking  ] GC(24) Concurrent Cleanup for Next Mark 7.525ms
[2022-06-09T04:09:50.447+0000][6][gc          ] GC(24) Concurrent Mark Cycle 740.195ms
[2022-06-09T04:09:51.440+0000][6][safepoint   ] Safepoint "Cleanup", Time since last: 1000094461 ns, Reaching safepoint: 186746 ns, At safepoint: 6004 ns, Total: 192750 ns
[2022-06-09T04:09:52.443+0000][6][safepoint   ] Safepoint "Cleanup", Time since last: 1000119887 ns, Reaching safepoint: 2503767 ns, At safepoint: 6172 ns, Total: 2509939 ns
[2022-06-09T04:09:53.447+0000][6][safepoint   ] Safepoint "Cleanup", Time since last: 1003969831 ns, Reaching safepoint: 286714 ns, At safepoint: 6428 ns, Total: 293142 ns
[2022-06-09T04:09:54.869+0000][6][safepoint   ] Safepoint "Cleanup", Time since last: 1421374019 ns, Reaching safepoint: 483887 ns, At safepoint: 6124 ns, Total: 490011 ns
[2022-06-09T04:09:56.065+0000][6][safepoint   ] Safepoint "Cleanup", Time since last: 1194685331 ns, Reaching safepoint: 1666811 ns, At safepoint: 7478 ns, Total: 1674289 ns
[2022-06-09T04:09:57.288+0000][6][gc,start    ] GC(25) Pause Young (Normal) (G1 Evacuation Pause)
[2022-06-09T04:09:57.288+0000][6][gc,task     ] GC(25) Using 1 workers of 1 for evacuation
[2022-06-09T04:09:57.289+0000][6][gc,age      ] GC(25) Desired survivor size 10485760 bytes, new threshold 4 (max threshold 15)
[2022-06-09T04:09:57.431+0000][6][gc,phases   ] GC(25)   Pre Evacuate Collection Set: 0.0ms
[2022-06-09T04:09:57.431+0000][6][gc,phases   ] GC(25)   Merge Heap Roots: 0.1ms
[2022-06-09T04:09:57.431+0000][6][gc,phases   ] GC(25)   Evacuate Collection Set: 136.3ms
[2022-06-09T04:09:57.431+0000][6][gc,phases   ] GC(25)   Post Evacuate Collection Set: 6.0ms
[2022-06-09T04:09:57.431+0000][6][gc,phases   ] GC(25)   Other: 0.1ms
[2022-06-09T04:09:57.431+0000][6][gc,age      ] GC(25) Age table with threshold 4 (max threshold 15)
[2022-06-09T04:09:57.431+0000][6][gc,age      ] GC(25) - age   1:    8594352 bytes,    8594352 total
[2022-06-09T04:09:57.431+0000][6][gc,age      ] GC(25) - age   2:    1232784 bytes,    9827136 total
[2022-06-09T04:09:57.431+0000][6][gc,age      ] GC(25) - age   3:    4132680 bytes,   13959816 total
[2022-06-09T04:09:57.431+0000][6][gc,age      ] GC(25) - age   4:     165080 bytes,   14124896 total
[2022-06-09T04:09:57.431+0000][6][gc,heap     ] GC(25) Eden regions: 33->0(30)
[2022-06-09T04:09:57.431+0000][6][gc,heap     ] GC(25) Survivor regions: 3->4(5)
[2022-06-09T04:09:57.431+0000][6][gc,heap     ] GC(25) Old regions: 12->13
[2022-06-09T04:09:57.431+0000][6][gc,heap     ] GC(25) Archive regions: 2->2
[2022-06-09T04:09:57.431+0000][6][gc,heap     ] GC(25) Humongous regions: 0->0
[2022-06-09T04:09:57.431+0000][6][gc,metaspace] GC(25) Metaspace: 80662K(82560K)->80662K(82560K) NonClass: 69798K(70848K)->69798K(70848K) Class: 10864K(11712K)->10864K(11712K)
[2022-06-09T04:09:57.431+0000][6][gc          ] GC(25) Pause Young (Normal) (G1 Evacuation Pause) 192M->68M(256M) 142.755ms
[2022-06-09T04:09:57.431+0000][6][gc,cpu      ] GC(25) User=0.07s Sys=0.00s Real=0.14s
[2022-06-09T04:09:57.431+0000][6][safepoint   ] Safepoint "G1CollectForAllocation", Time since last: 1223334289 ns, Reaching safepoint: 69956 ns, At safepoint: 142818186 ns, Total: 142888142 ns
[2022-06-09T04:09:58.433+0000][6][safepoint   ] Safepoint "Cleanup", Time since last: 1001344254 ns, Reaching safepoint: 504843 ns, At safepoint: 5243 ns, Total: 510086 ns
[2022-06-09T04:09:59.439+0000][6][safepoint   ] Safepoint "Cleanup", Time since last: 1005410419 ns, Reaching safepoint: 44788 ns, At safepoint: 3945 ns, Total: 48733 ns
[2022-06-09T04:10:01.073+0000][6][safepoint   ] Safepoint "Cleanup", Time since last: 1634464072 ns, Reaching safepoint: 314892 ns, At safepoint: 4890 ns, Total: 319782 ns
[2022-06-09T04:10:02.139+0000][6][safepoint   ] Safepoint "Cleanup", Time since last: 1065448816 ns, Reaching safepoint: 220664 ns, At safepoint: 5741 ns, Total: 226405 ns
[2022-06-09T04:10:02.803+0000][6][safepoint   ] Safepoint "ICBufferFull", Time since last: 663500580 ns, Reaching safepoint: 146659 ns, At safepoint: 4541 ns, Total: 151200 ns
[2022-06-09T04:10:03.951+0000][6][gc,start    ] GC(26) Pause Young (Normal) (G1 Evacuation Pause)
[2022-06-09T04:10:03.951+0000][6][gc,task     ] GC(26) Using 1 workers of 1 for evacuation
[2022-06-09T04:10:03.951+0000][6][gc,age      ] GC(26) Desired survivor size 10485760 bytes, new threshold 3 (max threshold 15)
[2022-06-09T04:10:04.151+0000][6][gc,mmu      ] GC(26) MMU target violated: 200.0ms (200.0ms/201.0ms)
[2022-06-09T04:10:04.151+0000][6][gc,phases   ] GC(26)   Pre Evacuate Collection Set: 0.0ms
[2022-06-09T04:10:04.151+0000][6][gc,phases   ] GC(26)   Merge Heap Roots: 0.2ms
[2022-06-09T04:10:04.151+0000][6][gc,phases   ] GC(26)   Evacuate Collection Set: 186.3ms
[2022-06-09T04:10:04.151+0000][6][gc,phases   ] GC(26)   Post Evacuate Collection Set: 13.4ms
[2022-06-09T04:10:04.151+0000][6][gc,phases   ] GC(26)   Other: 0.1ms
[2022-06-09T04:10:04.151+0000][6][gc,age      ] GC(26) Age table with threshold 3 (max threshold 15)
[2022-06-09T04:10:04.151+0000][6][gc,age      ] GC(26) - age   1:    6828176 bytes,    6828176 total
[2022-06-09T04:10:04.151+0000][6][gc,age      ] GC(26) - age   2:    7909808 bytes,   14737984 total
[2022-06-09T04:10:04.151+0000][6][gc,age      ] GC(26) - age   3:    1229496 bytes,   15967480 total
[2022-06-09T04:10:04.151+0000][6][gc,heap     ] GC(26) Eden regions: 30->0(29)
[2022-06-09T04:10:04.151+0000][6][gc,heap     ] GC(26) Survivor regions: 4->4(5)
[2022-06-09T04:10:04.151+0000][6][gc,heap     ] GC(26) Old regions: 13->14
[2022-06-09T04:10:04.151+0000][6][gc,heap     ] GC(26) Archive regions: 2->2
[2022-06-09T04:10:04.151+0000][6][gc,heap     ] GC(26) Humongous regions: 0->0
[2022-06-09T04:10:04.151+0000][6][gc,metaspace] GC(26) Metaspace: 96280K(99072K)->96280K(99072K) NonClass: 82986K(84480K)->82986K(84480K) Class: 13293K(14592K)->13293K(14592K)
[2022-06-09T04:10:04.151+0000][6][gc          ] GC(26) Pause Young (Normal) (G1 Evacuation Pause) 188M->74M(256M) 200.311ms
[2022-06-09T04:10:04.151+0000][6][gc,cpu      ] GC(26) User=0.10s Sys=0.00s Real=0.20s
[2022-06-09T04:10:04.151+0000][6][safepoint   ] Safepoint "G1CollectForAllocation", Time since last: 1147847830 ns, Reaching safepoint: 115864 ns, At safepoint: 200378655 ns, Total: 200494519 ns
[2022-06-09T04:10:05.803+0000][6][safepoint   ] Safepoint "Cleanup", Time since last: 1651822880 ns, Reaching safepoint: 136507 ns, At safepoint: 5062 ns, Total: 141569 ns
[2022-06-09T04:10:06.841+0000][6][gc,start    ] GC(27) Pause Young (Concurrent Start) (Metadata GC Threshold)
[2022-06-09T04:10:06.842+0000][6][gc,task     ] GC(27) Using 1 workers of 1 for evacuation
[2022-06-09T04:10:06.842+0000][6][gc,age      ] GC(27) Desired survivor size 10485760 bytes, new threshold 2 (max threshold 15)
[2022-06-09T04:10:06.886+0000][6][gc,phases   ] GC(27)   Pre Evacuate Collection Set: 0.2ms
[2022-06-09T04:10:06.886+0000][6][gc,phases   ] GC(27)   Merge Heap Roots: 0.1ms
[2022-06-09T04:10:06.886+0000][6][gc,phases   ] GC(27)   Evacuate Collection Set: 42.8ms
[2022-06-09T04:10:06.886+0000][6][gc,phases   ] GC(27)   Post Evacuate Collection Set: 1.6ms
[2022-06-09T04:10:06.886+0000][6][gc,phases   ] GC(27)   Other: 0.1ms
[2022-06-09T04:10:06.886+0000][6][gc,age      ] GC(27) Age table with threshold 2 (max threshold 15)
[2022-06-09T04:10:06.886+0000][6][gc,age      ] GC(27) - age   1:    2008184 bytes,    2008184 total
[2022-06-09T04:10:06.886+0000][6][gc,age      ] GC(27) - age   2:    6368848 bytes,    8377032 total
[2022-06-09T04:10:06.886+0000][6][gc,heap     ] GC(27) Eden regions: 11->0(29)
[2022-06-09T04:10:06.886+0000][6][gc,heap     ] GC(27) Survivor regions: 4->2(5)
[2022-06-09T04:10:06.886+0000][6][gc,heap     ] GC(27) Old regions: 14->16
[2022-06-09T04:10:06.886+0000][6][gc,heap     ] GC(27) Archive regions: 2->2
[2022-06-09T04:10:06.886+0000][6][gc,heap     ] GC(27) Humongous regions: 0->0
[2022-06-09T04:10:06.886+0000][6][gc,metaspace] GC(27) Metaspace: 101365K(104000K)->101365K(104000K) NonClass: 87335K(88704K)->87335K(88704K) Class: 14030K(15296K)->14030K(15296K)
[2022-06-09T04:10:06.887+0000][6][gc          ] GC(27) Pause Young (Concurrent Start) (Metadata GC Threshold) 115M->75M(256M) 45.058ms
[2022-06-09T04:10:06.887+0000][6][gc,cpu      ] GC(27) User=0.05s Sys=0.00s Real=0.05s
[2022-06-09T04:10:06.887+0000][6][safepoint   ] Safepoint "CollectForMetadataAllocation", Time since last: 1038257091 ns, Reaching safepoint: 204301 ns, At safepoint: 45195817 ns, Total: 45400118 ns
[2022-06-09T04:10:06.887+0000][6][gc          ] GC(28) Concurrent Mark Cycle
[2022-06-09T04:10:06.887+0000][6][gc,marking  ] GC(28) Concurrent Clear Claimed Marks
[2022-06-09T04:10:06.887+0000][6][gc,marking  ] GC(28) Concurrent Clear Claimed Marks 0.193ms
[2022-06-09T04:10:06.887+0000][6][gc,marking  ] GC(28) Concurrent Scan Root Regions
[2022-06-09T04:10:06.901+0000][6][safepoint   ] Safepoint "CollectForMetadataAllocation", Time since last: 4195719 ns, Reaching safepoint: 9816906 ns, At safepoint: 12360 ns, Total: 9829266 ns
[2022-06-09T04:10:06.958+0000][6][gc,marking  ] GC(28) Concurrent Scan Root Regions 71.195ms
[2022-06-09T04:10:06.958+0000][6][gc,marking  ] GC(28) Concurrent Mark
[2022-06-09T04:10:06.958+0000][6][gc,marking  ] GC(28) Concurrent Mark From Roots
[2022-06-09T04:10:06.958+0000][6][gc,task     ] GC(28) Using 1 workers of 1 for marking
[2022-06-09T04:10:06.981+0000][6][safepoint   ] Safepoint "CollectForMetadataAllocation", Time since last: 80237416 ns, Reaching safepoint: 63740 ns, At safepoint: 82650 ns, Total: 146390 ns
[2022-06-09T04:10:07.115+0000][6][safepoint   ] Safepoint "CollectForMetadataAllocation", Time since last: 126155020 ns, Reaching safepoint: 7464951 ns, At safepoint: 81065 ns, Total: 7546016 ns
[2022-06-09T04:10:07.189+0000][6][safepoint   ] Safepoint "CollectForMetadataAllocation", Time since last: 67942674 ns, Reaching safepoint: 6647846 ns, At safepoint: 69765 ns, Total: 6717611 ns
[2022-06-09T04:10:07.198+0000][6][safepoint   ] Safepoint "CollectForMetadataAllocation", Time since last: 5111632 ns, Reaching safepoint: 3201554 ns, At safepoint: 9336 ns, Total: 3210890 ns
[2022-06-09T04:10:07.218+0000][6][safepoint   ] Safepoint "CollectForMetadataAllocation", Time since last: 7218581 ns, Reaching safepoint: 12770665 ns, At safepoint: 11668 ns, Total: 12782333 ns
[2022-06-09T04:10:07.289+0000][6][safepoint   ] Safepoint "CollectForMetadataAllocation", Time since last: 64783046 ns, Reaching safepoint: 6467453 ns, At safepoint: 161230 ns, Total: 6628683 ns
[2022-06-09T04:10:07.337+0000][6][gc,marking  ] GC(28) Concurrent Mark From Roots 378.414ms
[2022-06-09T04:10:07.337+0000][6][gc,marking  ] GC(28) Concurrent Preclean
[2022-06-09T04:10:07.337+0000][6][gc,marking  ] GC(28) Concurrent Preclean 0.129ms
[2022-06-09T04:10:07.337+0000][6][gc,start    ] GC(28) Pause Remark
[2022-06-09T04:10:07.359+0000][6][gc          ] GC(28) Pause Remark 91M->91M(256M) 22.052ms
[2022-06-09T04:10:07.359+0000][6][gc,cpu      ] GC(28) User=0.02s Sys=0.00s Real=0.02s
[2022-06-09T04:10:07.359+0000][6][safepoint   ] Safepoint "G1Concurrent", Time since last: 47585824 ns, Reaching safepoint: 158065 ns, At safepoint: 22133207 ns, Total: 22291272 ns
[2022-06-09T04:10:07.361+0000][6][gc,marking  ] GC(28) Concurrent Mark 402.792ms
[2022-06-09T04:10:07.361+0000][6][gc,marking  ] GC(28) Concurrent Rebuild Remembered Sets
[2022-06-09T04:10:07.640+0000][6][gc,marking  ] GC(28) Concurrent Rebuild Remembered Sets 278.645ms
[2022-06-09T04:10:07.642+0000][6][gc,start    ] GC(28) Pause Cleanup
[2022-06-09T04:10:07.642+0000][6][gc          ] GC(28) Pause Cleanup 102M->102M(256M) 0.051ms
[2022-06-09T04:10:07.642+0000][6][gc,cpu      ] GC(28) User=0.00s Sys=0.00s Real=0.00s
[2022-06-09T04:10:07.642+0000][6][safepoint   ] Safepoint "G1Concurrent", Time since last: 280602936 ns, Reaching safepoint: 2144669 ns, At safepoint: 92656 ns, Total: 2237325 ns
[2022-06-09T04:10:07.642+0000][6][gc,marking  ] GC(28) Concurrent Cleanup for Next Mark
[2022-06-09T04:10:07.646+0000][6][gc,marking  ] GC(28) Concurrent Cleanup for Next Mark 3.701ms
[2022-06-09T04:10:07.646+0000][6][gc          ] GC(28) Concurrent Mark Cycle 759.040ms
[2022-06-09T04:10:09.537+0000][6][safepoint   ] Safepoint "Cleanup", Time since last: 1884782784 ns, Reaching safepoint: 10120956 ns, At safepoint: 13008 ns, Total: 10133964 ns
[2022-06-09T04:10:10.253+0000][6][gc,start    ] GC(29) Pause Young (Normal) (G1 Evacuation Pause)
[2022-06-09T04:10:10.253+0000][6][gc,task     ] GC(29) Using 1 workers of 1 for evacuation
[2022-06-09T04:10:10.253+0000][6][gc,age      ] GC(29) Desired survivor size 8388608 bytes, new threshold 15 (max threshold 15)
[2022-06-09T04:10:10.355+0000][6][gc,phases   ] GC(29)   Pre Evacuate Collection Set: 0.0ms
[2022-06-09T04:10:10.355+0000][6][gc,phases   ] GC(29)   Merge Heap Roots: 1.3ms
[2022-06-09T04:10:10.355+0000][6][gc,phases   ] GC(29)   Evacuate Collection Set: 97.0ms
[2022-06-09T04:10:10.355+0000][6][gc,phases   ] GC(29)   Post Evacuate Collection Set: 3.2ms
[2022-06-09T04:10:10.355+0000][6][gc,phases   ] GC(29)   Other: 0.1ms
[2022-06-09T04:10:10.355+0000][6][gc,age      ] GC(29) Age table with threshold 15 (max threshold 15)
[2022-06-09T04:10:10.355+0000][6][gc,age      ] GC(29) - age   1:   11099688 bytes,   11099688 total
[2022-06-09T04:10:10.355+0000][6][gc,age      ] GC(29) - age   2:    1499296 bytes,   12598984 total
[2022-06-09T04:10:10.355+0000][6][gc,age      ] GC(29) - age   3:    4165464 bytes,   16764448 total
[2022-06-09T04:10:10.355+0000][6][gc,heap     ] GC(29) Eden regions: 29->0(24)
[2022-06-09T04:10:10.355+0000][6][gc,heap     ] GC(29) Survivor regions: 2->4(4)
[2022-06-09T04:10:10.355+0000][6][gc,heap     ] GC(29) Old regions: 16->17
[2022-06-09T04:10:10.355+0000][6][gc,heap     ] GC(29) Archive regions: 2->2
[2022-06-09T04:10:10.355+0000][6][gc,heap     ] GC(29) Humongous regions: 2->2
[2022-06-09T04:10:10.355+0000][6][gc,metaspace] GC(29) Metaspace: 106763K(109440K)->106763K(109440K) NonClass: 92033K(93440K)->92033K(93440K) Class: 14729K(16000K)->14729K(16000K)
[2022-06-09T04:10:10.355+0000][6][gc          ] GC(29) Pause Young (Normal) (G1 Evacuation Pause) 198M->94M(256M) 101.897ms
[2022-06-09T04:10:10.355+0000][6][gc,cpu      ] GC(29) User=0.06s Sys=0.00s Real=0.11s
[2022-06-09T04:10:10.355+0000][6][safepoint   ] Safepoint "G1CollectForAllocation", Time since last: 711634222 ns, Reaching safepoint: 4604380 ns, At safepoint: 101966399 ns, Total: 106570779 ns
[2022-06-09T04:10:12.055+0000][6][safepoint   ] Safepoint "Cleanup", Time since last: 1694842130 ns, Reaching safepoint: 5631994 ns, At safepoint: 11845 ns, Total: 5643839 ns
[2022-06-09T04:10:12.453+0000][6][gc,start    ] GC(30) Pause Young (Concurrent Start) (G1 Evacuation Pause)
[2022-06-09T04:10:12.453+0000][6][gc,task     ] GC(30) Using 1 workers of 1 for evacuation
[2022-06-09T04:10:12.453+0000][6][gc,age      ] GC(30) Desired survivor size 8388608 bytes, new threshold 1 (max threshold 15)
[2022-06-09T04:10:12.505+0000][6][gc,phases   ] GC(30)   Pre Evacuate Collection Set: 0.3ms
[2022-06-09T04:10:12.505+0000][6][gc,phases   ] GC(30)   Merge Heap Roots: 0.1ms
[2022-06-09T04:10:12.505+0000][6][gc,phases   ] GC(30)   Evacuate Collection Set: 49.8ms
[2022-06-09T04:10:12.505+0000][6][gc,phases   ] GC(30)   Post Evacuate Collection Set: 1.5ms
[2022-06-09T04:10:12.505+0000][6][gc,phases   ] GC(30)   Other: 0.1ms
[2022-06-09T04:10:12.505+0000][6][gc,age      ] GC(30) Age table with threshold 1 (max threshold 15)
[2022-06-09T04:10:12.505+0000][6][gc,age      ] GC(30) - age   1:   10374616 bytes,   10374616 total
[2022-06-09T04:10:12.505+0000][6][gc,heap     ] GC(30) Eden regions: 24->0(21)
[2022-06-09T04:10:12.505+0000][6][gc,heap     ] GC(30) Survivor regions: 4->3(4)
[2022-06-09T04:10:12.505+0000][6][gc,heap     ] GC(30) Old regions: 17->20
[2022-06-09T04:10:12.505+0000][6][gc,heap     ] GC(30) Archive regions: 2->2
[2022-06-09T04:10:12.505+0000][6][gc,heap     ] GC(30) Humongous regions: 2->2
[2022-06-09T04:10:12.505+0000][6][gc,metaspace] GC(30) Metaspace: 107897K(110592K)->107897K(110592K) NonClass: 93023K(94400K)->93023K(94400K) Class: 14874K(16192K)->14874K(16192K)
[2022-06-09T04:10:12.505+0000][6][gc          ] GC(30) Pause Young (Concurrent Start) (G1 Evacuation Pause) 190M->101M(256M) 51.958ms
[2022-06-09T04:10:12.505+0000][6][gc,cpu      ] GC(30) User=0.05s Sys=0.00s Real=0.05s
[2022-06-09T04:10:12.505+0000][6][safepoint   ] Safepoint "G1CollectForAllocation", Time since last: 392905499 ns, Reaching safepoint: 4745085 ns, At safepoint: 52035781 ns, Total: 56780866 ns
[2022-06-09T04:10:12.505+0000][6][gc          ] GC(31) Concurrent Mark Cycle
[2022-06-09T04:10:12.505+0000][6][gc,marking  ] GC(31) Concurrent Clear Claimed Marks
[2022-06-09T04:10:12.505+0000][6][gc,marking  ] GC(31) Concurrent Clear Claimed Marks 0.196ms
[2022-06-09T04:10:12.505+0000][6][gc,marking  ] GC(31) Concurrent Scan Root Regions
[2022-06-09T04:10:12.663+0000][6][gc,marking  ] GC(31) Concurrent Scan Root Regions 157.471ms
[2022-06-09T04:10:12.663+0000][6][gc,marking  ] GC(31) Concurrent Mark
[2022-06-09T04:10:12.663+0000][6][gc,marking  ] GC(31) Concurrent Mark From Roots
[2022-06-09T04:10:12.663+0000][6][gc,task     ] GC(31) Using 1 workers of 1 for marking
[2022-06-09T04:10:13.513+0000][6][safepoint   ] Safepoint "Cleanup", Time since last: 1000136157 ns, Reaching safepoint: 7321917 ns, At safepoint: 14038 ns, Total: 7335955 ns
[2022-06-09T04:10:14.533+0000][6][safepoint   ] Safepoint "Cleanup", Time since last: 1001899050 ns, Reaching safepoint: 18176953 ns, At safepoint: 12919 ns, Total: 18189872 ns
[2022-06-09T04:10:14.603+0000][6][gc,marking  ] GC(31) Concurrent Mark From Roots 1940.114ms
[2022-06-09T04:10:14.603+0000][6][gc,marking  ] GC(31) Concurrent Preclean
[2022-06-09T04:10:14.603+0000][6][gc,marking  ] GC(31) Concurrent Preclean 0.186ms
[2022-06-09T04:10:14.616+0000][6][gc,start    ] GC(31) Pause Remark
[2022-06-09T04:10:14.667+0000][6][gc          ] GC(31) Pause Remark 183M->183M(256M) 51.028ms
[2022-06-09T04:10:14.667+0000][6][gc,cpu      ] GC(31) User=0.02s Sys=0.01s Real=0.05s
[2022-06-09T04:10:14.667+0000][6][safepoint   ] Safepoint "G1Concurrent", Time since last: 70570306 ns, Reaching safepoint: 12497820 ns, At safepoint: 51120473 ns, Total: 63618293 ns
[2022-06-09T04:10:14.680+0000][6][gc,marking  ] GC(31) Concurrent Mark 2017.070ms
[2022-06-09T04:10:14.680+0000][6][gc,marking  ] GC(31) Concurrent Rebuild Remembered Sets
[2022-06-09T04:10:14.763+0000][6][gc,start    ] GC(32) Pause Young (Normal) (G1 Evacuation Pause)
[2022-06-09T04:10:14.763+0000][6][gc,task     ] GC(32) Using 1 workers of 1 for evacuation
[2022-06-09T04:10:14.763+0000][6][gc,age      ] GC(32) Desired survivor size 6291456 bytes, new threshold 1 (max threshold 15)
[2022-06-09T04:10:14.795+0000][6][gc,phases   ] GC(32)   Pre Evacuate Collection Set: 0.0ms
[2022-06-09T04:10:14.795+0000][6][gc,phases   ] GC(32)   Merge Heap Roots: 0.1ms
[2022-06-09T04:10:14.795+0000][6][gc,phases   ] GC(32)   Evacuate Collection Set: 14.8ms
[2022-06-09T04:10:14.795+0000][6][gc,phases   ] GC(32)   Post Evacuate Collection Set: 16.9ms
[2022-06-09T04:10:14.795+0000][6][gc,phases   ] GC(32)   Other: 0.1ms
[2022-06-09T04:10:14.795+0000][6][gc,age      ] GC(32) Age table with threshold 1 (max threshold 15)
[2022-06-09T04:10:14.796+0000][6][gc,age      ] GC(32) - age   1:    5304312 bytes,    5304312 total
[2022-06-09T04:10:14.796+0000][6][gc,heap     ] GC(32) Eden regions: 21->0(21)
[2022-06-09T04:10:14.796+0000][6][gc,heap     ] GC(32) Survivor regions: 3->2(3)
[2022-06-09T04:10:14.796+0000][6][gc,heap     ] GC(32) Old regions: 20->21
[2022-06-09T04:10:14.796+0000][6][gc,heap     ] GC(32) Archive regions: 2->2
[2022-06-09T04:10:14.796+0000][6][gc,heap     ] GC(32) Humongous regions: 2->2
[2022-06-09T04:10:14.796+0000][6][gc,metaspace] GC(32) Metaspace: 108344K(111040K)->108344K(111040K) NonClass: 93434K(94848K)->93434K(94848K) Class: 14910K(16192K)->14910K(16192K)
[2022-06-09T04:10:14.796+0000][6][gc          ] GC(32) Pause Young (Normal) (G1 Evacuation Pause) 185M->101M(256M) 32.167ms
[2022-06-09T04:10:14.796+0000][6][gc,cpu      ] GC(32) User=0.02s Sys=0.00s Real=0.04s
[2022-06-09T04:10:14.796+0000][6][safepoint   ] Safepoint "G1CollectForAllocation", Time since last: 61539057 ns, Reaching safepoint: 34971460 ns, At safepoint: 32237878 ns, Total: 67209338 ns
[2022-06-09T04:10:15.384+0000][6][gc,marking  ] GC(31) Concurrent Rebuild Remembered Sets 703.959ms
[2022-06-09T04:10:15.384+0000][6][gc,start    ] GC(31) Pause Cleanup
[2022-06-09T04:10:15.384+0000][6][gc          ] GC(31) Pause Cleanup 131M->131M(256M) 0.052ms
[2022-06-09T04:10:15.384+0000][6][gc,cpu      ] GC(31) User=0.00s Sys=0.00s Real=0.00s
[2022-06-09T04:10:15.384+0000][6][safepoint   ] Safepoint "G1Concurrent", Time since last: 588351528 ns, Reaching safepoint: 184024 ns, At safepoint: 90070 ns, Total: 274094 ns
[2022-06-09T04:10:15.384+0000][6][gc,marking  ] GC(31) Concurrent Cleanup for Next Mark
[2022-06-09T04:10:15.406+0000][6][gc,marking  ] GC(31) Concurrent Cleanup for Next Mark 21.643ms
[2022-06-09T04:10:15.406+0000][6][gc          ] GC(31) Concurrent Mark Cycle 2900.805ms
[2022-06-09T04:10:16.385+0000][6][safepoint   ] Safepoint "Cleanup", Time since last: 1000095686 ns, Reaching safepoint: 948541 ns, At safepoint: 9855 ns, Total: 958396 ns
[2022-06-09T04:10:17.387+0000][6][safepoint   ] Safepoint "Cleanup", Time since last: 1001655138 ns, Reaching safepoint: 174928 ns, At safepoint: 7595 ns, Total: 182523 ns
[2022-06-09T04:10:18.445+0000][6][safepoint   ] Safepoint "G1CollectForAllocation", Time since last: 1057748526 ns, Reaching safepoint: 205815 ns, At safepoint: 9240 ns, Total: 215055 ns
[2022-06-09T04:10:18.451+0000][6][gc,start    ] GC(33) Pause Young (Prepare Mixed) (GCLocker Initiated GC)
[2022-06-09T04:10:18.451+0000][6][gc,task     ] GC(33) Using 1 workers of 1 for evacuation
[2022-06-09T04:10:18.451+0000][6][gc,age      ] GC(33) Desired survivor size 6291456 bytes, new threshold 15 (max threshold 15)
[2022-06-09T04:10:18.471+0000][6][gc,phases   ] GC(33)   Pre Evacuate Collection Set: 0.0ms
[2022-06-09T04:10:18.471+0000][6][gc,phases   ] GC(33)   Merge Heap Roots: 0.1ms
[2022-06-09T04:10:18.471+0000][6][gc,phases   ] GC(33)   Evacuate Collection Set: 19.4ms
[2022-06-09T04:10:18.471+0000][6][gc,phases   ] GC(33)   Post Evacuate Collection Set: 1.1ms
[2022-06-09T04:10:18.472+0000][6][gc,phases   ] GC(33)   Other: 0.1ms
[2022-06-09T04:10:18.472+0000][6][gc,age      ] GC(33) Age table with threshold 15 (max threshold 15)
[2022-06-09T04:10:18.472+0000][6][gc,age      ] GC(33) - age   1:    3907016 bytes,    3907016 total
[2022-06-09T04:10:18.472+0000][6][gc,age      ] GC(33) - age   2:    4050288 bytes,    7957304 total
[2022-06-09T04:10:18.472+0000][6][gc,heap     ] GC(33) Eden regions: 22->0(1)
[2022-06-09T04:10:18.472+0000][6][gc,heap     ] GC(33) Survivor regions: 2->2(3)
[2022-06-09T04:10:18.472+0000][6][gc,heap     ] GC(33) Old regions: 21->21
[2022-06-09T04:10:18.472+0000][6][gc,heap     ] GC(33) Archive regions: 2->2
[2022-06-09T04:10:18.472+0000][6][gc,heap     ] GC(33) Humongous regions: 2->2
[2022-06-09T04:10:18.472+0000][6][gc,metaspace] GC(33) Metaspace: 109225K(111936K)->109225K(111936K) NonClass: 94206K(95616K)->94206K(95616K) Class: 15019K(16320K)->15019K(16320K)
[2022-06-09T04:10:18.472+0000][6][gc          ] GC(33) Pause Young (Prepare Mixed) (GCLocker Initiated GC) 185M->103M(256M) 20.928ms
[2022-06-09T04:10:18.472+0000][6][gc,cpu      ] GC(33) User=0.01s Sys=0.00s Real=0.02s
[2022-06-09T04:10:18.472+0000][6][safepoint   ] Safepoint "G1CollectForAllocation", Time since last: 5386707 ns, Reaching safepoint: 148239 ns, At safepoint: 21013342 ns, Total: 21161581 ns
[2022-06-09T04:10:18.607+0000][6][gc,start    ] GC(34) Pause Young (Mixed) (G1 Evacuation Pause)
[2022-06-09T04:10:18.607+0000][6][gc,task     ] GC(34) Using 1 workers of 1 for evacuation
[2022-06-09T04:10:18.607+0000][6][gc,age      ] GC(34) Desired survivor size 2097152 bytes, new threshold 1 (max threshold 15)
[2022-06-09T04:10:18.640+0000][6][gc,phases   ] GC(34)   Pre Evacuate Collection Set: 0.0ms
[2022-06-09T04:10:18.640+0000][6][gc,phases   ] GC(34)   Merge Heap Roots: 0.1ms
[2022-06-09T04:10:18.640+0000][6][gc,phases   ] GC(34)   Evacuate Collection Set: 31.2ms
[2022-06-09T04:10:18.640+0000][6][gc,phases   ] GC(34)   Post Evacuate Collection Set: 1.1ms
[2022-06-09T04:10:18.640+0000][6][gc,phases   ] GC(34)   Other: 0.1ms
[2022-06-09T04:10:18.640+0000][6][gc,age      ] GC(34) Age table with threshold 1 (max threshold 15)
[2022-06-09T04:10:18.640+0000][6][gc,age      ] GC(34) - age   1:     990072 bytes,     990072 total
[2022-06-09T04:10:18.640+0000][6][gc,heap     ] GC(34) Eden regions: 1->0(21)
[2022-06-09T04:10:18.640+0000][6][gc,heap     ] GC(34) Survivor regions: 2->1(1)
[2022-06-09T04:10:18.640+0000][6][gc,heap     ] GC(34) Old regions: 21->23
[2022-06-09T04:10:18.640+0000][6][gc,heap     ] GC(34) Archive regions: 2->2
[2022-06-09T04:10:18.640+0000][6][gc,heap     ] GC(34) Humongous regions: 2->2
[2022-06-09T04:10:18.640+0000][6][gc,metaspace] GC(34) Metaspace: 109404K(112064K)->109404K(112064K) NonClass: 94350K(95744K)->94350K(95744K) Class: 15054K(16320K)->15054K(16320K)
[2022-06-09T04:10:18.640+0000][6][gc          ] GC(34) Pause Young (Mixed) (G1 Evacuation Pause) 107M->101M(256M) 32.762ms
[2022-06-09T04:10:18.640+0000][6][gc,cpu      ] GC(34) User=0.01s Sys=0.01s Real=0.03s
[2022-06-09T04:10:18.640+0000][6][safepoint   ] Safepoint "G1CollectForAllocation", Time since last: 135588711 ns, Reaching safepoint: 162385 ns, At safepoint: 32848583 ns, Total: 33010968 ns
[2022-06-09T04:10:19.645+0000][6][safepoint   ] Safepoint "Cleanup", Time since last: 1000093489 ns, Reaching safepoint: 4455800 ns, At safepoint: 9778 ns, Total: 4465578 ns
[2022-06-09T04:10:20.645+0000][6][safepoint   ] Safepoint "Cleanup", Time since last: 1000109576 ns, Reaching safepoint: 221172 ns, At safepoint: 6852 ns, Total: 228024 ns
[2022-06-09T04:10:21.063+0000][6][gc,start    ] GC(35) Pause Young (Concurrent Start) (G1 Evacuation Pause)
[2022-06-09T04:10:21.063+0000][6][gc,task     ] GC(35) Using 1 workers of 1 for evacuation
[2022-06-09T04:10:21.063+0000][6][gc,age      ] GC(35) Desired survivor size 6291456 bytes, new threshold 15 (max threshold 15)
[2022-06-09T04:10:21.067+0000][6][gc,phases   ] GC(35)   Pre Evacuate Collection Set: 0.3ms
[2022-06-09T04:10:21.067+0000][6][gc,phases   ] GC(35)   Merge Heap Roots: 0.0ms
[2022-06-09T04:10:21.067+0000][6][gc,phases   ] GC(35)   Evacuate Collection Set: 2.8ms
[2022-06-09T04:10:21.067+0000][6][gc,phases   ] GC(35)   Post Evacuate Collection Set: 1.0ms
[2022-06-09T04:10:21.067+0000][6][gc,phases   ] GC(35)   Other: 0.1ms
[2022-06-09T04:10:21.067+0000][6][gc,age      ] GC(35) Age table with threshold 15 (max threshold 15)
[2022-06-09T04:10:21.067+0000][6][gc,age      ] GC(35) - age   1:    1712968 bytes,    1712968 total
[2022-06-09T04:10:21.067+0000][6][gc,age      ] GC(35) - age   2:      67376 bytes,    1780344 total
[2022-06-09T04:10:21.067+0000][6][gc,heap     ] GC(35) Eden regions: 21->0(21)
[2022-06-09T04:10:21.067+0000][6][gc,heap     ] GC(35) Survivor regions: 1->1(3)
[2022-06-09T04:10:21.067+0000][6][gc,heap     ] GC(35) Old regions: 23->23
[2022-06-09T04:10:21.067+0000][6][gc,heap     ] GC(35) Archive regions: 2->2
[2022-06-09T04:10:21.067+0000][6][gc,heap     ] GC(35) Humongous regions: 2->2
[2022-06-09T04:10:21.067+0000][6][gc,metaspace] GC(35) Metaspace: 109590K(112384K)->109590K(112384K) NonClass: 94515K(96000K)->94515K(96000K) Class: 15075K(16384K)->15075K(16384K)
[2022-06-09T04:10:21.067+0000][6][gc          ] GC(35) Pause Young (Concurrent Start) (G1 Evacuation Pause) 185M->102M(256M) 4.397ms
[2022-06-09T04:10:21.067+0000][6][gc,cpu      ] GC(35) User=0.01s Sys=0.00s Real=0.01s
[2022-06-09T04:10:21.067+0000][6][safepoint   ] Safepoint "G1CollectForAllocation", Time since last: 417333436 ns, Reaching safepoint: 40270 ns, At safepoint: 4455810 ns, Total: 4496080 ns
[2022-06-09T04:10:21.067+0000][6][gc          ] GC(36) Concurrent Mark Cycle
[2022-06-09T04:10:21.067+0000][6][gc,marking  ] GC(36) Concurrent Clear Claimed Marks
[2022-06-09T04:10:21.067+0000][6][gc,marking  ] GC(36) Concurrent Clear Claimed Marks 0.062ms
[2022-06-09T04:10:21.067+0000][6][gc,marking  ] GC(36) Concurrent Scan Root Regions
[2022-06-09T04:10:21.073+0000][6][gc,marking  ] GC(36) Concurrent Scan Root Regions 5.433ms
[2022-06-09T04:10:21.073+0000][6][gc,marking  ] GC(36) Concurrent Mark
[2022-06-09T04:10:21.073+0000][6][gc,marking  ] GC(36) Concurrent Mark From Roots
[2022-06-09T04:10:21.073+0000][6][gc,task     ] GC(36) Using 1 workers of 1 for marking
[2022-06-09T04:10:21.455+0000][6][gc,marking  ] GC(36) Concurrent Mark From Roots 382.079ms
[2022-06-09T04:10:21.455+0000][6][gc,marking  ] GC(36) Concurrent Preclean
[2022-06-09T04:10:21.455+0000][6][gc,marking  ] GC(36) Concurrent Preclean 0.103ms
[2022-06-09T04:10:21.455+0000][6][gc,start    ] GC(36) Pause Remark
[2022-06-09T04:10:21.512+0000][6][gc          ] GC(36) Pause Remark 119M->119M(256M) 56.803ms
[2022-06-09T04:10:21.512+0000][6][gc,cpu      ] GC(36) User=0.02s Sys=0.01s Real=0.05s
[2022-06-09T04:10:21.512+0000][6][safepoint   ] Safepoint "G1Concurrent", Time since last: 387861062 ns, Reaching safepoint: 67396 ns, At safepoint: 56888381 ns, Total: 56955777 ns
[2022-06-09T04:10:21.515+0000][6][gc,marking  ] GC(36) Concurrent Mark 442.659ms
[2022-06-09T04:10:21.515+0000][6][gc,marking  ] GC(36) Concurrent Rebuild Remembered Sets
[2022-06-09T04:10:21.737+0000][6][gc,marking  ] GC(36) Concurrent Rebuild Remembered Sets 221.410ms
[2022-06-09T04:10:21.755+0000][6][gc,start    ] GC(36) Pause Cleanup
[2022-06-09T04:10:21.755+0000][6][gc          ] GC(36) Pause Cleanup 127M->127M(256M) 0.069ms
[2022-06-09T04:10:21.755+0000][6][gc,cpu      ] GC(36) User=0.00s Sys=0.00s Real=0.00s
[2022-06-09T04:10:21.755+0000][6][safepoint   ] Safepoint "G1Concurrent", Time since last: 224909528 ns, Reaching safepoint: 18106119 ns, At safepoint: 121943 ns, Total: 18228062 ns
[2022-06-09T04:10:21.755+0000][6][gc,marking  ] GC(36) Concurrent Cleanup for Next Mark
[2022-06-09T04:10:21.756+0000][6][gc,marking  ] GC(36) Concurrent Cleanup for Next Mark 0.652ms
[2022-06-09T04:10:21.756+0000][6][gc          ] GC(36) Concurrent Mark Cycle 688.605ms
[2022-06-09T04:10:22.691+0000][6][gc,start    ] GC(37) Pause Young (Normal) (G1 Evacuation Pause)
[2022-06-09T04:10:22.691+0000][6][gc,task     ] GC(37) Using 1 workers of 1 for evacuation
[2022-06-09T04:10:22.691+0000][6][gc,age      ] GC(37) Desired survivor size 6291456 bytes, new threshold 15 (max threshold 15)
[2022-06-09T04:10:22.696+0000][6][gc,phases   ] GC(37)   Pre Evacuate Collection Set: 0.0ms
[2022-06-09T04:10:22.696+0000][6][gc,phases   ] GC(37)   Merge Heap Roots: 0.1ms
[2022-06-09T04:10:22.696+0000][6][gc,phases   ] GC(37)   Evacuate Collection Set: 3.3ms
[2022-06-09T04:10:22.696+0000][6][gc,phases   ] GC(37)   Post Evacuate Collection Set: 1.0ms
[2022-06-09T04:10:22.696+0000][6][gc,phases   ] GC(37)   Other: 0.1ms
[2022-06-09T04:10:22.696+0000][6][gc,age      ] GC(37) Age table with threshold 15 (max threshold 15)
[2022-06-09T04:10:22.696+0000][6][gc,age      ] GC(37) - age   1:    3498560 bytes,    3498560 total
[2022-06-09T04:10:22.696+0000][6][gc,age      ] GC(37) - age   2:     129912 bytes,    3628472 total
[2022-06-09T04:10:22.696+0000][6][gc,age      ] GC(37) - age   3:      67104 bytes,    3695576 total
[2022-06-09T04:10:22.696+0000][6][gc,heap     ] GC(37) Eden regions: 21->0(22)
[2022-06-09T04:10:22.696+0000][6][gc,heap     ] GC(37) Survivor regions: 1->1(3)
[2022-06-09T04:10:22.696+0000][6][gc,heap     ] GC(37) Old regions: 23->23
[2022-06-09T04:10:22.696+0000][6][gc,heap     ] GC(37) Archive regions: 2->2
[2022-06-09T04:10:22.696+0000][6][gc,heap     ] GC(37) Humongous regions: 2->2
[2022-06-09T04:10:22.696+0000][6][gc,metaspace] GC(37) Metaspace: 109649K(112384K)->109649K(112384K) NonClass: 94574K(96000K)->94574K(96000K) Class: 15074K(16384K)->15074K(16384K)
[2022-06-09T04:10:22.696+0000][6][gc          ] GC(37) Pause Young (Normal) (G1 Evacuation Pause) 185M->104M(256M) 4.704ms
[2022-06-09T04:10:22.696+0000][6][gc,cpu      ] GC(37) User=0.01s Sys=0.00s Real=0.01s
[2022-06-09T04:10:22.696+0000][6][safepoint   ] Safepoint "G1CollectForAllocation", Time since last: 936101053 ns, Reaching safepoint: 115188 ns, At safepoint: 4802151 ns, Total: 4917339 ns
[2022-06-09T04:10:23.696+0000][6][safepoint   ] Safepoint "Cleanup", Time since last: 1000100326 ns, Reaching safepoint: 242667 ns, At safepoint: 8160 ns, Total: 250827 ns
[2022-06-09T04:10:23.888+0000][6][gc,start    ] GC(38) Pause Young (Concurrent Start) (G1 Evacuation Pause)
[2022-06-09T04:10:23.889+0000][6][gc,task     ] GC(38) Using 1 workers of 1 for evacuation
[2022-06-09T04:10:23.889+0000][6][gc,age      ] GC(38) Desired survivor size 6291456 bytes, new threshold 15 (max threshold 15)
[2022-06-09T04:10:23.894+0000][6][gc,phases   ] GC(38)   Pre Evacuate Collection Set: 0.3ms
[2022-06-09T04:10:23.894+0000][6][gc,phases   ] GC(38)   Merge Heap Roots: 0.0ms
[2022-06-09T04:10:23.894+0000][6][gc,phases   ] GC(38)   Evacuate Collection Set: 3.5ms
[2022-06-09T04:10:23.894+0000][6][gc,phases   ] GC(38)   Post Evacuate Collection Set: 1.1ms
[2022-06-09T04:10:23.894+0000][6][gc,phases   ] GC(38)   Other: 0.1ms
[2022-06-09T04:10:23.894+0000][6][gc,age      ] GC(38) Age table with threshold 15 (max threshold 15)
[2022-06-09T04:10:23.894+0000][6][gc,age      ] GC(38) - age   1:    3501600 bytes,    3501600 total
[2022-06-09T04:10:23.894+0000][6][gc,age      ] GC(38) - age   2:      22672 bytes,    3524272 total
[2022-06-09T04:10:23.894+0000][6][gc,age      ] GC(38) - age   3:     128080 bytes,    3652352 total
[2022-06-09T04:10:23.894+0000][6][gc,age      ] GC(38) - age   4:      67104 bytes,    3719456 total
[2022-06-09T04:10:23.894+0000][6][gc,heap     ] GC(38) Eden regions: 22->0(22)
[2022-06-09T04:10:23.894+0000][6][gc,heap     ] GC(38) Survivor regions: 1->1(3)
[2022-06-09T04:10:23.894+0000][6][gc,heap     ] GC(38) Old regions: 23->23
[2022-06-09T04:10:23.894+0000][6][gc,heap     ] GC(38) Archive regions: 2->2
[2022-06-09T04:10:23.894+0000][6][gc,heap     ] GC(38) Humongous regions: 2->2
[2022-06-09T04:10:23.894+0000][6][gc,metaspace] GC(38) Metaspace: 109696K(112448K)->109696K(112448K) NonClass: 94621K(96064K)->94621K(96064K) Class: 15075K(16384K)->15075K(16384K)
[2022-06-09T04:10:23.894+0000][6][gc          ] GC(38) Pause Young (Concurrent Start) (G1 Evacuation Pause) 191M->104M(256M) 6.442ms
[2022-06-09T04:10:23.894+0000][6][gc,cpu      ] GC(38) User=0.01s Sys=0.00s Real=0.00s
[2022-06-09T04:10:23.894+0000][6][safepoint   ] Safepoint "G1CollectForAllocation", Time since last: 191316422 ns, Reaching safepoint: 35764 ns, At safepoint: 6499001 ns, Total: 6534765 ns
[2022-06-09T04:10:23.894+0000][6][gc          ] GC(39) Concurrent Mark Cycle
[2022-06-09T04:10:23.894+0000][6][gc,marking  ] GC(39) Concurrent Clear Claimed Marks
[2022-06-09T04:10:23.894+0000][6][gc,marking  ] GC(39) Concurrent Clear Claimed Marks 0.063ms
[2022-06-09T04:10:23.894+0000][6][gc,marking  ] GC(39) Concurrent Scan Root Regions
[2022-06-09T04:10:23.895+0000][6][gc,marking  ] GC(39) Concurrent Scan Root Regions 1.058ms
[2022-06-09T04:10:23.895+0000][6][gc,marking  ] GC(39) Concurrent Mark
[2022-06-09T04:10:23.895+0000][6][gc,marking  ] GC(39) Concurrent Mark From Roots
[2022-06-09T04:10:23.895+0000][6][gc,task     ] GC(39) Using 1 workers of 1 for marking
[2022-06-09T04:10:24.331+0000][6][gc,marking  ] GC(39) Concurrent Mark From Roots 435.048ms
[2022-06-09T04:10:24.331+0000][6][gc,marking  ] GC(39) Concurrent Preclean
[2022-06-09T04:10:24.335+0000][6][gc,marking  ] GC(39) Concurrent Preclean 4.468ms
[2022-06-09T04:10:24.341+0000][6][gc,start    ] GC(39) Pause Remark
[2022-06-09T04:10:24.379+0000][6][gc          ] GC(39) Pause Remark 117M->117M(256M) 38.105ms
[2022-06-09T04:10:24.379+0000][6][gc,cpu      ] GC(39) User=0.02s Sys=0.00s Real=0.04s
[2022-06-09T04:10:24.379+0000][6][safepoint   ] Safepoint "G1Concurrent", Time since last: 440922518 ns, Reaching safepoint: 6170344 ns, At safepoint: 38226894 ns, Total: 44397238 ns
[2022-06-09T04:10:24.385+0000][6][gc,marking  ] GC(39) Concurrent Mark 489.237ms
[2022-06-09T04:10:24.385+0000][6][gc,marking  ] GC(39) Concurrent Rebuild Remembered Sets
[2022-06-09T04:10:24.631+0000][6][gc,marking  ] GC(39) Concurrent Rebuild Remembered Sets 245.767ms
[2022-06-09T04:10:24.631+0000][6][gc,start    ] GC(39) Pause Cleanup
[2022-06-09T04:10:24.631+0000][6][gc          ] GC(39) Pause Cleanup 118M->118M(256M) 0.052ms
[2022-06-09T04:10:24.631+0000][6][gc,cpu      ] GC(39) User=0.00s Sys=0.00s Real=0.00s
[2022-06-09T04:10:24.631+0000][6][safepoint   ] Safepoint "G1Concurrent", Time since last: 251072579 ns, Reaching safepoint: 37137 ns, At safepoint: 88411 ns, Total: 125548 ns
[2022-06-09T04:10:24.631+0000][6][gc,marking  ] GC(39) Concurrent Cleanup for Next Mark
[2022-06-09T04:10:24.631+0000][6][gc,marking  ] GC(39) Concurrent Cleanup for Next Mark 0.663ms
[2022-06-09T04:10:24.631+0000][6][gc          ] GC(39) Concurrent Mark Cycle 737.170ms
[2022-06-09T04:10:25.635+0000][6][safepoint   ] Safepoint "Cleanup", Time since last: 1003819936 ns, Reaching safepoint: 236881 ns, At safepoint: 7781 ns, Total: 244662 ns
[2022-06-09T04:10:25.975+0000][6][gc,start    ] GC(40) Pause Young (Normal) (G1 Evacuation Pause)
[2022-06-09T04:10:25.975+0000][6][gc,task     ] GC(40) Using 1 workers of 1 for evacuation
[2022-06-09T04:10:25.975+0000][6][gc,age      ] GC(40) Desired survivor size 6291456 bytes, new threshold 15 (max threshold 15)
[2022-06-09T04:10:25.991+0000][6][gc,phases   ] GC(40)   Pre Evacuate Collection Set: 0.1ms
[2022-06-09T04:10:25.991+0000][6][gc,phases   ] GC(40)   Merge Heap Roots: 0.1ms
[2022-06-09T04:10:25.991+0000][6][gc,phases   ] GC(40)   Evacuate Collection Set: 11.5ms
[2022-06-09T04:10:25.991+0000][6][gc,phases   ] GC(40)   Post Evacuate Collection Set: 4.1ms
[2022-06-09T04:10:25.991+0000][6][gc,phases   ] GC(40)   Other: 0.1ms
[2022-06-09T04:10:25.991+0000][6][gc,age      ] GC(40) Age table with threshold 15 (max threshold 15)
[2022-06-09T04:10:25.991+0000][6][gc,age      ] GC(40) - age   1:    5882408 bytes,    5882408 total
[2022-06-09T04:10:25.991+0000][6][gc,age      ] GC(40) - age   2:      22936 bytes,    5905344 total
[2022-06-09T04:10:25.991+0000][6][gc,age      ] GC(40) - age   3:      21944 bytes,    5927288 total
[2022-06-09T04:10:25.991+0000][6][gc,age      ] GC(40) - age   4:     126928 bytes,    6054216 total
[2022-06-09T04:10:25.991+0000][6][gc,age      ] GC(40) - age   5:      67104 bytes,    6121320 total
[2022-06-09T04:10:25.991+0000][6][gc,heap     ] GC(40) Eden regions: 22->0(21)
[2022-06-09T04:10:25.991+0000][6][gc,heap     ] GC(40) Survivor regions: 1->2(3)
[2022-06-09T04:10:25.991+0000][6][gc,heap     ] GC(40) Old regions: 23->23
[2022-06-09T04:10:25.991+0000][6][gc,heap     ] GC(40) Archive regions: 2->2
[2022-06-09T04:10:25.991+0000][6][gc,heap     ] GC(40) Humongous regions: 2->2
[2022-06-09T04:10:25.991+0000][6][gc,metaspace] GC(40) Metaspace: 109855K(112640K)->109855K(112640K) NonClass: 94776K(96256K)->94776K(96256K) Class: 15079K(16384K)->15079K(16384K)
[2022-06-09T04:10:25.991+0000][6][gc          ] GC(40) Pause Young (Normal) (G1 Evacuation Pause) 191M->106M(256M) 16.158ms
[2022-06-09T04:10:25.991+0000][6][gc,cpu      ] GC(40) User=0.01s Sys=0.00s Real=0.01s
[2022-06-09T04:10:25.991+0000][6][safepoint   ] Safepoint "G1CollectForAllocation", Time since last: 339768604 ns, Reaching safepoint: 189460 ns, At safepoint: 16217720 ns, Total: 16407180 ns
[2022-06-09T04:10:26.999+0000][6][safepoint   ] Safepoint "Cleanup", Time since last: 1007573187 ns, Reaching safepoint: 198219 ns, At safepoint: 6519 ns, Total: 204738 ns
[2022-06-09T04:10:27.171+0000][6][gc,start    ] GC(41) Pause Young (Concurrent Start) (G1 Evacuation Pause)
[2022-06-09T04:10:27.171+0000][6][gc,task     ] GC(41) Using 1 workers of 1 for evacuation
[2022-06-09T04:10:27.171+0000][6][gc,age      ] GC(41) Desired survivor size 6291456 bytes, new threshold 15 (max threshold 15)
[2022-06-09T04:10:27.193+0000][6][gc,phases   ] GC(41)   Pre Evacuate Collection Set: 3.0ms
[2022-06-09T04:10:27.193+0000][6][gc,phases   ] GC(41)   Merge Heap Roots: 0.1ms
[2022-06-09T04:10:27.193+0000][6][gc,phases   ] GC(41)   Evacuate Collection Set: 13.2ms
[2022-06-09T04:10:27.193+0000][6][gc,phases   ] GC(41)   Post Evacuate Collection Set: 5.7ms
[2022-06-09T04:10:27.193+0000][6][gc,phases   ] GC(41)   Other: 0.1ms
[2022-06-09T04:10:27.193+0000][6][gc,age      ] GC(41) Age table with threshold 15 (max threshold 15)
[2022-06-09T04:10:27.193+0000][6][gc,age      ] GC(41) - age   1:    3694848 bytes,    3694848 total
[2022-06-09T04:10:27.193+0000][6][gc,age      ] GC(41) - age   2:     214592 bytes,    3909440 total
[2022-06-09T04:10:27.193+0000][6][gc,age      ] GC(41) - age   3:      22376 bytes,    3931816 total
[2022-06-09T04:10:27.193+0000][6][gc,age      ] GC(41) - age   4:      21688 bytes,    3953504 total
[2022-06-09T04:10:27.193+0000][6][gc,age      ] GC(41) - age   5:     119656 bytes,    4073160 total
[2022-06-09T04:10:27.193+0000][6][gc,age      ] GC(41) - age   6:      67072 bytes,    4140232 total
[2022-06-09T04:10:27.193+0000][6][gc,heap     ] GC(41) Eden regions: 21->0(21)
[2022-06-09T04:10:27.193+0000][6][gc,heap     ] GC(41) Survivor regions: 2->1(3)
[2022-06-09T04:10:27.193+0000][6][gc,heap     ] GC(41) Old regions: 23->23
[2022-06-09T04:10:27.193+0000][6][gc,heap     ] GC(41) Archive regions: 2->2
[2022-06-09T04:10:27.193+0000][6][gc,heap     ] GC(41) Humongous regions: 2->2
[2022-06-09T04:10:27.193+0000][6][gc,metaspace] GC(41) Metaspace: 110037K(112832K)->110037K(112832K) NonClass: 94958K(96448K)->94958K(96448K) Class: 15079K(16384K)->15079K(16384K)
[2022-06-09T04:10:27.193+0000][6][gc          ] GC(41) Pause Young (Concurrent Start) (G1 Evacuation Pause) 189M->104M(256M) 22.288ms
[2022-06-09T04:10:27.193+0000][6][gc,cpu      ] GC(41) User=0.01s Sys=0.00s Real=0.02s
[2022-06-09T04:10:27.193+0000][6][safepoint   ] Safepoint "G1CollectForAllocation", Time since last: 172214547 ns, Reaching safepoint: 168800 ns, At safepoint: 22355378 ns, Total: 22524178 ns
[2022-06-09T04:10:27.194+0000][6][gc          ] GC(42) Concurrent Mark Cycle
[2022-06-09T04:10:27.194+0000][6][gc,marking  ] GC(42) Concurrent Clear Claimed Marks
[2022-06-09T04:10:27.194+0000][6][gc,marking  ] GC(42) Concurrent Clear Claimed Marks 0.168ms
[2022-06-09T04:10:27.194+0000][6][gc,marking  ] GC(42) Concurrent Scan Root Regions
[2022-06-09T04:10:27.198+0000][6][gc,marking  ] GC(42) Concurrent Scan Root Regions 4.795ms
[2022-06-09T04:10:27.199+0000][6][gc,marking  ] GC(42) Concurrent Mark
[2022-06-09T04:10:27.199+0000][6][gc,marking  ] GC(42) Concurrent Mark From Roots
[2022-06-09T04:10:27.199+0000][6][gc,task     ] GC(42) Using 1 workers of 1 for marking
[2022-06-09T04:10:28.200+0000][6][safepoint   ] Safepoint "Cleanup", Time since last: 1000106245 ns, Reaching safepoint: 6066060 ns, At safepoint: 10341 ns, Total: 6076401 ns
[2022-06-09T04:10:28.659+0000][6][gc,marking  ] GC(42) Concurrent Mark From Roots 1459.965ms
[2022-06-09T04:10:28.659+0000][6][gc,marking  ] GC(42) Concurrent Preclean
[2022-06-09T04:10:28.659+0000][6][gc,marking  ] GC(42) Concurrent Preclean 0.114ms
[2022-06-09T04:10:28.659+0000][6][gc,start    ] GC(42) Pause Remark
[2022-06-09T04:10:28.690+0000][6][gc          ] GC(42) Pause Remark 162M->162M(256M) 31.197ms
[2022-06-09T04:10:28.690+0000][6][gc,cpu      ] GC(42) User=0.02s Sys=0.00s Real=0.03s
[2022-06-09T04:10:28.690+0000][6][safepoint   ] Safepoint "G1Concurrent", Time since last: 459041951 ns, Reaching safepoint: 64973 ns, At safepoint: 31278062 ns, Total: 31343035 ns
[2022-06-09T04:10:28.709+0000][6][gc,marking  ] GC(42) Concurrent Mark 1510.171ms
[2022-06-09T04:10:28.709+0000][6][gc,marking  ] GC(42) Concurrent Rebuild Remembered Sets
[2022-06-09T04:10:29.306+0000][6][gc,marking  ] GC(42) Concurrent Rebuild Remembered Sets 597.422ms
[2022-06-09T04:10:29.307+0000][6][gc,start    ] GC(42) Pause Cleanup
[2022-06-09T04:10:29.307+0000][6][gc          ] GC(42) Pause Cleanup 174M->174M(256M) 0.063ms
[2022-06-09T04:10:29.307+0000][6][gc,cpu      ] GC(42) User=0.00s Sys=0.00s Real=0.00s
[2022-06-09T04:10:29.307+0000][6][safepoint   ] Safepoint "G1Concurrent", Time since last: 616179022 ns, Reaching safepoint: 929374 ns, At safepoint: 107060 ns, Total: 1036434 ns
[2022-06-09T04:10:29.307+0000][6][gc,marking  ] GC(42) Concurrent Cleanup for Next Mark
[2022-06-09T04:10:29.319+0000][6][gc,marking  ] GC(42) Concurrent Cleanup for Next Mark 11.955ms
[2022-06-09T04:10:29.319+0000][6][gc          ] GC(42) Concurrent Mark Cycle 2125.724ms
[2022-06-09T04:10:30.939+0000][6][safepoint   ] Safepoint "Cleanup", Time since last: 1632120733 ns, Reaching safepoint: 80017 ns, At safepoint: 5541 ns, Total: 85558 ns
[2022-06-09T04:10:33.940+0000][6][safepoint   ] Safepoint "Cleanup", Time since last: 3000407304 ns, Reaching safepoint: 83426 ns, At safepoint: 8631 ns, Total: 92057 ns
[2022-06-09T04:10:34.940+0000][6][safepoint   ] Safepoint "Cleanup", Time since last: 1000171500 ns, Reaching safepoint: 41037 ns, At safepoint: 4875 ns, Total: 45912 ns
[2022-06-09T04:10:35.773+0000][6][gc,start    ] GC(43) Pause Young (Normal) (G1 Evacuation Pause)
[2022-06-09T04:10:35.773+0000][6][gc,task     ] GC(43) Using 1 workers of 1 for evacuation
[2022-06-09T04:10:35.773+0000][6][gc,age      ] GC(43) Desired survivor size 6291456 bytes, new threshold 15 (max threshold 15)
[2022-06-09T04:10:35.778+0000][6][gc,phases   ] GC(43)   Pre Evacuate Collection Set: 0.1ms
[2022-06-09T04:10:35.778+0000][6][gc,phases   ] GC(43)   Merge Heap Roots: 0.1ms
[2022-06-09T04:10:35.778+0000][6][gc,phases   ] GC(43)   Evacuate Collection Set: 3.6ms
[2022-06-09T04:10:35.778+0000][6][gc,phases   ] GC(43)   Post Evacuate Collection Set: 0.9ms
[2022-06-09T04:10:35.778+0000][6][gc,phases   ] GC(43)   Other: 0.1ms
[2022-06-09T04:10:35.778+0000][6][gc,age      ] GC(43) Age table with threshold 15 (max threshold 15)
[2022-06-09T04:10:35.778+0000][6][gc,age      ] GC(43) - age   1:     213608 bytes,     213608 total
[2022-06-09T04:10:35.778+0000][6][gc,age      ] GC(43) - age   2:      35136 bytes,     248744 total
[2022-06-09T04:10:35.778+0000][6][gc,age      ] GC(43) - age   3:      87088 bytes,     335832 total
[2022-06-09T04:10:35.778+0000][6][gc,age      ] GC(43) - age   4:      22360 bytes,     358192 total
[2022-06-09T04:10:35.778+0000][6][gc,age      ] GC(43) - age   5:       3288 bytes,     361480 total
[2022-06-09T04:10:35.778+0000][6][gc,age      ] GC(43) - age   6:      86080 bytes,     447560 total
[2022-06-09T04:10:35.778+0000][6][gc,age      ] GC(43) - age   7:      67072 bytes,     514632 total
[2022-06-09T04:10:35.778+0000][6][gc,heap     ] GC(43) Eden regions: 21->0(22)
[2022-06-09T04:10:35.778+0000][6][gc,heap     ] GC(43) Survivor regions: 1->1(3)
[2022-06-09T04:10:35.778+0000][6][gc,heap     ] GC(43) Old regions: 23->23
[2022-06-09T04:10:35.778+0000][6][gc,heap     ] GC(43) Archive regions: 2->2
[2022-06-09T04:10:35.778+0000][6][gc,heap     ] GC(43) Humongous regions: 2->2
[2022-06-09T04:10:35.778+0000][6][gc,metaspace] GC(43) Metaspace: 110395K(113152K)->110395K(113152K) NonClass: 95285K(96768K)->95285K(96768K) Class: 15110K(16384K)->15110K(16384K)
[2022-06-09T04:10:35.778+0000][6][gc          ] GC(43) Pause Young (Normal) (G1 Evacuation Pause) 188M->101M(256M) 4.955ms
[2022-06-09T04:10:35.778+0000][6][gc,cpu      ] GC(43) User=0.00s Sys=0.00s Real=0.01s
[2022-06-09T04:10:35.778+0000][6][safepoint   ] Safepoint "G1CollectForAllocation", Time since last: 832986464 ns, Reaching safepoint: 25936 ns, At safepoint: 5018159 ns, Total: 5044095 ns
[2022-06-09T04:10:37.778+0000][6][safepoint   ] Safepoint "Cleanup", Time since last: 2000238411 ns, Reaching safepoint: 53379 ns, At safepoint: 4573 ns, Total: 57952 ns
[2022-06-09T04:10:38.779+0000][6][safepoint   ] Safepoint "Cleanup", Time since last: 1000167938 ns, Reaching safepoint: 41607 ns, At safepoint: 4767 ns, Total: 46374 ns
[2022-06-09T04:10:39.779+0000][6][safepoint   ] Safepoint "Cleanup", Time since last: 1000124133 ns, Reaching safepoint: 44920 ns, At safepoint: 4765 ns, Total: 49685 ns
[2022-06-09T04:10:40.779+0000][6][safepoint   ] Safepoint "Cleanup", Time since last: 1000141408 ns, Reaching safepoint: 49918 ns, At safepoint: 4857 ns, Total: 54775 ns
[2022-06-09T04:10:42.779+0000][6][safepoint   ] Safepoint "Cleanup", Time since last: 2000266485 ns, Reaching safepoint: 42098 ns, At safepoint: 5197 ns, Total: 47295 ns
[2022-06-09T04:10:44.780+0000][6][safepoint   ] Safepoint "Cleanup", Time since last: 2000260414 ns, Reaching safepoint: 44992 ns, At safepoint: 4994 ns, Total: 49986 ns
[2022-06-09T04:10:46.780+0000][6][safepoint   ] Safepoint "Cleanup", Time since last: 2000245603 ns, Reaching safepoint: 47941 ns, At safepoint: 4789 ns, Total: 52730 ns
[2022-06-09T04:10:50.781+0000][6][safepoint   ] Safepoint "Cleanup", Time since last: 4000484291 ns, Reaching safepoint: 44509 ns, At safepoint: 4732 ns, Total: 49241 ns
[2022-06-09T04:10:51.781+0000][6][safepoint   ] Safepoint "Cleanup", Time since last: 1000161893 ns, Reaching safepoint: 42042 ns, At safepoint: 4928 ns, Total: 46970 ns
[2022-06-09T04:10:53.781+0000][6][safepoint   ] Safepoint "Cleanup", Time since last: 2000270345 ns, Reaching safepoint: 50091 ns, At safepoint: 5032 ns, Total: 55123 ns
[2022-06-09T04:10:57.234+0000][6][safepoint   ] Safepoint "Cleanup", Time since last: 3452694263 ns, Reaching safepoint: 29435 ns, At safepoint: 4085 ns, Total: 33520 ns
[2022-06-09T04:10:58.234+0000][6][safepoint   ] Safepoint "Cleanup", Time since last: 1000118718 ns, Reaching safepoint: 214035 ns, At safepoint: 7903 ns, Total: 221938 ns
[2022-06-09T04:11:01.235+0000][6][safepoint   ] Safepoint "Cleanup", Time since last: 3000409140 ns, Reaching safepoint: 49535 ns, At safepoint: 5251 ns, Total: 54786 ns
[2022-06-09T04:11:03.235+0000][6][safepoint   ] Safepoint "Cleanup", Time since last: 2000285955 ns, Reaching safepoint: 50407 ns, At safepoint: 5494 ns, Total: 55901 ns
[2022-06-09T04:11:05.244+0000][6][safepoint   ] Safepoint "Cleanup", Time since last: 2008972193 ns, Reaching safepoint: 51757 ns, At safepoint: 5261 ns, Total: 57018 ns
[2022-06-09T04:11:06.244+0000][6][safepoint   ] Safepoint "Cleanup", Time since last: 1000142457 ns, Reaching safepoint: 32608 ns, At safepoint: 4088 ns, Total: 36696 ns
[2022-06-09T04:11:07.244+0000][6][safepoint   ] Safepoint "Cleanup", Time since last: 1000139266 ns, Reaching safepoint: 37059 ns, At safepoint: 4398 ns, Total: 41457 ns
[2022-06-09T04:11:08.245+0000][6][safepoint   ] Safepoint "Cleanup", Time since last: 1000176442 ns, Reaching safepoint: 67931 ns, At safepoint: 8377 ns, Total: 76308 ns
[2022-06-09T04:11:09.245+0000][6][safepoint   ] Safepoint "Cleanup", Time since last: 1000172586 ns, Reaching safepoint: 35090 ns, At safepoint: 5200 ns, Total: 40290 ns
[2022-06-09T04:11:10.245+0000][6][safepoint   ] Safepoint "Cleanup", Time since last: 1000151260 ns, Reaching safepoint: 37350 ns, At safepoint: 5506 ns, Total: 42856 ns
[2022-06-09T04:11:11.245+0000][6][safepoint   ] Safepoint "Cleanup", Time since last: 1000147481 ns, Reaching safepoint: 37345 ns, At safepoint: 4533 ns, Total: 41878 ns
[2022-06-09T04:11:13.246+0000][6][safepoint   ] Safepoint "Cleanup", Time since last: 2000517187 ns, Reaching safepoint: 35886 ns, At safepoint: 4554 ns, Total: 40440 ns
[2022-06-09T04:11:14.246+0000][6][safepoint   ] Safepoint "Cleanup", Time since last: 1000153430 ns, Reaching safepoint: 162127 ns, At safepoint: 7906 ns, Total: 170033 ns
[2022-06-09T04:11:18.246+0000][6][safepoint   ] Safepoint "Cleanup", Time since last: 4000399983 ns, Reaching safepoint: 40336 ns, At safepoint: 4367 ns, Total: 44703 ns
[2022-06-09T04:11:20.247+0000][6][safepoint   ] Safepoint "Cleanup", Time since last: 2000230633 ns, Reaching safepoint: 42660 ns, At safepoint: 5054 ns, Total: 47714 ns
[2022-06-09T04:11:25.247+0000][6][safepoint   ] Safepoint "Cleanup", Time since last: 5000541631 ns, Reaching safepoint: 44956 ns, At safepoint: 4798 ns, Total: 49754 ns
[2022-06-09T04:11:28.248+0000][6][safepoint   ] Safepoint "Cleanup", Time since last: 3000364453 ns, Reaching safepoint: 49767 ns, At safepoint: 4910 ns, Total: 54677 ns
[2022-06-09T04:11:29.248+0000][6][safepoint   ] Safepoint "Cleanup", Time since last: 1000133498 ns, Reaching safepoint: 38017 ns, At safepoint: 4881 ns, Total: 42898 ns
[2022-06-09T04:11:33.248+0000][6][safepoint   ] Safepoint "Cleanup", Time since last: 4000415755 ns, Reaching safepoint: 47761 ns, At safepoint: 4851 ns, Total: 52612 ns
[2022-06-09T04:11:35.249+0000][6][safepoint   ] Safepoint "Cleanup", Time since last: 2000206128 ns, Reaching safepoint: 37483 ns, At safepoint: 4795 ns, Total: 42278 ns
[2022-06-09T04:11:37.249+0000][6][safepoint   ] Safepoint "Cleanup", Time since last: 2000242021 ns, Reaching safepoint: 40433 ns, At safepoint: 4715 ns, Total: 45148 ns
[2022-06-09T04:11:38.249+0000][6][safepoint   ] Safepoint "Cleanup", Time since last: 1000138896 ns, Reaching safepoint: 41764 ns, At safepoint: 4901 ns, Total: 46665 ns
[2022-06-09T04:11:40.249+0000][6][safepoint   ] Safepoint "Cleanup", Time since last: 2000227302 ns, Reaching safepoint: 36972 ns, At safepoint: 4292 ns, Total: 41264 ns
[2022-06-09T04:11:41.250+0000][6][safepoint   ] Safepoint "Cleanup", Time since last: 1000147255 ns, Reaching safepoint: 41030 ns, At safepoint: 4900 ns, Total: 45930 ns
[2022-06-09T04:11:42.250+0000][6][safepoint   ] Safepoint "Cleanup", Time since last: 1000132263 ns, Reaching safepoint: 42056 ns, At safepoint: 4562 ns, Total: 46618 ns
[2022-06-09T04:11:46.250+0000][6][safepoint   ] Safepoint "Cleanup", Time since last: 4000471863 ns, Reaching safepoint: 43715 ns, At safepoint: 4924 ns, Total: 48639 ns
[2022-06-09T04:11:50.251+0000][6][safepoint   ] Safepoint "Cleanup", Time since last: 4000480057 ns, Reaching safepoint: 41274 ns, At safepoint: 4795 ns, Total: 46069 ns
[2022-06-09T04:11:51.251+0000][6][safepoint   ] Safepoint "Cleanup", Time since last: 1000158003 ns, Reaching safepoint: 44449 ns, At safepoint: 4721 ns, Total: 49170 ns
[2022-06-09T04:11:53.251+0000][6][safepoint   ] Safepoint "Cleanup", Time since last: 2000293737 ns, Reaching safepoint: 40841 ns, At safepoint: 4617 ns, Total: 45458 ns
[2022-06-09T04:11:54.252+0000][6][safepoint   ] Safepoint "Cleanup", Time since last: 1000145849 ns, Reaching safepoint: 44224 ns, At safepoint: 4655 ns, Total: 48879 ns
[2022-06-09T04:11:58.252+0000][6][safepoint   ] Safepoint "Cleanup", Time since last: 4000447598 ns, Reaching safepoint: 41556 ns, At safepoint: 4849 ns, Total: 46405 ns
[2022-06-09T04:12:00.252+0000][6][safepoint   ] Safepoint "Cleanup", Time since last: 2000238418 ns, Reaching safepoint: 43531 ns, At safepoint: 5184 ns, Total: 48715 ns
[2022-06-09T04:12:01.253+0000][6][safepoint   ] Safepoint "Cleanup", Time since last: 1000139205 ns, Reaching safepoint: 40431 ns, At safepoint: 4842 ns, Total: 45273 ns
[2022-06-09T04:12:03.253+0000][6][safepoint   ] Safepoint "Cleanup", Time since last: 2000254472 ns, Reaching safepoint: 77008 ns, At safepoint: 5762 ns, Total: 82770 ns
[2022-06-09T04:12:06.253+0000][6][safepoint   ] Safepoint "Cleanup", Time since last: 3000353585 ns, Reaching safepoint: 41089 ns, At safepoint: 4599 ns, Total: 45688 ns
[2022-06-09T04:12:08.254+0000][6][safepoint   ] Safepoint "Cleanup", Time since last: 2000249417 ns, Reaching safepoint: 39879 ns, At safepoint: 4716 ns, Total: 44595 ns
[2022-06-09T04:12:09.254+0000][6][safepoint   ] Safepoint "Cleanup", Time since last: 1000163711 ns, Reaching safepoint: 40241 ns, At safepoint: 16047 ns, Total: 56288 ns
[2022-06-09T04:12:12.382+0000][6][safepoint   ] Safepoint "Cleanup", Time since last: 3128415277 ns, Reaching safepoint: 43768 ns, At safepoint: 4779 ns, Total: 48547 ns
[2022-06-09T04:12:18.383+0000][6][safepoint   ] Safepoint "Cleanup", Time since last: 6000682533 ns, Reaching safepoint: 50692 ns, At safepoint: 4816 ns, Total: 55508 ns
[2022-06-09T04:12:22.384+0000][6][safepoint   ] Safepoint "Cleanup", Time since last: 4000475974 ns, Reaching safepoint: 39650 ns, At safepoint: 4798 ns, Total: 44448 ns
[2022-06-09T04:12:23.384+0000][6][safepoint   ] Safepoint "Cleanup", Time since last: 1000217537 ns, Reaching safepoint: 40698 ns, At safepoint: 4423 ns, Total: 45121 ns
[2022-06-09T04:12:25.384+0000][6][safepoint   ] Safepoint "Cleanup", Time since last: 2000250900 ns, Reaching safepoint: 39490 ns, At safepoint: 4991 ns, Total: 44481 ns
[2022-06-09T04:12:26.384+0000][6][safepoint   ] Safepoint "Cleanup", Time since last: 1000137699 ns, Reaching safepoint: 38790 ns, At safepoint: 4635 ns, Total: 43425 ns
[2022-06-09T04:12:30.385+0000][6][safepoint   ] Safepoint "Cleanup", Time since last: 4000434540 ns, Reaching safepoint: 51383 ns, At safepoint: 17371 ns, Total: 68754 ns
[2022-06-09T04:12:33.385+0000][6][safepoint   ] Safepoint "Cleanup", Time since last: 3000368641 ns, Reaching safepoint: 70020 ns, At safepoint: 4900 ns, Total: 74920 ns
[2022-06-09T04:12:36.386+0000][6][safepoint   ] Safepoint "Cleanup", Time since last: 3000444511 ns, Reaching safepoint: 53380 ns, At safepoint: 5225 ns, Total: 58605 ns
[2022-06-09T04:12:37.386+0000][6][safepoint   ] Safepoint "Cleanup", Time since last: 1000154303 ns, Reaching safepoint: 47990 ns, At safepoint: 4494 ns, Total: 52484 ns
[2022-06-09T04:12:44.387+0000][6][safepoint   ] Safepoint "Cleanup", Time since last: 7000785355 ns, Reaching safepoint: 60396 ns, At safepoint: 9373 ns, Total: 69769 ns
[2022-06-09T04:12:45.387+0000][6][safepoint   ] Safepoint "Cleanup", Time since last: 1000183848 ns, Reaching safepoint: 47923 ns, At safepoint: 4837 ns, Total: 52760 ns
[2022-06-09T04:12:49.388+0000][6][safepoint   ] Safepoint "Cleanup", Time since last: 4000460428 ns, Reaching safepoint: 43007 ns, At safepoint: 4800 ns, Total: 47807 ns
[2022-06-09T04:12:50.388+0000][6][safepoint   ] Safepoint "Cleanup", Time since last: 1000150844 ns, Reaching safepoint: 40500 ns, At safepoint: 4512 ns, Total: 45012 ns
[2022-06-09T04:12:53.388+0000][6][safepoint   ] Safepoint "Cleanup", Time since last: 3000618138 ns, Reaching safepoint: 78919 ns, At safepoint: 9180 ns, Total: 88099 ns
[2022-06-09T04:12:54.389+0000][6][safepoint   ] Safepoint "Cleanup", Time since last: 1000211699 ns, Reaching safepoint: 40318 ns, At safepoint: 4965 ns, Total: 45283 ns
[2022-06-09T04:12:55.389+0000][6][safepoint   ] Safepoint "Cleanup", Time since last: 1000182202 ns, Reaching safepoint: 43490 ns, At safepoint: 4821 ns, Total: 48311 ns
[2022-06-09T04:12:57.390+0000][6][safepoint   ] Safepoint "Cleanup", Time since last: 2000750892 ns, Reaching safepoint: 45302 ns, At safepoint: 4938 ns, Total: 50240 ns
[2022-06-09T04:12:58.390+0000][6][safepoint   ] Safepoint "Cleanup", Time since last: 1000180259 ns, Reaching safepoint: 45410 ns, At safepoint: 4674 ns, Total: 50084 ns
[2022-06-09T04:13:00.390+0000][6][safepoint   ] Safepoint "Cleanup", Time since last: 2000282282 ns, Reaching safepoint: 54372 ns, At safepoint: 4440 ns, Total: 58812 ns
[2022-06-09T04:13:03.391+0000][6][safepoint   ] Safepoint "Cleanup", Time since last: 3000391508 ns, Reaching safepoint: 48043 ns, At safepoint: 5306 ns, Total: 53349 ns
[2022-06-09T04:13:06.391+0000][6][safepoint   ] Safepoint "Cleanup", Time since last: 3000390529 ns, Reaching safepoint: 42385 ns, At safepoint: 4940 ns, Total: 47325 ns
[2022-06-09T04:13:07.391+0000][6][safepoint   ] Safepoint "Cleanup", Time since last: 1000178821 ns, Reaching safepoint: 36621 ns, At safepoint: 4789 ns, Total: 41410 ns
[2022-06-09T04:13:08.392+0000][6][safepoint   ] Safepoint "Cleanup", Time since last: 1000171091 ns, Reaching safepoint: 38178 ns, At safepoint: 4563 ns, Total: 42741 ns
[2022-06-09T04:13:16.393+0000][6][safepoint   ] Safepoint "Cleanup", Time since last: 8000864733 ns, Reaching safepoint: 40345 ns, At safepoint: 5458 ns, Total: 45803 ns
[2022-06-09T04:13:21.393+0000][6][safepoint   ] Safepoint "Cleanup", Time since last: 5000620695 ns, Reaching safepoint: 45172 ns, At safepoint: 4955 ns, Total: 50127 ns
[2022-06-09T04:13:23.394+0000][6][safepoint   ] Safepoint "Cleanup", Time since last: 2000295923 ns, Reaching safepoint: 43857 ns, At safepoint: 4995 ns, Total: 48852 ns
[2022-06-09T04:13:33.395+0000][6][safepoint   ] Safepoint "Cleanup", Time since last: 10001181314 ns, Reaching safepoint: 47804 ns, At safepoint: 4990 ns, Total: 52794 ns
[2022-06-09T04:13:34.395+0000][6][safepoint   ] Safepoint "Cleanup", Time since last: 1000165134 ns, Reaching safepoint: 36325 ns, At safepoint: 5055 ns, Total: 41380 ns
[2022-06-09T04:13:35.395+0000][6][safepoint   ] Safepoint "Cleanup", Time since last: 1000163932 ns, Reaching safepoint: 64695 ns, At safepoint: 7744 ns, Total: 72439 ns
[2022-06-09T04:13:37.396+0000][6][safepoint   ] Safepoint "Cleanup", Time since last: 2000272206 ns, Reaching safepoint: 42448 ns, At safepoint: 4873 ns, Total: 47321 ns
[2022-06-09T04:13:41.396+0000][6][safepoint   ] Safepoint "Cleanup", Time since last: 4000485013 ns, Reaching safepoint: 43324 ns, At safepoint: 4695 ns, Total: 48019 ns
[2022-06-09T04:13:44.396+0000][6][safepoint   ] Safepoint "Cleanup", Time since last: 3000382011 ns, Reaching safepoint: 42068 ns, At safepoint: 4769 ns, Total: 46837 ns
[2022-06-09T04:13:46.397+0000][6][safepoint   ] Safepoint "Cleanup", Time since last: 2000248086 ns, Reaching safepoint: 42657 ns, At safepoint: 4777 ns, Total: 47434 ns
[2022-06-09T04:13:54.398+0000][6][safepoint   ] Safepoint "Cleanup", Time since last: 8000799053 ns, Reaching safepoint: 41073 ns, At safepoint: 4242 ns, Total: 45315 ns
[2022-06-09T04:13:55.398+0000][6][safepoint   ] Safepoint "Cleanup", Time since last: 1000132722 ns, Reaching safepoint: 41503 ns, At safepoint: 4830 ns, Total: 46333 ns
[2022-06-09T04:13:56.398+0000][6][safepoint   ] Safepoint "Cleanup", Time since last: 1000165109 ns, Reaching safepoint: 43791 ns, At safepoint: 4773 ns, Total: 48564 ns
[2022-06-09T04:14:03.399+0000][6][safepoint   ] Safepoint "Cleanup", Time since last: 7000702473 ns, Reaching safepoint: 45153 ns, At safepoint: 4875 ns, Total: 50028 ns
[2022-06-09T04:14:05.399+0000][6][safepoint   ] Safepoint "Cleanup", Time since last: 2000252628 ns, Reaching safepoint: 41126 ns, At safepoint: 4557 ns, Total: 45683 ns
[2022-06-09T04:14:07.399+0000][6][safepoint   ] Safepoint "Cleanup", Time since last: 2000243210 ns, Reaching safepoint: 59293 ns, At safepoint: 5008 ns, Total: 64301 ns
[2022-06-09T04:14:22.401+0000][6][safepoint   ] Safepoint "Cleanup", Time since last: 15001563475 ns, Reaching safepoint: 55550 ns, At safepoint: 9223 ns, Total: 64773 ns
[2022-06-09T04:14:31.402+0000][6][safepoint   ] Safepoint "Cleanup", Time since last: 9001031789 ns, Reaching safepoint: 64968 ns, At safepoint: 5339 ns, Total: 70307 ns
[2022-06-09T04:14:33.173+0000][6][gc,start    ] GC(44) Pause Young (Concurrent Start) (G1 Evacuation Pause)
[2022-06-09T04:14:33.173+0000][6][gc,task     ] GC(44) Using 1 workers of 1 for evacuation
[2022-06-09T04:14:33.173+0000][6][gc,age      ] GC(44) Desired survivor size 6291456 bytes, new threshold 15 (max threshold 15)
[2022-06-09T04:14:33.178+0000][6][gc,phases   ] GC(44)   Pre Evacuate Collection Set: 0.3ms
[2022-06-09T04:14:33.178+0000][6][gc,phases   ] GC(44)   Merge Heap Roots: 0.0ms
[2022-06-09T04:14:33.178+0000][6][gc,phases   ] GC(44)   Evacuate Collection Set: 3.7ms
[2022-06-09T04:14:33.178+0000][6][gc,phases   ] GC(44)   Post Evacuate Collection Set: 1.0ms
[2022-06-09T04:14:33.178+0000][6][gc,phases   ] GC(44)   Other: 0.1ms
[2022-06-09T04:14:33.178+0000][6][gc,age      ] GC(44) Age table with threshold 15 (max threshold 15)
[2022-06-09T04:14:33.178+0000][6][gc,age      ] GC(44) - age   1:      55496 bytes,      55496 total
[2022-06-09T04:14:33.178+0000][6][gc,age      ] GC(44) - age   2:     197216 bytes,     252712 total
[2022-06-09T04:14:33.178+0000][6][gc,age      ] GC(44) - age   3:      35136 bytes,     287848 total
[2022-06-09T04:14:33.178+0000][6][gc,age      ] GC(44) - age   4:      82688 bytes,     370536 total
[2022-06-09T04:14:33.178+0000][6][gc,age      ] GC(44) - age   5:      22360 bytes,     392896 total
[2022-06-09T04:14:33.178+0000][6][gc,age      ] GC(44) - age   6:       3288 bytes,     396184 total
[2022-06-09T04:14:33.178+0000][6][gc,age      ] GC(44) - age   7:      86080 bytes,     482264 total
[2022-06-09T04:14:33.178+0000][6][gc,age      ] GC(44) - age   8:      67072 bytes,     549336 total
[2022-06-09T04:14:33.178+0000][6][gc,heap     ] GC(44) Eden regions: 22->0(23)
[2022-06-09T04:14:33.178+0000][6][gc,heap     ] GC(44) Survivor regions: 1->1(3)
[2022-06-09T04:14:33.178+0000][6][gc,heap     ] GC(44) Old regions: 23->23
[2022-06-09T04:14:33.178+0000][6][gc,heap     ] GC(44) Archive regions: 2->2
[2022-06-09T04:14:33.178+0000][6][gc,heap     ] GC(44) Humongous regions: 2->2
[2022-06-09T04:14:33.178+0000][6][gc,metaspace] GC(44) Metaspace: 110695K(113472K)->110695K(113472K) NonClass: 95576K(97024K)->95576K(97024K) Class: 15119K(16448K)->15119K(16448K)
[2022-06-09T04:14:33.178+0000][6][gc          ] GC(44) Pause Young (Concurrent Start) (G1 Evacuation Pause) 189M->101M(256M) 5.388ms
[2022-06-09T04:14:33.178+0000][6][gc,cpu      ] GC(44) User=0.01s Sys=0.00s Real=0.01s
[2022-06-09T04:14:33.178+0000][6][safepoint   ] Safepoint "G1CollectForAllocation", Time since last: 1770386967 ns, Reaching safepoint: 156389 ns, At safepoint: 5459138 ns, Total: 5615527 ns
[2022-06-09T04:14:33.178+0000][6][gc          ] GC(45) Concurrent Mark Cycle
[2022-06-09T04:14:33.178+0000][6][gc,marking  ] GC(45) Concurrent Clear Claimed Marks
[2022-06-09T04:14:33.178+0000][6][gc,marking  ] GC(45) Concurrent Clear Claimed Marks 0.157ms
[2022-06-09T04:14:33.178+0000][6][gc,marking  ] GC(45) Concurrent Scan Root Regions
[2022-06-09T04:14:33.180+0000][6][gc,marking  ] GC(45) Concurrent Scan Root Regions 1.709ms
[2022-06-09T04:14:33.180+0000][6][gc,marking  ] GC(45) Concurrent Mark
[2022-06-09T04:14:33.180+0000][6][gc,marking  ] GC(45) Concurrent Mark From Roots
[2022-06-09T04:14:33.180+0000][6][gc,task     ] GC(45) Using 1 workers of 1 for marking
[2022-06-09T04:14:33.310+0000][6][gc,marking  ] GC(45) Concurrent Mark From Roots 129.443ms
[2022-06-09T04:14:33.310+0000][6][gc,marking  ] GC(45) Concurrent Preclean
[2022-06-09T04:14:33.310+0000][6][gc,marking  ] GC(45) Concurrent Preclean 0.442ms
[2022-06-09T04:14:33.310+0000][6][gc,start    ] GC(45) Pause Remark
[2022-06-09T04:14:33.345+0000][6][gc          ] GC(45) Pause Remark 102M->102M(256M) 34.769ms
[2022-06-09T04:14:33.345+0000][6][gc,cpu      ] GC(45) User=0.04s Sys=0.00s Real=0.03s
[2022-06-09T04:14:33.352+0000][6][safepoint   ] Safepoint "G1Concurrent", Time since last: 131937236 ns, Reaching safepoint: 26319 ns, At safepoint: 41598025 ns, Total: 41624344 ns
[2022-06-09T04:14:33.352+0000][6][gc,marking  ] GC(45) Concurrent Mark 171.656ms
[2022-06-09T04:14:33.352+0000][6][gc,marking  ] GC(45) Concurrent Rebuild Remembered Sets
[2022-06-09T04:14:33.439+0000][6][gc,marking  ] GC(45) Concurrent Rebuild Remembered Sets 87.246ms
[2022-06-09T04:14:33.439+0000][6][gc,start    ] GC(45) Pause Cleanup
[2022-06-09T04:14:33.439+0000][6][gc          ] GC(45) Pause Cleanup 102M->102M(256M) 0.055ms
[2022-06-09T04:14:33.439+0000][6][gc,cpu      ] GC(45) User=0.00s Sys=0.00s Real=0.00s
[2022-06-09T04:14:33.439+0000][6][safepoint   ] Safepoint "G1Concurrent", Time since last: 87387829 ns, Reaching safepoint: 28184 ns, At safepoint: 94958 ns, Total: 123142 ns
[2022-06-09T04:14:33.439+0000][6][gc,marking  ] GC(45) Concurrent Cleanup for Next Mark
[2022-06-09T04:14:33.440+0000][6][gc,marking  ] GC(45) Concurrent Cleanup for Next Mark 0.664ms
[2022-06-09T04:14:33.440+0000][6][gc          ] GC(45) Concurrent Mark Cycle 261.720ms
[2022-06-09T04:14:49.441+0000][6][safepoint   ] Safepoint "Cleanup", Time since last: 16001771512 ns, Reaching safepoint: 39886 ns, At safepoint: 4576 ns, Total: 44462 ns
[2022-06-09T04:14:52.441+0000][6][safepoint   ] Safepoint "Cleanup", Time since last: 3000380570 ns, Reaching safepoint: 38365 ns, At safepoint: 4989 ns, Total: 43354 ns
[2022-06-09T04:15:01.442+0000][6][safepoint   ] Safepoint "Cleanup", Time since last: 9001019489 ns, Reaching safepoint: 42304 ns, At safepoint: 4940 ns, Total: 47244 ns
[2022-06-09T04:15:03.444+0000][6][safepoint   ] Safepoint "Cleanup", Time since last: 2001722774 ns, Reaching safepoint: 36847 ns, At safepoint: 5418 ns, Total: 42265 ns
[2022-06-09T04:15:08.445+0000][6][safepoint   ] Safepoint "Cleanup", Time since last: 5000631511 ns, Reaching safepoint: 42340 ns, At safepoint: 5400 ns, Total: 47740 ns
[2022-06-09T04:15:10.445+0000][6][safepoint   ] Safepoint "Cleanup", Time since last: 2000232474 ns, Reaching safepoint: 53426 ns, At safepoint: 5127 ns, Total: 58553 ns
[2022-06-09T04:15:18.446+0000][6][safepoint   ] Safepoint "Cleanup", Time since last: 8000879803 ns, Reaching safepoint: 42885 ns, At safepoint: 4687 ns, Total: 47572 ns
[2022-06-09T04:15:22.447+0000][6][safepoint   ] Safepoint "Cleanup", Time since last: 4000513384 ns, Reaching safepoint: 34279 ns, At safepoint: 4141 ns, Total: 38420 ns
[2022-06-09T04:15:24.447+0000][6][safepoint   ] Safepoint "Cleanup", Time since last: 2000207137 ns, Reaching safepoint: 43440 ns, At safepoint: 6280 ns, Total: 49720 ns
[2022-06-09T04:15:25.447+0000][6][safepoint   ] Safepoint "Cleanup", Time since last: 1000152091 ns, Reaching safepoint: 45052 ns, At safepoint: 5235 ns, Total: 50287 ns
[2022-06-09T04:15:30.448+0000][6][safepoint   ] Safepoint "Cleanup", Time since last: 5000539044 ns, Reaching safepoint: 68016 ns, At safepoint: 5463 ns, Total: 73479 ns
[2022-06-09T04:15:31.448+0000][6][safepoint   ] Safepoint "Cleanup", Time since last: 1000180660 ns, Reaching safepoint: 50049 ns, At safepoint: 5222 ns, Total: 55271 ns
[2022-06-09T04:15:34.449+0000][6][safepoint   ] Safepoint "Cleanup", Time since last: 3000516218 ns, Reaching safepoint: 45650 ns, At safepoint: 5327 ns, Total: 50977 ns
[2022-06-09T04:15:37.449+0000][6][safepoint   ] Safepoint "Cleanup", Time since last: 3000337693 ns, Reaching safepoint: 46127 ns, At safepoint: 5048 ns, Total: 51175 ns
[2022-06-09T04:15:40.449+0000][6][safepoint   ] Safepoint "Cleanup", Time since last: 3000326010 ns, Reaching safepoint: 38503 ns, At safepoint: 4665 ns, Total: 43168 ns
[2022-06-09T04:15:53.451+0000][6][safepoint   ] Safepoint "Cleanup", Time since last: 13001400974 ns, Reaching safepoint: 34920 ns, At safepoint: 4393 ns, Total: 39313 ns
[2022-06-09T04:16:06.452+0000][6][safepoint   ] Safepoint "Cleanup", Time since last: 13001368705 ns, Reaching safepoint: 39611 ns, At safepoint: 4863 ns, Total: 44474 ns
[2022-06-09T04:16:07.452+0000][6][safepoint   ] Safepoint "Cleanup", Time since last: 1000124245 ns, Reaching safepoint: 37580 ns, At safepoint: 4476 ns, Total: 42056 ns
[2022-06-09T04:16:08.453+0000][6][safepoint   ] Safepoint "Cleanup", Time since last: 1000142299 ns, Reaching safepoint: 37089 ns, At safepoint: 5418 ns, Total: 42507 ns
[2022-06-09T04:16:31.455+0000][6][safepoint   ] Safepoint "Cleanup", Time since last: 23002443460 ns, Reaching safepoint: 40954 ns, At safepoint: 4580 ns, Total: 45534 ns
[2022-06-09T04:16:33.455+0000][6][safepoint   ] Safepoint "Cleanup", Time since last: 2000271854 ns, Reaching safepoint: 43865 ns, At safepoint: 4992 ns, Total: 48857 ns
[2022-06-09T04:16:37.456+0000][6][safepoint   ] Safepoint "Cleanup", Time since last: 4000474682 ns, Reaching safepoint: 43321 ns, At safepoint: 5253 ns, Total: 48574 ns
[2022-06-09T04:16:42.457+0000][6][safepoint   ] Safepoint "Cleanup", Time since last: 5000708213 ns, Reaching safepoint: 43109 ns, At safepoint: 4917 ns, Total: 48026 ns
[2022-06-09T04:16:51.458+0000][6][safepoint   ] Safepoint "Cleanup", Time since last: 9000964749 ns, Reaching safepoint: 40404 ns, At safepoint: 4742 ns, Total: 45146 ns
[2022-06-09T04:16:52.458+0000][6][safepoint   ] Safepoint "Cleanup", Time since last: 1000134215 ns, Reaching safepoint: 39801 ns, At safepoint: 4565 ns, Total: 44366 ns
[2022-06-09T04:17:03.459+0000][6][safepoint   ] Safepoint "Cleanup", Time since last: 11001190323 ns, Reaching safepoint: 45212 ns, At safepoint: 4921 ns, Total: 50133 ns
[2022-06-09T04:17:07.460+0000][6][safepoint   ] Safepoint "Cleanup", Time since last: 4000448011 ns, Reaching safepoint: 43097 ns, At safepoint: 4595 ns, Total: 47692 ns
[2022-06-09T04:17:11.460+0000][6][safepoint   ] Safepoint "Cleanup", Time since last: 4000539001 ns, Reaching safepoint: 67246 ns, At safepoint: 41057 ns, Total: 108303 ns
[2022-06-09T04:17:16.461+0000][6][safepoint   ] Safepoint "Cleanup", Time since last: 5000644966 ns, Reaching safepoint: 41552 ns, At safepoint: 4722 ns, Total: 46274 ns
[2022-06-09T04:17:24.462+0000][6][safepoint   ] Safepoint "Cleanup", Time since last: 8000816085 ns, Reaching safepoint: 41962 ns, At safepoint: 4968 ns, Total: 46930 ns
[2022-06-09T04:17:31.463+0000][6][safepoint   ] Safepoint "Cleanup", Time since last: 7000828751 ns, Reaching safepoint: 43285 ns, At safepoint: 4745 ns, Total: 48030 ns
[2022-06-09T04:17:33.464+0000][6][safepoint   ] Safepoint "Cleanup", Time since last: 2001815203 ns, Reaching safepoint: 45436 ns, At safepoint: 5020 ns, Total: 50456 ns
[2022-06-09T04:17:36.465+0000][6][safepoint   ] Safepoint "Cleanup", Time since last: 3000328675 ns, Reaching safepoint: 40482 ns, At safepoint: 5347 ns, Total: 45829 ns
[2022-06-09T04:17:48.466+0000][6][safepoint   ] Safepoint "Cleanup", Time since last: 12001478551 ns, Reaching safepoint: 42830 ns, At safepoint: 4878 ns, Total: 47708 ns
[2022-06-09T04:17:56.467+0000][6][safepoint   ] Safepoint "Cleanup", Time since last: 8000887632 ns, Reaching safepoint: 41013 ns, At safepoint: 5077 ns, Total: 46090 ns
[2022-06-09T04:18:03.468+0000][6][safepoint   ] Safepoint "Cleanup", Time since last: 7000798982 ns, Reaching safepoint: 44090 ns, At safepoint: 4818 ns, Total: 48908 ns
[2022-06-09T04:18:07.469+0000][6][safepoint   ] Safepoint "Cleanup", Time since last: 4000488660 ns, Reaching safepoint: 44411 ns, At safepoint: 4689 ns, Total: 49100 ns
[2022-06-09T04:18:12.469+0000][6][safepoint   ] Safepoint "Cleanup", Time since last: 5000581017 ns, Reaching safepoint: 41439 ns, At safepoint: 27057 ns, Total: 68496 ns
[2022-06-09T04:18:22.471+0000][6][safepoint   ] Safepoint "Cleanup", Time since last: 10001252449 ns, Reaching safepoint: 39793 ns, At safepoint: 5001 ns, Total: 44794 ns
[2022-06-09T04:18:23.471+0000][6][safepoint   ] Safepoint "Cleanup", Time since last: 1000194021 ns, Reaching safepoint: 43042 ns, At safepoint: 4560 ns, Total: 47602 ns
[2022-06-09T04:18:24.471+0000][6][safepoint   ] Safepoint "Cleanup", Time since last: 1000177611 ns, Reaching safepoint: 43583 ns, At safepoint: 4597 ns, Total: 48180 ns
[2022-06-09T04:18:28.472+0000][6][safepoint   ] Safepoint "Cleanup", Time since last: 4000604833 ns, Reaching safepoint: 41801 ns, At safepoint: 4916 ns, Total: 46717 ns
[2022-06-09T04:18:33.473+0000][6][safepoint   ] Safepoint "Cleanup", Time since last: 5000652971 ns, Reaching safepoint: 61933 ns, At safepoint: 9430 ns, Total: 71363 ns
[2022-06-09T04:18:39.473+0000][6][safepoint   ] Safepoint "Cleanup", Time since last: 6000742382 ns, Reaching safepoint: 61010 ns, At safepoint: 9123 ns, Total: 70133 ns
[2022-06-09T04:18:41.474+0000][6][safepoint   ] Safepoint "Cleanup", Time since last: 2000347872 ns, Reaching safepoint: 44146 ns, At safepoint: 4743 ns, Total: 48889 ns
[2022-06-09T04:18:44.475+0000][6][safepoint   ] Safepoint "Cleanup", Time since last: 3001584678 ns, Reaching safepoint: 78336 ns, At safepoint: 4884 ns, Total: 83220 ns
[2022-06-09T04:18:46.079+0000][6][gc,start    ] GC(46) Pause Young (Prepare Mixed) (G1 Evacuation Pause)
[2022-06-09T04:18:46.079+0000][6][gc,task     ] GC(46) Using 1 workers of 1 for evacuation
[2022-06-09T04:18:46.079+0000][6][gc,age      ] GC(46) Desired survivor size 6291456 bytes, new threshold 15 (max threshold 15)
[2022-06-09T04:18:46.084+0000][6][gc,phases   ] GC(46)   Pre Evacuate Collection Set: 0.0ms
[2022-06-09T04:18:46.084+0000][6][gc,phases   ] GC(46)   Merge Heap Roots: 0.1ms
[2022-06-09T04:18:46.084+0000][6][gc,phases   ] GC(46)   Evacuate Collection Set: 4.4ms
[2022-06-09T04:18:46.084+0000][6][gc,phases   ] GC(46)   Post Evacuate Collection Set: 1.0ms
[2022-06-09T04:18:46.084+0000][6][gc,phases   ] GC(46)   Other: 0.1ms
[2022-06-09T04:18:46.084+0000][6][gc,age      ] GC(46) Age table with threshold 15 (max threshold 15)
[2022-06-09T04:18:46.084+0000][6][gc,age      ] GC(46) - age   1:      82856 bytes,      82856 total
[2022-06-09T04:18:46.084+0000][6][gc,age      ] GC(46) - age   2:      34560 bytes,     117416 total
[2022-06-09T04:18:46.084+0000][6][gc,age      ] GC(46) - age   3:     107304 bytes,     224720 total
[2022-06-09T04:18:46.084+0000][6][gc,age      ] GC(46) - age   4:      32760 bytes,     257480 total
[2022-06-09T04:18:46.084+0000][6][gc,age      ] GC(46) - age   5:      60584 bytes,     318064 total
[2022-06-09T04:18:46.084+0000][6][gc,age      ] GC(46) - age   6:      22360 bytes,     340424 total
[2022-06-09T04:18:46.084+0000][6][gc,age      ] GC(46) - age   7:       1736 bytes,     342160 total
[2022-06-09T04:18:46.084+0000][6][gc,age      ] GC(46) - age   8:      82208 bytes,     424368 total
[2022-06-09T04:18:46.084+0000][6][gc,age      ] GC(46) - age   9:      48152 bytes,     472520 total
[2022-06-09T04:18:46.084+0000][6][gc,heap     ] GC(46) Eden regions: 23->0(2)
[2022-06-09T04:18:46.084+0000][6][gc,heap     ] GC(46) Survivor regions: 1->1(3)
[2022-06-09T04:18:46.084+0000][6][gc,heap     ] GC(46) Old regions: 23->23
[2022-06-09T04:18:46.084+0000][6][gc,heap     ] GC(46) Archive regions: 2->2
[2022-06-09T04:18:46.084+0000][6][gc,heap     ] GC(46) Humongous regions: 2->2
[2022-06-09T04:18:46.084+0000][6][gc,metaspace] GC(46) Metaspace: 108731K(113472K)->108731K(113472K) NonClass: 94080K(97024K)->94080K(97024K) Class: 14650K(16448K)->14650K(16448K)
[2022-06-09T04:18:46.084+0000][6][gc          ] GC(46) Pause Young (Prepare Mixed) (G1 Evacuation Pause) 193M->101M(256M) 5.807ms
[2022-06-09T04:18:46.084+0000][6][gc,cpu      ] GC(46) User=0.01s Sys=0.00s Real=0.00s
[2022-06-09T04:18:46.084+0000][6][safepoint   ] Safepoint "G1CollectForAllocation", Time since last: 1603141592 ns, Reaching safepoint: 26119 ns, At safepoint: 5863432 ns, Total: 5889551 ns
[2022-06-09T04:18:57.086+0000][6][safepoint   ] Safepoint "Cleanup", Time since last: 11001262136 ns, Reaching safepoint: 38350 ns, At safepoint: 4564 ns, Total: 42914 ns
[2022-06-09T04:18:59.086+0000][6][safepoint   ] Safepoint "Cleanup", Time since last: 2000252794 ns, Reaching safepoint: 38266 ns, At safepoint: 4493 ns, Total: 42759 ns
[2022-06-09T04:19:00.086+0000][6][safepoint   ] Safepoint "Cleanup", Time since last: 1000172213 ns, Reaching safepoint: 44583 ns, At safepoint: 4855 ns, Total: 49438 ns
[2022-06-09T04:19:04.087+0000][6][safepoint   ] Safepoint "Cleanup", Time since last: 4000420244 ns, Reaching safepoint: 41220 ns, At safepoint: 5197 ns, Total: 46417 ns
[2022-06-09T04:19:06.100+0000][6][gc,start    ] GC(47) Pause Young (Mixed) (G1 Evacuation Pause)
[2022-06-09T04:19:06.100+0000][6][gc,task     ] GC(47) Using 1 workers of 1 for evacuation
[2022-06-09T04:19:06.100+0000][6][gc,age      ] GC(47) Desired survivor size 2097152 bytes, new threshold 15 (max threshold 15)
[2022-06-09T04:19:06.105+0000][6][gc,phases   ] GC(47)   Pre Evacuate Collection Set: 0.0ms
[2022-06-09T04:19:06.105+0000][6][gc,phases   ] GC(47)   Merge Heap Roots: 0.1ms
[2022-06-09T04:19:06.105+0000][6][gc,phases   ] GC(47)   Evacuate Collection Set: 4.0ms
[2022-06-09T04:19:06.105+0000][6][gc,phases   ] GC(47)   Post Evacuate Collection Set: 0.9ms
[2022-06-09T04:19:06.105+0000][6][gc,phases   ] GC(47)   Other: 0.1ms
[2022-06-09T04:19:06.105+0000][6][gc,age      ] GC(47) Age table with threshold 15 (max threshold 15)
[2022-06-09T04:19:06.105+0000][6][gc,age      ] GC(47) - age   1:      12256 bytes,      12256 total
[2022-06-09T04:19:06.105+0000][6][gc,age      ] GC(47) - age   2:      67544 bytes,      79800 total
[2022-06-09T04:19:06.105+0000][6][gc,age      ] GC(47) - age   3:      34560 bytes,     114360 total
[2022-06-09T04:19:06.105+0000][6][gc,age      ] GC(47) - age   4:     107304 bytes,     221664 total
[2022-06-09T04:19:06.105+0000][6][gc,age      ] GC(47) - age   5:      32760 bytes,     254424 total
[2022-06-09T04:19:06.105+0000][6][gc,age      ] GC(47) - age   6:      60584 bytes,     315008 total
[2022-06-09T04:19:06.105+0000][6][gc,age      ] GC(47) - age   7:      22360 bytes,     337368 total
[2022-06-09T04:19:06.105+0000][6][gc,age      ] GC(47) - age   8:       1736 bytes,     339104 total
[2022-06-09T04:19:06.105+0000][6][gc,age      ] GC(47) - age   9:      82208 bytes,     421312 total
[2022-06-09T04:19:06.105+0000][6][gc,age      ] GC(47) - age  10:      48152 bytes,     469464 total
[2022-06-09T04:19:06.105+0000][6][gc,heap     ] GC(47) Eden regions: 2->0(24)
[2022-06-09T04:19:06.105+0000][6][gc,heap     ] GC(47) Survivor regions: 1->1(1)
[2022-06-09T04:19:06.105+0000][6][gc,heap     ] GC(47) Old regions: 23->22
[2022-06-09T04:19:06.105+0000][6][gc,heap     ] GC(47) Archive regions: 2->2
[2022-06-09T04:19:06.105+0000][6][gc,heap     ] GC(47) Humongous regions: 2->2
[2022-06-09T04:19:06.105+0000][6][gc,metaspace] GC(47) Metaspace: 108732K(113472K)->108732K(113472K) NonClass: 94081K(97024K)->94081K(97024K) Class: 14650K(16448K)->14650K(16448K)
[2022-06-09T04:19:06.105+0000][6][gc          ] GC(47) Pause Young (Mixed) (G1 Evacuation Pause) 109M->97M(256M) 5.312ms
[2022-06-09T04:19:06.105+0000][6][gc,cpu      ] GC(47) User=0.01s Sys=0.00s Real=0.00s
[2022-06-09T04:19:06.105+0000][6][safepoint   ] Safepoint "G1CollectForAllocation", Time since last: 2013354994 ns, Reaching safepoint: 28260 ns, At safepoint: 5374126 ns, Total: 5402386 ns
[2022-06-09T04:19:27.108+0000][6][safepoint   ] Safepoint "Cleanup", Time since last: 21002339656 ns, Reaching safepoint: 40319 ns, At safepoint: 4820 ns, Total: 45139 ns
[2022-06-09T04:19:30.108+0000][6][safepoint   ] Safepoint "Cleanup", Time since last: 3000399035 ns, Reaching safepoint: 41597 ns, At safepoint: 4923 ns, Total: 46520 ns
[2022-06-09T04:19:34.109+0000][6][safepoint   ] Safepoint "Cleanup", Time since last: 4000595839 ns, Reaching safepoint: 58813 ns, At safepoint: 4535 ns, Total: 63348 ns
[2022-06-09T04:19:51.111+0000][6][safepoint   ] Safepoint "Cleanup", Time since last: 17001718885 ns, Reaching safepoint: 35997 ns, At safepoint: 4814 ns, Total: 40811 ns
[2022-06-09T04:20:04.112+0000][6][safepoint   ] Safepoint "Cleanup", Time since last: 13001697893 ns, Reaching safepoint: 44854 ns, At safepoint: 4730 ns, Total: 49584 ns
[2022-06-09T04:20:05.113+0000][6][safepoint   ] Safepoint "Cleanup", Time since last: 1000540817 ns, Reaching safepoint: 49799 ns, At safepoint: 4628 ns, Total: 54427 ns
[2022-06-09T04:20:08.113+0000][6][safepoint   ] Safepoint "Cleanup", Time since last: 3000358063 ns, Reaching safepoint: 46660 ns, At safepoint: 4980 ns, Total: 51640 ns
[2022-06-09T04:20:18.115+0000][6][safepoint   ] Safepoint "Cleanup", Time since last: 10001222092 ns, Reaching safepoint: 42778 ns, At safepoint: 4782 ns, Total: 47560 ns
[2022-06-09T04:20:19.115+0000][6][safepoint   ] Safepoint "Cleanup", Time since last: 1000132270 ns, Reaching safepoint: 41997 ns, At safepoint: 4905 ns, Total: 46902 ns
[2022-06-09T04:20:20.115+0000][6][safepoint   ] Safepoint "Cleanup", Time since last: 1000144582 ns, Reaching safepoint: 41923 ns, At safepoint: 5155 ns, Total: 47078 ns
[2022-06-09T04:20:21.115+0000][6][safepoint   ] Safepoint "Cleanup", Time since last: 1000159492 ns, Reaching safepoint: 42111 ns, At safepoint: 4588 ns, Total: 46699 ns
[2022-06-09T04:20:22.115+0000][6][safepoint   ] Safepoint "Cleanup", Time since last: 1000144393 ns, Reaching safepoint: 40555 ns, At safepoint: 5195 ns, Total: 45750 ns
[2022-06-09T04:20:27.116+0000][6][safepoint   ] Safepoint "Cleanup", Time since last: 5000644282 ns, Reaching safepoint: 62906 ns, At safepoint: 8904 ns, Total: 71810 ns
[2022-06-09T04:20:34.117+0000][6][safepoint   ] Safepoint "Cleanup", Time since last: 7000789050 ns, Reaching safepoint: 45762 ns, At safepoint: 5048 ns, Total: 50810 ns
[2022-06-09T04:20:44.118+0000][6][safepoint   ] Safepoint "Cleanup", Time since last: 10001288320 ns, Reaching safepoint: 52098 ns, At safepoint: 4742 ns, Total: 56840 ns
[2022-06-09T04:20:48.119+0000][6][safepoint   ] Safepoint "Cleanup", Time since last: 4000518129 ns, Reaching safepoint: 41278 ns, At safepoint: 5240 ns, Total: 46518 ns
[2022-06-09T04:20:51.119+0000][6][safepoint   ] Safepoint "Cleanup", Time since last: 3000387226 ns, Reaching safepoint: 41945 ns, At safepoint: 5290 ns, Total: 47235 ns
[2022-06-09T04:20:53.120+0000][6][safepoint   ] Safepoint "Cleanup", Time since last: 2000291593 ns, Reaching safepoint: 40198 ns, At safepoint: 5083 ns, Total: 45281 ns
[2022-06-09T04:20:54.120+0000][6][safepoint   ] Safepoint "Cleanup", Time since last: 1000133873 ns, Reaching safepoint: 46778 ns, At safepoint: 4908 ns, Total: 51686 ns
[2022-06-09T04:21:04.121+0000][6][safepoint   ] Safepoint "Cleanup", Time since last: 10001046403 ns, Reaching safepoint: 41569 ns, At safepoint: 4930 ns, Total: 46499 ns
[2022-06-09T04:21:08.123+0000][6][safepoint   ] Safepoint "Cleanup", Time since last: 4001459012 ns, Reaching safepoint: 40152 ns, At safepoint: 4875 ns, Total: 45027 ns
[2022-06-09T04:21:20.124+0000][6][safepoint   ] Safepoint "Cleanup", Time since last: 12001430143 ns, Reaching safepoint: 42075 ns, At safepoint: 4961 ns, Total: 47036 ns
[2022-06-09T04:21:34.126+0000][6][safepoint   ] Safepoint "Cleanup", Time since last: 14001709768 ns, Reaching safepoint: 50339 ns, At safepoint: 4622 ns, Total: 54961 ns
[2022-06-09T04:21:38.127+0000][6][safepoint   ] Safepoint "Cleanup", Time since last: 4001585839 ns, Reaching safepoint: 39179 ns, At safepoint: 4518 ns, Total: 43697 ns
[2022-06-09T04:21:43.128+0000][6][safepoint   ] Safepoint "Cleanup", Time since last: 5000551967 ns, Reaching safepoint: 66025 ns, At safepoint: 4561 ns, Total: 70586 ns
[2022-06-09T04:21:57.130+0000][6][safepoint   ] Safepoint "Cleanup", Time since last: 14001619768 ns, Reaching safepoint: 60914 ns, At safepoint: 9757 ns, Total: 70671 ns
[2022-06-09T04:22:04.131+0000][6][safepoint   ] Safepoint "Cleanup", Time since last: 7000822517 ns, Reaching safepoint: 44708 ns, At safepoint: 4993 ns, Total: 49701 ns
[2022-06-09T04:22:08.131+0000][6][safepoint   ] Safepoint "Cleanup", Time since last: 4000526982 ns, Reaching safepoint: 40750 ns, At safepoint: 4696 ns, Total: 45446 ns
[2022-06-09T04:22:13.132+0000][6][safepoint   ] Safepoint "Cleanup", Time since last: 5000719768 ns, Reaching safepoint: 42325 ns, At safepoint: 4553 ns, Total: 46878 ns
[2022-06-09T04:22:30.134+0000][6][safepoint   ] Safepoint "Cleanup", Time since last: 17001843517 ns, Reaching safepoint: 54775 ns, At safepoint: 4670 ns, Total: 59445 ns
[2022-06-09T04:22:33.134+0000][6][safepoint   ] Safepoint "Cleanup", Time since last: 3000359546 ns, Reaching safepoint: 41858 ns, At safepoint: 4872 ns, Total: 46730 ns
[2022-06-09T04:22:38.136+0000][6][safepoint   ] Safepoint "Cleanup", Time since last: 5002134850 ns, Reaching safepoint: 42883 ns, At safepoint: 4916 ns, Total: 47799 ns
[2022-06-09T04:22:44.137+0000][6][safepoint   ] Safepoint "Cleanup", Time since last: 6000683963 ns, Reaching safepoint: 39120 ns, At safepoint: 4894 ns, Total: 44014 ns
[2022-06-09T04:22:50.138+0000][6][safepoint   ] Safepoint "Cleanup", Time since last: 6000783248 ns, Reaching safepoint: 44142 ns, At safepoint: 5073 ns, Total: 49215 ns
[2022-06-09T04:22:52.138+0000][6][safepoint   ] Safepoint "Cleanup", Time since last: 2000265110 ns, Reaching safepoint: 44589 ns, At safepoint: 4539 ns, Total: 49128 ns
[2022-06-09T04:22:53.138+0000][6][safepoint   ] Safepoint "Cleanup", Time since last: 1000153989 ns, Reaching safepoint: 49797 ns, At safepoint: 4493 ns, Total: 54290 ns
[2022-06-09T04:22:54.139+0000][6][safepoint   ] Safepoint "Cleanup", Time since last: 1000158971 ns, Reaching safepoint: 41232 ns, At safepoint: 5155 ns, Total: 46387 ns
[2022-06-09T04:23:08.140+0000][6][safepoint   ] Safepoint "Cleanup", Time since last: 14001603522 ns, Reaching safepoint: 45383 ns, At safepoint: 4755 ns, Total: 50138 ns
[2022-06-09T04:23:21.142+0000][6][safepoint   ] Safepoint "Cleanup", Time since last: 13001464243 ns, Reaching safepoint: 40452 ns, At safepoint: 26086 ns, Total: 66538 ns
[2022-06-09T04:23:31.355+0000][6][gc,start    ] GC(48) Pause Young (Concurrent Start) (G1 Evacuation Pause)
[2022-06-09T04:23:31.355+0000][6][gc,task     ] GC(48) Using 1 workers of 1 for evacuation
[2022-06-09T04:23:31.355+0000][6][gc,age      ] GC(48) Desired survivor size 8388608 bytes, new threshold 15 (max threshold 15)
[2022-06-09T04:23:31.360+0000][6][gc,phases   ] GC(48)   Pre Evacuate Collection Set: 0.2ms
[2022-06-09T04:23:31.360+0000][6][gc,phases   ] GC(48)   Merge Heap Roots: 0.0ms
[2022-06-09T04:23:31.360+0000][6][gc,phases   ] GC(48)   Evacuate Collection Set: 4.0ms
[2022-06-09T04:23:31.360+0000][6][gc,phases   ] GC(48)   Post Evacuate Collection Set: 1.0ms
[2022-06-09T04:23:31.360+0000][6][gc,phases   ] GC(48)   Other: 0.1ms
[2022-06-09T04:23:31.360+0000][6][gc,age      ] GC(48) Age table with threshold 15 (max threshold 15)
[2022-06-09T04:23:31.360+0000][6][gc,age      ] GC(48) - age   1:     115392 bytes,     115392 total
[2022-06-09T04:23:31.360+0000][6][gc,age      ] GC(48) - age   3:      65496 bytes,     180888 total
[2022-06-09T04:23:31.360+0000][6][gc,age      ] GC(48) - age   4:      33600 bytes,     214488 total
[2022-06-09T04:23:31.360+0000][6][gc,age      ] GC(48) - age   5:     106912 bytes,     321400 total
[2022-06-09T04:23:31.360+0000][6][gc,age      ] GC(48) - age   6:      32760 bytes,     354160 total
[2022-06-09T04:23:31.360+0000][6][gc,age      ] GC(48) - age   7:      60192 bytes,     414352 total
[2022-06-09T04:23:31.360+0000][6][gc,age      ] GC(48) - age   8:      22360 bytes,     436712 total
[2022-06-09T04:23:31.360+0000][6][gc,age      ] GC(48) - age   9:       1736 bytes,     438448 total
[2022-06-09T04:23:31.360+0000][6][gc,age      ] GC(48) - age  10:      82208 bytes,     520656 total
[2022-06-09T04:23:31.360+0000][6][gc,age      ] GC(48) - age  11:      48152 bytes,     568808 total
[2022-06-09T04:23:31.360+0000][6][gc,heap     ] GC(48) Eden regions: 24->0(25)
[2022-06-09T04:23:31.360+0000][6][gc,heap     ] GC(48) Survivor regions: 1->1(4)
[2022-06-09T04:23:31.360+0000][6][gc,heap     ] GC(48) Old regions: 22->22
[2022-06-09T04:23:31.360+0000][6][gc,heap     ] GC(48) Archive regions: 2->2
[2022-06-09T04:23:31.360+0000][6][gc,heap     ] GC(48) Humongous regions: 2->2
[2022-06-09T04:23:31.360+0000][6][gc,metaspace] GC(48) Metaspace: 108875K(113472K)->108875K(113472K) NonClass: 94199K(97024K)->94199K(97024K) Class: 14676K(16448K)->14676K(16448K)
[2022-06-09T04:23:31.360+0000][6][gc          ] GC(48) Pause Young (Concurrent Start) (G1 Evacuation Pause) 193M->97M(256M) 5.551ms
[2022-06-09T04:23:31.360+0000][6][gc,cpu      ] GC(48) User=0.00s Sys=0.00s Real=0.00s
[2022-06-09T04:23:31.360+0000][6][safepoint   ] Safepoint "G1CollectForAllocation", Time since last: 10212827604 ns, Reaching safepoint: 27411 ns, At safepoint: 5619267 ns, Total: 5646678 ns
[2022-06-09T04:23:31.360+0000][6][gc          ] GC(49) Concurrent Mark Cycle
[2022-06-09T04:23:31.360+0000][6][gc,marking  ] GC(49) Concurrent Clear Claimed Marks
[2022-06-09T04:23:31.360+0000][6][gc,marking  ] GC(49) Concurrent Clear Claimed Marks 0.042ms
[2022-06-09T04:23:31.360+0000][6][gc,marking  ] GC(49) Concurrent Scan Root Regions
[2022-06-09T04:23:31.363+0000][6][gc,marking  ] GC(49) Concurrent Scan Root Regions 2.357ms
[2022-06-09T04:23:31.363+0000][6][gc,marking  ] GC(49) Concurrent Mark
[2022-06-09T04:23:31.363+0000][6][gc,marking  ] GC(49) Concurrent Mark From Roots
[2022-06-09T04:23:31.363+0000][6][gc,task     ] GC(49) Using 1 workers of 1 for marking
[2022-06-09T04:23:31.482+0000][6][gc,marking  ] GC(49) Concurrent Mark From Roots 119.032ms
[2022-06-09T04:23:31.482+0000][6][gc,marking  ] GC(49) Concurrent Preclean
[2022-06-09T04:23:31.482+0000][6][gc,marking  ] GC(49) Concurrent Preclean 0.116ms
[2022-06-09T04:23:31.482+0000][6][gc,start    ] GC(49) Pause Remark
[2022-06-09T04:23:31.496+0000][6][gc          ] GC(49) Pause Remark 98M->98M(256M) 14.283ms
[2022-06-09T04:23:31.496+0000][6][gc,cpu      ] GC(49) User=0.01s Sys=0.00s Real=0.02s
[2022-06-09T04:23:31.496+0000][6][safepoint   ] Safepoint "G1Concurrent", Time since last: 121727016 ns, Reaching safepoint: 26083 ns, At safepoint: 14361451 ns, Total: 14387534 ns
[2022-06-09T04:23:31.496+0000][6][gc,marking  ] GC(49) Concurrent Mark 133.656ms
[2022-06-09T04:23:31.496+0000][6][gc,marking  ] GC(49) Concurrent Rebuild Remembered Sets
[2022-06-09T04:23:31.562+0000][6][gc,marking  ] GC(49) Concurrent Rebuild Remembered Sets 65.064ms
[2022-06-09T04:23:31.562+0000][6][gc,start    ] GC(49) Pause Cleanup
[2022-06-09T04:23:31.562+0000][6][gc          ] GC(49) Pause Cleanup 98M->98M(256M) 0.056ms
[2022-06-09T04:23:31.562+0000][6][gc,cpu      ] GC(49) User=0.00s Sys=0.00s Real=0.00s
[2022-06-09T04:23:31.562+0000][6][safepoint   ] Safepoint "G1Concurrent", Time since last: 65175426 ns, Reaching safepoint: 22927 ns, At safepoint: 93684 ns, Total: 116611 ns
[2022-06-09T04:23:31.562+0000][6][gc,marking  ] GC(49) Concurrent Cleanup for Next Mark
[2022-06-09T04:23:31.562+0000][6][gc,marking  ] GC(49) Concurrent Cleanup for Next Mark 0.692ms
[2022-06-09T04:23:31.563+0000][6][gc          ] GC(49) Concurrent Mark Cycle 202.124ms
[2022-06-09T04:23:33.562+0000][6][safepoint   ] Safepoint "Cleanup", Time since last: 2000191146 ns, Reaching safepoint: 45296 ns, At safepoint: 4575 ns, Total: 49871 ns
[2022-06-09T04:23:37.563+0000][6][safepoint   ] Safepoint "Cleanup", Time since last: 4000498431 ns, Reaching safepoint: 55432 ns, At safepoint: 4670 ns, Total: 60102 ns
[2022-06-09T04:23:50.564+0000][6][safepoint   ] Safepoint "Cleanup", Time since last: 13001428180 ns, Reaching safepoint: 60373 ns, At safepoint: 7595 ns, Total: 67968 ns
[2022-06-09T04:24:03.566+0000][6][safepoint   ] Safepoint "Cleanup", Time since last: 13001596751 ns, Reaching safepoint: 44539 ns, At safepoint: 4747 ns, Total: 49286 ns
[2022-06-09T04:24:13.567+0000][6][safepoint   ] Safepoint "Cleanup", Time since last: 10001228983 ns, Reaching safepoint: 39515 ns, At safepoint: 4618 ns, Total: 44133 ns
[2022-06-09T04:24:37.570+0000][6][safepoint   ] Safepoint "Cleanup", Time since last: 24002689120 ns, Reaching safepoint: 43227 ns, At safepoint: 4839 ns, Total: 48066 ns
[2022-06-09T04:24:40.570+0000][6][safepoint   ] Safepoint "Cleanup", Time since last: 3000382641 ns, Reaching safepoint: 40139 ns, At safepoint: 4709 ns, Total: 44848 ns
[2022-06-09T04:24:48.571+0000][6][safepoint   ] Safepoint "Cleanup", Time since last: 8000854628 ns, Reaching safepoint: 43435 ns, At safepoint: 4578 ns, Total: 48013 ns
[2022-06-09T04:24:49.571+0000][6][safepoint   ] Safepoint "Cleanup", Time since last: 1000153047 ns, Reaching safepoint: 39354 ns, At safepoint: 4828 ns, Total: 44182 ns
[2022-06-09T04:25:03.573+0000][6][safepoint   ] Safepoint "Cleanup", Time since last: 14001515032 ns, Reaching safepoint: 43797 ns, At safepoint: 4690 ns, Total: 48487 ns
[2022-06-09T04:25:04.573+0000][6][safepoint   ] Safepoint "Cleanup", Time since last: 1000149553 ns, Reaching safepoint: 38753 ns, At safepoint: 4892 ns, Total: 43645 ns
[2022-06-09T04:25:28.576+0000][6][safepoint   ] Safepoint "Cleanup", Time since last: 24002603330 ns, Reaching safepoint: 40201 ns, At safepoint: 5044 ns, Total: 45245 ns
[2022-06-09T04:25:37.577+0000][6][safepoint   ] Safepoint "Cleanup", Time since last: 9000988356 ns, Reaching safepoint: 38395 ns, At safepoint: 4658 ns, Total: 43053 ns
[2022-06-09T04:26:07.580+0000][6][safepoint   ] Safepoint "Cleanup", Time since last: 30003405478 ns, Reaching safepoint: 41272 ns, At safepoint: 4863 ns, Total: 46135 ns
[2022-06-09T04:26:35.583+0000][6][safepoint   ] Safepoint "Cleanup", Time since last: 28003043987 ns, Reaching safepoint: 40601 ns, At safepoint: 4706 ns, Total: 45307 ns
[2022-06-09T04:26:42.584+0000][6][safepoint   ] Safepoint "Cleanup", Time since last: 7000828550 ns, Reaching safepoint: 37810 ns, At safepoint: 4583 ns, Total: 42393 ns
[2022-06-09T04:26:47.585+0000][6][safepoint   ] Safepoint "Cleanup", Time since last: 5000641790 ns, Reaching safepoint: 79988 ns, At safepoint: 4479 ns, Total: 84467 ns
[2022-06-09T04:26:48.585+0000][6][safepoint   ] Safepoint "Cleanup", Time since last: 1000151154 ns, Reaching safepoint: 46805 ns, At safepoint: 5412 ns, Total: 52217 ns
[2022-06-09T04:27:03.588+0000][6][safepoint   ] Safepoint "Cleanup", Time since last: 15002743396 ns, Reaching safepoint: 46771 ns, At safepoint: 5007 ns, Total: 51778 ns
[2022-06-09T04:27:11.589+0000][6][safepoint   ] Safepoint "Cleanup", Time since last: 8000934877 ns, Reaching safepoint: 44280 ns, At safepoint: 4537 ns, Total: 48817 ns
[2022-06-09T04:27:19.590+0000][6][safepoint   ] Safepoint "Cleanup", Time since last: 8000972995 ns, Reaching safepoint: 42898 ns, At safepoint: 4655 ns, Total: 47553 ns
[2022-06-09T04:27:24.590+0000][6][safepoint   ] Safepoint "Cleanup", Time since last: 5000603053 ns, Reaching safepoint: 54952 ns, At safepoint: 7545 ns, Total: 62497 ns
[2022-06-09T04:27:25.591+0000][6][safepoint   ] Safepoint "Cleanup", Time since last: 1000146611 ns, Reaching safepoint: 45722 ns, At safepoint: 5494 ns, Total: 51216 ns
[2022-06-09T04:27:34.592+0000][6][safepoint   ] Safepoint "Cleanup", Time since last: 9000982455 ns, Reaching safepoint: 39195 ns, At safepoint: 4674 ns, Total: 43869 ns
[2022-06-09T04:27:37.592+0000][6][safepoint   ] Safepoint "Cleanup", Time since last: 3000315013 ns, Reaching safepoint: 48328 ns, At safepoint: 4706 ns, Total: 53034 ns
[2022-06-09T04:27:44.593+0000][6][safepoint   ] Safepoint "Cleanup", Time since last: 7000714702 ns, Reaching safepoint: 40787 ns, At safepoint: 4478 ns, Total: 45265 ns
[2022-06-09T04:27:45.593+0000][6][safepoint   ] Safepoint "Cleanup", Time since last: 1000133251 ns, Reaching safepoint: 39454 ns, At safepoint: 5357 ns, Total: 44811 ns
[2022-06-09T04:27:53.594+0000][6][safepoint   ] Safepoint "Cleanup", Time since last: 8001035130 ns, Reaching safepoint: 40321 ns, At safepoint: 5204 ns, Total: 45525 ns
[2022-06-09T04:27:57.595+0000][6][safepoint   ] Safepoint "Cleanup", Time since last: 4000438217 ns, Reaching safepoint: 39628 ns, At safepoint: 4800 ns, Total: 44428 ns
[2022-06-09T04:27:59.595+0000][6][safepoint   ] Safepoint "Cleanup", Time since last: 2000208092 ns, Reaching safepoint: 44634 ns, At safepoint: 6548 ns, Total: 51182 ns
[2022-06-09T04:28:00.595+0000][6][safepoint   ] Safepoint "Cleanup", Time since last: 1000136293 ns, Reaching safepoint: 42233 ns, At safepoint: 4580 ns, Total: 46813 ns
[2022-06-09T04:28:03.595+0000][6][safepoint   ] Safepoint "Cleanup", Time since last: 3000328780 ns, Reaching safepoint: 41186 ns, At safepoint: 4659 ns, Total: 45845 ns
[2022-06-09T04:28:07.596+0000][6][safepoint   ] Safepoint "Cleanup", Time since last: 4000558115 ns, Reaching safepoint: 42518 ns, At safepoint: 4744 ns, Total: 47262 ns
[2022-06-09T04:28:10.775+0000][6][gc,start    ] GC(50) Pause Young (Normal) (G1 Evacuation Pause)
[2022-06-09T04:28:10.776+0000][6][gc,task     ] GC(50) Using 1 workers of 1 for evacuation
[2022-06-09T04:28:10.776+0000][6][gc,age      ] GC(50) Desired survivor size 8388608 bytes, new threshold 15 (max threshold 15)
[2022-06-09T04:28:10.781+0000][6][gc,phases   ] GC(50)   Pre Evacuate Collection Set: 0.1ms
[2022-06-09T04:28:10.781+0000][6][gc,phases   ] GC(50)   Merge Heap Roots: 0.1ms
[2022-06-09T04:28:10.781+0000][6][gc,phases   ] GC(50)   Evacuate Collection Set: 4.0ms
[2022-06-09T04:28:10.781+0000][6][gc,phases   ] GC(50)   Post Evacuate Collection Set: 1.1ms
[2022-06-09T04:28:10.781+0000][6][gc,phases   ] GC(50)   Other: 0.1ms
[2022-06-09T04:28:10.781+0000][6][gc,age      ] GC(50) Age table with threshold 15 (max threshold 15)
[2022-06-09T04:28:10.781+0000][6][gc,age      ] GC(50) - age   1:      43528 bytes,      43528 total
[2022-06-09T04:28:10.781+0000][6][gc,age      ] GC(50) - age   2:      67464 bytes,     110992 total
[2022-06-09T04:28:10.781+0000][6][gc,age      ] GC(50) - age   4:      65496 bytes,     176488 total
[2022-06-09T04:28:10.781+0000][6][gc,age      ] GC(50) - age   5:      33600 bytes,     210088 total
[2022-06-09T04:28:10.781+0000][6][gc,age      ] GC(50) - age   6:     105584 bytes,     315672 total
[2022-06-09T04:28:10.781+0000][6][gc,age      ] GC(50) - age   7:      32760 bytes,     348432 total
[2022-06-09T04:28:10.781+0000][6][gc,age      ] GC(50) - age   8:      57120 bytes,     405552 total
[2022-06-09T04:28:10.781+0000][6][gc,age      ] GC(50) - age   9:      22360 bytes,     427912 total
[2022-06-09T04:28:10.781+0000][6][gc,age      ] GC(50) - age  10:       1736 bytes,     429648 total
[2022-06-09T04:28:10.781+0000][6][gc,age      ] GC(50) - age  11:      80888 bytes,     510536 total
[2022-06-09T04:28:10.781+0000][6][gc,age      ] GC(50) - age  12:      48152 bytes,     558688 total
[2022-06-09T04:28:10.781+0000][6][gc,heap     ] GC(50) Eden regions: 25->0(25)
[2022-06-09T04:28:10.781+0000][6][gc,heap     ] GC(50) Survivor regions: 1->1(4)
[2022-06-09T04:28:10.781+0000][6][gc,heap     ] GC(50) Old regions: 22->22
[2022-06-09T04:28:10.781+0000][6][gc,heap     ] GC(50) Archive regions: 2->2
[2022-06-09T04:28:10.781+0000][6][gc,heap     ] GC(50) Humongous regions: 2->2
[2022-06-09T04:28:10.781+0000][6][gc,metaspace] GC(50) Metaspace: 108948K(113472K)->108948K(113472K) NonClass: 94266K(97024K)->94266K(97024K) Class: 14681K(16448K)->14681K(16448K)
[2022-06-09T04:28:10.781+0000][6][gc          ] GC(50) Pause Young (Normal) (G1 Evacuation Pause) 197M->97M(256M) 5.522ms
[2022-06-09T04:28:10.781+0000][6][gc,cpu      ] GC(50) User=0.00s Sys=0.00s Real=0.00s
[2022-06-09T04:28:10.781+0000][6][safepoint   ] Safepoint "G1CollectForAllocation", Time since last: 3179452304 ns, Reaching safepoint: 27382 ns, At safepoint: 5570426 ns, Total: 5597808 ns
[2022-06-09T04:28:20.782+0000][6][safepoint   ] Safepoint "Cleanup", Time since last: 10001113482 ns, Reaching safepoint: 43925 ns, At safepoint: 5546 ns, Total: 49471 ns
[2022-06-09T04:28:30.784+0000][6][safepoint   ] Safepoint "Cleanup", Time since last: 10001264784 ns, Reaching safepoint: 44061 ns, At safepoint: 4900 ns, Total: 48961 ns
[2022-06-09T04:28:33.784+0000][6][safepoint   ] Safepoint "Cleanup", Time since last: 3000339334 ns, Reaching safepoint: 37972 ns, At safepoint: 4703 ns, Total: 42675 ns
[2022-06-09T04:28:42.785+0000][6][safepoint   ] Safepoint "Cleanup", Time since last: 9000957522 ns, Reaching safepoint: 38061 ns, At safepoint: 4943 ns, Total: 43004 ns
[2022-06-09T04:29:03.787+0000][6][safepoint   ] Safepoint "Cleanup", Time since last: 21002531271 ns, Reaching safepoint: 41333 ns, At safepoint: 5550 ns, Total: 46883 ns
[2022-06-09T04:29:28.790+0000][6][safepoint   ] Safepoint "Cleanup", Time since last: 25002584385 ns, Reaching safepoint: 38777 ns, At safepoint: 4565 ns, Total: 43342 ns
[2022-06-09T04:29:37.791+0000][6][safepoint   ] Safepoint "Cleanup", Time since last: 9001055709 ns, Reaching safepoint: 36233 ns, At safepoint: 4897 ns, Total: 41130 ns
[2022-06-09T04:30:03.794+0000][6][safepoint   ] Safepoint "Cleanup", Time since last: 26003204409 ns, Reaching safepoint: 37649 ns, At safepoint: 4800 ns, Total: 42449 ns
[2022-06-09T04:30:05.795+0000][6][safepoint   ] Safepoint "Cleanup", Time since last: 2000185299 ns, Reaching safepoint: 47683 ns, At safepoint: 5237 ns, Total: 52920 ns
[2022-06-09T04:30:07.795+0000][6][safepoint   ] Safepoint "Cleanup", Time since last: 2000204485 ns, Reaching safepoint: 206128 ns, At safepoint: 7784 ns, Total: 213912 ns
[2022-06-09T04:30:11.796+0000][6][safepoint   ] Safepoint "Cleanup", Time since last: 4000431807 ns, Reaching safepoint: 37996 ns, At safepoint: 4797 ns, Total: 42793 ns
[2022-06-09T04:30:20.797+0000][6][safepoint   ] Safepoint "Cleanup", Time since last: 9001002003 ns, Reaching safepoint: 38059 ns, At safepoint: 5122 ns, Total: 43181 ns
[2022-06-09T04:30:28.798+0000][6][safepoint   ] Safepoint "Cleanup", Time since last: 8000911599 ns, Reaching safepoint: 41458 ns, At safepoint: 4921 ns, Total: 46379 ns
[2022-06-09T04:30:33.798+0000][6][safepoint   ] Safepoint "Cleanup", Time since last: 5000646433 ns, Reaching safepoint: 39181 ns, At safepoint: 4676 ns, Total: 43857 ns
[2022-06-09T04:30:37.799+0000][6][safepoint   ] Safepoint "Cleanup", Time since last: 4000454360 ns, Reaching safepoint: 40230 ns, At safepoint: 4712 ns, Total: 44942 ns
[2022-06-09T04:31:00.801+0000][6][safepoint   ] Safepoint "Cleanup", Time since last: 23002459203 ns, Reaching safepoint: 40095 ns, At safepoint: 4678 ns, Total: 44773 ns
[2022-06-09T04:31:03.802+0000][6][safepoint   ] Safepoint "Cleanup", Time since last: 3000312957 ns, Reaching safepoint: 41857 ns, At safepoint: 5104 ns, Total: 46961 ns
[2022-06-09T04:31:07.802+0000][6][safepoint   ] Safepoint "Cleanup", Time since last: 4000469568 ns, Reaching safepoint: 52699 ns, At safepoint: 5069 ns, Total: 57768 ns
[2022-06-09T04:31:10.803+0000][6][safepoint   ] Safepoint "Cleanup", Time since last: 3000379816 ns, Reaching safepoint: 37377 ns, At safepoint: 4933 ns, Total: 42310 ns
[2022-06-09T04:31:30.805+0000][6][safepoint   ] Safepoint "Cleanup", Time since last: 20002235769 ns, Reaching safepoint: 68522 ns, At safepoint: 8224 ns, Total: 76746 ns
[2022-06-09T04:31:33.805+0000][6][safepoint   ] Safepoint "Cleanup", Time since last: 3000354216 ns, Reaching safepoint: 35579 ns, At safepoint: 4562 ns, Total: 40141 ns
[2022-06-09T04:31:37.807+0000][6][safepoint   ] Safepoint "Cleanup", Time since last: 4001523760 ns, Reaching safepoint: 38461 ns, At safepoint: 4530 ns, Total: 42991 ns
[2022-06-09T04:32:00.809+0000][6][safepoint   ] Safepoint "Cleanup", Time since last: 23002521396 ns, Reaching safepoint: 38513 ns, At safepoint: 4840 ns, Total: 43353 ns
[2022-06-09T04:32:07.810+0000][6][safepoint   ] Safepoint "Cleanup", Time since last: 7000824817 ns, Reaching safepoint: 36153 ns, At safepoint: 4477 ns, Total: 40630 ns
[2022-06-09T04:32:14.811+0000][6][safepoint   ] Safepoint "Cleanup", Time since last: 7000768589 ns, Reaching safepoint: 39700 ns, At safepoint: 4908 ns, Total: 44608 ns
[2022-06-09T04:32:15.811+0000][6][safepoint   ] Safepoint "Cleanup", Time since last: 1000144904 ns, Reaching safepoint: 38791 ns, At safepoint: 4851 ns, Total: 43642 ns
[2022-06-09T04:32:42.814+0000][6][safepoint   ] Safepoint "Cleanup", Time since last: 27002744404 ns, Reaching safepoint: 46571 ns, At safepoint: 4837 ns, Total: 51408 ns
[2022-06-09T04:32:46.815+0000][6][safepoint   ] Safepoint "Cleanup", Time since last: 4000459184 ns, Reaching safepoint: 39838 ns, At safepoint: 4466 ns, Total: 44304 ns
[2022-06-09T04:32:46.958+0000][6][gc,start    ] GC(51) Pause Young (Concurrent Start) (G1 Evacuation Pause)
[2022-06-09T04:32:46.959+0000][6][gc,task     ] GC(51) Using 1 workers of 1 for evacuation
[2022-06-09T04:32:46.959+0000][6][gc,age      ] GC(51) Desired survivor size 8388608 bytes, new threshold 15 (max threshold 15)
[2022-06-09T04:32:46.964+0000][6][gc,phases   ] GC(51)   Pre Evacuate Collection Set: 0.2ms
[2022-06-09T04:32:46.964+0000][6][gc,phases   ] GC(51)   Merge Heap Roots: 0.0ms
[2022-06-09T04:32:46.964+0000][6][gc,phases   ] GC(51)   Evacuate Collection Set: 3.9ms
[2022-06-09T04:32:46.964+0000][6][gc,phases   ] GC(51)   Post Evacuate Collection Set: 1.0ms
[2022-06-09T04:32:46.964+0000][6][gc,phases   ] GC(51)   Other: 0.1ms
[2022-06-09T04:32:46.964+0000][6][gc,age      ] GC(51) Age table with threshold 15 (max threshold 15)
[2022-06-09T04:32:46.964+0000][6][gc,age      ] GC(51) - age   1:      59360 bytes,      59360 total
[2022-06-09T04:32:46.964+0000][6][gc,age      ] GC(51) - age   2:      26752 bytes,      86112 total
[2022-06-09T04:32:46.964+0000][6][gc,age      ] GC(51) - age   3:      62296 bytes,     148408 total
[2022-06-09T04:32:46.964+0000][6][gc,age      ] GC(51) - age   5:      65496 bytes,     213904 total
[2022-06-09T04:32:46.964+0000][6][gc,age      ] GC(51) - age   6:      33600 bytes,     247504 total
[2022-06-09T04:32:46.964+0000][6][gc,age      ] GC(51) - age   7:     105584 bytes,     353088 total
[2022-06-09T04:32:46.964+0000][6][gc,age      ] GC(51) - age   8:      32760 bytes,     385848 total
[2022-06-09T04:32:46.964+0000][6][gc,age      ] GC(51) - age   9:      56968 bytes,     442816 total
[2022-06-09T04:32:46.964+0000][6][gc,age      ] GC(51) - age  10:      22360 bytes,     465176 total
[2022-06-09T04:32:46.964+0000][6][gc,age      ] GC(51) - age  11:       1736 bytes,     466912 total
[2022-06-09T04:32:46.964+0000][6][gc,age      ] GC(51) - age  12:      80888 bytes,     547800 total
[2022-06-09T04:32:46.964+0000][6][gc,age      ] GC(51) - age  13:      48152 bytes,     595952 total
[2022-06-09T04:32:46.964+0000][6][gc,heap     ] GC(51) Eden regions: 25->0(25)
[2022-06-09T04:32:46.964+0000][6][gc,heap     ] GC(51) Survivor regions: 1->1(4)
[2022-06-09T04:32:46.964+0000][6][gc,heap     ] GC(51) Old regions: 22->22
[2022-06-09T04:32:46.964+0000][6][gc,heap     ] GC(51) Archive regions: 2->2
[2022-06-09T04:32:46.964+0000][6][gc,heap     ] GC(51) Humongous regions: 2->2
[2022-06-09T04:32:46.964+0000][6][gc,metaspace] GC(51) Metaspace: 109016K(113472K)->109016K(113472K) NonClass: 94334K(97024K)->94334K(97024K) Class: 14681K(16448K)->14681K(16448K)
[2022-06-09T04:32:46.964+0000][6][gc          ] GC(51) Pause Young (Concurrent Start) (G1 Evacuation Pause) 197M->97M(256M) 5.564ms
[2022-06-09T04:32:46.964+0000][6][gc,cpu      ] GC(51) User=0.00s Sys=0.00s Real=0.00s
[2022-06-09T04:32:46.964+0000][6][safepoint   ] Safepoint "G1CollectForAllocation", Time since last: 143812885 ns, Reaching safepoint: 26910 ns, At safepoint: 5623626 ns, Total: 5650536 ns
[2022-06-09T04:32:46.964+0000][6][gc          ] GC(52) Concurrent Mark Cycle
[2022-06-09T04:32:46.964+0000][6][gc,marking  ] GC(52) Concurrent Clear Claimed Marks
[2022-06-09T04:32:46.964+0000][6][gc,marking  ] GC(52) Concurrent Clear Claimed Marks 0.048ms
[2022-06-09T04:32:46.964+0000][6][gc,marking  ] GC(52) Concurrent Scan Root Regions
[2022-06-09T04:32:46.966+0000][6][gc,marking  ] GC(52) Concurrent Scan Root Regions 1.960ms
[2022-06-09T04:32:46.966+0000][6][gc,marking  ] GC(52) Concurrent Mark
[2022-06-09T04:32:46.966+0000][6][gc,marking  ] GC(52) Concurrent Mark From Roots
[2022-06-09T04:32:46.966+0000][6][gc,task     ] GC(52) Using 1 workers of 1 for marking
[2022-06-09T04:32:47.085+0000][6][gc,marking  ] GC(52) Concurrent Mark From Roots 118.760ms
[2022-06-09T04:32:47.085+0000][6][gc,marking  ] GC(52) Concurrent Preclean
[2022-06-09T04:32:47.085+0000][6][gc,marking  ] GC(52) Concurrent Preclean 0.110ms
[2022-06-09T04:32:47.085+0000][6][gc,start    ] GC(52) Pause Remark
[2022-06-09T04:32:47.100+0000][6][gc          ] GC(52) Pause Remark 98M->98M(256M) 14.661ms
[2022-06-09T04:32:47.100+0000][6][gc,cpu      ] GC(52) User=0.02s Sys=0.00s Real=0.02s
[2022-06-09T04:32:47.100+0000][6][safepoint   ] Safepoint "G1Concurrent", Time since last: 121037404 ns, Reaching safepoint: 26012 ns, At safepoint: 14723284 ns, Total: 14749296 ns
[2022-06-09T04:32:47.100+0000][6][gc,marking  ] GC(52) Concurrent Mark 133.879ms
[2022-06-09T04:32:47.100+0000][6][gc,marking  ] GC(52) Concurrent Rebuild Remembered Sets
[2022-06-09T04:32:47.166+0000][6][gc,marking  ] GC(52) Concurrent Rebuild Remembered Sets 65.864ms
[2022-06-09T04:32:47.166+0000][6][gc,start    ] GC(52) Pause Cleanup
[2022-06-09T04:32:47.166+0000][6][gc          ] GC(52) Pause Cleanup 99M->99M(256M) 0.058ms
[2022-06-09T04:32:47.166+0000][6][gc,cpu      ] GC(52) User=0.00s Sys=0.00s Real=0.00s
[2022-06-09T04:32:47.166+0000][6][safepoint   ] Safepoint "G1Concurrent", Time since last: 66138050 ns, Reaching safepoint: 25203 ns, At safepoint: 101430 ns, Total: 126633 ns
[2022-06-09T04:32:47.166+0000][6][gc,marking  ] GC(52) Concurrent Cleanup for Next Mark
[2022-06-09T04:32:47.167+0000][6][gc,marking  ] GC(52) Concurrent Cleanup for Next Mark 0.718ms
[2022-06-09T04:32:47.167+0000][6][gc          ] GC(52) Concurrent Mark Cycle 202.768ms
[2022-06-09T04:33:04.168+0000][6][safepoint   ] Safepoint "Cleanup", Time since last: 17001746835 ns, Reaching safepoint: 42485 ns, At safepoint: 4616 ns, Total: 47101 ns
[2022-06-09T04:33:07.168+0000][6][safepoint   ] Safepoint "Cleanup", Time since last: 3000411724 ns, Reaching safepoint: 44298 ns, At safepoint: 4577 ns, Total: 48875 ns
[2022-06-09T04:33:34.171+0000][6][safepoint   ] Safepoint "Cleanup", Time since last: 27003051254 ns, Reaching safepoint: 64202 ns, At safepoint: 8517 ns, Total: 72719 ns
[2022-06-09T04:33:36.842+0000][6][safepoint   ] Safepoint "Cleanup", Time since last: 2670217695 ns, Reaching safepoint: 33386 ns, At safepoint: 3898 ns, Total: 37284 ns
[2022-06-09T04:34:11.845+0000][6][safepoint   ] Safepoint "Cleanup", Time since last: 35003605706 ns, Reaching safepoint: 41710 ns, At safepoint: 4814 ns, Total: 46524 ns
[2022-06-09T04:34:37.849+0000][6][safepoint   ] Safepoint "Cleanup", Time since last: 26003114896 ns, Reaching safepoint: 43572 ns, At safepoint: 4723 ns, Total: 48295 ns
[2022-06-09T04:34:51.850+0000][6][safepoint   ] Safepoint "Cleanup", Time since last: 14001559264 ns, Reaching safepoint: 42926 ns, At safepoint: 5269 ns, Total: 48195 ns
[2022-06-09T04:34:52.850+0000][6][safepoint   ] Safepoint "Cleanup", Time since last: 1000196983 ns, Reaching safepoint: 38945 ns, At safepoint: 4750 ns, Total: 43695 ns
[2022-06-09T04:35:21.854+0000][6][safepoint   ] Safepoint "Cleanup", Time since last: 29003473731 ns, Reaching safepoint: 39688 ns, At safepoint: 4814 ns, Total: 44502 ns
[2022-06-09T04:36:03.859+0000][6][safepoint   ] Safepoint "Cleanup", Time since last: 42004915409 ns, Reaching safepoint: 40627 ns, At safepoint: 5395 ns, Total: 46022 ns
[2022-06-09T04:36:13.860+0000][6][safepoint   ] Safepoint "Cleanup", Time since last: 10001373755 ns, Reaching safepoint: 44616 ns, At safepoint: 4812 ns, Total: 49428 ns
[2022-06-09T04:36:28.862+0000][6][safepoint   ] Safepoint "Cleanup", Time since last: 15001829744 ns, Reaching safepoint: 42240 ns, At safepoint: 4575 ns, Total: 46815 ns
[2022-06-09T04:36:30.863+0000][6][safepoint   ] Safepoint "Cleanup", Time since last: 2000285655 ns, Reaching safepoint: 39798 ns, At safepoint: 4808 ns, Total: 44606 ns
[2022-06-09T04:36:34.863+0000][6][safepoint   ] Safepoint "Cleanup", Time since last: 4000473549 ns, Reaching safepoint: 40512 ns, At safepoint: 4475 ns, Total: 44987 ns
[2022-06-09T04:36:51.865+0000][6][safepoint   ] Safepoint "Cleanup", Time since last: 17001966169 ns, Reaching safepoint: 41387 ns, At safepoint: 4676 ns, Total: 46063 ns
[2022-06-09T04:37:00.866+0000][6][safepoint   ] Safepoint "Cleanup", Time since last: 9000939001 ns, Reaching safepoint: 40307 ns, At safepoint: 4880 ns, Total: 45187 ns
[2022-06-09T04:37:26.631+0000][6][gc,start    ] GC(53) Pause Young (Normal) (G1 Evacuation Pause)
[2022-06-09T04:37:26.631+0000][6][gc,task     ] GC(53) Using 1 workers of 1 for evacuation
[2022-06-09T04:37:26.631+0000][6][gc,age      ] GC(53) Desired survivor size 8388608 bytes, new threshold 15 (max threshold 15)
[2022-06-09T04:37:26.636+0000][6][gc,phases   ] GC(53)   Pre Evacuate Collection Set: 0.0ms
[2022-06-09T04:37:26.636+0000][6][gc,phases   ] GC(53)   Merge Heap Roots: 0.1ms
[2022-06-09T04:37:26.636+0000][6][gc,phases   ] GC(53)   Evacuate Collection Set: 4.1ms
[2022-06-09T04:37:26.636+0000][6][gc,phases   ] GC(53)   Post Evacuate Collection Set: 1.0ms
[2022-06-09T04:37:26.636+0000][6][gc,phases   ] GC(53)   Other: 0.1ms
[2022-06-09T04:37:26.636+0000][6][gc,age      ] GC(53) Age table with threshold 15 (max threshold 15)
[2022-06-09T04:37:26.636+0000][6][gc,age      ] GC(53) - age   1:      17856 bytes,      17856 total
[2022-06-09T04:37:26.636+0000][6][gc,age      ] GC(53) - age   2:      23648 bytes,      41504 total
[2022-06-09T04:37:26.636+0000][6][gc,age      ] GC(53) - age   3:      26728 bytes,      68232 total
[2022-06-09T04:37:26.636+0000][6][gc,age      ] GC(53) - age   4:      46144 bytes,     114376 total
[2022-06-09T04:37:26.636+0000][6][gc,age      ] GC(53) - age   6:      65496 bytes,     179872 total
[2022-06-09T04:37:26.636+0000][6][gc,age      ] GC(53) - age   7:      33200 bytes,     213072 total
[2022-06-09T04:37:26.636+0000][6][gc,age      ] GC(53) - age   8:     105504 bytes,     318576 total
[2022-06-09T04:37:26.636+0000][6][gc,age      ] GC(53) - age   9:      32760 bytes,     351336 total
[2022-06-09T04:37:26.636+0000][6][gc,age      ] GC(53) - age  10:      56968 bytes,     408304 total
[2022-06-09T04:37:26.636+0000][6][gc,age      ] GC(53) - age  11:      22360 bytes,     430664 total
[2022-06-09T04:37:26.636+0000][6][gc,age      ] GC(53) - age  12:       1736 bytes,     432400 total
[2022-06-09T04:37:26.636+0000][6][gc,age      ] GC(53) - age  13:      80888 bytes,     513288 total
[2022-06-09T04:37:26.636+0000][6][gc,age      ] GC(53) - age  14:      48152 bytes,     561440 total
[2022-06-09T04:37:26.636+0000][6][gc,heap     ] GC(53) Eden regions: 25->0(26)
[2022-06-09T04:37:26.636+0000][6][gc,heap     ] GC(53) Survivor regions: 1->1(4)
[2022-06-09T04:37:26.636+0000][6][gc,heap     ] GC(53) Old regions: 22->22
[2022-06-09T04:37:26.636+0000][6][gc,heap     ] GC(53) Archive regions: 2->2
[2022-06-09T04:37:26.636+0000][6][gc,heap     ] GC(53) Humongous regions: 2->2
[2022-06-09T04:37:26.636+0000][6][gc,metaspace] GC(53) Metaspace: 109054K(113472K)->109054K(113472K) NonClass: 94373K(97024K)->94373K(97024K) Class: 14681K(16448K)->14681K(16448K)
[2022-06-09T04:37:26.636+0000][6][gc          ] GC(53) Pause Young (Normal) (G1 Evacuation Pause) 197M->97M(256M) 5.532ms
[2022-06-09T04:37:26.636+0000][6][gc,cpu      ] GC(53) User=0.01s Sys=0.00s Real=0.01s
[2022-06-09T04:37:26.636+0000][6][safepoint   ] Safepoint "G1CollectForAllocation", Time since last: 25764414031 ns, Reaching safepoint: 39908 ns, At safepoint: 5586941 ns, Total: 5626849 ns
[2022-06-09T04:38:33.643+0000][6][safepoint   ] Safepoint "Cleanup", Time since last: 67007332893 ns, Reaching safepoint: 43651 ns, At safepoint: 4713 ns, Total: 48364 ns
[2022-06-09T04:38:50.646+0000][6][safepoint   ] Safepoint "Cleanup", Time since last: 17002029578 ns, Reaching safepoint: 41493 ns, At safepoint: 5146 ns, Total: 46639 ns
[2022-06-09T04:39:03.647+0000][6][safepoint   ] Safepoint "Cleanup", Time since last: 13001499290 ns, Reaching safepoint: 43292 ns, At safepoint: 4439 ns, Total: 47731 ns
[2022-06-09T04:39:09.648+0000][6][safepoint   ] Safepoint "Cleanup", Time since last: 6000562848 ns, Reaching safepoint: 36799 ns, At safepoint: 4665 ns, Total: 41464 ns
[2022-06-09T04:39:10.648+0000][6][safepoint   ] Safepoint "Cleanup", Time since last: 1000179643 ns, Reaching safepoint: 52084 ns, At safepoint: 4923 ns, Total: 57007 ns
[2022-06-09T04:39:11.648+0000][6][safepoint   ] Safepoint "Cleanup", Time since last: 1000171505 ns, Reaching safepoint: 41082 ns, At safepoint: 4807 ns, Total: 45889 ns
[2022-06-09T04:39:13.649+0000][6][safepoint   ] Safepoint "Cleanup", Time since last: 2000351888 ns, Reaching safepoint: 41107 ns, At safepoint: 4523 ns, Total: 45630 ns
[2022-06-09T04:39:18.649+0000][6][safepoint   ] Safepoint "Cleanup", Time since last: 5000662518 ns, Reaching safepoint: 40455 ns, At safepoint: 4720 ns, Total: 45175 ns
[2022-06-09T04:39:33.651+0000][6][safepoint   ] Safepoint "Cleanup", Time since last: 15001922927 ns, Reaching safepoint: 75676 ns, At safepoint: 9227 ns, Total: 84903 ns
[2022-06-09T04:39:37.652+0000][6][safepoint   ] Safepoint "Cleanup", Time since last: 4000539574 ns, Reaching safepoint: 47133 ns, At safepoint: 5013 ns, Total: 52146 ns
[2022-06-09T04:39:52.654+0000][6][safepoint   ] Safepoint "Cleanup", Time since last: 15001779727 ns, Reaching safepoint: 44136 ns, At safepoint: 4962 ns, Total: 49098 ns
[2022-06-09T04:39:56.654+0000][6][safepoint   ] Safepoint "Cleanup", Time since last: 4000498430 ns, Reaching safepoint: 54639 ns, At safepoint: 4521 ns, Total: 59160 ns
[2022-06-09T04:40:03.655+0000][6][safepoint   ] Safepoint "Cleanup", Time since last: 7000734596 ns, Reaching safepoint: 43454 ns, At safepoint: 5404 ns, Total: 48858 ns
[2022-06-09T04:40:05.655+0000][6][safepoint   ] Safepoint "Cleanup", Time since last: 2000237633 ns, Reaching safepoint: 39975 ns, At safepoint: 4430 ns, Total: 44405 ns
[2022-06-09T04:40:12.656+0000][6][safepoint   ] Safepoint "Cleanup", Time since last: 7000902016 ns, Reaching safepoint: 68905 ns, At safepoint: 7972 ns, Total: 76877 ns
[2022-06-09T04:40:13.656+0000][6][safepoint   ] Safepoint "Cleanup", Time since last: 1000181463 ns, Reaching safepoint: 41668 ns, At safepoint: 5079 ns, Total: 46747 ns
[2022-06-09T04:40:33.659+0000][6][safepoint   ] Safepoint "Cleanup", Time since last: 20002171336 ns, Reaching safepoint: 39807 ns, At safepoint: 5318 ns, Total: 45125 ns
[2022-06-09T04:41:00.662+0000][6][safepoint   ] Safepoint "Cleanup", Time since last: 27003153474 ns, Reaching safepoint: 61783 ns, At safepoint: 52503 ns, Total: 114286 ns
[2022-06-09T04:41:46.667+0000][6][safepoint   ] Safepoint "Cleanup", Time since last: 46004970759 ns, Reaching safepoint: 37920 ns, At safepoint: 5322 ns, Total: 43242 ns
[2022-06-09T04:42:03.669+0000][6][safepoint   ] Safepoint "Cleanup", Time since last: 17001822158 ns, Reaching safepoint: 38693 ns, At safepoint: 4848 ns, Total: 43541 ns
[2022-06-09T04:42:07.669+0000][6][safepoint   ] Safepoint "Cleanup", Time since last: 4000468064 ns, Reaching safepoint: 39755 ns, At safepoint: 4831 ns, Total: 44586 ns
[2022-06-09T04:42:16.773+0000][6][gc,start    ] GC(54) Pause Young (Concurrent Start) (G1 Evacuation Pause)
[2022-06-09T04:42:16.773+0000][6][gc,task     ] GC(54) Using 1 workers of 1 for evacuation
[2022-06-09T04:42:16.773+0000][6][gc,age      ] GC(54) Desired survivor size 8388608 bytes, new threshold 15 (max threshold 15)
[2022-06-09T04:42:16.778+0000][6][gc,phases   ] GC(54)   Pre Evacuate Collection Set: 0.2ms
[2022-06-09T04:42:16.778+0000][6][gc,phases   ] GC(54)   Merge Heap Roots: 0.0ms
[2022-06-09T04:42:16.778+0000][6][gc,phases   ] GC(54)   Evacuate Collection Set: 3.9ms
[2022-06-09T04:42:16.778+0000][6][gc,phases   ] GC(54)   Post Evacuate Collection Set: 1.0ms
[2022-06-09T04:42:16.778+0000][6][gc,phases   ] GC(54)   Other: 0.1ms
[2022-06-09T04:42:16.778+0000][6][gc,age      ] GC(54) Age table with threshold 15 (max threshold 15)
[2022-06-09T04:42:16.778+0000][6][gc,age      ] GC(54) - age   1:      58784 bytes,      58784 total
[2022-06-09T04:42:16.778+0000][6][gc,age      ] GC(54) - age   2:       3528 bytes,      62312 total
[2022-06-09T04:42:16.778+0000][6][gc,age      ] GC(54) - age   3:      22232 bytes,      84544 total
[2022-06-09T04:42:16.778+0000][6][gc,age      ] GC(54) - age   4:      26336 bytes,     110880 total
[2022-06-09T04:42:16.778+0000][6][gc,age      ] GC(54) - age   5:      46104 bytes,     156984 total
[2022-06-09T04:42:16.778+0000][6][gc,age      ] GC(54) - age   7:      65296 bytes,     222280 total
[2022-06-09T04:42:16.778+0000][6][gc,age      ] GC(54) - age   8:      33200 bytes,     255480 total
[2022-06-09T04:42:16.778+0000][6][gc,age      ] GC(54) - age   9:     105504 bytes,     360984 total
[2022-06-09T04:42:16.778+0000][6][gc,age      ] GC(54) - age  10:      32760 bytes,     393744 total
[2022-06-09T04:42:16.778+0000][6][gc,age      ] GC(54) - age  11:      56968 bytes,     450712 total
[2022-06-09T04:42:16.778+0000][6][gc,age      ] GC(54) - age  12:      22360 bytes,     473072 total
[2022-06-09T04:42:16.778+0000][6][gc,age      ] GC(54) - age  13:       1736 bytes,     474808 total
[2022-06-09T04:42:16.778+0000][6][gc,age      ] GC(54) - age  14:      80888 bytes,     555696 total
[2022-06-09T04:42:16.778+0000][6][gc,age      ] GC(54) - age  15:      48152 bytes,     603848 total
[2022-06-09T04:42:16.778+0000][6][gc,heap     ] GC(54) Eden regions: 26->0(26)
[2022-06-09T04:42:16.778+0000][6][gc,heap     ] GC(54) Survivor regions: 1->1(4)
[2022-06-09T04:42:16.778+0000][6][gc,heap     ] GC(54) Old regions: 22->22
[2022-06-09T04:42:16.778+0000][6][gc,heap     ] GC(54) Archive regions: 2->2
[2022-06-09T04:42:16.778+0000][6][gc,heap     ] GC(54) Humongous regions: 2->2
[2022-06-09T04:42:16.778+0000][6][gc,metaspace] GC(54) Metaspace: 109090K(113472K)->109090K(113472K) NonClass: 94408K(97024K)->94408K(97024K) Class: 14681K(16448K)->14681K(16448K)
[2022-06-09T04:42:16.778+0000][6][gc          ] GC(54) Pause Young (Concurrent Start) (G1 Evacuation Pause) 201M->97M(256M) 5.555ms
[2022-06-09T04:42:16.778+0000][6][gc          ] GC(55) Concurrent Mark Cycle
[2022-06-09T04:42:16.779+0000][6][gc,marking  ] GC(55) Concurrent Clear Claimed Marks
[2022-06-09T04:42:16.779+0000][6][gc,marking  ] GC(55) Concurrent Clear Claimed Marks 0.042ms
[2022-06-09T04:42:16.779+0000][6][gc,marking  ] GC(55) Concurrent Scan Root Regions
[2022-06-09T04:42:16.780+0000][6][gc,marking  ] GC(55) Concurrent Scan Root Regions 1.566ms
[2022-06-09T04:42:16.780+0000][6][gc,marking  ] GC(55) Concurrent Mark
[2022-06-09T04:42:16.780+0000][6][gc,marking  ] GC(55) Concurrent Mark From Roots
[2022-06-09T04:42:16.780+0000][6][gc,task     ] GC(55) Using 1 workers of 1 for marking
[2022-06-09T04:42:16.780+0000][6][gc,cpu      ] GC(54) User=0.00s Sys=0.01s Real=0.01s
[2022-06-09T04:42:16.780+0000][6][safepoint   ] Safepoint "G1CollectForAllocation", Time since last: 9103464878 ns, Reaching safepoint: 27488 ns, At safepoint: 7322919 ns, Total: 7350407 ns
[2022-06-09T04:42:16.948+0000][6][gc,marking  ] GC(55) Concurrent Mark From Roots 167.735ms
[2022-06-09T04:42:16.948+0000][6][gc,marking  ] GC(55) Concurrent Preclean
[2022-06-09T04:42:16.948+0000][6][gc,marking  ] GC(55) Concurrent Preclean 0.139ms
[2022-06-09T04:42:16.948+0000][6][gc,start    ] GC(55) Pause Remark
[2022-06-09T04:42:16.983+0000][6][gc          ] GC(55) Pause Remark 98M->98M(256M) 34.392ms
[2022-06-09T04:42:16.983+0000][6][gc,cpu      ] GC(55) User=0.02s Sys=0.00s Real=0.03s
[2022-06-09T04:42:16.983+0000][6][safepoint   ] Safepoint "G1Concurrent", Time since last: 167922037 ns, Reaching safepoint: 38971 ns, At safepoint: 34486704 ns, Total: 34525675 ns
[2022-06-09T04:42:16.983+0000][6][gc,marking  ] GC(55) Concurrent Mark 202.517ms
[2022-06-09T04:42:16.983+0000][6][gc,marking  ] GC(55) Concurrent Rebuild Remembered Sets
[2022-06-09T04:42:17.071+0000][6][gc,marking  ] GC(55) Concurrent Rebuild Remembered Sets 88.083ms
[2022-06-09T04:42:17.071+0000][6][gc,start    ] GC(55) Pause Cleanup
[2022-06-09T04:42:17.071+0000][6][gc          ] GC(55) Pause Cleanup 98M->98M(256M) 0.055ms
[2022-06-09T04:42:17.071+0000][6][gc,cpu      ] GC(55) User=0.00s Sys=0.00s Real=0.00s
[2022-06-09T04:42:17.071+0000][6][safepoint   ] Safepoint "G1Concurrent", Time since last: 88183400 ns, Reaching safepoint: 24646 ns, At safepoint: 94816 ns, Total: 119462 ns
[2022-06-09T04:42:17.071+0000][6][gc,marking  ] GC(55) Concurrent Cleanup for Next Mark
[2022-06-09T04:42:17.072+0000][6][gc,marking  ] GC(55) Concurrent Cleanup for Next Mark 0.667ms
[2022-06-09T04:42:17.072+0000][6][gc          ] GC(55) Concurrent Mark Cycle 293.145ms
[2022-06-09T04:42:38.073+0000][6][safepoint   ] Safepoint "Cleanup", Time since last: 21002302194 ns, Reaching safepoint: 41891 ns, At safepoint: 5125 ns, Total: 47016 ns
[2022-06-09T04:43:34.079+0000][6][safepoint   ] Safepoint "Cleanup", Time since last: 56005995713 ns, Reaching safepoint: 39674 ns, At safepoint: 4364 ns, Total: 44038 ns
[2022-06-09T04:43:38.080+0000][6][safepoint   ] Safepoint "Cleanup", Time since last: 4000469301 ns, Reaching safepoint: 38400 ns, At safepoint: 5756 ns, Total: 44156 ns
[2022-06-09T04:44:04.083+0000][6][safepoint   ] Safepoint "Cleanup", Time since last: 26002869144 ns, Reaching safepoint: 43092 ns, At safepoint: 4999 ns, Total: 48091 ns
[2022-06-09T04:44:09.083+0000][6][safepoint   ] Safepoint "Cleanup", Time since last: 5000526639 ns, Reaching safepoint: 40752 ns, At safepoint: 4658 ns, Total: 45410 ns
[2022-06-09T04:44:34.086+0000][6][safepoint   ] Safepoint "Cleanup", Time since last: 25002716758 ns, Reaching safepoint: 50314 ns, At safepoint: 4780 ns, Total: 55094 ns
[2022-06-09T04:45:02.089+0000][6][safepoint   ] Safepoint "Cleanup", Time since last: 28003290322 ns, Reaching safepoint: 43814 ns, At safepoint: 5115 ns, Total: 48929 ns
[2022-06-09T04:45:03.090+0000][6][safepoint   ] Safepoint "Cleanup", Time since last: 1000197498 ns, Reaching safepoint: 41907 ns, At safepoint: 4759 ns, Total: 46666 ns
[2022-06-09T04:45:26.092+0000][6][safepoint   ] Safepoint "Cleanup", Time since last: 23002458993 ns, Reaching safepoint: 39186 ns, At safepoint: 4420 ns, Total: 43606 ns
[2022-06-09T04:45:27.092+0000][6][safepoint   ] Safepoint "Cleanup", Time since last: 1000188867 ns, Reaching safepoint: 54550 ns, At safepoint: 9567 ns, Total: 64117 ns
[2022-06-09T04:45:33.093+0000][6][safepoint   ] Safepoint "Cleanup", Time since last: 6000688952 ns, Reaching safepoint: 41339 ns, At safepoint: 4454 ns, Total: 45793 ns
[2022-06-09T04:45:34.093+0000][6][safepoint   ] Safepoint "Cleanup", Time since last: 1000143678 ns, Reaching safepoint: 36610 ns, At safepoint: 4712 ns, Total: 41322 ns
[2022-06-09T04:45:38.094+0000][6][safepoint   ] Safepoint "Cleanup", Time since last: 4000564491 ns, Reaching safepoint: 54523 ns, At safepoint: 9300 ns, Total: 63823 ns
[2022-06-09T04:45:40.094+0000][6][safepoint   ] Safepoint "Cleanup", Time since last: 2000292746 ns, Reaching safepoint: 36816 ns, At safepoint: 4832 ns, Total: 41648 ns
[2022-06-09T04:46:01.097+0000][6][safepoint   ] Safepoint "Cleanup", Time since last: 21002406394 ns, Reaching safepoint: 45561 ns, At safepoint: 4664 ns, Total: 50225 ns
[2022-06-09T04:46:02.097+0000][6][safepoint   ] Safepoint "Cleanup", Time since last: 1000162772 ns, Reaching safepoint: 47749 ns, At safepoint: 4732 ns, Total: 52481 ns
[2022-06-09T04:46:04.097+0000][6][safepoint   ] Safepoint "Cleanup", Time since last: 2000287040 ns, Reaching safepoint: 45952 ns, At safepoint: 4768 ns, Total: 50720 ns
[2022-06-09T04:46:05.098+0000][6][safepoint   ] Safepoint "Cleanup", Time since last: 1000195814 ns, Reaching safepoint: 56877 ns, At safepoint: 9293 ns, Total: 66170 ns
[2022-06-09T04:46:08.098+0000][6][safepoint   ] Safepoint "Cleanup", Time since last: 3000421018 ns, Reaching safepoint: 37553 ns, At safepoint: 16694 ns, Total: 54247 ns
[2022-06-09T04:46:11.098+0000][6][safepoint   ] Safepoint "Cleanup", Time since last: 3000291869 ns, Reaching safepoint: 38179 ns, At safepoint: 4596 ns, Total: 42775 ns
[2022-06-09T04:46:21.099+0000][6][safepoint   ] Safepoint "Cleanup", Time since last: 10001015555 ns, Reaching safepoint: 36926 ns, At safepoint: 4610 ns, Total: 41536 ns
[2022-06-09T04:46:29.100+0000][6][safepoint   ] Safepoint "Cleanup", Time since last: 8000923930 ns, Reaching safepoint: 38004 ns, At safepoint: 4473 ns, Total: 42477 ns
[2022-06-09T04:46:30.101+0000][6][safepoint   ] Safepoint "Cleanup", Time since last: 1000157082 ns, Reaching safepoint: 38667 ns, At safepoint: 4593 ns, Total: 43260 ns
[2022-06-09T04:46:33.101+0000][6][safepoint   ] Safepoint "Cleanup", Time since last: 3000373393 ns, Reaching safepoint: 40635 ns, At safepoint: 5035 ns, Total: 45670 ns
[2022-06-09T04:46:38.102+0000][6][safepoint   ] Safepoint "Cleanup", Time since last: 5000561947 ns, Reaching safepoint: 35022 ns, At safepoint: 4922 ns, Total: 39944 ns
[2022-06-09T04:47:07.323+0000][6][gc,start    ] GC(56) Pause Young (Normal) (G1 Evacuation Pause)
[2022-06-09T04:47:07.323+0000][6][gc,task     ] GC(56) Using 1 workers of 1 for evacuation
[2022-06-09T04:47:07.323+0000][6][gc,age      ] GC(56) Desired survivor size 8388608 bytes, new threshold 15 (max threshold 15)
[2022-06-09T04:47:07.329+0000][6][gc,phases   ] GC(56)   Pre Evacuate Collection Set: 0.0ms
[2022-06-09T04:47:07.329+0000][6][gc,phases   ] GC(56)   Merge Heap Roots: 0.1ms
[2022-06-09T04:47:07.329+0000][6][gc,phases   ] GC(56)   Evacuate Collection Set: 4.3ms
[2022-06-09T04:47:07.329+0000][6][gc,phases   ] GC(56)   Post Evacuate Collection Set: 1.0ms
[2022-06-09T04:47:07.329+0000][6][gc,phases   ] GC(56)   Other: 0.1ms
[2022-06-09T04:47:07.329+0000][6][gc,age      ] GC(56) Age table with threshold 15 (max threshold 15)
[2022-06-09T04:47:07.329+0000][6][gc,age      ] GC(56) - age   1:      18000 bytes,      18000 total
[2022-06-09T04:47:07.329+0000][6][gc,age      ] GC(56) - age   2:       5384 bytes,      23384 total
[2022-06-09T04:47:07.329+0000][6][gc,age      ] GC(56) - age   3:       3528 bytes,      26912 total
[2022-06-09T04:47:07.329+0000][6][gc,age      ] GC(56) - age   4:      22232 bytes,      49144 total
[2022-06-09T04:47:07.329+0000][6][gc,age      ] GC(56) - age   5:      26336 bytes,      75480 total
[2022-06-09T04:47:07.329+0000][6][gc,age      ] GC(56) - age   6:      46104 bytes,     121584 total
[2022-06-09T04:47:07.329+0000][6][gc,age      ] GC(56) - age   8:      65096 bytes,     186680 total
[2022-06-09T04:47:07.329+0000][6][gc,age      ] GC(56) - age   9:      33200 bytes,     219880 total
[2022-06-09T04:47:07.329+0000][6][gc,age      ] GC(56) - age  10:     105504 bytes,     325384 total
[2022-06-09T04:47:07.329+0000][6][gc,age      ] GC(56) - age  11:      32760 bytes,     358144 total
[2022-06-09T04:47:07.329+0000][6][gc,age      ] GC(56) - age  12:      56968 bytes,     415112 total
[2022-06-09T04:47:07.329+0000][6][gc,age      ] GC(56) - age  13:      22360 bytes,     437472 total
[2022-06-09T04:47:07.329+0000][6][gc,age      ] GC(56) - age  14:       1736 bytes,     439208 total
[2022-06-09T04:47:07.329+0000][6][gc,age      ] GC(56) - age  15:      80888 bytes,     520096 total
[2022-06-09T04:47:07.329+0000][6][gc,heap     ] GC(56) Eden regions: 26->0(26)
[2022-06-09T04:47:07.329+0000][6][gc,heap     ] GC(56) Survivor regions: 1->1(4)
[2022-06-09T04:47:07.329+0000][6][gc,heap     ] GC(56) Old regions: 22->22
[2022-06-09T04:47:07.329+0000][6][gc,heap     ] GC(56) Archive regions: 2->2
[2022-06-09T04:47:07.329+0000][6][gc,heap     ] GC(56) Humongous regions: 2->2
[2022-06-09T04:47:07.329+0000][6][gc,metaspace] GC(56) Metaspace: 109110K(113472K)->109110K(113472K) NonClass: 94428K(97024K)->94428K(97024K) Class: 14681K(16448K)->14681K(16448K)
[2022-06-09T04:47:07.329+0000][6][gc          ] GC(56) Pause Young (Normal) (G1 Evacuation Pause) 201M->97M(256M) 5.722ms
[2022-06-09T04:47:07.329+0000][6][gc,cpu      ] GC(56) User=0.00s Sys=0.00s Real=0.01s
[2022-06-09T04:47:07.329+0000][6][safepoint   ] Safepoint "G1CollectForAllocation", Time since last: 29221192973 ns, Reaching safepoint: 156077 ns, At safepoint: 5772605 ns, Total: 5928682 ns
[2022-06-09T04:47:34.332+0000][6][safepoint   ] Safepoint "Cleanup", Time since last: 27002857929 ns, Reaching safepoint: 42910 ns, At safepoint: 25752 ns, Total: 68662 ns
[2022-06-09T04:47:54.334+0000][6][safepoint   ] Safepoint "Cleanup", Time since last: 20002361366 ns, Reaching safepoint: 62495 ns, At safepoint: 26806 ns, Total: 89301 ns
[2022-06-09T04:48:25.338+0000][6][safepoint   ] Safepoint "Cleanup", Time since last: 31003325741 ns, Reaching safepoint: 40730 ns, At safepoint: 4683 ns, Total: 45413 ns
[2022-06-09T04:48:39.339+0000][6][safepoint   ] Safepoint "Cleanup", Time since last: 14001627978 ns, Reaching safepoint: 54466 ns, At safepoint: 4760 ns, Total: 59226 ns
[2022-06-09T04:49:04.342+0000][6][safepoint   ] Safepoint "Cleanup", Time since last: 25002791248 ns, Reaching safepoint: 42646 ns, At safepoint: 4812 ns, Total: 47458 ns
[2022-06-09T04:49:07.343+0000][6][safepoint   ] Safepoint "Cleanup", Time since last: 3001231426 ns, Reaching safepoint: 44141 ns, At safepoint: 5304 ns, Total: 49445 ns
[2022-06-09T04:50:01.349+0000][6][safepoint   ] Safepoint "Cleanup", Time since last: 54005886293 ns, Reaching safepoint: 43417 ns, At safepoint: 4765 ns, Total: 48182 ns
[2022-06-09T04:50:04.350+0000][6][safepoint   ] Safepoint "Cleanup", Time since last: 3000394913 ns, Reaching safepoint: 44412 ns, At safepoint: 4608 ns, Total: 49020 ns
[2022-06-09T04:50:05.350+0000][6][safepoint   ] Safepoint "Cleanup", Time since last: 1000210695 ns, Reaching safepoint: 44058 ns, At safepoint: 4866 ns, Total: 48924 ns
[2022-06-09T04:50:34.353+0000][6][safepoint   ] Safepoint "Cleanup", Time since last: 29002985292 ns, Reaching safepoint: 41338 ns, At safepoint: 4705 ns, Total: 46043 ns
[2022-06-09T04:51:37.360+0000][6][safepoint   ] Safepoint "Cleanup", Time since last: 63006566043 ns, Reaching safepoint: 34806 ns, At safepoint: 4831 ns, Total: 39637 ns
[2022-06-09T04:51:57.198+0000][6][gc,start    ] GC(57) Pause Young (Concurrent Start) (G1 Evacuation Pause)
[2022-06-09T04:51:57.198+0000][6][gc,task     ] GC(57) Using 1 workers of 1 for evacuation
[2022-06-09T04:51:57.198+0000][6][gc,age      ] GC(57) Desired survivor size 8388608 bytes, new threshold 15 (max threshold 15)
[2022-06-09T04:51:57.203+0000][6][gc,phases   ] GC(57)   Pre Evacuate Collection Set: 0.2ms
[2022-06-09T04:51:57.204+0000][6][gc,phases   ] GC(57)   Merge Heap Roots: 0.0ms
[2022-06-09T04:51:57.204+0000][6][gc,phases   ] GC(57)   Evacuate Collection Set: 3.8ms
[2022-06-09T04:51:57.204+0000][6][gc,phases   ] GC(57)   Post Evacuate Collection Set: 1.0ms
[2022-06-09T04:51:57.204+0000][6][gc,phases   ] GC(57)   Other: 0.1ms
[2022-06-09T04:51:57.204+0000][6][gc,age      ] GC(57) Age table with threshold 15 (max threshold 15)
[2022-06-09T04:51:57.204+0000][6][gc,age      ] GC(57) - age   1:      54168 bytes,      54168 total
[2022-06-09T04:51:57.204+0000][6][gc,age      ] GC(57) - age   2:       5120 bytes,      59288 total
[2022-06-09T04:51:57.204+0000][6][gc,age      ] GC(57) - age   3:       3928 bytes,      63216 total
[2022-06-09T04:51:57.204+0000][6][gc,age      ] GC(57) - age   4:       3528 bytes,      66744 total
[2022-06-09T04:51:57.204+0000][6][gc,age      ] GC(57) - age   5:      22232 bytes,      88976 total
[2022-06-09T04:51:57.204+0000][6][gc,age      ] GC(57) - age   6:      25936 bytes,     114912 total
[2022-06-09T04:51:57.204+0000][6][gc,age      ] GC(57) - age   7:      46104 bytes,     161016 total
[2022-06-09T04:51:57.204+0000][6][gc,age      ] GC(57) - age   9:      65096 bytes,     226112 total
[2022-06-09T04:51:57.204+0000][6][gc,age      ] GC(57) - age  10:      33200 bytes,     259312 total
[2022-06-09T04:51:57.204+0000][6][gc,age      ] GC(57) - age  11:     105504 bytes,     364816 total
[2022-06-09T04:51:57.204+0000][6][gc,age      ] GC(57) - age  12:      32760 bytes,     397576 total
[2022-06-09T04:51:57.204+0000][6][gc,age      ] GC(57) - age  13:      56968 bytes,     454544 total
[2022-06-09T04:51:57.204+0000][6][gc,age      ] GC(57) - age  14:      22360 bytes,     476904 total
[2022-06-09T04:51:57.204+0000][6][gc,age      ] GC(57) - age  15:       1736 bytes,     478640 total
[2022-06-09T04:51:57.204+0000][6][gc,heap     ] GC(57) Eden regions: 26->0(26)
[2022-06-09T04:51:57.204+0000][6][gc,heap     ] GC(57) Survivor regions: 1->1(4)
[2022-06-09T04:51:57.204+0000][6][gc,heap     ] GC(57) Old regions: 22->22
[2022-06-09T04:51:57.204+0000][6][gc,heap     ] GC(57) Archive regions: 2->2
[2022-06-09T04:51:57.204+0000][6][gc,heap     ] GC(57) Humongous regions: 2->2
[2022-06-09T04:51:57.204+0000][6][gc,metaspace] GC(57) Metaspace: 109134K(113472K)->109134K(113472K) NonClass: 94453K(97024K)->94453K(97024K) Class: 14681K(16448K)->14681K(16448K)
[2022-06-09T04:51:57.204+0000][6][gc          ] GC(57) Pause Young (Concurrent Start) (G1 Evacuation Pause) 201M->97M(256M) 5.416ms
[2022-06-09T04:51:57.204+0000][6][gc,cpu      ] GC(57) User=0.00s Sys=0.00s Real=0.00s
[2022-06-09T04:51:57.204+0000][6][safepoint   ] Safepoint "G1CollectForAllocation", Time since last: 19838496366 ns, Reaching safepoint: 155702 ns, At safepoint: 5471302 ns, Total: 5627004 ns
[2022-06-09T04:51:57.204+0000][6][gc          ] GC(58) Concurrent Mark Cycle
[2022-06-09T04:51:57.204+0000][6][gc,marking  ] GC(58) Concurrent Clear Claimed Marks
[2022-06-09T04:51:57.204+0000][6][gc,marking  ] GC(58) Concurrent Clear Claimed Marks 0.042ms
[2022-06-09T04:51:57.204+0000][6][gc,marking  ] GC(58) Concurrent Scan Root Regions
[2022-06-09T04:51:57.205+0000][6][gc,marking  ] GC(58) Concurrent Scan Root Regions 1.454ms
[2022-06-09T04:51:57.205+0000][6][gc,marking  ] GC(58) Concurrent Mark
[2022-06-09T04:51:57.205+0000][6][gc,marking  ] GC(58) Concurrent Mark From Roots
[2022-06-09T04:51:57.205+0000][6][gc,task     ] GC(58) Using 1 workers of 1 for marking
[2022-06-09T04:51:57.324+0000][6][gc,marking  ] GC(58) Concurrent Mark From Roots 118.287ms
[2022-06-09T04:51:57.324+0000][6][gc,marking  ] GC(58) Concurrent Preclean
[2022-06-09T04:51:57.324+0000][6][gc,marking  ] GC(58) Concurrent Preclean 0.113ms
[2022-06-09T04:51:57.324+0000][6][gc,start    ] GC(58) Pause Remark
[2022-06-09T04:51:57.339+0000][6][gc          ] GC(58) Pause Remark 99M->99M(256M) 15.043ms
[2022-06-09T04:51:57.339+0000][6][gc,cpu      ] GC(58) User=0.01s Sys=0.00s Real=0.02s
[2022-06-09T04:51:57.339+0000][6][safepoint   ] Safepoint "G1Concurrent", Time since last: 120054895 ns, Reaching safepoint: 24437 ns, At safepoint: 15127079 ns, Total: 15151516 ns
[2022-06-09T04:51:57.339+0000][6][gc,marking  ] GC(58) Concurrent Mark 133.656ms
[2022-06-09T04:51:57.339+0000][6][gc,marking  ] GC(58) Concurrent Rebuild Remembered Sets
[2022-06-09T04:51:57.405+0000][6][gc,marking  ] GC(58) Concurrent Rebuild Remembered Sets 65.784ms
[2022-06-09T04:51:57.405+0000][6][gc,start    ] GC(58) Pause Cleanup
[2022-06-09T04:51:57.405+0000][6][gc          ] GC(58) Pause Cleanup 99M->99M(256M) 0.052ms
[2022-06-09T04:51:57.405+0000][6][gc,cpu      ] GC(58) User=0.00s Sys=0.00s Real=0.00s
[2022-06-09T04:51:57.405+0000][6][safepoint   ] Safepoint "G1Concurrent", Time since last: 65878803 ns, Reaching safepoint: 23527 ns, At safepoint: 92413 ns, Total: 115940 ns
[2022-06-09T04:51:57.405+0000][6][gc,marking  ] GC(58) Concurrent Cleanup for Next Mark
[2022-06-09T04:51:57.406+0000][6][gc,marking  ] GC(58) Concurrent Cleanup for Next Mark 0.720ms
[2022-06-09T04:51:57.406+0000][6][gc          ] GC(58) Concurrent Mark Cycle 201.927ms
[2022-06-09T04:54:24.421+0000][6][safepoint   ] Safepoint "Cleanup", Time since last: 147016295751 ns, Reaching safepoint: 39064 ns, At safepoint: 4878 ns, Total: 43942 ns
[2022-06-09T04:54:29.422+0000][6][safepoint   ] Safepoint "Cleanup", Time since last: 5000655274 ns, Reaching safepoint: 63351 ns, At safepoint: 5047 ns, Total: 68398 ns
[2022-06-09T04:54:30.422+0000][6][safepoint   ] Safepoint "Cleanup", Time since last: 1000212355 ns, Reaching safepoint: 74223 ns, At safepoint: 9186 ns, Total: 83409 ns
[2022-06-09T04:54:46.424+0000][6][safepoint   ] Safepoint "Cleanup", Time since last: 16001973224 ns, Reaching safepoint: 40382 ns, At safepoint: 4969 ns, Total: 45351 ns
[2022-06-09T04:56:13.434+0000][6][safepoint   ] Safepoint "Cleanup", Time since last: 87009286493 ns, Reaching safepoint: 36318 ns, At safepoint: 4448 ns, Total: 40766 ns
[2022-06-09T04:56:50.339+0000][6][gc,start    ] GC(59) Pause Young (Normal) (G1 Evacuation Pause)
[2022-06-09T04:56:50.339+0000][6][gc,task     ] GC(59) Using 1 workers of 1 for evacuation
[2022-06-09T04:56:50.339+0000][6][gc,age      ] GC(59) Desired survivor size 8388608 bytes, new threshold 15 (max threshold 15)
[2022-06-09T04:56:50.344+0000][6][gc,phases   ] GC(59)   Pre Evacuate Collection Set: 0.1ms
[2022-06-09T04:56:50.344+0000][6][gc,phases   ] GC(59)   Merge Heap Roots: 0.1ms
[2022-06-09T04:56:50.344+0000][6][gc,phases   ] GC(59)   Evacuate Collection Set: 3.8ms
[2022-06-09T04:56:50.344+0000][6][gc,phases   ] GC(59)   Post Evacuate Collection Set: 1.0ms
[2022-06-09T04:56:50.344+0000][6][gc,phases   ] GC(59)   Other: 0.1ms
[2022-06-09T04:56:50.344+0000][6][gc,age      ] GC(59) Age table with threshold 15 (max threshold 15)
[2022-06-09T04:56:50.344+0000][6][gc,age      ] GC(59) - age   1:      16496 bytes,      16496 total
[2022-06-09T04:56:50.344+0000][6][gc,age      ] GC(59) - age   2:       2304 bytes,      18800 total
[2022-06-09T04:56:50.344+0000][6][gc,age      ] GC(59) - age   3:       5120 bytes,      23920 total
[2022-06-09T04:56:50.344+0000][6][gc,age      ] GC(59) - age   4:       3336 bytes,      27256 total
[2022-06-09T04:56:50.344+0000][6][gc,age      ] GC(59) - age   5:       3328 bytes,      30584 total
[2022-06-09T04:56:50.344+0000][6][gc,age      ] GC(59) - age   6:      22232 bytes,      52816 total
[2022-06-09T04:56:50.344+0000][6][gc,age      ] GC(59) - age   7:      25736 bytes,      78552 total
[2022-06-09T04:56:50.344+0000][6][gc,age      ] GC(59) - age   8:      46104 bytes,     124656 total
[2022-06-09T04:56:50.344+0000][6][gc,age      ] GC(59) - age  10:      65096 bytes,     189752 total
[2022-06-09T04:56:50.344+0000][6][gc,age      ] GC(59) - age  11:      33200 bytes,     222952 total
[2022-06-09T04:56:50.344+0000][6][gc,age      ] GC(59) - age  12:     105504 bytes,     328456 total
[2022-06-09T04:56:50.344+0000][6][gc,age      ] GC(59) - age  13:      32760 bytes,     361216 total
[2022-06-09T04:56:50.344+0000][6][gc,age      ] GC(59) - age  14:      56968 bytes,     418184 total
[2022-06-09T04:56:50.344+0000][6][gc,age      ] GC(59) - age  15:      22360 bytes,     440544 total
[2022-06-09T04:56:50.344+0000][6][gc,heap     ] GC(59) Eden regions: 26->0(26)
[2022-06-09T04:56:50.344+0000][6][gc,heap     ] GC(59) Survivor regions: 1->1(4)
[2022-06-09T04:56:50.344+0000][6][gc,heap     ] GC(59) Old regions: 22->22
[2022-06-09T04:56:50.344+0000][6][gc,heap     ] GC(59) Archive regions: 2->2
[2022-06-09T04:56:50.344+0000][6][gc,heap     ] GC(59) Humongous regions: 2->2
[2022-06-09T04:56:50.344+0000][6][gc,metaspace] GC(59) Metaspace: 109147K(113472K)->109147K(113472K) NonClass: 94465K(97024K)->94465K(97024K) Class: 14681K(16448K)->14681K(16448K)
[2022-06-09T04:56:50.344+0000][6][gc          ] GC(59) Pause Young (Normal) (G1 Evacuation Pause) 201M->97M(256M) 5.210ms
[2022-06-09T04:56:50.344+0000][6][gc,cpu      ] GC(59) User=0.01s Sys=0.00s Real=0.00s
[2022-06-09T04:56:50.344+0000][6][safepoint   ] Safepoint "G1CollectForAllocation", Time since last: 36905247959 ns, Reaching safepoint: 27491 ns, At safepoint: 5268844 ns, Total: 5296335 ns
[2022-06-09T04:57:24.348+0000][6][safepoint   ] Safepoint "Cleanup", Time since last: 34004216263 ns, Reaching safepoint: 38099 ns, At safepoint: 4560 ns, Total: 42659 ns
[2022-06-09T04:57:34.350+0000][6][safepoint   ] Safepoint "Cleanup", Time since last: 10001090779 ns, Reaching safepoint: 38858 ns, At safepoint: 4934 ns, Total: 43792 ns
[2022-06-09T04:58:00.353+0000][6][safepoint   ] Safepoint "Cleanup", Time since last: 26003033208 ns, Reaching safepoint: 44132 ns, At safepoint: 4913 ns, Total: 49045 ns
[2022-06-09T04:58:37.357+0000][6][safepoint   ] Safepoint "Cleanup", Time since last: 37004293020 ns, Reaching safepoint: 50281 ns, At safepoint: 5045 ns, Total: 55326 ns
[2022-06-09T04:59:03.360+0000][6][safepoint   ] Safepoint "Cleanup", Time since last: 26002904814 ns, Reaching safepoint: 42711 ns, At safepoint: 5085 ns, Total: 47796 ns
[2022-06-09T04:59:07.361+0000][6][safepoint   ] Safepoint "Cleanup", Time since last: 4000504003 ns, Reaching safepoint: 50719 ns, At safepoint: 8927 ns, Total: 59646 ns
[2022-06-09T04:59:34.364+0000][6][safepoint   ] Safepoint "Cleanup", Time since last: 27002946698 ns, Reaching safepoint: 42737 ns, At safepoint: 4596 ns, Total: 47333 ns
[2022-06-09T05:00:04.368+0000][6][safepoint   ] Safepoint "Cleanup", Time since last: 30004002115 ns, Reaching safepoint: 40272 ns, At safepoint: 5168 ns, Total: 45440 ns
[2022-06-09T05:00:05.368+0000][6][safepoint   ] Safepoint "Cleanup", Time since last: 1000147343 ns, Reaching safepoint: 54324 ns, At safepoint: 4637 ns, Total: 58961 ns
[2022-06-09T05:00:17.369+0000][6][safepoint   ] Safepoint "Cleanup", Time since last: 12001310869 ns, Reaching safepoint: 40319 ns, At safepoint: 5389 ns, Total: 45708 ns
[2022-06-09T05:00:31.371+0000][6][safepoint   ] Safepoint "Cleanup", Time since last: 14001509084 ns, Reaching safepoint: 38951 ns, At safepoint: 5510 ns, Total: 44461 ns
[2022-06-09T05:00:34.371+0000][6][safepoint   ] Safepoint "Cleanup", Time since last: 3000298340 ns, Reaching safepoint: 42726 ns, At safepoint: 11930 ns, Total: 54656 ns
[2022-06-09T05:01:14.376+0000][6][safepoint   ] Safepoint "Cleanup", Time since last: 40004839583 ns, Reaching safepoint: 36365 ns, At safepoint: 4563 ns, Total: 40928 ns
[2022-06-09T05:01:38.378+0000][6][safepoint   ] Safepoint "Cleanup", Time since last: 24002358115 ns, Reaching safepoint: 37436 ns, At safepoint: 4504 ns, Total: 41940 ns
[2022-06-09T05:01:38.684+0000][6][gc,start    ] GC(60) Pause Young (Concurrent Start) (G1 Evacuation Pause)
[2022-06-09T05:01:38.684+0000][6][gc,task     ] GC(60) Using 1 workers of 1 for evacuation
[2022-06-09T05:01:38.684+0000][6][gc,age      ] GC(60) Desired survivor size 8388608 bytes, new threshold 15 (max threshold 15)
[2022-06-09T05:01:38.689+0000][6][gc,phases   ] GC(60)   Pre Evacuate Collection Set: 0.2ms
[2022-06-09T05:01:38.689+0000][6][gc,phases   ] GC(60)   Merge Heap Roots: 0.0ms
[2022-06-09T05:01:38.689+0000][6][gc,phases   ] GC(60)   Evacuate Collection Set: 3.6ms
[2022-06-09T05:01:38.689+0000][6][gc,phases   ] GC(60)   Post Evacuate Collection Set: 1.0ms
[2022-06-09T05:01:38.689+0000][6][gc,phases   ] GC(60)   Other: 0.1ms
[2022-06-09T05:01:38.689+0000][6][gc,age      ] GC(60) Age table with threshold 15 (max threshold 15)
[2022-06-09T05:01:38.689+0000][6][gc,age      ] GC(60) - age   1:      56896 bytes,      56896 total
[2022-06-09T05:01:38.689+0000][6][gc,age      ] GC(60) - age   2:       3504 bytes,      60400 total
[2022-06-09T05:01:38.689+0000][6][gc,age      ] GC(60) - age   3:        920 bytes,      61320 total
[2022-06-09T05:01:38.689+0000][6][gc,age      ] GC(60) - age   4:       5120 bytes,      66440 total
[2022-06-09T05:01:38.689+0000][6][gc,age      ] GC(60) - age   5:       3336 bytes,      69776 total
[2022-06-09T05:01:38.689+0000][6][gc,age      ] GC(60) - age   6:       3328 bytes,      73104 total
[2022-06-09T05:01:38.689+0000][6][gc,age      ] GC(60) - age   7:      22032 bytes,      95136 total
[2022-06-09T05:01:38.689+0000][6][gc,age      ] GC(60) - age   8:      25736 bytes,     120872 total
[2022-06-09T05:01:38.689+0000][6][gc,age      ] GC(60) - age   9:      46104 bytes,     166976 total
[2022-06-09T05:01:38.689+0000][6][gc,age      ] GC(60) - age  11:      65096 bytes,     232072 total
[2022-06-09T05:01:38.689+0000][6][gc,age      ] GC(60) - age  12:      33200 bytes,     265272 total
[2022-06-09T05:01:38.689+0000][6][gc,age      ] GC(60) - age  13:     105504 bytes,     370776 total
[2022-06-09T05:01:38.689+0000][6][gc,age      ] GC(60) - age  14:      32760 bytes,     403536 total
[2022-06-09T05:01:38.689+0000][6][gc,age      ] GC(60) - age  15:      56968 bytes,     460504 total
[2022-06-09T05:01:38.689+0000][6][gc,heap     ] GC(60) Eden regions: 26->0(26)
[2022-06-09T05:01:38.689+0000][6][gc,heap     ] GC(60) Survivor regions: 1->1(4)
[2022-06-09T05:01:38.689+0000][6][gc,heap     ] GC(60) Old regions: 22->22
[2022-06-09T05:01:38.689+0000][6][gc,heap     ] GC(60) Archive regions: 2->2
[2022-06-09T05:01:38.689+0000][6][gc,heap     ] GC(60) Humongous regions: 2->2
[2022-06-09T05:01:38.689+0000][6][gc,metaspace] GC(60) Metaspace: 109204K(113472K)->109204K(113472K) NonClass: 94522K(97024K)->94522K(97024K) Class: 14681K(16448K)->14681K(16448K)
[2022-06-09T05:01:38.689+0000][6][gc          ] GC(60) Pause Young (Concurrent Start) (G1 Evacuation Pause) 201M->97M(256M) 5.199ms
[2022-06-09T05:01:38.690+0000][6][gc,cpu      ] GC(60) User=0.00s Sys=0.00s Real=0.01s
[2022-06-09T05:01:38.690+0000][6][safepoint   ] Safepoint "G1CollectForAllocation", Time since last: 305936912 ns, Reaching safepoint: 28432 ns, At safepoint: 5254171 ns, Total: 5282603 ns
[2022-06-09T05:01:38.690+0000][6][gc          ] GC(61) Concurrent Mark Cycle
[2022-06-09T05:01:38.690+0000][6][gc,marking  ] GC(61) Concurrent Clear Claimed Marks
[2022-06-09T05:01:38.690+0000][6][gc,marking  ] GC(61) Concurrent Clear Claimed Marks 0.042ms
[2022-06-09T05:01:38.690+0000][6][gc,marking  ] GC(61) Concurrent Scan Root Regions
[2022-06-09T05:01:38.691+0000][6][gc,marking  ] GC(61) Concurrent Scan Root Regions 1.551ms
[2022-06-09T05:01:38.691+0000][6][gc,marking  ] GC(61) Concurrent Mark
[2022-06-09T05:01:38.691+0000][6][gc,marking  ] GC(61) Concurrent Mark From Roots
[2022-06-09T05:01:38.691+0000][6][gc,task     ] GC(61) Using 1 workers of 1 for marking
[2022-06-09T05:01:38.809+0000][6][gc,marking  ] GC(61) Concurrent Mark From Roots 117.685ms
[2022-06-09T05:01:38.809+0000][6][gc,marking  ] GC(61) Concurrent Preclean
[2022-06-09T05:01:38.809+0000][6][gc,marking  ] GC(61) Concurrent Preclean 0.127ms
[2022-06-09T05:01:38.809+0000][6][gc,start    ] GC(61) Pause Remark
[2022-06-09T05:01:38.824+0000][6][gc          ] GC(61) Pause Remark 98M->98M(256M) 15.250ms
[2022-06-09T05:01:38.824+0000][6][gc,cpu      ] GC(61) User=0.01s Sys=0.00s Real=0.01s
[2022-06-09T05:01:38.824+0000][6][safepoint   ] Safepoint "G1Concurrent", Time since last: 119571197 ns, Reaching safepoint: 26955 ns, At safepoint: 15326824 ns, Total: 15353779 ns
[2022-06-09T05:01:38.824+0000][6][gc,marking  ] GC(61) Concurrent Mark 133.271ms
[2022-06-09T05:01:38.824+0000][6][gc,marking  ] GC(61) Concurrent Rebuild Remembered Sets
[2022-06-09T05:01:38.889+0000][6][gc,marking  ] GC(61) Concurrent Rebuild Remembered Sets 64.473ms
[2022-06-09T05:01:38.889+0000][6][gc,start    ] GC(61) Pause Cleanup
[2022-06-09T05:01:38.889+0000][6][gc          ] GC(61) Pause Cleanup 98M->98M(256M) 0.053ms
[2022-06-09T05:01:38.889+0000][6][gc,cpu      ] GC(61) User=0.00s Sys=0.00s Real=0.00s
[2022-06-09T05:01:38.889+0000][6][safepoint   ] Safepoint "G1Concurrent", Time since last: 64567309 ns, Reaching safepoint: 25147 ns, At safepoint: 91796 ns, Total: 116943 ns
[2022-06-09T05:01:38.889+0000][6][gc,marking  ] GC(61) Concurrent Cleanup for Next Mark
[2022-06-09T05:01:38.890+0000][6][gc,marking  ] GC(61) Concurrent Cleanup for Next Mark 0.651ms
[2022-06-09T05:01:38.890+0000][6][gc          ] GC(61) Concurrent Mark Cycle 200.252ms
[2022-06-09T05:02:07.892+0000][6][safepoint   ] Safepoint "Cleanup", Time since last: 29003280563 ns, Reaching safepoint: 53117 ns, At safepoint: 4770 ns, Total: 57887 ns
[2022-06-09T05:03:07.899+0000][6][safepoint   ] Safepoint "Cleanup", Time since last: 60006510782 ns, Reaching safepoint: 44134 ns, At safepoint: 4705 ns, Total: 48839 ns
[2022-06-09T05:03:29.901+0000][6][safepoint   ] Safepoint "Cleanup", Time since last: 22002401022 ns, Reaching safepoint: 40132 ns, At safepoint: 4700 ns, Total: 44832 ns
[2022-06-09T05:03:33.902+0000][6][safepoint   ] Safepoint "Cleanup", Time since last: 4000472376 ns, Reaching safepoint: 40564 ns, At safepoint: 4624 ns, Total: 45188 ns
[2022-06-09T05:04:47.910+0000][6][safepoint   ] Safepoint "Cleanup", Time since last: 74008066083 ns, Reaching safepoint: 43764 ns, At safepoint: 4676 ns, Total: 48440 ns
[2022-06-09T05:04:52.911+0000][6][safepoint   ] Safepoint "Cleanup", Time since last: 5000655666 ns, Reaching safepoint: 63044 ns, At safepoint: 9670 ns, Total: 72714 ns
[2022-06-09T05:05:03.912+0000][6][safepoint   ] Safepoint "Cleanup", Time since last: 11001355705 ns, Reaching safepoint: 44303 ns, At safepoint: 4760 ns, Total: 49063 ns
[2022-06-09T05:06:28.258+0000][6][gc,start    ] GC(62) Pause Young (Normal) (G1 Evacuation Pause)
[2022-06-09T05:06:28.258+0000][6][gc,task     ] GC(62) Using 1 workers of 1 for evacuation
[2022-06-09T05:06:28.258+0000][6][gc,age      ] GC(62) Desired survivor size 8388608 bytes, new threshold 15 (max threshold 15)
[2022-06-09T05:06:28.263+0000][6][gc,phases   ] GC(62)   Pre Evacuate Collection Set: 0.1ms
[2022-06-09T05:06:28.263+0000][6][gc,phases   ] GC(62)   Merge Heap Roots: 0.1ms
[2022-06-09T05:06:28.263+0000][6][gc,phases   ] GC(62)   Evacuate Collection Set: 3.9ms
[2022-06-09T05:06:28.263+0000][6][gc,phases   ] GC(62)   Post Evacuate Collection Set: 1.0ms
[2022-06-09T05:06:28.263+0000][6][gc,phases   ] GC(62)   Other: 0.1ms
[2022-06-09T05:06:28.263+0000][6][gc,age      ] GC(62) Age table with threshold 15 (max threshold 15)
[2022-06-09T05:06:28.263+0000][6][gc,age      ] GC(62) - age   1:      13376 bytes,      13376 total
[2022-06-09T05:06:28.263+0000][6][gc,age      ] GC(62) - age   2:       4184 bytes,      17560 total
[2022-06-09T05:06:28.263+0000][6][gc,age      ] GC(62) - age   3:       3504 bytes,      21064 total
[2022-06-09T05:06:28.263+0000][6][gc,age      ] GC(62) - age   4:        720 bytes,      21784 total
[2022-06-09T05:06:28.263+0000][6][gc,age      ] GC(62) - age   5:       4720 bytes,      26504 total
[2022-06-09T05:06:28.263+0000][6][gc,age      ] GC(62) - age   6:       3336 bytes,      29840 total
[2022-06-09T05:06:28.263+0000][6][gc,age      ] GC(62) - age   7:       3328 bytes,      33168 total
[2022-06-09T05:06:28.263+0000][6][gc,age      ] GC(62) - age   8:      22032 bytes,      55200 total
[2022-06-09T05:06:28.263+0000][6][gc,age      ] GC(62) - age   9:      25736 bytes,      80936 total
[2022-06-09T05:06:28.263+0000][6][gc,age      ] GC(62) - age  10:      46104 bytes,     127040 total
[2022-06-09T05:06:28.263+0000][6][gc,age      ] GC(62) - age  12:      65096 bytes,     192136 total
[2022-06-09T05:06:28.263+0000][6][gc,age      ] GC(62) - age  13:      33200 bytes,     225336 total
[2022-06-09T05:06:28.263+0000][6][gc,age      ] GC(62) - age  14:     105504 bytes,     330840 total
[2022-06-09T05:06:28.263+0000][6][gc,age      ] GC(62) - age  15:      32760 bytes,     363600 total
[2022-06-09T05:06:28.263+0000][6][gc,heap     ] GC(62) Eden regions: 26->0(26)
[2022-06-09T05:06:28.263+0000][6][gc,heap     ] GC(62) Survivor regions: 1->1(4)
[2022-06-09T05:06:28.264+0000][6][gc,heap     ] GC(62) Old regions: 22->22
[2022-06-09T05:06:28.264+0000][6][gc,heap     ] GC(62) Archive regions: 2->2
[2022-06-09T05:06:28.264+0000][6][gc,heap     ] GC(62) Humongous regions: 2->2
[2022-06-09T05:06:28.264+0000][6][gc,metaspace] GC(62) Metaspace: 109210K(113472K)->109210K(113472K) NonClass: 94528K(97024K)->94528K(97024K) Class: 14681K(16448K)->14681K(16448K)
[2022-06-09T05:06:28.264+0000][6][gc          ] GC(62) Pause Young (Normal) (G1 Evacuation Pause) 201M->97M(256M) 5.402ms
[2022-06-09T05:06:28.264+0000][6][gc,cpu      ] GC(62) User=0.01s Sys=0.00s Real=0.00s
[2022-06-09T05:06:28.264+0000][6][safepoint   ] Safepoint "G1CollectForAllocation", Time since last: 84345853794 ns, Reaching safepoint: 30943 ns, At safepoint: 5468417 ns, Total: 5499360 ns
[2022-06-09T05:06:53.266+0000][6][safepoint   ] Safepoint "Cleanup", Time since last: 25002681058 ns, Reaching safepoint: 41392 ns, At safepoint: 4571 ns, Total: 45963 ns
[2022-06-09T05:07:04.268+0000][6][safepoint   ] Safepoint "Cleanup", Time since last: 11001224216 ns, Reaching safepoint: 40962 ns, At safepoint: 4609 ns, Total: 45571 ns
[2022-06-09T05:08:04.275+0000][6][safepoint   ] Safepoint "Cleanup", Time since last: 60007534270 ns, Reaching safepoint: 49290 ns, At safepoint: 4862 ns, Total: 54152 ns
[2022-06-09T05:09:37.285+0000][6][safepoint   ] Safepoint "Cleanup", Time since last: 93009906423 ns, Reaching safepoint: 41326 ns, At safepoint: 4185 ns, Total: 45511 ns
[2022-06-09T05:09:40.286+0000][6][safepoint   ] Safepoint "Cleanup", Time since last: 3000344383 ns, Reaching safepoint: 40155 ns, At safepoint: 4875 ns, Total: 45030 ns
[2022-06-09T05:10:04.288+0000][6][safepoint   ] Safepoint "Cleanup", Time since last: 24002448355 ns, Reaching safepoint: 43521 ns, At safepoint: 4882 ns, Total: 48403 ns
[2022-06-09T05:10:05.288+0000][6][safepoint   ] Safepoint "Cleanup", Time since last: 1000148064 ns, Reaching safepoint: 42299 ns, At safepoint: 5364 ns, Total: 47663 ns
[2022-06-09T05:10:29.291+0000][6][safepoint   ] Safepoint "Cleanup", Time since last: 24002889153 ns, Reaching safepoint: 45142 ns, At safepoint: 28550 ns, Total: 73692 ns
[2022-06-09T05:11:04.295+0000][6][safepoint   ] Safepoint "Cleanup", Time since last: 35003974425 ns, Reaching safepoint: 49213 ns, At safepoint: 5045 ns, Total: 54258 ns
[2022-06-09T05:11:17.521+0000][6][gc,start    ] GC(63) Pause Young (Concurrent Start) (G1 Evacuation Pause)
[2022-06-09T05:11:17.521+0000][6][gc,task     ] GC(63) Using 1 workers of 1 for evacuation
[2022-06-09T05:11:17.521+0000][6][gc,age      ] GC(63) Desired survivor size 8388608 bytes, new threshold 15 (max threshold 15)
[2022-06-09T05:11:17.526+0000][6][gc,phases   ] GC(63)   Pre Evacuate Collection Set: 0.2ms
[2022-06-09T05:11:17.526+0000][6][gc,phases   ] GC(63)   Merge Heap Roots: 0.0ms
[2022-06-09T05:11:17.526+0000][6][gc,phases   ] GC(63)   Evacuate Collection Set: 3.6ms
[2022-06-09T05:11:17.526+0000][6][gc,phases   ] GC(63)   Post Evacuate Collection Set: 1.0ms
[2022-06-09T05:11:17.526+0000][6][gc,phases   ] GC(63)   Other: 0.1ms
[2022-06-09T05:11:17.526+0000][6][gc,age      ] GC(63) Age table with threshold 15 (max threshold 15)
[2022-06-09T05:11:17.526+0000][6][gc,age      ] GC(63) - age   1:      61448 bytes,      61448 total
[2022-06-09T05:11:17.526+0000][6][gc,age      ] GC(63) - age   2:        400 bytes,      61848 total
[2022-06-09T05:11:17.526+0000][6][gc,age      ] GC(63) - age   3:       2800 bytes,      64648 total
[2022-06-09T05:11:17.526+0000][6][gc,age      ] GC(63) - age   4:       3112 bytes,      67760 total
[2022-06-09T05:11:17.526+0000][6][gc,age      ] GC(63) - age   5:        448 bytes,      68208 total
[2022-06-09T05:11:17.526+0000][6][gc,age      ] GC(63) - age   6:       4720 bytes,      72928 total
[2022-06-09T05:11:17.526+0000][6][gc,age      ] GC(63) - age   7:       3336 bytes,      76264 total
[2022-06-09T05:11:17.526+0000][6][gc,age      ] GC(63) - age   8:       3328 bytes,      79592 total
[2022-06-09T05:11:17.526+0000][6][gc,age      ] GC(63) - age   9:      22032 bytes,     101624 total
[2022-06-09T05:11:17.526+0000][6][gc,age      ] GC(63) - age  10:      25736 bytes,     127360 total
[2022-06-09T05:11:17.526+0000][6][gc,age      ] GC(63) - age  11:      46104 bytes,     173464 total
[2022-06-09T05:11:17.526+0000][6][gc,age      ] GC(63) - age  13:      65096 bytes,     238560 total
[2022-06-09T05:11:17.526+0000][6][gc,age      ] GC(63) - age  14:      33200 bytes,     271760 total
[2022-06-09T05:11:17.526+0000][6][gc,age      ] GC(63) - age  15:     105504 bytes,     377264 total
[2022-06-09T05:11:17.526+0000][6][gc,heap     ] GC(63) Eden regions: 26->0(26)
[2022-06-09T05:11:17.526+0000][6][gc,heap     ] GC(63) Survivor regions: 1->1(4)
[2022-06-09T05:11:17.526+0000][6][gc,heap     ] GC(63) Old regions: 22->22
[2022-06-09T05:11:17.526+0000][6][gc,heap     ] GC(63) Archive regions: 2->2
[2022-06-09T05:11:17.526+0000][6][gc,heap     ] GC(63) Humongous regions: 2->2
[2022-06-09T05:11:17.526+0000][6][gc,metaspace] GC(63) Metaspace: 109250K(113472K)->109250K(113472K) NonClass: 94568K(97024K)->94568K(97024K) Class: 14682K(16448K)->14682K(16448K)
[2022-06-09T05:11:17.527+0000][6][gc          ] GC(63) Pause Young (Concurrent Start) (G1 Evacuation Pause) 201M->97M(256M) 5.259ms
[2022-06-09T05:11:17.527+0000][6][gc,cpu      ] GC(63) User=0.00s Sys=0.00s Real=0.01s
[2022-06-09T05:11:17.527+0000][6][safepoint   ] Safepoint "G1CollectForAllocation", Time since last: 13225992779 ns, Reaching safepoint: 26851 ns, At safepoint: 5328436 ns, Total: 5355287 ns
[2022-06-09T05:11:17.527+0000][6][gc          ] GC(64) Concurrent Mark Cycle
[2022-06-09T05:11:17.527+0000][6][gc,marking  ] GC(64) Concurrent Clear Claimed Marks
[2022-06-09T05:11:17.527+0000][6][gc,marking  ] GC(64) Concurrent Clear Claimed Marks 0.049ms
[2022-06-09T05:11:17.527+0000][6][gc,marking  ] GC(64) Concurrent Scan Root Regions
[2022-06-09T05:11:17.528+0000][6][gc,marking  ] GC(64) Concurrent Scan Root Regions 1.447ms
[2022-06-09T05:11:17.528+0000][6][gc,marking  ] GC(64) Concurrent Mark
[2022-06-09T05:11:17.528+0000][6][gc,marking  ] GC(64) Concurrent Mark From Roots
[2022-06-09T05:11:17.528+0000][6][gc,task     ] GC(64) Using 1 workers of 1 for marking
[2022-06-09T05:11:17.649+0000][6][gc,marking  ] GC(64) Concurrent Mark From Roots 121.169ms
[2022-06-09T05:11:17.649+0000][6][gc,marking  ] GC(64) Concurrent Preclean
[2022-06-09T05:11:17.649+0000][6][gc,marking  ] GC(64) Concurrent Preclean 0.141ms
[2022-06-09T05:11:17.650+0000][6][gc,start    ] GC(64) Pause Remark
[2022-06-09T05:11:17.665+0000][6][gc          ] GC(64) Pause Remark 98M->98M(256M) 15.752ms
[2022-06-09T05:11:17.665+0000][6][gc,cpu      ] GC(64) User=0.02s Sys=0.00s Real=0.01s
[2022-06-09T05:11:17.665+0000][6][safepoint   ] Safepoint "G1Concurrent", Time since last: 122946381 ns, Reaching safepoint: 27541 ns, At safepoint: 15836468 ns, Total: 15864009 ns
[2022-06-09T05:11:17.665+0000][6][gc,marking  ] GC(64) Concurrent Mark 137.285ms
[2022-06-09T05:11:17.665+0000][6][gc,marking  ] GC(64) Concurrent Rebuild Remembered Sets
[2022-06-09T05:11:17.731+0000][6][gc,marking  ] GC(64) Concurrent Rebuild Remembered Sets 65.693ms
[2022-06-09T05:11:17.731+0000][6][gc,start    ] GC(64) Pause Cleanup
[2022-06-09T05:11:17.731+0000][6][gc          ] GC(64) Pause Cleanup 98M->98M(256M) 0.054ms
[2022-06-09T05:11:17.731+0000][6][gc,cpu      ] GC(64) User=0.00s Sys=0.00s Real=0.00s
[2022-06-09T05:11:17.731+0000][6][safepoint   ] Safepoint "G1Concurrent", Time since last: 65798667 ns, Reaching safepoint: 25022 ns, At safepoint: 93164 ns, Total: 118186 ns
[2022-06-09T05:11:17.731+0000][6][gc,marking  ] GC(64) Concurrent Cleanup for Next Mark
[2022-06-09T05:11:17.732+0000][6][gc,marking  ] GC(64) Concurrent Cleanup for Next Mark 0.679ms
[2022-06-09T05:11:17.732+0000][6][gc          ] GC(64) Concurrent Mark Cycle 205.422ms
[2022-06-09T05:11:37.734+0000][6][safepoint   ] Safepoint "Cleanup", Time since last: 20002241750 ns, Reaching safepoint: 43826 ns, At safepoint: 4910 ns, Total: 48736 ns
[2022-06-09T05:12:07.737+0000][6][safepoint   ] Safepoint "Cleanup", Time since last: 30003163786 ns, Reaching safepoint: 51425 ns, At safepoint: 4938 ns, Total: 56363 ns
[2022-06-09T05:13:04.743+0000][6][safepoint   ] Safepoint "Cleanup", Time since last: 57005921319 ns, Reaching safepoint: 40490 ns, At safepoint: 4481 ns, Total: 44971 ns
[2022-06-09T05:13:34.746+0000][6][safepoint   ] Safepoint "Cleanup", Time since last: 30003070557 ns, Reaching safepoint: 42724 ns, At safepoint: 5180 ns, Total: 47904 ns
[2022-06-09T05:13:38.746+0000][6][safepoint   ] Safepoint "Cleanup", Time since last: 4000438604 ns, Reaching safepoint: 45538 ns, At safepoint: 4708 ns, Total: 50246 ns
[2022-06-09T05:13:40.747+0000][6][safepoint   ] Safepoint "Cleanup", Time since last: 2000266073 ns, Reaching safepoint: 40614 ns, At safepoint: 5010 ns, Total: 45624 ns
[2022-06-09T05:14:04.749+0000][6][safepoint   ] Safepoint "Cleanup", Time since last: 24002425116 ns, Reaching safepoint: 40911 ns, At safepoint: 5127 ns, Total: 46038 ns
[2022-06-09T05:14:35.753+0000][6][safepoint   ] Safepoint "Cleanup", Time since last: 31003357322 ns, Reaching safepoint: 43250 ns, At safepoint: 4965 ns, Total: 48215 ns
[2022-06-09T05:14:37.753+0000][6][safepoint   ] Safepoint "Cleanup", Time since last: 2000250697 ns, Reaching safepoint: 39772 ns, At safepoint: 4725 ns, Total: 44497 ns
[2022-06-09T05:15:34.759+0000][6][safepoint   ] Safepoint "Cleanup", Time since last: 57005803684 ns, Reaching safepoint: 38124 ns, At safepoint: 27265 ns, Total: 65389 ns
[2022-06-09T05:16:07.762+0000][6][safepoint   ] Safepoint "Cleanup", Time since last: 33003415947 ns, Reaching safepoint: 43974 ns, At safepoint: 5205 ns, Total: 49179 ns
[2022-06-09T05:16:08.734+0000][6][gc,start    ] GC(65) Pause Young (Normal) (G1 Evacuation Pause)
[2022-06-09T05:16:08.734+0000][6][gc,task     ] GC(65) Using 1 workers of 1 for evacuation
[2022-06-09T05:16:08.734+0000][6][gc,age      ] GC(65) Desired survivor size 8388608 bytes, new threshold 15 (max threshold 15)
[2022-06-09T05:16:08.739+0000][6][gc,phases   ] GC(65)   Pre Evacuate Collection Set: 0.0ms
[2022-06-09T05:16:08.739+0000][6][gc,phases   ] GC(65)   Merge Heap Roots: 0.1ms
[2022-06-09T05:16:08.739+0000][6][gc,phases   ] GC(65)   Evacuate Collection Set: 3.5ms
[2022-06-09T05:16:08.739+0000][6][gc,phases   ] GC(65)   Post Evacuate Collection Set: 1.0ms
[2022-06-09T05:16:08.739+0000][6][gc,phases   ] GC(65)   Other: 0.1ms
[2022-06-09T05:16:08.739+0000][6][gc,age      ] GC(65) Age table with threshold 15 (max threshold 15)
[2022-06-09T05:16:08.739+0000][6][gc,age      ] GC(65) - age   1:      14864 bytes,      14864 total
[2022-06-09T05:16:08.739+0000][6][gc,age      ] GC(65) - age   2:       7712 bytes,      22576 total
[2022-06-09T05:16:08.739+0000][6][gc,age      ] GC(65) - age   4:       2800 bytes,      25376 total
[2022-06-09T05:16:08.739+0000][6][gc,age      ] GC(65) - age   5:       3112 bytes,      28488 total
[2022-06-09T05:16:08.739+0000][6][gc,age      ] GC(65) - age   6:        448 bytes,      28936 total
[2022-06-09T05:16:08.739+0000][6][gc,age      ] GC(65) - age   7:       4720 bytes,      33656 total
[2022-06-09T05:16:08.739+0000][6][gc,age      ] GC(65) - age   8:       3336 bytes,      36992 total
[2022-06-09T05:16:08.739+0000][6][gc,age      ] GC(65) - age   9:       3328 bytes,      40320 total
[2022-06-09T05:16:08.739+0000][6][gc,age      ] GC(65) - age  10:      22032 bytes,      62352 total
[2022-06-09T05:16:08.739+0000][6][gc,age      ] GC(65) - age  11:      25736 bytes,      88088 total
[2022-06-09T05:16:08.739+0000][6][gc,age      ] GC(65) - age  12:      46104 bytes,     134192 total
[2022-06-09T05:16:08.739+0000][6][gc,age      ] GC(65) - age  14:      65096 bytes,     199288 total
[2022-06-09T05:16:08.739+0000][6][gc,age      ] GC(65) - age  15:      33200 bytes,     232488 total
[2022-06-09T05:16:08.739+0000][6][gc,heap     ] GC(65) Eden regions: 26->0(26)
[2022-06-09T05:16:08.739+0000][6][gc,heap     ] GC(65) Survivor regions: 1->1(4)
[2022-06-09T05:16:08.739+0000][6][gc,heap     ] GC(65) Old regions: 22->22
[2022-06-09T05:16:08.739+0000][6][gc,heap     ] GC(65) Archive regions: 2->2
[2022-06-09T05:16:08.739+0000][6][gc,heap     ] GC(65) Humongous regions: 2->2
[2022-06-09T05:16:08.739+0000][6][gc,metaspace] GC(65) Metaspace: 109308K(113472K)->109308K(113472K) NonClass: 94625K(97024K)->94625K(97024K) Class: 14682K(16448K)->14682K(16448K)
[2022-06-09T05:16:08.739+0000][6][gc          ] GC(65) Pause Young (Normal) (G1 Evacuation Pause) 201M->97M(256M) 5.008ms
[2022-06-09T05:16:08.739+0000][6][gc,cpu      ] GC(65) User=0.00s Sys=0.01s Real=0.01s
[2022-06-09T05:16:08.739+0000][6][safepoint   ] Safepoint "G1CollectForAllocation", Time since last: 971532051 ns, Reaching safepoint: 155786 ns, At safepoint: 5066439 ns, Total: 5222225 ns
[2022-06-09T05:17:07.758+0000][6][safepoint   ] Safepoint "Cleanup", Time since last: 59019251876 ns, Reaching safepoint: 56087 ns, At safepoint: 4766 ns, Total: 60853 ns
[2022-06-09T05:18:07.774+0000][6][safepoint   ] Safepoint "Cleanup", Time since last: 60016120128 ns, Reaching safepoint: 56121 ns, At safepoint: 25773 ns, Total: 81894 ns
[2022-06-09T05:19:45.786+0000][6][safepoint   ] Safepoint "Cleanup", Time since last: 98011278550 ns, Reaching safepoint: 54450 ns, At safepoint: 4545 ns, Total: 58995 ns
[2022-06-09T05:20:04.788+0000][6][safepoint   ] Safepoint "Cleanup", Time since last: 19002304904 ns, Reaching safepoint: 39014 ns, At safepoint: 4685 ns, Total: 43699 ns
[2022-06-09T05:20:05.788+0000][6][safepoint   ] Safepoint "Cleanup", Time since last: 1000129778 ns, Reaching safepoint: 42705 ns, At safepoint: 4731 ns, Total: 47436 ns
[2022-06-09T05:20:14.789+0000][6][safepoint   ] Safepoint "Cleanup", Time since last: 9000812158 ns, Reaching safepoint: 37400 ns, At safepoint: 4530 ns, Total: 41930 ns
[2022-06-09T05:20:19.790+0000][6][safepoint   ] Safepoint "Cleanup", Time since last: 5000445913 ns, Reaching safepoint: 47705 ns, At safepoint: 5295 ns, Total: 53000 ns
[2022-06-09T05:20:34.791+0000][6][safepoint   ] Safepoint "Cleanup", Time since last: 15001532035 ns, Reaching safepoint: 41213 ns, At safepoint: 4948 ns, Total: 46161 ns
[2022-06-09T05:21:01.492+0000][6][gc,start    ] GC(66) Pause Young (Concurrent Start) (G1 Evacuation Pause)
[2022-06-09T05:21:01.492+0000][6][gc,task     ] GC(66) Using 1 workers of 1 for evacuation
[2022-06-09T05:21:01.492+0000][6][gc,age      ] GC(66) Desired survivor size 8388608 bytes, new threshold 15 (max threshold 15)
[2022-06-09T05:21:01.497+0000][6][gc,phases   ] GC(66)   Pre Evacuate Collection Set: 0.2ms
[2022-06-09T05:21:01.497+0000][6][gc,phases   ] GC(66)   Merge Heap Roots: 0.0ms
[2022-06-09T05:21:01.497+0000][6][gc,phases   ] GC(66)   Evacuate Collection Set: 2.8ms
[2022-06-09T05:21:01.497+0000][6][gc,phases   ] GC(66)   Post Evacuate Collection Set: 1.0ms
[2022-06-09T05:21:01.497+0000][6][gc,phases   ] GC(66)   Other: 0.1ms
[2022-06-09T05:21:01.497+0000][6][gc,age      ] GC(66) Age table with threshold 15 (max threshold 15)
[2022-06-09T05:21:01.497+0000][6][gc,age      ] GC(66) - age   1:      61736 bytes,      61736 total
[2022-06-09T05:21:01.497+0000][6][gc,age      ] GC(66) - age   2:       2184 bytes,      63920 total
[2022-06-09T05:21:01.497+0000][6][gc,age      ] GC(66) - age   3:       5928 bytes,      69848 total
[2022-06-09T05:21:01.497+0000][6][gc,age      ] GC(66) - age   5:       2800 bytes,      72648 total
[2022-06-09T05:21:01.497+0000][6][gc,age      ] GC(66) - age   6:       3112 bytes,      75760 total
[2022-06-09T05:21:01.497+0000][6][gc,age      ] GC(66) - age   7:        448 bytes,      76208 total
[2022-06-09T05:21:01.497+0000][6][gc,age      ] GC(66) - age   8:       4720 bytes,      80928 total
[2022-06-09T05:21:01.497+0000][6][gc,age      ] GC(66) - age   9:       3336 bytes,      84264 total
[2022-06-09T05:21:01.497+0000][6][gc,age      ] GC(66) - age  10:       3328 bytes,      87592 total
[2022-06-09T05:21:01.497+0000][6][gc,age      ] GC(66) - age  11:      21832 bytes,     109424 total
[2022-06-09T05:21:01.497+0000][6][gc,age      ] GC(66) - age  12:      25736 bytes,     135160 total
[2022-06-09T05:21:01.497+0000][6][gc,age      ] GC(66) - age  13:      46104 bytes,     181264 total
[2022-06-09T05:21:01.497+0000][6][gc,age      ] GC(66) - age  15:      65096 bytes,     246360 total
[2022-06-09T05:21:01.497+0000][6][gc,heap     ] GC(66) Eden regions: 26->0(26)
[2022-06-09T05:21:01.497+0000][6][gc,heap     ] GC(66) Survivor regions: 1->1(4)
[2022-06-09T05:21:01.497+0000][6][gc,heap     ] GC(66) Old regions: 22->22
[2022-06-09T05:21:01.497+0000][6][gc,heap     ] GC(66) Archive regions: 2->2
[2022-06-09T05:21:01.497+0000][6][gc,heap     ] GC(66) Humongous regions: 2->2
[2022-06-09T05:21:01.497+0000][6][gc,metaspace] GC(66) Metaspace: 109317K(113472K)->109317K(113472K) NonClass: 94635K(97024K)->94635K(97024K) Class: 14682K(16448K)->14682K(16448K)
[2022-06-09T05:21:01.497+0000][6][gc          ] GC(66) Pause Young (Concurrent Start) (G1 Evacuation Pause) 201M->97M(256M) 4.458ms
[2022-06-09T05:21:01.497+0000][6][gc,cpu      ] GC(66) User=0.00s Sys=0.00s Real=0.01s
[2022-06-09T05:21:01.497+0000][6][safepoint   ] Safepoint "G1CollectForAllocation", Time since last: 26701119291 ns, Reaching safepoint: 29716 ns, At safepoint: 4516926 ns, Total: 4546642 ns
[2022-06-09T05:21:01.497+0000][6][gc          ] GC(67) Concurrent Mark Cycle
[2022-06-09T05:21:01.497+0000][6][gc,marking  ] GC(67) Concurrent Clear Claimed Marks
[2022-06-09T05:21:01.497+0000][6][gc,marking  ] GC(67) Concurrent Clear Claimed Marks 0.042ms
[2022-06-09T05:21:01.497+0000][6][gc,marking  ] GC(67) Concurrent Scan Root Regions
[2022-06-09T05:21:01.499+0000][6][gc,marking  ] GC(67) Concurrent Scan Root Regions 1.492ms
[2022-06-09T05:21:01.499+0000][6][gc,marking  ] GC(67) Concurrent Mark
[2022-06-09T05:21:01.499+0000][6][gc,marking  ] GC(67) Concurrent Mark From Roots
[2022-06-09T05:21:01.499+0000][6][gc,task     ] GC(67) Using 1 workers of 1 for marking
[2022-06-09T05:21:01.616+0000][6][gc,marking  ] GC(67) Concurrent Mark From Roots 117.363ms
[2022-06-09T05:21:01.616+0000][6][gc,marking  ] GC(67) Concurrent Preclean
[2022-06-09T05:21:01.616+0000][6][gc,marking  ] GC(67) Concurrent Preclean 0.128ms
[2022-06-09T05:21:01.616+0000][6][gc,start    ] GC(67) Pause Remark
[2022-06-09T05:21:01.632+0000][6][gc          ] GC(67) Pause Remark 99M->99M(256M) 15.648ms
[2022-06-09T05:21:01.632+0000][6][gc,cpu      ] GC(67) User=0.01s Sys=0.00s Real=0.01s
[2022-06-09T05:21:01.632+0000][6][safepoint   ] Safepoint "G1Concurrent", Time since last: 119268201 ns, Reaching safepoint: 28255 ns, At safepoint: 15736123 ns, Total: 15764378 ns
[2022-06-09T05:21:01.632+0000][6][gc,marking  ] GC(67) Concurrent Mark 133.375ms
[2022-06-09T05:21:01.632+0000][6][gc,marking  ] GC(67) Concurrent Rebuild Remembered Sets
[2022-06-09T05:21:01.697+0000][6][gc,marking  ] GC(67) Concurrent Rebuild Remembered Sets 65.043ms
[2022-06-09T05:21:01.697+0000][6][gc,start    ] GC(67) Pause Cleanup
[2022-06-09T05:21:01.697+0000][6][gc          ] GC(67) Pause Cleanup 99M->99M(256M) 0.062ms
[2022-06-09T05:21:01.697+0000][6][gc,cpu      ] GC(67) User=0.00s Sys=0.00s Real=0.00s
[2022-06-09T05:21:01.697+0000][6][safepoint   ] Safepoint "G1Concurrent", Time since last: 65144583 ns, Reaching safepoint: 166699 ns, At safepoint: 103885 ns, Total: 270584 ns
[2022-06-09T05:21:01.697+0000][6][gc,marking  ] GC(67) Concurrent Cleanup for Next Mark
[2022-06-09T05:21:01.698+0000][6][gc,marking  ] GC(67) Concurrent Cleanup for Next Mark 0.660ms
[2022-06-09T05:21:01.698+0000][6][gc          ] GC(67) Concurrent Mark Cycle 201.125ms
[2022-06-09T05:21:04.698+0000][6][safepoint   ] Safepoint "Cleanup", Time since last: 3000369859 ns, Reaching safepoint: 40619 ns, At safepoint: 4731 ns, Total: 45350 ns
[2022-06-09T05:22:07.705+0000][6][safepoint   ] Safepoint "Cleanup", Time since last: 63006733797 ns, Reaching safepoint: 45294 ns, At safepoint: 5375 ns, Total: 50669 ns
[2022-06-09T05:22:08.705+0000][6][safepoint   ] Safepoint "Cleanup", Time since last: 1000163196 ns, Reaching safepoint: 41323 ns, At safepoint: 5113 ns, Total: 46436 ns
[2022-06-09T05:22:10.705+0000][6][safepoint   ] Safepoint "Cleanup", Time since last: 2000273394 ns, Reaching safepoint: 39617 ns, At safepoint: 4515 ns, Total: 44132 ns
[2022-06-09T05:22:34.708+0000][6][safepoint   ] Safepoint "Cleanup", Time since last: 24002561574 ns, Reaching safepoint: 40335 ns, At safepoint: 4723 ns, Total: 45058 ns
[2022-06-09T05:22:37.708+0000][6][safepoint   ] Safepoint "Cleanup", Time since last: 3000346031 ns, Reaching safepoint: 42031 ns, At safepoint: 5280 ns, Total: 47311 ns
[2022-06-09T05:23:34.715+0000][6][safepoint   ] Safepoint "Cleanup", Time since last: 57007010887 ns, Reaching safepoint: 43494 ns, At safepoint: 31232 ns, Total: 74726 ns
[2022-06-09T05:25:52.897+0000][6][gc,start    ] GC(68) Pause Young (Normal) (G1 Evacuation Pause)
[2022-06-09T05:25:52.898+0000][6][gc,task     ] GC(68) Using 1 workers of 1 for evacuation
[2022-06-09T05:25:52.898+0000][6][gc,age      ] GC(68) Desired survivor size 8388608 bytes, new threshold 15 (max threshold 15)
[2022-06-09T05:25:52.901+0000][6][gc,phases   ] GC(68)   Pre Evacuate Collection Set: 0.1ms
[2022-06-09T05:25:52.901+0000][6][gc,phases   ] GC(68)   Merge Heap Roots: 0.1ms
[2022-06-09T05:25:52.901+0000][6][gc,phases   ] GC(68)   Evacuate Collection Set: 2.7ms
[2022-06-09T05:25:52.901+0000][6][gc,phases   ] GC(68)   Post Evacuate Collection Set: 1.0ms
[2022-06-09T05:25:52.901+0000][6][gc,phases   ] GC(68)   Other: 0.1ms
[2022-06-09T05:25:52.901+0000][6][gc,age      ] GC(68) Age table with threshold 15 (max threshold 15)
[2022-06-09T05:25:52.901+0000][6][gc,age      ] GC(68) - age   1:      15472 bytes,      15472 total
[2022-06-09T05:25:52.901+0000][6][gc,age      ] GC(68) - age   2:       4360 bytes,      19832 total
[2022-06-09T05:25:52.902+0000][6][gc,age      ] GC(68) - age   3:       2184 bytes,      22016 total
[2022-06-09T05:25:52.902+0000][6][gc,age      ] GC(68) - age   4:       5536 bytes,      27552 total
[2022-06-09T05:25:52.902+0000][6][gc,age      ] GC(68) - age   6:       2400 bytes,      29952 total
[2022-06-09T05:25:52.902+0000][6][gc,age      ] GC(68) - age   7:       3112 bytes,      33064 total
[2022-06-09T05:25:52.902+0000][6][gc,age      ] GC(68) - age   8:        448 bytes,      33512 total
[2022-06-09T05:25:52.902+0000][6][gc,age      ] GC(68) - age   9:       4720 bytes,      38232 total
[2022-06-09T05:25:52.902+0000][6][gc,age      ] GC(68) - age  10:       3336 bytes,      41568 total
[2022-06-09T05:25:52.902+0000][6][gc,age      ] GC(68) - age  11:       3328 bytes,      44896 total
[2022-06-09T05:25:52.902+0000][6][gc,age      ] GC(68) - age  12:      21832 bytes,      66728 total
[2022-06-09T05:25:52.902+0000][6][gc,age      ] GC(68) - age  13:      25736 bytes,      92464 total
[2022-06-09T05:25:52.902+0000][6][gc,age      ] GC(68) - age  14:      46104 bytes,     138568 total
[2022-06-09T05:25:52.902+0000][6][gc,heap     ] GC(68) Eden regions: 26->0(26)
[2022-06-09T05:25:52.902+0000][6][gc,heap     ] GC(68) Survivor regions: 1->1(4)
[2022-06-09T05:25:52.902+0000][6][gc,heap     ] GC(68) Old regions: 22->22
[2022-06-09T05:25:52.902+0000][6][gc,heap     ] GC(68) Archive regions: 2->2
[2022-06-09T05:25:52.902+0000][6][gc,heap     ] GC(68) Humongous regions: 2->2
[2022-06-09T05:25:52.902+0000][6][gc,metaspace] GC(68) Metaspace: 109319K(113472K)->109319K(113472K) NonClass: 94637K(97024K)->94637K(97024K) Class: 14682K(16448K)->14682K(16448K)
[2022-06-09T05:25:52.902+0000][6][gc          ] GC(68) Pause Young (Normal) (G1 Evacuation Pause) 201M->97M(256M) 4.153ms
[2022-06-09T05:25:52.902+0000][6][gc,cpu      ] GC(68) User=0.01s Sys=0.00s Real=0.00s
[2022-06-09T05:25:52.902+0000][6][safepoint   ] Safepoint "G1CollectForAllocation", Time since last: 138182260606 ns, Reaching safepoint: 28557 ns, At safepoint: 4202612 ns, Total: 4231169 ns
[2022-06-09T05:27:12.911+0000][6][safepoint   ] Safepoint "Cleanup", Time since last: 80009039402 ns, Reaching safepoint: 39399 ns, At safepoint: 4845 ns, Total: 44244 ns
[2022-06-09T05:28:00.916+0000][6][safepoint   ] Safepoint "Cleanup", Time since last: 48005543922 ns, Reaching safepoint: 39038 ns, At safepoint: 28305 ns, Total: 67343 ns
[2022-06-09T05:28:22.919+0000][6][safepoint   ] Safepoint "Cleanup", Time since last: 22002314805 ns, Reaching safepoint: 39580 ns, At safepoint: 4475 ns, Total: 44055 ns
[2022-06-09T05:29:04.923+0000][6][safepoint   ] Safepoint "Cleanup", Time since last: 42004322451 ns, Reaching safepoint: 39985 ns, At safepoint: 26339 ns, Total: 66324 ns
[2022-06-09T05:29:34.927+0000][6][safepoint   ] Safepoint "Cleanup", Time since last: 30003306775 ns, Reaching safepoint: 39719 ns, At safepoint: 104797 ns, Total: 144516 ns
[2022-06-09T05:30:04.931+0000][6][safepoint   ] Safepoint "Cleanup", Time since last: 30003960582 ns, Reaching safepoint: 31385 ns, At safepoint: 4359 ns, Total: 35744 ns
[2022-06-09T05:30:34.934+0000][6][safepoint   ] Safepoint "Cleanup", Time since last: 30003382280 ns, Reaching safepoint: 38897 ns, At safepoint: 4678 ns, Total: 43575 ns
[2022-06-09T05:30:37.936+0000][6][safepoint   ] Safepoint "Cleanup", Time since last: 3001572527 ns, Reaching safepoint: 41200 ns, At safepoint: 5075 ns, Total: 46275 ns
[2022-06-09T05:30:42.099+0000][6][gc,start    ] GC(69) Pause Young (Concurrent Start) (G1 Evacuation Pause)
[2022-06-09T05:30:42.099+0000][6][gc,task     ] GC(69) Using 1 workers of 1 for evacuation
[2022-06-09T05:30:42.099+0000][6][gc,age      ] GC(69) Desired survivor size 8388608 bytes, new threshold 15 (max threshold 15)
[2022-06-09T05:30:42.102+0000][6][gc,phases   ] GC(69)   Pre Evacuate Collection Set: 0.2ms
[2022-06-09T05:30:42.102+0000][6][gc,phases   ] GC(69)   Merge Heap Roots: 0.0ms
[2022-06-09T05:30:42.102+0000][6][gc,phases   ] GC(69)   Evacuate Collection Set: 2.2ms
[2022-06-09T05:30:42.102+0000][6][gc,phases   ] GC(69)   Post Evacuate Collection Set: 1.0ms
[2022-06-09T05:30:42.102+0000][6][gc,phases   ] GC(69)   Other: 0.1ms
[2022-06-09T05:30:42.102+0000][6][gc,age      ] GC(69) Age table with threshold 15 (max threshold 15)
[2022-06-09T05:30:42.102+0000][6][gc,age      ] GC(69) - age   1:      54008 bytes,      54008 total
[2022-06-09T05:30:42.102+0000][6][gc,age      ] GC(69) - age   2:        944 bytes,      54952 total
[2022-06-09T05:30:42.102+0000][6][gc,age      ] GC(69) - age   3:       2904 bytes,      57856 total
[2022-06-09T05:30:42.102+0000][6][gc,age      ] GC(69) - age   4:       1984 bytes,      59840 total
[2022-06-09T05:30:42.102+0000][6][gc,age      ] GC(69) - age   5:       5536 bytes,      65376 total
[2022-06-09T05:30:42.102+0000][6][gc,age      ] GC(69) - age   7:       2400 bytes,      67776 total
[2022-06-09T05:30:42.102+0000][6][gc,age      ] GC(69) - age   8:       3112 bytes,      70888 total
[2022-06-09T05:30:42.102+0000][6][gc,age      ] GC(69) - age   9:        448 bytes,      71336 total
[2022-06-09T05:30:42.102+0000][6][gc,age      ] GC(69) - age  10:       4720 bytes,      76056 total
[2022-06-09T05:30:42.102+0000][6][gc,age      ] GC(69) - age  11:       3336 bytes,      79392 total
[2022-06-09T05:30:42.102+0000][6][gc,age      ] GC(69) - age  12:       3328 bytes,      82720 total
[2022-06-09T05:30:42.102+0000][6][gc,age      ] GC(69) - age  13:      21832 bytes,     104552 total
[2022-06-09T05:30:42.102+0000][6][gc,age      ] GC(69) - age  14:      25736 bytes,     130288 total
[2022-06-09T05:30:42.102+0000][6][gc,age      ] GC(69) - age  15:      46104 bytes,     176392 total
[2022-06-09T05:30:42.102+0000][6][gc,heap     ] GC(69) Eden regions: 26->0(26)
[2022-06-09T05:30:42.102+0000][6][gc,heap     ] GC(69) Survivor regions: 1->1(4)
[2022-06-09T05:30:42.102+0000][6][gc,heap     ] GC(69) Old regions: 22->22
[2022-06-09T05:30:42.102+0000][6][gc,heap     ] GC(69) Archive regions: 2->2
[2022-06-09T05:30:42.102+0000][6][gc,heap     ] GC(69) Humongous regions: 2->2
[2022-06-09T05:30:42.102+0000][6][gc,metaspace] GC(69) Metaspace: 109334K(113472K)->109334K(113472K) NonClass: 94652K(97024K)->94652K(97024K) Class: 14682K(16448K)->14682K(16448K)
[2022-06-09T05:30:42.102+0000][6][gc          ] GC(69) Pause Young (Concurrent Start) (G1 Evacuation Pause) 201M->97M(256M) 3.755ms
[2022-06-09T05:30:42.102+0000][6][gc,cpu      ] GC(69) User=0.00s Sys=0.00s Real=0.00s
[2022-06-09T05:30:42.102+0000][6][safepoint   ] Safepoint "G1CollectForAllocation", Time since last: 4162864248 ns, Reaching safepoint: 166620 ns, At safepoint: 3812330 ns, Total: 3978950 ns
[2022-06-09T05:30:42.102+0000][6][gc          ] GC(70) Concurrent Mark Cycle
[2022-06-09T05:30:42.103+0000][6][gc,marking  ] GC(70) Concurrent Clear Claimed Marks
[2022-06-09T05:30:42.103+0000][6][gc,marking  ] GC(70) Concurrent Clear Claimed Marks 0.047ms
[2022-06-09T05:30:42.103+0000][6][gc,marking  ] GC(70) Concurrent Scan Root Regions
[2022-06-09T05:30:42.104+0000][6][gc,marking  ] GC(70) Concurrent Scan Root Regions 1.149ms
[2022-06-09T05:30:42.104+0000][6][gc,marking  ] GC(70) Concurrent Mark
[2022-06-09T05:30:42.104+0000][6][gc,marking  ] GC(70) Concurrent Mark From Roots
[2022-06-09T05:30:42.104+0000][6][gc,task     ] GC(70) Using 1 workers of 1 for marking
[2022-06-09T05:30:42.220+0000][6][gc,marking  ] GC(70) Concurrent Mark From Roots 116.559ms
[2022-06-09T05:30:42.220+0000][6][gc,marking  ] GC(70) Concurrent Preclean
[2022-06-09T05:30:42.220+0000][6][gc,marking  ] GC(70) Concurrent Preclean 0.124ms
[2022-06-09T05:30:42.221+0000][6][gc,start    ] GC(70) Pause Remark
[2022-06-09T05:30:42.236+0000][6][gc          ] GC(70) Pause Remark 98M->98M(256M) 15.844ms
[2022-06-09T05:30:42.236+0000][6][gc,cpu      ] GC(70) User=0.01s Sys=0.00s Real=0.02s
[2022-06-09T05:30:42.236+0000][6][safepoint   ] Safepoint "G1Concurrent", Time since last: 118055649 ns, Reaching safepoint: 27766 ns, At safepoint: 15931222 ns, Total: 15958988 ns
[2022-06-09T05:30:42.236+0000][6][gc,marking  ] GC(70) Concurrent Mark 132.752ms
[2022-06-09T05:30:42.236+0000][6][gc,marking  ] GC(70) Concurrent Rebuild Remembered Sets
[2022-06-09T05:30:42.301+0000][6][gc,marking  ] GC(70) Concurrent Rebuild Remembered Sets 64.647ms
[2022-06-09T05:30:42.301+0000][6][gc,start    ] GC(70) Pause Cleanup
[2022-06-09T05:30:42.301+0000][6][gc          ] GC(70) Pause Cleanup 98M->98M(256M) 0.054ms
[2022-06-09T05:30:42.301+0000][6][gc,cpu      ] GC(70) User=0.00s Sys=0.00s Real=0.00s
[2022-06-09T05:30:42.301+0000][6][safepoint   ] Safepoint "G1Concurrent", Time since last: 64747587 ns, Reaching safepoint: 25185 ns, At safepoint: 92242 ns, Total: 117427 ns
[2022-06-09T05:30:42.301+0000][6][gc,marking  ] GC(70) Concurrent Cleanup for Next Mark
[2022-06-09T05:30:42.302+0000][6][gc,marking  ] GC(70) Concurrent Cleanup for Next Mark 0.648ms
[2022-06-09T05:30:42.302+0000][6][gc          ] GC(70) Concurrent Mark Cycle 199.512ms
[2022-06-09T05:32:00.310+0000][6][safepoint   ] Safepoint "Cleanup", Time since last: 78009006932 ns, Reaching safepoint: 41965 ns, At safepoint: 28663 ns, Total: 70628 ns
[2022-06-09T05:32:30.314+0000][6][safepoint   ] Safepoint "Cleanup", Time since last: 30003197752 ns, Reaching safepoint: 41006 ns, At safepoint: 29387 ns, Total: 70393 ns
[2022-06-09T05:32:38.315+0000][6][safepoint   ] Safepoint "Cleanup", Time since last: 8000876232 ns, Reaching safepoint: 45004 ns, At safepoint: 5135 ns, Total: 50139 ns
[2022-06-09T05:34:07.324+0000][6][safepoint   ] Safepoint "Cleanup", Time since last: 89009775193 ns, Reaching safepoint: 119844 ns, At safepoint: 5125 ns, Total: 124969 ns
[2022-06-09T05:34:07.791+0000][6][gc,heap,exit] Heap
[2022-06-09T05:34:07.791+0000][6][gc,heap,exit]  garbage-first heap   total 262144K, used 187474K [0x00000000f0000000, 0x0000000100000000)
[2022-06-09T05:34:07.791+0000][6][gc,heap,exit]   region size 4096K, 23 young (94208K), 1 survivors (4096K)
[2022-06-09T05:34:07.791+0000][6][gc,heap,exit]  Metaspace       used 109555K, committed 113472K, reserved 1179648K
[2022-06-09T05:34:07.791+0000][6][gc,heap,exit]   class space    used 14721K, committed 16448K, reserved 1048576K
