[2022-06-30T11:47:47.789+0000][6][gc,init] CardTable entry size: 512
[2022-06-30T11:47:47.793+0000][6][gc     ] Using G1
[2022-06-30T11:47:48.076+0000][6][gc,init] Version: 18.0.1.1+2-6 (release)
[2022-06-30T11:47:48.076+0000][6][gc,init] CPUs: 1 total, 1 available
[2022-06-30T11:47:48.076+0000][6][gc,init] Memory: 1974M
[2022-06-30T11:47:48.076+0000][6][gc,init] Large Page Support: Disabled
[2022-06-30T11:47:48.076+0000][6][gc,init] NUMA Support: Disabled
[2022-06-30T11:47:48.076+0000][6][gc,init] Compressed Oops: Enabled (32-bit)
[2022-06-30T11:47:48.076+0000][6][gc,init] Heap Region Size: 4M
[2022-06-30T11:47:48.076+0000][6][gc,init] Heap Min Capacity: 256M
[2022-06-30T11:47:48.076+0000][6][gc,init] Heap Initial Capacity: 256M
[2022-06-30T11:47:48.076+0000][6][gc,init] Heap Max Capacity: 256M
[2022-06-30T11:47:48.076+0000][6][gc,init] Pre-touch: Enabled
[2022-06-30T11:47:48.076+0000][6][gc,init] Parallel Workers: 1
[2022-06-30T11:47:48.076+0000][6][gc,init] Concurrent Workers: 1
[2022-06-30T11:47:48.076+0000][6][gc,init] Concurrent Refinement Workers: 1
[2022-06-30T11:47:48.076+0000][6][gc,init] Periodic GC: Disabled
[2022-06-30T11:47:48.076+0000][6][gc,metaspace] CDS archive(s) mapped at: [0x0000000800000000-0x0000000800baf000-0x0000000800baf000), size 12251136, SharedBaseAddress: 0x0000000800000000, ArchiveRelocationMode: 0.
[2022-06-30T11:47:48.076+0000][6][gc,metaspace] Compressed class space mapped at: 0x0000000800c00000-0x0000000840c00000, reserved size: 1073741824
[2022-06-30T11:47:48.076+0000][6][gc,metaspace] Narrow klass base: 0x0000000800000000, Narrow klass shift: 0, Narrow klass range: 0x100000000
[2022-06-30T11:47:49.456+0000][6][gc,start    ] GC(0) Pause Young (Normal) (G1 Evacuation Pause)
[2022-06-30T11:47:49.456+0000][6][gc,task     ] GC(0) Using 1 workers of 1 for evacuation
[2022-06-30T11:47:49.456+0000][6][gc,age      ] GC(0) Desired survivor size 2097152 bytes, new threshold 15 (max threshold 15)
[2022-06-30T11:47:49.464+0000][6][gc,phases   ] GC(0)   Pre Evacuate Collection Set: 0.0ms
[2022-06-30T11:47:49.464+0000][6][gc,phases   ] GC(0)   Merge Heap Roots: 0.0ms
[2022-06-30T11:47:49.464+0000][6][gc,phases   ] GC(0)   Evacuate Collection Set: 7.7ms
[2022-06-30T11:47:49.464+0000][6][gc,phases   ] GC(0)   Post Evacuate Collection Set: 0.3ms
[2022-06-30T11:47:49.464+0000][6][gc,phases   ] GC(0)   Other: 0.1ms
[2022-06-30T11:47:49.464+0000][6][gc,age      ] GC(0) Age table with threshold 15 (max threshold 15)
[2022-06-30T11:47:49.464+0000][6][gc,age      ] GC(0) - age   1:    3168416 bytes,    3168416 total
[2022-06-30T11:47:49.464+0000][6][gc,heap     ] GC(0) Eden regions: 3->0(2)
[2022-06-30T11:47:49.464+0000][6][gc,heap     ] GC(0) Survivor regions: 0->1(1)
[2022-06-30T11:47:49.464+0000][6][gc,heap     ] GC(0) Old regions: 0->0
[2022-06-30T11:47:49.464+0000][6][gc,heap     ] GC(0) Archive regions: 2->2
[2022-06-30T11:47:49.464+0000][6][gc,heap     ] GC(0) Humongous regions: 0->0
[2022-06-30T11:47:49.464+0000][6][gc,metaspace] GC(0) Metaspace: 4753K(4864K)->4753K(4864K) NonClass: 4275K(4352K)->4275K(4352K) Class: 478K(512K)->478K(512K)
[2022-06-30T11:47:49.464+0000][6][gc          ] GC(0) Pause Young (Normal) (G1 Evacuation Pause) 15M->6M(256M) 8.287ms
[2022-06-30T11:47:49.464+0000][6][gc,cpu      ] GC(0) User=0.01s Sys=0.00s Real=0.00s
[2022-06-30T11:47:49.464+0000][6][safepoint   ] Safepoint "G1CollectForAllocation", Time since last: 1365287413 ns, Reaching safepoint: 86902 ns, At safepoint: 8327533 ns, Total: 8414435 ns
[2022-06-30T11:47:50.505+0000][6][safepoint   ] Safepoint "Cleanup", Time since last: 1040900272 ns, Reaching safepoint: 67980 ns, At safepoint: 3622 ns, Total: 71602 ns
[2022-06-30T11:47:50.711+0000][6][gc,start    ] GC(1) Pause Young (Normal) (G1 Evacuation Pause)
[2022-06-30T11:47:50.711+0000][6][gc,task     ] GC(1) Using 1 workers of 1 for evacuation
[2022-06-30T11:47:50.711+0000][6][gc,age      ] GC(1) Desired survivor size 2097152 bytes, new threshold 1 (max threshold 15)
[2022-06-30T11:47:50.731+0000][6][gc,phases   ] GC(1)   Pre Evacuate Collection Set: 0.0ms
[2022-06-30T11:47:50.731+0000][6][gc,phases   ] GC(1)   Merge Heap Roots: 0.0ms
[2022-06-30T11:47:50.731+0000][6][gc,phases   ] GC(1)   Evacuate Collection Set: 17.9ms
[2022-06-30T11:47:50.731+0000][6][gc,phases   ] GC(1)   Post Evacuate Collection Set: 2.1ms
[2022-06-30T11:47:50.731+0000][6][gc,phases   ] GC(1)   Other: 0.1ms
[2022-06-30T11:47:50.731+0000][6][gc,age      ] GC(1) Age table with threshold 1 (max threshold 15)
[2022-06-30T11:47:50.731+0000][6][gc,age      ] GC(1) - age   1:    1036472 bytes,    1036472 total
[2022-06-30T11:47:50.731+0000][6][gc,heap     ] GC(1) Eden regions: 2->0(2)
[2022-06-30T11:47:50.731+0000][6][gc,heap     ] GC(1) Survivor regions: 1->1(1)
[2022-06-30T11:47:50.731+0000][6][gc,heap     ] GC(1) Old regions: 0->1
[2022-06-30T11:47:50.731+0000][6][gc,heap     ] GC(1) Archive regions: 2->2
[2022-06-30T11:47:50.731+0000][6][gc,heap     ] GC(1) Humongous regions: 0->0
[2022-06-30T11:47:50.731+0000][6][gc,metaspace] GC(1) Metaspace: 8133K(8320K)->8133K(8320K) NonClass: 7245K(7360K)->7245K(7360K) Class: 888K(960K)->888K(960K)
[2022-06-30T11:47:50.731+0000][6][gc          ] GC(1) Pause Young (Normal) (G1 Evacuation Pause) 14M->8M(256M) 20.306ms
[2022-06-30T11:47:50.731+0000][6][gc,cpu      ] GC(1) User=0.01s Sys=0.00s Real=0.02s
[2022-06-30T11:47:50.731+0000][6][safepoint   ] Safepoint "G1CollectForAllocation", Time since last: 205306519 ns, Reaching safepoint: 39721 ns, At safepoint: 20348691 ns, Total: 20388412 ns
[2022-06-30T11:47:51.235+0000][6][gc,start    ] GC(2) Pause Young (Normal) (G1 Evacuation Pause)
[2022-06-30T11:47:51.235+0000][6][gc,task     ] GC(2) Using 1 workers of 1 for evacuation
[2022-06-30T11:47:51.235+0000][6][gc,age      ] GC(2) Desired survivor size 2097152 bytes, new threshold 15 (max threshold 15)
[2022-06-30T11:47:51.251+0000][6][gc,phases   ] GC(2)   Pre Evacuate Collection Set: 0.0ms
[2022-06-30T11:47:51.251+0000][6][gc,phases   ] GC(2)   Merge Heap Roots: 0.0ms
[2022-06-30T11:47:51.251+0000][6][gc,phases   ] GC(2)   Evacuate Collection Set: 8.2ms
[2022-06-30T11:47:51.251+0000][6][gc,phases   ] GC(2)   Post Evacuate Collection Set: 7.3ms
[2022-06-30T11:47:51.251+0000][6][gc,phases   ] GC(2)   Other: 0.1ms
[2022-06-30T11:47:51.251+0000][6][gc,age      ] GC(2) Age table with threshold 15 (max threshold 15)
[2022-06-30T11:47:51.251+0000][6][gc,age      ] GC(2) - age   1:     553856 bytes,     553856 total
[2022-06-30T11:47:51.251+0000][6][gc,age      ] GC(2) - age   2:    1006552 bytes,    1560408 total
[2022-06-30T11:47:51.251+0000][6][gc,heap     ] GC(2) Eden regions: 2->0(2)
[2022-06-30T11:47:51.251+0000][6][gc,heap     ] GC(2) Survivor regions: 1->1(1)
[2022-06-30T11:47:51.251+0000][6][gc,heap     ] GC(2) Old regions: 1->1
[2022-06-30T11:47:51.251+0000][6][gc,heap     ] GC(2) Archive regions: 2->2
[2022-06-30T11:47:51.251+0000][6][gc,heap     ] GC(2) Humongous regions: 0->0
[2022-06-30T11:47:51.251+0000][6][gc,metaspace] GC(2) Metaspace: 9698K(9984K)->9698K(9984K) NonClass: 8554K(8704K)->8554K(8704K) Class: 1144K(1280K)->1144K(1280K)
[2022-06-30T11:47:51.251+0000][6][gc          ] GC(2) Pause Young (Normal) (G1 Evacuation Pause) 16M->8M(256M) 15.925ms
[2022-06-30T11:47:51.251+0000][6][gc,cpu      ] GC(2) User=0.01s Sys=0.00s Real=0.01s
[2022-06-30T11:47:51.251+0000][6][safepoint   ] Safepoint "G1CollectForAllocation", Time since last: 503960498 ns, Reaching safepoint: 53862 ns, At safepoint: 15968917 ns, Total: 16022779 ns
[2022-06-30T11:47:52.080+0000][6][gc,start    ] GC(3) Pause Young (Normal) (G1 Evacuation Pause)
[2022-06-30T11:47:52.080+0000][6][gc,task     ] GC(3) Using 1 workers of 1 for evacuation
[2022-06-30T11:47:52.080+0000][6][gc,age      ] GC(3) Desired survivor size 2097152 bytes, new threshold 15 (max threshold 15)
[2022-06-30T11:47:52.096+0000][6][gc,phases   ] GC(3)   Pre Evacuate Collection Set: 0.0ms
[2022-06-30T11:47:52.097+0000][6][gc,phases   ] GC(3)   Merge Heap Roots: 0.0ms
[2022-06-30T11:47:52.097+0000][6][gc,phases   ] GC(3)   Evacuate Collection Set: 14.8ms
[2022-06-30T11:47:52.097+0000][6][gc,phases   ] GC(3)   Post Evacuate Collection Set: 2.0ms
[2022-06-30T11:47:52.097+0000][6][gc,phases   ] GC(3)   Other: 0.1ms
[2022-06-30T11:47:52.097+0000][6][gc,age      ] GC(3) Age table with threshold 15 (max threshold 15)
[2022-06-30T11:47:52.097+0000][6][gc,age      ] GC(3) - age   1:    1046736 bytes,    1046736 total
[2022-06-30T11:47:52.097+0000][6][gc,age      ] GC(3) - age   2:     541952 bytes,    1588688 total
[2022-06-30T11:47:52.097+0000][6][gc,age      ] GC(3) - age   3:    1005024 bytes,    2593712 total
[2022-06-30T11:47:52.097+0000][6][gc,heap     ] GC(3) Eden regions: 2->0(3)
[2022-06-30T11:47:52.097+0000][6][gc,heap     ] GC(3) Survivor regions: 1->1(1)
[2022-06-30T11:47:52.097+0000][6][gc,heap     ] GC(3) Old regions: 1->1
[2022-06-30T11:47:52.097+0000][6][gc,heap     ] GC(3) Archive regions: 2->2
[2022-06-30T11:47:52.097+0000][6][gc,heap     ] GC(3) Humongous regions: 0->0
[2022-06-30T11:47:52.097+0000][6][gc,metaspace] GC(3) Metaspace: 11187K(11456K)->11187K(11456K) NonClass: 9851K(9984K)->9851K(9984K) Class: 1336K(1472K)->1336K(1472K)
[2022-06-30T11:47:52.097+0000][6][gc          ] GC(3) Pause Young (Normal) (G1 Evacuation Pause) 16M->9M(256M) 17.112ms
[2022-06-30T11:47:52.097+0000][6][gc,cpu      ] GC(3) User=0.01s Sys=0.00s Real=0.02s
[2022-06-30T11:47:52.097+0000][6][safepoint   ] Safepoint "G1CollectForAllocation", Time since last: 828578671 ns, Reaching safepoint: 64150 ns, At safepoint: 17156990 ns, Total: 17221140 ns
[2022-06-30T11:47:53.115+0000][6][gc,start    ] GC(4) Pause Young (Normal) (G1 Evacuation Pause)
[2022-06-30T11:47:53.115+0000][6][gc,task     ] GC(4) Using 1 workers of 1 for evacuation
[2022-06-30T11:47:53.115+0000][6][gc,age      ] GC(4) Desired survivor size 2097152 bytes, new threshold 3 (max threshold 15)
[2022-06-30T11:47:53.133+0000][6][gc,phases   ] GC(4)   Pre Evacuate Collection Set: 0.0ms
[2022-06-30T11:47:53.133+0000][6][gc,phases   ] GC(4)   Merge Heap Roots: 0.0ms
[2022-06-30T11:47:53.133+0000][6][gc,phases   ] GC(4)   Evacuate Collection Set: 17.7ms
[2022-06-30T11:47:53.133+0000][6][gc,phases   ] GC(4)   Post Evacuate Collection Set: 0.4ms
[2022-06-30T11:47:53.133+0000][6][gc,phases   ] GC(4)   Other: 0.1ms
[2022-06-30T11:47:53.133+0000][6][gc,age      ] GC(4) Age table with threshold 3 (max threshold 15)
[2022-06-30T11:47:53.133+0000][6][gc,age      ] GC(4) - age   1:    1618280 bytes,    1618280 total
[2022-06-30T11:47:53.133+0000][6][gc,age      ] GC(4) - age   2:     965232 bytes,    2583512 total
[2022-06-30T11:47:53.133+0000][6][gc,age      ] GC(4) - age   3:     527592 bytes,    3111104 total
[2022-06-30T11:47:53.133+0000][6][gc,heap     ] GC(4) Eden regions: 3->0(4)
[2022-06-30T11:47:53.133+0000][6][gc,heap     ] GC(4) Survivor regions: 1->1(1)
[2022-06-30T11:47:53.133+0000][6][gc,heap     ] GC(4) Old regions: 1->1
[2022-06-30T11:47:53.133+0000][6][gc,heap     ] GC(4) Archive regions: 2->2
[2022-06-30T11:47:53.133+0000][6][gc,heap     ] GC(4) Humongous regions: 0->0
[2022-06-30T11:47:53.133+0000][6][gc,metaspace] GC(4) Metaspace: 13261K(13568K)->13261K(13568K) NonClass: 11705K(11904K)->11705K(11904K) Class: 1555K(1664K)->1555K(1664K)
[2022-06-30T11:47:53.133+0000][6][gc          ] GC(4) Pause Young (Normal) (G1 Evacuation Pause) 21M->10M(256M) 18.447ms
[2022-06-30T11:47:53.133+0000][6][gc,cpu      ] GC(4) User=0.01s Sys=0.00s Real=0.01s
[2022-06-30T11:47:53.134+0000][6][safepoint   ] Safepoint "G1CollectForAllocation", Time since last: 1018209315 ns, Reaching safepoint: 100165 ns, At safepoint: 18498602 ns, Total: 18598767 ns
[2022-06-30T11:47:54.134+0000][6][safepoint   ] Safepoint "Cleanup", Time since last: 1000096262 ns, Reaching safepoint: 170875 ns, At safepoint: 5843 ns, Total: 176718 ns
[2022-06-30T11:47:54.232+0000][6][gc,start    ] GC(5) Pause Young (Normal) (G1 Evacuation Pause)
[2022-06-30T11:47:54.232+0000][6][gc,task     ] GC(5) Using 1 workers of 1 for evacuation
[2022-06-30T11:47:54.232+0000][6][gc,age      ] GC(5) Desired survivor size 2097152 bytes, new threshold 2 (max threshold 15)
[2022-06-30T11:47:54.254+0000][6][gc,phases   ] GC(5)   Pre Evacuate Collection Set: 0.0ms
[2022-06-30T11:47:54.254+0000][6][gc,phases   ] GC(5)   Merge Heap Roots: 0.0ms
[2022-06-30T11:47:54.254+0000][6][gc,phases   ] GC(5)   Evacuate Collection Set: 18.3ms
[2022-06-30T11:47:54.254+0000][6][gc,phases   ] GC(5)   Post Evacuate Collection Set: 3.2ms
[2022-06-30T11:47:54.254+0000][6][gc,phases   ] GC(5)   Other: 0.1ms
[2022-06-30T11:47:54.254+0000][6][gc,age      ] GC(5) Age table with threshold 2 (max threshold 15)
[2022-06-30T11:47:54.254+0000][6][gc,age      ] GC(5) - age   1:     543232 bytes,     543232 total
[2022-06-30T11:47:54.254+0000][6][gc,age      ] GC(5) - age   2:     992848 bytes,    1536080 total
[2022-06-30T11:47:54.254+0000][6][gc,heap     ] GC(5) Eden regions: 4->0(37)
[2022-06-30T11:47:54.254+0000][6][gc,heap     ] GC(5) Survivor regions: 1->1(1)
[2022-06-30T11:47:54.254+0000][6][gc,heap     ] GC(5) Old regions: 1->2
[2022-06-30T11:47:54.254+0000][6][gc,heap     ] GC(5) Archive regions: 2->2
[2022-06-30T11:47:54.254+0000][6][gc,heap     ] GC(5) Humongous regions: 0->0
[2022-06-30T11:47:54.254+0000][6][gc,metaspace] GC(5) Metaspace: 14850K(15168K)->14850K(15168K) NonClass: 13147K(13312K)->13147K(13312K) Class: 1702K(1856K)->1702K(1856K)
[2022-06-30T11:47:54.254+0000][6][gc          ] GC(5) Pause Young (Normal) (G1 Evacuation Pause) 26M->10M(256M) 21.860ms
[2022-06-30T11:47:54.254+0000][6][gc,cpu      ] GC(5) User=0.01s Sys=0.00s Real=0.02s
[2022-06-30T11:47:54.254+0000][6][safepoint   ] Safepoint "G1CollectForAllocation", Time since last: 98394115 ns, Reaching safepoint: 21737 ns, At safepoint: 21906772 ns, Total: 21928509 ns
[2022-06-30T11:47:55.259+0000][6][safepoint   ] Safepoint "Cleanup", Time since last: 1004404479 ns, Reaching safepoint: 166522 ns, At safepoint: 4933 ns, Total: 171455 ns
[2022-06-30T11:47:56.359+0000][6][safepoint   ] Safepoint "Cleanup", Time since last: 1099860714 ns, Reaching safepoint: 172222 ns, At safepoint: 5508 ns, Total: 177730 ns
[2022-06-30T11:47:57.368+0000][6][safepoint   ] Safepoint "Cleanup", Time since last: 1007790731 ns, Reaching safepoint: 1036940 ns, At safepoint: 6331 ns, Total: 1043271 ns
[2022-06-30T11:47:58.398+0000][6][gc,start    ] GC(6) Pause Young (Normal) (G1 Evacuation Pause)
[2022-06-30T11:47:58.398+0000][6][gc,task     ] GC(6) Using 1 workers of 1 for evacuation
[2022-06-30T11:47:58.398+0000][6][gc,age      ] GC(6) Desired survivor size 10485760 bytes, new threshold 15 (max threshold 15)
[2022-06-30T11:47:58.418+0000][6][gc,phases   ] GC(6)   Pre Evacuate Collection Set: 0.0ms
[2022-06-30T11:47:58.418+0000][6][gc,phases   ] GC(6)   Merge Heap Roots: 0.0ms
[2022-06-30T11:47:58.418+0000][6][gc,phases   ] GC(6)   Evacuate Collection Set: 19.2ms
[2022-06-30T11:47:58.418+0000][6][gc,phases   ] GC(6)   Post Evacuate Collection Set: 0.6ms
[2022-06-30T11:47:58.418+0000][6][gc,phases   ] GC(6)   Other: 0.1ms
[2022-06-30T11:47:58.418+0000][6][gc,age      ] GC(6) Age table with threshold 15 (max threshold 15)
[2022-06-30T11:47:58.418+0000][6][gc,age      ] GC(6) - age   1:    3720512 bytes,    3720512 total
[2022-06-30T11:47:58.418+0000][6][gc,age      ] GC(6) - age   2:     464360 bytes,    4184872 total
[2022-06-30T11:47:58.418+0000][6][gc,age      ] GC(6) - age   3:     992448 bytes,    5177320 total
[2022-06-30T11:47:58.418+0000][6][gc,heap     ] GC(6) Eden regions: 37->0(36)
[2022-06-30T11:47:58.418+0000][6][gc,heap     ] GC(6) Survivor regions: 1->2(5)
[2022-06-30T11:47:58.418+0000][6][gc,heap     ] GC(6) Old regions: 2->2
[2022-06-30T11:47:58.418+0000][6][gc,heap     ] GC(6) Archive regions: 2->2
[2022-06-30T11:47:58.418+0000][6][gc,heap     ] GC(6) Humongous regions: 0->0
[2022-06-30T11:47:58.418+0000][6][gc,metaspace] GC(6) Metaspace: 17609K(17984K)->17609K(17984K) NonClass: 15603K(15808K)->15603K(15808K) Class: 2005K(2176K)->2005K(2176K)
[2022-06-30T11:47:58.418+0000][6][gc          ] GC(6) Pause Young (Normal) (G1 Evacuation Pause) 158M->14M(256M) 20.155ms
[2022-06-30T11:47:58.418+0000][6][gc,cpu      ] GC(6) User=0.01s Sys=0.00s Real=0.02s
[2022-06-30T11:47:58.418+0000][6][safepoint   ] Safepoint "G1CollectForAllocation", Time since last: 1030266192 ns, Reaching safepoint: 38015 ns, At safepoint: 20198677 ns, Total: 20236692 ns
[2022-06-30T11:47:59.419+0000][6][safepoint   ] Safepoint "Cleanup", Time since last: 1000116969 ns, Reaching safepoint: 321953 ns, At safepoint: 25026 ns, Total: 346979 ns
[2022-06-30T11:47:59.727+0000][6][gc,start    ] GC(7) Pause Young (Normal) (G1 Evacuation Pause)
[2022-06-30T11:47:59.727+0000][6][gc,task     ] GC(7) Using 1 workers of 1 for evacuation
[2022-06-30T11:47:59.727+0000][6][gc,age      ] GC(7) Desired survivor size 10485760 bytes, new threshold 15 (max threshold 15)
[2022-06-30T11:47:59.767+0000][6][gc,phases   ] GC(7)   Pre Evacuate Collection Set: 0.0ms
[2022-06-30T11:47:59.767+0000][6][gc,phases   ] GC(7)   Merge Heap Roots: 0.0ms
[2022-06-30T11:47:59.767+0000][6][gc,phases   ] GC(7)   Evacuate Collection Set: 35.9ms
[2022-06-30T11:47:59.767+0000][6][gc,phases   ] GC(7)   Post Evacuate Collection Set: 4.3ms
[2022-06-30T11:47:59.767+0000][6][gc,phases   ] GC(7)   Other: 0.1ms
[2022-06-30T11:47:59.767+0000][6][gc,age      ] GC(7) Age table with threshold 15 (max threshold 15)
[2022-06-30T11:47:59.767+0000][6][gc,age      ] GC(7) - age   1:    2110808 bytes,    2110808 total
[2022-06-30T11:47:59.767+0000][6][gc,age      ] GC(7) - age   2:    3645552 bytes,    5756360 total
[2022-06-30T11:47:59.767+0000][6][gc,age      ] GC(7) - age   3:     464160 bytes,    6220520 total
[2022-06-30T11:47:59.767+0000][6][gc,age      ] GC(7) - age   4:     992336 bytes,    7212856 total
[2022-06-30T11:47:59.767+0000][6][gc,heap     ] GC(7) Eden regions: 36->0(36)
[2022-06-30T11:47:59.767+0000][6][gc,heap     ] GC(7) Survivor regions: 2->2(5)
[2022-06-30T11:47:59.767+0000][6][gc,heap     ] GC(7) Old regions: 2->2
[2022-06-30T11:47:59.767+0000][6][gc,heap     ] GC(7) Archive regions: 2->2
[2022-06-30T11:47:59.767+0000][6][gc,heap     ] GC(7) Humongous regions: 0->0
[2022-06-30T11:47:59.767+0000][6][gc,metaspace] GC(7) Metaspace: 18446K(18880K)->18446K(18880K) NonClass: 16277K(16512K)->16277K(16512K) Class: 2168K(2368K)->2168K(2368K)
[2022-06-30T11:47:59.767+0000][6][gc          ] GC(7) Pause Young (Normal) (G1 Evacuation Pause) 158M->16M(256M) 40.572ms
[2022-06-30T11:47:59.767+0000][6][gc,cpu      ] GC(7) User=0.01s Sys=0.01s Real=0.04s
[2022-06-30T11:47:59.767+0000][6][safepoint   ] Safepoint "G1CollectForAllocation", Time since last: 308001393 ns, Reaching safepoint: 28412 ns, At safepoint: 40614640 ns, Total: 40643052 ns
[2022-06-30T11:48:00.771+0000][6][safepoint   ] Safepoint "Cleanup", Time since last: 1003334842 ns, Reaching safepoint: 148362 ns, At safepoint: 5195 ns, Total: 153557 ns
[2022-06-30T11:48:00.851+0000][6][gc,start    ] GC(8) Pause Young (Normal) (G1 Evacuation Pause)
[2022-06-30T11:48:00.851+0000][6][gc,task     ] GC(8) Using 1 workers of 1 for evacuation
[2022-06-30T11:48:00.851+0000][6][gc,age      ] GC(8) Desired survivor size 10485760 bytes, new threshold 15 (max threshold 15)
[2022-06-30T11:48:00.883+0000][6][gc,phases   ] GC(8)   Pre Evacuate Collection Set: 0.0ms
[2022-06-30T11:48:00.883+0000][6][gc,phases   ] GC(8)   Merge Heap Roots: 0.0ms
[2022-06-30T11:48:00.883+0000][6][gc,phases   ] GC(8)   Evacuate Collection Set: 27.8ms
[2022-06-30T11:48:00.883+0000][6][gc,phases   ] GC(8)   Post Evacuate Collection Set: 4.4ms
[2022-06-30T11:48:00.883+0000][6][gc,phases   ] GC(8)   Other: 0.1ms
[2022-06-30T11:48:00.883+0000][6][gc,age      ] GC(8) Age table with threshold 15 (max threshold 15)
[2022-06-30T11:48:00.883+0000][6][gc,age      ] GC(8) - age   1:    3340816 bytes,    3340816 total
[2022-06-30T11:48:00.883+0000][6][gc,age      ] GC(8) - age   2:    1244544 bytes,    4585360 total
[2022-06-30T11:48:00.883+0000][6][gc,age      ] GC(8) - age   3:    3644776 bytes,    8230136 total
[2022-06-30T11:48:00.883+0000][6][gc,age      ] GC(8) - age   4:     464160 bytes,    8694296 total
[2022-06-30T11:48:00.883+0000][6][gc,age      ] GC(8) - age   5:     992336 bytes,    9686632 total
[2022-06-30T11:48:00.883+0000][6][gc,heap     ] GC(8) Eden regions: 36->0(35)
[2022-06-30T11:48:00.883+0000][6][gc,heap     ] GC(8) Survivor regions: 2->3(5)
[2022-06-30T11:48:00.883+0000][6][gc,heap     ] GC(8) Old regions: 2->2
[2022-06-30T11:48:00.883+0000][6][gc,heap     ] GC(8) Archive regions: 2->2
[2022-06-30T11:48:00.883+0000][6][gc,heap     ] GC(8) Humongous regions: 0->0
[2022-06-30T11:48:00.883+0000][6][gc,metaspace] GC(8) Metaspace: 18887K(19264K)->18887K(19264K) NonClass: 16679K(16896K)->16679K(16896K) Class: 2208K(2368K)->2208K(2368K)
[2022-06-30T11:48:00.883+0000][6][gc          ] GC(8) Pause Young (Normal) (G1 Evacuation Pause) 160M->19M(256M) 32.591ms
[2022-06-30T11:48:00.883+0000][6][gc,cpu      ] GC(8) User=0.02s Sys=0.00s Real=0.03s
[2022-06-30T11:48:00.883+0000][6][safepoint   ] Safepoint "G1CollectForAllocation", Time since last: 79884552 ns, Reaching safepoint: 20901 ns, At safepoint: 32636814 ns, Total: 32657715 ns
[2022-06-30T11:48:01.887+0000][6][safepoint   ] Safepoint "Cleanup", Time since last: 1003342796 ns, Reaching safepoint: 165940 ns, At safepoint: 5328 ns, Total: 171268 ns
[2022-06-30T11:48:02.049+0000][6][gc,start    ] GC(9) Pause Young (Normal) (G1 Evacuation Pause)
[2022-06-30T11:48:02.049+0000][6][gc,task     ] GC(9) Using 1 workers of 1 for evacuation
[2022-06-30T11:48:02.049+0000][6][gc,age      ] GC(9) Desired survivor size 10485760 bytes, new threshold 15 (max threshold 15)
[2022-06-30T11:48:02.095+0000][6][gc,phases   ] GC(9)   Pre Evacuate Collection Set: 0.0ms
[2022-06-30T11:48:02.095+0000][6][gc,phases   ] GC(9)   Merge Heap Roots: 0.0ms
[2022-06-30T11:48:02.095+0000][6][gc,phases   ] GC(9)   Evacuate Collection Set: 39.8ms
[2022-06-30T11:48:02.095+0000][6][gc,phases   ] GC(9)   Post Evacuate Collection Set: 6.3ms
[2022-06-30T11:48:02.095+0000][6][gc,phases   ] GC(9)   Other: 0.1ms
[2022-06-30T11:48:02.095+0000][6][gc,age      ] GC(9) Age table with threshold 15 (max threshold 15)
[2022-06-30T11:48:02.095+0000][6][gc,age      ] GC(9) - age   1:    2097592 bytes,    2097592 total
[2022-06-30T11:48:02.095+0000][6][gc,age      ] GC(9) - age   2:    2464128 bytes,    4561720 total
[2022-06-30T11:48:02.095+0000][6][gc,age      ] GC(9) - age   3:    1244544 bytes,    5806264 total
[2022-06-30T11:48:02.095+0000][6][gc,age      ] GC(9) - age   4:    3644728 bytes,    9450992 total
[2022-06-30T11:48:02.095+0000][6][gc,age      ] GC(9) - age   5:     464160 bytes,    9915152 total
[2022-06-30T11:48:02.095+0000][6][gc,age      ] GC(9) - age   6:     992192 bytes,   10907344 total
[2022-06-30T11:48:02.095+0000][6][gc,heap     ] GC(9) Eden regions: 35->0(35)
[2022-06-30T11:48:02.095+0000][6][gc,heap     ] GC(9) Survivor regions: 3->3(5)
[2022-06-30T11:48:02.095+0000][6][gc,heap     ] GC(9) Old regions: 2->2
[2022-06-30T11:48:02.095+0000][6][gc,heap     ] GC(9) Archive regions: 2->2
[2022-06-30T11:48:02.095+0000][6][gc,heap     ] GC(9) Humongous regions: 0->0
[2022-06-30T11:48:02.095+0000][6][gc,metaspace] GC(9) Metaspace: 19438K(19968K)->19438K(19968K) NonClass: 17155K(17472K)->17155K(17472K) Class: 2283K(2496K)->2283K(2496K)
[2022-06-30T11:48:02.095+0000][6][gc          ] GC(9) Pause Young (Normal) (G1 Evacuation Pause) 159M->20M(256M) 46.483ms
[2022-06-30T11:48:02.095+0000][6][gc,cpu      ] GC(9) User=0.02s Sys=0.00s Real=0.05s
[2022-06-30T11:48:02.095+0000][6][safepoint   ] Safepoint "G1CollectForAllocation", Time since last: 161929028 ns, Reaching safepoint: 32400 ns, At safepoint: 46529402 ns, Total: 46561802 ns
[2022-06-30T11:48:03.056+0000][6][gc,start    ] GC(10) Pause Young (Normal) (G1 Evacuation Pause)
[2022-06-30T11:48:03.056+0000][6][gc,task     ] GC(10) Using 1 workers of 1 for evacuation
[2022-06-30T11:48:03.056+0000][6][gc,age      ] GC(10) Desired survivor size 10485760 bytes, new threshold 6 (max threshold 15)
[2022-06-30T11:48:03.082+0000][6][gc,phases   ] GC(10)   Pre Evacuate Collection Set: 0.0ms
[2022-06-30T11:48:03.082+0000][6][gc,phases   ] GC(10)   Merge Heap Roots: 0.0ms
[2022-06-30T11:48:03.082+0000][6][gc,phases   ] GC(10)   Evacuate Collection Set: 25.2ms
[2022-06-30T11:48:03.082+0000][6][gc,phases   ] GC(10)   Post Evacuate Collection Set: 0.6ms
[2022-06-30T11:48:03.082+0000][6][gc,phases   ] GC(10)   Other: 0.1ms
[2022-06-30T11:48:03.082+0000][6][gc,age      ] GC(10) Age table with threshold 6 (max threshold 15)
[2022-06-30T11:48:03.082+0000][6][gc,age      ] GC(10) - age   1:    1184568 bytes,    1184568 total
[2022-06-30T11:48:03.082+0000][6][gc,age      ] GC(10) - age   2:    1028352 bytes,    2212920 total
[2022-06-30T11:48:03.082+0000][6][gc,age      ] GC(10) - age   3:    2464128 bytes,    4677048 total
[2022-06-30T11:48:03.082+0000][6][gc,age      ] GC(10) - age   4:    1243600 bytes,    5920648 total
[2022-06-30T11:48:03.087+0000][6][gc,age      ] GC(10) - age   5:    3644312 bytes,    9564960 total
[2022-06-30T11:48:03.087+0000][6][gc,age      ] GC(10) - age   6:     464096 bytes,   10029056 total
[2022-06-30T11:48:03.087+0000][6][gc,heap     ] GC(10) Eden regions: 35->0(35)
[2022-06-30T11:48:03.087+0000][6][gc,heap     ] GC(10) Survivor regions: 3->3(5)
[2022-06-30T11:48:03.087+0000][6][gc,heap     ] GC(10) Old regions: 2->2
[2022-06-30T11:48:03.087+0000][6][gc,heap     ] GC(10) Archive regions: 2->2
[2022-06-30T11:48:03.087+0000][6][gc,heap     ] GC(10) Humongous regions: 0->0
[2022-06-30T11:48:03.087+0000][6][gc,metaspace] GC(10) Metaspace: 19777K(20288K)->19777K(20288K) NonClass: 17440K(17728K)->17440K(17728K) Class: 2337K(2560K)->2337K(2560K)
[2022-06-30T11:48:03.087+0000][6][gc          ] GC(10) Pause Young (Normal) (G1 Evacuation Pause) 160M->20M(256M) 30.247ms
[2022-06-30T11:48:03.087+0000][6][gc,cpu      ] GC(10) User=0.01s Sys=0.01s Real=0.03s
[2022-06-30T11:48:03.087+0000][6][safepoint   ] Safepoint "G1CollectForAllocation", Time since last: 961101797 ns, Reaching safepoint: 44487 ns, At safepoint: 30310802 ns, Total: 30355289 ns
[2022-06-30T11:48:04.087+0000][6][safepoint   ] Safepoint "Cleanup", Time since last: 1000090675 ns, Reaching safepoint: 34831 ns, At safepoint: 3899 ns, Total: 38730 ns
[2022-06-30T11:48:04.259+0000][6][gc,start    ] GC(11) Pause Young (Normal) (G1 Evacuation Pause)
[2022-06-30T11:48:04.259+0000][6][gc,task     ] GC(11) Using 1 workers of 1 for evacuation
[2022-06-30T11:48:04.259+0000][6][gc,age      ] GC(11) Desired survivor size 10485760 bytes, new threshold 15 (max threshold 15)
[2022-06-30T11:48:04.287+0000][6][gc,phases   ] GC(11)   Pre Evacuate Collection Set: 0.0ms
[2022-06-30T11:48:04.287+0000][6][gc,phases   ] GC(11)   Merge Heap Roots: 0.0ms
[2022-06-30T11:48:04.287+0000][6][gc,phases   ] GC(11)   Evacuate Collection Set: 27.7ms
[2022-06-30T11:48:04.287+0000][6][gc,phases   ] GC(11)   Post Evacuate Collection Set: 0.6ms
[2022-06-30T11:48:04.287+0000][6][gc,phases   ] GC(11)   Other: 0.1ms
[2022-06-30T11:48:04.287+0000][6][gc,age      ] GC(11) Age table with threshold 15 (max threshold 15)
[2022-06-30T11:48:04.287+0000][6][gc,age      ] GC(11) - age   1:    2210368 bytes,    2210368 total
[2022-06-30T11:48:04.287+0000][6][gc,age      ] GC(11) - age   2:     290016 bytes,    2500384 total
[2022-06-30T11:48:04.287+0000][6][gc,age      ] GC(11) - age   3:    1028320 bytes,    3528704 total
[2022-06-30T11:48:04.287+0000][6][gc,age      ] GC(11) - age   4:    2463056 bytes,    5991760 total
[2022-06-30T11:48:04.287+0000][6][gc,age      ] GC(11) - age   5:    1240744 bytes,    7232504 total
[2022-06-30T11:48:04.287+0000][6][gc,age      ] GC(11) - age   6:    3643096 bytes,   10875600 total
[2022-06-30T11:48:04.287+0000][6][gc,age      ] GC(11) - age   7:     463448 bytes,   11339048 total
[2022-06-30T11:48:04.287+0000][6][gc,heap     ] GC(11) Eden regions: 35->0(35)
[2022-06-30T11:48:04.287+0000][6][gc,heap     ] GC(11) Survivor regions: 3->3(5)
[2022-06-30T11:48:04.287+0000][6][gc,heap     ] GC(11) Old regions: 2->2
[2022-06-30T11:48:04.287+0000][6][gc,heap     ] GC(11) Archive regions: 2->2
[2022-06-30T11:48:04.287+0000][6][gc,heap     ] GC(11) Humongous regions: 0->0
[2022-06-30T11:48:04.287+0000][6][gc,metaspace] GC(11) Metaspace: 20670K(21184K)->20670K(21184K) NonClass: 18222K(18560K)->18222K(18560K) Class: 2448K(2624K)->2448K(2624K)
[2022-06-30T11:48:04.287+0000][6][gc          ] GC(11) Pause Young (Normal) (G1 Evacuation Pause) 160M->22M(256M) 28.742ms
[2022-06-30T11:48:04.287+0000][6][gc,cpu      ] GC(11) User=0.01s Sys=0.00s Real=0.03s
[2022-06-30T11:48:04.287+0000][6][safepoint   ] Safepoint "G1CollectForAllocation", Time since last: 171721772 ns, Reaching safepoint: 92074 ns, At safepoint: 28818894 ns, Total: 28910968 ns
[2022-06-30T11:48:05.199+0000][6][gc,start    ] GC(12) Pause Young (Normal) (G1 Evacuation Pause)
[2022-06-30T11:48:05.199+0000][6][gc,task     ] GC(12) Using 1 workers of 1 for evacuation
[2022-06-30T11:48:05.199+0000][6][gc,age      ] GC(12) Desired survivor size 10485760 bytes, new threshold 6 (max threshold 15)
[2022-06-30T11:48:05.245+0000][6][gc,phases   ] GC(12)   Pre Evacuate Collection Set: 0.0ms
[2022-06-30T11:48:05.245+0000][6][gc,phases   ] GC(12)   Merge Heap Roots: 0.0ms
[2022-06-30T11:48:05.245+0000][6][gc,phases   ] GC(12)   Evacuate Collection Set: 45.4ms
[2022-06-30T11:48:05.245+0000][6][gc,phases   ] GC(12)   Post Evacuate Collection Set: 0.6ms
[2022-06-30T11:48:05.245+0000][6][gc,phases   ] GC(12)   Other: 0.1ms
[2022-06-30T11:48:05.245+0000][6][gc,age      ] GC(12) Age table with threshold 6 (max threshold 15)
[2022-06-30T11:48:05.245+0000][6][gc,age      ] GC(12) - age   1:    2376384 bytes,    2376384 total
[2022-06-30T11:48:05.245+0000][6][gc,age      ] GC(12) - age   2:    1617928 bytes,    3994312 total
[2022-06-30T11:48:05.245+0000][6][gc,age      ] GC(12) - age   3:     288480 bytes,    4282792 total
[2022-06-30T11:48:05.245+0000][6][gc,age      ] GC(12) - age   4:    1028320 bytes,    5311112 total
[2022-06-30T11:48:05.245+0000][6][gc,age      ] GC(12) - age   5:    2462992 bytes,    7774104 total
[2022-06-30T11:48:05.245+0000][6][gc,age      ] GC(12) - age   6:    1240616 bytes,    9014720 total
[2022-06-30T11:48:05.245+0000][6][gc,heap     ] GC(12) Eden regions: 35->0(35)
[2022-06-30T11:48:05.245+0000][6][gc,heap     ] GC(12) Survivor regions: 3->3(5)
[2022-06-30T11:48:05.245+0000][6][gc,heap     ] GC(12) Old regions: 2->3
[2022-06-30T11:48:05.245+0000][6][gc,heap     ] GC(12) Archive regions: 2->2
[2022-06-30T11:48:05.245+0000][6][gc,heap     ] GC(12) Humongous regions: 0->0
[2022-06-30T11:48:05.245+0000][6][gc,metaspace] GC(12) Metaspace: 20945K(21504K)->20945K(21504K) NonClass: 18456K(18816K)->18456K(18816K) Class: 2488K(2688K)->2488K(2688K)
[2022-06-30T11:48:05.245+0000][6][gc          ] GC(12) Pause Young (Normal) (G1 Evacuation Pause) 162M->24M(256M) 46.413ms
[2022-06-30T11:48:05.245+0000][6][gc,cpu      ] GC(12) User=0.03s Sys=0.00s Real=0.04s
[2022-06-30T11:48:05.245+0000][6][safepoint   ] Safepoint "G1CollectForAllocation", Time since last: 911108542 ns, Reaching safepoint: 30770 ns, At safepoint: 46457702 ns, Total: 46488472 ns
[2022-06-30T11:48:05.267+0000][6][gc,start    ] GC(13) Pause Young (Concurrent Start) (Metadata GC Threshold)
[2022-06-30T11:48:05.267+0000][6][gc,task     ] GC(13) Using 1 workers of 1 for evacuation
[2022-06-30T11:48:05.267+0000][6][gc,age      ] GC(13) Desired survivor size 10485760 bytes, new threshold 15 (max threshold 15)
[2022-06-30T11:48:05.283+0000][6][gc,phases   ] GC(13)   Pre Evacuate Collection Set: 0.1ms
[2022-06-30T11:48:05.283+0000][6][gc,phases   ] GC(13)   Merge Heap Roots: 0.0ms
[2022-06-30T11:48:05.283+0000][6][gc,phases   ] GC(13)   Evacuate Collection Set: 9.5ms
[2022-06-30T11:48:05.283+0000][6][gc,phases   ] GC(13)   Post Evacuate Collection Set: 6.0ms
[2022-06-30T11:48:05.283+0000][6][gc,phases   ] GC(13)   Other: 0.1ms
[2022-06-30T11:48:05.283+0000][6][gc,age      ] GC(13) Age table with threshold 15 (max threshold 15)
[2022-06-30T11:48:05.283+0000][6][gc,age      ] GC(13) - age   1:      56992 bytes,      56992 total
[2022-06-30T11:48:05.283+0000][6][gc,age      ] GC(13) - age   2:     583856 bytes,     640848 total
[2022-06-30T11:48:05.283+0000][6][gc,age      ] GC(13) - age   3:    1617928 bytes,    2258776 total
[2022-06-30T11:48:05.283+0000][6][gc,age      ] GC(13) - age   4:     288480 bytes,    2547256 total
[2022-06-30T11:48:05.283+0000][6][gc,age      ] GC(13) - age   5:    1028320 bytes,    3575576 total
[2022-06-30T11:48:05.283+0000][6][gc,age      ] GC(13) - age   6:    2462992 bytes,    6038568 total
[2022-06-30T11:48:05.283+0000][6][gc,age      ] GC(13) - age   7:    1240616 bytes,    7279184 total
[2022-06-30T11:48:05.283+0000][6][gc,heap     ] GC(13) Eden regions: 1->0(36)
[2022-06-30T11:48:05.283+0000][6][gc,heap     ] GC(13) Survivor regions: 3->2(5)
[2022-06-30T11:48:05.283+0000][6][gc,heap     ] GC(13) Old regions: 3->3
[2022-06-30T11:48:05.283+0000][6][gc,heap     ] GC(13) Archive regions: 2->2
[2022-06-30T11:48:05.283+0000][6][gc,heap     ] GC(13) Humongous regions: 0->0
[2022-06-30T11:48:05.283+0000][6][gc,metaspace] GC(13) Metaspace: 20957K(21504K)->20957K(21504K) NonClass: 18468K(18816K)->18468K(18816K) Class: 2488K(2688K)->2488K(2688K)
[2022-06-30T11:48:05.283+0000][6][gc          ] GC(13) Pause Young (Concurrent Start) (Metadata GC Threshold) 28M->21M(256M) 15.990ms
[2022-06-30T11:48:05.283+0000][6][gc,cpu      ] GC(13) User=0.01s Sys=0.00s Real=0.01s
[2022-06-30T11:48:05.283+0000][6][safepoint   ] Safepoint "CollectForMetadataAllocation", Time since last: 21952143 ns, Reaching safepoint: 18401 ns, At safepoint: 16098543 ns, Total: 16116944 ns
[2022-06-30T11:48:05.284+0000][6][gc          ] GC(14) Concurrent Mark Cycle
[2022-06-30T11:48:05.284+0000][6][gc,marking  ] GC(14) Concurrent Clear Claimed Marks
[2022-06-30T11:48:05.284+0000][6][gc,marking  ] GC(14) Concurrent Clear Claimed Marks 0.033ms
[2022-06-30T11:48:05.284+0000][6][gc,marking  ] GC(14) Concurrent Scan Root Regions
[2022-06-30T11:48:05.292+0000][6][gc,marking  ] GC(14) Concurrent Scan Root Regions 8.444ms
[2022-06-30T11:48:05.292+0000][6][gc,marking  ] GC(14) Concurrent Mark
[2022-06-30T11:48:05.292+0000][6][gc,marking  ] GC(14) Concurrent Mark From Roots
[2022-06-30T11:48:05.292+0000][6][gc,task     ] GC(14) Using 1 workers of 1 for marking
[2022-06-30T11:48:05.379+0000][6][gc,marking  ] GC(14) Concurrent Mark From Roots 87.053ms
[2022-06-30T11:48:05.379+0000][6][gc,marking  ] GC(14) Concurrent Preclean
[2022-06-30T11:48:05.379+0000][6][gc,marking  ] GC(14) Concurrent Preclean 0.052ms
[2022-06-30T11:48:05.379+0000][6][gc,start    ] GC(14) Pause Remark
[2022-06-30T11:48:05.395+0000][6][gc          ] GC(14) Pause Remark 33M->33M(256M) 15.451ms
[2022-06-30T11:48:05.395+0000][6][gc,cpu      ] GC(14) User=0.01s Sys=0.00s Real=0.02s
[2022-06-30T11:48:05.395+0000][6][safepoint   ] Safepoint "G1Concurrent", Time since last: 96178626 ns, Reaching safepoint: 143019 ns, At safepoint: 15521329 ns, Total: 15664348 ns
[2022-06-30T11:48:05.403+0000][6][gc,marking  ] GC(14) Concurrent Mark 110.422ms
[2022-06-30T11:48:05.403+0000][6][gc,marking  ] GC(14) Concurrent Rebuild Remembered Sets
[2022-06-30T11:48:05.440+0000][6][gc,marking  ] GC(14) Concurrent Rebuild Remembered Sets 37.134ms
[2022-06-30T11:48:05.440+0000][6][gc,start    ] GC(14) Pause Cleanup
[2022-06-30T11:48:05.440+0000][6][gc          ] GC(14) Pause Cleanup 41M->41M(256M) 0.043ms
[2022-06-30T11:48:05.440+0000][6][gc,cpu      ] GC(14) User=0.00s Sys=0.00s Real=0.00s
[2022-06-30T11:48:05.440+0000][6][safepoint   ] Safepoint "G1Concurrent", Time since last: 44783993 ns, Reaching safepoint: 140510 ns, At safepoint: 86911 ns, Total: 227421 ns
[2022-06-30T11:48:05.440+0000][6][gc,marking  ] GC(14) Concurrent Cleanup for Next Mark
[2022-06-30T11:48:05.441+0000][6][gc,marking  ] GC(14) Concurrent Cleanup for Next Mark 0.681ms
[2022-06-30T11:48:05.441+0000][6][gc          ] GC(14) Concurrent Mark Cycle 157.442ms
[2022-06-30T11:48:06.180+0000][6][gc,start    ] GC(15) Pause Young (Normal) (G1 Evacuation Pause)
[2022-06-30T11:48:06.180+0000][6][gc,task     ] GC(15) Using 1 workers of 1 for evacuation
[2022-06-30T11:48:06.180+0000][6][gc,age      ] GC(15) Desired survivor size 10485760 bytes, new threshold 15 (max threshold 15)
[2022-06-30T11:48:06.193+0000][6][gc,phases   ] GC(15)   Pre Evacuate Collection Set: 2.8ms
[2022-06-30T11:48:06.193+0000][6][gc,phases   ] GC(15)   Merge Heap Roots: 0.0ms
[2022-06-30T11:48:06.193+0000][6][gc,phases   ] GC(15)   Evacuate Collection Set: 9.6ms
[2022-06-30T11:48:06.193+0000][6][gc,phases   ] GC(15)   Post Evacuate Collection Set: 0.6ms
[2022-06-30T11:48:06.193+0000][6][gc,phases   ] GC(15)   Other: 0.1ms
[2022-06-30T11:48:06.193+0000][6][gc,age      ] GC(15) Age table with threshold 15 (max threshold 15)
[2022-06-30T11:48:06.193+0000][6][gc,age      ] GC(15) - age   1:     465528 bytes,     465528 total
[2022-06-30T11:48:06.193+0000][6][gc,age      ] GC(15) - age   2:      12952 bytes,     478480 total
[2022-06-30T11:48:06.193+0000][6][gc,age      ] GC(15) - age   3:     583360 bytes,    1061840 total
[2022-06-30T11:48:06.193+0000][6][gc,age      ] GC(15) - age   4:    1617896 bytes,    2679736 total
[2022-06-30T11:48:06.193+0000][6][gc,age      ] GC(15) - age   5:     288200 bytes,    2967936 total
[2022-06-30T11:48:06.193+0000][6][gc,age      ] GC(15) - age   6:    1027776 bytes,    3995712 total
[2022-06-30T11:48:06.193+0000][6][gc,age      ] GC(15) - age   7:    2462720 bytes,    6458432 total
[2022-06-30T11:48:06.193+0000][6][gc,age      ] GC(15) - age   8:    1240520 bytes,    7698952 total
[2022-06-30T11:48:06.193+0000][6][gc,heap     ] GC(15) Eden regions: 36->0(36)
[2022-06-30T11:48:06.193+0000][6][gc,heap     ] GC(15) Survivor regions: 2->2(5)
[2022-06-30T11:48:06.193+0000][6][gc,heap     ] GC(15) Old regions: 3->3
[2022-06-30T11:48:06.193+0000][6][gc,heap     ] GC(15) Archive regions: 2->2
[2022-06-30T11:48:06.193+0000][6][gc,heap     ] GC(15) Humongous regions: 0->0
[2022-06-30T11:48:06.193+0000][6][gc,metaspace] GC(15) Metaspace: 21029K(21696K)->21029K(21696K) NonClass: 18525K(18944K)->18525K(18944K) Class: 2503K(2752K)->2503K(2752K)
[2022-06-30T11:48:06.193+0000][6][gc          ] GC(15) Pause Young (Normal) (G1 Evacuation Pause) 165M->22M(256M) 13.307ms
[2022-06-30T11:48:06.193+0000][6][gc,cpu      ] GC(15) User=0.00s Sys=0.00s Real=0.01s
[2022-06-30T11:48:06.193+0000][6][safepoint   ] Safepoint "G1CollectForAllocation", Time since last: 739617787 ns, Reaching safepoint: 26563 ns, At safepoint: 13351216 ns, Total: 13377779 ns
[2022-06-30T11:48:07.194+0000][6][safepoint   ] Safepoint "Cleanup", Time since last: 1000356889 ns, Reaching safepoint: 201083 ns, At safepoint: 5422 ns, Total: 206505 ns
[2022-06-30T11:48:08.511+0000][6][safepoint   ] Safepoint "Cleanup", Time since last: 1317010172 ns, Reaching safepoint: 78882 ns, At safepoint: 4195 ns, Total: 83077 ns
[2022-06-30T11:48:10.373+0000][6][safepoint   ] Safepoint "Cleanup", Time since last: 1861651453 ns, Reaching safepoint: 382337 ns, At safepoint: 6561 ns, Total: 388898 ns
[2022-06-30T11:48:10.847+0000][6][gc,start    ] GC(16) Pause Young (Normal) (G1 Evacuation Pause)
[2022-06-30T11:48:10.847+0000][6][gc,task     ] GC(16) Using 1 workers of 1 for evacuation
[2022-06-30T11:48:10.847+0000][6][gc,age      ] GC(16) Desired survivor size 10485760 bytes, new threshold 15 (max threshold 15)
[2022-06-30T11:48:10.908+0000][6][gc,phases   ] GC(16)   Pre Evacuate Collection Set: 0.0ms
[2022-06-30T11:48:10.908+0000][6][gc,phases   ] GC(16)   Merge Heap Roots: 0.1ms
[2022-06-30T11:48:10.908+0000][6][gc,phases   ] GC(16)   Evacuate Collection Set: 59.1ms
[2022-06-30T11:48:10.908+0000][6][gc,phases   ] GC(16)   Post Evacuate Collection Set: 1.2ms
[2022-06-30T11:48:10.908+0000][6][gc,phases   ] GC(16)   Other: 0.1ms
[2022-06-30T11:48:10.908+0000][6][gc,age      ] GC(16) Age table with threshold 15 (max threshold 15)
[2022-06-30T11:48:10.908+0000][6][gc,age      ] GC(16) - age   1:    7548192 bytes,    7548192 total
[2022-06-30T11:48:10.908+0000][6][gc,age      ] GC(16) - age   2:     458968 bytes,    8007160 total
[2022-06-30T11:48:10.908+0000][6][gc,age      ] GC(16) - age   3:      12952 bytes,    8020112 total
[2022-06-30T11:48:10.908+0000][6][gc,age      ] GC(16) - age   4:     576456 bytes,    8596568 total
[2022-06-30T11:48:10.908+0000][6][gc,age      ] GC(16) - age   5:    1607968 bytes,   10204536 total
[2022-06-30T11:48:10.908+0000][6][gc,age      ] GC(16) - age   6:     286848 bytes,   10491384 total
[2022-06-30T11:48:10.908+0000][6][gc,age      ] GC(16) - age   7:    1026800 bytes,   11518184 total
[2022-06-30T11:48:10.908+0000][6][gc,age      ] GC(16) - age   8:    2460000 bytes,   13978184 total
[2022-06-30T11:48:10.908+0000][6][gc,age      ] GC(16) - age   9:    1237152 bytes,   15215336 total
[2022-06-30T11:48:10.908+0000][6][gc,heap     ] GC(16) Eden regions: 36->0(34)
[2022-06-30T11:48:10.908+0000][6][gc,heap     ] GC(16) Survivor regions: 2->4(5)
[2022-06-30T11:48:10.908+0000][6][gc,heap     ] GC(16) Old regions: 3->3
[2022-06-30T11:48:10.908+0000][6][gc,heap     ] GC(16) Archive regions: 2->2
[2022-06-30T11:48:10.908+0000][6][gc,heap     ] GC(16) Humongous regions: 0->0
[2022-06-30T11:48:10.908+0000][6][gc,metaspace] GC(16) Metaspace: 30306K(31296K)->30306K(31296K) NonClass: 26573K(27200K)->26573K(27200K) Class: 3732K(4096K)->3732K(4096K)
[2022-06-30T11:48:10.908+0000][6][gc          ] GC(16) Pause Young (Normal) (G1 Evacuation Pause) 166M->29M(256M) 60.762ms
[2022-06-30T11:48:10.908+0000][6][gc,cpu      ] GC(16) User=0.03s Sys=0.00s Real=0.06s
[2022-06-30T11:48:10.908+0000][6][safepoint   ] Safepoint "G1CollectForAllocation", Time since last: 474531830 ns, Reaching safepoint: 26921 ns, At safepoint: 60818799 ns, Total: 60845720 ns
[2022-06-30T11:48:11.911+0000][6][safepoint   ] Safepoint "Cleanup", Time since last: 1002495084 ns, Reaching safepoint: 281304 ns, At safepoint: 5055 ns, Total: 286359 ns
[2022-06-30T11:48:12.911+0000][6][safepoint   ] Safepoint "Cleanup", Time since last: 1000116385 ns, Reaching safepoint: 173057 ns, At safepoint: 5436 ns, Total: 178493 ns
[2022-06-30T11:48:13.915+0000][6][safepoint   ] Safepoint "Cleanup", Time since last: 1003413790 ns, Reaching safepoint: 168086 ns, At safepoint: 5292 ns, Total: 173378 ns
[2022-06-30T11:48:15.017+0000][6][safepoint   ] Safepoint "Cleanup", Time since last: 1101993745 ns, Reaching safepoint: 196755 ns, At safepoint: 6737 ns, Total: 203492 ns
[2022-06-30T11:48:15.135+0000][6][gc,start    ] GC(17) Pause Young (Normal) (G1 Evacuation Pause)
[2022-06-30T11:48:15.135+0000][6][gc,task     ] GC(17) Using 1 workers of 1 for evacuation
[2022-06-30T11:48:15.135+0000][6][gc,age      ] GC(17) Desired survivor size 10485760 bytes, new threshold 6 (max threshold 15)
[2022-06-30T11:48:15.229+0000][6][gc,phases   ] GC(17)   Pre Evacuate Collection Set: 0.0ms
[2022-06-30T11:48:15.229+0000][6][gc,phases   ] GC(17)   Merge Heap Roots: 0.0ms
[2022-06-30T11:48:15.229+0000][6][gc,phases   ] GC(17)   Evacuate Collection Set: 93.0ms
[2022-06-30T11:48:15.229+0000][6][gc,phases   ] GC(17)   Post Evacuate Collection Set: 1.1ms
[2022-06-30T11:48:15.229+0000][6][gc,phases   ] GC(17)   Other: 0.1ms
[2022-06-30T11:48:15.229+0000][6][gc,age      ] GC(17) Age table with threshold 6 (max threshold 15)
[2022-06-30T11:48:15.229+0000][6][gc,age      ] GC(17) - age   1:   13115336 bytes,   13115336 total
[2022-06-30T11:48:15.229+0000][6][gc,age      ] GC(17) - age   2:    5386912 bytes,   18502248 total
[2022-06-30T11:48:15.229+0000][6][gc,age      ] GC(17) - age   3:     445968 bytes,   18948216 total
[2022-06-30T11:48:15.229+0000][6][gc,age      ] GC(17) - age   4:      12776 bytes,   18960992 total
[2022-06-30T11:48:15.229+0000][6][gc,age      ] GC(17) - age   5:     549736 bytes,   19510728 total
[2022-06-30T11:48:15.229+0000][6][gc,age      ] GC(17) - age   6:    1410368 bytes,   20921096 total
[2022-06-30T11:48:15.229+0000][6][gc,heap     ] GC(17) Eden regions: 34->0(33)
[2022-06-30T11:48:15.229+0000][6][gc,heap     ] GC(17) Survivor regions: 4->5(5)
[2022-06-30T11:48:15.229+0000][6][gc,heap     ] GC(17) Old regions: 3->5
[2022-06-30T11:48:15.229+0000][6][gc,heap     ] GC(17) Archive regions: 2->2
[2022-06-30T11:48:15.229+0000][6][gc,heap     ] GC(17) Humongous regions: 0->0
[2022-06-30T11:48:15.229+0000][6][gc,metaspace] GC(17) Metaspace: 30631K(31616K)->30631K(31616K) NonClass: 26851K(27456K)->26851K(27456K) Class: 3780K(4160K)->3780K(4160K)
[2022-06-30T11:48:15.229+0000][6][gc          ] GC(17) Pause Young (Normal) (G1 Evacuation Pause) 165M->41M(256M) 94.464ms
[2022-06-30T11:48:15.229+0000][6][gc,cpu      ] GC(17) User=0.05s Sys=0.00s Real=0.09s
[2022-06-30T11:48:15.229+0000][6][safepoint   ] Safepoint "G1CollectForAllocation", Time since last: 117789598 ns, Reaching safepoint: 30622 ns, At safepoint: 94513365 ns, Total: 94543987 ns
[2022-06-30T11:48:16.236+0000][6][safepoint   ] Safepoint "Cleanup", Time since last: 1000111601 ns, Reaching safepoint: 6261334 ns, At safepoint: 6903 ns, Total: 6268237 ns
[2022-06-30T11:48:17.242+0000][6][safepoint   ] Safepoint "Cleanup", Time since last: 1002914181 ns, Reaching safepoint: 3199056 ns, At safepoint: 6893 ns, Total: 3205949 ns
[2022-06-30T11:48:18.595+0000][6][gc,start    ] GC(18) Pause Young (Concurrent Start) (Metadata GC Threshold)
[2022-06-30T11:48:18.595+0000][6][gc,task     ] GC(18) Using 1 workers of 1 for evacuation
[2022-06-30T11:48:18.595+0000][6][gc,age      ] GC(18) Desired survivor size 10485760 bytes, new threshold 1 (max threshold 15)
[2022-06-30T11:48:18.751+0000][6][gc,phases   ] GC(18)   Pre Evacuate Collection Set: 0.1ms
[2022-06-30T11:48:18.751+0000][6][gc,phases   ] GC(18)   Merge Heap Roots: 0.1ms
[2022-06-30T11:48:18.751+0000][6][gc,phases   ] GC(18)   Evacuate Collection Set: 151.1ms
[2022-06-30T11:48:18.751+0000][6][gc,phases   ] GC(18)   Post Evacuate Collection Set: 5.0ms
[2022-06-30T11:48:18.751+0000][6][gc,phases   ] GC(18)   Other: 0.1ms
[2022-06-30T11:48:18.751+0000][6][gc,age      ] GC(18) Age table with threshold 1 (max threshold 15)
[2022-06-30T11:48:18.751+0000][6][gc,age      ] GC(18) - age   1:    7696768 bytes,    7696768 total
[2022-06-30T11:48:18.751+0000][6][gc,heap     ] GC(18) Eden regions: 23->0(33)
[2022-06-30T11:48:18.751+0000][6][gc,heap     ] GC(18) Survivor regions: 5->2(5)
[2022-06-30T11:48:18.751+0000][6][gc,heap     ] GC(18) Old regions: 5->10
[2022-06-30T11:48:18.751+0000][6][gc,heap     ] GC(18) Archive regions: 2->2
[2022-06-30T11:48:18.751+0000][6][gc,heap     ] GC(18) Humongous regions: 0->0
[2022-06-30T11:48:18.751+0000][6][gc,metaspace] GC(18) Metaspace: 35004K(35968K)->35004K(35968K) NonClass: 30544K(31104K)->30544K(31104K) Class: 4460K(4864K)->4460K(4864K)
[2022-06-30T11:48:18.751+0000][6][gc          ] GC(18) Pause Young (Concurrent Start) (Metadata GC Threshold) 133M->48M(256M) 156.589ms
[2022-06-30T11:48:18.751+0000][6][gc,cpu      ] GC(18) User=0.08s Sys=0.00s Real=0.15s
[2022-06-30T11:48:18.751+0000][6][safepoint   ] Safepoint "CollectForMetadataAllocation", Time since last: 1352803739 ns, Reaching safepoint: 89201 ns, At safepoint: 156721372 ns, Total: 156810573 ns
[2022-06-30T11:48:18.752+0000][6][gc          ] GC(19) Concurrent Mark Cycle
[2022-06-30T11:48:18.752+0000][6][gc,marking  ] GC(19) Concurrent Clear Claimed Marks
[2022-06-30T11:48:18.752+0000][6][gc,marking  ] GC(19) Concurrent Clear Claimed Marks 0.060ms
[2022-06-30T11:48:18.752+0000][6][gc,marking  ] GC(19) Concurrent Scan Root Regions
[2022-06-30T11:48:18.854+0000][6][gc,marking  ] GC(19) Concurrent Scan Root Regions 102.369ms
[2022-06-30T11:48:18.855+0000][6][gc,marking  ] GC(19) Concurrent Mark
[2022-06-30T11:48:18.855+0000][6][gc,marking  ] GC(19) Concurrent Mark From Roots
[2022-06-30T11:48:18.855+0000][6][gc,task     ] GC(19) Using 1 workers of 1 for marking
[2022-06-30T11:48:18.871+0000][6][safepoint   ] Safepoint "CollectForMetadataAllocation", Time since last: 119573373 ns, Reaching safepoint: 38084 ns, At safepoint: 78357 ns, Total: 116441 ns
[2022-06-30T11:48:18.978+0000][6][gc,marking  ] GC(19) Concurrent Mark From Roots 123.802ms
[2022-06-30T11:48:18.978+0000][6][gc,marking  ] GC(19) Concurrent Preclean
[2022-06-30T11:48:18.981+0000][6][gc,marking  ] GC(19) Concurrent Preclean 2.175ms
[2022-06-30T11:48:18.981+0000][6][gc,start    ] GC(19) Pause Remark
[2022-06-30T11:48:19.003+0000][6][gc          ] GC(19) Pause Remark 52M->52M(256M) 21.517ms
[2022-06-30T11:48:19.003+0000][6][gc,cpu      ] GC(19) User=0.01s Sys=0.00s Real=0.02s
[2022-06-30T11:48:19.003+0000][6][safepoint   ] Safepoint "G1Concurrent", Time since last: 109608662 ns, Reaching safepoint: 719787 ns, At safepoint: 21603834 ns, Total: 22323621 ns
[2022-06-30T11:48:19.003+0000][6][gc,marking  ] GC(19) Concurrent Mark 148.439ms
[2022-06-30T11:48:19.003+0000][6][gc,marking  ] GC(19) Concurrent Rebuild Remembered Sets
[2022-06-30T11:48:19.146+0000][6][gc,marking  ] GC(19) Concurrent Rebuild Remembered Sets 142.801ms
[2022-06-30T11:48:19.146+0000][6][gc,start    ] GC(19) Pause Cleanup
[2022-06-30T11:48:19.146+0000][6][gc          ] GC(19) Pause Cleanup 54M->54M(256M) 0.045ms
[2022-06-30T11:48:19.146+0000][6][gc,cpu      ] GC(19) User=0.00s Sys=0.00s Real=0.00s
[2022-06-30T11:48:19.146+0000][6][safepoint   ] Safepoint "G1Concurrent", Time since last: 142934887 ns, Reaching safepoint: 144917 ns, At safepoint: 77797 ns, Total: 222714 ns
[2022-06-30T11:48:19.147+0000][6][gc,marking  ] GC(19) Concurrent Cleanup for Next Mark
[2022-06-30T11:48:19.167+0000][6][gc,marking  ] GC(19) Concurrent Cleanup for Next Mark 20.641ms
[2022-06-30T11:48:19.167+0000][6][gc          ] GC(19) Concurrent Mark Cycle 415.150ms
[2022-06-30T11:48:20.152+0000][6][safepoint   ] Safepoint "Cleanup", Time since last: 1000099057 ns, Reaching safepoint: 5318766 ns, At safepoint: 8845 ns, Total: 5327611 ns
[2022-06-30T11:48:21.736+0000][6][safepoint   ] Safepoint "Cleanup", Time since last: 1583812988 ns, Reaching safepoint: 187792 ns, At safepoint: 7413 ns, Total: 195205 ns
[2022-06-30T11:48:22.736+0000][6][safepoint   ] Safepoint "Cleanup", Time since last: 1000672980 ns, Reaching safepoint: 198204 ns, At safepoint: 5087 ns, Total: 203291 ns
[2022-06-30T11:48:24.038+0000][6][gc,start    ] GC(20) Pause Young (Normal) (G1 Evacuation Pause)
[2022-06-30T11:48:24.038+0000][6][gc,task     ] GC(20) Using 1 workers of 1 for evacuation
[2022-06-30T11:48:24.038+0000][6][gc,age      ] GC(20) Desired survivor size 10485760 bytes, new threshold 15 (max threshold 15)
[2022-06-30T11:48:24.103+0000][6][gc,phases   ] GC(20)   Pre Evacuate Collection Set: 0.0ms
[2022-06-30T11:48:24.103+0000][6][gc,phases   ] GC(20)   Merge Heap Roots: 0.1ms
[2022-06-30T11:48:24.103+0000][6][gc,phases   ] GC(20)   Evacuate Collection Set: 62.0ms
[2022-06-30T11:48:24.103+0000][6][gc,phases   ] GC(20)   Post Evacuate Collection Set: 2.8ms
[2022-06-30T11:48:24.103+0000][6][gc,phases   ] GC(20)   Other: 0.1ms
[2022-06-30T11:48:24.103+0000][6][gc,age      ] GC(20) Age table with threshold 15 (max threshold 15)
[2022-06-30T11:48:24.103+0000][6][gc,age      ] GC(20) - age   1:    5881112 bytes,    5881112 total
[2022-06-30T11:48:24.103+0000][6][gc,age      ] GC(20) - age   2:    7589120 bytes,   13470232 total
[2022-06-30T11:48:24.103+0000][6][gc,heap     ] GC(20) Eden regions: 33->0(32)
[2022-06-30T11:48:24.103+0000][6][gc,heap     ] GC(20) Survivor regions: 2->4(5)
[2022-06-30T11:48:24.103+0000][6][gc,heap     ] GC(20) Old regions: 10->10
[2022-06-30T11:48:24.103+0000][6][gc,heap     ] GC(20) Archive regions: 2->2
[2022-06-30T11:48:24.103+0000][6][gc,heap     ] GC(20) Humongous regions: 0->0
[2022-06-30T11:48:24.103+0000][6][gc,metaspace] GC(20) Metaspace: 51606K(52864K)->51606K(52864K) NonClass: 44850K(45568K)->44850K(45568K) Class: 6755K(7296K)->6755K(7296K)
[2022-06-30T11:48:24.103+0000][6][gc          ] GC(20) Pause Young (Normal) (G1 Evacuation Pause) 180M->54M(256M) 65.286ms
[2022-06-30T11:48:24.103+0000][6][gc,cpu      ] GC(20) User=0.04s Sys=0.00s Real=0.06s
[2022-06-30T11:48:24.103+0000][6][safepoint   ] Safepoint "G1CollectForAllocation", Time since last: 1301136966 ns, Reaching safepoint: 52842 ns, At safepoint: 65341225 ns, Total: 65394067 ns
[2022-06-30T11:48:25.107+0000][6][safepoint   ] Safepoint "Cleanup", Time since last: 1003555538 ns, Reaching safepoint: 161902 ns, At safepoint: 5850 ns, Total: 167752 ns
[2022-06-30T11:48:26.107+0000][6][safepoint   ] Safepoint "Cleanup", Time since last: 1000126116 ns, Reaching safepoint: 162819 ns, At safepoint: 5314 ns, Total: 168133 ns
[2022-06-30T11:48:26.455+0000][6][gc,start    ] GC(21) Pause Young (Normal) (G1 Evacuation Pause)
[2022-06-30T11:48:26.455+0000][6][gc,task     ] GC(21) Using 1 workers of 1 for evacuation
[2022-06-30T11:48:26.455+0000][6][gc,age      ] GC(21) Desired survivor size 10485760 bytes, new threshold 2 (max threshold 15)
[2022-06-30T11:48:26.563+0000][6][gc,phases   ] GC(21)   Pre Evacuate Collection Set: 0.0ms
[2022-06-30T11:48:26.563+0000][6][gc,phases   ] GC(21)   Merge Heap Roots: 0.1ms
[2022-06-30T11:48:26.563+0000][6][gc,phases   ] GC(21)   Evacuate Collection Set: 100.0ms
[2022-06-30T11:48:26.563+0000][6][gc,phases   ] GC(21)   Post Evacuate Collection Set: 7.5ms
[2022-06-30T11:48:26.563+0000][6][gc,phases   ] GC(21)   Other: 0.1ms
[2022-06-30T11:48:26.563+0000][6][gc,age      ] GC(21) Age table with threshold 2 (max threshold 15)
[2022-06-30T11:48:26.563+0000][6][gc,age      ] GC(21) - age   1:     180056 bytes,     180056 total
[2022-06-30T11:48:26.563+0000][6][gc,age      ] GC(21) - age   2:    5660056 bytes,    5840112 total
[2022-06-30T11:48:26.563+0000][6][gc,heap     ] GC(21) Eden regions: 32->0(33)
[2022-06-30T11:48:26.563+0000][6][gc,heap     ] GC(21) Survivor regions: 4->2(5)
[2022-06-30T11:48:26.563+0000][6][gc,heap     ] GC(21) Old regions: 10->12
[2022-06-30T11:48:26.563+0000][6][gc,heap     ] GC(21) Archive regions: 2->2
[2022-06-30T11:48:26.563+0000][6][gc,heap     ] GC(21) Humongous regions: 0->0
[2022-06-30T11:48:26.563+0000][6][gc,metaspace] GC(21) Metaspace: 52028K(53248K)->52028K(53248K) NonClass: 45231K(45952K)->45231K(45952K) Class: 6797K(7296K)->6797K(7296K)
[2022-06-30T11:48:26.563+0000][6][gc          ] GC(21) Pause Young (Normal) (G1 Evacuation Pause) 182M->54M(256M) 107.900ms
[2022-06-30T11:48:26.563+0000][6][gc,cpu      ] GC(21) User=0.05s Sys=0.00s Real=0.10s
[2022-06-30T11:48:26.563+0000][6][safepoint   ] Safepoint "G1CollectForAllocation", Time since last: 348005879 ns, Reaching safepoint: 19485 ns, At safepoint: 107965289 ns, Total: 107984774 ns
[2022-06-30T11:48:27.982+0000][6][safepoint   ] Safepoint "Cleanup", Time since last: 1418531162 ns, Reaching safepoint: 37811 ns, At safepoint: 3369 ns, Total: 41180 ns
[2022-06-30T11:48:28.985+0000][6][safepoint   ] Safepoint "Cleanup", Time since last: 1000977401 ns, Reaching safepoint: 2369230 ns, At safepoint: 5963 ns, Total: 2375193 ns
[2022-06-30T11:48:30.888+0000][6][safepoint   ] Safepoint "Cleanup", Time since last: 1902805543 ns, Reaching safepoint: 283965 ns, At safepoint: 5262 ns, Total: 289227 ns
[2022-06-30T11:48:31.891+0000][6][safepoint   ] Safepoint "Cleanup", Time since last: 1000130003 ns, Reaching safepoint: 3263735 ns, At safepoint: 7876 ns, Total: 3271611 ns
[2022-06-30T11:48:33.263+0000][6][safepoint   ] Safepoint "Cleanup", Time since last: 1367761045 ns, Reaching safepoint: 3366139 ns, At safepoint: 7084 ns, Total: 3373223 ns
[2022-06-30T11:48:33.843+0000][6][gc,start    ] GC(22) Pause Young (Normal) (G1 Evacuation Pause)
[2022-06-30T11:48:33.843+0000][6][gc,task     ] GC(22) Using 1 workers of 1 for evacuation
[2022-06-30T11:48:33.843+0000][6][gc,age      ] GC(22) Desired survivor size 10485760 bytes, new threshold 15 (max threshold 15)
[2022-06-30T11:48:33.908+0000][6][gc,phases   ] GC(22)   Pre Evacuate Collection Set: 0.0ms
[2022-06-30T11:48:33.908+0000][6][gc,phases   ] GC(22)   Merge Heap Roots: 0.1ms
[2022-06-30T11:48:33.908+0000][6][gc,phases   ] GC(22)   Evacuate Collection Set: 63.3ms
[2022-06-30T11:48:33.908+0000][6][gc,phases   ] GC(22)   Post Evacuate Collection Set: 1.4ms
[2022-06-30T11:48:33.908+0000][6][gc,phases   ] GC(22)   Other: 0.1ms
[2022-06-30T11:48:33.908+0000][6][gc,age      ] GC(22) Age table with threshold 15 (max threshold 15)
[2022-06-30T11:48:33.908+0000][6][gc,age      ] GC(22) - age   1:    4389912 bytes,    4389912 total
[2022-06-30T11:48:33.908+0000][6][gc,age      ] GC(22) - age   2:     170024 bytes,    4559936 total
[2022-06-30T11:48:33.908+0000][6][gc,age      ] GC(22) - age   3:    5646376 bytes,   10206312 total
[2022-06-30T11:48:33.908+0000][6][gc,heap     ] GC(22) Eden regions: 33->0(32)
[2022-06-30T11:48:33.908+0000][6][gc,heap     ] GC(22) Survivor regions: 2->3(5)
[2022-06-30T11:48:33.908+0000][6][gc,heap     ] GC(22) Old regions: 12->12
[2022-06-30T11:48:33.908+0000][6][gc,heap     ] GC(22) Archive regions: 2->2
[2022-06-30T11:48:33.908+0000][6][gc,heap     ] GC(22) Humongous regions: 0->0
[2022-06-30T11:48:33.908+0000][6][gc,metaspace] GC(22) Metaspace: 59617K(60992K)->59617K(60992K) NonClass: 51803K(52608K)->51803K(52608K) Class: 7813K(8384K)->7813K(8384K)
[2022-06-30T11:48:33.908+0000][6][gc          ] GC(22) Pause Young (Normal) (G1 Evacuation Pause) 186M->59M(256M) 65.042ms
[2022-06-30T11:48:33.908+0000][6][gc,cpu      ] GC(22) User=0.04s Sys=0.00s Real=0.07s
[2022-06-30T11:48:33.908+0000][6][safepoint   ] Safepoint "G1CollectForAllocation", Time since last: 580455204 ns, Reaching safepoint: 47879 ns, At safepoint: 65094088 ns, Total: 65141967 ns
[2022-06-30T11:48:34.920+0000][6][safepoint   ] Safepoint "Cleanup", Time since last: 1002391649 ns, Reaching safepoint: 9125844 ns, At safepoint: 9561 ns, Total: 9135405 ns
[2022-06-30T11:48:35.635+0000][6][gc,start    ] GC(23) Pause Young (Concurrent Start) (Metadata GC Threshold)
[2022-06-30T11:48:35.635+0000][6][gc,task     ] GC(23) Using 1 workers of 1 for evacuation
[2022-06-30T11:48:35.635+0000][6][gc,age      ] GC(23) Desired survivor size 10485760 bytes, new threshold 15 (max threshold 15)
[2022-06-30T11:48:35.676+0000][6][gc,phases   ] GC(23)   Pre Evacuate Collection Set: 0.1ms
[2022-06-30T11:48:35.676+0000][6][gc,phases   ] GC(23)   Merge Heap Roots: 0.1ms
[2022-06-30T11:48:35.676+0000][6][gc,phases   ] GC(23)   Evacuate Collection Set: 39.5ms
[2022-06-30T11:48:35.676+0000][6][gc,phases   ] GC(23)   Post Evacuate Collection Set: 1.0ms
[2022-06-30T11:48:35.676+0000][6][gc,phases   ] GC(23)   Other: 0.1ms
[2022-06-30T11:48:35.676+0000][6][gc,age      ] GC(23) Age table with threshold 15 (max threshold 15)
[2022-06-30T11:48:35.676+0000][6][gc,age      ] GC(23) - age   1:     704352 bytes,     704352 total
[2022-06-30T11:48:35.676+0000][6][gc,age      ] GC(23) - age   2:    4230216 bytes,    4934568 total
[2022-06-30T11:48:35.676+0000][6][gc,age      ] GC(23) - age   3:     170024 bytes,    5104592 total
[2022-06-30T11:48:35.676+0000][6][gc,age      ] GC(23) - age   4:    5646376 bytes,   10750968 total
[2022-06-30T11:48:35.676+0000][6][gc,heap     ] GC(23) Eden regions: 20->0(33)
[2022-06-30T11:48:35.676+0000][6][gc,heap     ] GC(23) Survivor regions: 3->3(5)
[2022-06-30T11:48:35.676+0000][6][gc,heap     ] GC(23) Old regions: 12->12
[2022-06-30T11:48:35.676+0000][6][gc,heap     ] GC(23) Archive regions: 2->2
[2022-06-30T11:48:35.676+0000][6][gc,heap     ] GC(23) Humongous regions: 0->0
[2022-06-30T11:48:35.676+0000][6][gc,metaspace] GC(23) Metaspace: 59747K(61056K)->59747K(61056K) NonClass: 51918K(52672K)->51918K(52672K) Class: 7828K(8384K)->7828K(8384K)
[2022-06-30T11:48:35.676+0000][6][gc          ] GC(23) Pause Young (Concurrent Start) (Metadata GC Threshold) 139M->60M(256M) 41.038ms
[2022-06-30T11:48:35.676+0000][6][gc,cpu      ] GC(23) User=0.03s Sys=0.00s Real=0.04s
[2022-06-30T11:48:35.676+0000][6][safepoint   ] Safepoint "CollectForMetadataAllocation", Time since last: 714874640 ns, Reaching safepoint: 153509 ns, At safepoint: 41155997 ns, Total: 41309506 ns
[2022-06-30T11:48:35.683+0000][6][gc          ] GC(24) Concurrent Mark Cycle
[2022-06-30T11:48:35.683+0000][6][gc,marking  ] GC(24) Concurrent Clear Claimed Marks
[2022-06-30T11:48:35.683+0000][6][gc,marking  ] GC(24) Concurrent Clear Claimed Marks 0.067ms
[2022-06-30T11:48:35.683+0000][6][gc,marking  ] GC(24) Concurrent Scan Root Regions
[2022-06-30T11:48:35.736+0000][6][gc,marking  ] GC(24) Concurrent Scan Root Regions 52.964ms
[2022-06-30T11:48:35.736+0000][6][gc,marking  ] GC(24) Concurrent Mark
[2022-06-30T11:48:35.736+0000][6][gc,marking  ] GC(24) Concurrent Mark From Roots
[2022-06-30T11:48:35.736+0000][6][gc,task     ] GC(24) Using 1 workers of 1 for marking
[2022-06-30T11:48:35.876+0000][6][safepoint   ] Safepoint "CollectForMetadataAllocation", Time since last: 200150293 ns, Reaching safepoint: 52840 ns, At safepoint: 85058 ns, Total: 137898 ns
[2022-06-30T11:48:36.103+0000][6][safepoint   ] Safepoint "CollectForMetadataAllocation", Time since last: 219572148 ns, Reaching safepoint: 6861918 ns, At safepoint: 83593 ns, Total: 6945511 ns
[2022-06-30T11:48:36.166+0000][6][gc,marking  ] GC(24) Concurrent Mark From Roots 430.410ms
[2022-06-30T11:48:36.166+0000][6][gc,marking  ] GC(24) Concurrent Preclean
[2022-06-30T11:48:36.166+0000][6][gc,marking  ] GC(24) Concurrent Preclean 0.218ms
[2022-06-30T11:48:36.176+0000][6][gc,start    ] GC(24) Pause Remark
[2022-06-30T11:48:36.193+0000][6][gc          ] GC(24) Pause Remark 68M->68M(256M) 17.480ms
[2022-06-30T11:48:36.193+0000][6][gc,cpu      ] GC(24) User=0.01s Sys=0.00s Real=0.01s
[2022-06-30T11:48:36.193+0000][6][safepoint   ] Safepoint "G1Concurrent", Time since last: 63698429 ns, Reaching safepoint: 9285462 ns, At safepoint: 17556904 ns, Total: 26842366 ns
[2022-06-30T11:48:36.211+0000][6][gc,marking  ] GC(24) Concurrent Mark 474.887ms
[2022-06-30T11:48:36.211+0000][6][gc,marking  ] GC(24) Concurrent Rebuild Remembered Sets
[2022-06-30T11:48:36.423+0000][6][gc,marking  ] GC(24) Concurrent Rebuild Remembered Sets 211.957ms
[2022-06-30T11:48:36.423+0000][6][gc,start    ] GC(24) Pause Cleanup
[2022-06-30T11:48:36.423+0000][6][gc          ] GC(24) Pause Cleanup 70M->70M(256M) 0.044ms
[2022-06-30T11:48:36.423+0000][6][gc,cpu      ] GC(24) User=0.00s Sys=0.00s Real=0.00s
[2022-06-30T11:48:36.423+0000][6][safepoint   ] Safepoint "G1Concurrent", Time since last: 229390856 ns, Reaching safepoint: 28269 ns, At safepoint: 74568 ns, Total: 102837 ns
[2022-06-30T11:48:36.423+0000][6][gc,marking  ] GC(24) Concurrent Cleanup for Next Mark
[2022-06-30T11:48:36.426+0000][6][gc,marking  ] GC(24) Concurrent Cleanup for Next Mark 3.807ms
[2022-06-30T11:48:36.427+0000][6][gc          ] GC(24) Concurrent Mark Cycle 744.024ms
[2022-06-30T11:48:37.427+0000][6][safepoint   ] Safepoint "Cleanup", Time since last: 1003845622 ns, Reaching safepoint: 290137 ns, At safepoint: 7830 ns, Total: 297967 ns
[2022-06-30T11:48:38.431+0000][6][safepoint   ] Safepoint "Cleanup", Time since last: 1003700466 ns, Reaching safepoint: 164152 ns, At safepoint: 5398 ns, Total: 169550 ns
[2022-06-30T11:48:39.431+0000][6][safepoint   ] Safepoint "Cleanup", Time since last: 1000122584 ns, Reaching safepoint: 617577 ns, At safepoint: 7260 ns, Total: 624837 ns
[2022-06-30T11:48:41.171+0000][6][safepoint   ] Safepoint "Cleanup", Time since last: 1738976266 ns, Reaching safepoint: 369138 ns, At safepoint: 6246 ns, Total: 375384 ns
[2022-06-30T11:48:42.183+0000][6][safepoint   ] Safepoint "Cleanup", Time since last: 1011447075 ns, Reaching safepoint: 464924 ns, At safepoint: 6420 ns, Total: 471344 ns
[2022-06-30T11:48:43.003+0000][6][gc,start    ] GC(25) Pause Young (Normal) (G1 Evacuation Pause)
[2022-06-30T11:48:43.003+0000][6][gc,task     ] GC(25) Using 1 workers of 1 for evacuation
[2022-06-30T11:48:43.004+0000][6][gc,age      ] GC(25) Desired survivor size 10485760 bytes, new threshold 4 (max threshold 15)
[2022-06-30T11:48:43.191+0000][6][gc,phases   ] GC(25)   Pre Evacuate Collection Set: 0.0ms
[2022-06-30T11:48:43.191+0000][6][gc,phases   ] GC(25)   Merge Heap Roots: 0.1ms
[2022-06-30T11:48:43.191+0000][6][gc,phases   ] GC(25)   Evacuate Collection Set: 173.7ms
[2022-06-30T11:48:43.191+0000][6][gc,phases   ] GC(25)   Post Evacuate Collection Set: 13.3ms
[2022-06-30T11:48:43.191+0000][6][gc,phases   ] GC(25)   Other: 0.1ms
[2022-06-30T11:48:43.191+0000][6][gc,age      ] GC(25) Age table with threshold 4 (max threshold 15)
[2022-06-30T11:48:43.191+0000][6][gc,age      ] GC(25) - age   1:    8527176 bytes,    8527176 total
[2022-06-30T11:48:43.191+0000][6][gc,age      ] GC(25) - age   2:     685784 bytes,    9212960 total
[2022-06-30T11:48:43.191+0000][6][gc,age      ] GC(25) - age   3:    4187248 bytes,   13400208 total
[2022-06-30T11:48:43.191+0000][6][gc,age      ] GC(25) - age   4:     169888 bytes,   13570096 total
[2022-06-30T11:48:43.191+0000][6][gc,heap     ] GC(25) Eden regions: 33->0(30)
[2022-06-30T11:48:43.191+0000][6][gc,heap     ] GC(25) Survivor regions: 3->4(5)
[2022-06-30T11:48:43.191+0000][6][gc,heap     ] GC(25) Old regions: 12->13
[2022-06-30T11:48:43.191+0000][6][gc,heap     ] GC(25) Archive regions: 2->2
[2022-06-30T11:48:43.191+0000][6][gc,heap     ] GC(25) Humongous regions: 0->0
[2022-06-30T11:48:43.191+0000][6][gc,metaspace] GC(25) Metaspace: 79551K(81152K)->79551K(81152K) NonClass: 68929K(69888K)->68929K(69888K) Class: 10622K(11264K)->10622K(11264K)
[2022-06-30T11:48:43.191+0000][6][gc          ] GC(25) Pause Young (Normal) (G1 Evacuation Pause) 192M->68M(256M) 187.528ms
[2022-06-30T11:48:43.191+0000][6][gc,cpu      ] GC(25) User=0.09s Sys=0.00s Real=0.19s
[2022-06-30T11:48:43.191+0000][6][safepoint   ] Safepoint "G1CollectForAllocation", Time since last: 820559955 ns, Reaching safepoint: 174238 ns, At safepoint: 187580987 ns, Total: 187755225 ns
[2022-06-30T11:48:44.195+0000][6][safepoint   ] Safepoint "Cleanup", Time since last: 1000092834 ns, Reaching safepoint: 4215815 ns, At safepoint: 6962 ns, Total: 4222777 ns
[2022-06-30T11:48:45.196+0000][6][safepoint   ] Safepoint "Cleanup", Time since last: 1000121296 ns, Reaching safepoint: 166515 ns, At safepoint: 6202 ns, Total: 172717 ns
[2022-06-30T11:48:46.434+0000][6][safepoint   ] Safepoint "Cleanup", Time since last: 1238565874 ns, Reaching safepoint: 195166 ns, At safepoint: 6253 ns, Total: 201419 ns
[2022-06-30T11:48:47.855+0000][6][safepoint   ] Safepoint "ICBufferFull", Time since last: 1419840638 ns, Reaching safepoint: 434801 ns, At safepoint: 5674 ns, Total: 440475 ns
[2022-06-30T11:48:49.375+0000][6][safepoint   ] Safepoint "Cleanup", Time since last: 1519979899 ns, Reaching safepoint: 98513 ns, At safepoint: 3638 ns, Total: 102151 ns
[2022-06-30T11:48:49.375+0000][6][gc,start    ] GC(26) Pause Young (Normal) (G1 Evacuation Pause)
[2022-06-30T11:48:49.375+0000][6][gc,task     ] GC(26) Using 1 workers of 1 for evacuation
[2022-06-30T11:48:49.375+0000][6][gc,age      ] GC(26) Desired survivor size 10485760 bytes, new threshold 3 (max threshold 15)
[2022-06-30T11:48:49.491+0000][6][gc,phases   ] GC(26)   Pre Evacuate Collection Set: 0.0ms
[2022-06-30T11:48:49.491+0000][6][gc,phases   ] GC(26)   Merge Heap Roots: 0.2ms
[2022-06-30T11:48:49.491+0000][6][gc,phases   ] GC(26)   Evacuate Collection Set: 111.1ms
[2022-06-30T11:48:49.491+0000][6][gc,phases   ] GC(26)   Post Evacuate Collection Set: 4.6ms
[2022-06-30T11:48:49.491+0000][6][gc,phases   ] GC(26)   Other: 0.1ms
[2022-06-30T11:48:49.491+0000][6][gc,age      ] GC(26) Age table with threshold 3 (max threshold 15)
[2022-06-30T11:48:49.491+0000][6][gc,age      ] GC(26) - age   1:    6852752 bytes,    6852752 total
[2022-06-30T11:48:49.491+0000][6][gc,age      ] GC(26) - age   2:    7890904 bytes,   14743656 total
[2022-06-30T11:48:49.491+0000][6][gc,age      ] GC(26) - age   3:     685576 bytes,   15429232 total
[2022-06-30T11:48:49.491+0000][6][gc,heap     ] GC(26) Eden regions: 30->0(29)
[2022-06-30T11:48:49.491+0000][6][gc,heap     ] GC(26) Survivor regions: 4->4(5)
[2022-06-30T11:48:49.491+0000][6][gc,heap     ] GC(26) Old regions: 13->14
[2022-06-30T11:48:49.491+0000][6][gc,heap     ] GC(26) Archive regions: 2->2
[2022-06-30T11:48:49.491+0000][6][gc,heap     ] GC(26) Humongous regions: 0->0
[2022-06-30T11:48:49.491+0000][6][gc,metaspace] GC(26) Metaspace: 95983K(98816K)->95983K(98816K) NonClass: 82806K(84288K)->82806K(84288K) Class: 13176K(14528K)->13176K(14528K)
[2022-06-30T11:48:49.491+0000][6][gc          ] GC(26) Pause Young (Normal) (G1 Evacuation Pause) 188M->74M(256M) 116.132ms
[2022-06-30T11:48:49.491+0000][6][gc,cpu      ] GC(26) User=0.06s Sys=0.00s Real=0.11s
[2022-06-30T11:48:49.491+0000][6][safepoint   ] Safepoint "G1CollectForAllocation", Time since last: 52192 ns, Reaching safepoint: 9333 ns, At safepoint: 116190096 ns, Total: 116199429 ns
[2022-06-30T11:48:50.554+0000][6][safepoint   ] Safepoint "Cleanup", Time since last: 1063057353 ns, Reaching safepoint: 232281 ns, At safepoint: 7017 ns, Total: 239298 ns
[2022-06-30T11:48:51.435+0000][6][gc,start    ] GC(27) Pause Young (Concurrent Start) (Metadata GC Threshold)
[2022-06-30T11:48:51.435+0000][6][gc,task     ] GC(27) Using 1 workers of 1 for evacuation
[2022-06-30T11:48:51.435+0000][6][gc,age      ] GC(27) Desired survivor size 10485760 bytes, new threshold 2 (max threshold 15)
[2022-06-30T11:48:51.478+0000][6][gc,phases   ] GC(27)   Pre Evacuate Collection Set: 0.3ms
[2022-06-30T11:48:51.478+0000][6][gc,phases   ] GC(27)   Merge Heap Roots: 0.1ms
[2022-06-30T11:48:51.478+0000][6][gc,phases   ] GC(27)   Evacuate Collection Set: 40.9ms
[2022-06-30T11:48:51.478+0000][6][gc,phases   ] GC(27)   Post Evacuate Collection Set: 1.6ms
[2022-06-30T11:48:51.478+0000][6][gc,phases   ] GC(27)   Other: 0.1ms
[2022-06-30T11:48:51.478+0000][6][gc,age      ] GC(27) Age table with threshold 2 (max threshold 15)
[2022-06-30T11:48:51.478+0000][6][gc,age      ] GC(27) - age   1:    2033064 bytes,    2033064 total
[2022-06-30T11:48:51.478+0000][6][gc,age      ] GC(27) - age   2:    6357024 bytes,    8390088 total
[2022-06-30T11:48:51.478+0000][6][gc,heap     ] GC(27) Eden regions: 11->0(29)
[2022-06-30T11:48:51.478+0000][6][gc,heap     ] GC(27) Survivor regions: 4->3(5)
[2022-06-30T11:48:51.478+0000][6][gc,heap     ] GC(27) Old regions: 14->16
[2022-06-30T11:48:51.478+0000][6][gc,heap     ] GC(27) Archive regions: 2->2
[2022-06-30T11:48:51.478+0000][6][gc,heap     ] GC(27) Humongous regions: 0->0
[2022-06-30T11:48:51.478+0000][6][gc,metaspace] GC(27) Metaspace: 100508K(103296K)->100508K(103296K) NonClass: 86624K(88064K)->86624K(88064K) Class: 13884K(15232K)->13884K(15232K)
[2022-06-30T11:48:51.478+0000][6][gc          ] GC(27) Pause Young (Concurrent Start) (Metadata GC Threshold) 116M->77M(256M) 43.223ms
[2022-06-30T11:48:51.478+0000][6][gc,cpu      ] GC(27) User=0.05s Sys=0.00s Real=0.04s
[2022-06-30T11:48:51.478+0000][6][safepoint   ] Safepoint "CollectForMetadataAllocation", Time since last: 880234414 ns, Reaching safepoint: 423508 ns, At safepoint: 43349514 ns, Total: 43773022 ns
[2022-06-30T11:48:51.478+0000][6][gc          ] GC(28) Concurrent Mark Cycle
[2022-06-30T11:48:51.478+0000][6][gc,marking  ] GC(28) Concurrent Clear Claimed Marks
[2022-06-30T11:48:51.487+0000][6][gc,marking  ] GC(28) Concurrent Clear Claimed Marks 8.233ms
[2022-06-30T11:48:51.487+0000][6][gc,marking  ] GC(28) Concurrent Scan Root Regions
[2022-06-30T11:48:51.583+0000][6][gc,marking  ] GC(28) Concurrent Scan Root Regions 96.483ms
[2022-06-30T11:48:51.583+0000][6][gc,marking  ] GC(28) Concurrent Mark
[2022-06-30T11:48:51.583+0000][6][gc,marking  ] GC(28) Concurrent Mark From Roots
[2022-06-30T11:48:51.583+0000][6][gc,task     ] GC(28) Using 1 workers of 1 for marking
[2022-06-30T11:48:51.667+0000][6][safepoint   ] Safepoint "CollectForMetadataAllocation", Time since last: 181936241 ns, Reaching safepoint: 6436599 ns, At safepoint: 74697 ns, Total: 6511296 ns
[2022-06-30T11:48:51.840+0000][6][safepoint   ] Safepoint "CollectForMetadataAllocation", Time since last: 163926198 ns, Reaching safepoint: 9657060 ns, At safepoint: 84803 ns, Total: 9741863 ns
[2022-06-30T11:48:51.994+0000][6][gc,marking  ] GC(28) Concurrent Mark From Roots 411.208ms
[2022-06-30T11:48:51.994+0000][6][gc,marking  ] GC(28) Concurrent Preclean
[2022-06-30T11:48:51.995+0000][6][gc,marking  ] GC(28) Concurrent Preclean 0.238ms
[2022-06-30T11:48:51.995+0000][6][gc,start    ] GC(28) Pause Remark
[2022-06-30T11:48:52.006+0000][6][gc          ] GC(28) Pause Remark 93M->93M(256M) 10.365ms
[2022-06-30T11:48:52.006+0000][6][gc,cpu      ] GC(28) User=0.01s Sys=0.00s Real=0.00s
[2022-06-30T11:48:52.006+0000][6][safepoint   ] Safepoint "G1Concurrent", Time since last: 154309616 ns, Reaching safepoint: 620626 ns, At safepoint: 10456895 ns, Total: 11077521 ns
[2022-06-30T11:48:52.017+0000][6][gc,marking  ] GC(28) Concurrent Mark 433.750ms
[2022-06-30T11:48:52.017+0000][6][gc,marking  ] GC(28) Concurrent Rebuild Remembered Sets
[2022-06-30T11:48:52.346+0000][6][gc,marking  ] GC(28) Concurrent Rebuild Remembered Sets 329.261ms
[2022-06-30T11:48:52.346+0000][6][gc,start    ] GC(28) Pause Cleanup
[2022-06-30T11:48:52.347+0000][6][gc          ] GC(28) Pause Cleanup 105M->105M(256M) 0.075ms
[2022-06-30T11:48:52.347+0000][6][gc,cpu      ] GC(28) User=0.00s Sys=0.00s Real=0.01s
[2022-06-30T11:48:52.347+0000][6][safepoint   ] Safepoint "G1Concurrent", Time since last: 340498453 ns, Reaching safepoint: 178650 ns, At safepoint: 120365 ns, Total: 299015 ns
[2022-06-30T11:48:52.351+0000][6][gc,marking  ] GC(28) Concurrent Cleanup for Next Mark
[2022-06-30T11:48:52.358+0000][6][gc,marking  ] GC(28) Concurrent Cleanup for Next Mark 7.268ms
[2022-06-30T11:48:52.358+0000][6][gc          ] GC(28) Concurrent Mark Cycle 879.535ms
[2022-06-30T11:48:53.347+0000][6][safepoint   ] Safepoint "Cleanup", Time since last: 1000266675 ns, Reaching safepoint: 225972 ns, At safepoint: 9238 ns, Total: 235210 ns
[2022-06-30T11:48:55.278+0000][6][safepoint   ] Safepoint "Cleanup", Time since last: 1930850280 ns, Reaching safepoint: 221099 ns, At safepoint: 6247 ns, Total: 227346 ns
[2022-06-30T11:48:56.281+0000][6][safepoint   ] Safepoint "Cleanup", Time since last: 1000482865 ns, Reaching safepoint: 1878981 ns, At safepoint: 9644 ns, Total: 1888625 ns
[2022-06-30T11:48:56.780+0000][6][gc,start    ] GC(29) Pause Young (Prepare Mixed) (G1 Evacuation Pause)
[2022-06-30T11:48:56.780+0000][6][gc,task     ] GC(29) Using 1 workers of 1 for evacuation
[2022-06-30T11:48:56.780+0000][6][gc,age      ] GC(29) Desired survivor size 8388608 bytes, new threshold 2 (max threshold 15)
[2022-06-30T11:48:56.922+0000][6][gc,phases   ] GC(29)   Pre Evacuate Collection Set: 0.1ms
[2022-06-30T11:48:56.922+0000][6][gc,phases   ] GC(29)   Merge Heap Roots: 0.2ms
[2022-06-30T11:48:56.922+0000][6][gc,phases   ] GC(29)   Evacuate Collection Set: 139.7ms
[2022-06-30T11:48:56.922+0000][6][gc,phases   ] GC(29)   Post Evacuate Collection Set: 1.8ms
[2022-06-30T11:48:56.922+0000][6][gc,phases   ] GC(29)   Other: 0.1ms
[2022-06-30T11:48:56.922+0000][6][gc,age      ] GC(29) Age table with threshold 2 (max threshold 15)
[2022-06-30T11:48:56.922+0000][6][gc,age      ] GC(29) - age   1:   12988552 bytes,   12988552 total
[2022-06-30T11:48:56.922+0000][6][gc,age      ] GC(29) - age   2:    1706896 bytes,   14695448 total
[2022-06-30T11:48:56.922+0000][6][gc,heap     ] GC(29) Eden regions: 29->0(1)
[2022-06-30T11:48:56.922+0000][6][gc,heap     ] GC(29) Survivor regions: 3->4(4)
[2022-06-30T11:48:56.922+0000][6][gc,heap     ] GC(29) Old regions: 16->18
[2022-06-30T11:48:56.922+0000][6][gc,heap     ] GC(29) Archive regions: 2->2
[2022-06-30T11:48:56.922+0000][6][gc,heap     ] GC(29) Humongous regions: 2->2
[2022-06-30T11:48:56.922+0000][6][gc,metaspace] GC(29) Metaspace: 105994K(108864K)->105994K(108864K) NonClass: 91378K(92864K)->91378K(92864K) Class: 14615K(16000K)->14615K(16000K)
[2022-06-30T11:48:56.922+0000][6][gc          ] GC(29) Pause Young (Prepare Mixed) (G1 Evacuation Pause) 201M->97M(256M) 142.029ms
[2022-06-30T11:48:56.922+0000][6][gc,cpu      ] GC(29) User=0.07s Sys=0.00s Real=0.14s
[2022-06-30T11:48:56.922+0000][6][safepoint   ] Safepoint "G1CollectForAllocation", Time since last: 493963410 ns, Reaching safepoint: 5103388 ns, At safepoint: 142106700 ns, Total: 147210088 ns
[2022-06-30T11:48:57.010+0000][6][gc,start    ] GC(30) Pause Young (Mixed) (G1 Evacuation Pause)
[2022-06-30T11:48:57.010+0000][6][gc,task     ] GC(30) Using 1 workers of 1 for evacuation
[2022-06-30T11:48:57.010+0000][6][gc,age      ] GC(30) Desired survivor size 2097152 bytes, new threshold 1 (max threshold 15)
[2022-06-30T11:48:57.119+0000][6][gc,phases   ] GC(30)   Pre Evacuate Collection Set: 0.4ms
[2022-06-30T11:48:57.119+0000][6][gc,phases   ] GC(30)   Merge Heap Roots: 0.1ms
[2022-06-30T11:48:57.119+0000][6][gc,phases   ] GC(30)   Evacuate Collection Set: 99.8ms
[2022-06-30T11:48:57.119+0000][6][gc,phases   ] GC(30)   Post Evacuate Collection Set: 8.2ms
[2022-06-30T11:48:57.119+0000][6][gc,phases   ] GC(30)   Other: 0.1ms
[2022-06-30T11:48:57.119+0000][6][gc,age      ] GC(30) Age table with threshold 1 (max threshold 15)
[2022-06-30T11:48:57.119+0000][6][gc,age      ] GC(30) - age   1:    1036176 bytes,    1036176 total
[2022-06-30T11:48:57.119+0000][6][gc,heap     ] GC(30) Eden regions: 1->0(23)
[2022-06-30T11:48:57.119+0000][6][gc,heap     ] GC(30) Survivor regions: 4->1(1)
[2022-06-30T11:48:57.119+0000][6][gc,heap     ] GC(30) Old regions: 18->21
[2022-06-30T11:48:57.119+0000][6][gc,heap     ] GC(30) Archive regions: 2->2
[2022-06-30T11:48:57.119+0000][6][gc,heap     ] GC(30) Humongous regions: 2->2
[2022-06-30T11:48:57.119+0000][6][gc,metaspace] GC(30) Metaspace: 105994K(108864K)->105994K(108864K) NonClass: 91378K(92864K)->91378K(92864K) Class: 14615K(16000K)->14615K(16000K)
[2022-06-30T11:48:57.119+0000][6][gc          ] GC(30) Pause Young (Mixed) (G1 Evacuation Pause) 100M->96M(256M) 108.846ms
[2022-06-30T11:48:57.119+0000][6][gc,cpu      ] GC(30) User=0.05s Sys=0.00s Real=0.11s
[2022-06-30T11:48:57.119+0000][6][safepoint   ] Safepoint "G1CollectForAllocation", Time since last: 86087658 ns, Reaching safepoint: 2177478 ns, At safepoint: 108906592 ns, Total: 111084070 ns
[2022-06-30T11:48:58.123+0000][6][safepoint   ] Safepoint "Cleanup", Time since last: 1003600768 ns, Reaching safepoint: 170108 ns, At safepoint: 6097 ns, Total: 176205 ns
[2022-06-30T11:48:59.126+0000][6][safepoint   ] Safepoint "Cleanup", Time since last: 1000107460 ns, Reaching safepoint: 3286433 ns, At safepoint: 7043 ns, Total: 3293476 ns
[2022-06-30T11:49:00.129+0000][6][safepoint   ] Safepoint "Cleanup", Time since last: 1002813145 ns, Reaching safepoint: 339480 ns, At safepoint: 7899 ns, Total: 347379 ns
[2022-06-30T11:49:00.777+0000][6][gc,start    ] GC(31) Pause Young (Concurrent Start) (G1 Evacuation Pause)
[2022-06-30T11:49:00.777+0000][6][gc,task     ] GC(31) Using 1 workers of 1 for evacuation
[2022-06-30T11:49:00.777+0000][6][gc,age      ] GC(31) Desired survivor size 6291456 bytes, new threshold 15 (max threshold 15)
[2022-06-30T11:49:00.797+0000][6][gc,phases   ] GC(31)   Pre Evacuate Collection Set: 0.3ms
[2022-06-30T11:49:00.797+0000][6][gc,phases   ] GC(31)   Merge Heap Roots: 0.0ms
[2022-06-30T11:49:00.797+0000][6][gc,phases   ] GC(31)   Evacuate Collection Set: 18.3ms
[2022-06-30T11:49:00.797+0000][6][gc,phases   ] GC(31)   Post Evacuate Collection Set: 1.0ms
[2022-06-30T11:49:00.797+0000][6][gc,phases   ] GC(31)   Other: 0.1ms
[2022-06-30T11:49:00.797+0000][6][gc,age      ] GC(31) Age table with threshold 15 (max threshold 15)
[2022-06-30T11:49:00.797+0000][6][gc,age      ] GC(31) - age   1:    3418136 bytes,    3418136 total
[2022-06-30T11:49:00.797+0000][6][gc,age      ] GC(31) - age   2:       5432 bytes,    3423568 total
[2022-06-30T11:49:00.797+0000][6][gc,heap     ] GC(31) Eden regions: 23->0(23)
[2022-06-30T11:49:00.797+0000][6][gc,heap     ] GC(31) Survivor regions: 1->1(3)
[2022-06-30T11:49:00.797+0000][6][gc,heap     ] GC(31) Old regions: 21->21
[2022-06-30T11:49:00.797+0000][6][gc,heap     ] GC(31) Archive regions: 2->2
[2022-06-30T11:49:00.797+0000][6][gc,heap     ] GC(31) Humongous regions: 2->2
[2022-06-30T11:49:00.797+0000][6][gc,metaspace] GC(31) Metaspace: 106821K(109696K)->106821K(109696K) NonClass: 92129K(93632K)->92129K(93632K) Class: 14691K(16064K)->14691K(16064K)
[2022-06-30T11:49:00.797+0000][6][gc          ] GC(31) Pause Young (Concurrent Start) (G1 Evacuation Pause) 188M->96M(256M) 19.893ms
[2022-06-30T11:49:00.797+0000][6][gc,cpu      ] GC(31) User=0.01s Sys=0.00s Real=0.02s
[2022-06-30T11:49:00.797+0000][6][safepoint   ] Safepoint "G1CollectForAllocation", Time since last: 646729674 ns, Reaching safepoint: 779295 ns, At safepoint: 19959568 ns, Total: 20738863 ns
[2022-06-30T11:49:00.797+0000][6][gc          ] GC(32) Concurrent Mark Cycle
[2022-06-30T11:49:00.797+0000][6][gc,marking  ] GC(32) Concurrent Clear Claimed Marks
[2022-06-30T11:49:00.797+0000][6][gc,marking  ] GC(32) Concurrent Clear Claimed Marks 0.180ms
[2022-06-30T11:49:00.797+0000][6][gc,marking  ] GC(32) Concurrent Scan Root Regions
[2022-06-30T11:49:00.804+0000][6][gc,marking  ] GC(32) Concurrent Scan Root Regions 7.248ms
[2022-06-30T11:49:00.804+0000][6][gc,marking  ] GC(32) Concurrent Mark
[2022-06-30T11:49:00.804+0000][6][gc,marking  ] GC(32) Concurrent Mark From Roots
[2022-06-30T11:49:00.804+0000][6][gc,task     ] GC(32) Using 1 workers of 1 for marking
[2022-06-30T11:49:01.819+0000][6][safepoint   ] Safepoint "Cleanup", Time since last: 1000115528 ns, Reaching safepoint: 22062433 ns, At safepoint: 22632 ns, Total: 22085065 ns
[2022-06-30T11:49:02.018+0000][6][gc,marking  ] GC(32) Concurrent Mark From Roots 1213.605ms
[2022-06-30T11:49:02.018+0000][6][gc,marking  ] GC(32) Concurrent Preclean
[2022-06-30T11:49:02.018+0000][6][gc,marking  ] GC(32) Concurrent Preclean 0.134ms
[2022-06-30T11:49:02.025+0000][6][gc,start    ] GC(32) Pause Remark
[2022-06-30T11:49:02.099+0000][6][gc          ] GC(32) Pause Remark 117M->117M(256M) 74.176ms
[2022-06-30T11:49:02.099+0000][6][gc,cpu      ] GC(32) User=0.03s Sys=0.00s Real=0.08s
[2022-06-30T11:49:02.099+0000][6][safepoint   ] Safepoint "G1Concurrent", Time since last: 199142620 ns, Reaching safepoint: 6605689 ns, At safepoint: 74268203 ns, Total: 80873892 ns
[2022-06-30T11:49:02.106+0000][6][gc,marking  ] GC(32) Concurrent Mark 1302.135ms
[2022-06-30T11:49:02.106+0000][6][gc,marking  ] GC(32) Concurrent Rebuild Remembered Sets
[2022-06-30T11:49:02.730+0000][6][gc,marking  ] GC(32) Concurrent Rebuild Remembered Sets 623.182ms
[2022-06-30T11:49:02.735+0000][6][gc,start    ] GC(32) Pause Cleanup
[2022-06-30T11:49:02.735+0000][6][gc          ] GC(32) Pause Cleanup 126M->126M(256M) 0.069ms
[2022-06-30T11:49:02.735+0000][6][gc,cpu      ] GC(32) User=0.00s Sys=0.00s Real=0.00s
[2022-06-30T11:49:02.735+0000][6][safepoint   ] Safepoint "G1Concurrent", Time since last: 630710134 ns, Reaching safepoint: 4893604 ns, At safepoint: 121295 ns, Total: 5014899 ns
[2022-06-30T11:49:02.735+0000][6][gc,marking  ] GC(32) Concurrent Cleanup for Next Mark
[2022-06-30T11:49:02.775+0000][6][gc,marking  ] GC(32) Concurrent Cleanup for Next Mark 39.851ms
[2022-06-30T11:49:02.775+0000][6][gc          ] GC(32) Concurrent Mark Cycle 1977.824ms
[2022-06-30T11:49:04.279+0000][6][safepoint   ] Safepoint "Cleanup", Time since last: 1543863468 ns, Reaching safepoint: 528754 ns, At safepoint: 8343 ns, Total: 537097 ns
[2022-06-30T11:49:05.283+0000][6][safepoint   ] Safepoint "Cleanup", Time since last: 1003471572 ns, Reaching safepoint: 55259 ns, At safepoint: 4621 ns, Total: 59880 ns
[2022-06-30T11:49:05.496+0000][6][gc,start    ] GC(33) Pause Young (Normal) (G1 Evacuation Pause)
[2022-06-30T11:49:05.497+0000][6][gc,task     ] GC(33) Using 1 workers of 1 for evacuation
[2022-06-30T11:49:05.497+0000][6][gc,age      ] GC(33) Desired survivor size 6291456 bytes, new threshold 15 (max threshold 15)
[2022-06-30T11:49:05.504+0000][6][gc,phases   ] GC(33)   Pre Evacuate Collection Set: 0.1ms
[2022-06-30T11:49:05.504+0000][6][gc,phases   ] GC(33)   Merge Heap Roots: 0.1ms
[2022-06-30T11:49:05.504+0000][6][gc,phases   ] GC(33)   Evacuate Collection Set: 6.6ms
[2022-06-30T11:49:05.504+0000][6][gc,phases   ] GC(33)   Post Evacuate Collection Set: 1.0ms
[2022-06-30T11:49:05.504+0000][6][gc,phases   ] GC(33)   Other: 0.1ms
[2022-06-30T11:49:05.504+0000][6][gc,age      ] GC(33) Age table with threshold 15 (max threshold 15)
[2022-06-30T11:49:05.504+0000][6][gc,age      ] GC(33) - age   1:    4859064 bytes,    4859064 total
[2022-06-30T11:49:05.504+0000][6][gc,age      ] GC(33) - age   2:    1371384 bytes,    6230448 total
[2022-06-30T11:49:05.504+0000][6][gc,age      ] GC(33) - age   3:        320 bytes,    6230768 total
[2022-06-30T11:49:05.504+0000][6][gc,heap     ] GC(33) Eden regions: 23->0(22)
[2022-06-30T11:49:05.504+0000][6][gc,heap     ] GC(33) Survivor regions: 1->2(3)
[2022-06-30T11:49:05.504+0000][6][gc,heap     ] GC(33) Old regions: 21->21
[2022-06-30T11:49:05.504+0000][6][gc,heap     ] GC(33) Archive regions: 2->2
[2022-06-30T11:49:05.504+0000][6][gc,heap     ] GC(33) Humongous regions: 2->2
[2022-06-30T11:49:05.504+0000][6][gc,metaspace] GC(33) Metaspace: 108824K(111680K)->108824K(111680K) NonClass: 93816K(95296K)->93816K(95296K) Class: 15008K(16384K)->15008K(16384K)
[2022-06-30T11:49:05.505+0000][6][gc          ] GC(33) Pause Young (Normal) (G1 Evacuation Pause) 188M->100M(256M) 8.070ms
[2022-06-30T11:49:05.505+0000][6][gc,cpu      ] GC(33) User=0.01s Sys=0.00s Real=0.00s
[2022-06-30T11:49:05.505+0000][6][safepoint   ] Safepoint "G1CollectForAllocation", Time since last: 213826990 ns, Reaching safepoint: 34578 ns, At safepoint: 8126978 ns, Total: 8161556 ns
[2022-06-30T11:49:06.507+0000][6][safepoint   ] Safepoint "Cleanup", Time since last: 1001188754 ns, Reaching safepoint: 876191 ns, At safepoint: 7955 ns, Total: 884146 ns
[2022-06-30T11:49:07.507+0000][6][safepoint   ] Safepoint "Cleanup", Time since last: 1000120729 ns, Reaching safepoint: 101378 ns, At safepoint: 4743 ns, Total: 106121 ns
[2022-06-30T11:49:07.638+0000][6][gc,start    ] GC(34) Pause Young (Concurrent Start) (G1 Evacuation Pause)
[2022-06-30T11:49:07.638+0000][6][gc,task     ] GC(34) Using 1 workers of 1 for evacuation
[2022-06-30T11:49:07.638+0000][6][gc,age      ] GC(34) Desired survivor size 6291456 bytes, new threshold 15 (max threshold 15)
[2022-06-30T11:49:07.658+0000][6][gc,phases   ] GC(34)   Pre Evacuate Collection Set: 0.3ms
[2022-06-30T11:49:07.658+0000][6][gc,phases   ] GC(34)   Merge Heap Roots: 0.1ms
[2022-06-30T11:49:07.658+0000][6][gc,phases   ] GC(34)   Evacuate Collection Set: 16.7ms
[2022-06-30T11:49:07.658+0000][6][gc,phases   ] GC(34)   Post Evacuate Collection Set: 2.9ms
[2022-06-30T11:49:07.658+0000][6][gc,phases   ] GC(34)   Other: 0.1ms
[2022-06-30T11:49:07.658+0000][6][gc,age      ] GC(34) Age table with threshold 15 (max threshold 15)
[2022-06-30T11:49:07.658+0000][6][gc,age      ] GC(34) - age   1:    4546728 bytes,    4546728 total
[2022-06-30T11:49:07.658+0000][6][gc,age      ] GC(34) - age   2:    2132008 bytes,    6678736 total
[2022-06-30T11:49:07.658+0000][6][gc,age      ] GC(34) - age   3:    1370560 bytes,    8049296 total
[2022-06-30T11:49:07.658+0000][6][gc,age      ] GC(34) - age   4:        320 bytes,    8049616 total
[2022-06-30T11:49:07.658+0000][6][gc,heap     ] GC(34) Eden regions: 22->0(22)
[2022-06-30T11:49:07.658+0000][6][gc,heap     ] GC(34) Survivor regions: 2->2(3)
[2022-06-30T11:49:07.658+0000][6][gc,heap     ] GC(34) Old regions: 21->21
[2022-06-30T11:49:07.658+0000][6][gc,heap     ] GC(34) Archive regions: 2->2
[2022-06-30T11:49:07.658+0000][6][gc,heap     ] GC(34) Humongous regions: 2->2
[2022-06-30T11:49:07.658+0000][6][gc,metaspace] GC(34) Metaspace: 108916K(111808K)->108916K(111808K) NonClass: 93908K(95424K)->93908K(95424K) Class: 15008K(16384K)->15008K(16384K)
[2022-06-30T11:49:07.658+0000][6][gc          ] GC(34) Pause Young (Concurrent Start) (G1 Evacuation Pause) 187M->101M(256M) 20.200ms
[2022-06-30T11:49:07.658+0000][6][gc,cpu      ] GC(34) User=0.00s Sys=0.00s Real=0.02s
[2022-06-30T11:49:07.658+0000][6][safepoint   ] Safepoint "G1CollectForAllocation", Time since last: 130838942 ns, Reaching safepoint: 43460 ns, At safepoint: 20267476 ns, Total: 20310936 ns
[2022-06-30T11:49:07.658+0000][6][gc          ] GC(35) Concurrent Mark Cycle
[2022-06-30T11:49:07.658+0000][6][gc,marking  ] GC(35) Concurrent Clear Claimed Marks
[2022-06-30T11:49:07.659+0000][6][gc,marking  ] GC(35) Concurrent Clear Claimed Marks 1.291ms
[2022-06-30T11:49:07.662+0000][6][gc,marking  ] GC(35) Concurrent Scan Root Regions
[2022-06-30T11:49:07.685+0000][6][gc,marking  ] GC(35) Concurrent Scan Root Regions 23.035ms
[2022-06-30T11:49:07.685+0000][6][gc,marking  ] GC(35) Concurrent Mark
[2022-06-30T11:49:07.685+0000][6][gc,marking  ] GC(35) Concurrent Mark From Roots
[2022-06-30T11:49:07.685+0000][6][gc,task     ] GC(35) Using 1 workers of 1 for marking
[2022-06-30T11:49:08.260+0000][6][gc,marking  ] GC(35) Concurrent Mark From Roots 574.110ms
[2022-06-30T11:49:08.260+0000][6][gc,marking  ] GC(35) Concurrent Preclean
[2022-06-30T11:49:08.260+0000][6][gc,marking  ] GC(35) Concurrent Preclean 0.121ms
[2022-06-30T11:49:08.260+0000][6][gc,start    ] GC(35) Pause Remark
[2022-06-30T11:49:08.275+0000][6][gc          ] GC(35) Pause Remark 111M->111M(256M) 14.829ms
[2022-06-30T11:49:08.275+0000][6][gc,cpu      ] GC(35) User=0.02s Sys=0.00s Real=0.02s
[2022-06-30T11:49:08.275+0000][6][safepoint   ] Safepoint "G1Concurrent", Time since last: 601751103 ns, Reaching safepoint: 169361 ns, At safepoint: 14891502 ns, Total: 15060863 ns
[2022-06-30T11:49:08.279+0000][6][gc,marking  ] GC(35) Concurrent Mark 593.306ms
[2022-06-30T11:49:08.279+0000][6][gc,marking  ] GC(35) Concurrent Rebuild Remembered Sets
[2022-06-30T11:49:08.471+0000][6][gc,marking  ] GC(35) Concurrent Rebuild Remembered Sets 191.927ms
[2022-06-30T11:49:08.471+0000][6][gc,start    ] GC(35) Pause Cleanup
[2022-06-30T11:49:08.471+0000][6][gc          ] GC(35) Pause Cleanup 122M->122M(256M) 0.084ms
[2022-06-30T11:49:08.471+0000][6][gc,cpu      ] GC(35) User=0.00s Sys=0.00s Real=0.00s
[2022-06-30T11:49:08.471+0000][6][safepoint   ] Safepoint "G1Concurrent", Time since last: 195920642 ns, Reaching safepoint: 188519 ns, At safepoint: 129127 ns, Total: 317646 ns
[2022-06-30T11:49:08.471+0000][6][gc,marking  ] GC(35) Concurrent Cleanup for Next Mark
[2022-06-30T11:49:08.474+0000][6][gc,marking  ] GC(35) Concurrent Cleanup for Next Mark 2.470ms
[2022-06-30T11:49:08.474+0000][6][gc          ] GC(35) Concurrent Mark Cycle 815.786ms
[2022-06-30T11:49:09.471+0000][6][safepoint   ] Safepoint "Cleanup", Time since last: 1000092357 ns, Reaching safepoint: 214440 ns, At safepoint: 6823 ns, Total: 221263 ns
[2022-06-30T11:49:09.710+0000][6][gc,start    ] GC(36) Pause Young (Normal) (G1 Evacuation Pause)
[2022-06-30T11:49:09.710+0000][6][gc,task     ] GC(36) Using 1 workers of 1 for evacuation
[2022-06-30T11:49:09.710+0000][6][gc,age      ] GC(36) Desired survivor size 6291456 bytes, new threshold 2 (max threshold 15)
[2022-06-30T11:49:09.724+0000][6][gc,phases   ] GC(36)   Pre Evacuate Collection Set: 0.0ms
[2022-06-30T11:49:09.724+0000][6][gc,phases   ] GC(36)   Merge Heap Roots: 0.1ms
[2022-06-30T11:49:09.724+0000][6][gc,phases   ] GC(36)   Evacuate Collection Set: 7.8ms
[2022-06-30T11:49:09.724+0000][6][gc,phases   ] GC(36)   Post Evacuate Collection Set: 5.3ms
[2022-06-30T11:49:09.724+0000][6][gc,phases   ] GC(36)   Other: 0.1ms
[2022-06-30T11:49:09.724+0000][6][gc,age      ] GC(36) Age table with threshold 2 (max threshold 15)
[2022-06-30T11:49:09.724+0000][6][gc,age      ] GC(36) - age   1:    3565064 bytes,    3565064 total
[2022-06-30T11:49:09.724+0000][6][gc,age      ] GC(36) - age   2:      43064 bytes,    3608128 total
[2022-06-30T11:49:09.724+0000][6][gc,heap     ] GC(36) Eden regions: 22->0(24)
[2022-06-30T11:49:09.724+0000][6][gc,heap     ] GC(36) Survivor regions: 2->1(3)
[2022-06-30T11:49:09.724+0000][6][gc,heap     ] GC(36) Old regions: 21->21
[2022-06-30T11:49:09.724+0000][6][gc,heap     ] GC(36) Archive regions: 2->2
[2022-06-30T11:49:09.724+0000][6][gc,heap     ] GC(36) Humongous regions: 2->2
[2022-06-30T11:49:09.724+0000][6][gc,metaspace] GC(36) Metaspace: 109081K(111936K)->109081K(111936K) NonClass: 94073K(95552K)->94073K(95552K) Class: 15008K(16384K)->15008K(16384K)
[2022-06-30T11:49:09.724+0000][6][gc          ] GC(36) Pause Young (Normal) (G1 Evacuation Pause) 188M->99M(256M) 13.546ms
[2022-06-30T11:49:09.724+0000][6][gc,cpu      ] GC(36) User=0.01s Sys=0.00s Real=0.01s
[2022-06-30T11:49:09.724+0000][6][safepoint   ] Safepoint "G1CollectForAllocation", Time since last: 238644225 ns, Reaching safepoint: 216449 ns, At safepoint: 13615876 ns, Total: 13832325 ns
[2022-06-30T11:49:10.724+0000][6][safepoint   ] Safepoint "Cleanup", Time since last: 1000090574 ns, Reaching safepoint: 245077 ns, At safepoint: 7417 ns, Total: 252494 ns
[2022-06-30T11:49:11.189+0000][6][gc,start    ] GC(37) Pause Young (Concurrent Start) (G1 Evacuation Pause)
[2022-06-30T11:49:11.189+0000][6][gc,task     ] GC(37) Using 1 workers of 1 for evacuation
[2022-06-30T11:49:11.189+0000][6][gc,age      ] GC(37) Desired survivor size 8388608 bytes, new threshold 15 (max threshold 15)
[2022-06-30T11:49:11.194+0000][6][gc,phases   ] GC(37)   Pre Evacuate Collection Set: 0.3ms
[2022-06-30T11:49:11.194+0000][6][gc,phases   ] GC(37)   Merge Heap Roots: 0.0ms
[2022-06-30T11:49:11.194+0000][6][gc,phases   ] GC(37)   Evacuate Collection Set: 3.5ms
[2022-06-30T11:49:11.194+0000][6][gc,phases   ] GC(37)   Post Evacuate Collection Set: 0.9ms
[2022-06-30T11:49:11.194+0000][6][gc,phases   ] GC(37)   Other: 0.1ms
[2022-06-30T11:49:11.194+0000][6][gc,age      ] GC(37) Age table with threshold 15 (max threshold 15)
[2022-06-30T11:49:11.194+0000][6][gc,age      ] GC(37) - age   1:    4445496 bytes,    4445496 total
[2022-06-30T11:49:11.194+0000][6][gc,age      ] GC(37) - age   2:      44880 bytes,    4490376 total
[2022-06-30T11:49:11.194+0000][6][gc,age      ] GC(37) - age   3:      42376 bytes,    4532752 total
[2022-06-30T11:49:11.194+0000][6][gc,heap     ] GC(37) Eden regions: 24->0(23)
[2022-06-30T11:49:11.194+0000][6][gc,heap     ] GC(37) Survivor regions: 1->2(4)
[2022-06-30T11:49:11.194+0000][6][gc,heap     ] GC(37) Old regions: 21->21
[2022-06-30T11:49:11.194+0000][6][gc,heap     ] GC(37) Archive regions: 2->2
[2022-06-30T11:49:11.194+0000][6][gc,heap     ] GC(37) Humongous regions: 2->2
[2022-06-30T11:49:11.194+0000][6][gc,metaspace] GC(37) Metaspace: 109195K(112128K)->109195K(112128K) NonClass: 94186K(95680K)->94186K(95680K) Class: 15009K(16448K)->15009K(16448K)
[2022-06-30T11:49:11.194+0000][6][gc          ] GC(37) Pause Young (Concurrent Start) (G1 Evacuation Pause) 195M->100M(256M) 4.979ms
[2022-06-30T11:49:11.194+0000][6][gc,cpu      ] GC(37) User=0.00s Sys=0.00s Real=0.00s
[2022-06-30T11:49:11.194+0000][6][safepoint   ] Safepoint "G1CollectForAllocation", Time since last: 464577398 ns, Reaching safepoint: 74266 ns, At safepoint: 5032228 ns, Total: 5106494 ns
[2022-06-30T11:49:11.194+0000][6][gc          ] GC(38) Concurrent Mark Cycle
[2022-06-30T11:49:11.194+0000][6][gc,marking  ] GC(38) Concurrent Clear Claimed Marks
[2022-06-30T11:49:11.194+0000][6][gc,marking  ] GC(38) Concurrent Clear Claimed Marks 0.069ms
[2022-06-30T11:49:11.194+0000][6][gc,marking  ] GC(38) Concurrent Scan Root Regions
[2022-06-30T11:49:11.195+0000][6][gc,marking  ] GC(38) Concurrent Scan Root Regions 0.961ms
[2022-06-30T11:49:11.195+0000][6][gc,marking  ] GC(38) Concurrent Mark
[2022-06-30T11:49:11.195+0000][6][gc,marking  ] GC(38) Concurrent Mark From Roots
[2022-06-30T11:49:11.195+0000][6][gc,task     ] GC(38) Using 1 workers of 1 for marking
[2022-06-30T11:49:11.557+0000][6][gc,marking  ] GC(38) Concurrent Mark From Roots 361.869ms
[2022-06-30T11:49:11.557+0000][6][gc,marking  ] GC(38) Concurrent Preclean
[2022-06-30T11:49:11.557+0000][6][gc,marking  ] GC(38) Concurrent Preclean 0.120ms
[2022-06-30T11:49:11.557+0000][6][gc,start    ] GC(38) Pause Remark
[2022-06-30T11:49:11.587+0000][6][gc          ] GC(38) Pause Remark 123M->123M(256M) 29.385ms
[2022-06-30T11:49:11.587+0000][6][gc,cpu      ] GC(38) User=0.01s Sys=0.00s Real=0.03s
[2022-06-30T11:49:11.587+0000][6][safepoint   ] Safepoint "G1Concurrent", Time since last: 363185993 ns, Reaching safepoint: 75606 ns, At safepoint: 29452102 ns, Total: 29527708 ns
[2022-06-30T11:49:11.587+0000][6][gc,marking  ] GC(38) Concurrent Mark 391.711ms
[2022-06-30T11:49:11.587+0000][6][gc,marking  ] GC(38) Concurrent Rebuild Remembered Sets
[2022-06-30T11:49:11.750+0000][6][gc,marking  ] GC(38) Concurrent Rebuild Remembered Sets 163.766ms
[2022-06-30T11:49:11.751+0000][6][gc,start    ] GC(38) Pause Cleanup
[2022-06-30T11:49:11.751+0000][6][gc          ] GC(38) Pause Cleanup 131M->131M(256M) 0.056ms
[2022-06-30T11:49:11.751+0000][6][gc,cpu      ] GC(38) User=0.00s Sys=0.00s Real=0.00s
[2022-06-30T11:49:11.751+0000][6][safepoint   ] Safepoint "G1Concurrent", Time since last: 163960036 ns, Reaching safepoint: 369798 ns, At safepoint: 97094 ns, Total: 466892 ns
[2022-06-30T11:49:11.751+0000][6][gc,marking  ] GC(38) Concurrent Cleanup for Next Mark
[2022-06-30T11:49:11.765+0000][6][gc,marking  ] GC(38) Concurrent Cleanup for Next Mark 13.836ms
[2022-06-30T11:49:11.765+0000][6][gc          ] GC(38) Concurrent Mark Cycle 570.979ms
[2022-06-30T11:49:12.702+0000][6][safepoint   ] Safepoint "ICBufferFull", Time since last: 951035859 ns, Reaching safepoint: 285222 ns, At safepoint: 9505 ns, Total: 294727 ns
[2022-06-30T11:49:13.135+0000][6][gc,start    ] GC(39) Pause Young (Normal) (G1 Evacuation Pause)
[2022-06-30T11:49:13.135+0000][6][gc,task     ] GC(39) Using 1 workers of 1 for evacuation
[2022-06-30T11:49:13.135+0000][6][gc,age      ] GC(39) Desired survivor size 8388608 bytes, new threshold 15 (max threshold 15)
[2022-06-30T11:49:13.144+0000][6][gc,phases   ] GC(39)   Pre Evacuate Collection Set: 0.0ms
[2022-06-30T11:49:13.144+0000][6][gc,phases   ] GC(39)   Merge Heap Roots: 0.1ms
[2022-06-30T11:49:13.144+0000][6][gc,phases   ] GC(39)   Evacuate Collection Set: 7.6ms
[2022-06-30T11:49:13.144+0000][6][gc,phases   ] GC(39)   Post Evacuate Collection Set: 1.0ms
[2022-06-30T11:49:13.144+0000][6][gc,phases   ] GC(39)   Other: 0.1ms
[2022-06-30T11:49:13.144+0000][6][gc,age      ] GC(39) Age table with threshold 15 (max threshold 15)
[2022-06-30T11:49:13.144+0000][6][gc,age      ] GC(39) - age   1:    2085704 bytes,    2085704 total
[2022-06-30T11:49:13.144+0000][6][gc,age      ] GC(39) - age   2:      26480 bytes,    2112184 total
[2022-06-30T11:49:13.144+0000][6][gc,age      ] GC(39) - age   3:       6208 bytes,    2118392 total
[2022-06-30T11:49:13.144+0000][6][gc,age      ] GC(39) - age   4:       5152 bytes,    2123544 total
[2022-06-30T11:49:13.144+0000][6][gc,heap     ] GC(39) Eden regions: 23->0(24)
[2022-06-30T11:49:13.144+0000][6][gc,heap     ] GC(39) Survivor regions: 2->1(4)
[2022-06-30T11:49:13.144+0000][6][gc,heap     ] GC(39) Old regions: 21->21
[2022-06-30T11:49:13.144+0000][6][gc,heap     ] GC(39) Archive regions: 2->2
[2022-06-30T11:49:13.144+0000][6][gc,heap     ] GC(39) Humongous regions: 2->2
[2022-06-30T11:49:13.144+0000][6][gc,metaspace] GC(39) Metaspace: 109576K(112448K)->109576K(112448K) NonClass: 94530K(96000K)->94530K(96000K) Class: 15045K(16448K)->15045K(16448K)
[2022-06-30T11:49:13.144+0000][6][gc          ] GC(39) Pause Young (Normal) (G1 Evacuation Pause) 192M->97M(256M) 9.055ms
[2022-06-30T11:49:13.144+0000][6][gc,cpu      ] GC(39) User=0.00s Sys=0.00s Real=0.00s
[2022-06-30T11:49:13.144+0000][6][safepoint   ] Safepoint "G1CollectForAllocation", Time since last: 432152939 ns, Reaching safepoint: 886893 ns, At safepoint: 9103904 ns, Total: 9990797 ns
[2022-06-30T11:49:14.145+0000][6][safepoint   ] Safepoint "Cleanup", Time since last: 1000532956 ns, Reaching safepoint: 230426 ns, At safepoint: 7601 ns, Total: 238027 ns
[2022-06-30T11:49:15.146+0000][6][safepoint   ] Safepoint "Cleanup", Time since last: 1000117202 ns, Reaching safepoint: 180960 ns, At safepoint: 7594 ns, Total: 188554 ns
[2022-06-30T11:49:16.146+0000][6][safepoint   ] Safepoint "Cleanup", Time since last: 1000154231 ns, Reaching safepoint: 73888 ns, At safepoint: 4851 ns, Total: 78739 ns
[2022-06-30T11:49:17.146+0000][6][safepoint   ] Safepoint "Cleanup", Time since last: 1000204510 ns, Reaching safepoint: 40735 ns, At safepoint: 4033 ns, Total: 44768 ns
[2022-06-30T11:49:18.146+0000][6][safepoint   ] Safepoint "Cleanup", Time since last: 1000147493 ns, Reaching safepoint: 40680 ns, At safepoint: 4602 ns, Total: 45282 ns
[2022-06-30T11:49:19.146+0000][6][safepoint   ] Safepoint "Cleanup", Time since last: 1000169623 ns, Reaching safepoint: 42920 ns, At safepoint: 4627 ns, Total: 47547 ns
[2022-06-30T11:49:19.596+0000][6][gc,start    ] GC(40) Pause Young (Concurrent Start) (G1 Evacuation Pause)
[2022-06-30T11:49:19.596+0000][6][gc,task     ] GC(40) Using 1 workers of 1 for evacuation
[2022-06-30T11:49:19.596+0000][6][gc,age      ] GC(40) Desired survivor size 8388608 bytes, new threshold 15 (max threshold 15)
[2022-06-30T11:49:19.615+0000][6][gc,phases   ] GC(40)   Pre Evacuate Collection Set: 3.0ms
[2022-06-30T11:49:19.615+0000][6][gc,phases   ] GC(40)   Merge Heap Roots: 0.0ms
[2022-06-30T11:49:19.615+0000][6][gc,phases   ] GC(40)   Evacuate Collection Set: 3.7ms
[2022-06-30T11:49:19.615+0000][6][gc,phases   ] GC(40)   Post Evacuate Collection Set: 12.2ms
[2022-06-30T11:49:19.615+0000][6][gc,phases   ] GC(40)   Other: 0.1ms
[2022-06-30T11:49:19.615+0000][6][gc,age      ] GC(40) Age table with threshold 15 (max threshold 15)
[2022-06-30T11:49:19.615+0000][6][gc,age      ] GC(40) - age   1:     135064 bytes,     135064 total
[2022-06-30T11:49:19.615+0000][6][gc,age      ] GC(40) - age   2:      69456 bytes,     204520 total
[2022-06-30T11:49:19.615+0000][6][gc,age      ] GC(40) - age   3:       7904 bytes,     212424 total
[2022-06-30T11:49:19.615+0000][6][gc,age      ] GC(40) - age   4:       3568 bytes,     215992 total
[2022-06-30T11:49:19.615+0000][6][gc,age      ] GC(40) - age   5:       2912 bytes,     218904 total
[2022-06-30T11:49:19.615+0000][6][gc,heap     ] GC(40) Eden regions: 24->0(25)
[2022-06-30T11:49:19.615+0000][6][gc,heap     ] GC(40) Survivor regions: 1->1(4)
[2022-06-30T11:49:19.615+0000][6][gc,heap     ] GC(40) Old regions: 21->21
[2022-06-30T11:49:19.615+0000][6][gc,heap     ] GC(40) Archive regions: 2->2
[2022-06-30T11:49:19.615+0000][6][gc,heap     ] GC(40) Humongous regions: 2->2
[2022-06-30T11:49:19.615+0000][6][gc,metaspace] GC(40) Metaspace: 109793K(112704K)->109793K(112704K) NonClass: 94744K(96256K)->94744K(96256K) Class: 15048K(16448K)->15048K(16448K)
[2022-06-30T11:49:19.615+0000][6][gc          ] GC(40) Pause Young (Concurrent Start) (G1 Evacuation Pause) 193M->95M(256M) 19.174ms
[2022-06-30T11:49:19.615+0000][6][gc,cpu      ] GC(40) User=0.00s Sys=0.00s Real=0.02s
[2022-06-30T11:49:19.615+0000][6][safepoint   ] Safepoint "G1CollectForAllocation", Time since last: 449161491 ns, Reaching safepoint: 31434 ns, At safepoint: 19229563 ns, Total: 19260997 ns
[2022-06-30T11:49:19.615+0000][6][gc          ] GC(41) Concurrent Mark Cycle
[2022-06-30T11:49:19.615+0000][6][gc,marking  ] GC(41) Concurrent Clear Claimed Marks
[2022-06-30T11:49:19.615+0000][6][gc,marking  ] GC(41) Concurrent Clear Claimed Marks 0.074ms
[2022-06-30T11:49:19.615+0000][6][gc,marking  ] GC(41) Concurrent Scan Root Regions
[2022-06-30T11:49:19.617+0000][6][gc,marking  ] GC(41) Concurrent Scan Root Regions 2.154ms
[2022-06-30T11:49:19.617+0000][6][gc,marking  ] GC(41) Concurrent Mark
[2022-06-30T11:49:19.617+0000][6][gc,marking  ] GC(41) Concurrent Mark From Roots
[2022-06-30T11:49:19.617+0000][6][gc,task     ] GC(41) Using 1 workers of 1 for marking
[2022-06-30T11:49:19.823+0000][6][gc,marking  ] GC(41) Concurrent Mark From Roots 205.337ms
[2022-06-30T11:49:19.823+0000][6][gc,marking  ] GC(41) Concurrent Preclean
[2022-06-30T11:49:19.823+0000][6][gc,marking  ] GC(41) Concurrent Preclean 0.095ms
[2022-06-30T11:49:19.823+0000][6][gc,start    ] GC(41) Pause Remark
[2022-06-30T11:49:19.836+0000][6][gc          ] GC(41) Pause Remark 96M->96M(256M) 12.827ms
[2022-06-30T11:49:19.836+0000][6][gc,cpu      ] GC(41) User=0.01s Sys=0.00s Real=0.02s
[2022-06-30T11:49:19.836+0000][6][safepoint   ] Safepoint "G1Concurrent", Time since last: 207834992 ns, Reaching safepoint: 36837 ns, At safepoint: 12886626 ns, Total: 12923463 ns
[2022-06-30T11:49:19.836+0000][6][gc,marking  ] GC(41) Concurrent Mark 218.463ms
[2022-06-30T11:49:19.836+0000][6][gc,marking  ] GC(41) Concurrent Rebuild Remembered Sets
[2022-06-30T11:49:19.900+0000][6][gc,marking  ] GC(41) Concurrent Rebuild Remembered Sets 63.878ms
[2022-06-30T11:49:19.900+0000][6][gc,start    ] GC(41) Pause Cleanup
[2022-06-30T11:49:19.900+0000][6][gc          ] GC(41) Pause Cleanup 96M->96M(256M) 0.050ms
[2022-06-30T11:49:19.900+0000][6][gc,cpu      ] GC(41) User=0.00s Sys=0.00s Real=0.00s
[2022-06-30T11:49:19.900+0000][6][safepoint   ] Safepoint "G1Concurrent", Time since last: 63975475 ns, Reaching safepoint: 24139 ns, At safepoint: 87244 ns, Total: 111383 ns
[2022-06-30T11:49:19.900+0000][6][gc,marking  ] GC(41) Concurrent Cleanup for Next Mark
[2022-06-30T11:49:19.900+0000][6][gc,marking  ] GC(41) Concurrent Cleanup for Next Mark 0.658ms
[2022-06-30T11:49:19.900+0000][6][gc          ] GC(41) Concurrent Mark Cycle 285.495ms
[2022-06-30T11:49:20.900+0000][6][safepoint   ] Safepoint "Cleanup", Time since last: 1000107975 ns, Reaching safepoint: 42445 ns, At safepoint: 4565 ns, Total: 47010 ns
[2022-06-30T11:49:22.900+0000][6][safepoint   ] Safepoint "Cleanup", Time since last: 2000291397 ns, Reaching safepoint: 57067 ns, At safepoint: 4926 ns, Total: 61993 ns
[2022-06-30T11:49:25.901+0000][6][safepoint   ] Safepoint "Cleanup", Time since last: 3000352413 ns, Reaching safepoint: 39442 ns, At safepoint: 4587 ns, Total: 44029 ns
[2022-06-30T11:49:26.901+0000][6][safepoint   ] Safepoint "Cleanup", Time since last: 1000159542 ns, Reaching safepoint: 40292 ns, At safepoint: 4535 ns, Total: 44827 ns
[2022-06-30T11:49:28.901+0000][6][safepoint   ] Safepoint "Cleanup", Time since last: 2000217453 ns, Reaching safepoint: 38150 ns, At safepoint: 4608 ns, Total: 42758 ns
[2022-06-30T11:49:31.902+0000][6][safepoint   ] Safepoint "Cleanup", Time since last: 3000394034 ns, Reaching safepoint: 38404 ns, At safepoint: 4399 ns, Total: 42803 ns
[2022-06-30T11:49:32.902+0000][6][safepoint   ] Safepoint "Cleanup", Time since last: 1000177993 ns, Reaching safepoint: 45219 ns, At safepoint: 5434 ns, Total: 50653 ns
[2022-06-30T11:49:33.902+0000][6][safepoint   ] Safepoint "Cleanup", Time since last: 1000127338 ns, Reaching safepoint: 41876 ns, At safepoint: 4445 ns, Total: 46321 ns
[2022-06-30T11:49:34.902+0000][6][safepoint   ] Safepoint "Cleanup", Time since last: 1000138124 ns, Reaching safepoint: 38522 ns, At safepoint: 4438 ns, Total: 42960 ns
[2022-06-30T11:49:36.902+0000][6][safepoint   ] Safepoint "Cleanup", Time since last: 2000250498 ns, Reaching safepoint: 41395 ns, At safepoint: 4713 ns, Total: 46108 ns
[2022-06-30T11:49:38.903+0000][6][safepoint   ] Safepoint "Cleanup", Time since last: 2000190240 ns, Reaching safepoint: 40186 ns, At safepoint: 4329 ns, Total: 44515 ns
[2022-06-30T11:49:39.903+0000][6][safepoint   ] Safepoint "Cleanup", Time since last: 1000117905 ns, Reaching safepoint: 47124 ns, At safepoint: 4195 ns, Total: 51319 ns
[2022-06-30T11:49:42.903+0000][6][safepoint   ] Safepoint "Cleanup", Time since last: 3000359576 ns, Reaching safepoint: 44614 ns, At safepoint: 4833 ns, Total: 49447 ns
[2022-06-30T11:49:44.904+0000][6][safepoint   ] Safepoint "Cleanup", Time since last: 2000263089 ns, Reaching safepoint: 52205 ns, At safepoint: 4348 ns, Total: 56553 ns
[2022-06-30T11:49:47.904+0000][6][safepoint   ] Safepoint "Cleanup", Time since last: 3000329887 ns, Reaching safepoint: 64773 ns, At safepoint: 4760 ns, Total: 69533 ns
[2022-06-30T11:49:49.904+0000][6][safepoint   ] Safepoint "Cleanup", Time since last: 2000232951 ns, Reaching safepoint: 52789 ns, At safepoint: 5385 ns, Total: 58174 ns
[2022-06-30T11:49:50.904+0000][6][safepoint   ] Safepoint "Cleanup", Time since last: 1000131157 ns, Reaching safepoint: 40749 ns, At safepoint: 5090 ns, Total: 45839 ns
[2022-06-30T11:49:52.905+0000][6][safepoint   ] Safepoint "Cleanup", Time since last: 2000220986 ns, Reaching safepoint: 38927 ns, At safepoint: 4478 ns, Total: 43405 ns
[2022-06-30T11:49:53.905+0000][6][safepoint   ] Safepoint "Cleanup", Time since last: 1000169310 ns, Reaching safepoint: 40765 ns, At safepoint: 4484 ns, Total: 45249 ns
[2022-06-30T11:49:54.905+0000][6][safepoint   ] Safepoint "Cleanup", Time since last: 1000121399 ns, Reaching safepoint: 40811 ns, At safepoint: 4385 ns, Total: 45196 ns
[2022-06-30T11:49:55.905+0000][6][safepoint   ] Safepoint "Cleanup", Time since last: 1000136785 ns, Reaching safepoint: 39994 ns, At safepoint: 5000 ns, Total: 44994 ns
[2022-06-30T11:50:02.906+0000][6][safepoint   ] Safepoint "Cleanup", Time since last: 7000797566 ns, Reaching safepoint: 41023 ns, At safepoint: 4857 ns, Total: 45880 ns
[2022-06-30T11:50:03.906+0000][6][safepoint   ] Safepoint "Cleanup", Time since last: 1000154677 ns, Reaching safepoint: 39911 ns, At safepoint: 4726 ns, Total: 44637 ns
[2022-06-30T11:50:04.907+0000][6][safepoint   ] Safepoint "Cleanup", Time since last: 1000213620 ns, Reaching safepoint: 41281 ns, At safepoint: 5053 ns, Total: 46334 ns
[2022-06-30T11:50:05.907+0000][6][safepoint   ] Safepoint "Cleanup", Time since last: 1000205554 ns, Reaching safepoint: 55566 ns, At safepoint: 8837 ns, Total: 64403 ns
[2022-06-30T11:50:06.907+0000][6][safepoint   ] Safepoint "Cleanup", Time since last: 1000170999 ns, Reaching safepoint: 41192 ns, At safepoint: 4645 ns, Total: 45837 ns
[2022-06-30T11:50:08.907+0000][6][safepoint   ] Safepoint "Cleanup", Time since last: 2000297196 ns, Reaching safepoint: 43469 ns, At safepoint: 4855 ns, Total: 48324 ns
[2022-06-30T11:50:11.908+0000][6][safepoint   ] Safepoint "Cleanup", Time since last: 3000377172 ns, Reaching safepoint: 39890 ns, At safepoint: 4438 ns, Total: 44328 ns
[2022-06-30T11:50:13.908+0000][6][safepoint   ] Safepoint "Cleanup", Time since last: 2000284524 ns, Reaching safepoint: 41072 ns, At safepoint: 4745 ns, Total: 45817 ns
[2022-06-30T11:50:14.908+0000][6][safepoint   ] Safepoint "Cleanup", Time since last: 1000152244 ns, Reaching safepoint: 51026 ns, At safepoint: 4884 ns, Total: 55910 ns
[2022-06-30T11:50:15.909+0000][6][safepoint   ] Safepoint "Cleanup", Time since last: 1000159177 ns, Reaching safepoint: 39716 ns, At safepoint: 4511 ns, Total: 44227 ns
[2022-06-30T11:50:17.909+0000][6][safepoint   ] Safepoint "Cleanup", Time since last: 2000265466 ns, Reaching safepoint: 53603 ns, At safepoint: 4243 ns, Total: 57846 ns
[2022-06-30T11:50:19.909+0000][6][safepoint   ] Safepoint "Cleanup", Time since last: 2000316153 ns, Reaching safepoint: 68030 ns, At safepoint: 8630 ns, Total: 76660 ns
[2022-06-30T11:50:20.909+0000][6][safepoint   ] Safepoint "Cleanup", Time since last: 1000172837 ns, Reaching safepoint: 38317 ns, At safepoint: 4376 ns, Total: 42693 ns
[2022-06-30T11:50:21.910+0000][6][safepoint   ] Safepoint "Cleanup", Time since last: 1000159969 ns, Reaching safepoint: 41678 ns, At safepoint: 4445 ns, Total: 46123 ns
[2022-06-30T11:50:22.910+0000][6][safepoint   ] Safepoint "Cleanup", Time since last: 1000138682 ns, Reaching safepoint: 39455 ns, At safepoint: 4243 ns, Total: 43698 ns
[2022-06-30T11:50:23.911+0000][6][safepoint   ] Safepoint "Cleanup", Time since last: 1001339682 ns, Reaching safepoint: 34956 ns, At safepoint: 3800 ns, Total: 38756 ns
[2022-06-30T11:50:26.912+0000][6][safepoint   ] Safepoint "Cleanup", Time since last: 3000272275 ns, Reaching safepoint: 40835 ns, At safepoint: 4983 ns, Total: 45818 ns
[2022-06-30T11:50:28.912+0000][6][safepoint   ] Safepoint "Cleanup", Time since last: 2000260772 ns, Reaching safepoint: 41071 ns, At safepoint: 4376 ns, Total: 45447 ns
[2022-06-30T11:50:29.912+0000][6][safepoint   ] Safepoint "Cleanup", Time since last: 1000154793 ns, Reaching safepoint: 37759 ns, At safepoint: 4446 ns, Total: 42205 ns
[2022-06-30T11:50:32.913+0000][6][safepoint   ] Safepoint "Cleanup", Time since last: 3000748824 ns, Reaching safepoint: 34823 ns, At safepoint: 4202 ns, Total: 39025 ns
[2022-06-30T11:50:37.913+0000][6][safepoint   ] Safepoint "Cleanup", Time since last: 5000549360 ns, Reaching safepoint: 30314 ns, At safepoint: 3755 ns, Total: 34069 ns
[2022-06-30T11:50:38.914+0000][6][safepoint   ] Safepoint "Cleanup", Time since last: 1000223765 ns, Reaching safepoint: 57406 ns, At safepoint: 8830 ns, Total: 66236 ns
[2022-06-30T11:50:39.914+0000][6][safepoint   ] Safepoint "Cleanup", Time since last: 1000208908 ns, Reaching safepoint: 46842 ns, At safepoint: 4456 ns, Total: 51298 ns
[2022-06-30T11:50:40.914+0000][6][safepoint   ] Safepoint "Cleanup", Time since last: 1000147752 ns, Reaching safepoint: 35624 ns, At safepoint: 4294 ns, Total: 39918 ns
[2022-06-30T11:50:41.915+0000][6][safepoint   ] Safepoint "Cleanup", Time since last: 1000623025 ns, Reaching safepoint: 163062 ns, At safepoint: 8388 ns, Total: 171450 ns
[2022-06-30T11:50:42.915+0000][6][safepoint   ] Safepoint "Cleanup", Time since last: 1000140417 ns, Reaching safepoint: 37939 ns, At safepoint: 4569 ns, Total: 42508 ns
[2022-06-30T11:50:44.915+0000][6][safepoint   ] Safepoint "Cleanup", Time since last: 2000251649 ns, Reaching safepoint: 36306 ns, At safepoint: 5114 ns, Total: 41420 ns
[2022-06-30T11:50:46.916+0000][6][safepoint   ] Safepoint "Cleanup", Time since last: 2000286933 ns, Reaching safepoint: 45801 ns, At safepoint: 4671 ns, Total: 50472 ns
[2022-06-30T11:50:47.916+0000][6][safepoint   ] Safepoint "Cleanup", Time since last: 1000141735 ns, Reaching safepoint: 44044 ns, At safepoint: 4114 ns, Total: 48158 ns
[2022-06-30T11:50:49.916+0000][6][safepoint   ] Safepoint "Cleanup", Time since last: 2000264692 ns, Reaching safepoint: 44700 ns, At safepoint: 4735 ns, Total: 49435 ns
[2022-06-30T11:50:51.917+0000][6][safepoint   ] Safepoint "Cleanup", Time since last: 2000244805 ns, Reaching safepoint: 32641 ns, At safepoint: 4293 ns, Total: 36934 ns
[2022-06-30T11:50:52.920+0000][6][safepoint   ] Safepoint "Cleanup", Time since last: 1001943345 ns, Reaching safepoint: 1099518 ns, At safepoint: 7178 ns, Total: 1106696 ns
[2022-06-30T11:50:53.920+0000][6][safepoint   ] Safepoint "Cleanup", Time since last: 1000169427 ns, Reaching safepoint: 46265 ns, At safepoint: 4890 ns, Total: 51155 ns
[2022-06-30T11:50:54.920+0000][6][safepoint   ] Safepoint "Cleanup", Time since last: 1000158111 ns, Reaching safepoint: 45939 ns, At safepoint: 4668 ns, Total: 50607 ns
[2022-06-30T11:51:00.921+0000][6][safepoint   ] Safepoint "Cleanup", Time since last: 6000684622 ns, Reaching safepoint: 41865 ns, At safepoint: 5033 ns, Total: 46898 ns
[2022-06-30T11:51:03.921+0000][6][safepoint   ] Safepoint "Cleanup", Time since last: 3000376360 ns, Reaching safepoint: 46466 ns, At safepoint: 4870 ns, Total: 51336 ns
[2022-06-30T11:51:04.921+0000][6][safepoint   ] Safepoint "Cleanup", Time since last: 1000184621 ns, Reaching safepoint: 45562 ns, At safepoint: 4516 ns, Total: 50078 ns
[2022-06-30T11:51:07.922+0000][6][safepoint   ] Safepoint "Cleanup", Time since last: 3000457149 ns, Reaching safepoint: 64347 ns, At safepoint: 4203 ns, Total: 68550 ns
[2022-06-30T11:51:08.922+0000][6][safepoint   ] Safepoint "Cleanup", Time since last: 1000151808 ns, Reaching safepoint: 61838 ns, At safepoint: 4979 ns, Total: 66817 ns
[2022-06-30T11:51:09.922+0000][6][safepoint   ] Safepoint "Cleanup", Time since last: 1000197534 ns, Reaching safepoint: 64167 ns, At safepoint: 15290 ns, Total: 79457 ns
[2022-06-30T11:51:17.923+0000][6][safepoint   ] Safepoint "Cleanup", Time since last: 8000879847 ns, Reaching safepoint: 35883 ns, At safepoint: 4741 ns, Total: 40624 ns
[2022-06-30T11:51:19.924+0000][6][safepoint   ] Safepoint "Cleanup", Time since last: 2000207178 ns, Reaching safepoint: 59401 ns, At safepoint: 4780 ns, Total: 64181 ns
[2022-06-30T11:51:20.924+0000][6][safepoint   ] Safepoint "Cleanup", Time since last: 1000116660 ns, Reaching safepoint: 40570 ns, At safepoint: 4512 ns, Total: 45082 ns
[2022-06-30T11:51:22.924+0000][6][safepoint   ] Safepoint "Cleanup", Time since last: 2000316072 ns, Reaching safepoint: 74436 ns, At safepoint: 9010 ns, Total: 83446 ns
[2022-06-30T11:51:24.925+0000][6][safepoint   ] Safepoint "Cleanup", Time since last: 2000306095 ns, Reaching safepoint: 45456 ns, At safepoint: 4812 ns, Total: 50268 ns
[2022-06-30T11:51:26.925+0000][6][safepoint   ] Safepoint "Cleanup", Time since last: 2000261328 ns, Reaching safepoint: 37302 ns, At safepoint: 3960 ns, Total: 41262 ns
[2022-06-30T11:51:28.925+0000][6][safepoint   ] Safepoint "Cleanup", Time since last: 2000281822 ns, Reaching safepoint: 40343 ns, At safepoint: 4607 ns, Total: 44950 ns
[2022-06-30T11:51:32.926+0000][6][safepoint   ] Safepoint "Cleanup", Time since last: 4000459644 ns, Reaching safepoint: 41459 ns, At safepoint: 4807 ns, Total: 46266 ns
[2022-06-30T11:51:36.926+0000][6][safepoint   ] Safepoint "Cleanup", Time since last: 4000477954 ns, Reaching safepoint: 44200 ns, At safepoint: 4616 ns, Total: 48816 ns
[2022-06-30T11:51:38.927+0000][6][safepoint   ] Safepoint "Cleanup", Time since last: 2000240014 ns, Reaching safepoint: 40613 ns, At safepoint: 5017 ns, Total: 45630 ns
[2022-06-30T11:51:44.927+0000][6][safepoint   ] Safepoint "Cleanup", Time since last: 6000798983 ns, Reaching safepoint: 41129 ns, At safepoint: 4258 ns, Total: 45387 ns
[2022-06-30T11:51:46.928+0000][6][safepoint   ] Safepoint "Cleanup", Time since last: 2000304619 ns, Reaching safepoint: 40892 ns, At safepoint: 4540 ns, Total: 45432 ns
[2022-06-30T11:51:49.928+0000][6][safepoint   ] Safepoint "Cleanup", Time since last: 3000420220 ns, Reaching safepoint: 61966 ns, At safepoint: 4848 ns, Total: 66814 ns
[2022-06-30T11:51:52.929+0000][6][safepoint   ] Safepoint "Cleanup", Time since last: 3000341397 ns, Reaching safepoint: 41960 ns, At safepoint: 4253 ns, Total: 46213 ns
[2022-06-30T11:51:57.929+0000][6][safepoint   ] Safepoint "Cleanup", Time since last: 5000521031 ns, Reaching safepoint: 39897 ns, At safepoint: 4841 ns, Total: 44738 ns
[2022-06-30T11:52:00.930+0000][6][safepoint   ] Safepoint "Cleanup", Time since last: 3000346851 ns, Reaching safepoint: 41623 ns, At safepoint: 4630 ns, Total: 46253 ns
[2022-06-30T11:52:02.930+0000][6][safepoint   ] Safepoint "Cleanup", Time since last: 2000266046 ns, Reaching safepoint: 42387 ns, At safepoint: 4678 ns, Total: 47065 ns
[2022-06-30T11:52:03.930+0000][6][safepoint   ] Safepoint "Cleanup", Time since last: 1000142189 ns, Reaching safepoint: 40374 ns, At safepoint: 4615 ns, Total: 44989 ns
[2022-06-30T11:52:04.930+0000][6][safepoint   ] Safepoint "Cleanup", Time since last: 1000178237 ns, Reaching safepoint: 44318 ns, At safepoint: 4995 ns, Total: 49313 ns
[2022-06-30T11:52:09.931+0000][6][safepoint   ] Safepoint "Cleanup", Time since last: 5000669365 ns, Reaching safepoint: 44262 ns, At safepoint: 5060 ns, Total: 49322 ns
[2022-06-30T11:52:10.931+0000][6][safepoint   ] Safepoint "Cleanup", Time since last: 1000149253 ns, Reaching safepoint: 39172 ns, At safepoint: 4721 ns, Total: 43893 ns
[2022-06-30T11:52:12.997+0000][6][gc,start    ] GC(42) Pause Young (Normal) (G1 Evacuation Pause)
[2022-06-30T11:52:12.997+0000][6][gc,task     ] GC(42) Using 1 workers of 1 for evacuation
[2022-06-30T11:52:12.997+0000][6][gc,age      ] GC(42) Desired survivor size 8388608 bytes, new threshold 15 (max threshold 15)
[2022-06-30T11:52:13.001+0000][6][gc,phases   ] GC(42)   Pre Evacuate Collection Set: 0.0ms
[2022-06-30T11:52:13.001+0000][6][gc,phases   ] GC(42)   Merge Heap Roots: 0.1ms
[2022-06-30T11:52:13.001+0000][6][gc,phases   ] GC(42)   Evacuate Collection Set: 3.0ms
[2022-06-30T11:52:13.001+0000][6][gc,phases   ] GC(42)   Post Evacuate Collection Set: 1.0ms
[2022-06-30T11:52:13.001+0000][6][gc,phases   ] GC(42)   Other: 0.1ms
[2022-06-30T11:52:13.001+0000][6][gc,age      ] GC(42) Age table with threshold 15 (max threshold 15)
[2022-06-30T11:52:13.001+0000][6][gc,age      ] GC(42) - age   1:      81288 bytes,      81288 total
[2022-06-30T11:52:13.001+0000][6][gc,age      ] GC(42) - age   2:     100696 bytes,     181984 total
[2022-06-30T11:52:13.001+0000][6][gc,age      ] GC(42) - age   3:      58432 bytes,     240416 total
[2022-06-30T11:52:13.001+0000][6][gc,age      ] GC(42) - age   4:       7256 bytes,     247672 total
[2022-06-30T11:52:13.001+0000][6][gc,age      ] GC(42) - age   5:       3256 bytes,     250928 total
[2022-06-30T11:52:13.001+0000][6][gc,age      ] GC(42) - age   6:       1512 bytes,     252440 total
[2022-06-30T11:52:13.001+0000][6][gc,heap     ] GC(42) Eden regions: 25->0(25)
[2022-06-30T11:52:13.001+0000][6][gc,heap     ] GC(42) Survivor regions: 1->1(4)
[2022-06-30T11:52:13.001+0000][6][gc,heap     ] GC(42) Old regions: 21->21
[2022-06-30T11:52:13.001+0000][6][gc,heap     ] GC(42) Archive regions: 2->2
[2022-06-30T11:52:13.001+0000][6][gc,heap     ] GC(42) Humongous regions: 2->2
[2022-06-30T11:52:13.001+0000][6][gc,metaspace] GC(42) Metaspace: 110303K(113216K)->110303K(113216K) NonClass: 95228K(96704K)->95228K(96704K) Class: 15075K(16512K)->15075K(16512K)
[2022-06-30T11:52:13.001+0000][6][gc          ] GC(42) Pause Young (Normal) (G1 Evacuation Pause) 195M->95M(256M) 4.368ms
[2022-06-30T11:52:13.001+0000][6][gc,cpu      ] GC(42) User=0.01s Sys=0.00s Real=0.00s
[2022-06-30T11:52:13.001+0000][6][safepoint   ] Safepoint "G1CollectForAllocation", Time since last: 2065517008 ns, Reaching safepoint: 25171 ns, At safepoint: 4416764 ns, Total: 4441935 ns
[2022-06-30T11:52:19.002+0000][6][safepoint   ] Safepoint "Cleanup", Time since last: 6000761436 ns, Reaching safepoint: 44030 ns, At safepoint: 4563 ns, Total: 48593 ns
[2022-06-30T11:52:20.002+0000][6][safepoint   ] Safepoint "Cleanup", Time since last: 1000177286 ns, Reaching safepoint: 66486 ns, At safepoint: 7556 ns, Total: 74042 ns
[2022-06-30T11:52:24.003+0000][6][safepoint   ] Safepoint "Cleanup", Time since last: 4000451800 ns, Reaching safepoint: 42682 ns, At safepoint: 5075 ns, Total: 47757 ns
[2022-06-30T11:52:36.004+0000][6][safepoint   ] Safepoint "Cleanup", Time since last: 12001548655 ns, Reaching safepoint: 41043 ns, At safepoint: 4743 ns, Total: 45786 ns
[2022-06-30T11:52:45.005+0000][6][safepoint   ] Safepoint "Cleanup", Time since last: 9001030811 ns, Reaching safepoint: 49447 ns, At safepoint: 4585 ns, Total: 54032 ns
[2022-06-30T11:52:46.006+0000][6][safepoint   ] Safepoint "Cleanup", Time since last: 1000193029 ns, Reaching safepoint: 42941 ns, At safepoint: 4641 ns, Total: 47582 ns
[2022-06-30T11:52:47.006+0000][6][safepoint   ] Safepoint "Cleanup", Time since last: 1000176591 ns, Reaching safepoint: 41353 ns, At safepoint: 4176 ns, Total: 45529 ns
[2022-06-30T11:52:48.006+0000][6][safepoint   ] Safepoint "Cleanup", Time since last: 1000209169 ns, Reaching safepoint: 45044 ns, At safepoint: 5153 ns, Total: 50197 ns
[2022-06-30T11:52:49.006+0000][6][safepoint   ] Safepoint "Cleanup", Time since last: 1000173536 ns, Reaching safepoint: 41343 ns, At safepoint: 5247 ns, Total: 46590 ns
[2022-06-30T11:52:50.007+0000][6][safepoint   ] Safepoint "Cleanup", Time since last: 1000180490 ns, Reaching safepoint: 52131 ns, At safepoint: 4490 ns, Total: 56621 ns
[2022-06-30T11:52:53.007+0000][6][safepoint   ] Safepoint "Cleanup", Time since last: 3000397841 ns, Reaching safepoint: 45810 ns, At safepoint: 4874 ns, Total: 50684 ns
[2022-06-30T11:52:54.007+0000][6][safepoint   ] Safepoint "Cleanup", Time since last: 1000185812 ns, Reaching safepoint: 45948 ns, At safepoint: 4555 ns, Total: 50503 ns
[2022-06-30T11:52:57.008+0000][6][safepoint   ] Safepoint "Cleanup", Time since last: 3000407875 ns, Reaching safepoint: 39952 ns, At safepoint: 4937 ns, Total: 44889 ns
[2022-06-30T11:52:58.008+0000][6][safepoint   ] Safepoint "Cleanup", Time since last: 1000157408 ns, Reaching safepoint: 41322 ns, At safepoint: 4926 ns, Total: 46248 ns
[2022-06-30T11:53:00.012+0000][6][safepoint   ] Safepoint "Cleanup", Time since last: 2003847426 ns, Reaching safepoint: 43625 ns, At safepoint: 4779 ns, Total: 48404 ns
[2022-06-30T11:53:03.012+0000][6][safepoint   ] Safepoint "Cleanup", Time since last: 3000408616 ns, Reaching safepoint: 44816 ns, At safepoint: 4896 ns, Total: 49712 ns
[2022-06-30T11:53:05.013+0000][6][safepoint   ] Safepoint "Cleanup", Time since last: 2000342479 ns, Reaching safepoint: 44590 ns, At safepoint: 4626 ns, Total: 49216 ns
[2022-06-30T11:53:09.013+0000][6][safepoint   ] Safepoint "Cleanup", Time since last: 4000579341 ns, Reaching safepoint: 60491 ns, At safepoint: 8890 ns, Total: 69381 ns
[2022-06-30T11:53:13.014+0000][6][safepoint   ] Safepoint "Cleanup", Time since last: 4000408389 ns, Reaching safepoint: 42484 ns, At safepoint: 16087 ns, Total: 58571 ns
[2022-06-30T11:53:20.015+0000][6][safepoint   ] Safepoint "Cleanup", Time since last: 7000868029 ns, Reaching safepoint: 42898 ns, At safepoint: 4583 ns, Total: 47481 ns
[2022-06-30T11:53:34.016+0000][6][safepoint   ] Safepoint "Cleanup", Time since last: 14001437239 ns, Reaching safepoint: 39240 ns, At safepoint: 4906 ns, Total: 44146 ns
[2022-06-30T11:53:44.017+0000][6][safepoint   ] Safepoint "Cleanup", Time since last: 10001027452 ns, Reaching safepoint: 40640 ns, At safepoint: 4677 ns, Total: 45317 ns
[2022-06-30T11:53:53.018+0000][6][safepoint   ] Safepoint "Cleanup", Time since last: 9001140505 ns, Reaching safepoint: 40689 ns, At safepoint: 4802 ns, Total: 45491 ns
[2022-06-30T11:53:54.019+0000][6][safepoint   ] Safepoint "Cleanup", Time since last: 1000189509 ns, Reaching safepoint: 52181 ns, At safepoint: 5167 ns, Total: 57348 ns
[2022-06-30T11:53:59.019+0000][6][safepoint   ] Safepoint "Cleanup", Time since last: 5000694347 ns, Reaching safepoint: 49598 ns, At safepoint: 4872 ns, Total: 54470 ns
[2022-06-30T11:54:04.020+0000][6][safepoint   ] Safepoint "Cleanup", Time since last: 5000622463 ns, Reaching safepoint: 38047 ns, At safepoint: 4963 ns, Total: 43010 ns
[2022-06-30T11:54:06.020+0000][6][safepoint   ] Safepoint "Cleanup", Time since last: 2000231079 ns, Reaching safepoint: 38737 ns, At safepoint: 4721 ns, Total: 43458 ns
[2022-06-30T11:54:08.021+0000][6][safepoint   ] Safepoint "Cleanup", Time since last: 2000289104 ns, Reaching safepoint: 43396 ns, At safepoint: 5065 ns, Total: 48461 ns
[2022-06-30T11:54:09.021+0000][6][safepoint   ] Safepoint "Cleanup", Time since last: 1000202799 ns, Reaching safepoint: 43862 ns, At safepoint: 4627 ns, Total: 48489 ns
[2022-06-30T11:54:13.022+0000][6][safepoint   ] Safepoint "Cleanup", Time since last: 4000571198 ns, Reaching safepoint: 43998 ns, At safepoint: 5085 ns, Total: 49083 ns
[2022-06-30T11:54:14.022+0000][6][safepoint   ] Safepoint "Cleanup", Time since last: 1000168354 ns, Reaching safepoint: 43345 ns, At safepoint: 4580 ns, Total: 47925 ns
[2022-06-30T11:54:18.022+0000][6][safepoint   ] Safepoint "Cleanup", Time since last: 4000572701 ns, Reaching safepoint: 52979 ns, At safepoint: 4435 ns, Total: 57414 ns
[2022-06-30T11:54:19.023+0000][6][safepoint   ] Safepoint "Cleanup", Time since last: 1000115355 ns, Reaching safepoint: 51257 ns, At safepoint: 5024 ns, Total: 56281 ns
[2022-06-30T11:54:20.023+0000][6][safepoint   ] Safepoint "Cleanup", Time since last: 1000134800 ns, Reaching safepoint: 46626 ns, At safepoint: 4610 ns, Total: 51236 ns
[2022-06-30T11:54:22.023+0000][6][safepoint   ] Safepoint "Cleanup", Time since last: 2000252961 ns, Reaching safepoint: 41094 ns, At safepoint: 5015 ns, Total: 46109 ns
[2022-06-30T11:54:31.024+0000][6][safepoint   ] Safepoint "Cleanup", Time since last: 9001134721 ns, Reaching safepoint: 41835 ns, At safepoint: 5088 ns, Total: 46923 ns
[2022-06-30T11:54:32.024+0000][6][safepoint   ] Safepoint "Cleanup", Time since last: 1000198130 ns, Reaching safepoint: 42595 ns, At safepoint: 4553 ns, Total: 47148 ns
[2022-06-30T11:54:34.025+0000][6][safepoint   ] Safepoint "Cleanup", Time since last: 2000314962 ns, Reaching safepoint: 43083 ns, At safepoint: 4715 ns, Total: 47798 ns
[2022-06-30T11:54:35.025+0000][6][safepoint   ] Safepoint "Cleanup", Time since last: 1000187139 ns, Reaching safepoint: 44476 ns, At safepoint: 4642 ns, Total: 49118 ns
[2022-06-30T11:54:37.025+0000][6][safepoint   ] Safepoint "Cleanup", Time since last: 2000309102 ns, Reaching safepoint: 39249 ns, At safepoint: 4375 ns, Total: 43624 ns
[2022-06-30T11:54:39.026+0000][6][safepoint   ] Safepoint "Cleanup", Time since last: 2000263397 ns, Reaching safepoint: 41399 ns, At safepoint: 4691 ns, Total: 46090 ns
[2022-06-30T11:54:43.026+0000][6][safepoint   ] Safepoint "Cleanup", Time since last: 4000429870 ns, Reaching safepoint: 42572 ns, At safepoint: 4794 ns, Total: 47366 ns
[2022-06-30T11:54:44.026+0000][6][safepoint   ] Safepoint "Cleanup", Time since last: 1000146526 ns, Reaching safepoint: 37153 ns, At safepoint: 4644 ns, Total: 41797 ns
[2022-06-30T11:54:45.027+0000][6][safepoint   ] Safepoint "Cleanup", Time since last: 1000195390 ns, Reaching safepoint: 38184 ns, At safepoint: 4717 ns, Total: 42901 ns
[2022-06-30T11:54:51.027+0000][6][safepoint   ] Safepoint "Cleanup", Time since last: 6000697852 ns, Reaching safepoint: 42998 ns, At safepoint: 4566 ns, Total: 47564 ns
[2022-06-30T11:54:54.028+0000][6][safepoint   ] Safepoint "Cleanup", Time since last: 3000425275 ns, Reaching safepoint: 66317 ns, At safepoint: 7184 ns, Total: 73501 ns
[2022-06-30T11:55:02.029+0000][6][safepoint   ] Safepoint "Cleanup", Time since last: 8000985592 ns, Reaching safepoint: 42146 ns, At safepoint: 4816 ns, Total: 46962 ns
[2022-06-30T11:55:08.030+0000][6][safepoint   ] Safepoint "Cleanup", Time since last: 6000652515 ns, Reaching safepoint: 37457 ns, At safepoint: 16136 ns, Total: 53593 ns
[2022-06-30T11:55:08.211+0000][6][gc,start    ] GC(43) Pause Young (Concurrent Start) (G1 Evacuation Pause)
[2022-06-30T11:55:08.211+0000][6][gc,task     ] GC(43) Using 1 workers of 1 for evacuation
[2022-06-30T11:55:08.211+0000][6][gc,age      ] GC(43) Desired survivor size 8388608 bytes, new threshold 15 (max threshold 15)
[2022-06-30T11:55:08.216+0000][6][gc,phases   ] GC(43)   Pre Evacuate Collection Set: 0.3ms
[2022-06-30T11:55:08.216+0000][6][gc,phases   ] GC(43)   Merge Heap Roots: 0.1ms
[2022-06-30T11:55:08.216+0000][6][gc,phases   ] GC(43)   Evacuate Collection Set: 3.2ms
[2022-06-30T11:55:08.216+0000][6][gc,phases   ] GC(43)   Post Evacuate Collection Set: 1.0ms
[2022-06-30T11:55:08.216+0000][6][gc,phases   ] GC(43)   Other: 0.1ms
[2022-06-30T11:55:08.216+0000][6][gc,age      ] GC(43) Age table with threshold 15 (max threshold 15)
[2022-06-30T11:55:08.216+0000][6][gc,age      ] GC(43) - age   1:      37560 bytes,      37560 total
[2022-06-30T11:55:08.216+0000][6][gc,age      ] GC(43) - age   2:      55776 bytes,      93336 total
[2022-06-30T11:55:08.216+0000][6][gc,age      ] GC(43) - age   3:      58528 bytes,     151864 total
[2022-06-30T11:55:08.216+0000][6][gc,age      ] GC(43) - age   4:      49400 bytes,     201264 total
[2022-06-30T11:55:08.216+0000][6][gc,age      ] GC(43) - age   5:       5224 bytes,     206488 total
[2022-06-30T11:55:08.216+0000][6][gc,age      ] GC(43) - age   6:       2920 bytes,     209408 total
[2022-06-30T11:55:08.216+0000][6][gc,age      ] GC(43) - age   7:       1512 bytes,     210920 total
[2022-06-30T11:55:08.216+0000][6][gc,heap     ] GC(43) Eden regions: 25->0(26)
[2022-06-30T11:55:08.216+0000][6][gc,heap     ] GC(43) Survivor regions: 1->1(4)
[2022-06-30T11:55:08.216+0000][6][gc,heap     ] GC(43) Old regions: 21->21
[2022-06-30T11:55:08.216+0000][6][gc,heap     ] GC(43) Archive regions: 2->2
[2022-06-30T11:55:08.216+0000][6][gc,heap     ] GC(43) Humongous regions: 2->2
[2022-06-30T11:55:08.216+0000][6][gc,metaspace] GC(43) Metaspace: 110464K(113408K)->110464K(113408K) NonClass: 95388K(96896K)->95388K(96896K) Class: 15075K(16512K)->15075K(16512K)
[2022-06-30T11:55:08.216+0000][6][gc          ] GC(43) Pause Young (Concurrent Start) (G1 Evacuation Pause) 195M->95M(256M) 4.805ms
[2022-06-30T11:55:08.216+0000][6][gc,cpu      ] GC(43) User=0.00s Sys=0.00s Real=0.01s
[2022-06-30T11:55:08.216+0000][6][safepoint   ] Safepoint "G1CollectForAllocation", Time since last: 181748157 ns, Reaching safepoint: 24295 ns, At safepoint: 4858591 ns, Total: 4882886 ns
[2022-06-30T11:55:08.216+0000][6][gc          ] GC(44) Concurrent Mark Cycle
[2022-06-30T11:55:08.216+0000][6][gc,marking  ] GC(44) Concurrent Clear Claimed Marks
[2022-06-30T11:55:08.216+0000][6][gc,marking  ] GC(44) Concurrent Clear Claimed Marks 0.062ms
[2022-06-30T11:55:08.216+0000][6][gc,marking  ] GC(44) Concurrent Scan Root Regions
[2022-06-30T11:55:08.217+0000][6][gc,marking  ] GC(44) Concurrent Scan Root Regions 1.045ms
[2022-06-30T11:55:08.217+0000][6][gc,marking  ] GC(44) Concurrent Mark
[2022-06-30T11:55:08.217+0000][6][gc,marking  ] GC(44) Concurrent Mark From Roots
[2022-06-30T11:55:08.217+0000][6][gc,task     ] GC(44) Using 1 workers of 1 for marking
[2022-06-30T11:55:08.343+0000][6][gc,marking  ] GC(44) Concurrent Mark From Roots 125.391ms
[2022-06-30T11:55:08.343+0000][6][gc,marking  ] GC(44) Concurrent Preclean
[2022-06-30T11:55:08.343+0000][6][gc,marking  ] GC(44) Concurrent Preclean 0.448ms
[2022-06-30T11:55:08.343+0000][6][gc,start    ] GC(44) Pause Remark
[2022-06-30T11:55:08.379+0000][6][gc          ] GC(44) Pause Remark 96M->96M(256M) 35.694ms
[2022-06-30T11:55:08.379+0000][6][gc,cpu      ] GC(44) User=0.04s Sys=0.00s Real=0.04s
[2022-06-30T11:55:08.384+0000][6][safepoint   ] Safepoint "G1Concurrent", Time since last: 127116697 ns, Reaching safepoint: 29887 ns, At safepoint: 40269199 ns, Total: 40299086 ns
[2022-06-30T11:55:08.384+0000][6][gc,marking  ] GC(44) Concurrent Mark 166.262ms
[2022-06-30T11:55:08.384+0000][6][gc,marking  ] GC(44) Concurrent Rebuild Remembered Sets
[2022-06-30T11:55:08.518+0000][6][gc,marking  ] GC(44) Concurrent Rebuild Remembered Sets 134.688ms
[2022-06-30T11:55:08.522+0000][6][gc,start    ] GC(44) Pause Cleanup
[2022-06-30T11:55:08.522+0000][6][gc          ] GC(44) Pause Cleanup 96M->96M(256M) 0.061ms
[2022-06-30T11:55:08.522+0000][6][gc,cpu      ] GC(44) User=0.00s Sys=0.00s Real=0.00s
[2022-06-30T11:55:08.522+0000][6][safepoint   ] Safepoint "G1Concurrent", Time since last: 134817963 ns, Reaching safepoint: 3170984 ns, At safepoint: 102607 ns, Total: 3273591 ns
[2022-06-30T11:55:08.522+0000][6][gc,marking  ] GC(44) Concurrent Cleanup for Next Mark
[2022-06-30T11:55:08.523+0000][6][gc,marking  ] GC(44) Concurrent Cleanup for Next Mark 0.679ms
[2022-06-30T11:55:08.523+0000][6][gc          ] GC(44) Concurrent Mark Cycle 306.304ms
[2022-06-30T11:55:11.522+0000][6][safepoint   ] Safepoint "Cleanup", Time since last: 3000356082 ns, Reaching safepoint: 45557 ns, At safepoint: 4665 ns, Total: 50222 ns
[2022-06-30T11:55:20.523+0000][6][safepoint   ] Safepoint "Cleanup", Time since last: 9000920303 ns, Reaching safepoint: 38905 ns, At safepoint: 5044 ns, Total: 43949 ns
[2022-06-30T11:55:21.523+0000][6][safepoint   ] Safepoint "Cleanup", Time since last: 1000168261 ns, Reaching safepoint: 38722 ns, At safepoint: 4820 ns, Total: 43542 ns
[2022-06-30T11:55:22.524+0000][6][safepoint   ] Safepoint "Cleanup", Time since last: 1000172979 ns, Reaching safepoint: 35954 ns, At safepoint: 4221 ns, Total: 40175 ns
[2022-06-30T11:55:25.524+0000][6][safepoint   ] Safepoint "Cleanup", Time since last: 3000349590 ns, Reaching safepoint: 36010 ns, At safepoint: 25295 ns, Total: 61305 ns
[2022-06-30T11:55:29.525+0000][6][safepoint   ] Safepoint "Cleanup", Time since last: 4000515885 ns, Reaching safepoint: 35687 ns, At safepoint: 4256 ns, Total: 39943 ns
[2022-06-30T11:55:38.526+0000][6][safepoint   ] Safepoint "Cleanup", Time since last: 9001104129 ns, Reaching safepoint: 31873 ns, At safepoint: 3853 ns, Total: 35726 ns
[2022-06-30T11:55:48.527+0000][6][safepoint   ] Safepoint "Cleanup", Time since last: 10001186321 ns, Reaching safepoint: 35081 ns, At safepoint: 4321 ns, Total: 39402 ns
[2022-06-30T11:55:50.527+0000][6][safepoint   ] Safepoint "Cleanup", Time since last: 2000240755 ns, Reaching safepoint: 44167 ns, At safepoint: 4400 ns, Total: 48567 ns
[2022-06-30T11:56:05.529+0000][6][safepoint   ] Safepoint "Cleanup", Time since last: 15001645924 ns, Reaching safepoint: 40334 ns, At safepoint: 4568 ns, Total: 44902 ns
[2022-06-30T11:56:20.532+0000][6][safepoint   ] Safepoint "Cleanup", Time since last: 15002858729 ns, Reaching safepoint: 39546 ns, At safepoint: 4692 ns, Total: 44238 ns
[2022-06-30T11:56:28.533+0000][6][safepoint   ] Safepoint "Cleanup", Time since last: 8000919782 ns, Reaching safepoint: 61036 ns, At safepoint: 4562 ns, Total: 65598 ns
[2022-06-30T11:56:29.533+0000][6][safepoint   ] Safepoint "Cleanup", Time since last: 1000190859 ns, Reaching safepoint: 57130 ns, At safepoint: 8797 ns, Total: 65927 ns
[2022-06-30T11:56:49.535+0000][6][safepoint   ] Safepoint "Cleanup", Time since last: 20002080505 ns, Reaching safepoint: 40534 ns, At safepoint: 4388 ns, Total: 44922 ns
[2022-06-30T11:56:50.535+0000][6][safepoint   ] Safepoint "Cleanup", Time since last: 1000151259 ns, Reaching safepoint: 40593 ns, At safepoint: 4605 ns, Total: 45198 ns
[2022-06-30T11:57:03.537+0000][6][safepoint   ] Safepoint "Cleanup", Time since last: 13001383630 ns, Reaching safepoint: 39641 ns, At safepoint: 4495 ns, Total: 44136 ns
[2022-06-30T11:57:09.537+0000][6][safepoint   ] Safepoint "Cleanup", Time since last: 6000629878 ns, Reaching safepoint: 39511 ns, At safepoint: 4417 ns, Total: 43928 ns
[2022-06-30T11:57:20.539+0000][6][safepoint   ] Safepoint "Cleanup", Time since last: 11001240243 ns, Reaching safepoint: 39924 ns, At safepoint: 5030 ns, Total: 44954 ns
[2022-06-30T11:57:27.540+0000][6][safepoint   ] Safepoint "Cleanup", Time since last: 7000746403 ns, Reaching safepoint: 56660 ns, At safepoint: 6972 ns, Total: 63632 ns
[2022-06-30T11:57:33.540+0000][6][safepoint   ] Safepoint "Cleanup", Time since last: 6000628658 ns, Reaching safepoint: 36275 ns, At safepoint: 3872 ns, Total: 40147 ns
[2022-06-30T11:57:39.541+0000][6][safepoint   ] Safepoint "Cleanup", Time since last: 6000711301 ns, Reaching safepoint: 37441 ns, At safepoint: 4026 ns, Total: 41467 ns
[2022-06-30T11:57:40.541+0000][6][safepoint   ] Safepoint "Cleanup", Time since last: 1000137487 ns, Reaching safepoint: 43118 ns, At safepoint: 4366 ns, Total: 47484 ns
[2022-06-30T11:57:50.542+0000][6][safepoint   ] Safepoint "Cleanup", Time since last: 10001250270 ns, Reaching safepoint: 41916 ns, At safepoint: 4402 ns, Total: 46318 ns
[2022-06-30T11:57:55.544+0000][6][safepoint   ] Safepoint "Cleanup", Time since last: 5001691139 ns, Reaching safepoint: 40674 ns, At safepoint: 4687 ns, Total: 45361 ns
[2022-06-30T11:57:58.545+0000][6][safepoint   ] Safepoint "Cleanup", Time since last: 3000404179 ns, Reaching safepoint: 62827 ns, At safepoint: 4651 ns, Total: 67478 ns
[2022-06-30T11:58:01.545+0000][6][safepoint   ] Safepoint "Cleanup", Time since last: 3000405644 ns, Reaching safepoint: 39842 ns, At safepoint: 4916 ns, Total: 44758 ns
[2022-06-30T11:58:06.546+0000][6][safepoint   ] Safepoint "Cleanup", Time since last: 5000588633 ns, Reaching safepoint: 59256 ns, At safepoint: 9136 ns, Total: 68392 ns
[2022-06-30T11:58:13.378+0000][6][gc,start    ] GC(45) Pause Young (Normal) (G1 Evacuation Pause)
[2022-06-30T11:58:13.378+0000][6][gc,task     ] GC(45) Using 1 workers of 1 for evacuation
[2022-06-30T11:58:13.378+0000][6][gc,age      ] GC(45) Desired survivor size 8388608 bytes, new threshold 15 (max threshold 15)
[2022-06-30T11:58:13.383+0000][6][gc,phases   ] GC(45)   Pre Evacuate Collection Set: 0.0ms
[2022-06-30T11:58:13.383+0000][6][gc,phases   ] GC(45)   Merge Heap Roots: 0.1ms
[2022-06-30T11:58:13.383+0000][6][gc,phases   ] GC(45)   Evacuate Collection Set: 4.4ms
[2022-06-30T11:58:13.383+0000][6][gc,phases   ] GC(45)   Post Evacuate Collection Set: 1.0ms
[2022-06-30T11:58:13.383+0000][6][gc,phases   ] GC(45)   Other: 0.1ms
[2022-06-30T11:58:13.383+0000][6][gc,age      ] GC(45) Age table with threshold 15 (max threshold 15)
[2022-06-30T11:58:13.383+0000][6][gc,age      ] GC(45) - age   1:      19424 bytes,      19424 total
[2022-06-30T11:58:13.383+0000][6][gc,age      ] GC(45) - age   2:      22536 bytes,      41960 total
[2022-06-30T11:58:13.383+0000][6][gc,age      ] GC(45) - age   3:      55728 bytes,      97688 total
[2022-06-30T11:58:13.383+0000][6][gc,age      ] GC(45) - age   4:      49096 bytes,     146784 total
[2022-06-30T11:58:13.383+0000][6][gc,age      ] GC(45) - age   5:      48504 bytes,     195288 total
[2022-06-30T11:58:13.383+0000][6][gc,age      ] GC(45) - age   6:       5120 bytes,     200408 total
[2022-06-30T11:58:13.383+0000][6][gc,age      ] GC(45) - age   7:       2920 bytes,     203328 total
[2022-06-30T11:58:13.383+0000][6][gc,age      ] GC(45) - age   8:       1512 bytes,     204840 total
[2022-06-30T11:58:13.383+0000][6][gc,heap     ] GC(45) Eden regions: 26->0(26)
[2022-06-30T11:58:13.383+0000][6][gc,heap     ] GC(45) Survivor regions: 1->1(4)
[2022-06-30T11:58:13.383+0000][6][gc,heap     ] GC(45) Old regions: 21->21
[2022-06-30T11:58:13.384+0000][6][gc,heap     ] GC(45) Archive regions: 2->2
[2022-06-30T11:58:13.384+0000][6][gc,heap     ] GC(45) Humongous regions: 2->2
[2022-06-30T11:58:13.384+0000][6][gc,metaspace] GC(45) Metaspace: 108443K(113408K)->108443K(113408K) NonClass: 93850K(96896K)->93850K(96896K) Class: 14593K(16512K)->14593K(16512K)
[2022-06-30T11:58:13.384+0000][6][gc          ] GC(45) Pause Young (Normal) (G1 Evacuation Pause) 199M->95M(256M) 5.821ms
[2022-06-30T11:58:13.384+0000][6][gc,cpu      ] GC(45) User=0.00s Sys=0.00s Real=0.00s
[2022-06-30T11:58:13.384+0000][6][safepoint   ] Safepoint "G1CollectForAllocation", Time since last: 6831910229 ns, Reaching safepoint: 24556 ns, At safepoint: 5869811 ns, Total: 5894367 ns
[2022-06-30T11:58:20.384+0000][6][safepoint   ] Safepoint "Cleanup", Time since last: 7000708172 ns, Reaching safepoint: 51774 ns, At safepoint: 4488 ns, Total: 56262 ns
[2022-06-30T11:58:25.385+0000][6][safepoint   ] Safepoint "Cleanup", Time since last: 5000537090 ns, Reaching safepoint: 38534 ns, At safepoint: 4502 ns, Total: 43036 ns
[2022-06-30T11:58:26.385+0000][6][safepoint   ] Safepoint "Cleanup", Time since last: 1000137558 ns, Reaching safepoint: 39324 ns, At safepoint: 4757 ns, Total: 44081 ns
[2022-06-30T11:58:29.386+0000][6][safepoint   ] Safepoint "Cleanup", Time since last: 3000434715 ns, Reaching safepoint: 72643 ns, At safepoint: 7500 ns, Total: 80143 ns
[2022-06-30T11:58:35.386+0000][6][safepoint   ] Safepoint "Cleanup", Time since last: 6000664420 ns, Reaching safepoint: 37953 ns, At safepoint: 4767 ns, Total: 42720 ns
[2022-06-30T11:58:39.387+0000][6][safepoint   ] Safepoint "Cleanup", Time since last: 4000528705 ns, Reaching safepoint: 68926 ns, At safepoint: 9191 ns, Total: 78117 ns
[2022-06-30T11:58:43.387+0000][6][safepoint   ] Safepoint "Cleanup", Time since last: 4000477619 ns, Reaching safepoint: 38273 ns, At safepoint: 4774 ns, Total: 43047 ns
[2022-06-30T11:58:50.388+0000][6][safepoint   ] Safepoint "Cleanup", Time since last: 7000857938 ns, Reaching safepoint: 39689 ns, At safepoint: 4938 ns, Total: 44627 ns
[2022-06-30T11:58:51.389+0000][6][safepoint   ] Safepoint "Cleanup", Time since last: 1000186390 ns, Reaching safepoint: 62113 ns, At safepoint: 4444 ns, Total: 66557 ns
[2022-06-30T11:58:52.389+0000][6][safepoint   ] Safepoint "Cleanup", Time since last: 1000165359 ns, Reaching safepoint: 46481 ns, At safepoint: 10441 ns, Total: 56922 ns
[2022-06-30T11:59:04.390+0000][6][safepoint   ] Safepoint "Cleanup", Time since last: 12001602187 ns, Reaching safepoint: 37439 ns, At safepoint: 4528 ns, Total: 41967 ns
[2022-06-30T11:59:10.391+0000][6][safepoint   ] Safepoint "Cleanup", Time since last: 6000642415 ns, Reaching safepoint: 39403 ns, At safepoint: 4681 ns, Total: 44084 ns
[2022-06-30T11:59:20.392+0000][6][safepoint   ] Safepoint "Cleanup", Time since last: 10001151865 ns, Reaching safepoint: 37973 ns, At safepoint: 5081 ns, Total: 43054 ns
[2022-06-30T11:59:28.393+0000][6][safepoint   ] Safepoint "Cleanup", Time since last: 8000920483 ns, Reaching safepoint: 40605 ns, At safepoint: 4553 ns, Total: 45158 ns
[2022-06-30T11:59:37.394+0000][6][safepoint   ] Safepoint "Cleanup", Time since last: 9000984964 ns, Reaching safepoint: 39917 ns, At safepoint: 4814 ns, Total: 44731 ns
[2022-06-30T11:59:47.396+0000][6][safepoint   ] Safepoint "Cleanup", Time since last: 10001199997 ns, Reaching safepoint: 41993 ns, At safepoint: 4952 ns, Total: 46945 ns
[2022-06-30T11:59:48.396+0000][6][safepoint   ] Safepoint "Cleanup", Time since last: 1000172479 ns, Reaching safepoint: 41394 ns, At safepoint: 4550 ns, Total: 45944 ns
[2022-06-30T11:59:50.396+0000][6][safepoint   ] Safepoint "Cleanup", Time since last: 2000211512 ns, Reaching safepoint: 38227 ns, At safepoint: 4834 ns, Total: 43061 ns
[2022-06-30T11:59:52.397+0000][6][safepoint   ] Safepoint "Cleanup", Time since last: 2001295339 ns, Reaching safepoint: 33979 ns, At safepoint: 4637 ns, Total: 38616 ns
[2022-06-30T12:00:02.399+0000][6][safepoint   ] Safepoint "Cleanup", Time since last: 10001533518 ns, Reaching safepoint: 77356 ns, At safepoint: 5260 ns, Total: 82616 ns
[2022-06-30T12:00:20.401+0000][6][safepoint   ] Safepoint "Cleanup", Time since last: 18001733477 ns, Reaching safepoint: 44762 ns, At safepoint: 5096 ns, Total: 49858 ns
[2022-06-30T12:00:33.402+0000][6][safepoint   ] Safepoint "Cleanup", Time since last: 13001203746 ns, Reaching safepoint: 59599 ns, At safepoint: 4725 ns, Total: 64324 ns
[2022-06-30T12:00:50.404+0000][6][safepoint   ] Safepoint "Cleanup", Time since last: 17001540860 ns, Reaching safepoint: 39102 ns, At safepoint: 4798 ns, Total: 43900 ns
[2022-06-30T12:01:08.406+0000][6][safepoint   ] Safepoint "Cleanup", Time since last: 18002343118 ns, Reaching safepoint: 60420 ns, At safepoint: 8820 ns, Total: 69240 ns
[2022-06-30T12:01:14.985+0000][6][gc,start    ] GC(46) Pause Young (Concurrent Start) (G1 Evacuation Pause)
[2022-06-30T12:01:14.985+0000][6][gc,task     ] GC(46) Using 1 workers of 1 for evacuation
[2022-06-30T12:01:14.985+0000][6][gc,age      ] GC(46) Desired survivor size 8388608 bytes, new threshold 15 (max threshold 15)
[2022-06-30T12:01:14.990+0000][6][gc,phases   ] GC(46)   Pre Evacuate Collection Set: 0.2ms
[2022-06-30T12:01:14.990+0000][6][gc,phases   ] GC(46)   Merge Heap Roots: 0.0ms
[2022-06-30T12:01:14.990+0000][6][gc,phases   ] GC(46)   Evacuate Collection Set: 3.9ms
[2022-06-30T12:01:14.990+0000][6][gc,phases   ] GC(46)   Post Evacuate Collection Set: 1.1ms
[2022-06-30T12:01:14.990+0000][6][gc,phases   ] GC(46)   Other: 0.1ms
[2022-06-30T12:01:14.990+0000][6][gc,age      ] GC(46) Age table with threshold 15 (max threshold 15)
[2022-06-30T12:01:14.990+0000][6][gc,age      ] GC(46) - age   1:     121896 bytes,     121896 total
[2022-06-30T12:01:14.990+0000][6][gc,age      ] GC(46) - age   2:       4648 bytes,     126544 total
[2022-06-30T12:01:14.990+0000][6][gc,age      ] GC(46) - age   3:      22432 bytes,     148976 total
[2022-06-30T12:01:14.990+0000][6][gc,age      ] GC(46) - age   4:      53280 bytes,     202256 total
[2022-06-30T12:01:14.990+0000][6][gc,age      ] GC(46) - age   5:      48928 bytes,     251184 total
[2022-06-30T12:01:14.990+0000][6][gc,age      ] GC(46) - age   6:      48344 bytes,     299528 total
[2022-06-30T12:01:14.990+0000][6][gc,age      ] GC(46) - age   7:       5120 bytes,     304648 total
[2022-06-30T12:01:14.990+0000][6][gc,age      ] GC(46) - age   8:       2920 bytes,     307568 total
[2022-06-30T12:01:14.990+0000][6][gc,age      ] GC(46) - age   9:       1512 bytes,     309080 total
[2022-06-30T12:01:14.990+0000][6][gc,heap     ] GC(46) Eden regions: 26->0(26)
[2022-06-30T12:01:14.990+0000][6][gc,heap     ] GC(46) Survivor regions: 1->1(4)
[2022-06-30T12:01:14.990+0000][6][gc,heap     ] GC(46) Old regions: 21->21
[2022-06-30T12:01:14.990+0000][6][gc,heap     ] GC(46) Archive regions: 2->2
[2022-06-30T12:01:14.990+0000][6][gc,heap     ] GC(46) Humongous regions: 2->2
[2022-06-30T12:01:14.990+0000][6][gc,metaspace] GC(46) Metaspace: 108588K(113408K)->108588K(113408K) NonClass: 93968K(96896K)->93968K(96896K) Class: 14620K(16512K)->14620K(16512K)
[2022-06-30T12:01:14.990+0000][6][gc          ] GC(46) Pause Young (Concurrent Start) (G1 Evacuation Pause) 199M->95M(256M) 5.556ms
[2022-06-30T12:01:14.990+0000][6][gc,cpu      ] GC(46) User=0.00s Sys=0.00s Real=0.01s
[2022-06-30T12:01:14.990+0000][6][safepoint   ] Safepoint "G1CollectForAllocation", Time since last: 6578518703 ns, Reaching safepoint: 153689 ns, At safepoint: 5619074 ns, Total: 5772763 ns
[2022-06-30T12:01:14.990+0000][6][gc          ] GC(47) Concurrent Mark Cycle
[2022-06-30T12:01:14.990+0000][6][gc,marking  ] GC(47) Concurrent Clear Claimed Marks
[2022-06-30T12:01:14.990+0000][6][gc,marking  ] GC(47) Concurrent Clear Claimed Marks 0.037ms
[2022-06-30T12:01:14.990+0000][6][gc,marking  ] GC(47) Concurrent Scan Root Regions
[2022-06-30T12:01:14.992+0000][6][gc,marking  ] GC(47) Concurrent Scan Root Regions 1.989ms
[2022-06-30T12:01:14.992+0000][6][gc,marking  ] GC(47) Concurrent Mark
[2022-06-30T12:01:14.992+0000][6][gc,marking  ] GC(47) Concurrent Mark From Roots
[2022-06-30T12:01:14.992+0000][6][gc,task     ] GC(47) Using 1 workers of 1 for marking
[2022-06-30T12:01:15.111+0000][6][gc,marking  ] GC(47) Concurrent Mark From Roots 118.796ms
[2022-06-30T12:01:15.111+0000][6][gc,marking  ] GC(47) Concurrent Preclean
[2022-06-30T12:01:15.111+0000][6][gc,marking  ] GC(47) Concurrent Preclean 0.133ms
[2022-06-30T12:01:15.112+0000][6][gc,start    ] GC(47) Pause Remark
[2022-06-30T12:01:15.126+0000][6][gc          ] GC(47) Pause Remark 97M->97M(256M) 14.012ms
[2022-06-30T12:01:15.126+0000][6][gc,cpu      ] GC(47) User=0.01s Sys=0.00s Real=0.01s
[2022-06-30T12:01:15.126+0000][6][safepoint   ] Safepoint "G1Concurrent", Time since last: 121132329 ns, Reaching safepoint: 24833 ns, At safepoint: 14067592 ns, Total: 14092425 ns
[2022-06-30T12:01:15.126+0000][6][gc,marking  ] GC(47) Concurrent Mark 133.140ms
[2022-06-30T12:01:15.126+0000][6][gc,marking  ] GC(47) Concurrent Rebuild Remembered Sets
[2022-06-30T12:01:15.191+0000][6][gc,marking  ] GC(47) Concurrent Rebuild Remembered Sets 65.776ms
[2022-06-30T12:01:15.191+0000][6][gc,start    ] GC(47) Pause Cleanup
[2022-06-30T12:01:15.192+0000][6][gc          ] GC(47) Pause Cleanup 97M->97M(256M) 0.050ms
[2022-06-30T12:01:15.192+0000][6][gc,cpu      ] GC(47) User=0.00s Sys=0.00s Real=0.00s
[2022-06-30T12:01:15.192+0000][6][safepoint   ] Safepoint "G1Concurrent", Time since last: 65865591 ns, Reaching safepoint: 23135 ns, At safepoint: 85913 ns, Total: 109048 ns
[2022-06-30T12:01:15.192+0000][6][gc,marking  ] GC(47) Concurrent Cleanup for Next Mark
[2022-06-30T12:01:15.192+0000][6][gc,marking  ] GC(47) Concurrent Cleanup for Next Mark 0.641ms
[2022-06-30T12:01:15.192+0000][6][gc          ] GC(47) Concurrent Mark Cycle 201.858ms
[2022-06-30T12:01:20.192+0000][6][safepoint   ] Safepoint "Cleanup", Time since last: 5000577685 ns, Reaching safepoint: 51324 ns, At safepoint: 4758 ns, Total: 56082 ns
[2022-06-30T12:01:24.193+0000][6][safepoint   ] Safepoint "Cleanup", Time since last: 4000532096 ns, Reaching safepoint: 36394 ns, At safepoint: 4504 ns, Total: 40898 ns
[2022-06-30T12:01:36.194+0000][6][safepoint   ] Safepoint "Cleanup", Time since last: 12001409239 ns, Reaching safepoint: 38390 ns, At safepoint: 4284 ns, Total: 42674 ns
[2022-06-30T12:01:47.195+0000][6][safepoint   ] Safepoint "Cleanup", Time since last: 11001077757 ns, Reaching safepoint: 39512 ns, At safepoint: 4140 ns, Total: 43652 ns
[2022-06-30T12:01:50.196+0000][6][safepoint   ] Safepoint "Cleanup", Time since last: 3000406754 ns, Reaching safepoint: 39163 ns, At safepoint: 4463 ns, Total: 43626 ns
[2022-06-30T12:01:53.197+0000][6][safepoint   ] Safepoint "Cleanup", Time since last: 3001575972 ns, Reaching safepoint: 52404 ns, At safepoint: 7016 ns, Total: 59420 ns
[2022-06-30T12:02:05.199+0000][6][safepoint   ] Safepoint "Cleanup", Time since last: 12001205314 ns, Reaching safepoint: 37864 ns, At safepoint: 4291 ns, Total: 42155 ns
[2022-06-30T12:02:20.200+0000][6][safepoint   ] Safepoint "Cleanup", Time since last: 15001683627 ns, Reaching safepoint: 35138 ns, At safepoint: 4514 ns, Total: 39652 ns
[2022-06-30T12:02:24.202+0000][6][safepoint   ] Safepoint "Cleanup", Time since last: 4001365820 ns, Reaching safepoint: 37095 ns, At safepoint: 4414 ns, Total: 41509 ns
[2022-06-30T12:02:25.202+0000][6][safepoint   ] Safepoint "Cleanup", Time since last: 1000159387 ns, Reaching safepoint: 41294 ns, At safepoint: 6232 ns, Total: 47526 ns
[2022-06-30T12:02:45.204+0000][6][safepoint   ] Safepoint "Cleanup", Time since last: 20001988931 ns, Reaching safepoint: 35471 ns, At safepoint: 4695 ns, Total: 40166 ns
[2022-06-30T12:02:46.204+0000][6][safepoint   ] Safepoint "Cleanup", Time since last: 1000146386 ns, Reaching safepoint: 35884 ns, At safepoint: 4402 ns, Total: 40286 ns
[2022-06-30T12:02:53.205+0000][6][safepoint   ] Safepoint "Cleanup", Time since last: 7000714908 ns, Reaching safepoint: 35734 ns, At safepoint: 4005 ns, Total: 39739 ns
[2022-06-30T12:03:21.208+0000][6][safepoint   ] Safepoint "Cleanup", Time since last: 28002671167 ns, Reaching safepoint: 35117 ns, At safepoint: 4666 ns, Total: 39783 ns
[2022-06-30T12:03:34.209+0000][6][safepoint   ] Safepoint "Cleanup", Time since last: 13001481604 ns, Reaching safepoint: 38879 ns, At safepoint: 4282 ns, Total: 43161 ns
[2022-06-30T12:03:36.210+0000][6][safepoint   ] Safepoint "Cleanup", Time since last: 2000391260 ns, Reaching safepoint: 66067 ns, At safepoint: 7379 ns, Total: 73446 ns
[2022-06-30T12:03:38.210+0000][6][safepoint   ] Safepoint "Cleanup", Time since last: 2000238210 ns, Reaching safepoint: 40771 ns, At safepoint: 4547 ns, Total: 45318 ns
[2022-06-30T12:03:49.211+0000][6][safepoint   ] Safepoint "Cleanup", Time since last: 11001247082 ns, Reaching safepoint: 41428 ns, At safepoint: 4512 ns, Total: 45940 ns
[2022-06-30T12:03:50.211+0000][6][safepoint   ] Safepoint "Cleanup", Time since last: 1000161276 ns, Reaching safepoint: 49046 ns, At safepoint: 4727 ns, Total: 53773 ns
[2022-06-30T12:03:57.212+0000][6][safepoint   ] Safepoint "Cleanup", Time since last: 7000718535 ns, Reaching safepoint: 42242 ns, At safepoint: 4327 ns, Total: 46569 ns
[2022-06-30T12:04:11.214+0000][6][safepoint   ] Safepoint "Cleanup", Time since last: 14001527766 ns, Reaching safepoint: 39364 ns, At safepoint: 4543 ns, Total: 43907 ns
[2022-06-30T12:04:19.265+0000][6][gc,start    ] GC(48) Pause Young (Normal) (G1 Evacuation Pause)
[2022-06-30T12:04:19.265+0000][6][gc,task     ] GC(48) Using 1 workers of 1 for evacuation
[2022-06-30T12:04:19.265+0000][6][gc,age      ] GC(48) Desired survivor size 8388608 bytes, new threshold 15 (max threshold 15)
[2022-06-30T12:04:19.270+0000][6][gc,phases   ] GC(48)   Pre Evacuate Collection Set: 0.0ms
[2022-06-30T12:04:19.270+0000][6][gc,phases   ] GC(48)   Merge Heap Roots: 0.1ms
[2022-06-30T12:04:19.270+0000][6][gc,phases   ] GC(48)   Evacuate Collection Set: 3.6ms
[2022-06-30T12:04:19.270+0000][6][gc,phases   ] GC(48)   Post Evacuate Collection Set: 1.0ms
[2022-06-30T12:04:19.270+0000][6][gc,phases   ] GC(48)   Other: 0.1ms
[2022-06-30T12:04:19.270+0000][6][gc,age      ] GC(48) Age table with threshold 15 (max threshold 15)
[2022-06-30T12:04:19.270+0000][6][gc,age      ] GC(48) - age   1:      32064 bytes,      32064 total
[2022-06-30T12:04:19.270+0000][6][gc,age      ] GC(48) - age   2:      56224 bytes,      88288 total
[2022-06-30T12:04:19.270+0000][6][gc,age      ] GC(48) - age   3:       4648 bytes,      92936 total
[2022-06-30T12:04:19.270+0000][6][gc,age      ] GC(48) - age   4:      22432 bytes,     115368 total
[2022-06-30T12:04:19.270+0000][6][gc,age      ] GC(48) - age   5:      53200 bytes,     168568 total
[2022-06-30T12:04:19.270+0000][6][gc,age      ] GC(48) - age   6:      48696 bytes,     217264 total
[2022-06-30T12:04:19.270+0000][6][gc,age      ] GC(48) - age   7:      45376 bytes,     262640 total
[2022-06-30T12:04:19.270+0000][6][gc,age      ] GC(48) - age   8:       5120 bytes,     267760 total
[2022-06-30T12:04:19.270+0000][6][gc,age      ] GC(48) - age   9:       2920 bytes,     270680 total
[2022-06-30T12:04:19.270+0000][6][gc,age      ] GC(48) - age  10:       1512 bytes,     272192 total
[2022-06-30T12:04:19.270+0000][6][gc,heap     ] GC(48) Eden regions: 26->0(27)
[2022-06-30T12:04:19.270+0000][6][gc,heap     ] GC(48) Survivor regions: 1->1(4)
[2022-06-30T12:04:19.270+0000][6][gc,heap     ] GC(48) Old regions: 21->21
[2022-06-30T12:04:19.270+0000][6][gc,heap     ] GC(48) Archive regions: 2->2
[2022-06-30T12:04:19.270+0000][6][gc,heap     ] GC(48) Humongous regions: 2->2
[2022-06-30T12:04:19.270+0000][6][gc,metaspace] GC(48) Metaspace: 108644K(113408K)->108644K(113408K) NonClass: 94019K(96896K)->94019K(96896K) Class: 14625K(16512K)->14625K(16512K)
[2022-06-30T12:04:19.271+0000][6][gc          ] GC(48) Pause Young (Normal) (G1 Evacuation Pause) 199M->95M(256M) 5.100ms
[2022-06-30T12:04:19.271+0000][6][gc,cpu      ] GC(48) User=0.01s Sys=0.00s Real=0.01s
[2022-06-30T12:04:19.271+0000][6][safepoint   ] Safepoint "G1CollectForAllocation", Time since last: 8051432840 ns, Reaching safepoint: 155061 ns, At safepoint: 5156574 ns, Total: 5311635 ns
[2022-06-30T12:04:20.271+0000][6][safepoint   ] Safepoint "Cleanup", Time since last: 1000097642 ns, Reaching safepoint: 36744 ns, At safepoint: 4380 ns, Total: 41124 ns
[2022-06-30T12:04:23.271+0000][6][safepoint   ] Safepoint "Cleanup", Time since last: 3000288195 ns, Reaching safepoint: 38697 ns, At safepoint: 4599 ns, Total: 43296 ns
[2022-06-30T12:04:50.274+0000][6][safepoint   ] Safepoint "Cleanup", Time since last: 27002974835 ns, Reaching safepoint: 60226 ns, At safepoint: 9296 ns, Total: 69522 ns
[2022-06-30T12:04:51.274+0000][6][safepoint   ] Safepoint "Cleanup", Time since last: 1000187845 ns, Reaching safepoint: 39262 ns, At safepoint: 4607 ns, Total: 43869 ns
[2022-06-30T12:05:10.276+0000][6][safepoint   ] Safepoint "Cleanup", Time since last: 19001943042 ns, Reaching safepoint: 41459 ns, At safepoint: 4631 ns, Total: 46090 ns
[2022-06-30T12:05:14.277+0000][6][safepoint   ] Safepoint "Cleanup", Time since last: 4000471161 ns, Reaching safepoint: 35708 ns, At safepoint: 4465 ns, Total: 40173 ns
[2022-06-30T12:05:20.277+0000][6][safepoint   ] Safepoint "Cleanup", Time since last: 6000591815 ns, Reaching safepoint: 43642 ns, At safepoint: 4340 ns, Total: 47982 ns
[2022-06-30T12:05:22.278+0000][6][safepoint   ] Safepoint "Cleanup", Time since last: 2000264094 ns, Reaching safepoint: 36849 ns, At safepoint: 4709 ns, Total: 41558 ns
[2022-06-30T12:05:23.278+0000][6][safepoint   ] Safepoint "Cleanup", Time since last: 1000142651 ns, Reaching safepoint: 38749 ns, At safepoint: 4800 ns, Total: 43549 ns
[2022-06-30T12:05:30.279+0000][6][safepoint   ] Safepoint "Cleanup", Time since last: 7000704161 ns, Reaching safepoint: 37708 ns, At safepoint: 4450 ns, Total: 42158 ns
[2022-06-30T12:05:41.281+0000][6][safepoint   ] Safepoint "Cleanup", Time since last: 11001864341 ns, Reaching safepoint: 49705 ns, At safepoint: 4792 ns, Total: 54497 ns
[2022-06-30T12:05:50.283+0000][6][safepoint   ] Safepoint "Cleanup", Time since last: 9002186268 ns, Reaching safepoint: 47420 ns, At safepoint: 4420 ns, Total: 51840 ns
[2022-06-30T12:06:09.299+0000][6][safepoint   ] Safepoint "Cleanup", Time since last: 19015680724 ns, Reaching safepoint: 43888 ns, At safepoint: 4241 ns, Total: 48129 ns
[2022-06-30T12:06:13.299+0000][6][safepoint   ] Safepoint "Cleanup", Time since last: 4000466932 ns, Reaching safepoint: 43403 ns, At safepoint: 4793 ns, Total: 48196 ns
[2022-06-30T12:06:14.299+0000][6][safepoint   ] Safepoint "Cleanup", Time since last: 1000150413 ns, Reaching safepoint: 49745 ns, At safepoint: 4298 ns, Total: 54043 ns
[2022-06-30T12:06:23.300+0000][6][safepoint   ] Safepoint "Cleanup", Time since last: 9000974441 ns, Reaching safepoint: 37243 ns, At safepoint: 4380 ns, Total: 41623 ns
[2022-06-30T12:06:39.302+0000][6][safepoint   ] Safepoint "Cleanup", Time since last: 16001606846 ns, Reaching safepoint: 49904 ns, At safepoint: 4635 ns, Total: 54539 ns
[2022-06-30T12:06:53.305+0000][6][safepoint   ] Safepoint "Cleanup", Time since last: 14002836517 ns, Reaching safepoint: 40508 ns, At safepoint: 4636 ns, Total: 45144 ns
[2022-06-30T12:07:07.306+0000][6][safepoint   ] Safepoint "Cleanup", Time since last: 14001583228 ns, Reaching safepoint: 42170 ns, At safepoint: 4797 ns, Total: 46967 ns
[2022-06-30T12:07:23.309+0000][6][safepoint   ] Safepoint "Cleanup", Time since last: 16001998847 ns, Reaching safepoint: 39999 ns, At safepoint: 4413 ns, Total: 44412 ns
[2022-06-30T12:07:24.309+0000][6][safepoint   ] Safepoint "Cleanup", Time since last: 1000163042 ns, Reaching safepoint: 40688 ns, At safepoint: 4980 ns, Total: 45668 ns
[2022-06-30T12:07:28.853+0000][6][gc,start    ] GC(49) Pause Young (Concurrent Start) (G1 Evacuation Pause)
[2022-06-30T12:07:28.853+0000][6][gc,task     ] GC(49) Using 1 workers of 1 for evacuation
[2022-06-30T12:07:28.853+0000][6][gc,age      ] GC(49) Desired survivor size 8388608 bytes, new threshold 15 (max threshold 15)
[2022-06-30T12:07:28.858+0000][6][gc,phases   ] GC(49)   Pre Evacuate Collection Set: 0.2ms
[2022-06-30T12:07:28.858+0000][6][gc,phases   ] GC(49)   Merge Heap Roots: 0.0ms
[2022-06-30T12:07:28.858+0000][6][gc,phases   ] GC(49)   Evacuate Collection Set: 3.7ms
[2022-06-30T12:07:28.858+0000][6][gc,phases   ] GC(49)   Post Evacuate Collection Set: 1.1ms
[2022-06-30T12:07:28.858+0000][6][gc,phases   ] GC(49)   Other: 0.1ms
[2022-06-30T12:07:28.858+0000][6][gc,age      ] GC(49) Age table with threshold 15 (max threshold 15)
[2022-06-30T12:07:28.858+0000][6][gc,age      ] GC(49) - age   1:      27632 bytes,      27632 total
[2022-06-30T12:07:28.858+0000][6][gc,age      ] GC(49) - age   2:      14688 bytes,      42320 total
[2022-06-30T12:07:28.858+0000][6][gc,age      ] GC(49) - age   3:      55752 bytes,      98072 total
[2022-06-30T12:07:28.858+0000][6][gc,age      ] GC(49) - age   4:       4648 bytes,     102720 total
[2022-06-30T12:07:28.858+0000][6][gc,age      ] GC(49) - age   5:      22432 bytes,     125152 total
[2022-06-30T12:07:28.858+0000][6][gc,age      ] GC(49) - age   6:      53200 bytes,     178352 total
[2022-06-30T12:07:28.858+0000][6][gc,age      ] GC(49) - age   7:      48696 bytes,     227048 total
[2022-06-30T12:07:28.858+0000][6][gc,age      ] GC(49) - age   8:      45024 bytes,     272072 total
[2022-06-30T12:07:28.858+0000][6][gc,age      ] GC(49) - age   9:       5120 bytes,     277192 total
[2022-06-30T12:07:28.858+0000][6][gc,age      ] GC(49) - age  10:       2920 bytes,     280112 total
[2022-06-30T12:07:28.858+0000][6][gc,age      ] GC(49) - age  11:       1512 bytes,     281624 total
[2022-06-30T12:07:28.858+0000][6][gc,heap     ] GC(49) Eden regions: 27->0(27)
[2022-06-30T12:07:28.858+0000][6][gc,heap     ] GC(49) Survivor regions: 1->1(4)
[2022-06-30T12:07:28.858+0000][6][gc,heap     ] GC(49) Old regions: 21->21
[2022-06-30T12:07:28.858+0000][6][gc,heap     ] GC(49) Archive regions: 2->2
[2022-06-30T12:07:28.858+0000][6][gc,heap     ] GC(49) Humongous regions: 2->2
[2022-06-30T12:07:28.858+0000][6][gc,metaspace] GC(49) Metaspace: 108669K(113408K)->108669K(113408K) NonClass: 94043K(96896K)->94043K(96896K) Class: 14625K(16512K)->14625K(16512K)
[2022-06-30T12:07:28.858+0000][6][gc          ] GC(49) Pause Young (Concurrent Start) (G1 Evacuation Pause) 203M->95M(256M) 5.491ms
[2022-06-30T12:07:28.858+0000][6][gc,cpu      ] GC(49) User=0.00s Sys=0.00s Real=0.01s
[2022-06-30T12:07:28.858+0000][6][safepoint   ] Safepoint "G1CollectForAllocation", Time since last: 4544009926 ns, Reaching safepoint: 154930 ns, At safepoint: 5547475 ns, Total: 5702405 ns
[2022-06-30T12:07:28.858+0000][6][gc          ] GC(50) Concurrent Mark Cycle
[2022-06-30T12:07:28.859+0000][6][gc,marking  ] GC(50) Concurrent Clear Claimed Marks
[2022-06-30T12:07:28.859+0000][6][gc,marking  ] GC(50) Concurrent Clear Claimed Marks 0.042ms
[2022-06-30T12:07:28.859+0000][6][gc,marking  ] GC(50) Concurrent Scan Root Regions
[2022-06-30T12:07:28.860+0000][6][gc,marking  ] GC(50) Concurrent Scan Root Regions 1.289ms
[2022-06-30T12:07:28.860+0000][6][gc,marking  ] GC(50) Concurrent Mark
[2022-06-30T12:07:28.860+0000][6][gc,marking  ] GC(50) Concurrent Mark From Roots
[2022-06-30T12:07:28.860+0000][6][gc,task     ] GC(50) Using 1 workers of 1 for marking
[2022-06-30T12:07:28.986+0000][6][gc,marking  ] GC(50) Concurrent Mark From Roots 125.964ms
[2022-06-30T12:07:28.986+0000][6][gc,marking  ] GC(50) Concurrent Preclean
[2022-06-30T12:07:28.986+0000][6][gc,marking  ] GC(50) Concurrent Preclean 0.145ms
[2022-06-30T12:07:28.986+0000][6][gc,start    ] GC(50) Pause Remark
[2022-06-30T12:07:29.001+0000][6][gc          ] GC(50) Pause Remark 96M->96M(256M) 15.064ms
[2022-06-30T12:07:29.001+0000][6][gc,cpu      ] GC(50) User=0.02s Sys=0.00s Real=0.02s
[2022-06-30T12:07:29.001+0000][6][safepoint   ] Safepoint "G1Concurrent", Time since last: 127700583 ns, Reaching safepoint: 38275 ns, At safepoint: 15155960 ns, Total: 15194235 ns
[2022-06-30T12:07:29.001+0000][6][gc,marking  ] GC(50) Concurrent Mark 141.424ms
[2022-06-30T12:07:29.001+0000][6][gc,marking  ] GC(50) Concurrent Rebuild Remembered Sets
[2022-06-30T12:07:29.073+0000][6][gc,marking  ] GC(50) Concurrent Rebuild Remembered Sets 71.776ms
[2022-06-30T12:07:29.073+0000][6][gc,start    ] GC(50) Pause Cleanup
[2022-06-30T12:07:29.073+0000][6][gc          ] GC(50) Pause Cleanup 96M->96M(256M) 0.051ms
[2022-06-30T12:07:29.073+0000][6][gc,cpu      ] GC(50) User=0.00s Sys=0.00s Real=0.00s
[2022-06-30T12:07:29.073+0000][6][safepoint   ] Safepoint "G1Concurrent", Time since last: 71875674 ns, Reaching safepoint: 23245 ns, At safepoint: 91331 ns, Total: 114576 ns
[2022-06-30T12:07:29.073+0000][6][gc,marking  ] GC(50) Concurrent Cleanup for Next Mark
[2022-06-30T12:07:29.074+0000][6][gc,marking  ] GC(50) Concurrent Cleanup for Next Mark 0.667ms
[2022-06-30T12:07:29.074+0000][6][gc          ] GC(50) Concurrent Mark Cycle 215.568ms
[2022-06-30T12:07:53.076+0000][6][safepoint   ] Safepoint "Cleanup", Time since last: 24002267296 ns, Reaching safepoint: 36086 ns, At safepoint: 4220 ns, Total: 40306 ns
[2022-06-30T12:07:57.076+0000][6][safepoint   ] Safepoint "Cleanup", Time since last: 4000427560 ns, Reaching safepoint: 35495 ns, At safepoint: 4600 ns, Total: 40095 ns
[2022-06-30T12:08:16.078+0000][6][safepoint   ] Safepoint "Cleanup", Time since last: 19001972898 ns, Reaching safepoint: 39910 ns, At safepoint: 4407 ns, Total: 44317 ns
[2022-06-30T12:08:19.079+0000][6][safepoint   ] Safepoint "Cleanup", Time since last: 3000478148 ns, Reaching safepoint: 38988 ns, At safepoint: 4809 ns, Total: 43797 ns
[2022-06-30T12:08:29.080+0000][6][safepoint   ] Safepoint "Cleanup", Time since last: 10001301764 ns, Reaching safepoint: 38263 ns, At safepoint: 4296 ns, Total: 42559 ns
[2022-06-30T12:08:36.081+0000][6][safepoint   ] Safepoint "Cleanup", Time since last: 7000812168 ns, Reaching safepoint: 67083 ns, At safepoint: 5299 ns, Total: 72382 ns
[2022-06-30T12:08:44.082+0000][6][safepoint   ] Safepoint "Cleanup", Time since last: 8000966539 ns, Reaching safepoint: 38294 ns, At safepoint: 4266 ns, Total: 42560 ns
[2022-06-30T12:08:50.083+0000][6][safepoint   ] Safepoint "Cleanup", Time since last: 6000669642 ns, Reaching safepoint: 36872 ns, At safepoint: 4835 ns, Total: 41707 ns
[2022-06-30T12:08:51.083+0000][6][safepoint   ] Safepoint "Cleanup", Time since last: 1000207805 ns, Reaching safepoint: 42051 ns, At safepoint: 5049 ns, Total: 47100 ns
[2022-06-30T12:08:55.083+0000][6][safepoint   ] Safepoint "Cleanup", Time since last: 4000538416 ns, Reaching safepoint: 44557 ns, At safepoint: 4934 ns, Total: 49491 ns
[2022-06-30T12:08:59.084+0000][6][safepoint   ] Safepoint "Cleanup", Time since last: 4000483890 ns, Reaching safepoint: 38218 ns, At safepoint: 4635 ns, Total: 42853 ns
[2022-06-30T12:09:11.085+0000][6][safepoint   ] Safepoint "Cleanup", Time since last: 12001398742 ns, Reaching safepoint: 38534 ns, At safepoint: 4811 ns, Total: 43345 ns
[2022-06-30T12:09:20.087+0000][6][safepoint   ] Safepoint "Cleanup", Time since last: 9001081930 ns, Reaching safepoint: 37030 ns, At safepoint: 4682 ns, Total: 41712 ns
[2022-06-30T12:09:33.088+0000][6][safepoint   ] Safepoint "Cleanup", Time since last: 13001411427 ns, Reaching safepoint: 38030 ns, At safepoint: 4515 ns, Total: 42545 ns
[2022-06-30T12:09:50.090+0000][6][safepoint   ] Safepoint "Cleanup", Time since last: 17001938029 ns, Reaching safepoint: 38359 ns, At safepoint: 4758 ns, Total: 43117 ns
[2022-06-30T12:09:53.090+0000][6][safepoint   ] Safepoint "Cleanup", Time since last: 3000392035 ns, Reaching safepoint: 50170 ns, At safepoint: 5065 ns, Total: 55235 ns
[2022-06-30T12:10:17.093+0000][6][safepoint   ] Safepoint "Cleanup", Time since last: 24002657119 ns, Reaching safepoint: 37916 ns, At safepoint: 26825 ns, Total: 64741 ns
[2022-06-30T12:10:20.094+0000][6][safepoint   ] Safepoint "Cleanup", Time since last: 3000358634 ns, Reaching safepoint: 37970 ns, At safepoint: 4978 ns, Total: 42948 ns
[2022-06-30T12:10:42.019+0000][6][gc,start    ] GC(51) Pause Young (Normal) (G1 Evacuation Pause)
[2022-06-30T12:10:42.019+0000][6][gc,task     ] GC(51) Using 1 workers of 1 for evacuation
[2022-06-30T12:10:42.019+0000][6][gc,age      ] GC(51) Desired survivor size 8388608 bytes, new threshold 15 (max threshold 15)
[2022-06-30T12:10:42.024+0000][6][gc,phases   ] GC(51)   Pre Evacuate Collection Set: 0.0ms
[2022-06-30T12:10:42.024+0000][6][gc,phases   ] GC(51)   Merge Heap Roots: 0.1ms
[2022-06-30T12:10:42.024+0000][6][gc,phases   ] GC(51)   Evacuate Collection Set: 3.6ms
[2022-06-30T12:10:42.024+0000][6][gc,phases   ] GC(51)   Post Evacuate Collection Set: 1.0ms
[2022-06-30T12:10:42.024+0000][6][gc,phases   ] GC(51)   Other: 0.1ms
[2022-06-30T12:10:42.024+0000][6][gc,age      ] GC(51) Age table with threshold 15 (max threshold 15)
[2022-06-30T12:10:42.024+0000][6][gc,age      ] GC(51) - age   1:      74984 bytes,      74984 total
[2022-06-30T12:10:42.024+0000][6][gc,age      ] GC(51) - age   2:      14904 bytes,      89888 total
[2022-06-30T12:10:42.024+0000][6][gc,age      ] GC(51) - age   3:      14344 bytes,     104232 total
[2022-06-30T12:10:42.024+0000][6][gc,age      ] GC(51) - age   4:      51408 bytes,     155640 total
[2022-06-30T12:10:42.024+0000][6][gc,age      ] GC(51) - age   5:       4648 bytes,     160288 total
[2022-06-30T12:10:42.024+0000][6][gc,age      ] GC(51) - age   6:      22432 bytes,     182720 total
[2022-06-30T12:10:42.024+0000][6][gc,age      ] GC(51) - age   7:      53160 bytes,     235880 total
[2022-06-30T12:10:42.024+0000][6][gc,age      ] GC(51) - age   8:      48696 bytes,     284576 total
[2022-06-30T12:10:42.024+0000][6][gc,age      ] GC(51) - age   9:      45024 bytes,     329600 total
[2022-06-30T12:10:42.024+0000][6][gc,age      ] GC(51) - age  10:       5120 bytes,     334720 total
[2022-06-30T12:10:42.024+0000][6][gc,age      ] GC(51) - age  11:       2920 bytes,     337640 total
[2022-06-30T12:10:42.024+0000][6][gc,age      ] GC(51) - age  12:       1512 bytes,     339152 total
[2022-06-30T12:10:42.024+0000][6][gc,heap     ] GC(51) Eden regions: 27->0(27)
[2022-06-30T12:10:42.024+0000][6][gc,heap     ] GC(51) Survivor regions: 1->1(4)
[2022-06-30T12:10:42.024+0000][6][gc,heap     ] GC(51) Old regions: 21->21
[2022-06-30T12:10:42.024+0000][6][gc,heap     ] GC(51) Archive regions: 2->2
[2022-06-30T12:10:42.024+0000][6][gc,heap     ] GC(51) Humongous regions: 2->2
[2022-06-30T12:10:42.024+0000][6][gc,metaspace] GC(51) Metaspace: 108730K(113408K)->108730K(113408K) NonClass: 94104K(96896K)->94104K(96896K) Class: 14625K(16512K)->14625K(16512K)
[2022-06-30T12:10:42.024+0000][6][gc          ] GC(51) Pause Young (Normal) (G1 Evacuation Pause) 203M->95M(256M) 5.087ms
[2022-06-30T12:10:42.024+0000][6][gc,cpu      ] GC(51) User=0.00s Sys=0.00s Real=0.00s
[2022-06-30T12:10:42.024+0000][6][safepoint   ] Safepoint "G1CollectForAllocation", Time since last: 21925638887 ns, Reaching safepoint: 154755 ns, At safepoint: 5139756 ns, Total: 5294511 ns
[2022-06-30T12:10:51.026+0000][6][safepoint   ] Safepoint "Cleanup", Time since last: 9000972478 ns, Reaching safepoint: 54013 ns, At safepoint: 9726 ns, Total: 63739 ns
[2022-06-30T12:10:53.026+0000][6][safepoint   ] Safepoint "Cleanup", Time since last: 2000389111 ns, Reaching safepoint: 30179 ns, At safepoint: 4056 ns, Total: 34235 ns
[2022-06-30T12:10:54.026+0000][6][safepoint   ] Safepoint "Cleanup", Time since last: 1000409433 ns, Reaching safepoint: 35549 ns, At safepoint: 4513 ns, Total: 40062 ns
[2022-06-30T12:10:57.027+0000][6][safepoint   ] Safepoint "Cleanup", Time since last: 3000354195 ns, Reaching safepoint: 50144 ns, At safepoint: 4220 ns, Total: 54364 ns
[2022-06-30T12:11:08.028+0000][6][safepoint   ] Safepoint "Cleanup", Time since last: 11001491053 ns, Reaching safepoint: 39099 ns, At safepoint: 4757 ns, Total: 43856 ns
[2022-06-30T12:11:16.029+0000][6][safepoint   ] Safepoint "Cleanup", Time since last: 8000878208 ns, Reaching safepoint: 44615 ns, At safepoint: 4872 ns, Total: 49487 ns
[2022-06-30T12:11:43.032+0000][6][safepoint   ] Safepoint "Cleanup", Time since last: 27002661329 ns, Reaching safepoint: 39726 ns, At safepoint: 5032 ns, Total: 44758 ns
[2022-06-30T12:11:45.032+0000][6][safepoint   ] Safepoint "Cleanup", Time since last: 2000329535 ns, Reaching safepoint: 42146 ns, At safepoint: 4987 ns, Total: 47133 ns
[2022-06-30T12:11:47.033+0000][6][safepoint   ] Safepoint "Cleanup", Time since last: 2000297740 ns, Reaching safepoint: 58073 ns, At safepoint: 9230 ns, Total: 67303 ns
[2022-06-30T12:11:50.033+0000][6][safepoint   ] Safepoint "Cleanup", Time since last: 3000413256 ns, Reaching safepoint: 39268 ns, At safepoint: 4813 ns, Total: 44081 ns
[2022-06-30T12:11:55.034+0000][6][safepoint   ] Safepoint "Cleanup", Time since last: 5000591083 ns, Reaching safepoint: 38588 ns, At safepoint: 5068 ns, Total: 43656 ns
[2022-06-30T12:12:11.036+0000][6][safepoint   ] Safepoint "Cleanup", Time since last: 16002029502 ns, Reaching safepoint: 38010 ns, At safepoint: 4189 ns, Total: 42199 ns
[2022-06-30T12:12:50.043+0000][6][safepoint   ] Safepoint "Cleanup", Time since last: 39007321720 ns, Reaching safepoint: 155627 ns, At safepoint: 8241 ns, Total: 163868 ns
[2022-06-30T12:13:21.047+0000][6][safepoint   ] Safepoint "Cleanup", Time since last: 31003182909 ns, Reaching safepoint: 39727 ns, At safepoint: 4617 ns, Total: 44344 ns
[2022-06-30T12:13:23.047+0000][6][safepoint   ] Safepoint "Cleanup", Time since last: 2000261457 ns, Reaching safepoint: 52333 ns, At safepoint: 5432 ns, Total: 57765 ns
[2022-06-30T12:13:25.047+0000][6][safepoint   ] Safepoint "Cleanup", Time since last: 2000253640 ns, Reaching safepoint: 43992 ns, At safepoint: 5133 ns, Total: 49125 ns
[2022-06-30T12:13:49.164+0000][6][gc,start    ] GC(52) Pause Young (Concurrent Start) (G1 Evacuation Pause)
[2022-06-30T12:13:49.164+0000][6][gc,task     ] GC(52) Using 1 workers of 1 for evacuation
[2022-06-30T12:13:49.164+0000][6][gc,age      ] GC(52) Desired survivor size 8388608 bytes, new threshold 15 (max threshold 15)
[2022-06-30T12:13:49.168+0000][6][gc,phases   ] GC(52)   Pre Evacuate Collection Set: 0.2ms
[2022-06-30T12:13:49.168+0000][6][gc,phases   ] GC(52)   Merge Heap Roots: 0.0ms
[2022-06-30T12:13:49.168+0000][6][gc,phases   ] GC(52)   Evacuate Collection Set: 3.3ms
[2022-06-30T12:13:49.168+0000][6][gc,phases   ] GC(52)   Post Evacuate Collection Set: 1.0ms
[2022-06-30T12:13:49.168+0000][6][gc,phases   ] GC(52)   Other: 0.1ms
[2022-06-30T12:13:49.168+0000][6][gc,age      ] GC(52) Age table with threshold 15 (max threshold 15)
[2022-06-30T12:13:49.168+0000][6][gc,age      ] GC(52) - age   1:      17944 bytes,      17944 total
[2022-06-30T12:13:49.168+0000][6][gc,age      ] GC(52) - age   2:       7000 bytes,      24944 total
[2022-06-30T12:13:49.168+0000][6][gc,age      ] GC(52) - age   3:      14704 bytes,      39648 total
[2022-06-30T12:13:49.168+0000][6][gc,age      ] GC(52) - age   4:      14344 bytes,      53992 total
[2022-06-30T12:13:49.168+0000][6][gc,age      ] GC(52) - age   5:      51408 bytes,     105400 total
[2022-06-30T12:13:49.168+0000][6][gc,age      ] GC(52) - age   6:       4648 bytes,     110048 total
[2022-06-30T12:13:49.168+0000][6][gc,age      ] GC(52) - age   7:      22432 bytes,     132480 total
[2022-06-30T12:13:49.168+0000][6][gc,age      ] GC(52) - age   8:      53160 bytes,     185640 total
[2022-06-30T12:13:49.168+0000][6][gc,age      ] GC(52) - age   9:      48696 bytes,     234336 total
[2022-06-30T12:13:49.168+0000][6][gc,age      ] GC(52) - age  10:      45024 bytes,     279360 total
[2022-06-30T12:13:49.168+0000][6][gc,age      ] GC(52) - age  11:       5120 bytes,     284480 total
[2022-06-30T12:13:49.168+0000][6][gc,age      ] GC(52) - age  12:       2920 bytes,     287400 total
[2022-06-30T12:13:49.168+0000][6][gc,age      ] GC(52) - age  13:       1512 bytes,     288912 total
[2022-06-30T12:13:49.168+0000][6][gc,heap     ] GC(52) Eden regions: 27->0(27)
[2022-06-30T12:13:49.168+0000][6][gc,heap     ] GC(52) Survivor regions: 1->1(4)
[2022-06-30T12:13:49.168+0000][6][gc,heap     ] GC(52) Old regions: 21->21
[2022-06-30T12:13:49.168+0000][6][gc,heap     ] GC(52) Archive regions: 2->2
[2022-06-30T12:13:49.168+0000][6][gc,heap     ] GC(52) Humongous regions: 2->2
[2022-06-30T12:13:49.168+0000][6][gc,metaspace] GC(52) Metaspace: 108743K(113408K)->108743K(113408K) NonClass: 94117K(96896K)->94117K(96896K) Class: 14625K(16512K)->14625K(16512K)
[2022-06-30T12:13:49.168+0000][6][gc          ] GC(52) Pause Young (Concurrent Start) (G1 Evacuation Pause) 203M->95M(256M) 4.946ms
[2022-06-30T12:13:49.168+0000][6][gc,cpu      ] GC(52) User=0.00s Sys=0.00s Real=0.01s
[2022-06-30T12:13:49.169+0000][6][safepoint   ] Safepoint "G1CollectForAllocation", Time since last: 24116148277 ns, Reaching safepoint: 164226 ns, At safepoint: 5009981 ns, Total: 5174207 ns
[2022-06-30T12:13:49.169+0000][6][gc          ] GC(53) Concurrent Mark Cycle
[2022-06-30T12:13:49.169+0000][6][gc,marking  ] GC(53) Concurrent Clear Claimed Marks
[2022-06-30T12:13:49.169+0000][6][gc,marking  ] GC(53) Concurrent Clear Claimed Marks 0.041ms
[2022-06-30T12:13:49.169+0000][6][gc,marking  ] GC(53) Concurrent Scan Root Regions
[2022-06-30T12:13:49.170+0000][6][gc,marking  ] GC(53) Concurrent Scan Root Regions 1.335ms
[2022-06-30T12:13:49.170+0000][6][gc,marking  ] GC(53) Concurrent Mark
[2022-06-30T12:13:49.170+0000][6][gc,marking  ] GC(53) Concurrent Mark From Roots
[2022-06-30T12:13:49.170+0000][6][gc,task     ] GC(53) Using 1 workers of 1 for marking
[2022-06-30T12:13:49.289+0000][6][gc,marking  ] GC(53) Concurrent Mark From Roots 118.579ms
[2022-06-30T12:13:49.289+0000][6][gc,marking  ] GC(53) Concurrent Preclean
[2022-06-30T12:13:49.289+0000][6][gc,marking  ] GC(53) Concurrent Preclean 0.133ms
[2022-06-30T12:13:49.289+0000][6][gc,start    ] GC(53) Pause Remark
[2022-06-30T12:13:49.303+0000][6][gc          ] GC(53) Pause Remark 97M->97M(256M) 14.605ms
[2022-06-30T12:13:49.303+0000][6][gc,cpu      ] GC(53) User=0.02s Sys=0.00s Real=0.01s
[2022-06-30T12:13:49.303+0000][6][safepoint   ] Safepoint "G1Concurrent", Time since last: 120243561 ns, Reaching safepoint: 25852 ns, At safepoint: 14671625 ns, Total: 14697477 ns
[2022-06-30T12:13:49.303+0000][6][gc,marking  ] GC(53) Concurrent Mark 133.512ms
[2022-06-30T12:13:49.303+0000][6][gc,marking  ] GC(53) Concurrent Rebuild Remembered Sets
[2022-06-30T12:13:49.369+0000][6][gc,marking  ] GC(53) Concurrent Rebuild Remembered Sets 65.299ms
[2022-06-30T12:13:49.369+0000][6][gc,start    ] GC(53) Pause Cleanup
[2022-06-30T12:13:49.369+0000][6][gc          ] GC(53) Pause Cleanup 97M->97M(256M) 0.051ms
[2022-06-30T12:13:49.369+0000][6][gc,cpu      ] GC(53) User=0.00s Sys=0.00s Real=0.00s
[2022-06-30T12:13:49.369+0000][6][safepoint   ] Safepoint "G1Concurrent", Time since last: 65392610 ns, Reaching safepoint: 23953 ns, At safepoint: 87852 ns, Total: 111805 ns
[2022-06-30T12:13:49.369+0000][6][gc,marking  ] GC(53) Concurrent Cleanup for Next Mark
[2022-06-30T12:13:49.370+0000][6][gc,marking  ] GC(53) Concurrent Cleanup for Next Mark 0.668ms
[2022-06-30T12:13:49.370+0000][6][gc          ] GC(53) Concurrent Mark Cycle 201.108ms
[2022-06-30T12:13:54.370+0000][6][safepoint   ] Safepoint "Cleanup", Time since last: 5000560743 ns, Reaching safepoint: 62599 ns, At safepoint: 4981 ns, Total: 67580 ns
[2022-06-30T12:14:15.372+0000][6][safepoint   ] Safepoint "Cleanup", Time since last: 21002426098 ns, Reaching safepoint: 42728 ns, At safepoint: 4767 ns, Total: 47495 ns
[2022-06-30T12:14:20.373+0000][6][safepoint   ] Safepoint "Cleanup", Time since last: 5000519552 ns, Reaching safepoint: 40763 ns, At safepoint: 4591 ns, Total: 45354 ns
[2022-06-30T12:14:22.374+0000][6][safepoint   ] Safepoint "Cleanup", Time since last: 2001300506 ns, Reaching safepoint: 34894 ns, At safepoint: 4058 ns, Total: 38952 ns
[2022-06-30T12:14:38.376+0000][6][safepoint   ] Safepoint "Cleanup", Time since last: 16001820924 ns, Reaching safepoint: 39085 ns, At safepoint: 4563 ns, Total: 43648 ns
[2022-06-30T12:14:39.376+0000][6][safepoint   ] Safepoint "Cleanup", Time since last: 1000137804 ns, Reaching safepoint: 39939 ns, At safepoint: 4538 ns, Total: 44477 ns
[2022-06-30T12:14:48.377+0000][6][safepoint   ] Safepoint "Cleanup", Time since last: 9000948082 ns, Reaching safepoint: 42173 ns, At safepoint: 4494 ns, Total: 46667 ns
[2022-06-30T12:14:50.377+0000][6][safepoint   ] Safepoint "Cleanup", Time since last: 2000276289 ns, Reaching safepoint: 36452 ns, At safepoint: 4469 ns, Total: 40921 ns
[2022-06-30T12:15:09.379+0000][6][safepoint   ] Safepoint "Cleanup", Time since last: 19001925681 ns, Reaching safepoint: 43417 ns, At safepoint: 4504 ns, Total: 47921 ns
[2022-06-30T12:15:22.381+0000][6][safepoint   ] Safepoint "Cleanup", Time since last: 13001465281 ns, Reaching safepoint: 33717 ns, At safepoint: 4106 ns, Total: 37823 ns
[2022-06-30T12:15:23.381+0000][6][safepoint   ] Safepoint "Cleanup", Time since last: 1000182483 ns, Reaching safepoint: 54670 ns, At safepoint: 4193 ns, Total: 58863 ns
[2022-06-30T12:15:41.383+0000][6][safepoint   ] Safepoint "Cleanup", Time since last: 18001820797 ns, Reaching safepoint: 32510 ns, At safepoint: 4520 ns, Total: 37030 ns
[2022-06-30T12:15:50.384+0000][6][safepoint   ] Safepoint "Cleanup", Time since last: 9000946522 ns, Reaching safepoint: 35840 ns, At safepoint: 4341 ns, Total: 40181 ns
[2022-06-30T12:15:53.384+0000][6][safepoint   ] Safepoint "Cleanup", Time since last: 3000360744 ns, Reaching safepoint: 64625 ns, At safepoint: 7106 ns, Total: 71731 ns
[2022-06-30T12:16:20.387+0000][6][safepoint   ] Safepoint "Cleanup", Time since last: 27002662350 ns, Reaching safepoint: 45082 ns, At safepoint: 4695 ns, Total: 49777 ns
[2022-06-30T12:16:23.387+0000][6][safepoint   ] Safepoint "Cleanup", Time since last: 3000362267 ns, Reaching safepoint: 38928 ns, At safepoint: 4294 ns, Total: 43222 ns
[2022-06-30T12:16:38.389+0000][6][safepoint   ] Safepoint "Cleanup", Time since last: 15001550857 ns, Reaching safepoint: 40949 ns, At safepoint: 4729 ns, Total: 45678 ns
[2022-06-30T12:16:47.390+0000][6][safepoint   ] Safepoint "Cleanup", Time since last: 9001064942 ns, Reaching safepoint: 39444 ns, At safepoint: 4455 ns, Total: 43899 ns
[2022-06-30T12:16:50.391+0000][6][safepoint   ] Safepoint "Cleanup", Time since last: 3000376416 ns, Reaching safepoint: 50368 ns, At safepoint: 4238 ns, Total: 54606 ns
[2022-06-30T12:16:52.393+0000][6][safepoint   ] Safepoint "Cleanup", Time since last: 2002084555 ns, Reaching safepoint: 170590 ns, At safepoint: 7866 ns, Total: 178456 ns
[2022-06-30T12:16:59.975+0000][6][gc,start    ] GC(54) Pause Young (Normal) (G1 Evacuation Pause)
[2022-06-30T12:16:59.975+0000][6][gc,task     ] GC(54) Using 1 workers of 1 for evacuation
[2022-06-30T12:16:59.975+0000][6][gc,age      ] GC(54) Desired survivor size 8388608 bytes, new threshold 15 (max threshold 15)
[2022-06-30T12:16:59.980+0000][6][gc,phases   ] GC(54)   Pre Evacuate Collection Set: 0.0ms
[2022-06-30T12:16:59.980+0000][6][gc,phases   ] GC(54)   Merge Heap Roots: 0.1ms
[2022-06-30T12:16:59.980+0000][6][gc,phases   ] GC(54)   Evacuate Collection Set: 3.8ms
[2022-06-30T12:16:59.980+0000][6][gc,phases   ] GC(54)   Post Evacuate Collection Set: 1.0ms
[2022-06-30T12:16:59.980+0000][6][gc,phases   ] GC(54)   Other: 0.1ms
[2022-06-30T12:16:59.980+0000][6][gc,age      ] GC(54) Age table with threshold 15 (max threshold 15)
[2022-06-30T12:16:59.980+0000][6][gc,age      ] GC(54) - age   1:      31208 bytes,      31208 total
[2022-06-30T12:16:59.980+0000][6][gc,age      ] GC(54) - age   2:       4952 bytes,      36160 total
[2022-06-30T12:16:59.980+0000][6][gc,age      ] GC(54) - age   3:       7000 bytes,      43160 total
[2022-06-30T12:16:59.980+0000][6][gc,age      ] GC(54) - age   4:      14704 bytes,      57864 total
[2022-06-30T12:16:59.980+0000][6][gc,age      ] GC(54) - age   5:      14344 bytes,      72208 total
[2022-06-30T12:16:59.980+0000][6][gc,age      ] GC(54) - age   6:      51408 bytes,     123616 total
[2022-06-30T12:16:59.980+0000][6][gc,age      ] GC(54) - age   7:       4648 bytes,     128264 total
[2022-06-30T12:16:59.980+0000][6][gc,age      ] GC(54) - age   8:      22432 bytes,     150696 total
[2022-06-30T12:16:59.980+0000][6][gc,age      ] GC(54) - age   9:      53160 bytes,     203856 total
[2022-06-30T12:16:59.980+0000][6][gc,age      ] GC(54) - age  10:      48696 bytes,     252552 total
[2022-06-30T12:16:59.980+0000][6][gc,age      ] GC(54) - age  11:      45024 bytes,     297576 total
[2022-06-30T12:16:59.980+0000][6][gc,age      ] GC(54) - age  12:       5120 bytes,     302696 total
[2022-06-30T12:16:59.980+0000][6][gc,age      ] GC(54) - age  13:       2920 bytes,     305616 total
[2022-06-30T12:16:59.980+0000][6][gc,age      ] GC(54) - age  14:       1512 bytes,     307128 total
[2022-06-30T12:16:59.980+0000][6][gc,heap     ] GC(54) Eden regions: 27->0(27)
[2022-06-30T12:16:59.980+0000][6][gc,heap     ] GC(54) Survivor regions: 1->1(4)
[2022-06-30T12:16:59.980+0000][6][gc,heap     ] GC(54) Old regions: 21->21
[2022-06-30T12:16:59.980+0000][6][gc,heap     ] GC(54) Archive regions: 2->2
[2022-06-30T12:16:59.980+0000][6][gc,heap     ] GC(54) Humongous regions: 2->2
[2022-06-30T12:16:59.980+0000][6][gc,metaspace] GC(54) Metaspace: 108771K(113408K)->108771K(113408K) NonClass: 94145K(96896K)->94145K(96896K) Class: 14625K(16512K)->14625K(16512K)
[2022-06-30T12:16:59.980+0000][6][gc          ] GC(54) Pause Young (Normal) (G1 Evacuation Pause) 203M->95M(256M) 5.220ms
[2022-06-30T12:16:59.980+0000][6][gc,cpu      ] GC(54) User=0.00s Sys=0.00s Real=0.00s
[2022-06-30T12:16:59.980+0000][6][safepoint   ] Safepoint "G1CollectForAllocation", Time since last: 7582226234 ns, Reaching safepoint: 27311 ns, At safepoint: 5274173 ns, Total: 5301484 ns
[2022-06-30T12:17:00.981+0000][6][safepoint   ] Safepoint "Cleanup", Time since last: 1000110354 ns, Reaching safepoint: 40452 ns, At safepoint: 4672 ns, Total: 45124 ns
[2022-06-30T12:17:20.983+0000][6][safepoint   ] Safepoint "Cleanup", Time since last: 20002109420 ns, Reaching safepoint: 43481 ns, At safepoint: 5363 ns, Total: 48844 ns
[2022-06-30T12:17:22.983+0000][6][safepoint   ] Safepoint "Cleanup", Time since last: 2000305472 ns, Reaching safepoint: 58971 ns, At safepoint: 9103 ns, Total: 68074 ns
[2022-06-30T12:17:50.987+0000][6][safepoint   ] Safepoint "Cleanup", Time since last: 28003587931 ns, Reaching safepoint: 41386 ns, At safepoint: 4435 ns, Total: 45821 ns
[2022-06-30T12:18:46.994+0000][6][safepoint   ] Safepoint "Cleanup", Time since last: 56007317994 ns, Reaching safepoint: 43287 ns, At safepoint: 4724 ns, Total: 48011 ns
[2022-06-30T12:18:49.994+0000][6][safepoint   ] Safepoint "Cleanup", Time since last: 3000334286 ns, Reaching safepoint: 44877 ns, At safepoint: 4656 ns, Total: 49533 ns
[2022-06-30T12:18:50.995+0000][6][safepoint   ] Safepoint "Cleanup", Time since last: 1000103231 ns, Reaching safepoint: 37031 ns, At safepoint: 4732 ns, Total: 41763 ns
[2022-06-30T12:18:51.995+0000][6][safepoint   ] Safepoint "Cleanup", Time since last: 1000120610 ns, Reaching safepoint: 49443 ns, At safepoint: 4683 ns, Total: 54126 ns
[2022-06-30T12:19:01.996+0000][6][safepoint   ] Safepoint "Cleanup", Time since last: 10001211651 ns, Reaching safepoint: 39654 ns, At safepoint: 4822 ns, Total: 44476 ns
[2022-06-30T12:19:03.996+0000][6][safepoint   ] Safepoint "Cleanup", Time since last: 2000280765 ns, Reaching safepoint: 41245 ns, At safepoint: 4414 ns, Total: 45659 ns
[2022-06-30T12:19:22.998+0000][6][safepoint   ] Safepoint "Cleanup", Time since last: 19001922167 ns, Reaching safepoint: 41082 ns, At safepoint: 4548 ns, Total: 45630 ns
[2022-06-30T12:19:40.000+0000][6][safepoint   ] Safepoint "Cleanup", Time since last: 17001695423 ns, Reaching safepoint: 39398 ns, At safepoint: 4295 ns, Total: 43693 ns
[2022-06-30T12:19:51.002+0000][6][safepoint   ] Safepoint "Cleanup", Time since last: 11001668463 ns, Reaching safepoint: 40020 ns, At safepoint: 4965 ns, Total: 44985 ns
[2022-06-30T12:19:52.002+0000][6][safepoint   ] Safepoint "Cleanup", Time since last: 1000139294 ns, Reaching safepoint: 37912 ns, At safepoint: 4798 ns, Total: 42710 ns
[2022-06-30T12:20:11.033+0000][6][gc,start    ] GC(55) Pause Young (Concurrent Start) (G1 Evacuation Pause)
[2022-06-30T12:20:11.033+0000][6][gc,task     ] GC(55) Using 1 workers of 1 for evacuation
[2022-06-30T12:20:11.033+0000][6][gc,age      ] GC(55) Desired survivor size 8388608 bytes, new threshold 15 (max threshold 15)
[2022-06-30T12:20:11.038+0000][6][gc,phases   ] GC(55)   Pre Evacuate Collection Set: 0.2ms
[2022-06-30T12:20:11.038+0000][6][gc,phases   ] GC(55)   Merge Heap Roots: 0.0ms
[2022-06-30T12:20:11.038+0000][6][gc,phases   ] GC(55)   Evacuate Collection Set: 3.5ms
[2022-06-30T12:20:11.038+0000][6][gc,phases   ] GC(55)   Post Evacuate Collection Set: 1.3ms
[2022-06-30T12:20:11.038+0000][6][gc,phases   ] GC(55)   Other: 0.1ms
[2022-06-30T12:20:11.038+0000][6][gc,age      ] GC(55) Age table with threshold 15 (max threshold 15)
[2022-06-30T12:20:11.038+0000][6][gc,age      ] GC(55) - age   1:      57944 bytes,      57944 total
[2022-06-30T12:20:11.038+0000][6][gc,age      ] GC(55) - age   2:      18632 bytes,      76576 total
[2022-06-30T12:20:11.038+0000][6][gc,age      ] GC(55) - age   3:       4952 bytes,      81528 total
[2022-06-30T12:20:11.038+0000][6][gc,age      ] GC(55) - age   4:       5736 bytes,      87264 total
[2022-06-30T12:20:11.038+0000][6][gc,age      ] GC(55) - age   5:      14704 bytes,     101968 total
[2022-06-30T12:20:11.038+0000][6][gc,age      ] GC(55) - age   6:      13752 bytes,     115720 total
[2022-06-30T12:20:11.038+0000][6][gc,age      ] GC(55) - age   7:      51408 bytes,     167128 total
[2022-06-30T12:20:11.038+0000][6][gc,age      ] GC(55) - age   8:       4648 bytes,     171776 total
[2022-06-30T12:20:11.038+0000][6][gc,age      ] GC(55) - age   9:      22432 bytes,     194208 total
[2022-06-30T12:20:11.038+0000][6][gc,age      ] GC(55) - age  10:      53160 bytes,     247368 total
[2022-06-30T12:20:11.038+0000][6][gc,age      ] GC(55) - age  11:      48696 bytes,     296064 total
[2022-06-30T12:20:11.038+0000][6][gc,age      ] GC(55) - age  12:      45024 bytes,     341088 total
[2022-06-30T12:20:11.038+0000][6][gc,age      ] GC(55) - age  13:       5120 bytes,     346208 total
[2022-06-30T12:20:11.038+0000][6][gc,age      ] GC(55) - age  14:       2920 bytes,     349128 total
[2022-06-30T12:20:11.038+0000][6][gc,age      ] GC(55) - age  15:       1512 bytes,     350640 total
[2022-06-30T12:20:11.038+0000][6][gc,heap     ] GC(55) Eden regions: 27->0(27)
[2022-06-30T12:20:11.038+0000][6][gc,heap     ] GC(55) Survivor regions: 1->1(4)
[2022-06-30T12:20:11.038+0000][6][gc,heap     ] GC(55) Old regions: 21->21
[2022-06-30T12:20:11.038+0000][6][gc,heap     ] GC(55) Archive regions: 2->2
[2022-06-30T12:20:11.038+0000][6][gc,heap     ] GC(55) Humongous regions: 2->2
[2022-06-30T12:20:11.038+0000][6][gc,metaspace] GC(55) Metaspace: 108801K(113408K)->108801K(113408K) NonClass: 94175K(96896K)->94175K(96896K) Class: 14625K(16512K)->14625K(16512K)
[2022-06-30T12:20:11.038+0000][6][gc          ] GC(55) Pause Young (Concurrent Start) (G1 Evacuation Pause) 203M->95M(256M) 5.323ms
[2022-06-30T12:20:11.038+0000][6][gc,cpu      ] GC(55) User=0.00s Sys=0.00s Real=0.01s
[2022-06-30T12:20:11.038+0000][6][safepoint   ] Safepoint "G1CollectForAllocation", Time since last: 19030578391 ns, Reaching safepoint: 26091 ns, At safepoint: 5373804 ns, Total: 5399895 ns
[2022-06-30T12:20:11.038+0000][6][gc          ] GC(56) Concurrent Mark Cycle
[2022-06-30T12:20:11.038+0000][6][gc,marking  ] GC(56) Concurrent Clear Claimed Marks
[2022-06-30T12:20:11.038+0000][6][gc,marking  ] GC(56) Concurrent Clear Claimed Marks 0.051ms
[2022-06-30T12:20:11.038+0000][6][gc,marking  ] GC(56) Concurrent Scan Root Regions
[2022-06-30T12:20:11.040+0000][6][gc,marking  ] GC(56) Concurrent Scan Root Regions 1.459ms
[2022-06-30T12:20:11.040+0000][6][gc,marking  ] GC(56) Concurrent Mark
[2022-06-30T12:20:11.040+0000][6][gc,marking  ] GC(56) Concurrent Mark From Roots
[2022-06-30T12:20:11.040+0000][6][gc,task     ] GC(56) Using 1 workers of 1 for marking
[2022-06-30T12:20:11.158+0000][6][gc,marking  ] GC(56) Concurrent Mark From Roots 118.775ms
[2022-06-30T12:20:11.158+0000][6][gc,marking  ] GC(56) Concurrent Preclean
[2022-06-30T12:20:11.158+0000][6][gc,marking  ] GC(56) Concurrent Preclean 0.151ms
[2022-06-30T12:20:11.159+0000][6][gc,start    ] GC(56) Pause Remark
[2022-06-30T12:20:11.173+0000][6][gc          ] GC(56) Pause Remark 95M->95M(256M) 14.840ms
[2022-06-30T12:20:11.173+0000][6][gc,cpu      ] GC(56) User=0.02s Sys=0.00s Real=0.01s
[2022-06-30T12:20:11.173+0000][6][safepoint   ] Safepoint "G1Concurrent", Time since last: 120611175 ns, Reaching safepoint: 25245 ns, At safepoint: 14917679 ns, Total: 14942924 ns
[2022-06-30T12:20:11.173+0000][6][gc,marking  ] GC(56) Concurrent Mark 133.978ms
[2022-06-30T12:20:11.174+0000][6][gc,marking  ] GC(56) Concurrent Rebuild Remembered Sets
[2022-06-30T12:20:11.239+0000][6][gc,marking  ] GC(56) Concurrent Rebuild Remembered Sets 65.840ms
[2022-06-30T12:20:11.239+0000][6][gc,start    ] GC(56) Pause Cleanup
[2022-06-30T12:20:11.239+0000][6][gc          ] GC(56) Pause Cleanup 95M->95M(256M) 0.051ms
[2022-06-30T12:20:11.240+0000][6][gc,cpu      ] GC(56) User=0.00s Sys=0.00s Real=0.00s
[2022-06-30T12:20:11.240+0000][6][safepoint   ] Safepoint "G1Concurrent", Time since last: 65937866 ns, Reaching safepoint: 24126 ns, At safepoint: 87265 ns, Total: 111391 ns
[2022-06-30T12:20:11.240+0000][6][gc,marking  ] GC(56) Concurrent Cleanup for Next Mark
[2022-06-30T12:20:11.240+0000][6][gc,marking  ] GC(56) Concurrent Cleanup for Next Mark 0.640ms
[2022-06-30T12:20:11.240+0000][6][gc          ] GC(56) Concurrent Mark Cycle 202.237ms
[2022-06-30T12:20:19.240+0000][6][safepoint   ] Safepoint "Cleanup", Time since last: 8000840241 ns, Reaching safepoint: 38376 ns, At safepoint: 4603 ns, Total: 42979 ns
[2022-06-30T12:20:50.244+0000][6][safepoint   ] Safepoint "Cleanup", Time since last: 31003343314 ns, Reaching safepoint: 51496 ns, At safepoint: 5187 ns, Total: 56683 ns
[2022-06-30T12:21:23.247+0000][6][safepoint   ] Safepoint "Cleanup", Time since last: 33003559076 ns, Reaching safepoint: 40138 ns, At safepoint: 4595 ns, Total: 44733 ns
[2022-06-30T12:22:23.254+0000][6][safepoint   ] Safepoint "Cleanup", Time since last: 60006289765 ns, Reaching safepoint: 41432 ns, At safepoint: 4708 ns, Total: 46140 ns
[2022-06-30T12:22:25.254+0000][6][safepoint   ] Safepoint "Cleanup", Time since last: 2000248888 ns, Reaching safepoint: 39844 ns, At safepoint: 4478 ns, Total: 44322 ns
[2022-06-30T12:23:14.260+0000][6][safepoint   ] Safepoint "Cleanup", Time since last: 49005538622 ns, Reaching safepoint: 37804 ns, At safepoint: 4884 ns, Total: 42688 ns
[2022-06-30T12:23:22.253+0000][6][gc,start    ] GC(57) Pause Young (Normal) (G1 Evacuation Pause)
[2022-06-30T12:23:22.253+0000][6][gc,task     ] GC(57) Using 1 workers of 1 for evacuation
[2022-06-30T12:23:22.253+0000][6][gc,age      ] GC(57) Desired survivor size 8388608 bytes, new threshold 15 (max threshold 15)
[2022-06-30T12:23:22.258+0000][6][gc,phases   ] GC(57)   Pre Evacuate Collection Set: 0.0ms
[2022-06-30T12:23:22.258+0000][6][gc,phases   ] GC(57)   Merge Heap Roots: 0.1ms
[2022-06-30T12:23:22.258+0000][6][gc,phases   ] GC(57)   Evacuate Collection Set: 3.7ms
[2022-06-30T12:23:22.258+0000][6][gc,phases   ] GC(57)   Post Evacuate Collection Set: 1.0ms
[2022-06-30T12:23:22.258+0000][6][gc,phases   ] GC(57)   Other: 0.1ms
[2022-06-30T12:23:22.258+0000][6][gc,age      ] GC(57) Age table with threshold 15 (max threshold 15)
[2022-06-30T12:23:22.258+0000][6][gc,age      ] GC(57) - age   1:      14384 bytes,      14384 total
[2022-06-30T12:23:22.258+0000][6][gc,age      ] GC(57) - age   2:       6336 bytes,      20720 total
[2022-06-30T12:23:22.258+0000][6][gc,age      ] GC(57) - age   3:      18632 bytes,      39352 total
[2022-06-30T12:23:22.258+0000][6][gc,age      ] GC(57) - age   4:       4952 bytes,      44304 total
[2022-06-30T12:23:22.258+0000][6][gc,age      ] GC(57) - age   5:       5736 bytes,      50040 total
[2022-06-30T12:23:22.258+0000][6][gc,age      ] GC(57) - age   6:      14704 bytes,      64744 total
[2022-06-30T12:23:22.258+0000][6][gc,age      ] GC(57) - age   7:      13752 bytes,      78496 total
[2022-06-30T12:23:22.258+0000][6][gc,age      ] GC(57) - age   8:      51408 bytes,     129904 total
[2022-06-30T12:23:22.258+0000][6][gc,age      ] GC(57) - age   9:       4448 bytes,     134352 total
[2022-06-30T12:23:22.258+0000][6][gc,age      ] GC(57) - age  10:      22232 bytes,     156584 total
[2022-06-30T12:23:22.258+0000][6][gc,age      ] GC(57) - age  11:      53160 bytes,     209744 total
[2022-06-30T12:23:22.258+0000][6][gc,age      ] GC(57) - age  12:      48696 bytes,     258440 total
[2022-06-30T12:23:22.258+0000][6][gc,age      ] GC(57) - age  13:      45024 bytes,     303464 total
[2022-06-30T12:23:22.258+0000][6][gc,age      ] GC(57) - age  14:       5120 bytes,     308584 total
[2022-06-30T12:23:22.258+0000][6][gc,age      ] GC(57) - age  15:       2920 bytes,     311504 total
[2022-06-30T12:23:22.258+0000][6][gc,heap     ] GC(57) Eden regions: 27->0(27)
[2022-06-30T12:23:22.258+0000][6][gc,heap     ] GC(57) Survivor regions: 1->1(4)
[2022-06-30T12:23:22.258+0000][6][gc,heap     ] GC(57) Old regions: 21->21
[2022-06-30T12:23:22.258+0000][6][gc,heap     ] GC(57) Archive regions: 2->2
[2022-06-30T12:23:22.258+0000][6][gc,heap     ] GC(57) Humongous regions: 2->2
[2022-06-30T12:23:22.258+0000][6][gc,metaspace] GC(57) Metaspace: 108821K(113408K)->108821K(113408K) NonClass: 94195K(96896K)->94195K(96896K) Class: 14625K(16512K)->14625K(16512K)
[2022-06-30T12:23:22.258+0000][6][gc          ] GC(57) Pause Young (Normal) (G1 Evacuation Pause) 203M->95M(256M) 5.171ms
[2022-06-30T12:23:22.258+0000][6][gc,cpu      ] GC(57) User=0.01s Sys=0.00s Real=0.01s
[2022-06-30T12:23:22.258+0000][6][safepoint   ] Safepoint "G1CollectForAllocation", Time since last: 7993299048 ns, Reaching safepoint: 193686 ns, At safepoint: 5225801 ns, Total: 5419487 ns
[2022-06-30T12:23:24.259+0000][6][safepoint   ] Safepoint "Cleanup", Time since last: 2000184311 ns, Reaching safepoint: 42230 ns, At safepoint: 4871 ns, Total: 47101 ns
[2022-06-30T12:23:50.262+0000][6][safepoint   ] Safepoint "Cleanup", Time since last: 26002877980 ns, Reaching safepoint: 49449 ns, At safepoint: 8707 ns, Total: 58156 ns
[2022-06-30T12:23:53.262+0000][6][safepoint   ] Safepoint "Cleanup", Time since last: 3000381586 ns, Reaching safepoint: 39626 ns, At safepoint: 4869 ns, Total: 44495 ns
[2022-06-30T12:24:20.265+0000][6][safepoint   ] Safepoint "Cleanup", Time since last: 27003025236 ns, Reaching safepoint: 32184 ns, At safepoint: 4365 ns, Total: 36549 ns
[2022-06-30T12:24:30.266+0000][6][safepoint   ] Safepoint "Cleanup", Time since last: 10001187540 ns, Reaching safepoint: 41188 ns, At safepoint: 4862 ns, Total: 46050 ns
[2022-06-30T12:24:47.268+0000][6][safepoint   ] Safepoint "Cleanup", Time since last: 17002083322 ns, Reaching safepoint: 37715 ns, At safepoint: 4350 ns, Total: 42065 ns
[2022-06-30T12:24:52.269+0000][6][safepoint   ] Safepoint "Cleanup", Time since last: 5000574277 ns, Reaching safepoint: 35751 ns, At safepoint: 4710 ns, Total: 40461 ns
[2022-06-30T12:25:50.276+0000][6][safepoint   ] Safepoint "Cleanup", Time since last: 58006506184 ns, Reaching safepoint: 32740 ns, At safepoint: 4214 ns, Total: 36954 ns
[2022-06-30T12:25:51.276+0000][6][safepoint   ] Safepoint "Cleanup", Time since last: 1000144178 ns, Reaching safepoint: 43203 ns, At safepoint: 4880 ns, Total: 48083 ns
[2022-06-30T12:26:04.277+0000][6][safepoint   ] Safepoint "Cleanup", Time since last: 13001384934 ns, Reaching safepoint: 40534 ns, At safepoint: 4589 ns, Total: 45123 ns
[2022-06-30T12:26:07.279+0000][6][safepoint   ] Safepoint "Cleanup", Time since last: 3001523463 ns, Reaching safepoint: 49004 ns, At safepoint: 4438 ns, Total: 53442 ns
[2022-06-30T12:26:13.279+0000][6][safepoint   ] Safepoint "Cleanup", Time since last: 6000670365 ns, Reaching safepoint: 41208 ns, At safepoint: 4618 ns, Total: 45826 ns
[2022-06-30T12:26:14.280+0000][6][safepoint   ] Safepoint "Cleanup", Time since last: 1000153465 ns, Reaching safepoint: 44340 ns, At safepoint: 5145 ns, Total: 49485 ns
[2022-06-30T12:26:20.280+0000][6][safepoint   ] Safepoint "Cleanup", Time since last: 6000702620 ns, Reaching safepoint: 31638 ns, At safepoint: 4232 ns, Total: 35870 ns
[2022-06-30T12:26:22.281+0000][6][safepoint   ] Safepoint "Cleanup", Time since last: 2000238757 ns, Reaching safepoint: 33306 ns, At safepoint: 4371 ns, Total: 37677 ns
[2022-06-30T12:26:28.281+0000][6][safepoint   ] Safepoint "Cleanup", Time since last: 6000686437 ns, Reaching safepoint: 40077 ns, At safepoint: 4763 ns, Total: 44840 ns
[2022-06-30T12:26:32.695+0000][6][gc,start    ] GC(58) Pause Young (Concurrent Start) (G1 Evacuation Pause)
[2022-06-30T12:26:32.695+0000][6][gc,task     ] GC(58) Using 1 workers of 1 for evacuation
[2022-06-30T12:26:32.695+0000][6][gc,age      ] GC(58) Desired survivor size 8388608 bytes, new threshold 15 (max threshold 15)
[2022-06-30T12:26:32.700+0000][6][gc,phases   ] GC(58)   Pre Evacuate Collection Set: 0.2ms
[2022-06-30T12:26:32.700+0000][6][gc,phases   ] GC(58)   Merge Heap Roots: 0.0ms
[2022-06-30T12:26:32.700+0000][6][gc,phases   ] GC(58)   Evacuate Collection Set: 3.6ms
[2022-06-30T12:26:32.700+0000][6][gc,phases   ] GC(58)   Post Evacuate Collection Set: 1.0ms
[2022-06-30T12:26:32.700+0000][6][gc,phases   ] GC(58)   Other: 0.1ms
[2022-06-30T12:26:32.700+0000][6][gc,age      ] GC(58) Age table with threshold 15 (max threshold 15)
[2022-06-30T12:26:32.700+0000][6][gc,age      ] GC(58) - age   1:      15736 bytes,      15736 total
[2022-06-30T12:26:32.700+0000][6][gc,age      ] GC(58) - age   2:       1600 bytes,      17336 total
[2022-06-30T12:26:32.700+0000][6][gc,age      ] GC(58) - age   3:       6336 bytes,      23672 total
[2022-06-30T12:26:32.700+0000][6][gc,age      ] GC(58) - age   4:      18632 bytes,      42304 total
[2022-06-30T12:26:32.700+0000][6][gc,age      ] GC(58) - age   5:       4952 bytes,      47256 total
[2022-06-30T12:26:32.700+0000][6][gc,age      ] GC(58) - age   6:       5736 bytes,      52992 total
[2022-06-30T12:26:32.700+0000][6][gc,age      ] GC(58) - age   7:      14704 bytes,      67696 total
[2022-06-30T12:26:32.700+0000][6][gc,age      ] GC(58) - age   8:      13752 bytes,      81448 total
[2022-06-30T12:26:32.700+0000][6][gc,age      ] GC(58) - age   9:      51408 bytes,     132856 total
[2022-06-30T12:26:32.700+0000][6][gc,age      ] GC(58) - age  10:       4448 bytes,     137304 total
[2022-06-30T12:26:32.700+0000][6][gc,age      ] GC(58) - age  11:      22232 bytes,     159536 total
[2022-06-30T12:26:32.700+0000][6][gc,age      ] GC(58) - age  12:      53160 bytes,     212696 total
[2022-06-30T12:26:32.700+0000][6][gc,age      ] GC(58) - age  13:      48696 bytes,     261392 total
[2022-06-30T12:26:32.700+0000][6][gc,age      ] GC(58) - age  14:      45024 bytes,     306416 total
[2022-06-30T12:26:32.700+0000][6][gc,age      ] GC(58) - age  15:       5120 bytes,     311536 total
[2022-06-30T12:26:32.700+0000][6][gc,heap     ] GC(58) Eden regions: 27->0(27)
[2022-06-30T12:26:32.700+0000][6][gc,heap     ] GC(58) Survivor regions: 1->1(4)
[2022-06-30T12:26:32.700+0000][6][gc,heap     ] GC(58) Old regions: 21->21
[2022-06-30T12:26:32.700+0000][6][gc,heap     ] GC(58) Archive regions: 2->2
[2022-06-30T12:26:32.700+0000][6][gc,heap     ] GC(58) Humongous regions: 2->2
[2022-06-30T12:26:32.700+0000][6][gc,metaspace] GC(58) Metaspace: 108846K(113408K)->108846K(113408K) NonClass: 94220K(96896K)->94220K(96896K) Class: 14625K(16512K)->14625K(16512K)
[2022-06-30T12:26:32.700+0000][6][gc          ] GC(58) Pause Young (Concurrent Start) (G1 Evacuation Pause) 203M->95M(256M) 5.213ms
[2022-06-30T12:26:32.700+0000][6][gc,cpu      ] GC(58) User=0.00s Sys=0.00s Real=0.00s
[2022-06-30T12:26:32.700+0000][6][safepoint   ] Safepoint "G1CollectForAllocation", Time since last: 4413362429 ns, Reaching safepoint: 29354 ns, At safepoint: 5270108 ns, Total: 5299462 ns
[2022-06-30T12:26:32.700+0000][6][gc          ] GC(59) Concurrent Mark Cycle
[2022-06-30T12:26:32.700+0000][6][gc,marking  ] GC(59) Concurrent Clear Claimed Marks
[2022-06-30T12:26:32.700+0000][6][gc,marking  ] GC(59) Concurrent Clear Claimed Marks 0.048ms
[2022-06-30T12:26:32.700+0000][6][gc,marking  ] GC(59) Concurrent Scan Root Regions
[2022-06-30T12:26:32.702+0000][6][gc,marking  ] GC(59) Concurrent Scan Root Regions 1.410ms
[2022-06-30T12:26:32.702+0000][6][gc,marking  ] GC(59) Concurrent Mark
[2022-06-30T12:26:32.702+0000][6][gc,marking  ] GC(59) Concurrent Mark From Roots
[2022-06-30T12:26:32.702+0000][6][gc,task     ] GC(59) Using 1 workers of 1 for marking
[2022-06-30T12:26:32.821+0000][6][gc,marking  ] GC(59) Concurrent Mark From Roots 119.290ms
[2022-06-30T12:26:32.821+0000][6][gc,marking  ] GC(59) Concurrent Preclean
[2022-06-30T12:26:32.821+0000][6][gc,marking  ] GC(59) Concurrent Preclean 0.137ms
[2022-06-30T12:26:32.821+0000][6][gc,start    ] GC(59) Pause Remark
[2022-06-30T12:26:32.836+0000][6][gc          ] GC(59) Pause Remark 96M->96M(256M) 14.796ms
[2022-06-30T12:26:32.836+0000][6][gc,cpu      ] GC(59) User=0.02s Sys=0.00s Real=0.02s
[2022-06-30T12:26:32.836+0000][6][safepoint   ] Safepoint "G1Concurrent", Time since last: 121046981 ns, Reaching safepoint: 23663 ns, At safepoint: 14856278 ns, Total: 14879941 ns
[2022-06-30T12:26:32.836+0000][6][gc,marking  ] GC(59) Concurrent Mark 134.412ms
[2022-06-30T12:26:32.836+0000][6][gc,marking  ] GC(59) Concurrent Rebuild Remembered Sets
[2022-06-30T12:26:32.902+0000][6][gc,marking  ] GC(59) Concurrent Rebuild Remembered Sets 66.328ms
[2022-06-30T12:26:32.902+0000][6][gc,start    ] GC(59) Pause Cleanup
[2022-06-30T12:26:32.902+0000][6][gc          ] GC(59) Pause Cleanup 97M->97M(256M) 0.073ms
[2022-06-30T12:26:32.903+0000][6][gc,cpu      ] GC(59) User=0.00s Sys=0.00s Real=0.00s
[2022-06-30T12:26:32.903+0000][6][safepoint   ] Safepoint "G1Concurrent", Time since last: 66421687 ns, Reaching safepoint: 24264 ns, At safepoint: 125138 ns, Total: 149402 ns
[2022-06-30T12:26:32.903+0000][6][gc,marking  ] GC(59) Concurrent Cleanup for Next Mark
[2022-06-30T12:26:32.903+0000][6][gc,marking  ] GC(59) Concurrent Cleanup for Next Mark 0.677ms
[2022-06-30T12:26:32.903+0000][6][gc          ] GC(59) Concurrent Mark Cycle 203.166ms
[2022-06-30T12:27:20.908+0000][6][safepoint   ] Safepoint "Cleanup", Time since last: 48005027245 ns, Reaching safepoint: 39703 ns, At safepoint: 4810 ns, Total: 44513 ns
[2022-06-30T12:27:35.909+0000][6][safepoint   ] Safepoint "Cleanup", Time since last: 15001600854 ns, Reaching safepoint: 30308 ns, At safepoint: 3994 ns, Total: 34302 ns
[2022-06-30T12:27:50.911+0000][6][safepoint   ] Safepoint "Cleanup", Time since last: 15001473113 ns, Reaching safepoint: 35112 ns, At safepoint: 4385 ns, Total: 39497 ns
[2022-06-30T12:28:19.914+0000][6][safepoint   ] Safepoint "Cleanup", Time since last: 29002982416 ns, Reaching safepoint: 33011 ns, At safepoint: 4135 ns, Total: 37146 ns
[2022-06-30T12:28:20.914+0000][6][safepoint   ] Safepoint "Cleanup", Time since last: 1000154470 ns, Reaching safepoint: 38896 ns, At safepoint: 4615 ns, Total: 43511 ns
[2022-06-30T12:28:21.914+0000][6][safepoint   ] Safepoint "Cleanup", Time since last: 1000130636 ns, Reaching safepoint: 35396 ns, At safepoint: 4677 ns, Total: 40073 ns
[2022-06-30T12:28:46.917+0000][6][safepoint   ] Safepoint "Cleanup", Time since last: 25002647985 ns, Reaching safepoint: 32335 ns, At safepoint: 4840 ns, Total: 37175 ns
[2022-06-30T12:28:52.918+0000][6][safepoint   ] Safepoint "Cleanup", Time since last: 6000663715 ns, Reaching safepoint: 46195 ns, At safepoint: 4055 ns, Total: 50250 ns
[2022-06-30T12:28:55.918+0000][6][safepoint   ] Safepoint "Cleanup", Time since last: 3000368757 ns, Reaching safepoint: 39593 ns, At safepoint: 4662 ns, Total: 44255 ns
[2022-06-30T12:29:07.919+0000][6][safepoint   ] Safepoint "Cleanup", Time since last: 12001212596 ns, Reaching safepoint: 42385 ns, At safepoint: 4786 ns, Total: 47171 ns
[2022-06-30T12:29:18.920+0000][6][safepoint   ] Safepoint "Cleanup", Time since last: 11001180366 ns, Reaching safepoint: 38469 ns, At safepoint: 4719 ns, Total: 43188 ns
[2022-06-30T12:29:20.921+0000][6][safepoint   ] Safepoint "Cleanup", Time since last: 2000240190 ns, Reaching safepoint: 37993 ns, At safepoint: 4636 ns, Total: 42629 ns
[2022-06-30T12:29:31.922+0000][6][safepoint   ] Safepoint "Cleanup", Time since last: 11001241074 ns, Reaching safepoint: 38264 ns, At safepoint: 4288 ns, Total: 42552 ns
[2022-06-30T12:29:38.923+0000][6][safepoint   ] Safepoint "Cleanup", Time since last: 7000948995 ns, Reaching safepoint: 42999 ns, At safepoint: 5143 ns, Total: 48142 ns
[2022-06-30T12:29:39.923+0000][6][safepoint   ] Safepoint "Cleanup", Time since last: 1000154736 ns, Reaching safepoint: 40973 ns, At safepoint: 4520 ns, Total: 45493 ns
[2022-06-30T12:29:43.254+0000][6][gc,start    ] GC(60) Pause Young (Normal) (G1 Evacuation Pause)
[2022-06-30T12:29:43.254+0000][6][gc,task     ] GC(60) Using 1 workers of 1 for evacuation
[2022-06-30T12:29:43.254+0000][6][gc,age      ] GC(60) Desired survivor size 8388608 bytes, new threshold 15 (max threshold 15)
[2022-06-30T12:29:43.259+0000][6][gc,phases   ] GC(60)   Pre Evacuate Collection Set: 0.0ms
[2022-06-30T12:29:43.259+0000][6][gc,phases   ] GC(60)   Merge Heap Roots: 0.1ms
[2022-06-30T12:29:43.259+0000][6][gc,phases   ] GC(60)   Evacuate Collection Set: 3.8ms
[2022-06-30T12:29:43.259+0000][6][gc,phases   ] GC(60)   Post Evacuate Collection Set: 1.0ms
[2022-06-30T12:29:43.259+0000][6][gc,phases   ] GC(60)   Other: 0.1ms
[2022-06-30T12:29:43.259+0000][6][gc,age      ] GC(60) Age table with threshold 15 (max threshold 15)
[2022-06-30T12:29:43.259+0000][6][gc,age      ] GC(60) - age   1:      57824 bytes,      57824 total
[2022-06-30T12:29:43.259+0000][6][gc,age      ] GC(60) - age   2:       3176 bytes,      61000 total
[2022-06-30T12:29:43.259+0000][6][gc,age      ] GC(60) - age   3:       1600 bytes,      62600 total
[2022-06-30T12:29:43.259+0000][6][gc,age      ] GC(60) - age   4:       4872 bytes,      67472 total
[2022-06-30T12:29:43.259+0000][6][gc,age      ] GC(60) - age   5:      18632 bytes,      86104 total
[2022-06-30T12:29:43.259+0000][6][gc,age      ] GC(60) - age   6:       4952 bytes,      91056 total
[2022-06-30T12:29:43.259+0000][6][gc,age      ] GC(60) - age   7:       5736 bytes,      96792 total
[2022-06-30T12:29:43.259+0000][6][gc,age      ] GC(60) - age   8:      14704 bytes,     111496 total
[2022-06-30T12:29:43.259+0000][6][gc,age      ] GC(60) - age   9:      13752 bytes,     125248 total
[2022-06-30T12:29:43.259+0000][6][gc,age      ] GC(60) - age  10:      51208 bytes,     176456 total
[2022-06-30T12:29:43.259+0000][6][gc,age      ] GC(60) - age  11:       4448 bytes,     180904 total
[2022-06-30T12:29:43.259+0000][6][gc,age      ] GC(60) - age  12:      22232 bytes,     203136 total
[2022-06-30T12:29:43.259+0000][6][gc,age      ] GC(60) - age  13:      53160 bytes,     256296 total
[2022-06-30T12:29:43.259+0000][6][gc,age      ] GC(60) - age  14:      48696 bytes,     304992 total
[2022-06-30T12:29:43.259+0000][6][gc,age      ] GC(60) - age  15:      45024 bytes,     350016 total
[2022-06-30T12:29:43.259+0000][6][gc,heap     ] GC(60) Eden regions: 27->0(27)
[2022-06-30T12:29:43.259+0000][6][gc,heap     ] GC(60) Survivor regions: 1->1(4)
[2022-06-30T12:29:43.259+0000][6][gc,heap     ] GC(60) Old regions: 21->21
[2022-06-30T12:29:43.259+0000][6][gc,heap     ] GC(60) Archive regions: 2->2
[2022-06-30T12:29:43.259+0000][6][gc,heap     ] GC(60) Humongous regions: 2->2
[2022-06-30T12:29:43.259+0000][6][gc,metaspace] GC(60) Metaspace: 108873K(113408K)->108873K(113408K) NonClass: 94247K(96896K)->94247K(96896K) Class: 14625K(16512K)->14625K(16512K)
[2022-06-30T12:29:43.259+0000][6][gc          ] GC(60) Pause Young (Normal) (G1 Evacuation Pause) 203M->95M(256M) 5.335ms
[2022-06-30T12:29:43.259+0000][6][gc,cpu      ] GC(60) User=0.01s Sys=0.00s Real=0.01s
[2022-06-30T12:29:43.259+0000][6][safepoint   ] Safepoint "G1CollectForAllocation", Time since last: 3330452101 ns, Reaching safepoint: 31816 ns, At safepoint: 5377957 ns, Total: 5409773 ns
[2022-06-30T12:29:45.259+0000][6][safepoint   ] Safepoint "Cleanup", Time since last: 2000223253 ns, Reaching safepoint: 37819 ns, At safepoint: 4563 ns, Total: 42382 ns
[2022-06-30T12:29:47.260+0000][6][safepoint   ] Safepoint "Cleanup", Time since last: 2000345008 ns, Reaching safepoint: 50897 ns, At safepoint: 4452 ns, Total: 55349 ns
[2022-06-30T12:29:51.260+0000][6][safepoint   ] Safepoint "Cleanup", Time since last: 4000528873 ns, Reaching safepoint: 54459 ns, At safepoint: 16905 ns, Total: 71364 ns
[2022-06-30T12:30:06.263+0000][6][safepoint   ] Safepoint "Cleanup", Time since last: 15002846881 ns, Reaching safepoint: 39536 ns, At safepoint: 4938 ns, Total: 44474 ns
[2022-06-30T12:30:14.264+0000][6][safepoint   ] Safepoint "Cleanup", Time since last: 8000974815 ns, Reaching safepoint: 38980 ns, At safepoint: 26596 ns, Total: 65576 ns
[2022-06-30T12:30:44.267+0000][6][safepoint   ] Safepoint "Cleanup", Time since last: 30003079063 ns, Reaching safepoint: 56890 ns, At safepoint: 7525 ns, Total: 64415 ns
[2022-06-30T12:30:51.268+0000][6][safepoint   ] Safepoint "Cleanup", Time since last: 7000860734 ns, Reaching safepoint: 43883 ns, At safepoint: 4714 ns, Total: 48597 ns
[2022-06-30T12:30:53.269+0000][6][safepoint   ] Safepoint "Cleanup", Time since last: 2000287506 ns, Reaching safepoint: 59950 ns, At safepoint: 8810 ns, Total: 68760 ns
[2022-06-30T12:31:53.278+0000][6][safepoint   ] Safepoint "Cleanup", Time since last: 60008910861 ns, Reaching safepoint: 38978 ns, At safepoint: 4355 ns, Total: 43333 ns
[2022-06-30T12:32:06.279+0000][6][safepoint   ] Safepoint "Cleanup", Time since last: 13001612945 ns, Reaching safepoint: 38685 ns, At safepoint: 4332 ns, Total: 43017 ns
[2022-06-30T12:32:53.113+0000][6][gc,start    ] GC(61) Pause Young (Concurrent Start) (G1 Evacuation Pause)
[2022-06-30T12:32:53.113+0000][6][gc,task     ] GC(61) Using 1 workers of 1 for evacuation
[2022-06-30T12:32:53.113+0000][6][gc,age      ] GC(61) Desired survivor size 8388608 bytes, new threshold 15 (max threshold 15)
[2022-06-30T12:32:53.118+0000][6][gc,phases   ] GC(61)   Pre Evacuate Collection Set: 0.2ms
[2022-06-30T12:32:53.118+0000][6][gc,phases   ] GC(61)   Merge Heap Roots: 0.0ms
[2022-06-30T12:32:53.118+0000][6][gc,phases   ] GC(61)   Evacuate Collection Set: 3.4ms
[2022-06-30T12:32:53.118+0000][6][gc,phases   ] GC(61)   Post Evacuate Collection Set: 1.0ms
[2022-06-30T12:32:53.118+0000][6][gc,phases   ] GC(61)   Other: 0.1ms
[2022-06-30T12:32:53.118+0000][6][gc,age      ] GC(61) Age table with threshold 15 (max threshold 15)
[2022-06-30T12:32:53.118+0000][6][gc,age      ] GC(61) - age   1:      19256 bytes,      19256 total
[2022-06-30T12:32:53.118+0000][6][gc,age      ] GC(61) - age   2:       5744 bytes,      25000 total
[2022-06-30T12:32:53.118+0000][6][gc,age      ] GC(61) - age   3:       3176 bytes,      28176 total
[2022-06-30T12:32:53.118+0000][6][gc,age      ] GC(61) - age   4:       1600 bytes,      29776 total
[2022-06-30T12:32:53.118+0000][6][gc,age      ] GC(61) - age   5:       4872 bytes,      34648 total
[2022-06-30T12:32:53.118+0000][6][gc,age      ] GC(61) - age   6:      18632 bytes,      53280 total
[2022-06-30T12:32:53.118+0000][6][gc,age      ] GC(61) - age   7:       4952 bytes,      58232 total
[2022-06-30T12:32:53.118+0000][6][gc,age      ] GC(61) - age   8:       5736 bytes,      63968 total
[2022-06-30T12:32:53.118+0000][6][gc,age      ] GC(61) - age   9:      14600 bytes,      78568 total
[2022-06-30T12:32:53.118+0000][6][gc,age      ] GC(61) - age  10:      13752 bytes,      92320 total
[2022-06-30T12:32:53.118+0000][6][gc,age      ] GC(61) - age  11:      51168 bytes,     143488 total
[2022-06-30T12:32:53.118+0000][6][gc,age      ] GC(61) - age  12:       4448 bytes,     147936 total
[2022-06-30T12:32:53.118+0000][6][gc,age      ] GC(61) - age  13:      22232 bytes,     170168 total
[2022-06-30T12:32:53.118+0000][6][gc,age      ] GC(61) - age  14:      53160 bytes,     223328 total
[2022-06-30T12:32:53.118+0000][6][gc,age      ] GC(61) - age  15:      48696 bytes,     272024 total
[2022-06-30T12:32:53.118+0000][6][gc,heap     ] GC(61) Eden regions: 27->0(27)
[2022-06-30T12:32:53.118+0000][6][gc,heap     ] GC(61) Survivor regions: 1->1(4)
[2022-06-30T12:32:53.118+0000][6][gc,heap     ] GC(61) Old regions: 21->21
[2022-06-30T12:32:53.118+0000][6][gc,heap     ] GC(61) Archive regions: 2->2
[2022-06-30T12:32:53.118+0000][6][gc,heap     ] GC(61) Humongous regions: 2->2
[2022-06-30T12:32:53.118+0000][6][gc,metaspace] GC(61) Metaspace: 108901K(113408K)->108901K(113408K) NonClass: 94275K(96896K)->94275K(96896K) Class: 14626K(16512K)->14626K(16512K)
[2022-06-30T12:32:53.118+0000][6][gc          ] GC(61) Pause Young (Concurrent Start) (G1 Evacuation Pause) 203M->95M(256M) 4.943ms
[2022-06-30T12:32:53.118+0000][6][gc,cpu      ] GC(61) User=0.01s Sys=0.00s Real=0.01s
[2022-06-30T12:32:53.118+0000][6][safepoint   ] Safepoint "G1CollectForAllocation", Time since last: 46833961776 ns, Reaching safepoint: 153786 ns, At safepoint: 4994926 ns, Total: 5148712 ns
[2022-06-30T12:32:53.118+0000][6][gc          ] GC(62) Concurrent Mark Cycle
[2022-06-30T12:32:53.118+0000][6][gc,marking  ] GC(62) Concurrent Clear Claimed Marks
[2022-06-30T12:32:53.119+0000][6][gc,marking  ] GC(62) Concurrent Clear Claimed Marks 0.113ms
[2022-06-30T12:32:53.119+0000][6][gc,marking  ] GC(62) Concurrent Scan Root Regions
[2022-06-30T12:32:53.120+0000][6][gc,marking  ] GC(62) Concurrent Scan Root Regions 1.619ms
[2022-06-30T12:32:53.120+0000][6][gc,marking  ] GC(62) Concurrent Mark
[2022-06-30T12:32:53.120+0000][6][gc,marking  ] GC(62) Concurrent Mark From Roots
[2022-06-30T12:32:53.120+0000][6][gc,task     ] GC(62) Using 1 workers of 1 for marking
[2022-06-30T12:32:53.253+0000][6][gc,marking  ] GC(62) Concurrent Mark From Roots 132.313ms
[2022-06-30T12:32:53.253+0000][6][gc,marking  ] GC(62) Concurrent Preclean
[2022-06-30T12:32:53.253+0000][6][gc,marking  ] GC(62) Concurrent Preclean 0.142ms
[2022-06-30T12:32:53.253+0000][6][gc,start    ] GC(62) Pause Remark
[2022-06-30T12:32:53.269+0000][6][gc          ] GC(62) Pause Remark 97M->97M(256M) 15.732ms
[2022-06-30T12:32:53.269+0000][6][gc,cpu      ] GC(62) User=0.01s Sys=0.00s Real=0.02s
[2022-06-30T12:32:53.269+0000][6][safepoint   ] Safepoint "G1Concurrent", Time since last: 134361769 ns, Reaching safepoint: 25785 ns, At safepoint: 15819849 ns, Total: 15845634 ns
[2022-06-30T12:32:53.269+0000][6][gc,marking  ] GC(62) Concurrent Mark 148.416ms
[2022-06-30T12:32:53.269+0000][6][gc,marking  ] GC(62) Concurrent Rebuild Remembered Sets
[2022-06-30T12:32:53.351+0000][6][gc,marking  ] GC(62) Concurrent Rebuild Remembered Sets 81.867ms
[2022-06-30T12:32:53.351+0000][6][gc,start    ] GC(62) Pause Cleanup
[2022-06-30T12:32:53.351+0000][6][gc          ] GC(62) Pause Cleanup 97M->97M(256M) 0.056ms
[2022-06-30T12:32:53.351+0000][6][gc,cpu      ] GC(62) User=0.00s Sys=0.00s Real=0.00s
[2022-06-30T12:32:53.351+0000][6][safepoint   ] Safepoint "G1Concurrent", Time since last: 81987312 ns, Reaching safepoint: 23168 ns, At safepoint: 109995 ns, Total: 133163 ns
[2022-06-30T12:32:53.351+0000][6][gc,marking  ] GC(62) Concurrent Cleanup for Next Mark
[2022-06-30T12:32:53.351+0000][6][gc,marking  ] GC(62) Concurrent Cleanup for Next Mark 0.696ms
[2022-06-30T12:32:53.351+0000][6][gc          ] GC(62) Concurrent Mark Cycle 233.017ms
[2022-06-30T12:33:06.352+0000][6][safepoint   ] Safepoint "Cleanup", Time since last: 13001285310 ns, Reaching safepoint: 40791 ns, At safepoint: 4523 ns, Total: 45314 ns
[2022-06-30T12:33:34.355+0000][6][safepoint   ] Safepoint "Cleanup", Time since last: 28003131650 ns, Reaching safepoint: 36313 ns, At safepoint: 4756 ns, Total: 41069 ns
[2022-06-30T12:33:50.357+0000][6][safepoint   ] Safepoint "Cleanup", Time since last: 16001861781 ns, Reaching safepoint: 32883 ns, At safepoint: 4485 ns, Total: 37368 ns
[2022-06-30T12:35:38.369+0000][6][safepoint   ] Safepoint "Cleanup", Time since last: 108011463596 ns, Reaching safepoint: 41351 ns, At safepoint: 5245 ns, Total: 46596 ns
[2022-06-30T12:35:43.369+0000][6][safepoint   ] Safepoint "Cleanup", Time since last: 5000538109 ns, Reaching safepoint: 41660 ns, At safepoint: 6667 ns, Total: 48327 ns
[2022-06-30T12:36:05.268+0000][6][gc,start    ] GC(63) Pause Young (Normal) (G1 Evacuation Pause)
[2022-06-30T12:36:05.268+0000][6][gc,task     ] GC(63) Using 1 workers of 1 for evacuation
[2022-06-30T12:36:05.268+0000][6][gc,age      ] GC(63) Desired survivor size 8388608 bytes, new threshold 15 (max threshold 15)
[2022-06-30T12:36:05.272+0000][6][gc,phases   ] GC(63)   Pre Evacuate Collection Set: 0.0ms
[2022-06-30T12:36:05.272+0000][6][gc,phases   ] GC(63)   Merge Heap Roots: 0.1ms
[2022-06-30T12:36:05.272+0000][6][gc,phases   ] GC(63)   Evacuate Collection Set: 3.6ms
[2022-06-30T12:36:05.272+0000][6][gc,phases   ] GC(63)   Post Evacuate Collection Set: 1.0ms
[2022-06-30T12:36:05.272+0000][6][gc,phases   ] GC(63)   Other: 0.1ms
[2022-06-30T12:36:05.273+0000][6][gc,age      ] GC(63) Age table with threshold 15 (max threshold 15)
[2022-06-30T12:36:05.273+0000][6][gc,age      ] GC(63) - age   1:      15392 bytes,      15392 total
[2022-06-30T12:36:05.273+0000][6][gc,age      ] GC(63) - age   2:       3616 bytes,      19008 total
[2022-06-30T12:36:05.273+0000][6][gc,age      ] GC(63) - age   3:       5744 bytes,      24752 total
[2022-06-30T12:36:05.273+0000][6][gc,age      ] GC(63) - age   4:       3176 bytes,      27928 total
[2022-06-30T12:36:05.273+0000][6][gc,age      ] GC(63) - age   5:       1600 bytes,      29528 total
[2022-06-30T12:36:05.273+0000][6][gc,age      ] GC(63) - age   6:       4480 bytes,      34008 total
[2022-06-30T12:36:05.273+0000][6][gc,age      ] GC(63) - age   7:      18432 bytes,      52440 total
[2022-06-30T12:36:05.273+0000][6][gc,age      ] GC(63) - age   8:       4952 bytes,      57392 total
[2022-06-30T12:36:05.273+0000][6][gc,age      ] GC(63) - age   9:       5736 bytes,      63128 total
[2022-06-30T12:36:05.273+0000][6][gc,age      ] GC(63) - age  10:      14600 bytes,      77728 total
[2022-06-30T12:36:05.273+0000][6][gc,age      ] GC(63) - age  11:      13752 bytes,      91480 total
[2022-06-30T12:36:05.273+0000][6][gc,age      ] GC(63) - age  12:      51168 bytes,     142648 total
[2022-06-30T12:36:05.273+0000][6][gc,age      ] GC(63) - age  13:       4448 bytes,     147096 total
[2022-06-30T12:36:05.273+0000][6][gc,age      ] GC(63) - age  14:      22232 bytes,     169328 total
[2022-06-30T12:36:05.273+0000][6][gc,age      ] GC(63) - age  15:      53160 bytes,     222488 total
[2022-06-30T12:36:05.273+0000][6][gc,heap     ] GC(63) Eden regions: 27->0(27)
[2022-06-30T12:36:05.273+0000][6][gc,heap     ] GC(63) Survivor regions: 1->1(4)
[2022-06-30T12:36:05.273+0000][6][gc,heap     ] GC(63) Old regions: 21->21
[2022-06-30T12:36:05.273+0000][6][gc,heap     ] GC(63) Archive regions: 2->2
[2022-06-30T12:36:05.273+0000][6][gc,heap     ] GC(63) Humongous regions: 2->2
[2022-06-30T12:36:05.273+0000][6][gc,metaspace] GC(63) Metaspace: 108904K(113408K)->108904K(113408K) NonClass: 94278K(96896K)->94278K(96896K) Class: 14626K(16512K)->14626K(16512K)
[2022-06-30T12:36:05.273+0000][6][gc          ] GC(63) Pause Young (Normal) (G1 Evacuation Pause) 203M->95M(256M) 5.027ms
[2022-06-30T12:36:05.273+0000][6][gc,cpu      ] GC(63) User=0.00s Sys=0.00s Real=0.00s
[2022-06-30T12:36:05.273+0000][6][safepoint   ] Safepoint "G1CollectForAllocation", Time since last: 21898378003 ns, Reaching safepoint: 25653 ns, At safepoint: 5075395 ns, Total: 5101048 ns
[2022-06-30T12:36:51.277+0000][6][safepoint   ] Safepoint "Cleanup", Time since last: 46004664892 ns, Reaching safepoint: 37748 ns, At safepoint: 3819 ns, Total: 41567 ns
[2022-06-30T12:37:23.281+0000][6][safepoint   ] Safepoint "Cleanup", Time since last: 32003560809 ns, Reaching safepoint: 36641 ns, At safepoint: 4933 ns, Total: 41574 ns
[2022-06-30T12:37:51.284+0000][6][safepoint   ] Safepoint "Cleanup", Time since last: 28002992412 ns, Reaching safepoint: 39478 ns, At safepoint: 4558 ns, Total: 44036 ns
[2022-06-30T12:37:53.285+0000][6][safepoint   ] Safepoint "Cleanup", Time since last: 2001343907 ns, Reaching safepoint: 36724 ns, At safepoint: 4674 ns, Total: 41398 ns
[2022-06-30T12:38:21.288+0000][6][safepoint   ] Safepoint "Cleanup", Time since last: 28002715718 ns, Reaching safepoint: 40496 ns, At safepoint: 4568 ns, Total: 45064 ns
[2022-06-30T12:38:23.290+0000][6][safepoint   ] Safepoint "Cleanup", Time since last: 2001320344 ns, Reaching safepoint: 40083 ns, At safepoint: 4377 ns, Total: 44460 ns
[2022-06-30T12:38:36.291+0000][6][safepoint   ] Safepoint "Cleanup", Time since last: 13001373985 ns, Reaching safepoint: 37462 ns, At safepoint: 4542 ns, Total: 42004 ns
[2022-06-30T12:38:51.293+0000][6][safepoint   ] Safepoint "Cleanup", Time since last: 15001713473 ns, Reaching safepoint: 51744 ns, At safepoint: 4637 ns, Total: 56381 ns
[2022-06-30T12:38:53.293+0000][6][safepoint   ] Safepoint "Cleanup", Time since last: 2000314574 ns, Reaching safepoint: 61408 ns, At safepoint: 9199 ns, Total: 70607 ns
[2022-06-30T12:39:16.423+0000][6][gc,start    ] GC(64) Pause Young (Concurrent Start) (G1 Evacuation Pause)
[2022-06-30T12:39:16.423+0000][6][gc,task     ] GC(64) Using 1 workers of 1 for evacuation
[2022-06-30T12:39:16.423+0000][6][gc,age      ] GC(64) Desired survivor size 8388608 bytes, new threshold 15 (max threshold 15)
[2022-06-30T12:39:16.427+0000][6][gc,phases   ] GC(64)   Pre Evacuate Collection Set: 0.2ms
[2022-06-30T12:39:16.427+0000][6][gc,phases   ] GC(64)   Merge Heap Roots: 0.0ms
[2022-06-30T12:39:16.427+0000][6][gc,phases   ] GC(64)   Evacuate Collection Set: 2.8ms
[2022-06-30T12:39:16.427+0000][6][gc,phases   ] GC(64)   Post Evacuate Collection Set: 1.0ms
[2022-06-30T12:39:16.427+0000][6][gc,phases   ] GC(64)   Other: 0.1ms
[2022-06-30T12:39:16.427+0000][6][gc,age      ] GC(64) Age table with threshold 15 (max threshold 15)
[2022-06-30T12:39:16.427+0000][6][gc,age      ] GC(64) - age   1:      55480 bytes,      55480 total
[2022-06-30T12:39:16.427+0000][6][gc,age      ] GC(64) - age   2:        392 bytes,      55872 total
[2022-06-30T12:39:16.427+0000][6][gc,age      ] GC(64) - age   3:       3616 bytes,      59488 total
[2022-06-30T12:39:16.427+0000][6][gc,age      ] GC(64) - age   4:       4480 bytes,      63968 total
[2022-06-30T12:39:16.427+0000][6][gc,age      ] GC(64) - age   5:       3176 bytes,      67144 total
[2022-06-30T12:39:16.427+0000][6][gc,age      ] GC(64) - age   6:       1600 bytes,      68744 total
[2022-06-30T12:39:16.427+0000][6][gc,age      ] GC(64) - age   7:       4480 bytes,      73224 total
[2022-06-30T12:39:16.427+0000][6][gc,age      ] GC(64) - age   8:      18232 bytes,      91456 total
[2022-06-30T12:39:16.427+0000][6][gc,age      ] GC(64) - age   9:       4952 bytes,      96408 total
[2022-06-30T12:39:16.427+0000][6][gc,age      ] GC(64) - age  10:       5736 bytes,     102144 total
[2022-06-30T12:39:16.427+0000][6][gc,age      ] GC(64) - age  11:      14600 bytes,     116744 total
[2022-06-30T12:39:16.427+0000][6][gc,age      ] GC(64) - age  12:      13752 bytes,     130496 total
[2022-06-30T12:39:16.427+0000][6][gc,age      ] GC(64) - age  13:      51168 bytes,     181664 total
[2022-06-30T12:39:16.427+0000][6][gc,age      ] GC(64) - age  14:       4448 bytes,     186112 total
[2022-06-30T12:39:16.427+0000][6][gc,age      ] GC(64) - age  15:      22232 bytes,     208344 total
[2022-06-30T12:39:16.427+0000][6][gc,heap     ] GC(64) Eden regions: 27->0(27)
[2022-06-30T12:39:16.427+0000][6][gc,heap     ] GC(64) Survivor regions: 1->1(4)
[2022-06-30T12:39:16.427+0000][6][gc,heap     ] GC(64) Old regions: 21->21
[2022-06-30T12:39:16.427+0000][6][gc,heap     ] GC(64) Archive regions: 2->2
[2022-06-30T12:39:16.427+0000][6][gc,heap     ] GC(64) Humongous regions: 2->2
[2022-06-30T12:39:16.427+0000][6][gc,metaspace] GC(64) Metaspace: 108936K(113408K)->108936K(113408K) NonClass: 94310K(96896K)->94310K(96896K) Class: 14626K(16512K)->14626K(16512K)
[2022-06-30T12:39:16.427+0000][6][gc          ] GC(64) Pause Young (Concurrent Start) (G1 Evacuation Pause) 203M->95M(256M) 4.340ms
[2022-06-30T12:39:16.427+0000][6][gc,cpu      ] GC(64) User=0.01s Sys=0.00s Real=0.01s
[2022-06-30T12:39:16.427+0000][6][safepoint   ] Safepoint "G1CollectForAllocation", Time since last: 23129218314 ns, Reaching safepoint: 158055 ns, At safepoint: 4391059 ns, Total: 4549114 ns
[2022-06-30T12:39:16.427+0000][6][gc          ] GC(65) Concurrent Mark Cycle
[2022-06-30T12:39:16.427+0000][6][gc,marking  ] GC(65) Concurrent Clear Claimed Marks
[2022-06-30T12:39:16.427+0000][6][gc,marking  ] GC(65) Concurrent Clear Claimed Marks 0.040ms
[2022-06-30T12:39:16.427+0000][6][gc,marking  ] GC(65) Concurrent Scan Root Regions
[2022-06-30T12:39:16.428+0000][6][gc,marking  ] GC(65) Concurrent Scan Root Regions 1.136ms
[2022-06-30T12:39:16.428+0000][6][gc,marking  ] GC(65) Concurrent Mark
[2022-06-30T12:39:16.428+0000][6][gc,marking  ] GC(65) Concurrent Mark From Roots
[2022-06-30T12:39:16.428+0000][6][gc,task     ] GC(65) Using 1 workers of 1 for marking
[2022-06-30T12:39:16.545+0000][6][gc,marking  ] GC(65) Concurrent Mark From Roots 116.357ms
[2022-06-30T12:39:16.545+0000][6][gc,marking  ] GC(65) Concurrent Preclean
[2022-06-30T12:39:16.545+0000][6][gc,marking  ] GC(65) Concurrent Preclean 0.127ms
[2022-06-30T12:39:16.545+0000][6][gc,start    ] GC(65) Pause Remark
[2022-06-30T12:39:16.560+0000][6][gc          ] GC(65) Pause Remark 96M->96M(256M) 15.223ms
[2022-06-30T12:39:16.560+0000][6][gc,cpu      ] GC(65) User=0.02s Sys=0.00s Real=0.02s
[2022-06-30T12:39:16.560+0000][6][safepoint   ] Safepoint "G1Concurrent", Time since last: 117814695 ns, Reaching safepoint: 29867 ns, At safepoint: 15280438 ns, Total: 15310305 ns
[2022-06-30T12:39:16.560+0000][6][gc,marking  ] GC(65) Concurrent Mark 131.897ms
[2022-06-30T12:39:16.560+0000][6][gc,marking  ] GC(65) Concurrent Rebuild Remembered Sets
[2022-06-30T12:39:16.626+0000][6][gc,marking  ] GC(65) Concurrent Rebuild Remembered Sets 65.648ms
[2022-06-30T12:39:16.626+0000][6][gc,start    ] GC(65) Pause Cleanup
[2022-06-30T12:39:16.626+0000][6][gc          ] GC(65) Pause Cleanup 97M->97M(256M) 0.050ms
[2022-06-30T12:39:16.626+0000][6][gc,cpu      ] GC(65) User=0.00s Sys=0.00s Real=0.00s
[2022-06-30T12:39:16.626+0000][6][safepoint   ] Safepoint "G1Concurrent", Time since last: 65745636 ns, Reaching safepoint: 35227 ns, At safepoint: 85706 ns, Total: 120933 ns
[2022-06-30T12:39:16.626+0000][6][gc,marking  ] GC(65) Concurrent Cleanup for Next Mark
[2022-06-30T12:39:16.627+0000][6][gc,marking  ] GC(65) Concurrent Cleanup for Next Mark 0.691ms
[2022-06-30T12:39:16.627+0000][6][gc          ] GC(65) Concurrent Mark Cycle 199.684ms
[2022-06-30T12:39:20.626+0000][6][safepoint   ] Safepoint "Cleanup", Time since last: 4000478063 ns, Reaching safepoint: 35305 ns, At safepoint: 4325 ns, Total: 39630 ns
[2022-06-30T12:39:50.630+0000][6][safepoint   ] Safepoint "Cleanup", Time since last: 30003324450 ns, Reaching safepoint: 37012 ns, At safepoint: 4730 ns, Total: 41742 ns
[2022-06-30T12:39:52.630+0000][6][safepoint   ] Safepoint "Cleanup", Time since last: 2000266561 ns, Reaching safepoint: 38865 ns, At safepoint: 4855 ns, Total: 43720 ns
[2022-06-30T12:39:57.631+0000][6][safepoint   ] Safepoint "Cleanup", Time since last: 5000571233 ns, Reaching safepoint: 50416 ns, At safepoint: 6730 ns, Total: 57146 ns
[2022-06-30T12:40:50.636+0000][6][safepoint   ] Safepoint "Cleanup", Time since last: 53005575325 ns, Reaching safepoint: 40408 ns, At safepoint: 4595 ns, Total: 45003 ns
[2022-06-30T12:40:52.637+0000][6][safepoint   ] Safepoint "Cleanup", Time since last: 2000296459 ns, Reaching safepoint: 35353 ns, At safepoint: 4371 ns, Total: 39724 ns
[2022-06-30T12:40:57.637+0000][6][safepoint   ] Safepoint "Cleanup", Time since last: 5000632137 ns, Reaching safepoint: 56710 ns, At safepoint: 8923 ns, Total: 65633 ns
[2022-06-30T12:41:40.642+0000][6][safepoint   ] Safepoint "Cleanup", Time since last: 43004762737 ns, Reaching safepoint: 36904 ns, At safepoint: 4711 ns, Total: 41615 ns
[2022-06-30T12:42:25.573+0000][6][gc,start    ] GC(66) Pause Young (Normal) (G1 Evacuation Pause)
[2022-06-30T12:42:25.573+0000][6][gc,task     ] GC(66) Using 1 workers of 1 for evacuation
[2022-06-30T12:42:25.573+0000][6][gc,age      ] GC(66) Desired survivor size 8388608 bytes, new threshold 15 (max threshold 15)
[2022-06-30T12:42:25.577+0000][6][gc,phases   ] GC(66)   Pre Evacuate Collection Set: 0.1ms
[2022-06-30T12:42:25.577+0000][6][gc,phases   ] GC(66)   Merge Heap Roots: 0.1ms
[2022-06-30T12:42:25.577+0000][6][gc,phases   ] GC(66)   Evacuate Collection Set: 2.7ms
[2022-06-30T12:42:25.577+0000][6][gc,phases   ] GC(66)   Post Evacuate Collection Set: 1.0ms
[2022-06-30T12:42:25.577+0000][6][gc,phases   ] GC(66)   Other: 0.1ms
[2022-06-30T12:42:25.577+0000][6][gc,age      ] GC(66) Age table with threshold 15 (max threshold 15)
[2022-06-30T12:42:25.577+0000][6][gc,age      ] GC(66) - age   1:      12984 bytes,      12984 total
[2022-06-30T12:42:25.577+0000][6][gc,age      ] GC(66) - age   2:       3624 bytes,      16608 total
[2022-06-30T12:42:25.577+0000][6][gc,age      ] GC(66) - age   3:        392 bytes,      17000 total
[2022-06-30T12:42:25.577+0000][6][gc,age      ] GC(66) - age   4:       3616 bytes,      20616 total
[2022-06-30T12:42:25.577+0000][6][gc,age      ] GC(66) - age   5:       4480 bytes,      25096 total
[2022-06-30T12:42:25.577+0000][6][gc,age      ] GC(66) - age   6:       3176 bytes,      28272 total
[2022-06-30T12:42:25.577+0000][6][gc,age      ] GC(66) - age   7:       1600 bytes,      29872 total
[2022-06-30T12:42:25.577+0000][6][gc,age      ] GC(66) - age   8:       4480 bytes,      34352 total
[2022-06-30T12:42:25.577+0000][6][gc,age      ] GC(66) - age   9:      18232 bytes,      52584 total
[2022-06-30T12:42:25.577+0000][6][gc,age      ] GC(66) - age  10:       4952 bytes,      57536 total
[2022-06-30T12:42:25.577+0000][6][gc,age      ] GC(66) - age  11:       5736 bytes,      63272 total
[2022-06-30T12:42:25.577+0000][6][gc,age      ] GC(66) - age  12:      14600 bytes,      77872 total
[2022-06-30T12:42:25.577+0000][6][gc,age      ] GC(66) - age  13:      13752 bytes,      91624 total
[2022-06-30T12:42:25.577+0000][6][gc,age      ] GC(66) - age  14:      51168 bytes,     142792 total
[2022-06-30T12:42:25.577+0000][6][gc,age      ] GC(66) - age  15:       4448 bytes,     147240 total
[2022-06-30T12:42:25.577+0000][6][gc,heap     ] GC(66) Eden regions: 27->0(27)
[2022-06-30T12:42:25.577+0000][6][gc,heap     ] GC(66) Survivor regions: 1->1(4)
[2022-06-30T12:42:25.577+0000][6][gc,heap     ] GC(66) Old regions: 21->21
[2022-06-30T12:42:25.577+0000][6][gc,heap     ] GC(66) Archive regions: 2->2
[2022-06-30T12:42:25.577+0000][6][gc,heap     ] GC(66) Humongous regions: 2->2
[2022-06-30T12:42:25.577+0000][6][gc,metaspace] GC(66) Metaspace: 108946K(113408K)->108946K(113408K) NonClass: 94319K(96896K)->94319K(96896K) Class: 14626K(16512K)->14626K(16512K)
[2022-06-30T12:42:25.577+0000][6][gc          ] GC(66) Pause Young (Normal) (G1 Evacuation Pause) 203M->95M(256M) 4.166ms
[2022-06-30T12:42:25.577+0000][6][gc,cpu      ] GC(66) User=0.00s Sys=0.00s Real=0.01s
[2022-06-30T12:42:25.577+0000][6][safepoint   ] Safepoint "G1CollectForAllocation", Time since last: 44930523794 ns, Reaching safepoint: 155118 ns, At safepoint: 4224224 ns, Total: 4379342 ns
[2022-06-30T12:43:50.586+0000][6][safepoint   ] Safepoint "Cleanup", Time since last: 85009171933 ns, Reaching safepoint: 41785 ns, At safepoint: 4782 ns, Total: 46567 ns
[2022-06-30T12:44:50.593+0000][6][safepoint   ] Safepoint "Cleanup", Time since last: 60006574467 ns, Reaching safepoint: 39774 ns, At safepoint: 4350 ns, Total: 44124 ns
[2022-06-30T12:45:20.596+0000][6][safepoint   ] Safepoint "Cleanup", Time since last: 30002948136 ns, Reaching safepoint: 37287 ns, At safepoint: 4493 ns, Total: 41780 ns
[2022-06-30T12:45:40.727+0000][6][gc,start    ] GC(67) Pause Young (Concurrent Start) (G1 Evacuation Pause)
[2022-06-30T12:45:40.727+0000][6][gc,task     ] GC(67) Using 1 workers of 1 for evacuation
[2022-06-30T12:45:40.727+0000][6][gc,age      ] GC(67) Desired survivor size 8388608 bytes, new threshold 15 (max threshold 15)
[2022-06-30T12:45:40.731+0000][6][gc,phases   ] GC(67)   Pre Evacuate Collection Set: 0.2ms
[2022-06-30T12:45:40.731+0000][6][gc,phases   ] GC(67)   Merge Heap Roots: 0.0ms
[2022-06-30T12:45:40.731+0000][6][gc,phases   ] GC(67)   Evacuate Collection Set: 2.3ms
[2022-06-30T12:45:40.731+0000][6][gc,phases   ] GC(67)   Post Evacuate Collection Set: 1.0ms
[2022-06-30T12:45:40.731+0000][6][gc,phases   ] GC(67)   Other: 0.1ms
[2022-06-30T12:45:40.731+0000][6][gc,age      ] GC(67) Age table with threshold 15 (max threshold 15)
[2022-06-30T12:45:40.731+0000][6][gc,age      ] GC(67) - age   1:      15552 bytes,      15552 total
[2022-06-30T12:45:40.731+0000][6][gc,age      ] GC(67) - age   2:        216 bytes,      15768 total
[2022-06-30T12:45:40.731+0000][6][gc,age      ] GC(67) - age   3:       3424 bytes,      19192 total
[2022-06-30T12:45:40.731+0000][6][gc,age      ] GC(67) - age   4:        392 bytes,      19584 total
[2022-06-30T12:45:40.731+0000][6][gc,age      ] GC(67) - age   5:       3616 bytes,      23200 total
[2022-06-30T12:45:40.731+0000][6][gc,age      ] GC(67) - age   6:       4480 bytes,      27680 total
[2022-06-30T12:45:40.731+0000][6][gc,age      ] GC(67) - age   7:       3176 bytes,      30856 total
[2022-06-30T12:45:40.731+0000][6][gc,age      ] GC(67) - age   8:       1600 bytes,      32456 total
[2022-06-30T12:45:40.731+0000][6][gc,age      ] GC(67) - age   9:       4480 bytes,      36936 total
[2022-06-30T12:45:40.731+0000][6][gc,age      ] GC(67) - age  10:      18232 bytes,      55168 total
[2022-06-30T12:45:40.731+0000][6][gc,age      ] GC(67) - age  11:       4952 bytes,      60120 total
[2022-06-30T12:45:40.731+0000][6][gc,age      ] GC(67) - age  12:       5736 bytes,      65856 total
[2022-06-30T12:45:40.731+0000][6][gc,age      ] GC(67) - age  13:      14600 bytes,      80456 total
[2022-06-30T12:45:40.731+0000][6][gc,age      ] GC(67) - age  14:      13752 bytes,      94208 total
[2022-06-30T12:45:40.731+0000][6][gc,age      ] GC(67) - age  15:      51168 bytes,     145376 total
[2022-06-30T12:45:40.731+0000][6][gc,heap     ] GC(67) Eden regions: 27->0(27)
[2022-06-30T12:45:40.731+0000][6][gc,heap     ] GC(67) Survivor regions: 1->1(4)
[2022-06-30T12:45:40.731+0000][6][gc,heap     ] GC(67) Old regions: 21->21
[2022-06-30T12:45:40.731+0000][6][gc,heap     ] GC(67) Archive regions: 2->2
[2022-06-30T12:45:40.731+0000][6][gc,heap     ] GC(67) Humongous regions: 2->2
[2022-06-30T12:45:40.731+0000][6][gc,metaspace] GC(67) Metaspace: 108948K(113408K)->108948K(113408K) NonClass: 94322K(96896K)->94322K(96896K) Class: 14626K(16512K)->14626K(16512K)
[2022-06-30T12:45:40.731+0000][6][gc          ] GC(67) Pause Young (Concurrent Start) (G1 Evacuation Pause) 203M->95M(256M) 3.883ms
[2022-06-30T12:45:40.731+0000][6][gc,cpu      ] GC(67) User=0.01s Sys=0.00s Real=0.00s
[2022-06-30T12:45:40.731+0000][6][safepoint   ] Safepoint "G1CollectForAllocation", Time since last: 20131018243 ns, Reaching safepoint: 25864 ns, At safepoint: 3933396 ns, Total: 3959260 ns
[2022-06-30T12:45:40.731+0000][6][gc          ] GC(68) Concurrent Mark Cycle
[2022-06-30T12:45:40.731+0000][6][gc,marking  ] GC(68) Concurrent Clear Claimed Marks
[2022-06-30T12:45:40.731+0000][6][gc,marking  ] GC(68) Concurrent Clear Claimed Marks 0.042ms
[2022-06-30T12:45:40.731+0000][6][gc,marking  ] GC(68) Concurrent Scan Root Regions
[2022-06-30T12:45:40.732+0000][6][gc,marking  ] GC(68) Concurrent Scan Root Regions 1.068ms
[2022-06-30T12:45:40.732+0000][6][gc,marking  ] GC(68) Concurrent Mark
[2022-06-30T12:45:40.732+0000][6][gc,marking  ] GC(68) Concurrent Mark From Roots
[2022-06-30T12:45:40.732+0000][6][gc,task     ] GC(68) Using 1 workers of 1 for marking
[2022-06-30T12:45:40.855+0000][6][gc,marking  ] GC(68) Concurrent Mark From Roots 122.641ms
[2022-06-30T12:45:40.855+0000][6][gc,marking  ] GC(68) Concurrent Preclean
[2022-06-30T12:45:40.855+0000][6][gc,marking  ] GC(68) Concurrent Preclean 0.140ms
[2022-06-30T12:45:40.855+0000][6][gc,start    ] GC(68) Pause Remark
[2022-06-30T12:45:40.871+0000][6][gc          ] GC(68) Pause Remark 96M->96M(256M) 15.566ms
[2022-06-30T12:45:40.871+0000][6][gc,cpu      ] GC(68) User=0.02s Sys=0.00s Real=0.01s
[2022-06-30T12:45:40.871+0000][6][safepoint   ] Safepoint "G1Concurrent", Time since last: 124070034 ns, Reaching safepoint: 24888 ns, At safepoint: 15638564 ns, Total: 15663452 ns
[2022-06-30T12:45:40.871+0000][6][gc,marking  ] GC(68) Concurrent Mark 138.558ms
[2022-06-30T12:45:40.871+0000][6][gc,marking  ] GC(68) Concurrent Rebuild Remembered Sets
[2022-06-30T12:45:40.937+0000][6][gc,marking  ] GC(68) Concurrent Rebuild Remembered Sets 66.379ms
[2022-06-30T12:45:40.937+0000][6][gc,start    ] GC(68) Pause Cleanup
[2022-06-30T12:45:40.937+0000][6][gc          ] GC(68) Pause Cleanup 97M->97M(256M) 0.051ms
[2022-06-30T12:45:40.937+0000][6][gc,cpu      ] GC(68) User=0.00s Sys=0.00s Real=0.00s
[2022-06-30T12:45:40.937+0000][6][safepoint   ] Safepoint "G1Concurrent", Time since last: 66478567 ns, Reaching safepoint: 23813 ns, At safepoint: 88149 ns, Total: 111962 ns
[2022-06-30T12:45:40.937+0000][6][gc,marking  ] GC(68) Concurrent Cleanup for Next Mark
[2022-06-30T12:45:40.938+0000][6][gc,marking  ] GC(68) Concurrent Cleanup for Next Mark 0.655ms
[2022-06-30T12:45:40.938+0000][6][gc          ] GC(68) Concurrent Mark Cycle 206.973ms
[2022-06-30T12:45:50.938+0000][6][safepoint   ] Safepoint "Cleanup", Time since last: 10001094666 ns, Reaching safepoint: 36792 ns, At safepoint: 4245 ns, Total: 41037 ns
[2022-06-30T12:47:51.954+0000][6][safepoint   ] Safepoint "Cleanup", Time since last: 121015981416 ns, Reaching safepoint: 39512 ns, At safepoint: 4857 ns, Total: 44369 ns
[2022-06-30T12:47:52.955+0000][6][safepoint   ] Safepoint "Cleanup", Time since last: 1000133524 ns, Reaching safepoint: 37700 ns, At safepoint: 4818 ns, Total: 42518 ns
[2022-06-30T12:48:50.887+0000][6][gc,start    ] GC(69) Pause Young (Normal) (G1 Evacuation Pause)
[2022-06-30T12:48:50.887+0000][6][gc,task     ] GC(69) Using 1 workers of 1 for evacuation
[2022-06-30T12:48:50.887+0000][6][gc,age      ] GC(69) Desired survivor size 8388608 bytes, new threshold 15 (max threshold 15)
[2022-06-30T12:48:50.891+0000][6][gc,phases   ] GC(69)   Pre Evacuate Collection Set: 0.0ms
[2022-06-30T12:48:50.891+0000][6][gc,phases   ] GC(69)   Merge Heap Roots: 0.1ms
[2022-06-30T12:48:50.891+0000][6][gc,phases   ] GC(69)   Evacuate Collection Set: 2.6ms
[2022-06-30T12:48:50.891+0000][6][gc,phases   ] GC(69)   Post Evacuate Collection Set: 1.0ms
[2022-06-30T12:48:50.891+0000][6][gc,phases   ] GC(69)   Other: 0.1ms
[2022-06-30T12:48:50.891+0000][6][gc,age      ] GC(69) Age table with threshold 15 (max threshold 15)
[2022-06-30T12:48:50.891+0000][6][gc,age      ] GC(69) - age   1:      17072 bytes,      17072 total
[2022-06-30T12:48:50.891+0000][6][gc,age      ] GC(69) - age   2:        728 bytes,      17800 total
[2022-06-30T12:48:50.891+0000][6][gc,age      ] GC(69) - age   3:        216 bytes,      18016 total
[2022-06-30T12:48:50.891+0000][6][gc,age      ] GC(69) - age   4:       3360 bytes,      21376 total
[2022-06-30T12:48:50.891+0000][6][gc,age      ] GC(69) - age   6:       3416 bytes,      24792 total
[2022-06-30T12:48:50.891+0000][6][gc,age      ] GC(69) - age   7:       4480 bytes,      29272 total
[2022-06-30T12:48:50.891+0000][6][gc,age      ] GC(69) - age   8:       3176 bytes,      32448 total
[2022-06-30T12:48:50.891+0000][6][gc,age      ] GC(69) - age   9:       1400 bytes,      33848 total
[2022-06-30T12:48:50.891+0000][6][gc,age      ] GC(69) - age  10:       4480 bytes,      38328 total
[2022-06-30T12:48:50.891+0000][6][gc,age      ] GC(69) - age  11:      18232 bytes,      56560 total
[2022-06-30T12:48:50.891+0000][6][gc,age      ] GC(69) - age  12:       4952 bytes,      61512 total
[2022-06-30T12:48:50.891+0000][6][gc,age      ] GC(69) - age  13:       5736 bytes,      67248 total
[2022-06-30T12:48:50.891+0000][6][gc,age      ] GC(69) - age  14:      14600 bytes,      81848 total
[2022-06-30T12:48:50.891+0000][6][gc,age      ] GC(69) - age  15:      13752 bytes,      95600 total
[2022-06-30T12:48:50.891+0000][6][gc,heap     ] GC(69) Eden regions: 27->0(27)
[2022-06-30T12:48:50.891+0000][6][gc,heap     ] GC(69) Survivor regions: 1->1(4)
[2022-06-30T12:48:50.891+0000][6][gc,heap     ] GC(69) Old regions: 21->21
[2022-06-30T12:48:50.891+0000][6][gc,heap     ] GC(69) Archive regions: 2->2
[2022-06-30T12:48:50.891+0000][6][gc,heap     ] GC(69) Humongous regions: 2->2
[2022-06-30T12:48:50.891+0000][6][gc,metaspace] GC(69) Metaspace: 108968K(113408K)->108968K(113408K) NonClass: 94341K(96896K)->94341K(96896K) Class: 14627K(16512K)->14627K(16512K)
[2022-06-30T12:48:50.891+0000][6][gc          ] GC(69) Pause Young (Normal) (G1 Evacuation Pause) 203M->95M(256M) 4.119ms
[2022-06-30T12:48:50.891+0000][6][gc,cpu      ] GC(69) User=0.00s Sys=0.00s Real=0.00s
[2022-06-30T12:48:50.891+0000][6][safepoint   ] Safepoint "G1CollectForAllocation", Time since last: 57932637118 ns, Reaching safepoint: 26220 ns, At safepoint: 4172367 ns, Total: 4198587 ns
[2022-06-30T12:48:51.892+0000][6][safepoint   ] Safepoint "Cleanup", Time since last: 1000124193 ns, Reaching safepoint: 38488 ns, At safepoint: 4430 ns, Total: 42918 ns
[2022-06-30T12:49:04.893+0000][6][safepoint   ] Safepoint "Cleanup", Time since last: 13001620531 ns, Reaching safepoint: 39051 ns, At safepoint: 4675 ns, Total: 43726 ns
[2022-06-30T12:49:05.893+0000][6][safepoint   ] Safepoint "Cleanup", Time since last: 1000173086 ns, Reaching safepoint: 39517 ns, At safepoint: 4725 ns, Total: 44242 ns
[2022-06-30T12:49:20.895+0000][6][safepoint   ] Safepoint "Cleanup", Time since last: 15001704349 ns, Reaching safepoint: 38403 ns, At safepoint: 4640 ns, Total: 43043 ns
[2022-06-30T12:49:22.895+0000][6][safepoint   ] Safepoint "Cleanup", Time since last: 2000234246 ns, Reaching safepoint: 37769 ns, At safepoint: 4328 ns, Total: 42097 ns
[2022-06-30T12:49:31.897+0000][6][safepoint   ] Safepoint "Cleanup", Time since last: 9001022128 ns, Reaching safepoint: 36978 ns, At safepoint: 4789 ns, Total: 41767 ns
[2022-06-30T12:49:50.899+0000][6][safepoint   ] Safepoint "Cleanup", Time since last: 19002122168 ns, Reaching safepoint: 40489 ns, At safepoint: 4665 ns, Total: 45154 ns
[2022-06-30T12:50:20.906+0000][6][safepoint   ] Safepoint "Cleanup", Time since last: 30007349549 ns, Reaching safepoint: 35438 ns, At safepoint: 4482 ns, Total: 39920 ns
[2022-06-30T12:50:44.909+0000][6][safepoint   ] Safepoint "Cleanup", Time since last: 24002516349 ns, Reaching safepoint: 55526 ns, At safepoint: 17944 ns, Total: 73470 ns
[2022-06-30T12:51:20.913+0000][6][safepoint   ] Safepoint "Cleanup", Time since last: 36003856421 ns, Reaching safepoint: 38949 ns, At safepoint: 4437 ns, Total: 43386 ns
[2022-06-30T12:52:01.043+0000][6][gc,start    ] GC(70) Pause Young (Concurrent Start) (G1 Evacuation Pause)
[2022-06-30T12:52:01.043+0000][6][gc,task     ] GC(70) Using 1 workers of 1 for evacuation
[2022-06-30T12:52:01.043+0000][6][gc,age      ] GC(70) Desired survivor size 8388608 bytes, new threshold 15 (max threshold 15)
[2022-06-30T12:52:01.046+0000][6][gc,phases   ] GC(70)   Pre Evacuate Collection Set: 0.2ms
[2022-06-30T12:52:01.046+0000][6][gc,phases   ] GC(70)   Merge Heap Roots: 0.0ms
[2022-06-30T12:52:01.046+0000][6][gc,phases   ] GC(70)   Evacuate Collection Set: 2.0ms
[2022-06-30T12:52:01.046+0000][6][gc,phases   ] GC(70)   Post Evacuate Collection Set: 0.9ms
[2022-06-30T12:52:01.046+0000][6][gc,phases   ] GC(70)   Other: 0.1ms
[2022-06-30T12:52:01.046+0000][6][gc,age      ] GC(70) Age table with threshold 15 (max threshold 15)
[2022-06-30T12:52:01.046+0000][6][gc,age      ] GC(70) - age   1:      54168 bytes,      54168 total
[2022-06-30T12:52:01.046+0000][6][gc,age      ] GC(70) - age   2:       1912 bytes,      56080 total
[2022-06-30T12:52:01.046+0000][6][gc,age      ] GC(70) - age   3:        728 bytes,      56808 total
[2022-06-30T12:52:01.046+0000][6][gc,age      ] GC(70) - age   4:        216 bytes,      57024 total
[2022-06-30T12:52:01.046+0000][6][gc,age      ] GC(70) - age   5:       2200 bytes,      59224 total
[2022-06-30T12:52:01.046+0000][6][gc,age      ] GC(70) - age   7:       3416 bytes,      62640 total
[2022-06-30T12:52:01.046+0000][6][gc,age      ] GC(70) - age   8:       4480 bytes,      67120 total
[2022-06-30T12:52:01.046+0000][6][gc,age      ] GC(70) - age   9:       3176 bytes,      70296 total
[2022-06-30T12:52:01.046+0000][6][gc,age      ] GC(70) - age  10:       1400 bytes,      71696 total
[2022-06-30T12:52:01.046+0000][6][gc,age      ] GC(70) - age  11:       4480 bytes,      76176 total
[2022-06-30T12:52:01.046+0000][6][gc,age      ] GC(70) - age  12:      18232 bytes,      94408 total
[2022-06-30T12:52:01.046+0000][6][gc,age      ] GC(70) - age  13:       4952 bytes,      99360 total
[2022-06-30T12:52:01.046+0000][6][gc,age      ] GC(70) - age  14:       5696 bytes,     105056 total
[2022-06-30T12:52:01.046+0000][6][gc,age      ] GC(70) - age  15:      14600 bytes,     119656 total
[2022-06-30T12:52:01.046+0000][6][gc,heap     ] GC(70) Eden regions: 27->0(27)
[2022-06-30T12:52:01.046+0000][6][gc,heap     ] GC(70) Survivor regions: 1->1(4)
[2022-06-30T12:52:01.046+0000][6][gc,heap     ] GC(70) Old regions: 21->21
[2022-06-30T12:52:01.046+0000][6][gc,heap     ] GC(70) Archive regions: 2->2
[2022-06-30T12:52:01.046+0000][6][gc,heap     ] GC(70) Humongous regions: 2->2
[2022-06-30T12:52:01.046+0000][6][gc,metaspace] GC(70) Metaspace: 109009K(113408K)->109009K(113408K) NonClass: 94382K(96896K)->94382K(96896K) Class: 14627K(16512K)->14627K(16512K)
[2022-06-30T12:52:01.046+0000][6][gc          ] GC(70) Pause Young (Concurrent Start) (G1 Evacuation Pause) 203M->95M(256M) 3.430ms
[2022-06-30T12:52:01.046+0000][6][gc,cpu      ] GC(70) User=0.00s Sys=0.00s Real=0.00s
[2022-06-30T12:52:01.046+0000][6][safepoint   ] Safepoint "G1CollectForAllocation", Time since last: 40129814257 ns, Reaching safepoint: 163492 ns, At safepoint: 3480520 ns, Total: 3644012 ns
[2022-06-30T12:52:01.046+0000][6][gc          ] GC(71) Concurrent Mark Cycle
[2022-06-30T12:52:01.046+0000][6][gc,marking  ] GC(71) Concurrent Clear Claimed Marks
[2022-06-30T12:52:01.046+0000][6][gc,marking  ] GC(71) Concurrent Clear Claimed Marks 0.041ms
[2022-06-30T12:52:01.046+0000][6][gc,marking  ] GC(71) Concurrent Scan Root Regions
[2022-06-30T12:52:01.047+0000][6][gc,marking  ] GC(71) Concurrent Scan Root Regions 1.095ms
[2022-06-30T12:52:01.047+0000][6][gc,marking  ] GC(71) Concurrent Mark
[2022-06-30T12:52:01.047+0000][6][gc,marking  ] GC(71) Concurrent Mark From Roots
[2022-06-30T12:52:01.047+0000][6][gc,task     ] GC(71) Using 1 workers of 1 for marking
[2022-06-30T12:52:01.166+0000][6][gc,marking  ] GC(71) Concurrent Mark From Roots 118.711ms
[2022-06-30T12:52:01.166+0000][6][gc,marking  ] GC(71) Concurrent Preclean
[2022-06-30T12:52:01.166+0000][6][gc,marking  ] GC(71) Concurrent Preclean 0.134ms
[2022-06-30T12:52:01.166+0000][6][gc,start    ] GC(71) Pause Remark
[2022-06-30T12:52:01.182+0000][6][gc          ] GC(71) Pause Remark 96M->96M(256M) 15.392ms
[2022-06-30T12:52:01.182+0000][6][gc,cpu      ] GC(71) User=0.02s Sys=0.00s Real=0.02s
[2022-06-30T12:52:01.182+0000][6][safepoint   ] Safepoint "G1Concurrent", Time since last: 120143884 ns, Reaching safepoint: 31411 ns, At safepoint: 15459517 ns, Total: 15490928 ns
[2022-06-30T12:52:01.182+0000][6][gc,marking  ] GC(71) Concurrent Mark 134.479ms
[2022-06-30T12:52:01.182+0000][6][gc,marking  ] GC(71) Concurrent Rebuild Remembered Sets
[2022-06-30T12:52:01.248+0000][6][gc,marking  ] GC(71) Concurrent Rebuild Remembered Sets 65.903ms
[2022-06-30T12:52:01.248+0000][6][gc,start    ] GC(71) Pause Cleanup
[2022-06-30T12:52:01.248+0000][6][gc          ] GC(71) Pause Cleanup 97M->97M(256M) 0.051ms
[2022-06-30T12:52:01.248+0000][6][gc,cpu      ] GC(71) User=0.00s Sys=0.00s Real=0.00s
[2022-06-30T12:52:01.248+0000][6][safepoint   ] Safepoint "G1Concurrent", Time since last: 66043635 ns, Reaching safepoint: 23055 ns, At safepoint: 88092 ns, Total: 111147 ns
[2022-06-30T12:52:01.248+0000][6][gc,marking  ] GC(71) Concurrent Cleanup for Next Mark
[2022-06-30T12:52:01.248+0000][6][gc,marking  ] GC(71) Concurrent Cleanup for Next Mark 0.647ms
[2022-06-30T12:52:01.248+0000][6][gc          ] GC(71) Concurrent Mark Cycle 202.427ms
[2022-06-30T12:52:21.250+0000][6][safepoint   ] Safepoint "Cleanup", Time since last: 20002019539 ns, Reaching safepoint: 36431 ns, At safepoint: 4888 ns, Total: 41319 ns
[2022-06-30T12:52:23.250+0000][6][safepoint   ] Safepoint "Cleanup", Time since last: 2000238707 ns, Reaching safepoint: 34460 ns, At safepoint: 4920 ns, Total: 39380 ns
[2022-06-30T12:52:51.254+0000][6][safepoint   ] Safepoint "Cleanup", Time since last: 28003391418 ns, Reaching safepoint: 42612 ns, At safepoint: 4930 ns, Total: 47542 ns
[2022-06-30T12:53:23.257+0000][6][safepoint   ] Safepoint "Cleanup", Time since last: 32003386335 ns, Reaching safepoint: 38030 ns, At safepoint: 4490 ns, Total: 42520 ns
[2022-06-30T12:54:10.262+0000][6][safepoint   ] Safepoint "Cleanup", Time since last: 47004640993 ns, Reaching safepoint: 38713 ns, At safepoint: 5008 ns, Total: 43721 ns
[2022-06-30T12:54:21.263+0000][6][safepoint   ] Safepoint "Cleanup", Time since last: 11001055156 ns, Reaching safepoint: 39792 ns, At safepoint: 4079 ns, Total: 43871 ns
[2022-06-30T12:54:51.266+0000][6][safepoint   ] Safepoint "Cleanup", Time since last: 30003224197 ns, Reaching safepoint: 42728 ns, At safepoint: 4934 ns, Total: 47662 ns
[2022-06-30T12:55:14.183+0000][6][gc,start    ] GC(72) Pause Young (Normal) (G1 Evacuation Pause)
[2022-06-30T12:55:14.183+0000][6][gc,task     ] GC(72) Using 1 workers of 1 for evacuation
[2022-06-30T12:55:14.183+0000][6][gc,age      ] GC(72) Desired survivor size 8388608 bytes, new threshold 15 (max threshold 15)
[2022-06-30T12:55:14.187+0000][6][gc,phases   ] GC(72)   Pre Evacuate Collection Set: 0.0ms
[2022-06-30T12:55:14.187+0000][6][gc,phases   ] GC(72)   Merge Heap Roots: 0.1ms
[2022-06-30T12:55:14.187+0000][6][gc,phases   ] GC(72)   Evacuate Collection Set: 2.2ms
[2022-06-30T12:55:14.187+0000][6][gc,phases   ] GC(72)   Post Evacuate Collection Set: 1.0ms
[2022-06-30T12:55:14.187+0000][6][gc,phases   ] GC(72)   Other: 0.1ms
[2022-06-30T12:55:14.187+0000][6][gc,age      ] GC(72) Age table with threshold 15 (max threshold 15)
[2022-06-30T12:55:14.187+0000][6][gc,age      ] GC(72) - age   1:      15040 bytes,      15040 total
[2022-06-30T12:55:14.187+0000][6][gc,age      ] GC(72) - age   2:       2216 bytes,      17256 total
[2022-06-30T12:55:14.187+0000][6][gc,age      ] GC(72) - age   3:       1888 bytes,      19144 total
[2022-06-30T12:55:14.187+0000][6][gc,age      ] GC(72) - age   4:        728 bytes,      19872 total
[2022-06-30T12:55:14.187+0000][6][gc,age      ] GC(72) - age   5:        216 bytes,      20088 total
[2022-06-30T12:55:14.187+0000][6][gc,age      ] GC(72) - age   6:       2200 bytes,      22288 total
[2022-06-30T12:55:14.187+0000][6][gc,age      ] GC(72) - age   8:       3416 bytes,      25704 total
[2022-06-30T12:55:14.187+0000][6][gc,age      ] GC(72) - age   9:       4480 bytes,      30184 total
[2022-06-30T12:55:14.187+0000][6][gc,age      ] GC(72) - age  10:       2976 bytes,      33160 total
[2022-06-30T12:55:14.187+0000][6][gc,age      ] GC(72) - age  11:       1400 bytes,      34560 total
[2022-06-30T12:55:14.187+0000][6][gc,age      ] GC(72) - age  12:       4480 bytes,      39040 total
[2022-06-30T12:55:14.187+0000][6][gc,age      ] GC(72) - age  13:      18232 bytes,      57272 total
[2022-06-30T12:55:14.187+0000][6][gc,age      ] GC(72) - age  14:       4952 bytes,      62224 total
[2022-06-30T12:55:14.187+0000][6][gc,age      ] GC(72) - age  15:       5696 bytes,      67920 total
[2022-06-30T12:55:14.187+0000][6][gc,heap     ] GC(72) Eden regions: 27->0(27)
[2022-06-30T12:55:14.187+0000][6][gc,heap     ] GC(72) Survivor regions: 1->1(4)
[2022-06-30T12:55:14.187+0000][6][gc,heap     ] GC(72) Old regions: 21->21
[2022-06-30T12:55:14.187+0000][6][gc,heap     ] GC(72) Archive regions: 2->2
[2022-06-30T12:55:14.187+0000][6][gc,heap     ] GC(72) Humongous regions: 2->2
[2022-06-30T12:55:14.187+0000][6][gc,metaspace] GC(72) Metaspace: 109036K(113408K)->109036K(113408K) NonClass: 94409K(96896K)->94409K(96896K) Class: 14627K(16512K)->14627K(16512K)
[2022-06-30T12:55:14.187+0000][6][gc          ] GC(72) Pause Young (Normal) (G1 Evacuation Pause) 203M->95M(256M) 3.651ms
[2022-06-30T12:55:14.187+0000][6][gc,cpu      ] GC(72) User=0.01s Sys=0.00s Real=0.01s
[2022-06-30T12:55:14.187+0000][6][safepoint   ] Safepoint "G1CollectForAllocation", Time since last: 22917028761 ns, Reaching safepoint: 28437 ns, At safepoint: 3693887 ns, Total: 3722324 ns
[2022-06-30T12:55:45.191+0000][6][safepoint   ] Safepoint "Cleanup", Time since last: 31003746950 ns, Reaching safepoint: 44443 ns, At safepoint: 4855 ns, Total: 49298 ns
[2022-06-30T12:56:22.195+0000][6][safepoint   ] Safepoint "Cleanup", Time since last: 37004380967 ns, Reaching safepoint: 38482 ns, At safepoint: 4934 ns, Total: 43416 ns
[2022-06-30T12:57:28.202+0000][6][safepoint   ] Safepoint "Cleanup", Time since last: 66007120056 ns, Reaching safepoint: 38675 ns, At safepoint: 5250 ns, Total: 43925 ns
[2022-06-30T12:57:30.203+0000][6][safepoint   ] Safepoint "Cleanup", Time since last: 2000274436 ns, Reaching safepoint: 43397 ns, At safepoint: 5048 ns, Total: 48445 ns
[2022-06-30T12:58:25.336+0000][6][gc,start    ] GC(73) Pause Young (Concurrent Start) (G1 Evacuation Pause)
[2022-06-30T12:58:25.336+0000][6][gc,task     ] GC(73) Using 1 workers of 1 for evacuation
[2022-06-30T12:58:25.336+0000][6][gc,age      ] GC(73) Desired survivor size 8388608 bytes, new threshold 15 (max threshold 15)
[2022-06-30T12:58:25.339+0000][6][gc,phases   ] GC(73)   Pre Evacuate Collection Set: 0.2ms
[2022-06-30T12:58:25.339+0000][6][gc,phases   ] GC(73)   Merge Heap Roots: 0.0ms
[2022-06-30T12:58:25.339+0000][6][gc,phases   ] GC(73)   Evacuate Collection Set: 1.8ms
[2022-06-30T12:58:25.339+0000][6][gc,phases   ] GC(73)   Post Evacuate Collection Set: 0.9ms
[2022-06-30T12:58:25.339+0000][6][gc,phases   ] GC(73)   Other: 0.1ms
[2022-06-30T12:58:25.339+0000][6][gc,age      ] GC(73) Age table with threshold 15 (max threshold 15)
[2022-06-30T12:58:25.339+0000][6][gc,age      ] GC(73) - age   1:      13432 bytes,      13432 total
[2022-06-30T12:58:25.339+0000][6][gc,age      ] GC(73) - age   2:       2240 bytes,      15672 total
[2022-06-30T12:58:25.339+0000][6][gc,age      ] GC(73) - age   3:       2216 bytes,      17888 total
[2022-06-30T12:58:25.339+0000][6][gc,age      ] GC(73) - age   4:       1888 bytes,      19776 total
[2022-06-30T12:58:25.339+0000][6][gc,age      ] GC(73) - age   5:        728 bytes,      20504 total
[2022-06-30T12:58:25.339+0000][6][gc,age      ] GC(73) - age   6:        216 bytes,      20720 total
[2022-06-30T12:58:25.339+0000][6][gc,age      ] GC(73) - age   7:       2200 bytes,      22920 total
[2022-06-30T12:58:25.339+0000][6][gc,age      ] GC(73) - age   9:       3416 bytes,      26336 total
[2022-06-30T12:58:25.339+0000][6][gc,age      ] GC(73) - age  10:       4480 bytes,      30816 total
[2022-06-30T12:58:25.339+0000][6][gc,age      ] GC(73) - age  11:       2976 bytes,      33792 total
[2022-06-30T12:58:25.339+0000][6][gc,age      ] GC(73) - age  12:       1400 bytes,      35192 total
[2022-06-30T12:58:25.339+0000][6][gc,age      ] GC(73) - age  13:       4480 bytes,      39672 total
[2022-06-30T12:58:25.339+0000][6][gc,age      ] GC(73) - age  14:      18232 bytes,      57904 total
[2022-06-30T12:58:25.339+0000][6][gc,age      ] GC(73) - age  15:       4952 bytes,      62856 total
[2022-06-30T12:58:25.339+0000][6][gc,heap     ] GC(73) Eden regions: 27->0(27)
[2022-06-30T12:58:25.339+0000][6][gc,heap     ] GC(73) Survivor regions: 1->1(4)
[2022-06-30T12:58:25.339+0000][6][gc,heap     ] GC(73) Old regions: 21->21
[2022-06-30T12:58:25.339+0000][6][gc,heap     ] GC(73) Archive regions: 2->2
[2022-06-30T12:58:25.339+0000][6][gc,heap     ] GC(73) Humongous regions: 2->2
[2022-06-30T12:58:25.339+0000][6][gc,metaspace] GC(73) Metaspace: 109043K(113408K)->109043K(113408K) NonClass: 94416K(96896K)->94416K(96896K) Class: 14627K(16512K)->14627K(16512K)
[2022-06-30T12:58:25.339+0000][6][gc          ] GC(73) Pause Young (Concurrent Start) (G1 Evacuation Pause) 203M->95M(256M) 3.255ms
[2022-06-30T12:58:25.339+0000][6][gc,cpu      ] GC(73) User=0.00s Sys=0.00s Real=0.00s
[2022-06-30T12:58:25.339+0000][6][safepoint   ] Safepoint "G1CollectForAllocation", Time since last: 55133311585 ns, Reaching safepoint: 153698 ns, At safepoint: 3306029 ns, Total: 3459727 ns
[2022-06-30T12:58:25.339+0000][6][gc          ] GC(74) Concurrent Mark Cycle
[2022-06-30T12:58:25.339+0000][6][gc,marking  ] GC(74) Concurrent Clear Claimed Marks
[2022-06-30T12:58:25.339+0000][6][gc,marking  ] GC(74) Concurrent Clear Claimed Marks 0.040ms
[2022-06-30T12:58:25.339+0000][6][gc,marking  ] GC(74) Concurrent Scan Root Regions
[2022-06-30T12:58:25.340+0000][6][gc,marking  ] GC(74) Concurrent Scan Root Regions 1.016ms
[2022-06-30T12:58:25.340+0000][6][gc,marking  ] GC(74) Concurrent Mark
[2022-06-30T12:58:25.340+0000][6][gc,marking  ] GC(74) Concurrent Mark From Roots
[2022-06-30T12:58:25.340+0000][6][gc,task     ] GC(74) Using 1 workers of 1 for marking
[2022-06-30T12:58:25.458+0000][6][gc,marking  ] GC(74) Concurrent Mark From Roots 117.280ms
[2022-06-30T12:58:25.458+0000][6][gc,marking  ] GC(74) Concurrent Preclean
[2022-06-30T12:58:25.458+0000][6][gc,marking  ] GC(74) Concurrent Preclean 0.132ms
[2022-06-30T12:58:25.458+0000][6][gc,start    ] GC(74) Pause Remark
[2022-06-30T12:58:25.473+0000][6][gc          ] GC(74) Pause Remark 96M->96M(256M) 15.515ms
[2022-06-30T12:58:25.474+0000][6][gc,cpu      ] GC(74) User=0.01s Sys=0.00s Real=0.01s
[2022-06-30T12:58:25.474+0000][6][safepoint   ] Safepoint "G1Concurrent", Time since last: 118636604 ns, Reaching safepoint: 26705 ns, At safepoint: 15576906 ns, Total: 15603611 ns
[2022-06-30T12:58:25.474+0000][6][gc,marking  ] GC(74) Concurrent Mark 133.120ms
[2022-06-30T12:58:25.474+0000][6][gc,marking  ] GC(74) Concurrent Rebuild Remembered Sets
[2022-06-30T12:58:25.539+0000][6][gc,marking  ] GC(74) Concurrent Rebuild Remembered Sets 65.703ms
[2022-06-30T12:58:25.539+0000][6][gc,start    ] GC(74) Pause Cleanup
[2022-06-30T12:58:25.539+0000][6][gc          ] GC(74) Pause Cleanup 96M->96M(256M) 0.050ms
[2022-06-30T12:58:25.539+0000][6][gc,cpu      ] GC(74) User=0.00s Sys=0.00s Real=0.00s
[2022-06-30T12:58:25.539+0000][6][safepoint   ] Safepoint "G1Concurrent", Time since last: 65797303 ns, Reaching safepoint: 23648 ns, At safepoint: 86484 ns, Total: 110132 ns
[2022-06-30T12:58:25.539+0000][6][gc,marking  ] GC(74) Concurrent Cleanup for Next Mark
[2022-06-30T12:58:25.540+0000][6][gc,marking  ] GC(74) Concurrent Cleanup for Next Mark 0.684ms
[2022-06-30T12:58:25.540+0000][6][gc          ] GC(74) Concurrent Mark Cycle 200.821ms
[2022-06-30T12:58:51.542+0000][6][safepoint   ] Safepoint "Cleanup", Time since last: 26002797972 ns, Reaching safepoint: 41832 ns, At safepoint: 4903 ns, Total: 46735 ns
[2022-06-30T12:59:12.545+0000][6][safepoint   ] Safepoint "Cleanup", Time since last: 21002608536 ns, Reaching safepoint: 37901 ns, At safepoint: 4821 ns, Total: 42722 ns
[2022-06-30T12:59:22.546+0000][6][safepoint   ] Safepoint "Cleanup", Time since last: 10001194326 ns, Reaching safepoint: 61856 ns, At safepoint: 9364 ns, Total: 71220 ns
[2022-06-30T12:59:51.550+0000][6][safepoint   ] Safepoint "Cleanup", Time since last: 29003320486 ns, Reaching safepoint: 41229 ns, At safepoint: 4562 ns, Total: 45791 ns
[2022-06-30T12:59:52.551+0000][6][safepoint   ] Safepoint "Cleanup", Time since last: 1001189736 ns, Reaching safepoint: 51561 ns, At safepoint: 4977 ns, Total: 56538 ns
[2022-06-30T13:01:35.481+0000][6][gc,start    ] GC(75) Pause Young (Normal) (G1 Evacuation Pause)
[2022-06-30T13:01:35.481+0000][6][gc,task     ] GC(75) Using 1 workers of 1 for evacuation
[2022-06-30T13:01:35.481+0000][6][gc,age      ] GC(75) Desired survivor size 8388608 bytes, new threshold 15 (max threshold 15)
[2022-06-30T13:01:35.485+0000][6][gc,phases   ] GC(75)   Pre Evacuate Collection Set: 0.0ms
[2022-06-30T13:01:35.485+0000][6][gc,phases   ] GC(75)   Merge Heap Roots: 0.1ms
[2022-06-30T13:01:35.485+0000][6][gc,phases   ] GC(75)   Evacuate Collection Set: 2.1ms
[2022-06-30T13:01:35.485+0000][6][gc,phases   ] GC(75)   Post Evacuate Collection Set: 1.0ms
[2022-06-30T13:01:35.485+0000][6][gc,phases   ] GC(75)   Other: 0.1ms
[2022-06-30T13:01:35.485+0000][6][gc,age      ] GC(75) Age table with threshold 15 (max threshold 15)
[2022-06-30T13:01:35.485+0000][6][gc,age      ] GC(75) - age   1:      55144 bytes,      55144 total
[2022-06-30T13:01:35.485+0000][6][gc,age      ] GC(75) - age   2:        808 bytes,      55952 total
[2022-06-30T13:01:35.485+0000][6][gc,age      ] GC(75) - age   3:       2040 bytes,      57992 total
[2022-06-30T13:01:35.485+0000][6][gc,age      ] GC(75) - age   4:        992 bytes,      58984 total
[2022-06-30T13:01:35.485+0000][6][gc,age      ] GC(75) - age   5:       1888 bytes,      60872 total
[2022-06-30T13:01:35.485+0000][6][gc,age      ] GC(75) - age   6:        728 bytes,      61600 total
[2022-06-30T13:01:35.485+0000][6][gc,age      ] GC(75) - age   7:        216 bytes,      61816 total
[2022-06-30T13:01:35.485+0000][6][gc,age      ] GC(75) - age   8:       2160 bytes,      63976 total
[2022-06-30T13:01:35.485+0000][6][gc,age      ] GC(75) - age  10:       3416 bytes,      67392 total
[2022-06-30T13:01:35.485+0000][6][gc,age      ] GC(75) - age  11:       4480 bytes,      71872 total
[2022-06-30T13:01:35.485+0000][6][gc,age      ] GC(75) - age  12:       2976 bytes,      74848 total
[2022-06-30T13:01:35.485+0000][6][gc,age      ] GC(75) - age  13:       1400 bytes,      76248 total
[2022-06-30T13:01:35.485+0000][6][gc,age      ] GC(75) - age  14:       4480 bytes,      80728 total
[2022-06-30T13:01:35.485+0000][6][gc,age      ] GC(75) - age  15:      18232 bytes,      98960 total
[2022-06-30T13:01:35.485+0000][6][gc,heap     ] GC(75) Eden regions: 27->0(27)
[2022-06-30T13:01:35.485+0000][6][gc,heap     ] GC(75) Survivor regions: 1->1(4)
[2022-06-30T13:01:35.485+0000][6][gc,heap     ] GC(75) Old regions: 21->21
[2022-06-30T13:01:35.485+0000][6][gc,heap     ] GC(75) Archive regions: 2->2
[2022-06-30T13:01:35.485+0000][6][gc,heap     ] GC(75) Humongous regions: 2->2
[2022-06-30T13:01:35.485+0000][6][gc,metaspace] GC(75) Metaspace: 109057K(113408K)->109057K(113408K) NonClass: 94430K(96896K)->94430K(96896K) Class: 14627K(16512K)->14627K(16512K)
[2022-06-30T13:01:35.485+0000][6][gc          ] GC(75) Pause Young (Normal) (G1 Evacuation Pause) 203M->95M(256M) 3.531ms
[2022-06-30T13:01:35.485+0000][6][gc,cpu      ] GC(75) User=0.00s Sys=0.00s Real=0.00s
[2022-06-30T13:01:35.485+0000][6][safepoint   ] Safepoint "G1CollectForAllocation", Time since last: 102930255228 ns, Reaching safepoint: 153741 ns, At safepoint: 3597588 ns, Total: 3751329 ns
[2022-06-30T13:03:15.496+0000][6][safepoint   ] Safepoint "Cleanup", Time since last: 100011399145 ns, Reaching safepoint: 39825 ns, At safepoint: 5107 ns, Total: 44932 ns
[2022-06-30T13:03:20.019+0000][6][safepoint   ] Safepoint "Cleanup", Time since last: 4522508291 ns, Reaching safepoint: 59153 ns, At safepoint: 4715 ns, Total: 63868 ns
[2022-06-30T13:03:21.019+0000][6][safepoint   ] Safepoint "Cleanup", Time since last: 1000328349 ns, Reaching safepoint: 38071 ns, At safepoint: 4230 ns, Total: 42301 ns
[2022-06-30T13:03:23.020+0000][6][safepoint   ] Safepoint "Cleanup", Time since last: 2000298486 ns, Reaching safepoint: 62171 ns, At safepoint: 9490 ns, Total: 71661 ns
[2022-06-30T13:03:40.021+0000][6][safepoint   ] Safepoint "Cleanup", Time since last: 17001847634 ns, Reaching safepoint: 43539 ns, At safepoint: 4891 ns, Total: 48430 ns
[2022-06-30T13:03:50.716+0000][6][safepoint   ] Safepoint "Cleanup", Time since last: 10693883861 ns, Reaching safepoint: 213445 ns, At safepoint: 7232 ns, Total: 220677 ns
[2022-06-30T13:03:51.716+0000][6][safepoint   ] Safepoint "Cleanup", Time since last: 1000173318 ns, Reaching safepoint: 160073 ns, At safepoint: 5048 ns, Total: 165121 ns
[2022-06-30T13:03:51.892+0000][6][gc,heap,exit] Heap
[2022-06-30T13:03:51.892+0000][6][gc,heap,exit]  garbage-first heap   total 262144K, used 192073K [0x00000000f0000000, 0x0000000100000000)
[2022-06-30T13:03:51.892+0000][6][gc,heap,exit]   region size 4096K, 24 young (98304K), 1 survivors (4096K)
[2022-06-30T13:03:51.892+0000][6][gc,heap,exit]  Metaspace       used 109282K, committed 113472K, reserved 1179648K
[2022-06-30T13:03:51.892+0000][6][gc,heap,exit]   class space    used 14662K, committed 16512K, reserved 1048576K
