[2022-06-28T06:31:58.286+0000][6][gc,init] CardTable entry size: 512
[2022-06-28T06:31:58.293+0000][6][gc     ] Using G1
[2022-06-28T06:31:58.578+0000][6][gc,init] Version: 18.0.1.1+2-6 (release)
[2022-06-28T06:31:58.578+0000][6][gc,init] CPUs: 1 total, 1 available
[2022-06-28T06:31:58.578+0000][6][gc,init] Memory: 1974M
[2022-06-28T06:31:58.578+0000][6][gc,init] Large Page Support: Disabled
[2022-06-28T06:31:58.578+0000][6][gc,init] NUMA Support: Disabled
[2022-06-28T06:31:58.578+0000][6][gc,init] Compressed Oops: Enabled (32-bit)
[2022-06-28T06:31:58.578+0000][6][gc,init] Heap Region Size: 4M
[2022-06-28T06:31:58.578+0000][6][gc,init] Heap Min Capacity: 256M
[2022-06-28T06:31:58.578+0000][6][gc,init] Heap Initial Capacity: 256M
[2022-06-28T06:31:58.578+0000][6][gc,init] Heap Max Capacity: 256M
[2022-06-28T06:31:58.578+0000][6][gc,init] Pre-touch: Enabled
[2022-06-28T06:31:58.578+0000][6][gc,init] Parallel Workers: 1
[2022-06-28T06:31:58.578+0000][6][gc,init] Concurrent Workers: 1
[2022-06-28T06:31:58.578+0000][6][gc,init] Concurrent Refinement Workers: 1
[2022-06-28T06:31:58.578+0000][6][gc,init] Periodic GC: Disabled
[2022-06-28T06:31:58.578+0000][6][gc,metaspace] CDS archive(s) mapped at: [0x0000000800000000-0x0000000800baf000-0x0000000800baf000), size 12251136, SharedBaseAddress: 0x0000000800000000, ArchiveRelocationMode: 0.
[2022-06-28T06:31:58.578+0000][6][gc,metaspace] Compressed class space mapped at: 0x0000000800c00000-0x0000000840c00000, reserved size: 1073741824
[2022-06-28T06:31:58.578+0000][6][gc,metaspace] Narrow klass base: 0x0000000800000000, Narrow klass shift: 0, Narrow klass range: 0x100000000
[2022-06-28T06:31:59.683+0000][6][safepoint   ] Safepoint "Cleanup", Time since last: 1090178171 ns, Reaching safepoint: 37722 ns, At safepoint: 2996 ns, Total: 40718 ns
[2022-06-28T06:32:00.416+0000][6][gc,start    ] GC(0) Pause Young (Normal) (G1 Evacuation Pause)
[2022-06-28T06:32:00.416+0000][6][gc,task     ] GC(0) Using 1 workers of 1 for evacuation
[2022-06-28T06:32:00.416+0000][6][gc,age      ] GC(0) Desired survivor size 2097152 bytes, new threshold 15 (max threshold 15)
[2022-06-28T06:32:00.426+0000][6][gc,phases   ] GC(0)   Pre Evacuate Collection Set: 2.3ms
[2022-06-28T06:32:00.426+0000][6][gc,phases   ] GC(0)   Merge Heap Roots: 0.0ms
[2022-06-28T06:32:00.426+0000][6][gc,phases   ] GC(0)   Evacuate Collection Set: 8.0ms
[2022-06-28T06:32:00.426+0000][6][gc,phases   ] GC(0)   Post Evacuate Collection Set: 0.3ms
[2022-06-28T06:32:00.426+0000][6][gc,phases   ] GC(0)   Other: 0.1ms
[2022-06-28T06:32:00.426+0000][6][gc,age      ] GC(0) Age table with threshold 15 (max threshold 15)
[2022-06-28T06:32:00.426+0000][6][gc,age      ] GC(0) - age   1:    3169528 bytes,    3169528 total
[2022-06-28T06:32:00.426+0000][6][gc,heap     ] GC(0) Eden regions: 3->0(2)
[2022-06-28T06:32:00.426+0000][6][gc,heap     ] GC(0) Survivor regions: 0->1(1)
[2022-06-28T06:32:00.426+0000][6][gc,heap     ] GC(0) Old regions: 0->0
[2022-06-28T06:32:00.426+0000][6][gc,heap     ] GC(0) Archive regions: 2->2
[2022-06-28T06:32:00.426+0000][6][gc,heap     ] GC(0) Humongous regions: 0->0
[2022-06-28T06:32:00.427+0000][6][gc,metaspace] GC(0) Metaspace: 4748K(4864K)->4748K(4864K) NonClass: 4270K(4352K)->4270K(4352K) Class: 478K(512K)->478K(512K)
[2022-06-28T06:32:00.427+0000][6][gc          ] GC(0) Pause Young (Normal) (G1 Evacuation Pause) 15M->6M(256M) 10.933ms
[2022-06-28T06:32:00.427+0000][6][gc,cpu      ] GC(0) User=0.01s Sys=0.00s Real=0.01s
[2022-06-28T06:32:00.427+0000][6][safepoint   ] Safepoint "G1CollectForAllocation", Time since last: 732097457 ns, Reaching safepoint: 58900 ns, At safepoint: 10985122 ns, Total: 11044022 ns
[2022-06-28T06:32:01.459+0000][6][safepoint   ] Safepoint "Cleanup", Time since last: 1032781166 ns, Reaching safepoint: 62457 ns, At safepoint: 3862 ns, Total: 66319 ns
[2022-06-28T06:32:01.652+0000][6][gc,start    ] GC(1) Pause Young (Normal) (G1 Evacuation Pause)
[2022-06-28T06:32:01.653+0000][6][gc,task     ] GC(1) Using 1 workers of 1 for evacuation
[2022-06-28T06:32:01.653+0000][6][gc,age      ] GC(1) Desired survivor size 2097152 bytes, new threshold 1 (max threshold 15)
[2022-06-28T06:32:01.675+0000][6][gc,phases   ] GC(1)   Pre Evacuate Collection Set: 0.0ms
[2022-06-28T06:32:01.675+0000][6][gc,phases   ] GC(1)   Merge Heap Roots: 0.0ms
[2022-06-28T06:32:01.675+0000][6][gc,phases   ] GC(1)   Evacuate Collection Set: 22.3ms
[2022-06-28T06:32:01.675+0000][6][gc,phases   ] GC(1)   Post Evacuate Collection Set: 0.4ms
[2022-06-28T06:32:01.675+0000][6][gc,phases   ] GC(1)   Other: 0.1ms
[2022-06-28T06:32:01.675+0000][6][gc,age      ] GC(1) Age table with threshold 1 (max threshold 15)
[2022-06-28T06:32:01.675+0000][6][gc,age      ] GC(1) - age   1:    1081832 bytes,    1081832 total
[2022-06-28T06:32:01.675+0000][6][gc,heap     ] GC(1) Eden regions: 2->0(2)
[2022-06-28T06:32:01.675+0000][6][gc,heap     ] GC(1) Survivor regions: 1->1(1)
[2022-06-28T06:32:01.675+0000][6][gc,heap     ] GC(1) Old regions: 0->1
[2022-06-28T06:32:01.675+0000][6][gc,heap     ] GC(1) Archive regions: 2->2
[2022-06-28T06:32:01.675+0000][6][gc,heap     ] GC(1) Humongous regions: 0->0
[2022-06-28T06:32:01.675+0000][6][gc,metaspace] GC(1) Metaspace: 8133K(8320K)->8133K(8320K) NonClass: 7243K(7360K)->7243K(7360K) Class: 889K(960K)->889K(960K)
[2022-06-28T06:32:01.675+0000][6][gc          ] GC(1) Pause Young (Normal) (G1 Evacuation Pause) 14M->8M(256M) 23.006ms
[2022-06-28T06:32:01.675+0000][6][gc,cpu      ] GC(1) User=0.02s Sys=0.00s Real=0.03s
[2022-06-28T06:32:01.676+0000][6][safepoint   ] Safepoint "G1CollectForAllocation", Time since last: 193004863 ns, Reaching safepoint: 32986 ns, At safepoint: 23047224 ns, Total: 23080210 ns
[2022-06-28T06:32:02.206+0000][6][gc,start    ] GC(2) Pause Young (Normal) (G1 Evacuation Pause)
[2022-06-28T06:32:02.206+0000][6][gc,task     ] GC(2) Using 1 workers of 1 for evacuation
[2022-06-28T06:32:02.206+0000][6][gc,age      ] GC(2) Desired survivor size 2097152 bytes, new threshold 15 (max threshold 15)
[2022-06-28T06:32:02.218+0000][6][gc,phases   ] GC(2)   Pre Evacuate Collection Set: 0.0ms
[2022-06-28T06:32:02.218+0000][6][gc,phases   ] GC(2)   Merge Heap Roots: 0.0ms
[2022-06-28T06:32:02.218+0000][6][gc,phases   ] GC(2)   Evacuate Collection Set: 7.4ms
[2022-06-28T06:32:02.218+0000][6][gc,phases   ] GC(2)   Post Evacuate Collection Set: 5.0ms
[2022-06-28T06:32:02.218+0000][6][gc,phases   ] GC(2)   Other: 0.1ms
[2022-06-28T06:32:02.218+0000][6][gc,age      ] GC(2) Age table with threshold 15 (max threshold 15)
[2022-06-28T06:32:02.218+0000][6][gc,age      ] GC(2) - age   1:     535720 bytes,     535720 total
[2022-06-28T06:32:02.218+0000][6][gc,age      ] GC(2) - age   2:    1056312 bytes,    1592032 total
[2022-06-28T06:32:02.218+0000][6][gc,heap     ] GC(2) Eden regions: 2->0(2)
[2022-06-28T06:32:02.218+0000][6][gc,heap     ] GC(2) Survivor regions: 1->1(1)
[2022-06-28T06:32:02.218+0000][6][gc,heap     ] GC(2) Old regions: 1->1
[2022-06-28T06:32:02.218+0000][6][gc,heap     ] GC(2) Archive regions: 2->2
[2022-06-28T06:32:02.218+0000][6][gc,heap     ] GC(2) Humongous regions: 0->0
[2022-06-28T06:32:02.218+0000][6][gc,metaspace] GC(2) Metaspace: 9748K(10048K)->9748K(10048K) NonClass: 8595K(8768K)->8595K(8768K) Class: 1152K(1280K)->1152K(1280K)
[2022-06-28T06:32:02.218+0000][6][gc          ] GC(2) Pause Young (Normal) (G1 Evacuation Pause) 16M->8M(256M) 12.753ms
[2022-06-28T06:32:02.218+0000][6][gc,cpu      ] GC(2) User=0.01s Sys=0.00s Real=0.02s
[2022-06-28T06:32:02.218+0000][6][safepoint   ] Safepoint "G1CollectForAllocation", Time since last: 529946160 ns, Reaching safepoint: 46566 ns, At safepoint: 12800082 ns, Total: 12846648 ns
[2022-06-28T06:32:03.027+0000][6][gc,start    ] GC(3) Pause Young (Normal) (G1 Evacuation Pause)
[2022-06-28T06:32:03.027+0000][6][gc,task     ] GC(3) Using 1 workers of 1 for evacuation
[2022-06-28T06:32:03.027+0000][6][gc,age      ] GC(3) Desired survivor size 2097152 bytes, new threshold 15 (max threshold 15)
[2022-06-28T06:32:03.041+0000][6][gc,phases   ] GC(3)   Pre Evacuate Collection Set: 0.0ms
[2022-06-28T06:32:03.041+0000][6][gc,phases   ] GC(3)   Merge Heap Roots: 0.0ms
[2022-06-28T06:32:03.041+0000][6][gc,phases   ] GC(3)   Evacuate Collection Set: 14.3ms
[2022-06-28T06:32:03.041+0000][6][gc,phases   ] GC(3)   Post Evacuate Collection Set: 0.4ms
[2022-06-28T06:32:03.042+0000][6][gc,phases   ] GC(3)   Other: 0.1ms
[2022-06-28T06:32:03.042+0000][6][gc,age      ] GC(3) Age table with threshold 15 (max threshold 15)
[2022-06-28T06:32:03.042+0000][6][gc,age      ] GC(3) - age   1:    1067528 bytes,    1067528 total
[2022-06-28T06:32:03.042+0000][6][gc,age      ] GC(3) - age   2:     516664 bytes,    1584192 total
[2022-06-28T06:32:03.042+0000][6][gc,age      ] GC(3) - age   3:    1055088 bytes,    2639280 total
[2022-06-28T06:32:03.042+0000][6][gc,heap     ] GC(3) Eden regions: 2->0(3)
[2022-06-28T06:32:03.042+0000][6][gc,heap     ] GC(3) Survivor regions: 1->1(1)
[2022-06-28T06:32:03.042+0000][6][gc,heap     ] GC(3) Old regions: 1->1
[2022-06-28T06:32:03.042+0000][6][gc,heap     ] GC(3) Archive regions: 2->2
[2022-06-28T06:32:03.042+0000][6][gc,heap     ] GC(3) Humongous regions: 0->0
[2022-06-28T06:32:03.042+0000][6][gc,metaspace] GC(3) Metaspace: 11282K(11584K)->11282K(11584K) NonClass: 9930K(10112K)->9930K(10112K) Class: 1351K(1472K)->1351K(1472K)
[2022-06-28T06:32:03.042+0000][6][gc          ] GC(3) Pause Young (Normal) (G1 Evacuation Pause) 16M->9M(256M) 15.003ms
[2022-06-28T06:32:03.042+0000][6][gc,cpu      ] GC(3) User=0.00s Sys=0.00s Real=0.01s
[2022-06-28T06:32:03.042+0000][6][safepoint   ] Safepoint "G1CollectForAllocation", Time since last: 808203317 ns, Reaching safepoint: 76577 ns, At safepoint: 15044952 ns, Total: 15121529 ns
[2022-06-28T06:32:04.079+0000][6][gc,start    ] GC(4) Pause Young (Normal) (G1 Evacuation Pause)
[2022-06-28T06:32:04.079+0000][6][gc,task     ] GC(4) Using 1 workers of 1 for evacuation
[2022-06-28T06:32:04.079+0000][6][gc,age      ] GC(4) Desired survivor size 2097152 bytes, new threshold 3 (max threshold 15)
[2022-06-28T06:32:04.095+0000][6][gc,phases   ] GC(4)   Pre Evacuate Collection Set: 0.0ms
[2022-06-28T06:32:04.095+0000][6][gc,phases   ] GC(4)   Merge Heap Roots: 0.0ms
[2022-06-28T06:32:04.095+0000][6][gc,phases   ] GC(4)   Evacuate Collection Set: 15.7ms
[2022-06-28T06:32:04.095+0000][6][gc,phases   ] GC(4)   Post Evacuate Collection Set: 0.4ms
[2022-06-28T06:32:04.095+0000][6][gc,phases   ] GC(4)   Other: 0.1ms
[2022-06-28T06:32:04.095+0000][6][gc,age      ] GC(4) Age table with threshold 3 (max threshold 15)
[2022-06-28T06:32:04.095+0000][6][gc,age      ] GC(4) - age   1:    1580808 bytes,    1580808 total
[2022-06-28T06:32:04.095+0000][6][gc,age      ] GC(4) - age   2:     989184 bytes,    2569992 total
[2022-06-28T06:32:04.095+0000][6][gc,age      ] GC(4) - age   3:     502448 bytes,    3072440 total
[2022-06-28T06:32:04.095+0000][6][gc,heap     ] GC(4) Eden regions: 3->0(4)
[2022-06-28T06:32:04.095+0000][6][gc,heap     ] GC(4) Survivor regions: 1->1(1)
[2022-06-28T06:32:04.095+0000][6][gc,heap     ] GC(4) Old regions: 1->1
[2022-06-28T06:32:04.095+0000][6][gc,heap     ] GC(4) Archive regions: 2->2
[2022-06-28T06:32:04.095+0000][6][gc,heap     ] GC(4) Humongous regions: 0->0
[2022-06-28T06:32:04.095+0000][6][gc,metaspace] GC(4) Metaspace: 13350K(13696K)->13350K(13696K) NonClass: 11776K(11968K)->11776K(11968K) Class: 1573K(1728K)->1573K(1728K)
[2022-06-28T06:32:04.095+0000][6][gc          ] GC(4) Pause Young (Normal) (G1 Evacuation Pause) 21M->11M(256M) 16.390ms
[2022-06-28T06:32:04.095+0000][6][gc,cpu      ] GC(4) User=0.01s Sys=0.00s Real=0.02s
[2022-06-28T06:32:04.095+0000][6][safepoint   ] Safepoint "G1CollectForAllocation", Time since last: 1037260560 ns, Reaching safepoint: 90511 ns, At safepoint: 16448713 ns, Total: 16539224 ns
[2022-06-28T06:32:05.096+0000][6][safepoint   ] Safepoint "Cleanup", Time since last: 1000245887 ns, Reaching safepoint: 170602 ns, At safepoint: 4882 ns, Total: 175484 ns
[2022-06-28T06:32:05.184+0000][6][gc,start    ] GC(5) Pause Young (Normal) (G1 Evacuation Pause)
[2022-06-28T06:32:05.184+0000][6][gc,task     ] GC(5) Using 1 workers of 1 for evacuation
[2022-06-28T06:32:05.184+0000][6][gc,age      ] GC(5) Desired survivor size 2097152 bytes, new threshold 2 (max threshold 15)
[2022-06-28T06:32:05.203+0000][6][gc,phases   ] GC(5)   Pre Evacuate Collection Set: 0.0ms
[2022-06-28T06:32:05.203+0000][6][gc,phases   ] GC(5)   Merge Heap Roots: 0.0ms
[2022-06-28T06:32:05.203+0000][6][gc,phases   ] GC(5)   Evacuate Collection Set: 18.2ms
[2022-06-28T06:32:05.203+0000][6][gc,phases   ] GC(5)   Post Evacuate Collection Set: 0.4ms
[2022-06-28T06:32:05.203+0000][6][gc,phases   ] GC(5)   Other: 0.1ms
[2022-06-28T06:32:05.203+0000][6][gc,age      ] GC(5) Age table with threshold 2 (max threshold 15)
[2022-06-28T06:32:05.203+0000][6][gc,age      ] GC(5) - age   1:     503176 bytes,     503176 total
[2022-06-28T06:32:05.203+0000][6][gc,age      ] GC(5) - age   2:    1011624 bytes,    1514800 total
[2022-06-28T06:32:05.203+0000][6][gc,heap     ] GC(5) Eden regions: 4->0(37)
[2022-06-28T06:32:05.203+0000][6][gc,heap     ] GC(5) Survivor regions: 1->1(1)
[2022-06-28T06:32:05.203+0000][6][gc,heap     ] GC(5) Old regions: 1->2
[2022-06-28T06:32:05.203+0000][6][gc,heap     ] GC(5) Archive regions: 2->2
[2022-06-28T06:32:05.203+0000][6][gc,heap     ] GC(5) Humongous regions: 0->0
[2022-06-28T06:32:05.203+0000][6][gc,metaspace] GC(5) Metaspace: 14925K(15296K)->14925K(15296K) NonClass: 13204K(13376K)->13204K(13376K) Class: 1721K(1920K)->1721K(1920K)
[2022-06-28T06:32:05.203+0000][6][gc          ] GC(5) Pause Young (Normal) (G1 Evacuation Pause) 27M->11M(256M) 18.866ms
[2022-06-28T06:32:05.203+0000][6][gc,cpu      ] GC(5) User=0.01s Sys=0.00s Real=0.02s
[2022-06-28T06:32:05.203+0000][6][safepoint   ] Safepoint "G1CollectForAllocation", Time since last: 88432071 ns, Reaching safepoint: 22603 ns, At safepoint: 18904175 ns, Total: 18926778 ns
[2022-06-28T06:32:06.212+0000][6][safepoint   ] Safepoint "Cleanup", Time since last: 1000090809 ns, Reaching safepoint: 8340437 ns, At safepoint: 6539 ns, Total: 8346976 ns
[2022-06-28T06:32:07.293+0000][6][safepoint   ] Safepoint "Cleanup", Time since last: 1081714726 ns, Reaching safepoint: 64663 ns, At safepoint: 4070 ns, Total: 68733 ns
[2022-06-28T06:32:08.389+0000][6][gc,start    ] GC(6) Pause Young (Normal) (G1 Evacuation Pause)
[2022-06-28T06:32:08.389+0000][6][gc,task     ] GC(6) Using 1 workers of 1 for evacuation
[2022-06-28T06:32:08.389+0000][6][gc,age      ] GC(6) Desired survivor size 10485760 bytes, new threshold 15 (max threshold 15)
[2022-06-28T06:32:08.427+0000][6][gc,phases   ] GC(6)   Pre Evacuate Collection Set: 0.0ms
[2022-06-28T06:32:08.427+0000][6][gc,phases   ] GC(6)   Merge Heap Roots: 1.6ms
[2022-06-28T06:32:08.427+0000][6][gc,phases   ] GC(6)   Evacuate Collection Set: 35.7ms
[2022-06-28T06:32:08.427+0000][6][gc,phases   ] GC(6)   Post Evacuate Collection Set: 0.6ms
[2022-06-28T06:32:08.427+0000][6][gc,phases   ] GC(6)   Other: 0.1ms
[2022-06-28T06:32:08.427+0000][6][gc,age      ] GC(6) Age table with threshold 15 (max threshold 15)
[2022-06-28T06:32:08.427+0000][6][gc,age      ] GC(6) - age   1:    3262800 bytes,    3262800 total
[2022-06-28T06:32:08.427+0000][6][gc,age      ] GC(6) - age   2:     455984 bytes,    3718784 total
[2022-06-28T06:32:08.427+0000][6][gc,age      ] GC(6) - age   3:    1011256 bytes,    4730040 total
[2022-06-28T06:32:08.427+0000][6][gc,heap     ] GC(6) Eden regions: 37->0(36)
[2022-06-28T06:32:08.427+0000][6][gc,heap     ] GC(6) Survivor regions: 1->2(5)
[2022-06-28T06:32:08.427+0000][6][gc,heap     ] GC(6) Old regions: 2->2
[2022-06-28T06:32:08.427+0000][6][gc,heap     ] GC(6) Archive regions: 2->2
[2022-06-28T06:32:08.427+0000][6][gc,heap     ] GC(6) Humongous regions: 0->0
[2022-06-28T06:32:08.427+0000][6][gc,metaspace] GC(6) Metaspace: 17687K(18048K)->17687K(18048K) NonClass: 15664K(15872K)->15664K(15872K) Class: 2022K(2176K)->2022K(2176K)
[2022-06-28T06:32:08.427+0000][6][gc          ] GC(6) Pause Young (Normal) (G1 Evacuation Pause) 159M->14M(256M) 38.244ms
[2022-06-28T06:32:08.427+0000][6][gc,cpu      ] GC(6) User=0.02s Sys=0.00s Real=0.04s
[2022-06-28T06:32:08.427+0000][6][safepoint   ] Safepoint "G1CollectForAllocation", Time since last: 1095273749 ns, Reaching safepoint: 76964 ns, At safepoint: 38291337 ns, Total: 38368301 ns
[2022-06-28T06:32:09.427+0000][6][safepoint   ] Safepoint "Cleanup", Time since last: 1000120891 ns, Reaching safepoint: 176870 ns, At safepoint: 5172 ns, Total: 182042 ns
[2022-06-28T06:32:09.835+0000][6][gc,start    ] GC(7) Pause Young (Normal) (G1 Evacuation Pause)
[2022-06-28T06:32:09.835+0000][6][gc,task     ] GC(7) Using 1 workers of 1 for evacuation
[2022-06-28T06:32:09.835+0000][6][gc,age      ] GC(7) Desired survivor size 10485760 bytes, new threshold 15 (max threshold 15)
[2022-06-28T06:32:09.863+0000][6][gc,phases   ] GC(7)   Pre Evacuate Collection Set: 0.0ms
[2022-06-28T06:32:09.863+0000][6][gc,phases   ] GC(7)   Merge Heap Roots: 0.0ms
[2022-06-28T06:32:09.863+0000][6][gc,phases   ] GC(7)   Evacuate Collection Set: 27.8ms
[2022-06-28T06:32:09.863+0000][6][gc,phases   ] GC(7)   Post Evacuate Collection Set: 0.5ms
[2022-06-28T06:32:09.863+0000][6][gc,phases   ] GC(7)   Other: 0.1ms
[2022-06-28T06:32:09.863+0000][6][gc,age      ] GC(7) Age table with threshold 15 (max threshold 15)
[2022-06-28T06:32:09.863+0000][6][gc,age      ] GC(7) - age   1:    1879024 bytes,    1879024 total
[2022-06-28T06:32:09.863+0000][6][gc,age      ] GC(7) - age   2:    3204144 bytes,    5083168 total
[2022-06-28T06:32:09.863+0000][6][gc,age      ] GC(7) - age   3:     455784 bytes,    5538952 total
[2022-06-28T06:32:09.863+0000][6][gc,age      ] GC(7) - age   4:    1011144 bytes,    6550096 total
[2022-06-28T06:32:09.863+0000][6][gc,heap     ] GC(7) Eden regions: 36->0(36)
[2022-06-28T06:32:09.863+0000][6][gc,heap     ] GC(7) Survivor regions: 2->2(5)
[2022-06-28T06:32:09.863+0000][6][gc,heap     ] GC(7) Old regions: 2->2
[2022-06-28T06:32:09.863+0000][6][gc,heap     ] GC(7) Archive regions: 2->2
[2022-06-28T06:32:09.863+0000][6][gc,heap     ] GC(7) Humongous regions: 0->0
[2022-06-28T06:32:09.863+0000][6][gc,metaspace] GC(7) Metaspace: 18545K(18944K)->18545K(18944K) NonClass: 16357K(16576K)->16357K(16576K) Class: 2187K(2368K)->2187K(2368K)
[2022-06-28T06:32:09.863+0000][6][gc          ] GC(7) Pause Young (Normal) (G1 Evacuation Pause) 158M->16M(256M) 28.645ms
[2022-06-28T06:32:09.863+0000][6][gc,cpu      ] GC(7) User=0.02s Sys=0.00s Real=0.02s
[2022-06-28T06:32:09.863+0000][6][safepoint   ] Safepoint "G1CollectForAllocation", Time since last: 407121091 ns, Reaching safepoint: 26298 ns, At safepoint: 28683224 ns, Total: 28709522 ns
[2022-06-28T06:32:10.865+0000][6][safepoint   ] Safepoint "Cleanup", Time since last: 1001241280 ns, Reaching safepoint: 270671 ns, At safepoint: 4539 ns, Total: 275210 ns
[2022-06-28T06:32:10.991+0000][6][gc,start    ] GC(8) Pause Young (Normal) (G1 Evacuation Pause)
[2022-06-28T06:32:10.991+0000][6][gc,task     ] GC(8) Using 1 workers of 1 for evacuation
[2022-06-28T06:32:10.991+0000][6][gc,age      ] GC(8) Desired survivor size 10485760 bytes, new threshold 15 (max threshold 15)
[2022-06-28T06:32:11.027+0000][6][gc,phases   ] GC(8)   Pre Evacuate Collection Set: 0.1ms
[2022-06-28T06:32:11.027+0000][6][gc,phases   ] GC(8)   Merge Heap Roots: 0.0ms
[2022-06-28T06:32:11.027+0000][6][gc,phases   ] GC(8)   Evacuate Collection Set: 27.8ms
[2022-06-28T06:32:11.027+0000][6][gc,phases   ] GC(8)   Post Evacuate Collection Set: 8.4ms
[2022-06-28T06:32:11.027+0000][6][gc,phases   ] GC(8)   Other: 0.1ms
[2022-06-28T06:32:11.027+0000][6][gc,age      ] GC(8) Age table with threshold 15 (max threshold 15)
[2022-06-28T06:32:11.027+0000][6][gc,age      ] GC(8) - age   1:    3402504 bytes,    3402504 total
[2022-06-28T06:32:11.027+0000][6][gc,age      ] GC(8) - age   2:    1694208 bytes,    5096712 total
[2022-06-28T06:32:11.027+0000][6][gc,age      ] GC(8) - age   3:    3203368 bytes,    8300080 total
[2022-06-28T06:32:11.027+0000][6][gc,age      ] GC(8) - age   4:     455784 bytes,    8755864 total
[2022-06-28T06:32:11.027+0000][6][gc,age      ] GC(8) - age   5:    1011144 bytes,    9767008 total
[2022-06-28T06:32:11.027+0000][6][gc,heap     ] GC(8) Eden regions: 36->0(35)
[2022-06-28T06:32:11.027+0000][6][gc,heap     ] GC(8) Survivor regions: 2->3(5)
[2022-06-28T06:32:11.027+0000][6][gc,heap     ] GC(8) Old regions: 2->2
[2022-06-28T06:32:11.027+0000][6][gc,heap     ] GC(8) Archive regions: 2->2
[2022-06-28T06:32:11.027+0000][6][gc,heap     ] GC(8) Humongous regions: 0->0
[2022-06-28T06:32:11.027+0000][6][gc,metaspace] GC(8) Metaspace: 18991K(19392K)->18991K(19392K) NonClass: 16763K(17024K)->16763K(17024K) Class: 2228K(2368K)->2228K(2368K)
[2022-06-28T06:32:11.027+0000][6][gc          ] GC(8) Pause Young (Normal) (G1 Evacuation Pause) 160M->19M(256M) 36.530ms
[2022-06-28T06:32:11.027+0000][6][gc,cpu      ] GC(8) User=0.02s Sys=0.00s Real=0.04s
[2022-06-28T06:32:11.027+0000][6][safepoint   ] Safepoint "G1CollectForAllocation", Time since last: 125791871 ns, Reaching safepoint: 19324 ns, At safepoint: 36571333 ns, Total: 36590657 ns
[2022-06-28T06:32:12.028+0000][6][safepoint   ] Safepoint "Cleanup", Time since last: 1000112995 ns, Reaching safepoint: 386475 ns, At safepoint: 5645 ns, Total: 392120 ns
[2022-06-28T06:32:12.136+0000][6][gc,start    ] GC(9) Pause Young (Normal) (G1 Evacuation Pause)
[2022-06-28T06:32:12.136+0000][6][gc,task     ] GC(9) Using 1 workers of 1 for evacuation
[2022-06-28T06:32:12.136+0000][6][gc,age      ] GC(9) Desired survivor size 10485760 bytes, new threshold 15 (max threshold 15)
[2022-06-28T06:32:12.171+0000][6][gc,phases   ] GC(9)   Pre Evacuate Collection Set: 0.0ms
[2022-06-28T06:32:12.171+0000][6][gc,phases   ] GC(9)   Merge Heap Roots: 0.0ms
[2022-06-28T06:32:12.171+0000][6][gc,phases   ] GC(9)   Evacuate Collection Set: 32.2ms
[2022-06-28T06:32:12.171+0000][6][gc,phases   ] GC(9)   Post Evacuate Collection Set: 2.8ms
[2022-06-28T06:32:12.171+0000][6][gc,phases   ] GC(9)   Other: 0.1ms
[2022-06-28T06:32:12.171+0000][6][gc,age      ] GC(9) Age table with threshold 15 (max threshold 15)
[2022-06-28T06:32:12.171+0000][6][gc,age      ] GC(9) - age   1:    1629216 bytes,    1629216 total
[2022-06-28T06:32:12.171+0000][6][gc,age      ] GC(9) - age   2:    2464128 bytes,    4093344 total
[2022-06-28T06:32:12.171+0000][6][gc,age      ] GC(9) - age   3:    1694208 bytes,    5787552 total
[2022-06-28T06:32:12.171+0000][6][gc,age      ] GC(9) - age   4:    3203320 bytes,    8990872 total
[2022-06-28T06:32:12.171+0000][6][gc,age      ] GC(9) - age   5:     455784 bytes,    9446656 total
[2022-06-28T06:32:12.171+0000][6][gc,age      ] GC(9) - age   6:    1011000 bytes,   10457656 total
[2022-06-28T06:32:12.171+0000][6][gc,heap     ] GC(9) Eden regions: 35->0(35)
[2022-06-28T06:32:12.171+0000][6][gc,heap     ] GC(9) Survivor regions: 3->3(5)
[2022-06-28T06:32:12.171+0000][6][gc,heap     ] GC(9) Old regions: 2->2
[2022-06-28T06:32:12.171+0000][6][gc,heap     ] GC(9) Archive regions: 2->2
[2022-06-28T06:32:12.171+0000][6][gc,heap     ] GC(9) Humongous regions: 0->0
[2022-06-28T06:32:12.171+0000][6][gc,metaspace] GC(9) Metaspace: 19550K(20032K)->19550K(20032K) NonClass: 17248K(17536K)->17248K(17536K) Class: 2302K(2496K)->2302K(2496K)
[2022-06-28T06:32:12.171+0000][6][gc          ] GC(9) Pause Young (Normal) (G1 Evacuation Pause) 159M->20M(256M) 35.345ms
[2022-06-28T06:32:12.171+0000][6][gc,cpu      ] GC(9) User=0.01s Sys=0.00s Real=0.03s
[2022-06-28T06:32:12.171+0000][6][safepoint   ] Safepoint "G1CollectForAllocation", Time since last: 108104324 ns, Reaching safepoint: 29889 ns, At safepoint: 35386990 ns, Total: 35416879 ns
[2022-06-28T06:32:13.111+0000][6][gc,start    ] GC(10) Pause Young (Normal) (G1 Evacuation Pause)
[2022-06-28T06:32:13.111+0000][6][gc,task     ] GC(10) Using 1 workers of 1 for evacuation
[2022-06-28T06:32:13.111+0000][6][gc,age      ] GC(10) Desired survivor size 10485760 bytes, new threshold 15 (max threshold 15)
[2022-06-28T06:32:13.151+0000][6][gc,phases   ] GC(10)   Pre Evacuate Collection Set: 0.0ms
[2022-06-28T06:32:13.151+0000][6][gc,phases   ] GC(10)   Merge Heap Roots: 0.0ms
[2022-06-28T06:32:13.151+0000][6][gc,phases   ] GC(10)   Evacuate Collection Set: 31.7ms
[2022-06-28T06:32:13.151+0000][6][gc,phases   ] GC(10)   Post Evacuate Collection Set: 8.6ms
[2022-06-28T06:32:13.151+0000][6][gc,phases   ] GC(10)   Other: 0.1ms
[2022-06-28T06:32:13.151+0000][6][gc,age      ] GC(10) Age table with threshold 15 (max threshold 15)
[2022-06-28T06:32:13.151+0000][6][gc,age      ] GC(10) - age   1:     600992 bytes,     600992 total
[2022-06-28T06:32:13.151+0000][6][gc,age      ] GC(10) - age   2:    1028352 bytes,    1629344 total
[2022-06-28T06:32:13.151+0000][6][gc,age      ] GC(10) - age   3:    2464128 bytes,    4093472 total
[2022-06-28T06:32:13.151+0000][6][gc,age      ] GC(10) - age   4:    1693264 bytes,    5786736 total
[2022-06-28T06:32:13.151+0000][6][gc,age      ] GC(10) - age   5:    3202904 bytes,    8989640 total
[2022-06-28T06:32:13.151+0000][6][gc,age      ] GC(10) - age   6:     455720 bytes,    9445360 total
[2022-06-28T06:32:13.151+0000][6][gc,age      ] GC(10) - age   7:    1011000 bytes,   10456360 total
[2022-06-28T06:32:13.151+0000][6][gc,heap     ] GC(10) Eden regions: 35->0(35)
[2022-06-28T06:32:13.151+0000][6][gc,heap     ] GC(10) Survivor regions: 3->3(5)
[2022-06-28T06:32:13.151+0000][6][gc,heap     ] GC(10) Old regions: 2->2
[2022-06-28T06:32:13.151+0000][6][gc,heap     ] GC(10) Archive regions: 2->2
[2022-06-28T06:32:13.151+0000][6][gc,heap     ] GC(10) Humongous regions: 0->0
[2022-06-28T06:32:13.151+0000][6][gc,metaspace] GC(10) Metaspace: 19887K(20416K)->19887K(20416K) NonClass: 17532K(17856K)->17532K(17856K) Class: 2355K(2560K)->2355K(2560K)
[2022-06-28T06:32:13.151+0000][6][gc          ] GC(10) Pause Young (Normal) (G1 Evacuation Pause) 160M->21M(256M) 40.648ms
[2022-06-28T06:32:13.151+0000][6][gc,cpu      ] GC(10) User=0.02s Sys=0.00s Real=0.04s
[2022-06-28T06:32:13.151+0000][6][safepoint   ] Safepoint "G1CollectForAllocation", Time since last: 939378719 ns, Reaching safepoint: 28627 ns, At safepoint: 40690414 ns, Total: 40719041 ns
[2022-06-28T06:32:14.299+0000][6][safepoint   ] Safepoint "Cleanup", Time since last: 1147383125 ns, Reaching safepoint: 77580 ns, At safepoint: 3452 ns, Total: 81032 ns
[2022-06-28T06:32:14.475+0000][6][gc,start    ] GC(11) Pause Young (Normal) (G1 Evacuation Pause)
[2022-06-28T06:32:14.475+0000][6][gc,task     ] GC(11) Using 1 workers of 1 for evacuation
[2022-06-28T06:32:14.475+0000][6][gc,age      ] GC(11) Desired survivor size 10485760 bytes, new threshold 15 (max threshold 15)
[2022-06-28T06:32:14.499+0000][6][gc,phases   ] GC(11)   Pre Evacuate Collection Set: 0.0ms
[2022-06-28T06:32:14.499+0000][6][gc,phases   ] GC(11)   Merge Heap Roots: 0.0ms
[2022-06-28T06:32:14.499+0000][6][gc,phases   ] GC(11)   Evacuate Collection Set: 23.6ms
[2022-06-28T06:32:14.499+0000][6][gc,phases   ] GC(11)   Post Evacuate Collection Set: 0.6ms
[2022-06-28T06:32:14.499+0000][6][gc,phases   ] GC(11)   Other: 0.1ms
[2022-06-28T06:32:14.499+0000][6][gc,age      ] GC(11) Age table with threshold 15 (max threshold 15)
[2022-06-28T06:32:14.499+0000][6][gc,age      ] GC(11) - age   1:    1643208 bytes,    1643208 total
[2022-06-28T06:32:14.499+0000][6][gc,age      ] GC(11) - age   2:     290200 bytes,    1933408 total
[2022-06-28T06:32:14.499+0000][6][gc,age      ] GC(11) - age   3:    1028320 bytes,    2961728 total
[2022-06-28T06:32:14.499+0000][6][gc,age      ] GC(11) - age   4:    2463056 bytes,    5424784 total
[2022-06-28T06:32:14.499+0000][6][gc,age      ] GC(11) - age   5:    1690408 bytes,    7115192 total
[2022-06-28T06:32:14.499+0000][6][gc,age      ] GC(11) - age   6:    3201688 bytes,   10316880 total
[2022-06-28T06:32:14.499+0000][6][gc,age      ] GC(11) - age   7:     455040 bytes,   10771920 total
[2022-06-28T06:32:14.499+0000][6][gc,age      ] GC(11) - age   8:    1011000 bytes,   11782920 total
[2022-06-28T06:32:14.499+0000][6][gc,heap     ] GC(11) Eden regions: 35->0(35)
[2022-06-28T06:32:14.499+0000][6][gc,heap     ] GC(11) Survivor regions: 3->3(5)
[2022-06-28T06:32:14.499+0000][6][gc,heap     ] GC(11) Old regions: 2->2
[2022-06-28T06:32:14.499+0000][6][gc,heap     ] GC(11) Archive regions: 2->2
[2022-06-28T06:32:14.499+0000][6][gc,heap     ] GC(11) Humongous regions: 0->0
[2022-06-28T06:32:14.499+0000][6][gc,metaspace] GC(11) Metaspace: 20779K(21248K)->20779K(21248K) NonClass: 18313K(18624K)->18313K(18624K) Class: 2466K(2624K)->2466K(2624K)
[2022-06-28T06:32:14.499+0000][6][gc          ] GC(11) Pause Young (Normal) (G1 Evacuation Pause) 161M->21M(256M) 24.650ms
[2022-06-28T06:32:14.499+0000][6][gc,cpu      ] GC(11) User=0.01s Sys=0.00s Real=0.02s
[2022-06-28T06:32:14.499+0000][6][safepoint   ] Safepoint "G1CollectForAllocation", Time since last: 175968275 ns, Reaching safepoint: 28929 ns, At safepoint: 24693326 ns, Total: 24722255 ns
[2022-06-28T06:32:15.068+0000][6][gc,start    ] GC(12) Pause Young (Concurrent Start) (Metadata GC Threshold)
[2022-06-28T06:32:15.068+0000][6][gc,task     ] GC(12) Using 1 workers of 1 for evacuation
[2022-06-28T06:32:15.068+0000][6][gc,age      ] GC(12) Desired survivor size 10485760 bytes, new threshold 7 (max threshold 15)
[2022-06-28T06:32:15.116+0000][6][gc,phases   ] GC(12)   Pre Evacuate Collection Set: 2.0ms
[2022-06-28T06:32:15.116+0000][6][gc,phases   ] GC(12)   Merge Heap Roots: 0.0ms
[2022-06-28T06:32:15.116+0000][6][gc,phases   ] GC(12)   Evacuate Collection Set: 45.0ms
[2022-06-28T06:32:15.116+0000][6][gc,phases   ] GC(12)   Post Evacuate Collection Set: 0.7ms
[2022-06-28T06:32:15.116+0000][6][gc,phases   ] GC(12)   Other: 0.1ms
[2022-06-28T06:32:15.116+0000][6][gc,age      ] GC(12) Age table with threshold 7 (max threshold 15)
[2022-06-28T06:32:15.116+0000][6][gc,age      ] GC(12) - age   1:     512984 bytes,     512984 total
[2022-06-28T06:32:15.116+0000][6][gc,age      ] GC(12) - age   2:    1621232 bytes,    2134216 total
[2022-06-28T06:32:15.116+0000][6][gc,age      ] GC(12) - age   3:     288664 bytes,    2422880 total
[2022-06-28T06:32:15.116+0000][6][gc,age      ] GC(12) - age   4:    1028320 bytes,    3451200 total
[2022-06-28T06:32:15.116+0000][6][gc,age      ] GC(12) - age   5:    2462992 bytes,    5914192 total
[2022-06-28T06:32:15.116+0000][6][gc,age      ] GC(12) - age   6:    1690280 bytes,    7604472 total
[2022-06-28T06:32:15.116+0000][6][gc,age      ] GC(12) - age   7:    3200392 bytes,   10804864 total
[2022-06-28T06:32:15.116+0000][6][gc,heap     ] GC(12) Eden regions: 22->0(35)
[2022-06-28T06:32:15.116+0000][6][gc,heap     ] GC(12) Survivor regions: 3->3(5)
[2022-06-28T06:32:15.117+0000][6][gc,heap     ] GC(12) Old regions: 2->2
[2022-06-28T06:32:15.117+0000][6][gc,heap     ] GC(12) Archive regions: 2->2
[2022-06-28T06:32:15.117+0000][6][gc,heap     ] GC(12) Humongous regions: 0->0
[2022-06-28T06:32:15.117+0000][6][gc,metaspace] GC(12) Metaspace: 21000K(21504K)->21000K(21504K) NonClass: 18502K(18816K)->18502K(18816K) Class: 2498K(2688K)->2498K(2688K)
[2022-06-28T06:32:15.117+0000][6][gc          ] GC(12) Pause Young (Concurrent Start) (Metadata GC Threshold) 107M->22M(256M) 48.147ms
[2022-06-28T06:32:15.117+0000][6][gc,cpu      ] GC(12) User=0.02s Sys=0.01s Real=0.05s
[2022-06-28T06:32:15.117+0000][6][safepoint   ] Safepoint "CollectForMetadataAllocation", Time since last: 568995329 ns, Reaching safepoint: 26133 ns, At safepoint: 48265296 ns, Total: 48291429 ns
[2022-06-28T06:32:15.117+0000][6][gc          ] GC(13) Concurrent Mark Cycle
[2022-06-28T06:32:15.117+0000][6][gc,marking  ] GC(13) Concurrent Clear Claimed Marks
[2022-06-28T06:32:15.117+0000][6][gc,marking  ] GC(13) Concurrent Clear Claimed Marks 0.035ms
[2022-06-28T06:32:15.117+0000][6][gc,marking  ] GC(13) Concurrent Scan Root Regions
[2022-06-28T06:32:15.147+0000][6][gc,marking  ] GC(13) Concurrent Scan Root Regions 29.550ms
[2022-06-28T06:32:15.147+0000][6][gc,marking  ] GC(13) Concurrent Mark
[2022-06-28T06:32:15.147+0000][6][gc,marking  ] GC(13) Concurrent Mark From Roots
[2022-06-28T06:32:15.147+0000][6][gc,task     ] GC(13) Using 1 workers of 1 for marking
[2022-06-28T06:32:15.195+0000][6][gc,marking  ] GC(13) Concurrent Mark From Roots 48.056ms
[2022-06-28T06:32:15.195+0000][6][gc,marking  ] GC(13) Concurrent Preclean
[2022-06-28T06:32:15.195+0000][6][gc,marking  ] GC(13) Concurrent Preclean 0.036ms
[2022-06-28T06:32:15.195+0000][6][gc,start    ] GC(13) Pause Remark
[2022-06-28T06:32:15.208+0000][6][gc          ] GC(13) Pause Remark 32M->32M(256M) 13.399ms
[2022-06-28T06:32:15.208+0000][6][gc,cpu      ] GC(13) User=0.01s Sys=0.00s Real=0.01s
[2022-06-28T06:32:15.208+0000][6][safepoint   ] Safepoint "G1Concurrent", Time since last: 78097813 ns, Reaching safepoint: 145957 ns, At safepoint: 13471304 ns, Total: 13617261 ns
[2022-06-28T06:32:15.219+0000][6][gc,marking  ] GC(13) Concurrent Mark 71.941ms
[2022-06-28T06:32:15.219+0000][6][gc,marking  ] GC(13) Concurrent Rebuild Remembered Sets
[2022-06-28T06:32:15.239+0000][6][gc,marking  ] GC(13) Concurrent Rebuild Remembered Sets 20.916ms
[2022-06-28T06:32:15.240+0000][6][gc,start    ] GC(13) Pause Cleanup
[2022-06-28T06:32:15.240+0000][6][gc          ] GC(13) Pause Cleanup 36M->36M(256M) 0.039ms
[2022-06-28T06:32:15.240+0000][6][gc,cpu      ] GC(13) User=0.00s Sys=0.00s Real=0.00s
[2022-06-28T06:32:15.240+0000][6][safepoint   ] Safepoint "G1Concurrent", Time since last: 31134113 ns, Reaching safepoint: 18306 ns, At safepoint: 76040 ns, Total: 94346 ns
[2022-06-28T06:32:15.240+0000][6][gc,marking  ] GC(13) Concurrent Cleanup for Next Mark
[2022-06-28T06:32:15.247+0000][6][gc,marking  ] GC(13) Concurrent Cleanup for Next Mark 7.531ms
[2022-06-28T06:32:15.247+0000][6][gc          ] GC(13) Concurrent Mark Cycle 130.265ms
[2022-06-28T06:32:15.907+0000][6][gc,start    ] GC(14) Pause Young (Normal) (G1 Evacuation Pause)
[2022-06-28T06:32:15.907+0000][6][gc,task     ] GC(14) Using 1 workers of 1 for evacuation
[2022-06-28T06:32:15.907+0000][6][gc,age      ] GC(14) Desired survivor size 10485760 bytes, new threshold 7 (max threshold 15)
[2022-06-28T06:32:15.931+0000][6][gc,phases   ] GC(14)   Pre Evacuate Collection Set: 0.0ms
[2022-06-28T06:32:15.931+0000][6][gc,phases   ] GC(14)   Merge Heap Roots: 0.0ms
[2022-06-28T06:32:15.931+0000][6][gc,phases   ] GC(14)   Evacuate Collection Set: 23.8ms
[2022-06-28T06:32:15.931+0000][6][gc,phases   ] GC(14)   Post Evacuate Collection Set: 0.6ms
[2022-06-28T06:32:15.931+0000][6][gc,phases   ] GC(14)   Other: 0.1ms
[2022-06-28T06:32:15.931+0000][6][gc,age      ] GC(14) Age table with threshold 7 (max threshold 15)
[2022-06-28T06:32:15.931+0000][6][gc,age      ] GC(14) - age   1:    1158832 bytes,    1158832 total
[2022-06-28T06:32:15.931+0000][6][gc,age      ] GC(14) - age   2:     510392 bytes,    1669224 total
[2022-06-28T06:32:15.931+0000][6][gc,age      ] GC(14) - age   3:    1621200 bytes,    3290424 total
[2022-06-28T06:32:15.931+0000][6][gc,age      ] GC(14) - age   4:     288384 bytes,    3578808 total
[2022-06-28T06:32:15.931+0000][6][gc,age      ] GC(14) - age   5:    1027776 bytes,    4606584 total
[2022-06-28T06:32:15.931+0000][6][gc,age      ] GC(14) - age   6:    2462992 bytes,    7069576 total
[2022-06-28T06:32:15.931+0000][6][gc,age      ] GC(14) - age   7:    1690184 bytes,    8759760 total
[2022-06-28T06:32:15.931+0000][6][gc,heap     ] GC(14) Eden regions: 35->0(35)
[2022-06-28T06:32:15.931+0000][6][gc,heap     ] GC(14) Survivor regions: 3->3(5)
[2022-06-28T06:32:15.931+0000][6][gc,heap     ] GC(14) Old regions: 2->3
[2022-06-28T06:32:15.931+0000][6][gc,heap     ] GC(14) Archive regions: 2->2
[2022-06-28T06:32:15.931+0000][6][gc,heap     ] GC(14) Humongous regions: 0->0
[2022-06-28T06:32:15.931+0000][6][gc,metaspace] GC(14) Metaspace: 21103K(21760K)->21103K(21760K) NonClass: 18588K(19008K)->18588K(19008K) Class: 2514K(2752K)->2514K(2752K)
[2022-06-28T06:32:15.931+0000][6][gc          ] GC(14) Pause Young (Normal) (G1 Evacuation Pause) 162M->24M(256M) 24.739ms
[2022-06-28T06:32:15.931+0000][6][gc,cpu      ] GC(14) User=0.02s Sys=0.00s Real=0.02s
[2022-06-28T06:32:15.931+0000][6][safepoint   ] Safepoint "G1CollectForAllocation", Time since last: 666890631 ns, Reaching safepoint: 49755 ns, At safepoint: 24784440 ns, Total: 24834195 ns
[2022-06-28T06:32:16.715+0000][6][gc,start    ] GC(15) Pause Young (Normal) (G1 Evacuation Pause)
[2022-06-28T06:32:16.715+0000][6][gc,task     ] GC(15) Using 1 workers of 1 for evacuation
[2022-06-28T06:32:16.715+0000][6][gc,age      ] GC(15) Desired survivor size 10485760 bytes, new threshold 15 (max threshold 15)
[2022-06-28T06:32:16.731+0000][6][gc,phases   ] GC(15)   Pre Evacuate Collection Set: 0.0ms
[2022-06-28T06:32:16.731+0000][6][gc,phases   ] GC(15)   Merge Heap Roots: 0.0ms
[2022-06-28T06:32:16.731+0000][6][gc,phases   ] GC(15)   Evacuate Collection Set: 10.9ms
[2022-06-28T06:32:16.731+0000][6][gc,phases   ] GC(15)   Post Evacuate Collection Set: 5.0ms
[2022-06-28T06:32:16.731+0000][6][gc,phases   ] GC(15)   Other: 0.1ms
[2022-06-28T06:32:16.731+0000][6][gc,age      ] GC(15) Age table with threshold 15 (max threshold 15)
[2022-06-28T06:32:16.731+0000][6][gc,age      ] GC(15) - age   1:     976560 bytes,     976560 total
[2022-06-28T06:32:16.731+0000][6][gc,age      ] GC(15) - age   2:     279552 bytes,    1256112 total
[2022-06-28T06:32:16.731+0000][6][gc,age      ] GC(15) - age   3:     510392 bytes,    1766504 total
[2022-06-28T06:32:16.731+0000][6][gc,age      ] GC(15) - age   4:    1621200 bytes,    3387704 total
[2022-06-28T06:32:16.731+0000][6][gc,age      ] GC(15) - age   5:     288384 bytes,    3676088 total
[2022-06-28T06:32:16.731+0000][6][gc,age      ] GC(15) - age   6:    1027776 bytes,    4703864 total
[2022-06-28T06:32:16.731+0000][6][gc,age      ] GC(15) - age   7:    2462720 bytes,    7166584 total
[2022-06-28T06:32:16.731+0000][6][gc,age      ] GC(15) - age   8:    1690184 bytes,    8856768 total
[2022-06-28T06:32:16.731+0000][6][gc,heap     ] GC(15) Eden regions: 35->0(35)
[2022-06-28T06:32:16.731+0000][6][gc,heap     ] GC(15) Survivor regions: 3->3(5)
[2022-06-28T06:32:16.731+0000][6][gc,heap     ] GC(15) Old regions: 3->3
[2022-06-28T06:32:16.731+0000][6][gc,heap     ] GC(15) Archive regions: 2->2
[2022-06-28T06:32:16.731+0000][6][gc,heap     ] GC(15) Humongous regions: 0->0
[2022-06-28T06:32:16.731+0000][6][gc,metaspace] GC(15) Metaspace: 21175K(21824K)->21175K(21824K) NonClass: 18648K(19072K)->18648K(19072K) Class: 2526K(2752K)->2526K(2752K)
[2022-06-28T06:32:16.731+0000][6][gc          ] GC(15) Pause Young (Normal) (G1 Evacuation Pause) 164M->24M(256M) 16.240ms
[2022-06-28T06:32:16.731+0000][6][gc,cpu      ] GC(15) User=0.01s Sys=0.00s Real=0.01s
[2022-06-28T06:32:16.731+0000][6][safepoint   ] Safepoint "G1CollectForAllocation", Time since last: 783160770 ns, Reaching safepoint: 35340 ns, At safepoint: 16282824 ns, Total: 16318164 ns
[2022-06-28T06:32:18.555+0000][6][safepoint   ] Safepoint "Cleanup", Time since last: 1824481485 ns, Reaching safepoint: 115616 ns, At safepoint: 4063 ns, Total: 119679 ns
[2022-06-28T06:32:19.556+0000][6][safepoint   ] Safepoint "Cleanup", Time since last: 1000114279 ns, Reaching safepoint: 163072 ns, At safepoint: 16192 ns, Total: 179264 ns
[2022-06-28T06:32:20.711+0000][6][safepoint   ] Safepoint "Cleanup", Time since last: 1154786564 ns, Reaching safepoint: 451578 ns, At safepoint: 6099 ns, Total: 457677 ns
[2022-06-28T06:32:21.714+0000][6][safepoint   ] Safepoint "Cleanup", Time since last: 1003245789 ns, Reaching safepoint: 185831 ns, At safepoint: 7074 ns, Total: 192905 ns
[2022-06-28T06:32:22.722+0000][6][safepoint   ] Safepoint "Cleanup", Time since last: 1004105637 ns, Reaching safepoint: 3263711 ns, At safepoint: 5883 ns, Total: 3269594 ns
[2022-06-28T06:32:23.231+0000][6][gc,start    ] GC(16) Pause Young (Normal) (G1 Evacuation Pause)
[2022-06-28T06:32:23.231+0000][6][gc,task     ] GC(16) Using 1 workers of 1 for evacuation
[2022-06-28T06:32:23.231+0000][6][gc,age      ] GC(16) Desired survivor size 10485760 bytes, new threshold 15 (max threshold 15)
[2022-06-28T06:32:23.391+0000][6][gc,phases   ] GC(16)   Pre Evacuate Collection Set: 0.0ms
[2022-06-28T06:32:23.391+0000][6][gc,phases   ] GC(16)   Merge Heap Roots: 0.1ms
[2022-06-28T06:32:23.391+0000][6][gc,phases   ] GC(16)   Evacuate Collection Set: 151.2ms
[2022-06-28T06:32:23.391+0000][6][gc,phases   ] GC(16)   Post Evacuate Collection Set: 8.8ms
[2022-06-28T06:32:23.391+0000][6][gc,phases   ] GC(16)   Other: 0.1ms
[2022-06-28T06:32:23.391+0000][6][gc,age      ] GC(16) Age table with threshold 15 (max threshold 15)
[2022-06-28T06:32:23.391+0000][6][gc,age      ] GC(16) - age   1:   12489280 bytes,   12489280 total
[2022-06-28T06:32:23.391+0000][6][gc,age      ] GC(16) - age   2:     474256 bytes,   12963536 total
[2022-06-28T06:32:23.391+0000][6][gc,age      ] GC(16) - age   3:     277672 bytes,   13241208 total
[2022-06-28T06:32:23.391+0000][6][gc,age      ] GC(16) - age   4:     504520 bytes,   13745728 total
[2022-06-28T06:32:23.391+0000][6][gc,age      ] GC(16) - age   5:    1611272 bytes,   15357000 total
[2022-06-28T06:32:23.391+0000][6][gc,age      ] GC(16) - age   6:     287000 bytes,   15644000 total
[2022-06-28T06:32:23.391+0000][6][gc,age      ] GC(16) - age   7:    1026864 bytes,   16670864 total
[2022-06-28T06:32:23.391+0000][6][gc,age      ] GC(16) - age   8:    2459968 bytes,   19130832 total
[2022-06-28T06:32:23.391+0000][6][gc,age      ] GC(16) - age   9:    1686312 bytes,   20817144 total
[2022-06-28T06:32:23.391+0000][6][gc,heap     ] GC(16) Eden regions: 35->0(33)
[2022-06-28T06:32:23.391+0000][6][gc,heap     ] GC(16) Survivor regions: 3->5(5)
[2022-06-28T06:32:23.392+0000][6][gc,heap     ] GC(16) Old regions: 3->3
[2022-06-28T06:32:23.392+0000][6][gc,heap     ] GC(16) Archive regions: 2->2
[2022-06-28T06:32:23.392+0000][6][gc,heap     ] GC(16) Humongous regions: 0->0
[2022-06-28T06:32:23.392+0000][6][gc,metaspace] GC(16) Metaspace: 30660K(31616K)->30660K(31616K) NonClass: 26869K(27456K)->26869K(27456K) Class: 3791K(4160K)->3791K(4160K)
[2022-06-28T06:32:23.392+0000][6][gc          ] GC(16) Pause Young (Normal) (G1 Evacuation Pause) 164M->35M(256M) 160.413ms
[2022-06-28T06:32:23.392+0000][6][gc,cpu      ] GC(16) User=0.08s Sys=0.00s Real=0.16s
[2022-06-28T06:32:23.392+0000][6][safepoint   ] Safepoint "G1CollectForAllocation", Time since last: 509325665 ns, Reaching safepoint: 27444 ns, At safepoint: 160463303 ns, Total: 160490747 ns
[2022-06-28T06:32:24.874+0000][6][safepoint   ] Safepoint "Cleanup", Time since last: 1482592602 ns, Reaching safepoint: 205200 ns, At safepoint: 5288 ns, Total: 210488 ns
[2022-06-28T06:32:25.875+0000][6][safepoint   ] Safepoint "Cleanup", Time since last: 1000239268 ns, Reaching safepoint: 174810 ns, At safepoint: 6470 ns, Total: 181280 ns
[2022-06-28T06:32:26.827+0000][6][gc,start    ] GC(17) Pause Young (Normal) (G1 Evacuation Pause)
[2022-06-28T06:32:26.827+0000][6][gc,task     ] GC(17) Using 1 workers of 1 for evacuation
[2022-06-28T06:32:26.827+0000][6][gc,age      ] GC(17) Desired survivor size 10485760 bytes, new threshold 1 (max threshold 15)
[2022-06-28T06:32:26.964+0000][6][gc,phases   ] GC(17)   Pre Evacuate Collection Set: 0.0ms
[2022-06-28T06:32:26.965+0000][6][gc,phases   ] GC(17)   Merge Heap Roots: 0.1ms
[2022-06-28T06:32:26.965+0000][6][gc,phases   ] GC(17)   Evacuate Collection Set: 135.9ms
[2022-06-28T06:32:26.965+0000][6][gc,phases   ] GC(17)   Post Evacuate Collection Set: 1.0ms
[2022-06-28T06:32:26.965+0000][6][gc,phases   ] GC(17)   Other: 0.1ms
[2022-06-28T06:32:26.965+0000][6][gc,age      ] GC(17) Age table with threshold 1 (max threshold 15)
[2022-06-28T06:32:26.965+0000][6][gc,age      ] GC(17) - age   1:   13320336 bytes,   13320336 total
[2022-06-28T06:32:26.965+0000][6][gc,heap     ] GC(17) Eden regions: 33->0(33)
[2022-06-28T06:32:26.965+0000][6][gc,heap     ] GC(17) Survivor regions: 5->4(5)
[2022-06-28T06:32:26.965+0000][6][gc,heap     ] GC(17) Old regions: 3->8
[2022-06-28T06:32:26.965+0000][6][gc,heap     ] GC(17) Archive regions: 2->2
[2022-06-28T06:32:26.965+0000][6][gc,heap     ] GC(17) Humongous regions: 0->0
[2022-06-28T06:32:26.965+0000][6][gc,metaspace] GC(17) Metaspace: 32062K(33024K)->32062K(33024K) NonClass: 28073K(28672K)->28073K(28672K) Class: 3988K(4352K)->3988K(4352K)
[2022-06-28T06:32:26.965+0000][6][gc          ] GC(17) Pause Young (Normal) (G1 Evacuation Pause) 167M->49M(256M) 137.370ms
[2022-06-28T06:32:26.965+0000][6][gc,cpu      ] GC(17) User=0.06s Sys=0.00s Real=0.13s
[2022-06-28T06:32:26.965+0000][6][safepoint   ] Safepoint "G1CollectForAllocation", Time since last: 952391400 ns, Reaching safepoint: 64787 ns, At safepoint: 137416796 ns, Total: 137481583 ns
[2022-06-28T06:32:27.972+0000][6][gc,start    ] GC(18) Pause Young (Concurrent Start) (Metadata GC Threshold)
[2022-06-28T06:32:27.972+0000][6][gc,task     ] GC(18) Using 1 workers of 1 for evacuation
[2022-06-28T06:32:27.972+0000][6][gc,age      ] GC(18) Desired survivor size 10485760 bytes, new threshold 1 (max threshold 15)
[2022-06-28T06:32:28.039+0000][6][gc,phases   ] GC(18)   Pre Evacuate Collection Set: 0.1ms
[2022-06-28T06:32:28.039+0000][6][gc,phases   ] GC(18)   Merge Heap Roots: 0.0ms
[2022-06-28T06:32:28.039+0000][6][gc,phases   ] GC(18)   Evacuate Collection Set: 66.6ms
[2022-06-28T06:32:28.039+0000][6][gc,phases   ] GC(18)   Post Evacuate Collection Set: 0.6ms
[2022-06-28T06:32:28.039+0000][6][gc,phases   ] GC(18)   Other: 0.1ms
[2022-06-28T06:32:28.039+0000][6][gc,age      ] GC(18) Age table with threshold 1 (max threshold 15)
[2022-06-28T06:32:28.039+0000][6][gc,age      ] GC(18) - age   1:    1074984 bytes,    1074984 total
[2022-06-28T06:32:28.039+0000][6][gc,heap     ] GC(18) Eden regions: 5->0(33)
[2022-06-28T06:32:28.039+0000][6][gc,heap     ] GC(18) Survivor regions: 4->1(5)
[2022-06-28T06:32:28.039+0000][6][gc,heap     ] GC(18) Old regions: 8->12
[2022-06-28T06:32:28.039+0000][6][gc,heap     ] GC(18) Archive regions: 2->2
[2022-06-28T06:32:28.039+0000][6][gc,heap     ] GC(18) Humongous regions: 0->0
[2022-06-28T06:32:28.039+0000][6][gc,metaspace] GC(18) Metaspace: 35144K(36096K)->35144K(36096K) NonClass: 30658K(31232K)->30658K(31232K) Class: 4485K(4864K)->4485K(4864K)
[2022-06-28T06:32:28.039+0000][6][gc          ] GC(18) Pause Young (Concurrent Start) (Metadata GC Threshold) 69M->51M(256M) 67.681ms
[2022-06-28T06:32:28.039+0000][6][gc,cpu      ] GC(18) User=0.03s Sys=0.00s Real=0.07s
[2022-06-28T06:32:28.039+0000][6][safepoint   ] Safepoint "CollectForMetadataAllocation", Time since last: 1006879503 ns, Reaching safepoint: 49278 ns, At safepoint: 67787910 ns, Total: 67837188 ns
[2022-06-28T06:32:28.039+0000][6][gc          ] GC(19) Concurrent Mark Cycle
[2022-06-28T06:32:28.039+0000][6][gc,marking  ] GC(19) Concurrent Clear Claimed Marks
[2022-06-28T06:32:28.040+0000][6][gc,marking  ] GC(19) Concurrent Clear Claimed Marks 0.056ms
[2022-06-28T06:32:28.040+0000][6][gc,marking  ] GC(19) Concurrent Scan Root Regions
[2022-06-28T06:32:28.106+0000][6][gc,marking  ] GC(19) Concurrent Scan Root Regions 66.732ms
[2022-06-28T06:32:28.106+0000][6][gc,marking  ] GC(19) Concurrent Mark
[2022-06-28T06:32:28.106+0000][6][gc,marking  ] GC(19) Concurrent Mark From Roots
[2022-06-28T06:32:28.106+0000][6][gc,task     ] GC(19) Using 1 workers of 1 for marking
[2022-06-28T06:32:28.189+0000][6][safepoint   ] Safepoint "CollectForMetadataAllocation", Time since last: 145785573 ns, Reaching safepoint: 3308202 ns, At safepoint: 65021 ns, Total: 3373223 ns
[2022-06-28T06:32:28.319+0000][6][safepoint   ] Safepoint "CollectForMetadataAllocation", Time since last: 129873902 ns, Reaching safepoint: 91250 ns, At safepoint: 63658 ns, Total: 154908 ns
[2022-06-28T06:32:28.409+0000][6][safepoint   ] Safepoint "CollectForMetadataAllocation", Time since last: 90081333 ns, Reaching safepoint: 47170 ns, At safepoint: 64438 ns, Total: 111608 ns
[2022-06-28T06:32:28.415+0000][6][gc,marking  ] GC(19) Concurrent Mark From Roots 308.670ms
[2022-06-28T06:32:28.415+0000][6][gc,marking  ] GC(19) Concurrent Preclean
[2022-06-28T06:32:28.415+0000][6][gc,marking  ] GC(19) Concurrent Preclean 0.125ms
[2022-06-28T06:32:28.416+0000][6][gc,start    ] GC(19) Pause Remark
[2022-06-28T06:32:28.437+0000][6][gc          ] GC(19) Pause Remark 55M->55M(256M) 21.735ms
[2022-06-28T06:32:28.437+0000][6][gc,cpu      ] GC(19) User=0.02s Sys=0.00s Real=0.02s
[2022-06-28T06:32:28.437+0000][6][safepoint   ] Safepoint "G1Concurrent", Time since last: 6408240 ns, Reaching safepoint: 367880 ns, At safepoint: 21807581 ns, Total: 22175461 ns
[2022-06-28T06:32:28.443+0000][6][gc,marking  ] GC(19) Concurrent Mark 336.184ms
[2022-06-28T06:32:28.443+0000][6][gc,marking  ] GC(19) Concurrent Rebuild Remembered Sets
[2022-06-28T06:32:28.649+0000][6][gc,marking  ] GC(19) Concurrent Rebuild Remembered Sets 206.601ms
[2022-06-28T06:32:28.649+0000][6][gc,start    ] GC(19) Pause Cleanup
[2022-06-28T06:32:28.649+0000][6][gc          ] GC(19) Pause Cleanup 59M->59M(256M) 0.061ms
[2022-06-28T06:32:28.649+0000][6][gc,cpu      ] GC(19) User=0.00s Sys=0.00s Real=0.00s
[2022-06-28T06:32:28.649+0000][6][safepoint   ] Safepoint "G1Concurrent", Time since last: 211821469 ns, Reaching safepoint: 151515 ns, At safepoint: 95063 ns, Total: 246578 ns
[2022-06-28T06:32:28.649+0000][6][gc,marking  ] GC(19) Concurrent Cleanup for Next Mark
[2022-06-28T06:32:28.657+0000][6][gc,marking  ] GC(19) Concurrent Cleanup for Next Mark 7.617ms
[2022-06-28T06:32:28.657+0000][6][gc          ] GC(19) Concurrent Mark Cycle 617.653ms
[2022-06-28T06:32:29.653+0000][6][safepoint   ] Safepoint "Cleanup", Time since last: 1003004587 ns, Reaching safepoint: 205912 ns, At safepoint: 6433 ns, Total: 212345 ns
[2022-06-28T06:32:31.463+0000][6][safepoint   ] Safepoint "Cleanup", Time since last: 1810517948 ns, Reaching safepoint: 163365 ns, At safepoint: 5105 ns, Total: 168470 ns
[2022-06-28T06:32:32.467+0000][6][safepoint   ] Safepoint "Cleanup", Time since last: 1003167382 ns, Reaching safepoint: 193455 ns, At safepoint: 5862 ns, Total: 199317 ns
[2022-06-28T06:32:33.508+0000][6][gc,start    ] GC(20) Pause Young (Normal) (G1 Evacuation Pause)
[2022-06-28T06:32:33.508+0000][6][gc,task     ] GC(20) Using 1 workers of 1 for evacuation
[2022-06-28T06:32:33.508+0000][6][gc,age      ] GC(20) Desired survivor size 10485760 bytes, new threshold 15 (max threshold 15)
[2022-06-28T06:32:33.552+0000][6][gc,phases   ] GC(20)   Pre Evacuate Collection Set: 0.0ms
[2022-06-28T06:32:33.552+0000][6][gc,phases   ] GC(20)   Merge Heap Roots: 0.1ms
[2022-06-28T06:32:33.552+0000][6][gc,phases   ] GC(20)   Evacuate Collection Set: 42.3ms
[2022-06-28T06:32:33.552+0000][6][gc,phases   ] GC(20)   Post Evacuate Collection Set: 1.3ms
[2022-06-28T06:32:33.552+0000][6][gc,phases   ] GC(20)   Other: 0.1ms
[2022-06-28T06:32:33.552+0000][6][gc,age      ] GC(20) Age table with threshold 15 (max threshold 15)
[2022-06-28T06:32:33.552+0000][6][gc,age      ] GC(20) - age   1:    5944264 bytes,    5944264 total
[2022-06-28T06:32:33.552+0000][6][gc,age      ] GC(20) - age   2:    1012848 bytes,    6957112 total
[2022-06-28T06:32:33.552+0000][6][gc,heap     ] GC(20) Eden regions: 33->0(32)
[2022-06-28T06:32:33.552+0000][6][gc,heap     ] GC(20) Survivor regions: 1->2(5)
[2022-06-28T06:32:33.552+0000][6][gc,heap     ] GC(20) Old regions: 12->12
[2022-06-28T06:32:33.552+0000][6][gc,heap     ] GC(20) Archive regions: 2->2
[2022-06-28T06:32:33.552+0000][6][gc,heap     ] GC(20) Humongous regions: 0->0
[2022-06-28T06:32:33.552+0000][6][gc,metaspace] GC(20) Metaspace: 51803K(53056K)->51803K(53056K) NonClass: 45018K(45760K)->45018K(45760K) Class: 6784K(7296K)->6784K(7296K)
[2022-06-28T06:32:33.552+0000][6][gc          ] GC(20) Pause Young (Normal) (G1 Evacuation Pause) 183M->57M(256M) 44.016ms
[2022-06-28T06:32:33.552+0000][6][gc,cpu      ] GC(20) User=0.02s Sys=0.00s Real=0.04s
[2022-06-28T06:32:33.552+0000][6][safepoint   ] Safepoint "G1CollectForAllocation", Time since last: 1041239157 ns, Reaching safepoint: 66439 ns, At safepoint: 44077868 ns, Total: 44144307 ns
[2022-06-28T06:32:34.552+0000][6][safepoint   ] Safepoint "Cleanup", Time since last: 1000093621 ns, Reaching safepoint: 157617 ns, At safepoint: 5031 ns, Total: 162648 ns
[2022-06-28T06:32:35.556+0000][6][safepoint   ] Safepoint "Cleanup", Time since last: 1002165725 ns, Reaching safepoint: 1065146 ns, At safepoint: 6309 ns, Total: 1071455 ns
[2022-06-28T06:32:35.928+0000][6][gc,start    ] GC(21) Pause Young (Normal) (G1 Evacuation Pause)
[2022-06-28T06:32:35.928+0000][6][gc,task     ] GC(21) Using 1 workers of 1 for evacuation
[2022-06-28T06:32:35.928+0000][6][gc,age      ] GC(21) Desired survivor size 10485760 bytes, new threshold 15 (max threshold 15)
[2022-06-28T06:32:35.991+0000][6][gc,phases   ] GC(21)   Pre Evacuate Collection Set: 0.0ms
[2022-06-28T06:32:35.991+0000][6][gc,phases   ] GC(21)   Merge Heap Roots: 0.1ms
[2022-06-28T06:32:35.991+0000][6][gc,phases   ] GC(21)   Evacuate Collection Set: 54.8ms
[2022-06-28T06:32:35.991+0000][6][gc,phases   ] GC(21)   Post Evacuate Collection Set: 8.8ms
[2022-06-28T06:32:35.991+0000][6][gc,phases   ] GC(21)   Other: 0.1ms
[2022-06-28T06:32:35.991+0000][6][gc,age      ] GC(21) Age table with threshold 15 (max threshold 15)
[2022-06-28T06:32:35.991+0000][6][gc,age      ] GC(21) - age   1:     183352 bytes,     183352 total
[2022-06-28T06:32:35.991+0000][6][gc,age      ] GC(21) - age   2:    5690520 bytes,    5873872 total
[2022-06-28T06:32:35.991+0000][6][gc,age      ] GC(21) - age   3:    1012848 bytes,    6886720 total
[2022-06-28T06:32:35.991+0000][6][gc,heap     ] GC(21) Eden regions: 32->0(33)
[2022-06-28T06:32:35.991+0000][6][gc,heap     ] GC(21) Survivor regions: 2->2(5)
[2022-06-28T06:32:35.991+0000][6][gc,heap     ] GC(21) Old regions: 12->12
[2022-06-28T06:32:35.991+0000][6][gc,heap     ] GC(21) Archive regions: 2->2
[2022-06-28T06:32:35.991+0000][6][gc,heap     ] GC(21) Humongous regions: 0->0
[2022-06-28T06:32:35.991+0000][6][gc,metaspace] GC(21) Metaspace: 52144K(53376K)->52144K(53376K) NonClass: 45326K(46080K)->45326K(46080K) Class: 6817K(7296K)->6817K(7296K)
[2022-06-28T06:32:35.991+0000][6][gc          ] GC(21) Pause Young (Normal) (G1 Evacuation Pause) 185M->57M(256M) 63.942ms
[2022-06-28T06:32:35.991+0000][6][gc,cpu      ] GC(21) User=0.03s Sys=0.00s Real=0.06s
[2022-06-28T06:32:35.991+0000][6][safepoint   ] Safepoint "G1CollectForAllocation", Time since last: 371887828 ns, Reaching safepoint: 19559 ns, At safepoint: 63989283 ns, Total: 64008842 ns
[2022-06-28T06:32:37.979+0000][6][safepoint   ] Safepoint "Cleanup", Time since last: 1987032195 ns, Reaching safepoint: 237319 ns, At safepoint: 5949 ns, Total: 243268 ns
[2022-06-28T06:32:39.839+0000][6][safepoint   ] Safepoint "Cleanup", Time since last: 1859951982 ns, Reaching safepoint: 105675 ns, At safepoint: 3706 ns, Total: 109381 ns
[2022-06-28T06:32:40.844+0000][6][safepoint   ] Safepoint "Cleanup", Time since last: 1003677479 ns, Reaching safepoint: 1010366 ns, At safepoint: 6052 ns, Total: 1016418 ns
[2022-06-28T06:32:42.851+0000][6][safepoint   ] Safepoint "Cleanup", Time since last: 2006991675 ns, Reaching safepoint: 170838 ns, At safepoint: 4475 ns, Total: 175313 ns
[2022-06-28T06:32:43.151+0000][6][gc,start    ] GC(22) Pause Young (Normal) (G1 Evacuation Pause)
[2022-06-28T06:32:43.151+0000][6][gc,task     ] GC(22) Using 1 workers of 1 for evacuation
[2022-06-28T06:32:43.151+0000][6][gc,age      ] GC(22) Desired survivor size 10485760 bytes, new threshold 15 (max threshold 15)
[2022-06-28T06:32:43.211+0000][6][gc,phases   ] GC(22)   Pre Evacuate Collection Set: 0.0ms
[2022-06-28T06:32:43.211+0000][6][gc,phases   ] GC(22)   Merge Heap Roots: 0.1ms
[2022-06-28T06:32:43.211+0000][6][gc,phases   ] GC(22)   Evacuate Collection Set: 54.5ms
[2022-06-28T06:32:43.211+0000][6][gc,phases   ] GC(22)   Post Evacuate Collection Set: 5.2ms
[2022-06-28T06:32:43.211+0000][6][gc,phases   ] GC(22)   Other: 0.1ms
[2022-06-28T06:32:43.211+0000][6][gc,age      ] GC(22) Age table with threshold 15 (max threshold 15)
[2022-06-28T06:32:43.211+0000][6][gc,age      ] GC(22) - age   1:    4415224 bytes,    4415224 total
[2022-06-28T06:32:43.211+0000][6][gc,age      ] GC(22) - age   2:     138880 bytes,    4554104 total
[2022-06-28T06:32:43.211+0000][6][gc,age      ] GC(22) - age   3:    5680632 bytes,   10234736 total
[2022-06-28T06:32:43.211+0000][6][gc,age      ] GC(22) - age   4:    1012480 bytes,   11247216 total
[2022-06-28T06:32:43.211+0000][6][gc,heap     ] GC(22) Eden regions: 33->0(32)
[2022-06-28T06:32:43.211+0000][6][gc,heap     ] GC(22) Survivor regions: 2->3(5)
[2022-06-28T06:32:43.211+0000][6][gc,heap     ] GC(22) Old regions: 12->12
[2022-06-28T06:32:43.211+0000][6][gc,heap     ] GC(22) Archive regions: 2->2
[2022-06-28T06:32:43.211+0000][6][gc,heap     ] GC(22) Humongous regions: 0->0
[2022-06-28T06:32:43.211+0000][6][gc,metaspace] GC(22) Metaspace: 59612K(60864K)->59612K(60864K) NonClass: 51794K(52544K)->51794K(52544K) Class: 7817K(8320K)->7817K(8320K)
[2022-06-28T06:32:43.211+0000][6][gc          ] GC(22) Pause Young (Normal) (G1 Evacuation Pause) 189M->61M(256M) 60.154ms
[2022-06-28T06:32:43.211+0000][6][gc,cpu      ] GC(22) User=0.03s Sys=0.00s Real=0.06s
[2022-06-28T06:32:43.211+0000][6][safepoint   ] Safepoint "G1CollectForAllocation", Time since last: 300430787 ns, Reaching safepoint: 56398 ns, At safepoint: 60228362 ns, Total: 60284760 ns
[2022-06-28T06:32:44.215+0000][6][safepoint   ] Safepoint "Cleanup", Time since last: 1003103540 ns, Reaching safepoint: 158245 ns, At safepoint: 4846 ns, Total: 163091 ns
[2022-06-28T06:32:45.115+0000][6][gc,start    ] GC(23) Pause Young (Concurrent Start) (Metadata GC Threshold)
[2022-06-28T06:32:45.115+0000][6][gc,task     ] GC(23) Using 1 workers of 1 for evacuation
[2022-06-28T06:32:45.115+0000][6][gc,age      ] GC(23) Desired survivor size 10485760 bytes, new threshold 4 (max threshold 15)
[2022-06-28T06:32:45.167+0000][6][gc,phases   ] GC(23)   Pre Evacuate Collection Set: 0.1ms
[2022-06-28T06:32:45.167+0000][6][gc,phases   ] GC(23)   Merge Heap Roots: 0.1ms
[2022-06-28T06:32:45.167+0000][6][gc,phases   ] GC(23)   Evacuate Collection Set: 49.5ms
[2022-06-28T06:32:45.167+0000][6][gc,phases   ] GC(23)   Post Evacuate Collection Set: 2.7ms
[2022-06-28T06:32:45.167+0000][6][gc,phases   ] GC(23)   Other: 0.1ms
[2022-06-28T06:32:45.167+0000][6][gc,age      ] GC(23) Age table with threshold 4 (max threshold 15)
[2022-06-28T06:32:45.167+0000][6][gc,age      ] GC(23) - age   1:    1406776 bytes,    1406776 total
[2022-06-28T06:32:45.167+0000][6][gc,age      ] GC(23) - age   2:    4128360 bytes,    5535136 total
[2022-06-28T06:32:45.167+0000][6][gc,age      ] GC(23) - age   3:     138880 bytes,    5674016 total
[2022-06-28T06:32:45.167+0000][6][gc,age      ] GC(23) - age   4:    5680616 bytes,   11354632 total
[2022-06-28T06:32:45.167+0000][6][gc,heap     ] GC(23) Eden regions: 22->0(33)
[2022-06-28T06:32:45.167+0000][6][gc,heap     ] GC(23) Survivor regions: 3->3(5)
[2022-06-28T06:32:45.167+0000][6][gc,heap     ] GC(23) Old regions: 12->12
[2022-06-28T06:32:45.167+0000][6][gc,heap     ] GC(23) Archive regions: 2->2
[2022-06-28T06:32:45.167+0000][6][gc,heap     ] GC(23) Humongous regions: 0->0
[2022-06-28T06:32:45.167+0000][6][gc,metaspace] GC(23) Metaspace: 60620K(61888K)->60620K(61888K) NonClass: 52691K(53440K)->52691K(53440K) Class: 7929K(8448K)->7929K(8448K)
[2022-06-28T06:32:45.167+0000][6][gc          ] GC(23) Pause Young (Concurrent Start) (Metadata GC Threshold) 149M->62M(256M) 52.696ms
[2022-06-28T06:32:45.167+0000][6][gc,cpu      ] GC(23) User=0.03s Sys=0.00s Real=0.05s
[2022-06-28T06:32:45.167+0000][6][safepoint   ] Safepoint "CollectForMetadataAllocation", Time since last: 899849414 ns, Reaching safepoint: 66816 ns, At safepoint: 52807127 ns, Total: 52873943 ns
[2022-06-28T06:32:45.167+0000][6][gc          ] GC(24) Concurrent Mark Cycle
[2022-06-28T06:32:45.167+0000][6][gc,marking  ] GC(24) Concurrent Clear Claimed Marks
[2022-06-28T06:32:45.168+0000][6][gc,marking  ] GC(24) Concurrent Clear Claimed Marks 0.070ms
[2022-06-28T06:32:45.168+0000][6][gc,marking  ] GC(24) Concurrent Scan Root Regions
[2022-06-28T06:32:45.228+0000][6][gc,marking  ] GC(24) Concurrent Scan Root Regions 60.258ms
[2022-06-28T06:32:45.228+0000][6][gc,marking  ] GC(24) Concurrent Mark
[2022-06-28T06:32:45.228+0000][6][gc,marking  ] GC(24) Concurrent Mark From Roots
[2022-06-28T06:32:45.228+0000][6][gc,task     ] GC(24) Using 1 workers of 1 for marking
[2022-06-28T06:32:45.387+0000][6][safepoint   ] Safepoint "CollectForMetadataAllocation", Time since last: 204563668 ns, Reaching safepoint: 14623763 ns, At safepoint: 77577 ns, Total: 14701340 ns
[2022-06-28T06:32:45.623+0000][6][safepoint   ] Safepoint "CollectForMetadataAllocation", Time since last: 227856729 ns, Reaching safepoint: 8037138 ns, At safepoint: 61535 ns, Total: 8098673 ns
[2022-06-28T06:32:45.635+0000][6][gc,marking  ] GC(24) Concurrent Mark From Roots 407.475ms
[2022-06-28T06:32:45.635+0000][6][gc,marking  ] GC(24) Concurrent Preclean
[2022-06-28T06:32:45.635+0000][6][gc,marking  ] GC(24) Concurrent Preclean 0.138ms
[2022-06-28T06:32:45.636+0000][6][gc,start    ] GC(24) Pause Remark
[2022-06-28T06:32:45.671+0000][6][gc          ] GC(24) Pause Remark 66M->66M(256M) 35.487ms
[2022-06-28T06:32:45.671+0000][6][gc,cpu      ] GC(24) User=0.02s Sys=0.00s Real=0.03s
[2022-06-28T06:32:45.671+0000][6][safepoint   ] Safepoint "G1Concurrent", Time since last: 12925615 ns, Reaching safepoint: 16973 ns, At safepoint: 35575013 ns, Total: 35591986 ns
[2022-06-28T06:32:45.673+0000][6][gc,marking  ] GC(24) Concurrent Mark 445.327ms
[2022-06-28T06:32:45.673+0000][6][gc,marking  ] GC(24) Concurrent Rebuild Remembered Sets
[2022-06-28T06:32:45.902+0000][6][gc,marking  ] GC(24) Concurrent Rebuild Remembered Sets 228.334ms
[2022-06-28T06:32:45.902+0000][6][gc,start    ] GC(24) Pause Cleanup
[2022-06-28T06:32:45.902+0000][6][gc          ] GC(24) Pause Cleanup 70M->70M(256M) 0.056ms
[2022-06-28T06:32:45.902+0000][6][gc,cpu      ] GC(24) User=0.00s Sys=0.00s Real=0.00s
[2022-06-28T06:32:45.902+0000][6][safepoint   ] Safepoint "G1Concurrent", Time since last: 230468749 ns, Reaching safepoint: 145623 ns, At safepoint: 92093 ns, Total: 237716 ns
[2022-06-28T06:32:45.902+0000][6][gc,marking  ] GC(24) Concurrent Cleanup for Next Mark
[2022-06-28T06:32:45.903+0000][6][gc,marking  ] GC(24) Concurrent Cleanup for Next Mark 0.710ms
[2022-06-28T06:32:45.903+0000][6][gc          ] GC(24) Concurrent Mark Cycle 735.131ms
[2022-06-28T06:32:46.902+0000][6][safepoint   ] Safepoint "Cleanup", Time since last: 1000092631 ns, Reaching safepoint: 280805 ns, At safepoint: 6161 ns, Total: 286966 ns
[2022-06-28T06:32:47.914+0000][6][safepoint   ] Safepoint "Cleanup", Time since last: 1000295503 ns, Reaching safepoint: 11229350 ns, At safepoint: 6820 ns, Total: 11236170 ns
[2022-06-28T06:32:48.919+0000][6][safepoint   ] Safepoint "Cleanup", Time since last: 1004769164 ns, Reaching safepoint: 840682 ns, At safepoint: 7223 ns, Total: 847905 ns
[2022-06-28T06:32:50.354+0000][6][safepoint   ] Safepoint "Cleanup", Time since last: 1433926814 ns, Reaching safepoint: 305755 ns, At safepoint: 6358 ns, Total: 312113 ns
[2022-06-28T06:32:51.495+0000][6][safepoint   ] Safepoint "Cleanup", Time since last: 1140148341 ns, Reaching safepoint: 838856 ns, At safepoint: 7298 ns, Total: 846154 ns
[2022-06-28T06:32:52.542+0000][6][safepoint   ] Safepoint "Cleanup", Time since last: 1046532815 ns, Reaching safepoint: 696375 ns, At safepoint: 6118 ns, Total: 702493 ns
[2022-06-28T06:32:52.901+0000][6][gc,start    ] GC(25) Pause Young (Prepare Mixed) (G1 Evacuation Pause)
[2022-06-28T06:32:52.901+0000][6][gc,task     ] GC(25) Using 1 workers of 1 for evacuation
[2022-06-28T06:32:52.901+0000][6][gc,age      ] GC(25) Desired survivor size 10485760 bytes, new threshold 4 (max threshold 15)
[2022-06-28T06:32:53.012+0000][6][gc,phases   ] GC(25)   Pre Evacuate Collection Set: 0.0ms
[2022-06-28T06:32:53.012+0000][6][gc,phases   ] GC(25)   Merge Heap Roots: 0.1ms
[2022-06-28T06:32:53.012+0000][6][gc,phases   ] GC(25)   Evacuate Collection Set: 106.8ms
[2022-06-28T06:32:53.012+0000][6][gc,phases   ] GC(25)   Post Evacuate Collection Set: 3.6ms
[2022-06-28T06:32:53.012+0000][6][gc,phases   ] GC(25)   Other: 0.1ms
[2022-06-28T06:32:53.012+0000][6][gc,age      ] GC(25) Age table with threshold 4 (max threshold 15)
[2022-06-28T06:32:53.012+0000][6][gc,age      ] GC(25) - age   1:    8454440 bytes,    8454440 total
[2022-06-28T06:32:53.012+0000][6][gc,age      ] GC(25) - age   2:    1379040 bytes,    9833480 total
[2022-06-28T06:32:53.012+0000][6][gc,age      ] GC(25) - age   3:    4087392 bytes,   13920872 total
[2022-06-28T06:32:53.012+0000][6][gc,age      ] GC(25) - age   4:     138744 bytes,   14059616 total
[2022-06-28T06:32:53.012+0000][6][gc,heap     ] GC(25) Eden regions: 33->0(1)
[2022-06-28T06:32:53.012+0000][6][gc,heap     ] GC(25) Survivor regions: 3->4(5)
[2022-06-28T06:32:53.012+0000][6][gc,heap     ] GC(25) Old regions: 12->14
[2022-06-28T06:32:53.012+0000][6][gc,heap     ] GC(25) Archive regions: 2->2
[2022-06-28T06:32:53.012+0000][6][gc,heap     ] GC(25) Humongous regions: 0->0
[2022-06-28T06:32:53.012+0000][6][gc,metaspace] GC(25) Metaspace: 80635K(82496K)->80635K(82496K) NonClass: 69782K(70784K)->69782K(70784K) Class: 10852K(11712K)->10852K(11712K)
[2022-06-28T06:32:53.012+0000][6][gc          ] GC(25) Pause Young (Prepare Mixed) (G1 Evacuation Pause) 194M->70M(256M) 110.787ms
[2022-06-28T06:32:53.012+0000][6][gc,cpu      ] GC(25) User=0.05s Sys=0.00s Real=0.11s
[2022-06-28T06:32:53.012+0000][6][safepoint   ] Safepoint "G1CollectForAllocation", Time since last: 359115397 ns, Reaching safepoint: 27014 ns, At safepoint: 110863084 ns, Total: 110890098 ns
[2022-06-28T06:32:53.194+0000][6][gc,start    ] GC(26) Pause Young (Mixed) (G1 Evacuation Pause)
[2022-06-28T06:32:53.194+0000][6][gc,task     ] GC(26) Using 1 workers of 1 for evacuation
[2022-06-28T06:32:53.194+0000][6][gc,age      ] GC(26) Desired survivor size 2097152 bytes, new threshold 1 (max threshold 15)
[2022-06-28T06:32:53.299+0000][6][gc,phases   ] GC(26)   Pre Evacuate Collection Set: 0.0ms
[2022-06-28T06:32:53.299+0000][6][gc,phases   ] GC(26)   Merge Heap Roots: 0.2ms
[2022-06-28T06:32:53.299+0000][6][gc,phases   ] GC(26)   Evacuate Collection Set: 103.0ms
[2022-06-28T06:32:53.299+0000][6][gc,phases   ] GC(26)   Post Evacuate Collection Set: 1.5ms
[2022-06-28T06:32:53.299+0000][6][gc,phases   ] GC(26)   Other: 0.1ms
[2022-06-28T06:32:53.299+0000][6][gc,age      ] GC(26) Age table with threshold 1 (max threshold 15)
[2022-06-28T06:32:53.299+0000][6][gc,age      ] GC(26) - age   1:     305968 bytes,     305968 total
[2022-06-28T06:32:53.299+0000][6][gc,heap     ] GC(26) Eden regions: 1->0(30)
[2022-06-28T06:32:53.299+0000][6][gc,heap     ] GC(26) Survivor regions: 4->1(1)
[2022-06-28T06:32:53.299+0000][6][gc,heap     ] GC(26) Old regions: 14->17
[2022-06-28T06:32:53.299+0000][6][gc,heap     ] GC(26) Archive regions: 2->2
[2022-06-28T06:32:53.299+0000][6][gc,heap     ] GC(26) Humongous regions: 0->0
[2022-06-28T06:32:53.299+0000][6][gc,metaspace] GC(26) Metaspace: 81076K(82944K)->81076K(82944K) NonClass: 70157K(71168K)->70157K(71168K) Class: 10918K(11776K)->10918K(11776K)
[2022-06-28T06:32:53.299+0000][6][gc          ] GC(26) Pause Young (Mixed) (G1 Evacuation Pause) 74M->71M(256M) 105.005ms
[2022-06-28T06:32:53.299+0000][6][gc,cpu      ] GC(26) User=0.05s Sys=0.00s Real=0.11s
[2022-06-28T06:32:53.299+0000][6][safepoint   ] Safepoint "G1CollectForAllocation", Time since last: 181938170 ns, Reaching safepoint: 25297 ns, At safepoint: 105053379 ns, Total: 105078676 ns
[2022-06-28T06:32:54.299+0000][6][safepoint   ] Safepoint "Cleanup", Time since last: 1000144140 ns, Reaching safepoint: 163238 ns, At safepoint: 5423 ns, Total: 168661 ns
[2022-06-28T06:32:55.302+0000][6][safepoint   ] Safepoint "Cleanup", Time since last: 1000115418 ns, Reaching safepoint: 2913827 ns, At safepoint: 6031 ns, Total: 2919858 ns
[2022-06-28T06:32:56.735+0000][6][safepoint   ] Safepoint "Cleanup", Time since last: 1432423997 ns, Reaching safepoint: 347105 ns, At safepoint: 4933 ns, Total: 352038 ns
[2022-06-28T06:32:58.099+0000][6][safepoint   ] Safepoint "Cleanup", Time since last: 1364397447 ns, Reaching safepoint: 93426 ns, At safepoint: 3491 ns, Total: 96917 ns
[2022-06-28T06:32:59.507+0000][6][safepoint   ] Safepoint "Cleanup", Time since last: 1406211256 ns, Reaching safepoint: 908014 ns, At safepoint: 7571 ns, Total: 915585 ns
[2022-06-28T06:32:59.588+0000][6][gc,start    ] GC(27) Pause Young (Normal) (G1 Evacuation Pause)
[2022-06-28T06:32:59.588+0000][6][gc,task     ] GC(27) Using 1 workers of 1 for evacuation
[2022-06-28T06:32:59.588+0000][6][gc,age      ] GC(27) Desired survivor size 8388608 bytes, new threshold 15 (max threshold 15)
[2022-06-28T06:32:59.657+0000][6][gc,phases   ] GC(27)   Pre Evacuate Collection Set: 0.0ms
[2022-06-28T06:32:59.657+0000][6][gc,phases   ] GC(27)   Merge Heap Roots: 2.8ms
[2022-06-28T06:32:59.657+0000][6][gc,phases   ] GC(27)   Evacuate Collection Set: 61.9ms
[2022-06-28T06:32:59.657+0000][6][gc,phases   ] GC(27)   Post Evacuate Collection Set: 4.1ms
[2022-06-28T06:32:59.657+0000][6][gc,phases   ] GC(27)   Other: 0.1ms
[2022-06-28T06:32:59.657+0000][6][gc,age      ] GC(27) Age table with threshold 15 (max threshold 15)
[2022-06-28T06:32:59.657+0000][6][gc,age      ] GC(27) - age   1:    6957112 bytes,    6957112 total
[2022-06-28T06:32:59.657+0000][6][gc,age      ] GC(27) - age   2:     164184 bytes,    7121296 total
[2022-06-28T06:32:59.657+0000][6][gc,heap     ] GC(27) Eden regions: 30->0(28)
[2022-06-28T06:32:59.657+0000][6][gc,heap     ] GC(27) Survivor regions: 1->2(4)
[2022-06-28T06:32:59.657+0000][6][gc,heap     ] GC(27) Old regions: 17->17
[2022-06-28T06:32:59.657+0000][6][gc,heap     ] GC(27) Archive regions: 2->2
[2022-06-28T06:32:59.657+0000][6][gc,heap     ] GC(27) Humongous regions: 0->0
[2022-06-28T06:32:59.657+0000][6][gc,metaspace] GC(27) Metaspace: 98457K(101120K)->98457K(101120K) NonClass: 84910K(86272K)->84910K(86272K) Class: 13546K(14848K)->13546K(14848K)
[2022-06-28T06:32:59.657+0000][6][gc          ] GC(27) Pause Young (Normal) (G1 Evacuation Pause) 191M->76M(256M) 69.157ms
[2022-06-28T06:32:59.657+0000][6][gc,cpu      ] GC(27) User=0.03s Sys=0.00s Real=0.07s
[2022-06-28T06:32:59.657+0000][6][safepoint   ] Safepoint "G1CollectForAllocation", Time since last: 75914947 ns, Reaching safepoint: 5076977 ns, At safepoint: 69223306 ns, Total: 74300283 ns
[2022-06-28T06:33:00.909+0000][6][safepoint   ] Safepoint "Cleanup", Time since last: 1252295367 ns, Reaching safepoint: 208797 ns, At safepoint: 6569 ns, Total: 215366 ns
[2022-06-28T06:33:01.923+0000][6][gc,start    ] GC(28) Pause Young (Concurrent Start) (G1 Humongous Allocation)
[2022-06-28T06:33:01.923+0000][6][gc,task     ] GC(28) Using 1 workers of 1 for evacuation
[2022-06-28T06:33:01.923+0000][6][gc,age      ] GC(28) Desired survivor size 8388608 bytes, new threshold 15 (max threshold 15)
[2022-06-28T06:33:01.984+0000][6][gc,phases   ] GC(28)   Pre Evacuate Collection Set: 0.2ms
[2022-06-28T06:33:01.984+0000][6][gc,phases   ] GC(28)   Merge Heap Roots: 0.1ms
[2022-06-28T06:33:01.984+0000][6][gc,phases   ] GC(28)   Evacuate Collection Set: 57.0ms
[2022-06-28T06:33:01.984+0000][6][gc,phases   ] GC(28)   Post Evacuate Collection Set: 3.3ms
[2022-06-28T06:33:01.984+0000][6][gc,phases   ] GC(28)   Other: 0.1ms
[2022-06-28T06:33:01.984+0000][6][gc,age      ] GC(28) Age table with threshold 15 (max threshold 15)
[2022-06-28T06:33:01.984+0000][6][gc,age      ] GC(28) - age   1:    1508504 bytes,    1508504 total
[2022-06-28T06:33:01.984+0000][6][gc,age      ] GC(28) - age   2:    6470200 bytes,    7978704 total
[2022-06-28T06:33:01.984+0000][6][gc,age      ] GC(28) - age   3:     164184 bytes,    8142888 total
[2022-06-28T06:33:01.984+0000][6][gc,heap     ] GC(28) Eden regions: 12->0(28)
[2022-06-28T06:33:01.984+0000][6][gc,heap     ] GC(28) Survivor regions: 2->2(4)
[2022-06-28T06:33:01.984+0000][6][gc,heap     ] GC(28) Old regions: 17->17
[2022-06-28T06:33:01.984+0000][6][gc,heap     ] GC(28) Archive regions: 2->2
[2022-06-28T06:33:01.984+0000][6][gc,heap     ] GC(28) Humongous regions: 0->0
[2022-06-28T06:33:01.984+0000][6][gc,metaspace] GC(28) Metaspace: 101030K(103680K)->101030K(103680K) NonClass: 87093K(88448K)->87093K(88448K) Class: 13937K(15232K)->13937K(15232K)
[2022-06-28T06:33:01.984+0000][6][gc          ] GC(28) Pause Young (Concurrent Start) (G1 Humongous Allocation) 122M->77M(256M) 60.978ms
[2022-06-28T06:33:01.984+0000][6][gc,cpu      ] GC(28) User=0.03s Sys=0.00s Real=0.06s
[2022-06-28T06:33:01.984+0000][6][safepoint   ] Safepoint "G1TryInitiateConcMark", Time since last: 1013209254 ns, Reaching safepoint: 274772 ns, At safepoint: 61047859 ns, Total: 61322631 ns
[2022-06-28T06:33:01.984+0000][6][gc          ] GC(29) Concurrent Undo Cycle
[2022-06-28T06:33:01.984+0000][6][gc,marking  ] GC(29) Concurrent Cleanup for Next Mark
[2022-06-28T06:33:02.007+0000][6][gc,marking  ] GC(29) Concurrent Cleanup for Next Mark 22.966ms
[2022-06-28T06:33:02.007+0000][6][gc          ] GC(29) Concurrent Undo Cycle 23.037ms
[2022-06-28T06:33:02.292+0000][6][gc,start    ] GC(30) Pause Young (Concurrent Start) (G1 Humongous Allocation)
[2022-06-28T06:33:02.292+0000][6][gc,task     ] GC(30) Using 1 workers of 1 for evacuation
[2022-06-28T06:33:02.292+0000][6][gc,age      ] GC(30) Desired survivor size 8388608 bytes, new threshold 15 (max threshold 15)
[2022-06-28T06:33:02.352+0000][6][gc,phases   ] GC(30)   Pre Evacuate Collection Set: 0.2ms
[2022-06-28T06:33:02.352+0000][6][gc,phases   ] GC(30)   Merge Heap Roots: 0.1ms
[2022-06-28T06:33:02.352+0000][6][gc,phases   ] GC(30)   Evacuate Collection Set: 57.9ms
[2022-06-28T06:33:02.352+0000][6][gc,phases   ] GC(30)   Post Evacuate Collection Set: 1.4ms
[2022-06-28T06:33:02.352+0000][6][gc,phases   ] GC(30)   Other: 0.1ms
[2022-06-28T06:33:02.352+0000][6][gc,age      ] GC(30) Age table with threshold 15 (max threshold 15)
[2022-06-28T06:33:02.352+0000][6][gc,age      ] GC(30) - age   1:     917464 bytes,     917464 total
[2022-06-28T06:33:02.352+0000][6][gc,age      ] GC(30) - age   2:    1457008 bytes,    2374472 total
[2022-06-28T06:33:02.352+0000][6][gc,age      ] GC(30) - age   3:    6470168 bytes,    8844640 total
[2022-06-28T06:33:02.352+0000][6][gc,age      ] GC(30) - age   4:     164184 bytes,    9008824 total
[2022-06-28T06:33:02.352+0000][6][gc,heap     ] GC(30) Eden regions: 2->0(24)
[2022-06-28T06:33:02.352+0000][6][gc,heap     ] GC(30) Survivor regions: 2->3(4)
[2022-06-28T06:33:02.352+0000][6][gc,heap     ] GC(30) Old regions: 17->17
[2022-06-28T06:33:02.352+0000][6][gc,heap     ] GC(30) Archive regions: 2->2
[2022-06-28T06:33:02.352+0000][6][gc,heap     ] GC(30) Humongous regions: 1->1
[2022-06-28T06:33:02.352+0000][6][gc,metaspace] GC(30) Metaspace: 101284K(104000K)->101284K(104000K) NonClass: 87323K(88704K)->87323K(88704K) Class: 13960K(15296K)->13960K(15296K)
[2022-06-28T06:33:02.352+0000][6][gc          ] GC(30) Pause Young (Concurrent Start) (G1 Humongous Allocation) 86M->83M(256M) 59.939ms
[2022-06-28T06:33:02.352+0000][6][gc,cpu      ] GC(30) User=0.03s Sys=0.00s Real=0.06s
[2022-06-28T06:33:02.352+0000][6][safepoint   ] Safepoint "G1TryInitiateConcMark", Time since last: 307233917 ns, Reaching safepoint: 626655 ns, At safepoint: 60002383 ns, Total: 60629038 ns
[2022-06-28T06:33:02.355+0000][6][gc          ] GC(31) Concurrent Mark Cycle
[2022-06-28T06:33:02.355+0000][6][gc,marking  ] GC(31) Concurrent Clear Claimed Marks
[2022-06-28T06:33:02.355+0000][6][gc,marking  ] GC(31) Concurrent Clear Claimed Marks 0.197ms
[2022-06-28T06:33:02.355+0000][6][gc,marking  ] GC(31) Concurrent Scan Root Regions
[2022-06-28T06:33:02.450+0000][6][gc,marking  ] GC(31) Concurrent Scan Root Regions 95.143ms
[2022-06-28T06:33:02.450+0000][6][gc,marking  ] GC(31) Concurrent Mark
[2022-06-28T06:33:02.450+0000][6][gc,marking  ] GC(31) Concurrent Mark From Roots
[2022-06-28T06:33:02.450+0000][6][gc,task     ] GC(31) Using 1 workers of 1 for marking
[2022-06-28T06:33:02.875+0000][6][safepoint   ] Safepoint "CollectForMetadataAllocation", Time since last: 507868356 ns, Reaching safepoint: 15364394 ns, At safepoint: 67472 ns, Total: 15431866 ns
[2022-06-28T06:33:02.885+0000][6][safepoint   ] Safepoint "CollectForMetadataAllocation", Time since last: 7509387 ns, Reaching safepoint: 2377742 ns, At safepoint: 60487 ns, Total: 2438229 ns
[2022-06-28T06:33:02.949+0000][6][safepoint   ] Safepoint "CollectForMetadataAllocation", Time since last: 56263971 ns, Reaching safepoint: 7496863 ns, At safepoint: 70534 ns, Total: 7567397 ns
[2022-06-28T06:33:03.122+0000][6][safepoint   ] Safepoint "CollectForMetadataAllocation", Time since last: 169749773 ns, Reaching safepoint: 3335347 ns, At safepoint: 72252 ns, Total: 3407599 ns
[2022-06-28T06:33:03.123+0000][6][safepoint   ] Safepoint "CollectForMetadataAllocation", Time since last: 354223 ns, Reaching safepoint: 615845 ns, At safepoint: 11483 ns, Total: 627328 ns
[2022-06-28T06:33:03.265+0000][6][safepoint   ] Safepoint "CollectForMetadataAllocation", Time since last: 133909409 ns, Reaching safepoint: 7615338 ns, At safepoint: 64025 ns, Total: 7679363 ns
[2022-06-28T06:33:03.271+0000][6][safepoint   ] Safepoint "CollectForMetadataAllocation", Time since last: 6481736 ns, Reaching safepoint: 137724 ns, At safepoint: 9545 ns, Total: 147269 ns
[2022-06-28T06:33:03.310+0000][6][gc,marking  ] GC(31) Concurrent Mark From Roots 859.826ms
[2022-06-28T06:33:03.310+0000][6][gc,marking  ] GC(31) Concurrent Preclean
[2022-06-28T06:33:03.310+0000][6][gc,marking  ] GC(31) Concurrent Preclean 0.179ms
[2022-06-28T06:33:03.311+0000][6][gc,start    ] GC(31) Pause Remark
[2022-06-28T06:33:03.327+0000][6][gc          ] GC(31) Pause Remark 113M->113M(256M) 16.338ms
[2022-06-28T06:33:03.327+0000][6][gc,cpu      ] GC(31) User=0.02s Sys=0.00s Real=0.02s
[2022-06-28T06:33:03.327+0000][6][safepoint   ] Safepoint "G1Concurrent", Time since last: 38875242 ns, Reaching safepoint: 846629 ns, At safepoint: 16421483 ns, Total: 17268112 ns
[2022-06-28T06:33:03.331+0000][6][gc,marking  ] GC(31) Concurrent Mark 880.577ms
[2022-06-28T06:33:03.331+0000][6][gc,marking  ] GC(31) Concurrent Rebuild Remembered Sets
[2022-06-28T06:33:03.650+0000][6][gc,marking  ] GC(31) Concurrent Rebuild Remembered Sets 319.624ms
[2022-06-28T06:33:03.651+0000][6][gc,start    ] GC(31) Pause Cleanup
[2022-06-28T06:33:03.651+0000][6][gc          ] GC(31) Pause Cleanup 122M->122M(256M) 0.054ms
[2022-06-28T06:33:03.651+0000][6][gc,cpu      ] GC(31) User=0.00s Sys=0.00s Real=0.00s
[2022-06-28T06:33:03.651+0000][6][safepoint   ] Safepoint "G1Concurrent", Time since last: 322925877 ns, Reaching safepoint: 670373 ns, At safepoint: 93654 ns, Total: 764027 ns
[2022-06-28T06:33:03.651+0000][6][gc,marking  ] GC(31) Concurrent Cleanup for Next Mark
[2022-06-28T06:33:03.696+0000][6][gc,marking  ] GC(31) Concurrent Cleanup for Next Mark 44.815ms
[2022-06-28T06:33:03.696+0000][6][gc          ] GC(31) Concurrent Mark Cycle 1341.359ms
[2022-06-28T06:33:05.442+0000][6][safepoint   ] Safepoint "Cleanup", Time since last: 1790969625 ns, Reaching safepoint: 88165 ns, At safepoint: 4314 ns, Total: 92479 ns
[2022-06-28T06:33:06.443+0000][6][safepoint   ] Safepoint "Cleanup", Time since last: 1000524022 ns, Reaching safepoint: 297095 ns, At safepoint: 7905 ns, Total: 305000 ns
[2022-06-28T06:33:07.443+0000][6][safepoint   ] Safepoint "Cleanup", Time since last: 1000119742 ns, Reaching safepoint: 108064 ns, At safepoint: 4600 ns, Total: 112664 ns
[2022-06-28T06:33:08.443+0000][6][safepoint   ] Safepoint "Cleanup", Time since last: 1000151481 ns, Reaching safepoint: 56895 ns, At safepoint: 4392 ns, Total: 61287 ns
[2022-06-28T06:33:09.444+0000][6][safepoint   ] Safepoint "Cleanup", Time since last: 1000157869 ns, Reaching safepoint: 41796 ns, At safepoint: 4549 ns, Total: 46345 ns
[2022-06-28T06:33:10.444+0000][6][safepoint   ] Safepoint "Cleanup", Time since last: 1000132041 ns, Reaching safepoint: 37741 ns, At safepoint: 4812 ns, Total: 42553 ns
[2022-06-28T06:33:11.444+0000][6][safepoint   ] Safepoint "Cleanup", Time since last: 1000159234 ns, Reaching safepoint: 39958 ns, At safepoint: 4552 ns, Total: 44510 ns
[2022-06-28T06:33:12.444+0000][6][safepoint   ] Safepoint "Cleanup", Time since last: 1000144128 ns, Reaching safepoint: 39236 ns, At safepoint: 4298 ns, Total: 43534 ns
[2022-06-28T06:33:13.444+0000][6][safepoint   ] Safepoint "Cleanup", Time since last: 1000148214 ns, Reaching safepoint: 50333 ns, At safepoint: 4543 ns, Total: 54876 ns
[2022-06-28T06:33:16.445+0000][6][safepoint   ] Safepoint "Cleanup", Time since last: 3000380897 ns, Reaching safepoint: 62040 ns, At safepoint: 9043 ns, Total: 71083 ns
[2022-06-28T06:33:17.445+0000][6][safepoint   ] Safepoint "Cleanup", Time since last: 1000138065 ns, Reaching safepoint: 40982 ns, At safepoint: 4665 ns, Total: 45647 ns
[2022-06-28T06:33:18.445+0000][6][safepoint   ] Safepoint "Cleanup", Time since last: 1000132648 ns, Reaching safepoint: 36171 ns, At safepoint: 4289 ns, Total: 40460 ns
[2022-06-28T06:33:19.445+0000][6][safepoint   ] Safepoint "Cleanup", Time since last: 1000139107 ns, Reaching safepoint: 41051 ns, At safepoint: 4291 ns, Total: 45342 ns
[2022-06-28T06:33:20.445+0000][6][safepoint   ] Safepoint "Cleanup", Time since last: 1000128904 ns, Reaching safepoint: 40437 ns, At safepoint: 4517 ns, Total: 44954 ns
[2022-06-28T06:33:21.446+0000][6][safepoint   ] Safepoint "Cleanup", Time since last: 1000151336 ns, Reaching safepoint: 36530 ns, At safepoint: 4813 ns, Total: 41343 ns
[2022-06-28T06:33:22.446+0000][6][safepoint   ] Safepoint "Cleanup", Time since last: 1000159609 ns, Reaching safepoint: 37390 ns, At safepoint: 4659 ns, Total: 42049 ns
[2022-06-28T06:33:24.446+0000][6][safepoint   ] Safepoint "Cleanup", Time since last: 2000249482 ns, Reaching safepoint: 41017 ns, At safepoint: 4120 ns, Total: 45137 ns
[2022-06-28T06:33:25.446+0000][6][safepoint   ] Safepoint "Cleanup", Time since last: 1000124300 ns, Reaching safepoint: 38165 ns, At safepoint: 4213 ns, Total: 42378 ns
[2022-06-28T06:33:26.446+0000][6][safepoint   ] Safepoint "Cleanup", Time since last: 1000130025 ns, Reaching safepoint: 44091 ns, At safepoint: 4801 ns, Total: 48892 ns
[2022-06-28T06:33:27.807+0000][6][gc,start    ] GC(32) Pause Young (Prepare Mixed) (G1 Evacuation Pause)
[2022-06-28T06:33:27.807+0000][6][gc,task     ] GC(32) Using 1 workers of 1 for evacuation
[2022-06-28T06:33:27.807+0000][6][gc,age      ] GC(32) Desired survivor size 8388608 bytes, new threshold 3 (max threshold 15)
[2022-06-28T06:33:27.842+0000][6][gc,phases   ] GC(32)   Pre Evacuate Collection Set: 0.0ms
[2022-06-28T06:33:27.842+0000][6][gc,phases   ] GC(32)   Merge Heap Roots: 0.2ms
[2022-06-28T06:33:27.842+0000][6][gc,phases   ] GC(32)   Evacuate Collection Set: 33.0ms
[2022-06-28T06:33:27.842+0000][6][gc,phases   ] GC(32)   Post Evacuate Collection Set: 1.4ms
[2022-06-28T06:33:27.842+0000][6][gc,phases   ] GC(32)   Other: 0.1ms
[2022-06-28T06:33:27.842+0000][6][gc,age      ] GC(32) Age table with threshold 3 (max threshold 15)
[2022-06-28T06:33:27.842+0000][6][gc,age      ] GC(32) - age   1:    2269912 bytes,    2269912 total
[2022-06-28T06:33:27.842+0000][6][gc,age      ] GC(32) - age   2:     833328 bytes,    3103240 total
[2022-06-28T06:33:27.842+0000][6][gc,age      ] GC(32) - age   3:    1260088 bytes,    4363328 total
[2022-06-28T06:33:27.842+0000][6][gc,heap     ] GC(32) Eden regions: 24->0(1)
[2022-06-28T06:33:27.842+0000][6][gc,heap     ] GC(32) Survivor regions: 3->2(4)
[2022-06-28T06:33:27.842+0000][6][gc,heap     ] GC(32) Old regions: 17->18
[2022-06-28T06:33:27.842+0000][6][gc,heap     ] GC(32) Archive regions: 2->2
[2022-06-28T06:33:27.842+0000][6][gc,heap     ] GC(32) Humongous regions: 2->2
[2022-06-28T06:33:27.842+0000][6][gc,metaspace] GC(32) Metaspace: 105231K(107904K)->105231K(107904K) NonClass: 90782K(92160K)->90782K(92160K) Class: 14449K(15744K)->14449K(15744K)
[2022-06-28T06:33:27.842+0000][6][gc          ] GC(32) Pause Young (Prepare Mixed) (G1 Evacuation Pause) 183M->89M(256M) 34.907ms
[2022-06-28T06:33:27.842+0000][6][gc,cpu      ] GC(32) User=0.03s Sys=0.00s Real=0.03s
[2022-06-28T06:33:27.842+0000][6][safepoint   ] Safepoint "G1CollectForAllocation", Time since last: 1360398325 ns, Reaching safepoint: 28147 ns, At safepoint: 34971140 ns, Total: 34999287 ns
[2022-06-28T06:33:28.842+0000][6][safepoint   ] Safepoint "Cleanup", Time since last: 1000121950 ns, Reaching safepoint: 51986 ns, At safepoint: 4719 ns, Total: 56705 ns
[2022-06-28T06:33:29.842+0000][6][safepoint   ] Safepoint "Cleanup", Time since last: 1000156241 ns, Reaching safepoint: 33682 ns, At safepoint: 4211 ns, Total: 37893 ns
[2022-06-28T06:33:30.842+0000][6][safepoint   ] Safepoint "Cleanup", Time since last: 1000151140 ns, Reaching safepoint: 41197 ns, At safepoint: 4598 ns, Total: 45795 ns
[2022-06-28T06:33:31.563+0000][6][gc,start    ] GC(33) Pause Young (Mixed) (G1 Evacuation Pause)
[2022-06-28T06:33:31.563+0000][6][gc,task     ] GC(33) Using 1 workers of 1 for evacuation
[2022-06-28T06:33:31.563+0000][6][gc,age      ] GC(33) Desired survivor size 2097152 bytes, new threshold 1 (max threshold 15)
[2022-06-28T06:33:31.585+0000][6][gc,phases   ] GC(33)   Pre Evacuate Collection Set: 0.0ms
[2022-06-28T06:33:31.585+0000][6][gc,phases   ] GC(33)   Merge Heap Roots: 0.1ms
[2022-06-28T06:33:31.585+0000][6][gc,phases   ] GC(33)   Evacuate Collection Set: 20.0ms
[2022-06-28T06:33:31.585+0000][6][gc,phases   ] GC(33)   Post Evacuate Collection Set: 1.1ms
[2022-06-28T06:33:31.585+0000][6][gc,phases   ] GC(33)   Other: 0.1ms
[2022-06-28T06:33:31.585+0000][6][gc,age      ] GC(33) Age table with threshold 1 (max threshold 15)
[2022-06-28T06:33:31.585+0000][6][gc,age      ] GC(33) - age   1:      31448 bytes,      31448 total
[2022-06-28T06:33:31.585+0000][6][gc,heap     ] GC(33) Eden regions: 1->0(24)
[2022-06-28T06:33:31.585+0000][6][gc,heap     ] GC(33) Survivor regions: 2->1(1)
[2022-06-28T06:33:31.585+0000][6][gc,heap     ] GC(33) Old regions: 18->19
[2022-06-28T06:33:31.585+0000][6][gc,heap     ] GC(33) Archive regions: 2->2
[2022-06-28T06:33:31.585+0000][6][gc,heap     ] GC(33) Humongous regions: 2->2
[2022-06-28T06:33:31.585+0000][6][gc,metaspace] GC(33) Metaspace: 105329K(107968K)->105329K(107968K) NonClass: 90862K(92224K)->90862K(92224K) Class: 14467K(15744K)->14467K(15744K)
[2022-06-28T06:33:31.585+0000][6][gc          ] GC(33) Pause Young (Mixed) (G1 Evacuation Pause) 93M->87M(256M) 21.508ms
[2022-06-28T06:33:31.585+0000][6][gc,cpu      ] GC(33) User=0.02s Sys=0.00s Real=0.02s
[2022-06-28T06:33:31.585+0000][6][safepoint   ] Safepoint "G1CollectForAllocation", Time since last: 720857978 ns, Reaching safepoint: 28594 ns, At safepoint: 21567801 ns, Total: 21596395 ns
[2022-06-28T06:33:32.587+0000][6][safepoint   ] Safepoint "Cleanup", Time since last: 1000096765 ns, Reaching safepoint: 2162389 ns, At safepoint: 11082 ns, Total: 2173471 ns
[2022-06-28T06:33:33.587+0000][6][safepoint   ] Safepoint "Cleanup", Time since last: 1000155596 ns, Reaching safepoint: 60474 ns, At safepoint: 5362 ns, Total: 65836 ns
[2022-06-28T06:33:34.588+0000][6][safepoint   ] Safepoint "Cleanup", Time since last: 1000125603 ns, Reaching safepoint: 56382 ns, At safepoint: 7390 ns, Total: 63772 ns
[2022-06-28T06:33:35.588+0000][6][safepoint   ] Safepoint "Cleanup", Time since last: 1000141286 ns, Reaching safepoint: 46502 ns, At safepoint: 4732 ns, Total: 51234 ns
[2022-06-28T06:33:36.588+0000][6][safepoint   ] Safepoint "Cleanup", Time since last: 1000138420 ns, Reaching safepoint: 33820 ns, At safepoint: 4128 ns, Total: 37948 ns
[2022-06-28T06:33:38.588+0000][6][safepoint   ] Safepoint "Cleanup", Time since last: 2000248040 ns, Reaching safepoint: 39174 ns, At safepoint: 4635 ns, Total: 43809 ns
[2022-06-28T06:33:39.588+0000][6][safepoint   ] Safepoint "Cleanup", Time since last: 1000147230 ns, Reaching safepoint: 41604 ns, At safepoint: 4838 ns, Total: 46442 ns
[2022-06-28T06:33:43.589+0000][6][safepoint   ] Safepoint "Cleanup", Time since last: 4000477770 ns, Reaching safepoint: 48983 ns, At safepoint: 4415 ns, Total: 53398 ns
[2022-06-28T06:33:44.589+0000][6][safepoint   ] Safepoint "Cleanup", Time since last: 1000242250 ns, Reaching safepoint: 38797 ns, At safepoint: 4761 ns, Total: 43558 ns
[2022-06-28T06:33:45.590+0000][6][safepoint   ] Safepoint "Cleanup", Time since last: 1000217030 ns, Reaching safepoint: 39622 ns, At safepoint: 4215 ns, Total: 43837 ns
[2022-06-28T06:33:46.590+0000][6][safepoint   ] Safepoint "Cleanup", Time since last: 1000156751 ns, Reaching safepoint: 40866 ns, At safepoint: 4389 ns, Total: 45255 ns
[2022-06-28T06:33:47.590+0000][6][safepoint   ] Safepoint "Cleanup", Time since last: 1000145509 ns, Reaching safepoint: 61379 ns, At safepoint: 4233 ns, Total: 65612 ns
[2022-06-28T06:33:53.591+0000][6][safepoint   ] Safepoint "Cleanup", Time since last: 6000581140 ns, Reaching safepoint: 53244 ns, At safepoint: 4215 ns, Total: 57459 ns
[2022-06-28T06:33:55.591+0000][6][safepoint   ] Safepoint "Cleanup", Time since last: 2000268597 ns, Reaching safepoint: 38717 ns, At safepoint: 4613 ns, Total: 43330 ns
[2022-06-28T06:33:59.591+0000][6][safepoint   ] Safepoint "Cleanup", Time since last: 4000444504 ns, Reaching safepoint: 48872 ns, At safepoint: 4778 ns, Total: 53650 ns
[2022-06-28T06:34:01.592+0000][6][safepoint   ] Safepoint "Cleanup", Time since last: 2000265086 ns, Reaching safepoint: 41836 ns, At safepoint: 4764 ns, Total: 46600 ns
[2022-06-28T06:34:02.592+0000][6][safepoint   ] Safepoint "Cleanup", Time since last: 1000152913 ns, Reaching safepoint: 32735 ns, At safepoint: 4112 ns, Total: 36847 ns
[2022-06-28T06:34:03.592+0000][6][safepoint   ] Safepoint "Cleanup", Time since last: 1000163205 ns, Reaching safepoint: 40308 ns, At safepoint: 4883 ns, Total: 45191 ns
[2022-06-28T06:34:05.592+0000][6][safepoint   ] Safepoint "Cleanup", Time since last: 2000257243 ns, Reaching safepoint: 64114 ns, At safepoint: 7657 ns, Total: 71771 ns
[2022-06-28T06:34:06.593+0000][6][safepoint   ] Safepoint "Cleanup", Time since last: 1000138132 ns, Reaching safepoint: 37373 ns, At safepoint: 4387 ns, Total: 41760 ns
[2022-06-28T06:34:07.593+0000][6][safepoint   ] Safepoint "Cleanup", Time since last: 1000147589 ns, Reaching safepoint: 47752 ns, At safepoint: 4601 ns, Total: 52353 ns
[2022-06-28T06:34:08.593+0000][6][safepoint   ] Safepoint "Cleanup", Time since last: 1000141656 ns, Reaching safepoint: 35422 ns, At safepoint: 4158 ns, Total: 39580 ns
[2022-06-28T06:34:13.594+0000][6][safepoint   ] Safepoint "Cleanup", Time since last: 5000556568 ns, Reaching safepoint: 37776 ns, At safepoint: 4673 ns, Total: 42449 ns
[2022-06-28T06:34:16.594+0000][6][safepoint   ] Safepoint "Cleanup", Time since last: 3000368512 ns, Reaching safepoint: 37490 ns, At safepoint: 4487 ns, Total: 41977 ns
[2022-06-28T06:34:17.594+0000][6][safepoint   ] Safepoint "Cleanup", Time since last: 1000159076 ns, Reaching safepoint: 41948 ns, At safepoint: 4113 ns, Total: 46061 ns
[2022-06-28T06:34:18.594+0000][6][safepoint   ] Safepoint "Cleanup", Time since last: 1000132870 ns, Reaching safepoint: 35776 ns, At safepoint: 4497 ns, Total: 40273 ns
[2022-06-28T06:34:19.595+0000][6][safepoint   ] Safepoint "Cleanup", Time since last: 1000170348 ns, Reaching safepoint: 39818 ns, At safepoint: 4442 ns, Total: 44260 ns
[2022-06-28T06:34:20.595+0000][6][safepoint   ] Safepoint "Cleanup", Time since last: 1000137193 ns, Reaching safepoint: 44253 ns, At safepoint: 4519 ns, Total: 48772 ns
[2022-06-28T06:34:21.595+0000][6][safepoint   ] Safepoint "Cleanup", Time since last: 1000158502 ns, Reaching safepoint: 35065 ns, At safepoint: 4419 ns, Total: 39484 ns
[2022-06-28T06:34:22.595+0000][6][safepoint   ] Safepoint "Cleanup", Time since last: 1000171968 ns, Reaching safepoint: 55981 ns, At safepoint: 4522 ns, Total: 60503 ns
[2022-06-28T06:34:23.796+0000][6][safepoint   ] Safepoint "Cleanup", Time since last: 1200667662 ns, Reaching safepoint: 93854 ns, At safepoint: 4659 ns, Total: 98513 ns
[2022-06-28T06:34:24.796+0000][6][safepoint   ] Safepoint "Cleanup", Time since last: 1000126964 ns, Reaching safepoint: 33475 ns, At safepoint: 4446 ns, Total: 37921 ns
[2022-06-28T06:34:25.796+0000][6][safepoint   ] Safepoint "Cleanup", Time since last: 1000168219 ns, Reaching safepoint: 33514 ns, At safepoint: 4299 ns, Total: 37813 ns
[2022-06-28T06:34:26.797+0000][6][safepoint   ] Safepoint "Cleanup", Time since last: 1000199600 ns, Reaching safepoint: 40350 ns, At safepoint: 4391 ns, Total: 44741 ns
[2022-06-28T06:34:27.797+0000][6][safepoint   ] Safepoint "Cleanup", Time since last: 1000153534 ns, Reaching safepoint: 34442 ns, At safepoint: 4345 ns, Total: 38787 ns
[2022-06-28T06:34:28.797+0000][6][safepoint   ] Safepoint "Cleanup", Time since last: 1000143518 ns, Reaching safepoint: 35955 ns, At safepoint: 4247 ns, Total: 40202 ns
[2022-06-28T06:34:30.797+0000][6][safepoint   ] Safepoint "Cleanup", Time since last: 2000240923 ns, Reaching safepoint: 35622 ns, At safepoint: 4913 ns, Total: 40535 ns
[2022-06-28T06:34:32.799+0000][6][safepoint   ] Safepoint "Cleanup", Time since last: 2001271862 ns, Reaching safepoint: 36935 ns, At safepoint: 4321 ns, Total: 41256 ns
[2022-06-28T06:34:36.799+0000][6][safepoint   ] Safepoint "Cleanup", Time since last: 4000385621 ns, Reaching safepoint: 57440 ns, At safepoint: 4574 ns, Total: 62014 ns
[2022-06-28T06:34:37.799+0000][6][safepoint   ] Safepoint "Cleanup", Time since last: 1000129082 ns, Reaching safepoint: 44268 ns, At safepoint: 4827 ns, Total: 49095 ns
[2022-06-28T06:34:38.799+0000][6][safepoint   ] Safepoint "Cleanup", Time since last: 1000147200 ns, Reaching safepoint: 40317 ns, At safepoint: 4679 ns, Total: 44996 ns
[2022-06-28T06:34:39.800+0000][6][safepoint   ] Safepoint "Cleanup", Time since last: 1000175820 ns, Reaching safepoint: 42706 ns, At safepoint: 4540 ns, Total: 47246 ns
[2022-06-28T06:34:41.800+0000][6][safepoint   ] Safepoint "Cleanup", Time since last: 2000291355 ns, Reaching safepoint: 56210 ns, At safepoint: 8670 ns, Total: 64880 ns
[2022-06-28T06:34:42.800+0000][6][safepoint   ] Safepoint "Cleanup", Time since last: 1000289496 ns, Reaching safepoint: 35005 ns, At safepoint: 4435 ns, Total: 39440 ns
[2022-06-28T06:34:43.804+0000][6][safepoint   ] Safepoint "Cleanup", Time since last: 1000115297 ns, Reaching safepoint: 3240694 ns, At safepoint: 8946 ns, Total: 3249640 ns
[2022-06-28T06:34:44.804+0000][6][safepoint   ] Safepoint "Cleanup", Time since last: 1000160711 ns, Reaching safepoint: 49423 ns, At safepoint: 4515 ns, Total: 53938 ns
[2022-06-28T06:34:45.804+0000][6][safepoint   ] Safepoint "Cleanup", Time since last: 1000123506 ns, Reaching safepoint: 38520 ns, At safepoint: 4882 ns, Total: 43402 ns
[2022-06-28T06:34:46.804+0000][6][safepoint   ] Safepoint "Cleanup", Time since last: 1000121608 ns, Reaching safepoint: 57358 ns, At safepoint: 4115 ns, Total: 61473 ns
[2022-06-28T06:34:47.804+0000][6][safepoint   ] Safepoint "Cleanup", Time since last: 1000143912 ns, Reaching safepoint: 41108 ns, At safepoint: 4603 ns, Total: 45711 ns
[2022-06-28T06:34:53.805+0000][6][safepoint   ] Safepoint "Cleanup", Time since last: 6000757542 ns, Reaching safepoint: 39788 ns, At safepoint: 5023 ns, Total: 44811 ns
[2022-06-28T06:34:54.805+0000][6][safepoint   ] Safepoint "Cleanup", Time since last: 1000148638 ns, Reaching safepoint: 29819 ns, At safepoint: 4033 ns, Total: 33852 ns
[2022-06-28T06:34:55.806+0000][6][safepoint   ] Safepoint "Cleanup", Time since last: 1000124320 ns, Reaching safepoint: 64417 ns, At safepoint: 6429 ns, Total: 70846 ns
[2022-06-28T06:34:56.806+0000][6][safepoint   ] Safepoint "Cleanup", Time since last: 1000169749 ns, Reaching safepoint: 37902 ns, At safepoint: 4379 ns, Total: 42281 ns
[2022-06-28T06:34:58.806+0000][6][safepoint   ] Safepoint "Cleanup", Time since last: 2000248287 ns, Reaching safepoint: 32600 ns, At safepoint: 4377 ns, Total: 36977 ns
[2022-06-28T06:35:00.806+0000][6][safepoint   ] Safepoint "Cleanup", Time since last: 2000288403 ns, Reaching safepoint: 37716 ns, At safepoint: 4475 ns, Total: 42191 ns
[2022-06-28T06:35:02.807+0000][6][safepoint   ] Safepoint "Cleanup", Time since last: 2000308939 ns, Reaching safepoint: 38712 ns, At safepoint: 4681 ns, Total: 43393 ns
[2022-06-28T06:35:03.807+0000][6][safepoint   ] Safepoint "Cleanup", Time since last: 1000133267 ns, Reaching safepoint: 42800 ns, At safepoint: 5420 ns, Total: 48220 ns
[2022-06-28T06:35:06.807+0000][6][safepoint   ] Safepoint "Cleanup", Time since last: 3000365402 ns, Reaching safepoint: 83581 ns, At safepoint: 14283 ns, Total: 97864 ns
[2022-06-28T06:35:08.808+0000][6][safepoint   ] Safepoint "Cleanup", Time since last: 2000270803 ns, Reaching safepoint: 35485 ns, At safepoint: 4171 ns, Total: 39656 ns
[2022-06-28T06:35:09.808+0000][6][safepoint   ] Safepoint "Cleanup", Time since last: 1000137264 ns, Reaching safepoint: 36491 ns, At safepoint: 3923 ns, Total: 40414 ns
[2022-06-28T06:35:10.808+0000][6][safepoint   ] Safepoint "Cleanup", Time since last: 1000148789 ns, Reaching safepoint: 32408 ns, At safepoint: 4210 ns, Total: 36618 ns
[2022-06-28T06:35:11.808+0000][6][safepoint   ] Safepoint "Cleanup", Time since last: 1000184008 ns, Reaching safepoint: 35891 ns, At safepoint: 4105 ns, Total: 39996 ns
[2022-06-28T06:35:12.809+0000][6][safepoint   ] Safepoint "Cleanup", Time since last: 1000153840 ns, Reaching safepoint: 54457 ns, At safepoint: 4365 ns, Total: 58822 ns
[2022-06-28T06:35:13.809+0000][6][safepoint   ] Safepoint "Cleanup", Time since last: 1000144877 ns, Reaching safepoint: 37146 ns, At safepoint: 4529 ns, Total: 41675 ns
[2022-06-28T06:35:14.809+0000][6][safepoint   ] Safepoint "Cleanup", Time since last: 1000161655 ns, Reaching safepoint: 40233 ns, At safepoint: 4734 ns, Total: 44967 ns
[2022-06-28T06:35:15.809+0000][6][safepoint   ] Safepoint "Cleanup", Time since last: 1000156422 ns, Reaching safepoint: 35816 ns, At safepoint: 4219 ns, Total: 40035 ns
[2022-06-28T06:35:16.809+0000][6][safepoint   ] Safepoint "Cleanup", Time since last: 1000151622 ns, Reaching safepoint: 36200 ns, At safepoint: 4527 ns, Total: 40727 ns
[2022-06-28T06:35:19.810+0000][6][safepoint   ] Safepoint "Cleanup", Time since last: 3000346456 ns, Reaching safepoint: 36033 ns, At safepoint: 4405 ns, Total: 40438 ns
[2022-06-28T06:35:20.810+0000][6][safepoint   ] Safepoint "Cleanup", Time since last: 1000179725 ns, Reaching safepoint: 35892 ns, At safepoint: 4412 ns, Total: 40304 ns
[2022-06-28T06:35:22.810+0000][6][safepoint   ] Safepoint "Cleanup", Time since last: 2000269825 ns, Reaching safepoint: 55778 ns, At safepoint: 4749 ns, Total: 60527 ns
[2022-06-28T06:35:28.811+0000][6][safepoint   ] Safepoint "Cleanup", Time since last: 6000590182 ns, Reaching safepoint: 36955 ns, At safepoint: 4383 ns, Total: 41338 ns
[2022-06-28T06:35:29.811+0000][6][safepoint   ] Safepoint "Cleanup", Time since last: 1000140290 ns, Reaching safepoint: 47060 ns, At safepoint: 4573 ns, Total: 51633 ns
[2022-06-28T06:35:30.811+0000][6][safepoint   ] Safepoint "Cleanup", Time since last: 1000143077 ns, Reaching safepoint: 48310 ns, At safepoint: 4552 ns, Total: 52862 ns
[2022-06-28T06:35:31.811+0000][6][safepoint   ] Safepoint "Cleanup", Time since last: 1000135372 ns, Reaching safepoint: 40228 ns, At safepoint: 4238 ns, Total: 44466 ns
[2022-06-28T06:35:32.812+0000][6][safepoint   ] Safepoint "Cleanup", Time since last: 1000165772 ns, Reaching safepoint: 59560 ns, At safepoint: 9003 ns, Total: 68563 ns
[2022-06-28T06:35:33.812+0000][6][safepoint   ] Safepoint "Cleanup", Time since last: 1000159090 ns, Reaching safepoint: 45969 ns, At safepoint: 4553 ns, Total: 50522 ns
[2022-06-28T06:35:34.812+0000][6][safepoint   ] Safepoint "Cleanup", Time since last: 1000144966 ns, Reaching safepoint: 33284 ns, At safepoint: 4509 ns, Total: 37793 ns
[2022-06-28T06:35:35.812+0000][6][safepoint   ] Safepoint "Cleanup", Time since last: 1000117671 ns, Reaching safepoint: 40750 ns, At safepoint: 4329 ns, Total: 45079 ns
[2022-06-28T06:35:36.812+0000][6][safepoint   ] Safepoint "Cleanup", Time since last: 1000146533 ns, Reaching safepoint: 35524 ns, At safepoint: 4524 ns, Total: 40048 ns
[2022-06-28T06:35:39.813+0000][6][safepoint   ] Safepoint "Cleanup", Time since last: 3000385735 ns, Reaching safepoint: 35937 ns, At safepoint: 5098 ns, Total: 41035 ns
[2022-06-28T06:35:42.814+0000][6][safepoint   ] Safepoint "Cleanup", Time since last: 3001569048 ns, Reaching safepoint: 36720 ns, At safepoint: 4352 ns, Total: 41072 ns
[2022-06-28T06:35:45.815+0000][6][safepoint   ] Safepoint "Cleanup", Time since last: 3000317949 ns, Reaching safepoint: 47228 ns, At safepoint: 4385 ns, Total: 51613 ns
[2022-06-28T06:35:46.815+0000][6][safepoint   ] Safepoint "Cleanup", Time since last: 1000181626 ns, Reaching safepoint: 43093 ns, At safepoint: 4527 ns, Total: 47620 ns
[2022-06-28T06:35:49.815+0000][6][safepoint   ] Safepoint "Cleanup", Time since last: 3000339351 ns, Reaching safepoint: 33870 ns, At safepoint: 4540 ns, Total: 38410 ns
[2022-06-28T06:35:51.816+0000][6][safepoint   ] Safepoint "Cleanup", Time since last: 2000228308 ns, Reaching safepoint: 35705 ns, At safepoint: 4255 ns, Total: 39960 ns
[2022-06-28T06:35:52.816+0000][6][safepoint   ] Safepoint "Cleanup", Time since last: 1000170665 ns, Reaching safepoint: 32948 ns, At safepoint: 4242 ns, Total: 37190 ns
[2022-06-28T06:35:53.816+0000][6][safepoint   ] Safepoint "Cleanup", Time since last: 1000157454 ns, Reaching safepoint: 36419 ns, At safepoint: 4721 ns, Total: 41140 ns
[2022-06-28T06:35:55.447+0000][6][gc,start    ] GC(34) Pause Young (Concurrent Start) (G1 Evacuation Pause)
[2022-06-28T06:35:55.447+0000][6][gc,task     ] GC(34) Using 1 workers of 1 for evacuation
[2022-06-28T06:35:55.447+0000][6][gc,age      ] GC(34) Desired survivor size 8388608 bytes, new threshold 15 (max threshold 15)
[2022-06-28T06:35:55.454+0000][6][gc,phases   ] GC(34)   Pre Evacuate Collection Set: 0.2ms
[2022-06-28T06:35:55.454+0000][6][gc,phases   ] GC(34)   Merge Heap Roots: 0.1ms
[2022-06-28T06:35:55.454+0000][6][gc,phases   ] GC(34)   Evacuate Collection Set: 5.0ms
[2022-06-28T06:35:55.454+0000][6][gc,phases   ] GC(34)   Post Evacuate Collection Set: 1.0ms
[2022-06-28T06:35:55.454+0000][6][gc,phases   ] GC(34)   Other: 0.1ms
[2022-06-28T06:35:55.454+0000][6][gc,age      ] GC(34) Age table with threshold 15 (max threshold 15)
[2022-06-28T06:35:55.454+0000][6][gc,age      ] GC(34) - age   1:     968872 bytes,     968872 total
[2022-06-28T06:35:55.454+0000][6][gc,age      ] GC(34) - age   2:      19536 bytes,     988408 total
[2022-06-28T06:35:55.454+0000][6][gc,heap     ] GC(34) Eden regions: 24->0(25)
[2022-06-28T06:35:55.454+0000][6][gc,heap     ] GC(34) Survivor regions: 1->1(4)
[2022-06-28T06:35:55.454+0000][6][gc,heap     ] GC(34) Old regions: 19->19
[2022-06-28T06:35:55.454+0000][6][gc,heap     ] GC(34) Archive regions: 2->2
[2022-06-28T06:35:55.454+0000][6][gc,heap     ] GC(34) Humongous regions: 2->2
[2022-06-28T06:35:55.454+0000][6][gc,metaspace] GC(34) Metaspace: 107875K(110592K)->107875K(110592K) NonClass: 93130K(94528K)->93130K(94528K) Class: 14744K(16064K)->14744K(16064K)
[2022-06-28T06:35:55.454+0000][6][gc          ] GC(34) Pause Young (Concurrent Start) (G1 Evacuation Pause) 183M->87M(256M) 6.665ms
[2022-06-28T06:35:55.454+0000][6][gc,cpu      ] GC(34) User=0.00s Sys=0.00s Real=0.00s
[2022-06-28T06:35:55.454+0000][6][safepoint   ] Safepoint "G1CollectForAllocation", Time since last: 1631015414 ns, Reaching safepoint: 159993 ns, At safepoint: 6743160 ns, Total: 6903153 ns
[2022-06-28T06:35:55.454+0000][6][gc          ] GC(35) Concurrent Mark Cycle
[2022-06-28T06:35:55.454+0000][6][gc,marking  ] GC(35) Concurrent Clear Claimed Marks
[2022-06-28T06:35:55.454+0000][6][gc,marking  ] GC(35) Concurrent Clear Claimed Marks 0.060ms
[2022-06-28T06:35:55.454+0000][6][gc,marking  ] GC(35) Concurrent Scan Root Regions
[2022-06-28T06:35:55.456+0000][6][gc,marking  ] GC(35) Concurrent Scan Root Regions 1.924ms
[2022-06-28T06:35:55.456+0000][6][gc,marking  ] GC(35) Concurrent Mark
[2022-06-28T06:35:55.456+0000][6][gc,marking  ] GC(35) Concurrent Mark From Roots
[2022-06-28T06:35:55.456+0000][6][gc,task     ] GC(35) Using 1 workers of 1 for marking
[2022-06-28T06:35:55.578+0000][6][gc,marking  ] GC(35) Concurrent Mark From Roots 121.683ms
[2022-06-28T06:35:55.578+0000][6][gc,marking  ] GC(35) Concurrent Preclean
[2022-06-28T06:35:55.578+0000][6][gc,marking  ] GC(35) Concurrent Preclean 0.389ms
[2022-06-28T06:35:55.578+0000][6][gc,start    ] GC(35) Pause Remark
[2022-06-28T06:35:55.627+0000][6][gc          ] GC(35) Pause Remark 88M->88M(256M) 48.286ms
[2022-06-28T06:35:55.627+0000][6][gc,cpu      ] GC(35) User=0.03s Sys=0.00s Real=0.05s
[2022-06-28T06:35:55.632+0000][6][safepoint   ] Safepoint "G1Concurrent", Time since last: 124218487 ns, Reaching safepoint: 23515 ns, At safepoint: 53566532 ns, Total: 53590047 ns
[2022-06-28T06:35:55.632+0000][6][gc,marking  ] GC(35) Concurrent Mark 175.783ms
[2022-06-28T06:35:55.632+0000][6][gc,marking  ] GC(35) Concurrent Rebuild Remembered Sets
[2022-06-28T06:35:55.766+0000][6][gc,marking  ] GC(35) Concurrent Rebuild Remembered Sets 134.567ms
[2022-06-28T06:35:55.768+0000][6][gc,start    ] GC(35) Pause Cleanup
[2022-06-28T06:35:55.768+0000][6][gc          ] GC(35) Pause Cleanup 89M->89M(256M) 0.051ms
[2022-06-28T06:35:55.768+0000][6][gc,cpu      ] GC(35) User=0.00s Sys=0.00s Real=0.00s
[2022-06-28T06:35:55.768+0000][6][safepoint   ] Safepoint "G1Concurrent", Time since last: 134692989 ns, Reaching safepoint: 1029423 ns, At safepoint: 87527 ns, Total: 1116950 ns
[2022-06-28T06:35:55.768+0000][6][gc,marking  ] GC(35) Concurrent Cleanup for Next Mark
[2022-06-28T06:35:55.770+0000][6][gc,marking  ] GC(35) Concurrent Cleanup for Next Mark 2.140ms
[2022-06-28T06:35:55.770+0000][6][gc          ] GC(35) Concurrent Mark Cycle 315.759ms
[2022-06-28T06:35:59.768+0000][6][safepoint   ] Safepoint "Cleanup", Time since last: 4000442114 ns, Reaching safepoint: 40060 ns, At safepoint: 4460 ns, Total: 44520 ns
[2022-06-28T06:36:01.768+0000][6][safepoint   ] Safepoint "Cleanup", Time since last: 2000290384 ns, Reaching safepoint: 42665 ns, At safepoint: 4493 ns, Total: 47158 ns
[2022-06-28T06:36:02.769+0000][6][safepoint   ] Safepoint "Cleanup", Time since last: 1000132155 ns, Reaching safepoint: 32135 ns, At safepoint: 4320 ns, Total: 36455 ns
[2022-06-28T06:36:03.769+0000][6][safepoint   ] Safepoint "Cleanup", Time since last: 1000151846 ns, Reaching safepoint: 37445 ns, At safepoint: 4672 ns, Total: 42117 ns
[2022-06-28T06:36:05.769+0000][6][safepoint   ] Safepoint "Cleanup", Time since last: 2000246211 ns, Reaching safepoint: 48475 ns, At safepoint: 4707 ns, Total: 53182 ns
[2022-06-28T06:36:08.770+0000][6][safepoint   ] Safepoint "Cleanup", Time since last: 3000361588 ns, Reaching safepoint: 36360 ns, At safepoint: 4553 ns, Total: 40913 ns
[2022-06-28T06:36:10.770+0000][6][safepoint   ] Safepoint "Cleanup", Time since last: 2000181384 ns, Reaching safepoint: 38845 ns, At safepoint: 4489 ns, Total: 43334 ns
[2022-06-28T06:36:14.770+0000][6][safepoint   ] Safepoint "Cleanup", Time since last: 4000483630 ns, Reaching safepoint: 37359 ns, At safepoint: 5005 ns, Total: 42364 ns
[2022-06-28T06:36:15.770+0000][6][safepoint   ] Safepoint "Cleanup", Time since last: 1000142959 ns, Reaching safepoint: 35248 ns, At safepoint: 4360 ns, Total: 39608 ns
[2022-06-28T06:36:21.771+0000][6][safepoint   ] Safepoint "Cleanup", Time since last: 6000695524 ns, Reaching safepoint: 43770 ns, At safepoint: 5115 ns, Total: 48885 ns
[2022-06-28T06:36:23.771+0000][6][safepoint   ] Safepoint "Cleanup", Time since last: 2000230775 ns, Reaching safepoint: 40246 ns, At safepoint: 5067 ns, Total: 45313 ns
[2022-06-28T06:36:28.772+0000][6][safepoint   ] Safepoint "Cleanup", Time since last: 5000599188 ns, Reaching safepoint: 37577 ns, At safepoint: 4442 ns, Total: 42019 ns
[2022-06-28T06:36:29.772+0000][6][safepoint   ] Safepoint "Cleanup", Time since last: 1000142209 ns, Reaching safepoint: 39195 ns, At safepoint: 4550 ns, Total: 43745 ns
[2022-06-28T06:36:32.773+0000][6][safepoint   ] Safepoint "Cleanup", Time since last: 3000309984 ns, Reaching safepoint: 38420 ns, At safepoint: 4649 ns, Total: 43069 ns
[2022-06-28T06:36:33.773+0000][6][safepoint   ] Safepoint "Cleanup", Time since last: 1000143226 ns, Reaching safepoint: 38737 ns, At safepoint: 4627 ns, Total: 43364 ns
[2022-06-28T06:36:34.773+0000][6][safepoint   ] Safepoint "Cleanup", Time since last: 1000128288 ns, Reaching safepoint: 39382 ns, At safepoint: 4651 ns, Total: 44033 ns
[2022-06-28T06:36:36.773+0000][6][safepoint   ] Safepoint "Cleanup", Time since last: 2000254600 ns, Reaching safepoint: 35119 ns, At safepoint: 4558 ns, Total: 39677 ns
[2022-06-28T06:36:37.773+0000][6][safepoint   ] Safepoint "Cleanup", Time since last: 1000143676 ns, Reaching safepoint: 33640 ns, At safepoint: 4528 ns, Total: 38168 ns
[2022-06-28T06:36:38.774+0000][6][safepoint   ] Safepoint "Cleanup", Time since last: 1000163453 ns, Reaching safepoint: 45760 ns, At safepoint: 4178 ns, Total: 49938 ns
[2022-06-28T06:36:44.774+0000][6][safepoint   ] Safepoint "Cleanup", Time since last: 6000611340 ns, Reaching safepoint: 37273 ns, At safepoint: 4352 ns, Total: 41625 ns
[2022-06-28T06:36:45.775+0000][6][safepoint   ] Safepoint "Cleanup", Time since last: 1000156168 ns, Reaching safepoint: 34525 ns, At safepoint: 4603 ns, Total: 39128 ns
[2022-06-28T06:36:46.775+0000][6][safepoint   ] Safepoint "Cleanup", Time since last: 1000146137 ns, Reaching safepoint: 54979 ns, At safepoint: 9288 ns, Total: 64267 ns
[2022-06-28T06:36:48.775+0000][6][safepoint   ] Safepoint "Cleanup", Time since last: 2000251666 ns, Reaching safepoint: 35848 ns, At safepoint: 5102 ns, Total: 40950 ns
[2022-06-28T06:36:49.775+0000][6][safepoint   ] Safepoint "Cleanup", Time since last: 1000121756 ns, Reaching safepoint: 48613 ns, At safepoint: 4118 ns, Total: 52731 ns
[2022-06-28T06:36:53.776+0000][6][safepoint   ] Safepoint "Cleanup", Time since last: 4000407240 ns, Reaching safepoint: 41972 ns, At safepoint: 4764 ns, Total: 46736 ns
[2022-06-28T06:36:54.776+0000][6][safepoint   ] Safepoint "Cleanup", Time since last: 1000190959 ns, Reaching safepoint: 54280 ns, At safepoint: 9124 ns, Total: 63404 ns
[2022-06-28T06:36:59.777+0000][6][safepoint   ] Safepoint "Cleanup", Time since last: 5000620522 ns, Reaching safepoint: 44928 ns, At safepoint: 4742 ns, Total: 49670 ns
[2022-06-28T06:37:01.777+0000][6][safepoint   ] Safepoint "Cleanup", Time since last: 2000253796 ns, Reaching safepoint: 37877 ns, At safepoint: 4390 ns, Total: 42267 ns
[2022-06-28T06:37:04.777+0000][6][safepoint   ] Safepoint "Cleanup", Time since last: 3000310929 ns, Reaching safepoint: 41373 ns, At safepoint: 4617 ns, Total: 45990 ns
[2022-06-28T06:37:06.778+0000][6][safepoint   ] Safepoint "Cleanup", Time since last: 2000282157 ns, Reaching safepoint: 53787 ns, At safepoint: 9553 ns, Total: 63340 ns
[2022-06-28T06:37:07.778+0000][6][safepoint   ] Safepoint "Cleanup", Time since last: 1000178181 ns, Reaching safepoint: 35173 ns, At safepoint: 4392 ns, Total: 39565 ns
[2022-06-28T06:37:11.778+0000][6][safepoint   ] Safepoint "Cleanup", Time since last: 4000499777 ns, Reaching safepoint: 38492 ns, At safepoint: 4645 ns, Total: 43137 ns
[2022-06-28T06:37:13.779+0000][6][safepoint   ] Safepoint "Cleanup", Time since last: 2000255393 ns, Reaching safepoint: 29627 ns, At safepoint: 4235 ns, Total: 33862 ns
[2022-06-28T06:37:14.779+0000][6][safepoint   ] Safepoint "Cleanup", Time since last: 1000117242 ns, Reaching safepoint: 45827 ns, At safepoint: 4388 ns, Total: 50215 ns
[2022-06-28T06:37:15.779+0000][6][safepoint   ] Safepoint "Cleanup", Time since last: 1000153202 ns, Reaching safepoint: 33574 ns, At safepoint: 4961 ns, Total: 38535 ns
[2022-06-28T06:37:17.779+0000][6][safepoint   ] Safepoint "Cleanup", Time since last: 2000261602 ns, Reaching safepoint: 35422 ns, At safepoint: 4474 ns, Total: 39896 ns
[2022-06-28T06:37:18.779+0000][6][safepoint   ] Safepoint "Cleanup", Time since last: 1000129779 ns, Reaching safepoint: 33236 ns, At safepoint: 4468 ns, Total: 37704 ns
[2022-06-28T06:37:19.780+0000][6][safepoint   ] Safepoint "Cleanup", Time since last: 1000187409 ns, Reaching safepoint: 35890 ns, At safepoint: 4588 ns, Total: 40478 ns
[2022-06-28T06:37:20.780+0000][6][safepoint   ] Safepoint "Cleanup", Time since last: 1000134938 ns, Reaching safepoint: 33675 ns, At safepoint: 4332 ns, Total: 38007 ns
[2022-06-28T06:37:28.781+0000][6][safepoint   ] Safepoint "Cleanup", Time since last: 8000842873 ns, Reaching safepoint: 34976 ns, At safepoint: 4333 ns, Total: 39309 ns
[2022-06-28T06:37:29.781+0000][6][safepoint   ] Safepoint "Cleanup", Time since last: 1000171409 ns, Reaching safepoint: 48086 ns, At safepoint: 4764 ns, Total: 52850 ns
[2022-06-28T06:37:32.781+0000][6][safepoint   ] Safepoint "Cleanup", Time since last: 3000382029 ns, Reaching safepoint: 40795 ns, At safepoint: 4532 ns, Total: 45327 ns
[2022-06-28T06:37:33.782+0000][6][safepoint   ] Safepoint "Cleanup", Time since last: 1000148875 ns, Reaching safepoint: 36490 ns, At safepoint: 4434 ns, Total: 40924 ns
[2022-06-28T06:37:36.782+0000][6][safepoint   ] Safepoint "Cleanup", Time since last: 3000373340 ns, Reaching safepoint: 34270 ns, At safepoint: 4993 ns, Total: 39263 ns
[2022-06-28T06:37:37.782+0000][6][safepoint   ] Safepoint "Cleanup", Time since last: 1000143336 ns, Reaching safepoint: 34584 ns, At safepoint: 4274 ns, Total: 38858 ns
[2022-06-28T06:37:43.783+0000][6][safepoint   ] Safepoint "Cleanup", Time since last: 6000493243 ns, Reaching safepoint: 33872 ns, At safepoint: 4350 ns, Total: 38222 ns
[2022-06-28T06:37:48.783+0000][6][safepoint   ] Safepoint "Cleanup", Time since last: 5000536707 ns, Reaching safepoint: 49917 ns, At safepoint: 8703 ns, Total: 58620 ns
[2022-06-28T06:37:59.785+0000][6][safepoint   ] Safepoint "Cleanup", Time since last: 11001202327 ns, Reaching safepoint: 39080 ns, At safepoint: 4697 ns, Total: 43777 ns
[2022-06-28T06:38:00.785+0000][6][safepoint   ] Safepoint "Cleanup", Time since last: 1000145050 ns, Reaching safepoint: 34163 ns, At safepoint: 4318 ns, Total: 38481 ns
[2022-06-28T06:38:02.785+0000][6][safepoint   ] Safepoint "Cleanup", Time since last: 2000261405 ns, Reaching safepoint: 32839 ns, At safepoint: 4354 ns, Total: 37193 ns
[2022-06-28T06:38:08.786+0000][6][safepoint   ] Safepoint "Cleanup", Time since last: 6000570505 ns, Reaching safepoint: 48334 ns, At safepoint: 5190 ns, Total: 53524 ns
[2022-06-28T06:38:14.787+0000][6][safepoint   ] Safepoint "Cleanup", Time since last: 6000986393 ns, Reaching safepoint: 36310 ns, At safepoint: 4857 ns, Total: 41167 ns
[2022-06-28T06:38:20.787+0000][6][safepoint   ] Safepoint "Cleanup", Time since last: 6000692286 ns, Reaching safepoint: 35305 ns, At safepoint: 4607 ns, Total: 39912 ns
[2022-06-28T06:38:23.788+0000][6][safepoint   ] Safepoint "Cleanup", Time since last: 3000389442 ns, Reaching safepoint: 38220 ns, At safepoint: 4486 ns, Total: 42706 ns
[2022-06-28T06:38:27.788+0000][6][safepoint   ] Safepoint "Cleanup", Time since last: 4000456431 ns, Reaching safepoint: 36997 ns, At safepoint: 4402 ns, Total: 41399 ns
[2022-06-28T06:38:29.789+0000][6][safepoint   ] Safepoint "Cleanup", Time since last: 2000234855 ns, Reaching safepoint: 46944 ns, At safepoint: 4827 ns, Total: 51771 ns
[2022-06-28T06:38:32.790+0000][6][safepoint   ] Safepoint "Cleanup", Time since last: 3001316818 ns, Reaching safepoint: 30059 ns, At safepoint: 4685 ns, Total: 34744 ns
[2022-06-28T06:38:33.790+0000][6][safepoint   ] Safepoint "Cleanup", Time since last: 1000137459 ns, Reaching safepoint: 39886 ns, At safepoint: 5036 ns, Total: 44922 ns
[2022-06-28T06:38:37.791+0000][6][safepoint   ] Safepoint "Cleanup", Time since last: 4000433721 ns, Reaching safepoint: 33628 ns, At safepoint: 4917 ns, Total: 38545 ns
[2022-06-28T06:38:46.792+0000][6][safepoint   ] Safepoint "Cleanup", Time since last: 9000960608 ns, Reaching safepoint: 37605 ns, At safepoint: 4710 ns, Total: 42315 ns
[2022-06-28T06:38:48.225+0000][6][gc,start    ] GC(36) Pause Young (Normal) (G1 Evacuation Pause)
[2022-06-28T06:38:48.225+0000][6][gc,task     ] GC(36) Using 1 workers of 1 for evacuation
[2022-06-28T06:38:48.225+0000][6][gc,age      ] GC(36) Desired survivor size 8388608 bytes, new threshold 15 (max threshold 15)
[2022-06-28T06:38:48.233+0000][6][gc,phases   ] GC(36)   Pre Evacuate Collection Set: 0.0ms
[2022-06-28T06:38:48.233+0000][6][gc,phases   ] GC(36)   Merge Heap Roots: 0.1ms
[2022-06-28T06:38:48.233+0000][6][gc,phases   ] GC(36)   Evacuate Collection Set: 6.2ms
[2022-06-28T06:38:48.233+0000][6][gc,phases   ] GC(36)   Post Evacuate Collection Set: 1.0ms
[2022-06-28T06:38:48.233+0000][6][gc,phases   ] GC(36)   Other: 0.1ms
[2022-06-28T06:38:48.233+0000][6][gc,age      ] GC(36) Age table with threshold 15 (max threshold 15)
[2022-06-28T06:38:48.233+0000][6][gc,age      ] GC(36) - age   1:      25432 bytes,      25432 total
[2022-06-28T06:38:48.233+0000][6][gc,age      ] GC(36) - age   2:     940072 bytes,     965504 total
[2022-06-28T06:38:48.233+0000][6][gc,age      ] GC(36) - age   3:      19504 bytes,     985008 total
[2022-06-28T06:38:48.233+0000][6][gc,heap     ] GC(36) Eden regions: 25->0(26)
[2022-06-28T06:38:48.233+0000][6][gc,heap     ] GC(36) Survivor regions: 1->1(4)
[2022-06-28T06:38:48.233+0000][6][gc,heap     ] GC(36) Old regions: 19->19
[2022-06-28T06:38:48.233+0000][6][gc,heap     ] GC(36) Archive regions: 2->2
[2022-06-28T06:38:48.233+0000][6][gc,heap     ] GC(36) Humongous regions: 2->2
[2022-06-28T06:38:48.233+0000][6][gc,metaspace] GC(36) Metaspace: 106283K(110592K)->106283K(110592K) NonClass: 91961K(94528K)->91961K(94528K) Class: 14321K(16064K)->14321K(16064K)
[2022-06-28T06:38:48.233+0000][6][gc          ] GC(36) Pause Young (Normal) (G1 Evacuation Pause) 187M->87M(256M) 7.555ms
[2022-06-28T06:38:48.233+0000][6][gc,cpu      ] GC(36) User=0.01s Sys=0.00s Real=0.01s
[2022-06-28T06:38:48.233+0000][6][safepoint   ] Safepoint "G1CollectForAllocation", Time since last: 1433410343 ns, Reaching safepoint: 25627 ns, At safepoint: 7601789 ns, Total: 7627416 ns
[2022-06-28T06:38:52.233+0000][6][safepoint   ] Safepoint "Cleanup", Time since last: 4000632059 ns, Reaching safepoint: 37161 ns, At safepoint: 4665 ns, Total: 41826 ns
[2022-06-28T06:38:54.234+0000][6][safepoint   ] Safepoint "Cleanup", Time since last: 2000257004 ns, Reaching safepoint: 39383 ns, At safepoint: 4830 ns, Total: 44213 ns
[2022-06-28T06:38:59.235+0000][6][safepoint   ] Safepoint "Cleanup", Time since last: 5001297935 ns, Reaching safepoint: 41969 ns, At safepoint: 4513 ns, Total: 46482 ns
[2022-06-28T06:39:00.235+0000][6][safepoint   ] Safepoint "Cleanup", Time since last: 1000151693 ns, Reaching safepoint: 44281 ns, At safepoint: 5205 ns, Total: 49486 ns
[2022-06-28T06:39:08.236+0000][6][safepoint   ] Safepoint "Cleanup", Time since last: 8000780074 ns, Reaching safepoint: 39309 ns, At safepoint: 4445 ns, Total: 43754 ns
[2022-06-28T06:39:14.255+0000][6][safepoint   ] Safepoint "Cleanup", Time since last: 6018544065 ns, Reaching safepoint: 87443 ns, At safepoint: 4691 ns, Total: 92134 ns
[2022-06-28T06:39:15.255+0000][6][safepoint   ] Safepoint "Cleanup", Time since last: 1000144708 ns, Reaching safepoint: 49535 ns, At safepoint: 4115 ns, Total: 53650 ns
[2022-06-28T06:39:18.921+0000][6][safepoint   ] Safepoint "Cleanup", Time since last: 3665925567 ns, Reaching safepoint: 56485 ns, At safepoint: 4590 ns, Total: 61075 ns
[2022-06-28T06:39:29.922+0000][6][safepoint   ] Safepoint "Cleanup", Time since last: 11001195040 ns, Reaching safepoint: 39519 ns, At safepoint: 4486 ns, Total: 44005 ns
[2022-06-28T06:39:31.922+0000][6][safepoint   ] Safepoint "Cleanup", Time since last: 2000279797 ns, Reaching safepoint: 39845 ns, At safepoint: 4569 ns, Total: 44414 ns
[2022-06-28T06:39:32.923+0000][6][safepoint   ] Safepoint "Cleanup", Time since last: 1000183999 ns, Reaching safepoint: 42263 ns, At safepoint: 4341 ns, Total: 46604 ns
[2022-06-28T06:39:33.923+0000][6][safepoint   ] Safepoint "Cleanup", Time since last: 1000144221 ns, Reaching safepoint: 38242 ns, At safepoint: 4740 ns, Total: 42982 ns
[2022-06-28T06:39:39.924+0000][6][safepoint   ] Safepoint "Cleanup", Time since last: 6000630812 ns, Reaching safepoint: 64947 ns, At safepoint: 9480 ns, Total: 74427 ns
[2022-06-28T06:39:42.924+0000][6][safepoint   ] Safepoint "Cleanup", Time since last: 3000387931 ns, Reaching safepoint: 38603 ns, At safepoint: 4227 ns, Total: 42830 ns
[2022-06-28T06:39:47.925+0000][6][safepoint   ] Safepoint "Cleanup", Time since last: 5000657512 ns, Reaching safepoint: 46071 ns, At safepoint: 4765 ns, Total: 50836 ns
[2022-06-28T06:39:48.925+0000][6][safepoint   ] Safepoint "Cleanup", Time since last: 1000201149 ns, Reaching safepoint: 112898 ns, At safepoint: 8839 ns, Total: 121737 ns
[2022-06-28T06:39:49.925+0000][6][safepoint   ] Safepoint "Cleanup", Time since last: 1000184245 ns, Reaching safepoint: 37771 ns, At safepoint: 4283 ns, Total: 42054 ns
[2022-06-28T06:39:55.926+0000][6][safepoint   ] Safepoint "Cleanup", Time since last: 6000701645 ns, Reaching safepoint: 37493 ns, At safepoint: 4642 ns, Total: 42135 ns
[2022-06-28T06:39:59.926+0000][6][safepoint   ] Safepoint "Cleanup", Time since last: 4000397226 ns, Reaching safepoint: 37979 ns, At safepoint: 4268 ns, Total: 42247 ns
[2022-06-28T06:40:00.995+0000][6][safepoint   ] Safepoint "Cleanup", Time since last: 1068013097 ns, Reaching safepoint: 200776 ns, At safepoint: 7510 ns, Total: 208286 ns
[2022-06-28T06:40:14.996+0000][6][safepoint   ] Safepoint "Cleanup", Time since last: 14001317990 ns, Reaching safepoint: 70247 ns, At safepoint: 4913 ns, Total: 75160 ns
[2022-06-28T06:40:28.997+0000][6][safepoint   ] Safepoint "Cleanup", Time since last: 14001341519 ns, Reaching safepoint: 34598 ns, At safepoint: 4212 ns, Total: 38810 ns
[2022-06-28T06:40:32.998+0000][6][safepoint   ] Safepoint "Cleanup", Time since last: 4000405737 ns, Reaching safepoint: 39690 ns, At safepoint: 4415 ns, Total: 44105 ns
[2022-06-28T06:40:43.999+0000][6][safepoint   ] Safepoint "Cleanup", Time since last: 11001194868 ns, Reaching safepoint: 55733 ns, At safepoint: 8697 ns, Total: 64430 ns
[2022-06-28T06:40:44.999+0000][6][safepoint   ] Safepoint "Cleanup", Time since last: 1000172325 ns, Reaching safepoint: 63836 ns, At safepoint: 7606 ns, Total: 71442 ns
[2022-06-28T06:40:59.001+0000][6][safepoint   ] Safepoint "Cleanup", Time since last: 14001406509 ns, Reaching safepoint: 38084 ns, At safepoint: 4353 ns, Total: 42437 ns
[2022-06-28T06:41:03.001+0000][6][safepoint   ] Safepoint "Cleanup", Time since last: 4000530685 ns, Reaching safepoint: 44110 ns, At safepoint: 4956 ns, Total: 49066 ns
[2022-06-28T06:41:15.003+0000][6][safepoint   ] Safepoint "Cleanup", Time since last: 12001522571 ns, Reaching safepoint: 46346 ns, At safepoint: 5036 ns, Total: 51382 ns
[2022-06-28T06:41:21.004+0000][6][safepoint   ] Safepoint "Cleanup", Time since last: 6000663759 ns, Reaching safepoint: 43407 ns, At safepoint: 4362 ns, Total: 47769 ns
[2022-06-28T06:41:24.004+0000][6][safepoint   ] Safepoint "Cleanup", Time since last: 3000319218 ns, Reaching safepoint: 41695 ns, At safepoint: 5453 ns, Total: 47148 ns
[2022-06-28T06:41:29.005+0000][6][safepoint   ] Safepoint "Cleanup", Time since last: 5000674525 ns, Reaching safepoint: 42611 ns, At safepoint: 5107 ns, Total: 47718 ns
[2022-06-28T06:41:40.409+0000][6][gc,start    ] GC(37) Pause Young (Concurrent Start) (G1 Evacuation Pause)
[2022-06-28T06:41:40.409+0000][6][gc,task     ] GC(37) Using 1 workers of 1 for evacuation
[2022-06-28T06:41:40.409+0000][6][gc,age      ] GC(37) Desired survivor size 8388608 bytes, new threshold 15 (max threshold 15)
[2022-06-28T06:41:40.415+0000][6][gc,phases   ] GC(37)   Pre Evacuate Collection Set: 0.2ms
[2022-06-28T06:41:40.415+0000][6][gc,phases   ] GC(37)   Merge Heap Roots: 0.1ms
[2022-06-28T06:41:40.415+0000][6][gc,phases   ] GC(37)   Evacuate Collection Set: 4.7ms
[2022-06-28T06:41:40.415+0000][6][gc,phases   ] GC(37)   Post Evacuate Collection Set: 1.0ms
[2022-06-28T06:41:40.415+0000][6][gc,phases   ] GC(37)   Other: 0.1ms
[2022-06-28T06:41:40.415+0000][6][gc,age      ] GC(37) Age table with threshold 15 (max threshold 15)
[2022-06-28T06:41:40.415+0000][6][gc,age      ] GC(37) - age   1:     109552 bytes,     109552 total
[2022-06-28T06:41:40.415+0000][6][gc,age      ] GC(37) - age   2:      10944 bytes,     120496 total
[2022-06-28T06:41:40.415+0000][6][gc,age      ] GC(37) - age   3:     580664 bytes,     701160 total
[2022-06-28T06:41:40.415+0000][6][gc,age      ] GC(37) - age   4:      19504 bytes,     720664 total
[2022-06-28T06:41:40.415+0000][6][gc,heap     ] GC(37) Eden regions: 26->0(26)
[2022-06-28T06:41:40.415+0000][6][gc,heap     ] GC(37) Survivor regions: 1->1(4)
[2022-06-28T06:41:40.415+0000][6][gc,heap     ] GC(37) Old regions: 19->19
[2022-06-28T06:41:40.415+0000][6][gc,heap     ] GC(37) Archive regions: 2->2
[2022-06-28T06:41:40.415+0000][6][gc,heap     ] GC(37) Humongous regions: 2->2
[2022-06-28T06:41:40.415+0000][6][gc,metaspace] GC(37) Metaspace: 106606K(110592K)->106606K(110592K) NonClass: 92257K(94528K)->92257K(94528K) Class: 14348K(16064K)->14348K(16064K)
[2022-06-28T06:41:40.415+0000][6][gc          ] GC(37) Pause Young (Concurrent Start) (G1 Evacuation Pause) 191M->87M(256M) 6.234ms
[2022-06-28T06:41:40.415+0000][6][gc,cpu      ] GC(37) User=0.01s Sys=0.00s Real=0.01s
[2022-06-28T06:41:40.415+0000][6][safepoint   ] Safepoint "G1CollectForAllocation", Time since last: 11404008110 ns, Reaching safepoint: 26103 ns, At safepoint: 6295203 ns, Total: 6321306 ns
[2022-06-28T06:41:40.415+0000][6][gc          ] GC(38) Concurrent Mark Cycle
[2022-06-28T06:41:40.415+0000][6][gc,marking  ] GC(38) Concurrent Clear Claimed Marks
[2022-06-28T06:41:40.415+0000][6][gc,marking  ] GC(38) Concurrent Clear Claimed Marks 0.039ms
[2022-06-28T06:41:40.415+0000][6][gc,marking  ] GC(38) Concurrent Scan Root Regions
[2022-06-28T06:41:40.417+0000][6][gc,marking  ] GC(38) Concurrent Scan Root Regions 1.678ms
[2022-06-28T06:41:40.417+0000][6][gc,marking  ] GC(38) Concurrent Mark
[2022-06-28T06:41:40.417+0000][6][gc,marking  ] GC(38) Concurrent Mark From Roots
[2022-06-28T06:41:40.417+0000][6][gc,task     ] GC(38) Using 1 workers of 1 for marking
[2022-06-28T06:41:40.533+0000][6][gc,marking  ] GC(38) Concurrent Mark From Roots 116.495ms
[2022-06-28T06:41:40.534+0000][6][gc,marking  ] GC(38) Concurrent Preclean
[2022-06-28T06:41:40.534+0000][6][gc,marking  ] GC(38) Concurrent Preclean 0.121ms
[2022-06-28T06:41:40.534+0000][6][gc,start    ] GC(38) Pause Remark
[2022-06-28T06:41:40.546+0000][6][gc          ] GC(38) Pause Remark 88M->88M(256M) 12.552ms
[2022-06-28T06:41:40.546+0000][6][gc,cpu      ] GC(38) User=0.02s Sys=0.00s Real=0.01s
[2022-06-28T06:41:40.546+0000][6][safepoint   ] Safepoint "G1Concurrent", Time since last: 118537643 ns, Reaching safepoint: 24984 ns, At safepoint: 12613752 ns, Total: 12638736 ns
[2022-06-28T06:41:40.546+0000][6][gc,marking  ] GC(38) Concurrent Mark 129.412ms
[2022-06-28T06:41:40.546+0000][6][gc,marking  ] GC(38) Concurrent Rebuild Remembered Sets
[2022-06-28T06:41:40.615+0000][6][gc,marking  ] GC(38) Concurrent Rebuild Remembered Sets 68.884ms
[2022-06-28T06:41:40.615+0000][6][gc,start    ] GC(38) Pause Cleanup
[2022-06-28T06:41:40.615+0000][6][gc          ] GC(38) Pause Cleanup 88M->88M(256M) 0.051ms
[2022-06-28T06:41:40.615+0000][6][gc,cpu      ] GC(38) User=0.00s Sys=0.00s Real=0.00s
[2022-06-28T06:41:40.615+0000][6][safepoint   ] Safepoint "G1Concurrent", Time since last: 68997423 ns, Reaching safepoint: 23444 ns, At safepoint: 89261 ns, Total: 112705 ns
[2022-06-28T06:41:40.615+0000][6][gc,marking  ] GC(38) Concurrent Cleanup for Next Mark
[2022-06-28T06:41:40.616+0000][6][gc,marking  ] GC(38) Concurrent Cleanup for Next Mark 0.649ms
[2022-06-28T06:41:40.616+0000][6][gc          ] GC(38) Concurrent Mark Cycle 200.922ms
[2022-06-28T06:42:07.618+0000][6][safepoint   ] Safepoint "Cleanup", Time since last: 27002818063 ns, Reaching safepoint: 40250 ns, At safepoint: 4398 ns, Total: 44648 ns
[2022-06-28T06:42:08.618+0000][6][safepoint   ] Safepoint "Cleanup", Time since last: 1000175628 ns, Reaching safepoint: 40824 ns, At safepoint: 4663 ns, Total: 45487 ns
[2022-06-28T06:42:12.619+0000][6][safepoint   ] Safepoint "Cleanup", Time since last: 4000438522 ns, Reaching safepoint: 41851 ns, At safepoint: 4722 ns, Total: 46573 ns
[2022-06-28T06:42:14.619+0000][6][safepoint   ] Safepoint "Cleanup", Time since last: 2000268580 ns, Reaching safepoint: 41188 ns, At safepoint: 4673 ns, Total: 45861 ns
[2022-06-28T06:42:20.620+0000][6][safepoint   ] Safepoint "Cleanup", Time since last: 6000687331 ns, Reaching safepoint: 46114 ns, At safepoint: 5142 ns, Total: 51256 ns
[2022-06-28T06:42:22.620+0000][6][safepoint   ] Safepoint "Cleanup", Time since last: 2000275346 ns, Reaching safepoint: 35605 ns, At safepoint: 4723 ns, Total: 40328 ns
[2022-06-28T06:42:38.622+0000][6][safepoint   ] Safepoint "Cleanup", Time since last: 16001902193 ns, Reaching safepoint: 48859 ns, At safepoint: 4575 ns, Total: 53434 ns
[2022-06-28T06:42:52.624+0000][6][safepoint   ] Safepoint "Cleanup", Time since last: 14001613635 ns, Reaching safepoint: 43334 ns, At safepoint: 4675 ns, Total: 48009 ns
[2022-06-28T06:42:57.624+0000][6][safepoint   ] Safepoint "Cleanup", Time since last: 5000468785 ns, Reaching safepoint: 39221 ns, At safepoint: 4110 ns, Total: 43331 ns
[2022-06-28T06:42:59.625+0000][6][safepoint   ] Safepoint "Cleanup", Time since last: 2000260777 ns, Reaching safepoint: 40001 ns, At safepoint: 4603 ns, Total: 44604 ns
[2022-06-28T06:43:01.625+0000][6][safepoint   ] Safepoint "Cleanup", Time since last: 2000263475 ns, Reaching safepoint: 58178 ns, At safepoint: 4787 ns, Total: 62965 ns
[2022-06-28T06:43:03.625+0000][6][safepoint   ] Safepoint "Cleanup", Time since last: 2000235336 ns, Reaching safepoint: 37438 ns, At safepoint: 4588 ns, Total: 42026 ns
[2022-06-28T06:43:08.626+0000][6][safepoint   ] Safepoint "Cleanup", Time since last: 5000495628 ns, Reaching safepoint: 40087 ns, At safepoint: 4431 ns, Total: 44518 ns
[2022-06-28T06:43:09.626+0000][6][safepoint   ] Safepoint "Cleanup", Time since last: 1000159345 ns, Reaching safepoint: 43811 ns, At safepoint: 4540 ns, Total: 48351 ns
[2022-06-28T06:43:19.627+0000][6][safepoint   ] Safepoint "Cleanup", Time since last: 10000949450 ns, Reaching safepoint: 36765 ns, At safepoint: 4475 ns, Total: 41240 ns
[2022-06-28T06:43:26.628+0000][6][safepoint   ] Safepoint "Cleanup", Time since last: 7000796521 ns, Reaching safepoint: 39203 ns, At safepoint: 4810 ns, Total: 44013 ns
[2022-06-28T06:43:32.629+0000][6][safepoint   ] Safepoint "Cleanup", Time since last: 6000679525 ns, Reaching safepoint: 37905 ns, At safepoint: 4984 ns, Total: 42889 ns
[2022-06-28T06:44:08.632+0000][6][safepoint   ] Safepoint "Cleanup", Time since last: 36003650650 ns, Reaching safepoint: 39648 ns, At safepoint: 5032 ns, Total: 44680 ns
[2022-06-28T06:44:09.633+0000][6][safepoint   ] Safepoint "Cleanup", Time since last: 1000170814 ns, Reaching safepoint: 55059 ns, At safepoint: 9198 ns, Total: 64257 ns
[2022-06-28T06:44:29.635+0000][6][safepoint   ] Safepoint "Cleanup", Time since last: 20002129531 ns, Reaching safepoint: 48159 ns, At safepoint: 4678 ns, Total: 52837 ns
[2022-06-28T06:44:33.636+0000][6][safepoint   ] Safepoint "Cleanup", Time since last: 4001630026 ns, Reaching safepoint: 37390 ns, At safepoint: 16077 ns, Total: 53467 ns
[2022-06-28T06:44:43.446+0000][6][gc,start    ] GC(39) Pause Young (Normal) (G1 Evacuation Pause)
[2022-06-28T06:44:43.446+0000][6][gc,task     ] GC(39) Using 1 workers of 1 for evacuation
[2022-06-28T06:44:43.446+0000][6][gc,age      ] GC(39) Desired survivor size 8388608 bytes, new threshold 15 (max threshold 15)
[2022-06-28T06:44:43.452+0000][6][gc,phases   ] GC(39)   Pre Evacuate Collection Set: 0.0ms
[2022-06-28T06:44:43.452+0000][6][gc,phases   ] GC(39)   Merge Heap Roots: 0.1ms
[2022-06-28T06:44:43.452+0000][6][gc,phases   ] GC(39)   Evacuate Collection Set: 5.2ms
[2022-06-28T06:44:43.452+0000][6][gc,phases   ] GC(39)   Post Evacuate Collection Set: 1.1ms
[2022-06-28T06:44:43.453+0000][6][gc,phases   ] GC(39)   Other: 0.1ms
[2022-06-28T06:44:43.453+0000][6][gc,age      ] GC(39) Age table with threshold 15 (max threshold 15)
[2022-06-28T06:44:43.453+0000][6][gc,age      ] GC(39) - age   1:     135064 bytes,     135064 total
[2022-06-28T06:44:43.453+0000][6][gc,age      ] GC(39) - age   2:      91112 bytes,     226176 total
[2022-06-28T06:44:43.453+0000][6][gc,age      ] GC(39) - age   3:      10840 bytes,     237016 total
[2022-06-28T06:44:43.453+0000][6][gc,age      ] GC(39) - age   4:     578816 bytes,     815832 total
[2022-06-28T06:44:43.453+0000][6][gc,age      ] GC(39) - age   5:      19488 bytes,     835320 total
[2022-06-28T06:44:43.453+0000][6][gc,heap     ] GC(39) Eden regions: 26->0(27)
[2022-06-28T06:44:43.453+0000][6][gc,heap     ] GC(39) Survivor regions: 1->1(4)
[2022-06-28T06:44:43.453+0000][6][gc,heap     ] GC(39) Old regions: 19->19
[2022-06-28T06:44:43.453+0000][6][gc,heap     ] GC(39) Archive regions: 2->2
[2022-06-28T06:44:43.453+0000][6][gc,heap     ] GC(39) Humongous regions: 2->2
[2022-06-28T06:44:43.453+0000][6][gc,metaspace] GC(39) Metaspace: 106743K(110592K)->106743K(110592K) NonClass: 92364K(94528K)->92364K(94528K) Class: 14379K(16064K)->14379K(16064K)
[2022-06-28T06:44:43.453+0000][6][gc          ] GC(39) Pause Young (Normal) (G1 Evacuation Pause) 191M->87M(256M) 6.626ms
[2022-06-28T06:44:43.453+0000][6][gc,cpu      ] GC(39) User=0.00s Sys=0.00s Real=0.01s
[2022-06-28T06:44:43.453+0000][6][safepoint   ] Safepoint "G1CollectForAllocation", Time since last: 9809334705 ns, Reaching safepoint: 157753 ns, At safepoint: 6675618 ns, Total: 6833371 ns
[2022-06-28T06:44:56.455+0000][6][safepoint   ] Safepoint "Cleanup", Time since last: 13002451350 ns, Reaching safepoint: 36328 ns, At safepoint: 4118 ns, Total: 40446 ns
[2022-06-28T06:44:59.456+0000][6][safepoint   ] Safepoint "Cleanup", Time since last: 3000392628 ns, Reaching safepoint: 52383 ns, At safepoint: 4490 ns, Total: 56873 ns
[2022-06-28T06:45:03.456+0000][6][safepoint   ] Safepoint "Cleanup", Time since last: 4000540476 ns, Reaching safepoint: 39807 ns, At safepoint: 4662 ns, Total: 44469 ns
[2022-06-28T06:45:29.459+0000][6][safepoint   ] Safepoint "Cleanup", Time since last: 26002908492 ns, Reaching safepoint: 42001 ns, At safepoint: 4571 ns, Total: 46572 ns
[2022-06-28T06:45:35.460+0000][6][safepoint   ] Safepoint "Cleanup", Time since last: 6000741630 ns, Reaching safepoint: 42107 ns, At safepoint: 4677 ns, Total: 46784 ns
[2022-06-28T06:45:56.462+0000][6][safepoint   ] Safepoint "Cleanup", Time since last: 21002513430 ns, Reaching safepoint: 40189 ns, At safepoint: 4935 ns, Total: 45124 ns
[2022-06-28T06:45:59.463+0000][6][safepoint   ] Safepoint "Cleanup", Time since last: 3000459394 ns, Reaching safepoint: 91001 ns, At safepoint: 4599 ns, Total: 95600 ns
[2022-06-28T06:46:00.463+0000][6][safepoint   ] Safepoint "Cleanup", Time since last: 1000160884 ns, Reaching safepoint: 41907 ns, At safepoint: 4682 ns, Total: 46589 ns
[2022-06-28T06:46:12.465+0000][6][safepoint   ] Safepoint "Cleanup", Time since last: 12001416671 ns, Reaching safepoint: 48544 ns, At safepoint: 4718 ns, Total: 53262 ns
[2022-06-28T06:46:15.465+0000][6][safepoint   ] Safepoint "Cleanup", Time since last: 3000355935 ns, Reaching safepoint: 39124 ns, At safepoint: 4717 ns, Total: 43841 ns
[2022-06-28T06:46:16.465+0000][6][safepoint   ] Safepoint "Cleanup", Time since last: 1000160765 ns, Reaching safepoint: 40289 ns, At safepoint: 5073 ns, Total: 45362 ns
[2022-06-28T06:46:28.467+0000][6][safepoint   ] Safepoint "Cleanup", Time since last: 12001320063 ns, Reaching safepoint: 39880 ns, At safepoint: 4333 ns, Total: 44213 ns
[2022-06-28T06:46:29.467+0000][6][safepoint   ] Safepoint "Cleanup", Time since last: 1000150105 ns, Reaching safepoint: 38666 ns, At safepoint: 4350 ns, Total: 43016 ns
[2022-06-28T06:46:33.467+0000][6][safepoint   ] Safepoint "Cleanup", Time since last: 4000460727 ns, Reaching safepoint: 39413 ns, At safepoint: 4255 ns, Total: 43668 ns
[2022-06-28T06:46:42.469+0000][6][safepoint   ] Safepoint "Cleanup", Time since last: 9001126776 ns, Reaching safepoint: 44004 ns, At safepoint: 4417 ns, Total: 48421 ns
[2022-06-28T06:46:47.470+0000][6][safepoint   ] Safepoint "Cleanup", Time since last: 5001677599 ns, Reaching safepoint: 42355 ns, At safepoint: 4522 ns, Total: 46877 ns
[2022-06-28T06:47:33.479+0000][6][safepoint   ] Safepoint "Cleanup", Time since last: 46007371809 ns, Reaching safepoint: 922209 ns, At safepoint: 10752 ns, Total: 932961 ns
[2022-06-28T06:47:34.480+0000][6][safepoint   ] Safepoint "Cleanup", Time since last: 1001397179 ns, Reaching safepoint: 49118 ns, At safepoint: 4557 ns, Total: 53675 ns
[2022-06-28T06:47:45.481+0000][6][safepoint   ] Safepoint "Cleanup", Time since last: 11001105233 ns, Reaching safepoint: 41764 ns, At safepoint: 4597 ns, Total: 46361 ns
[2022-06-28T06:47:51.482+0000][6][safepoint   ] Safepoint "Cleanup", Time since last: 6000614983 ns, Reaching safepoint: 37340 ns, At safepoint: 4795 ns, Total: 42135 ns
[2022-06-28T06:47:53.482+0000][6][safepoint   ] Safepoint "Cleanup", Time since last: 2000296770 ns, Reaching safepoint: 38520 ns, At safepoint: 4270 ns, Total: 42790 ns
[2022-06-28T06:47:53.704+0000][6][gc,start    ] GC(40) Pause Young (Concurrent Start) (G1 Evacuation Pause)
[2022-06-28T06:47:53.704+0000][6][gc,task     ] GC(40) Using 1 workers of 1 for evacuation
[2022-06-28T06:47:53.704+0000][6][gc,age      ] GC(40) Desired survivor size 8388608 bytes, new threshold 15 (max threshold 15)
[2022-06-28T06:47:53.713+0000][6][gc,phases   ] GC(40)   Pre Evacuate Collection Set: 0.9ms
[2022-06-28T06:47:53.714+0000][6][gc,phases   ] GC(40)   Merge Heap Roots: 0.9ms
[2022-06-28T06:47:53.714+0000][6][gc,phases   ] GC(40)   Evacuate Collection Set: 5.2ms
[2022-06-28T06:47:53.714+0000][6][gc,phases   ] GC(40)   Post Evacuate Collection Set: 1.8ms
[2022-06-28T06:47:53.714+0000][6][gc,phases   ] GC(40)   Other: 0.8ms
[2022-06-28T06:47:53.714+0000][6][gc,age      ] GC(40) Age table with threshold 15 (max threshold 15)
[2022-06-28T06:47:53.714+0000][6][gc,age      ] GC(40) - age   1:      17328 bytes,      17328 total
[2022-06-28T06:47:53.714+0000][6][gc,age      ] GC(40) - age   2:      68408 bytes,      85736 total
[2022-06-28T06:47:53.714+0000][6][gc,age      ] GC(40) - age   3:      91112 bytes,     176848 total
[2022-06-28T06:47:53.714+0000][6][gc,age      ] GC(40) - age   4:      10840 bytes,     187688 total
[2022-06-28T06:47:53.714+0000][6][gc,age      ] GC(40) - age   5:     578816 bytes,     766504 total
[2022-06-28T06:47:53.714+0000][6][gc,age      ] GC(40) - age   6:      19488 bytes,     785992 total
[2022-06-28T06:47:53.714+0000][6][gc,heap     ] GC(40) Eden regions: 27->0(28)
[2022-06-28T06:47:53.714+0000][6][gc,heap     ] GC(40) Survivor regions: 1->1(4)
[2022-06-28T06:47:53.714+0000][6][gc,heap     ] GC(40) Old regions: 19->19
[2022-06-28T06:47:53.714+0000][6][gc,heap     ] GC(40) Archive regions: 2->2
[2022-06-28T06:47:53.714+0000][6][gc,heap     ] GC(40) Humongous regions: 2->2
[2022-06-28T06:47:53.714+0000][6][gc,metaspace] GC(40) Metaspace: 106772K(110592K)->106772K(110592K) NonClass: 92392K(94528K)->92392K(94528K) Class: 14379K(16064K)->14379K(16064K)
[2022-06-28T06:47:53.714+0000][6][gc          ] GC(40) Pause Young (Concurrent Start) (G1 Evacuation Pause) 195M->87M(256M) 9.786ms
[2022-06-28T06:47:53.714+0000][6][gc,cpu      ] GC(40) User=0.01s Sys=0.00s Real=0.01s
[2022-06-28T06:47:53.714+0000][6][safepoint   ] Safepoint "G1CollectForAllocation", Time since last: 221653248 ns, Reaching safepoint: 38902 ns, At safepoint: 9845838 ns, Total: 9884740 ns
[2022-06-28T06:47:53.714+0000][6][gc          ] GC(41) Concurrent Mark Cycle
[2022-06-28T06:47:53.714+0000][6][gc,marking  ] GC(41) Concurrent Clear Claimed Marks
[2022-06-28T06:47:53.714+0000][6][gc,marking  ] GC(41) Concurrent Clear Claimed Marks 0.049ms
[2022-06-28T06:47:53.714+0000][6][gc,marking  ] GC(41) Concurrent Scan Root Regions
[2022-06-28T06:47:53.719+0000][6][gc,marking  ] GC(41) Concurrent Scan Root Regions 5.116ms
[2022-06-28T06:47:53.719+0000][6][gc,marking  ] GC(41) Concurrent Mark
[2022-06-28T06:47:53.719+0000][6][gc,marking  ] GC(41) Concurrent Mark From Roots
[2022-06-28T06:47:53.719+0000][6][gc,task     ] GC(41) Using 1 workers of 1 for marking
[2022-06-28T06:47:53.844+0000][6][gc,marking  ] GC(41) Concurrent Mark From Roots 125.194ms
[2022-06-28T06:47:53.844+0000][6][gc,marking  ] GC(41) Concurrent Preclean
[2022-06-28T06:47:53.844+0000][6][gc,marking  ] GC(41) Concurrent Preclean 0.124ms
[2022-06-28T06:47:53.844+0000][6][gc,start    ] GC(41) Pause Remark
[2022-06-28T06:47:53.873+0000][6][gc          ] GC(41) Pause Remark 89M->89M(256M) 28.381ms
[2022-06-28T06:47:53.873+0000][6][gc,cpu      ] GC(41) User=0.01s Sys=0.00s Real=0.03s
[2022-06-28T06:47:53.873+0000][6][safepoint   ] Safepoint "G1Concurrent", Time since last: 130660167 ns, Reaching safepoint: 24919 ns, At safepoint: 28445914 ns, Total: 28470833 ns
[2022-06-28T06:47:53.873+0000][6][gc,marking  ] GC(41) Concurrent Mark 153.962ms
[2022-06-28T06:47:53.873+0000][6][gc,marking  ] GC(41) Concurrent Rebuild Remembered Sets
[2022-06-28T06:47:53.955+0000][6][gc,marking  ] GC(41) Concurrent Rebuild Remembered Sets 81.876ms
[2022-06-28T06:47:53.955+0000][6][gc,start    ] GC(41) Pause Cleanup
[2022-06-28T06:47:53.955+0000][6][gc          ] GC(41) Pause Cleanup 89M->89M(256M) 0.053ms
[2022-06-28T06:47:53.955+0000][6][gc,cpu      ] GC(41) User=0.00s Sys=0.00s Real=0.00s
[2022-06-28T06:47:53.955+0000][6][safepoint   ] Safepoint "G1Concurrent", Time since last: 82046770 ns, Reaching safepoint: 22497 ns, At safepoint: 99747 ns, Total: 122244 ns
[2022-06-28T06:47:53.955+0000][6][gc,marking  ] GC(41) Concurrent Cleanup for Next Mark
[2022-06-28T06:47:53.956+0000][6][gc,marking  ] GC(41) Concurrent Cleanup for Next Mark 0.673ms
[2022-06-28T06:47:53.956+0000][6][gc          ] GC(41) Concurrent Mark Cycle 241.966ms
[2022-06-28T06:47:58.956+0000][6][safepoint   ] Safepoint "Cleanup", Time since last: 5000523247 ns, Reaching safepoint: 47027 ns, At safepoint: 5052 ns, Total: 52079 ns
[2022-06-28T06:47:59.956+0000][6][safepoint   ] Safepoint "Cleanup", Time since last: 1000125803 ns, Reaching safepoint: 41294 ns, At safepoint: 4955 ns, Total: 46249 ns
[2022-06-28T06:48:02.956+0000][6][safepoint   ] Safepoint "Cleanup", Time since last: 3000407861 ns, Reaching safepoint: 43966 ns, At safepoint: 4993 ns, Total: 48959 ns
[2022-06-28T06:48:11.957+0000][6][safepoint   ] Safepoint "Cleanup", Time since last: 9001009620 ns, Reaching safepoint: 41195 ns, At safepoint: 4725 ns, Total: 45920 ns
[2022-06-28T06:48:17.958+0000][6][safepoint   ] Safepoint "Cleanup", Time since last: 6000836657 ns, Reaching safepoint: 38183 ns, At safepoint: 4900 ns, Total: 43083 ns
[2022-06-28T06:48:18.958+0000][6][safepoint   ] Safepoint "Cleanup", Time since last: 1000219838 ns, Reaching safepoint: 60093 ns, At safepoint: 8737 ns, Total: 68830 ns
[2022-06-28T06:48:29.960+0000][6][safepoint   ] Safepoint "Cleanup", Time since last: 11001205003 ns, Reaching safepoint: 42935 ns, At safepoint: 4752 ns, Total: 47687 ns
[2022-06-28T06:48:30.960+0000][6][safepoint   ] Safepoint "Cleanup", Time since last: 1000160461 ns, Reaching safepoint: 77876 ns, At safepoint: 5216 ns, Total: 83092 ns
[2022-06-28T06:48:34.961+0000][6][safepoint   ] Safepoint "Cleanup", Time since last: 4000445415 ns, Reaching safepoint: 151320 ns, At safepoint: 5635 ns, Total: 156955 ns
[2022-06-28T06:48:42.961+0000][6][safepoint   ] Safepoint "Cleanup", Time since last: 8000872757 ns, Reaching safepoint: 38541 ns, At safepoint: 4500 ns, Total: 43041 ns
[2022-06-28T06:48:43.962+0000][6][safepoint   ] Safepoint "Cleanup", Time since last: 1000165708 ns, Reaching safepoint: 44668 ns, At safepoint: 4555 ns, Total: 49223 ns
[2022-06-28T06:48:44.962+0000][6][safepoint   ] Safepoint "Cleanup", Time since last: 1000179145 ns, Reaching safepoint: 38387 ns, At safepoint: 4200 ns, Total: 42587 ns
[2022-06-28T06:48:45.962+0000][6][safepoint   ] Safepoint "Cleanup", Time since last: 1000165319 ns, Reaching safepoint: 44463 ns, At safepoint: 4922 ns, Total: 49385 ns
[2022-06-28T06:48:46.962+0000][6][safepoint   ] Safepoint "Cleanup", Time since last: 1000161482 ns, Reaching safepoint: 55462 ns, At safepoint: 4872 ns, Total: 60334 ns
[2022-06-28T06:48:47.963+0000][6][safepoint   ] Safepoint "Cleanup", Time since last: 1000170202 ns, Reaching safepoint: 41748 ns, At safepoint: 4563 ns, Total: 46311 ns
[2022-06-28T06:48:48.963+0000][6][safepoint   ] Safepoint "Cleanup", Time since last: 1000111616 ns, Reaching safepoint: 403169 ns, At safepoint: 8323 ns, Total: 411492 ns
[2022-06-28T06:48:49.963+0000][6][safepoint   ] Safepoint "Cleanup", Time since last: 1000129380 ns, Reaching safepoint: 58883 ns, At safepoint: 4078 ns, Total: 62961 ns
[2022-06-28T06:48:50.963+0000][6][safepoint   ] Safepoint "Cleanup", Time since last: 1000166254 ns, Reaching safepoint: 43149 ns, At safepoint: 4907 ns, Total: 48056 ns
[2022-06-28T06:48:55.964+0000][6][safepoint   ] Safepoint "Cleanup", Time since last: 5000623067 ns, Reaching safepoint: 114123 ns, At safepoint: 4232 ns, Total: 118355 ns
[2022-06-28T06:48:56.448+0000][6][gc,heap,exit] Heap
[2022-06-28T06:48:56.448+0000][6][gc,heap,exit]  garbage-first heap   total 262144K, used 144029K [0x00000000f0000000, 0x0000000100000000)
[2022-06-28T06:48:56.448+0000][6][gc,heap,exit]   region size 4096K, 15 young (61440K), 1 survivors (4096K)
[2022-06-28T06:48:56.448+0000][6][gc,heap,exit]  Metaspace       used 107062K, committed 110592K, reserved 1179648K
[2022-06-28T06:48:56.448+0000][6][gc,heap,exit]   class space    used 14425K, committed 16064K, reserved 1048576K
