[2022-06-28T06:55:32.964+0000][6][gc,init] CardTable entry size: 512
[2022-06-28T06:55:32.969+0000][6][gc     ] Using G1
[2022-06-28T06:55:33.261+0000][6][gc,init] Version: 18.0.1.1+2-6 (release)
[2022-06-28T06:55:33.261+0000][6][gc,init] CPUs: 1 total, 1 available
[2022-06-28T06:55:33.261+0000][6][gc,init] Memory: 1974M
[2022-06-28T06:55:33.261+0000][6][gc,init] Large Page Support: Disabled
[2022-06-28T06:55:33.261+0000][6][gc,init] NUMA Support: Disabled
[2022-06-28T06:55:33.261+0000][6][gc,init] Compressed Oops: Enabled (32-bit)
[2022-06-28T06:55:33.261+0000][6][gc,init] Heap Region Size: 4M
[2022-06-28T06:55:33.261+0000][6][gc,init] Heap Min Capacity: 256M
[2022-06-28T06:55:33.261+0000][6][gc,init] Heap Initial Capacity: 256M
[2022-06-28T06:55:33.261+0000][6][gc,init] Heap Max Capacity: 256M
[2022-06-28T06:55:33.261+0000][6][gc,init] Pre-touch: Enabled
[2022-06-28T06:55:33.261+0000][6][gc,init] Parallel Workers: 1
[2022-06-28T06:55:33.261+0000][6][gc,init] Concurrent Workers: 1
[2022-06-28T06:55:33.261+0000][6][gc,init] Concurrent Refinement Workers: 1
[2022-06-28T06:55:33.261+0000][6][gc,init] Periodic GC: Disabled
[2022-06-28T06:55:33.262+0000][6][gc,metaspace] CDS archive(s) mapped at: [0x0000000800000000-0x0000000800baf000-0x0000000800baf000), size 12251136, SharedBaseAddress: 0x0000000800000000, ArchiveRelocationMode: 0.
[2022-06-28T06:55:33.262+0000][6][gc,metaspace] Compressed class space mapped at: 0x0000000800c00000-0x0000000840c00000, reserved size: 1073741824
[2022-06-28T06:55:33.262+0000][6][gc,metaspace] Narrow klass base: 0x0000000800000000, Narrow klass shift: 0, Narrow klass range: 0x100000000
[2022-06-28T06:55:34.580+0000][6][gc,start    ] GC(0) Pause Young (Normal) (G1 Evacuation Pause)
[2022-06-28T06:55:34.580+0000][6][gc,task     ] GC(0) Using 1 workers of 1 for evacuation
[2022-06-28T06:55:34.580+0000][6][gc,age      ] GC(0) Desired survivor size 2097152 bytes, new threshold 15 (max threshold 15)
[2022-06-28T06:55:34.590+0000][6][gc,phases   ] GC(0)   Pre Evacuate Collection Set: 2.4ms
[2022-06-28T06:55:34.590+0000][6][gc,phases   ] GC(0)   Merge Heap Roots: 0.0ms
[2022-06-28T06:55:34.591+0000][6][gc,phases   ] GC(0)   Evacuate Collection Set: 8.0ms
[2022-06-28T06:55:34.591+0000][6][gc,phases   ] GC(0)   Post Evacuate Collection Set: 0.3ms
[2022-06-28T06:55:34.591+0000][6][gc,phases   ] GC(0)   Other: 0.1ms
[2022-06-28T06:55:34.591+0000][6][gc,age      ] GC(0) Age table with threshold 15 (max threshold 15)
[2022-06-28T06:55:34.591+0000][6][gc,age      ] GC(0) - age   1:    3168664 bytes,    3168664 total
[2022-06-28T06:55:34.591+0000][6][gc,heap     ] GC(0) Eden regions: 3->0(2)
[2022-06-28T06:55:34.591+0000][6][gc,heap     ] GC(0) Survivor regions: 0->1(1)
[2022-06-28T06:55:34.591+0000][6][gc,heap     ] GC(0) Old regions: 0->0
[2022-06-28T06:55:34.591+0000][6][gc,heap     ] GC(0) Archive regions: 2->2
[2022-06-28T06:55:34.591+0000][6][gc,heap     ] GC(0) Humongous regions: 0->0
[2022-06-28T06:55:34.591+0000][6][gc,metaspace] GC(0) Metaspace: 4738K(4864K)->4738K(4864K) NonClass: 4259K(4352K)->4259K(4352K) Class: 478K(512K)->478K(512K)
[2022-06-28T06:55:34.591+0000][6][gc          ] GC(0) Pause Young (Normal) (G1 Evacuation Pause) 15M->6M(256M) 11.049ms
[2022-06-28T06:55:34.591+0000][6][gc,cpu      ] GC(0) User=0.00s Sys=0.00s Real=0.01s
[2022-06-28T06:55:34.591+0000][6][safepoint   ] Safepoint "G1CollectForAllocation", Time since last: 1301957099 ns, Reaching safepoint: 83086 ns, At safepoint: 11092333 ns, Total: 11175419 ns
[2022-06-28T06:55:35.611+0000][6][safepoint   ] Safepoint "Cleanup", Time since last: 1017702182 ns, Reaching safepoint: 2204204 ns, At safepoint: 4858 ns, Total: 2209062 ns
[2022-06-28T06:55:35.820+0000][6][gc,start    ] GC(1) Pause Young (Normal) (G1 Evacuation Pause)
[2022-06-28T06:55:35.820+0000][6][gc,task     ] GC(1) Using 1 workers of 1 for evacuation
[2022-06-28T06:55:35.820+0000][6][gc,age      ] GC(1) Desired survivor size 2097152 bytes, new threshold 1 (max threshold 15)
[2022-06-28T06:55:35.842+0000][6][gc,phases   ] GC(1)   Pre Evacuate Collection Set: 0.0ms
[2022-06-28T06:55:35.842+0000][6][gc,phases   ] GC(1)   Merge Heap Roots: 0.0ms
[2022-06-28T06:55:35.842+0000][6][gc,phases   ] GC(1)   Evacuate Collection Set: 14.5ms
[2022-06-28T06:55:35.842+0000][6][gc,phases   ] GC(1)   Post Evacuate Collection Set: 7.3ms
[2022-06-28T06:55:35.842+0000][6][gc,phases   ] GC(1)   Other: 0.1ms
[2022-06-28T06:55:35.842+0000][6][gc,age      ] GC(1) Age table with threshold 1 (max threshold 15)
[2022-06-28T06:55:35.842+0000][6][gc,age      ] GC(1) - age   1:    1033928 bytes,    1033928 total
[2022-06-28T06:55:35.842+0000][6][gc,heap     ] GC(1) Eden regions: 2->0(2)
[2022-06-28T06:55:35.842+0000][6][gc,heap     ] GC(1) Survivor regions: 1->1(1)
[2022-06-28T06:55:35.842+0000][6][gc,heap     ] GC(1) Old regions: 0->1
[2022-06-28T06:55:35.842+0000][6][gc,heap     ] GC(1) Archive regions: 2->2
[2022-06-28T06:55:35.842+0000][6][gc,heap     ] GC(1) Humongous regions: 0->0
[2022-06-28T06:55:35.842+0000][6][gc,metaspace] GC(1) Metaspace: 8137K(8320K)->8137K(8320K) NonClass: 7247K(7360K)->7247K(7360K) Class: 890K(960K)->890K(960K)
[2022-06-28T06:55:35.842+0000][6][gc          ] GC(1) Pause Young (Normal) (G1 Evacuation Pause) 14M->8M(256M) 22.208ms
[2022-06-28T06:55:35.842+0000][6][gc,cpu      ] GC(1) User=0.01s Sys=0.00s Real=0.02s
[2022-06-28T06:55:35.842+0000][6][safepoint   ] Safepoint "G1CollectForAllocation", Time since last: 209200839 ns, Reaching safepoint: 43526 ns, At safepoint: 22250317 ns, Total: 22293843 ns
[2022-06-28T06:55:36.366+0000][6][gc,start    ] GC(2) Pause Young (Normal) (G1 Evacuation Pause)
[2022-06-28T06:55:36.366+0000][6][gc,task     ] GC(2) Using 1 workers of 1 for evacuation
[2022-06-28T06:55:36.366+0000][6][gc,age      ] GC(2) Desired survivor size 2097152 bytes, new threshold 15 (max threshold 15)
[2022-06-28T06:55:36.381+0000][6][gc,phases   ] GC(2)   Pre Evacuate Collection Set: 0.0ms
[2022-06-28T06:55:36.381+0000][6][gc,phases   ] GC(2)   Merge Heap Roots: 0.0ms
[2022-06-28T06:55:36.381+0000][6][gc,phases   ] GC(2)   Evacuate Collection Set: 14.8ms
[2022-06-28T06:55:36.381+0000][6][gc,phases   ] GC(2)   Post Evacuate Collection Set: 0.2ms
[2022-06-28T06:55:36.381+0000][6][gc,phases   ] GC(2)   Other: 0.1ms
[2022-06-28T06:55:36.381+0000][6][gc,age      ] GC(2) Age table with threshold 15 (max threshold 15)
[2022-06-28T06:55:36.381+0000][6][gc,age      ] GC(2) - age   1:     554496 bytes,     554496 total
[2022-06-28T06:55:36.381+0000][6][gc,age      ] GC(2) - age   2:    1008320 bytes,    1562816 total
[2022-06-28T06:55:36.381+0000][6][gc,heap     ] GC(2) Eden regions: 2->0(2)
[2022-06-28T06:55:36.381+0000][6][gc,heap     ] GC(2) Survivor regions: 1->1(1)
[2022-06-28T06:55:36.381+0000][6][gc,heap     ] GC(2) Old regions: 1->1
[2022-06-28T06:55:36.381+0000][6][gc,heap     ] GC(2) Archive regions: 2->2
[2022-06-28T06:55:36.381+0000][6][gc,heap     ] GC(2) Humongous regions: 0->0
[2022-06-28T06:55:36.381+0000][6][gc,metaspace] GC(2) Metaspace: 9704K(9984K)->9704K(9984K) NonClass: 8556K(8704K)->8556K(8704K) Class: 1147K(1280K)->1147K(1280K)
[2022-06-28T06:55:36.381+0000][6][gc          ] GC(2) Pause Young (Normal) (G1 Evacuation Pause) 16M->8M(256M) 15.336ms
[2022-06-28T06:55:36.381+0000][6][gc,cpu      ] GC(2) User=0.01s Sys=0.00s Real=0.02s
[2022-06-28T06:55:36.381+0000][6][safepoint   ] Safepoint "G1CollectForAllocation", Time since last: 523992671 ns, Reaching safepoint: 49303 ns, At safepoint: 15380888 ns, Total: 15430191 ns
[2022-06-28T06:55:37.171+0000][6][gc,start    ] GC(3) Pause Young (Normal) (G1 Evacuation Pause)
[2022-06-28T06:55:37.171+0000][6][gc,task     ] GC(3) Using 1 workers of 1 for evacuation
[2022-06-28T06:55:37.171+0000][6][gc,age      ] GC(3) Desired survivor size 2097152 bytes, new threshold 15 (max threshold 15)
[2022-06-28T06:55:37.187+0000][6][gc,phases   ] GC(3)   Pre Evacuate Collection Set: 0.0ms
[2022-06-28T06:55:37.187+0000][6][gc,phases   ] GC(3)   Merge Heap Roots: 0.0ms
[2022-06-28T06:55:37.187+0000][6][gc,phases   ] GC(3)   Evacuate Collection Set: 15.8ms
[2022-06-28T06:55:37.187+0000][6][gc,phases   ] GC(3)   Post Evacuate Collection Set: 0.6ms
[2022-06-28T06:55:37.187+0000][6][gc,phases   ] GC(3)   Other: 0.1ms
[2022-06-28T06:55:37.187+0000][6][gc,age      ] GC(3) Age table with threshold 15 (max threshold 15)
[2022-06-28T06:55:37.187+0000][6][gc,age      ] GC(3) - age   1:    1043472 bytes,    1043472 total
[2022-06-28T06:55:37.187+0000][6][gc,age      ] GC(3) - age   2:     542280 bytes,    1585752 total
[2022-06-28T06:55:37.187+0000][6][gc,age      ] GC(3) - age   3:    1006856 bytes,    2592608 total
[2022-06-28T06:55:37.187+0000][6][gc,heap     ] GC(3) Eden regions: 2->0(3)
[2022-06-28T06:55:37.187+0000][6][gc,heap     ] GC(3) Survivor regions: 1->1(1)
[2022-06-28T06:55:37.187+0000][6][gc,heap     ] GC(3) Old regions: 1->1
[2022-06-28T06:55:37.187+0000][6][gc,heap     ] GC(3) Archive regions: 2->2
[2022-06-28T06:55:37.187+0000][6][gc,heap     ] GC(3) Humongous regions: 0->0
[2022-06-28T06:55:37.187+0000][6][gc,metaspace] GC(3) Metaspace: 11188K(11456K)->11188K(11456K) NonClass: 9848K(9984K)->9848K(9984K) Class: 1339K(1472K)->1339K(1472K)
[2022-06-28T06:55:37.187+0000][6][gc          ] GC(3) Pause Young (Normal) (G1 Evacuation Pause) 16M->9M(256M) 16.752ms
[2022-06-28T06:55:37.187+0000][6][gc,cpu      ] GC(3) User=0.01s Sys=0.00s Real=0.02s
[2022-06-28T06:55:37.187+0000][6][safepoint   ] Safepoint "G1CollectForAllocation", Time since last: 787043871 ns, Reaching safepoint: 2035220 ns, At safepoint: 16795056 ns, Total: 18830276 ns
[2022-06-28T06:55:38.167+0000][6][gc,start    ] GC(4) Pause Young (Normal) (G1 Evacuation Pause)
[2022-06-28T06:55:38.167+0000][6][gc,task     ] GC(4) Using 1 workers of 1 for evacuation
[2022-06-28T06:55:38.167+0000][6][gc,age      ] GC(4) Desired survivor size 2097152 bytes, new threshold 3 (max threshold 15)
[2022-06-28T06:55:38.199+0000][6][gc,phases   ] GC(4)   Pre Evacuate Collection Set: 0.0ms
[2022-06-28T06:55:38.199+0000][6][gc,phases   ] GC(4)   Merge Heap Roots: 0.0ms
[2022-06-28T06:55:38.199+0000][6][gc,phases   ] GC(4)   Evacuate Collection Set: 17.9ms
[2022-06-28T06:55:38.199+0000][6][gc,phases   ] GC(4)   Post Evacuate Collection Set: 13.8ms
[2022-06-28T06:55:38.199+0000][6][gc,phases   ] GC(4)   Other: 0.1ms
[2022-06-28T06:55:38.199+0000][6][gc,age      ] GC(4) Age table with threshold 3 (max threshold 15)
[2022-06-28T06:55:38.199+0000][6][gc,age      ] GC(4) - age   1:    1612256 bytes,    1612256 total
[2022-06-28T06:55:38.199+0000][6][gc,age      ] GC(4) - age   2:     964408 bytes,    2576664 total
[2022-06-28T06:55:38.199+0000][6][gc,age      ] GC(4) - age   3:     527920 bytes,    3104584 total
[2022-06-28T06:55:38.199+0000][6][gc,heap     ] GC(4) Eden regions: 3->0(4)
[2022-06-28T06:55:38.199+0000][6][gc,heap     ] GC(4) Survivor regions: 1->1(1)
[2022-06-28T06:55:38.199+0000][6][gc,heap     ] GC(4) Old regions: 1->1
[2022-06-28T06:55:38.199+0000][6][gc,heap     ] GC(4) Archive regions: 2->2
[2022-06-28T06:55:38.199+0000][6][gc,heap     ] GC(4) Humongous regions: 0->0
[2022-06-28T06:55:38.199+0000][6][gc,metaspace] GC(4) Metaspace: 13245K(13568K)->13245K(13568K) NonClass: 11687K(11840K)->11687K(11840K) Class: 1558K(1728K)->1558K(1728K)
[2022-06-28T06:55:38.199+0000][6][gc          ] GC(4) Pause Young (Normal) (G1 Evacuation Pause) 21M->10M(256M) 32.127ms
[2022-06-28T06:55:38.199+0000][6][gc,cpu      ] GC(4) User=0.02s Sys=0.00s Real=0.03s
[2022-06-28T06:55:38.199+0000][6][safepoint   ] Safepoint "G1CollectForAllocation", Time since last: 979177366 ns, Reaching safepoint: 112791 ns, At safepoint: 32174904 ns, Total: 32287695 ns
[2022-06-28T06:55:39.203+0000][6][safepoint   ] Safepoint "Cleanup", Time since last: 1003700812 ns, Reaching safepoint: 175885 ns, At safepoint: 5676 ns, Total: 181561 ns
[2022-06-28T06:55:39.227+0000][6][gc,start    ] GC(5) Pause Young (Normal) (G1 Evacuation Pause)
[2022-06-28T06:55:39.227+0000][6][gc,task     ] GC(5) Using 1 workers of 1 for evacuation
[2022-06-28T06:55:39.227+0000][6][gc,age      ] GC(5) Desired survivor size 2097152 bytes, new threshold 2 (max threshold 15)
[2022-06-28T06:55:39.238+0000][6][gc,phases   ] GC(5)   Pre Evacuate Collection Set: 0.0ms
[2022-06-28T06:55:39.238+0000][6][gc,phases   ] GC(5)   Merge Heap Roots: 0.0ms
[2022-06-28T06:55:39.238+0000][6][gc,phases   ] GC(5)   Evacuate Collection Set: 10.4ms
[2022-06-28T06:55:39.238+0000][6][gc,phases   ] GC(5)   Post Evacuate Collection Set: 0.7ms
[2022-06-28T06:55:39.238+0000][6][gc,phases   ] GC(5)   Other: 0.1ms
[2022-06-28T06:55:39.238+0000][6][gc,age      ] GC(5) Age table with threshold 2 (max threshold 15)
[2022-06-28T06:55:39.238+0000][6][gc,age      ] GC(5) - age   1:     521072 bytes,     521072 total
[2022-06-28T06:55:39.238+0000][6][gc,age      ] GC(5) - age   2:     996912 bytes,    1517984 total
[2022-06-28T06:55:39.238+0000][6][gc,heap     ] GC(5) Eden regions: 4->0(37)
[2022-06-28T06:55:39.238+0000][6][gc,heap     ] GC(5) Survivor regions: 1->1(1)
[2022-06-28T06:55:39.238+0000][6][gc,heap     ] GC(5) Old regions: 1->2
[2022-06-28T06:55:39.238+0000][6][gc,heap     ] GC(5) Archive regions: 2->2
[2022-06-28T06:55:39.238+0000][6][gc,heap     ] GC(5) Humongous regions: 0->0
[2022-06-28T06:55:39.238+0000][6][gc,metaspace] GC(5) Metaspace: 14828K(15168K)->14828K(15168K) NonClass: 13121K(13312K)->13121K(13312K) Class: 1706K(1856K)->1706K(1856K)
[2022-06-28T06:55:39.238+0000][6][gc          ] GC(5) Pause Young (Normal) (G1 Evacuation Pause) 26M->10M(256M) 11.403ms
[2022-06-28T06:55:39.238+0000][6][gc,cpu      ] GC(5) User=0.01s Sys=0.00s Real=0.01s
[2022-06-28T06:55:39.238+0000][6][safepoint   ] Safepoint "G1CollectForAllocation", Time since last: 23839228 ns, Reaching safepoint: 25681 ns, At safepoint: 11445244 ns, Total: 11470925 ns
[2022-06-28T06:55:40.241+0000][6][safepoint   ] Safepoint "Cleanup", Time since last: 1003123723 ns, Reaching safepoint: 43969 ns, At safepoint: 3920 ns, Total: 47889 ns
[2022-06-28T06:55:41.322+0000][6][safepoint   ] Safepoint "Cleanup", Time since last: 1080491330 ns, Reaching safepoint: 180235 ns, At safepoint: 5582 ns, Total: 185817 ns
[2022-06-28T06:55:42.385+0000][6][gc,start    ] GC(6) Pause Young (Normal) (G1 Evacuation Pause)
[2022-06-28T06:55:42.385+0000][6][gc,task     ] GC(6) Using 1 workers of 1 for evacuation
[2022-06-28T06:55:42.385+0000][6][gc,age      ] GC(6) Desired survivor size 10485760 bytes, new threshold 15 (max threshold 15)
[2022-06-28T06:55:42.406+0000][6][gc,phases   ] GC(6)   Pre Evacuate Collection Set: 0.0ms
[2022-06-28T06:55:42.406+0000][6][gc,phases   ] GC(6)   Merge Heap Roots: 0.0ms
[2022-06-28T06:55:42.406+0000][6][gc,phases   ] GC(6)   Evacuate Collection Set: 20.5ms
[2022-06-28T06:55:42.406+0000][6][gc,phases   ] GC(6)   Post Evacuate Collection Set: 0.8ms
[2022-06-28T06:55:42.406+0000][6][gc,phases   ] GC(6)   Other: 0.1ms
[2022-06-28T06:55:42.406+0000][6][gc,age      ] GC(6) Age table with threshold 15 (max threshold 15)
[2022-06-28T06:55:42.406+0000][6][gc,age      ] GC(6) - age   1:    3612928 bytes,    3612928 total
[2022-06-28T06:55:42.406+0000][6][gc,age      ] GC(6) - age   2:     456216 bytes,    4069144 total
[2022-06-28T06:55:42.406+0000][6][gc,age      ] GC(6) - age   3:     996512 bytes,    5065656 total
[2022-06-28T06:55:42.406+0000][6][gc,heap     ] GC(6) Eden regions: 37->0(36)
[2022-06-28T06:55:42.406+0000][6][gc,heap     ] GC(6) Survivor regions: 1->2(5)
[2022-06-28T06:55:42.406+0000][6][gc,heap     ] GC(6) Old regions: 2->2
[2022-06-28T06:55:42.406+0000][6][gc,heap     ] GC(6) Archive regions: 2->2
[2022-06-28T06:55:42.406+0000][6][gc,heap     ] GC(6) Humongous regions: 0->0
[2022-06-28T06:55:42.406+0000][6][gc,metaspace] GC(6) Metaspace: 17595K(17984K)->17595K(17984K) NonClass: 15588K(15808K)->15588K(15808K) Class: 2007K(2176K)->2007K(2176K)
[2022-06-28T06:55:42.406+0000][6][gc          ] GC(6) Pause Young (Normal) (G1 Evacuation Pause) 158M->14M(256M) 21.732ms
[2022-06-28T06:55:42.406+0000][6][gc,cpu      ] GC(6) User=0.01s Sys=0.00s Real=0.02s
[2022-06-28T06:55:42.406+0000][6][safepoint   ] Safepoint "G1CollectForAllocation", Time since last: 1062742053 ns, Reaching safepoint: 72686 ns, At safepoint: 21775159 ns, Total: 21847845 ns
[2022-06-28T06:55:43.413+0000][6][safepoint   ] Safepoint "Cleanup", Time since last: 1003906966 ns, Reaching safepoint: 2288390 ns, At safepoint: 6551 ns, Total: 2294941 ns
[2022-06-28T06:55:43.687+0000][6][gc,start    ] GC(7) Pause Young (Normal) (G1 Evacuation Pause)
[2022-06-28T06:55:43.687+0000][6][gc,task     ] GC(7) Using 1 workers of 1 for evacuation
[2022-06-28T06:55:43.687+0000][6][gc,age      ] GC(7) Desired survivor size 10485760 bytes, new threshold 15 (max threshold 15)
[2022-06-28T06:55:43.719+0000][6][gc,phases   ] GC(7)   Pre Evacuate Collection Set: 0.0ms
[2022-06-28T06:55:43.719+0000][6][gc,phases   ] GC(7)   Merge Heap Roots: 0.0ms
[2022-06-28T06:55:43.719+0000][6][gc,phases   ] GC(7)   Evacuate Collection Set: 26.3ms
[2022-06-28T06:55:43.719+0000][6][gc,phases   ] GC(7)   Post Evacuate Collection Set: 5.5ms
[2022-06-28T06:55:43.719+0000][6][gc,phases   ] GC(7)   Other: 0.1ms
[2022-06-28T06:55:43.719+0000][6][gc,age      ] GC(7) Age table with threshold 15 (max threshold 15)
[2022-06-28T06:55:43.719+0000][6][gc,age      ] GC(7) - age   1:    2066688 bytes,    2066688 total
[2022-06-28T06:55:43.719+0000][6][gc,age      ] GC(7) - age   2:    3532192 bytes,    5598880 total
[2022-06-28T06:55:43.719+0000][6][gc,age      ] GC(7) - age   3:     456016 bytes,    6054896 total
[2022-06-28T06:55:43.719+0000][6][gc,age      ] GC(7) - age   4:     996400 bytes,    7051296 total
[2022-06-28T06:55:43.719+0000][6][gc,heap     ] GC(7) Eden regions: 36->0(36)
[2022-06-28T06:55:43.719+0000][6][gc,heap     ] GC(7) Survivor regions: 2->2(5)
[2022-06-28T06:55:43.719+0000][6][gc,heap     ] GC(7) Old regions: 2->2
[2022-06-28T06:55:43.719+0000][6][gc,heap     ] GC(7) Archive regions: 2->2
[2022-06-28T06:55:43.719+0000][6][gc,heap     ] GC(7) Humongous regions: 0->0
[2022-06-28T06:55:43.719+0000][6][gc,metaspace] GC(7) Metaspace: 18448K(18880K)->18448K(18880K) NonClass: 16277K(16512K)->16277K(16512K) Class: 2171K(2368K)->2171K(2368K)
[2022-06-28T06:55:43.719+0000][6][gc          ] GC(7) Pause Young (Normal) (G1 Evacuation Pause) 158M->16M(256M) 32.159ms
[2022-06-28T06:55:43.719+0000][6][gc,cpu      ] GC(7) User=0.02s Sys=0.00s Real=0.03s
[2022-06-28T06:55:43.719+0000][6][safepoint   ] Safepoint "G1CollectForAllocation", Time since last: 273866373 ns, Reaching safepoint: 28033 ns, At safepoint: 32204696 ns, Total: 32232729 ns
[2022-06-28T06:55:44.721+0000][6][gc,start    ] GC(8) Pause Young (Normal) (G1 Evacuation Pause)
[2022-06-28T06:55:44.721+0000][6][gc,task     ] GC(8) Using 1 workers of 1 for evacuation
[2022-06-28T06:55:44.721+0000][6][gc,age      ] GC(8) Desired survivor size 10485760 bytes, new threshold 15 (max threshold 15)
[2022-06-28T06:55:44.753+0000][6][gc,phases   ] GC(8)   Pre Evacuate Collection Set: 0.0ms
[2022-06-28T06:55:44.753+0000][6][gc,phases   ] GC(8)   Merge Heap Roots: 0.0ms
[2022-06-28T06:55:44.753+0000][6][gc,phases   ] GC(8)   Evacuate Collection Set: 31.1ms
[2022-06-28T06:55:44.753+0000][6][gc,phases   ] GC(8)   Post Evacuate Collection Set: 0.6ms
[2022-06-28T06:55:44.753+0000][6][gc,phases   ] GC(8)   Other: 0.1ms
[2022-06-28T06:55:44.753+0000][6][gc,age      ] GC(8) Age table with threshold 15 (max threshold 15)
[2022-06-28T06:55:44.753+0000][6][gc,age      ] GC(8) - age   1:    3264624 bytes,    3264624 total
[2022-06-28T06:55:44.753+0000][6][gc,age      ] GC(8) - age   2:    1365248 bytes,    4629872 total
[2022-06-28T06:55:44.753+0000][6][gc,age      ] GC(8) - age   3:    3531352 bytes,    8161224 total
[2022-06-28T06:55:44.753+0000][6][gc,age      ] GC(8) - age   4:     456016 bytes,    8617240 total
[2022-06-28T06:55:44.753+0000][6][gc,age      ] GC(8) - age   5:     996400 bytes,    9613640 total
[2022-06-28T06:55:44.753+0000][6][gc,heap     ] GC(8) Eden regions: 36->0(35)
[2022-06-28T06:55:44.753+0000][6][gc,heap     ] GC(8) Survivor regions: 2->3(5)
[2022-06-28T06:55:44.753+0000][6][gc,heap     ] GC(8) Old regions: 2->2
[2022-06-28T06:55:44.753+0000][6][gc,heap     ] GC(8) Archive regions: 2->2
[2022-06-28T06:55:44.753+0000][6][gc,heap     ] GC(8) Humongous regions: 0->0
[2022-06-28T06:55:44.753+0000][6][gc,metaspace] GC(8) Metaspace: 18890K(19264K)->18890K(19264K) NonClass: 16679K(16896K)->16679K(16896K) Class: 2211K(2368K)->2211K(2368K)
[2022-06-28T06:55:44.753+0000][6][gc          ] GC(8) Pause Young (Normal) (G1 Evacuation Pause) 160M->19M(256M) 32.051ms
[2022-06-28T06:55:44.753+0000][6][gc,cpu      ] GC(8) User=0.01s Sys=0.00s Real=0.03s
[2022-06-28T06:55:44.753+0000][6][safepoint   ] Safepoint "G1CollectForAllocation", Time since last: 1002004220 ns, Reaching safepoint: 36078 ns, At safepoint: 32095628 ns, Total: 32131706 ns
[2022-06-28T06:55:45.755+0000][6][safepoint   ] Safepoint "Cleanup", Time since last: 1001626559 ns, Reaching safepoint: 163468 ns, At safepoint: 5350 ns, Total: 168818 ns
[2022-06-28T06:55:45.895+0000][6][gc,start    ] GC(9) Pause Young (Normal) (G1 Evacuation Pause)
[2022-06-28T06:55:45.895+0000][6][gc,task     ] GC(9) Using 1 workers of 1 for evacuation
[2022-06-28T06:55:45.895+0000][6][gc,age      ] GC(9) Desired survivor size 10485760 bytes, new threshold 15 (max threshold 15)
[2022-06-28T06:55:45.939+0000][6][gc,phases   ] GC(9)   Pre Evacuate Collection Set: 0.0ms
[2022-06-28T06:55:45.939+0000][6][gc,phases   ] GC(9)   Merge Heap Roots: 0.0ms
[2022-06-28T06:55:45.939+0000][6][gc,phases   ] GC(9)   Evacuate Collection Set: 31.0ms
[2022-06-28T06:55:45.939+0000][6][gc,phases   ] GC(9)   Post Evacuate Collection Set: 12.5ms
[2022-06-28T06:55:45.939+0000][6][gc,phases   ] GC(9)   Other: 0.1ms
[2022-06-28T06:55:45.939+0000][6][gc,age      ] GC(9) Age table with threshold 15 (max threshold 15)
[2022-06-28T06:55:45.939+0000][6][gc,age      ] GC(9) - age   1:    2037320 bytes,    2037320 total
[2022-06-28T06:55:45.939+0000][6][gc,age      ] GC(9) - age   2:    2464128 bytes,    4501448 total
[2022-06-28T06:55:45.939+0000][6][gc,age      ] GC(9) - age   3:    1365248 bytes,    5866696 total
[2022-06-28T06:55:45.939+0000][6][gc,age      ] GC(9) - age   4:    3531304 bytes,    9398000 total
[2022-06-28T06:55:45.939+0000][6][gc,age      ] GC(9) - age   5:     456016 bytes,    9854016 total
[2022-06-28T06:55:45.939+0000][6][gc,age      ] GC(9) - age   6:     996256 bytes,   10850272 total
[2022-06-28T06:55:45.939+0000][6][gc,heap     ] GC(9) Eden regions: 35->0(35)
[2022-06-28T06:55:45.939+0000][6][gc,heap     ] GC(9) Survivor regions: 3->3(5)
[2022-06-28T06:55:45.939+0000][6][gc,heap     ] GC(9) Old regions: 2->2
[2022-06-28T06:55:45.939+0000][6][gc,heap     ] GC(9) Archive regions: 2->2
[2022-06-28T06:55:45.939+0000][6][gc,heap     ] GC(9) Humongous regions: 0->0
[2022-06-28T06:55:45.939+0000][6][gc,metaspace] GC(9) Metaspace: 19446K(19968K)->19446K(19968K) NonClass: 17161K(17472K)->17161K(17472K) Class: 2285K(2496K)->2285K(2496K)
[2022-06-28T06:55:45.939+0000][6][gc          ] GC(9) Pause Young (Normal) (G1 Evacuation Pause) 159M->20M(256M) 43.923ms
[2022-06-28T06:55:45.939+0000][6][gc,cpu      ] GC(9) User=0.02s Sys=0.00s Real=0.04s
[2022-06-28T06:55:45.939+0000][6][safepoint   ] Safepoint "G1CollectForAllocation", Time since last: 140565398 ns, Reaching safepoint: 26164 ns, At safepoint: 43968308 ns, Total: 43994472 ns
[2022-06-28T06:55:46.887+0000][6][gc,start    ] GC(10) Pause Young (Normal) (G1 Evacuation Pause)
[2022-06-28T06:55:46.887+0000][6][gc,task     ] GC(10) Using 1 workers of 1 for evacuation
[2022-06-28T06:55:46.887+0000][6][gc,age      ] GC(10) Desired survivor size 10485760 bytes, new threshold 6 (max threshold 15)
[2022-06-28T06:55:46.928+0000][6][gc,phases   ] GC(10)   Pre Evacuate Collection Set: 0.0ms
[2022-06-28T06:55:46.928+0000][6][gc,phases   ] GC(10)   Merge Heap Roots: 0.0ms
[2022-06-28T06:55:46.928+0000][6][gc,phases   ] GC(10)   Evacuate Collection Set: 40.4ms
[2022-06-28T06:55:46.928+0000][6][gc,phases   ] GC(10)   Post Evacuate Collection Set: 0.6ms
[2022-06-28T06:55:46.928+0000][6][gc,phases   ] GC(10)   Other: 0.1ms
[2022-06-28T06:55:46.928+0000][6][gc,age      ] GC(10) Age table with threshold 6 (max threshold 15)
[2022-06-28T06:55:46.928+0000][6][gc,age      ] GC(10) - age   1:    1174008 bytes,    1174008 total
[2022-06-28T06:55:46.928+0000][6][gc,age      ] GC(10) - age   2:    1028552 bytes,    2202560 total
[2022-06-28T06:55:46.928+0000][6][gc,age      ] GC(10) - age   3:    2464128 bytes,    4666688 total
[2022-06-28T06:55:46.928+0000][6][gc,age      ] GC(10) - age   4:    1364304 bytes,    6030992 total
[2022-06-28T06:55:46.928+0000][6][gc,age      ] GC(10) - age   5:    3530888 bytes,    9561880 total
[2022-06-28T06:55:46.928+0000][6][gc,age      ] GC(10) - age   6:     455952 bytes,   10017832 total
[2022-06-28T06:55:46.928+0000][6][gc,heap     ] GC(10) Eden regions: 35->0(35)
[2022-06-28T06:55:46.928+0000][6][gc,heap     ] GC(10) Survivor regions: 3->3(5)
[2022-06-28T06:55:46.928+0000][6][gc,heap     ] GC(10) Old regions: 2->2
[2022-06-28T06:55:46.928+0000][6][gc,heap     ] GC(10) Archive regions: 2->2
[2022-06-28T06:55:46.928+0000][6][gc,heap     ] GC(10) Humongous regions: 0->0
[2022-06-28T06:55:46.928+0000][6][gc,metaspace] GC(10) Metaspace: 19784K(20288K)->19784K(20288K) NonClass: 17444K(17728K)->17444K(17728K) Class: 2339K(2560K)->2339K(2560K)
[2022-06-28T06:55:46.928+0000][6][gc          ] GC(10) Pause Young (Normal) (G1 Evacuation Pause) 160M->20M(256M) 41.435ms
[2022-06-28T06:55:46.928+0000][6][gc,cpu      ] GC(10) User=0.02s Sys=0.00s Real=0.04s
[2022-06-28T06:55:46.928+0000][6][safepoint   ] Safepoint "G1CollectForAllocation", Time since last: 947703623 ns, Reaching safepoint: 42935 ns, At safepoint: 41481210 ns, Total: 41524145 ns
[2022-06-28T06:55:48.102+0000][6][gc,start    ] GC(11) Pause Young (Normal) (G1 Evacuation Pause)
[2022-06-28T06:55:48.102+0000][6][gc,task     ] GC(11) Using 1 workers of 1 for evacuation
[2022-06-28T06:55:48.102+0000][6][gc,age      ] GC(11) Desired survivor size 10485760 bytes, new threshold 15 (max threshold 15)
[2022-06-28T06:55:48.135+0000][6][gc,phases   ] GC(11)   Pre Evacuate Collection Set: 0.0ms
[2022-06-28T06:55:48.135+0000][6][gc,phases   ] GC(11)   Merge Heap Roots: 0.0ms
[2022-06-28T06:55:48.135+0000][6][gc,phases   ] GC(11)   Evacuate Collection Set: 28.5ms
[2022-06-28T06:55:48.135+0000][6][gc,phases   ] GC(11)   Post Evacuate Collection Set: 4.2ms
[2022-06-28T06:55:48.135+0000][6][gc,phases   ] GC(11)   Other: 0.1ms
[2022-06-28T06:55:48.135+0000][6][gc,age      ] GC(11) Age table with threshold 15 (max threshold 15)
[2022-06-28T06:55:48.135+0000][6][gc,age      ] GC(11) - age   1:    2212600 bytes,    2212600 total
[2022-06-28T06:55:48.135+0000][6][gc,age      ] GC(11) - age   2:     289880 bytes,    2502480 total
[2022-06-28T06:55:48.135+0000][6][gc,age      ] GC(11) - age   3:    1028520 bytes,    3531000 total
[2022-06-28T06:55:48.135+0000][6][gc,age      ] GC(11) - age   4:    2463056 bytes,    5994056 total
[2022-06-28T06:55:48.135+0000][6][gc,age      ] GC(11) - age   5:    1361448 bytes,    7355504 total
[2022-06-28T06:55:48.135+0000][6][gc,age      ] GC(11) - age   6:    3529672 bytes,   10885176 total
[2022-06-28T06:55:48.135+0000][6][gc,age      ] GC(11) - age   7:     455304 bytes,   11340480 total
[2022-06-28T06:55:48.135+0000][6][gc,heap     ] GC(11) Eden regions: 35->0(35)
[2022-06-28T06:55:48.135+0000][6][gc,heap     ] GC(11) Survivor regions: 3->3(5)
[2022-06-28T06:55:48.135+0000][6][gc,heap     ] GC(11) Old regions: 2->2
[2022-06-28T06:55:48.135+0000][6][gc,heap     ] GC(11) Archive regions: 2->2
[2022-06-28T06:55:48.135+0000][6][gc,heap     ] GC(11) Humongous regions: 0->0
[2022-06-28T06:55:48.135+0000][6][gc,metaspace] GC(11) Metaspace: 20671K(21184K)->20671K(21184K) NonClass: 18220K(18560K)->18220K(18560K) Class: 2450K(2624K)->2450K(2624K)
[2022-06-28T06:55:48.135+0000][6][gc          ] GC(11) Pause Young (Normal) (G1 Evacuation Pause) 160M->22M(256M) 33.134ms
[2022-06-28T06:55:48.135+0000][6][gc,cpu      ] GC(11) User=0.01s Sys=0.00s Real=0.04s
[2022-06-28T06:55:48.135+0000][6][safepoint   ] Safepoint "G1CollectForAllocation", Time since last: 1173222053 ns, Reaching safepoint: 114082 ns, At safepoint: 33183155 ns, Total: 33297237 ns
[2022-06-28T06:55:49.001+0000][6][gc,start    ] GC(12) Pause Young (Normal) (G1 Evacuation Pause)
[2022-06-28T06:55:49.001+0000][6][gc,task     ] GC(12) Using 1 workers of 1 for evacuation
[2022-06-28T06:55:49.001+0000][6][gc,age      ] GC(12) Desired survivor size 10485760 bytes, new threshold 6 (max threshold 15)
[2022-06-28T06:55:49.068+0000][6][gc,phases   ] GC(12)   Pre Evacuate Collection Set: 1.7ms
[2022-06-28T06:55:49.068+0000][6][gc,phases   ] GC(12)   Merge Heap Roots: 0.0ms
[2022-06-28T06:55:49.068+0000][6][gc,phases   ] GC(12)   Evacuate Collection Set: 65.1ms
[2022-06-28T06:55:49.068+0000][6][gc,phases   ] GC(12)   Post Evacuate Collection Set: 0.7ms
[2022-06-28T06:55:49.068+0000][6][gc,phases   ] GC(12)   Other: 0.1ms
[2022-06-28T06:55:49.068+0000][6][gc,age      ] GC(12) Age table with threshold 6 (max threshold 15)
[2022-06-28T06:55:49.069+0000][6][gc,age      ] GC(12) - age   1:    2402752 bytes,    2402752 total
[2022-06-28T06:55:49.069+0000][6][gc,age      ] GC(12) - age   2:    1618048 bytes,    4020800 total
[2022-06-28T06:55:49.069+0000][6][gc,age      ] GC(12) - age   3:     288344 bytes,    4309144 total
[2022-06-28T06:55:49.069+0000][6][gc,age      ] GC(12) - age   4:    1028520 bytes,    5337664 total
[2022-06-28T06:55:49.069+0000][6][gc,age      ] GC(12) - age   5:    2462992 bytes,    7800656 total
[2022-06-28T06:55:49.069+0000][6][gc,age      ] GC(12) - age   6:    1361320 bytes,    9161976 total
[2022-06-28T06:55:49.069+0000][6][gc,heap     ] GC(12) Eden regions: 35->0(35)
[2022-06-28T06:55:49.069+0000][6][gc,heap     ] GC(12) Survivor regions: 3->3(5)
[2022-06-28T06:55:49.069+0000][6][gc,heap     ] GC(12) Old regions: 2->3
[2022-06-28T06:55:49.069+0000][6][gc,heap     ] GC(12) Archive regions: 2->2
[2022-06-28T06:55:49.069+0000][6][gc,heap     ] GC(12) Humongous regions: 0->0
[2022-06-28T06:55:49.069+0000][6][gc,metaspace] GC(12) Metaspace: 20947K(21504K)->20947K(21504K) NonClass: 18456K(18816K)->18456K(18816K) Class: 2491K(2688K)->2491K(2688K)
[2022-06-28T06:55:49.069+0000][6][gc          ] GC(12) Pause Young (Normal) (G1 Evacuation Pause) 162M->24M(256M) 67.919ms
[2022-06-28T06:55:49.069+0000][6][gc,cpu      ] GC(12) User=0.03s Sys=0.00s Real=0.07s
[2022-06-28T06:55:49.069+0000][6][safepoint   ] Safepoint "G1CollectForAllocation", Time since last: 865665541 ns, Reaching safepoint: 39249 ns, At safepoint: 67965203 ns, Total: 68004452 ns
[2022-06-28T06:55:49.399+0000][6][gc,start    ] GC(13) Pause Young (Concurrent Start) (Metadata GC Threshold)
[2022-06-28T06:55:49.399+0000][6][gc,task     ] GC(13) Using 1 workers of 1 for evacuation
[2022-06-28T06:55:49.399+0000][6][gc,age      ] GC(13) Desired survivor size 10485760 bytes, new threshold 15 (max threshold 15)
[2022-06-28T06:55:49.415+0000][6][gc,phases   ] GC(13)   Pre Evacuate Collection Set: 0.1ms
[2022-06-28T06:55:49.415+0000][6][gc,phases   ] GC(13)   Merge Heap Roots: 0.0ms
[2022-06-28T06:55:49.415+0000][6][gc,phases   ] GC(13)   Evacuate Collection Set: 7.7ms
[2022-06-28T06:55:49.415+0000][6][gc,phases   ] GC(13)   Post Evacuate Collection Set: 8.3ms
[2022-06-28T06:55:49.415+0000][6][gc,phases   ] GC(13)   Other: 0.1ms
[2022-06-28T06:55:49.415+0000][6][gc,age      ] GC(13) Age table with threshold 15 (max threshold 15)
[2022-06-28T06:55:49.415+0000][6][gc,age      ] GC(13) - age   1:     198032 bytes,     198032 total
[2022-06-28T06:55:49.415+0000][6][gc,age      ] GC(13) - age   2:     583360 bytes,     781392 total
[2022-06-28T06:55:49.415+0000][6][gc,age      ] GC(13) - age   3:    1618048 bytes,    2399440 total
[2022-06-28T06:55:49.415+0000][6][gc,age      ] GC(13) - age   4:     288128 bytes,    2687568 total
[2022-06-28T06:55:49.415+0000][6][gc,age      ] GC(13) - age   5:    1027976 bytes,    3715544 total
[2022-06-28T06:55:49.415+0000][6][gc,age      ] GC(13) - age   6:    2462992 bytes,    6178536 total
[2022-06-28T06:55:49.415+0000][6][gc,age      ] GC(13) - age   7:    1361320 bytes,    7539856 total
[2022-06-28T06:55:49.415+0000][6][gc,heap     ] GC(13) Eden regions: 14->0(36)
[2022-06-28T06:55:49.415+0000][6][gc,heap     ] GC(13) Survivor regions: 3->2(5)
[2022-06-28T06:55:49.415+0000][6][gc,heap     ] GC(13) Old regions: 3->3
[2022-06-28T06:55:49.415+0000][6][gc,heap     ] GC(13) Archive regions: 2->2
[2022-06-28T06:55:49.415+0000][6][gc,heap     ] GC(13) Humongous regions: 0->0
[2022-06-28T06:55:49.415+0000][6][gc,metaspace] GC(13) Metaspace: 21005K(21504K)->21005K(21504K) NonClass: 18507K(18816K)->18507K(18816K) Class: 2497K(2688K)->2497K(2688K)
[2022-06-28T06:55:49.415+0000][6][gc          ] GC(13) Pause Young (Concurrent Start) (Metadata GC Threshold) 80M->21M(256M) 16.474ms
[2022-06-28T06:55:49.415+0000][6][gc,cpu      ] GC(13) User=0.01s Sys=0.00s Real=0.02s
[2022-06-28T06:55:49.415+0000][6][safepoint   ] Safepoint "CollectForMetadataAllocation", Time since last: 329859156 ns, Reaching safepoint: 24559 ns, At safepoint: 16591705 ns, Total: 16616264 ns
[2022-06-28T06:55:49.416+0000][6][gc          ] GC(14) Concurrent Mark Cycle
[2022-06-28T06:55:49.416+0000][6][gc,marking  ] GC(14) Concurrent Clear Claimed Marks
[2022-06-28T06:55:49.416+0000][6][gc,marking  ] GC(14) Concurrent Clear Claimed Marks 0.030ms
[2022-06-28T06:55:49.416+0000][6][gc,marking  ] GC(14) Concurrent Scan Root Regions
[2022-06-28T06:55:49.424+0000][6][gc,marking  ] GC(14) Concurrent Scan Root Regions 8.465ms
[2022-06-28T06:55:49.424+0000][6][gc,marking  ] GC(14) Concurrent Mark
[2022-06-28T06:55:49.424+0000][6][gc,marking  ] GC(14) Concurrent Mark From Roots
[2022-06-28T06:55:49.424+0000][6][gc,task     ] GC(14) Using 1 workers of 1 for marking
[2022-06-28T06:55:49.503+0000][6][gc,marking  ] GC(14) Concurrent Mark From Roots 78.358ms
[2022-06-28T06:55:49.503+0000][6][gc,marking  ] GC(14) Concurrent Preclean
[2022-06-28T06:55:49.503+0000][6][gc,marking  ] GC(14) Concurrent Preclean 0.051ms
[2022-06-28T06:55:49.506+0000][6][gc,start    ] GC(14) Pause Remark
[2022-06-28T06:55:49.519+0000][6][gc          ] GC(14) Pause Remark 33M->33M(256M) 13.445ms
[2022-06-28T06:55:49.519+0000][6][gc,cpu      ] GC(14) User=0.00s Sys=0.00s Real=0.02s
[2022-06-28T06:55:49.519+0000][6][safepoint   ] Safepoint "G1Concurrent", Time since last: 87507725 ns, Reaching safepoint: 3214778 ns, At safepoint: 13516378 ns, Total: 16731156 ns
[2022-06-28T06:55:49.519+0000][6][gc,marking  ] GC(14) Concurrent Mark 95.255ms
[2022-06-28T06:55:49.519+0000][6][gc,marking  ] GC(14) Concurrent Rebuild Remembered Sets
[2022-06-28T06:55:49.553+0000][6][gc,marking  ] GC(14) Concurrent Rebuild Remembered Sets 34.048ms
[2022-06-28T06:55:49.554+0000][6][gc,start    ] GC(14) Pause Cleanup
[2022-06-28T06:55:49.554+0000][6][gc          ] GC(14) Pause Cleanup 39M->39M(256M) 0.046ms
[2022-06-28T06:55:49.554+0000][6][gc,cpu      ] GC(14) User=0.00s Sys=0.00s Real=0.00s
[2022-06-28T06:55:49.554+0000][6][safepoint   ] Safepoint "G1Concurrent", Time since last: 34147095 ns, Reaching safepoint: 141796 ns, At safepoint: 78835 ns, Total: 220631 ns
[2022-06-28T06:55:49.554+0000][6][gc,marking  ] GC(14) Concurrent Cleanup for Next Mark
[2022-06-28T06:55:49.568+0000][6][gc,marking  ] GC(14) Concurrent Cleanup for Next Mark 14.207ms
[2022-06-28T06:55:49.568+0000][6][gc          ] GC(14) Concurrent Mark Cycle 152.430ms
[2022-06-28T06:55:50.267+0000][6][gc,start    ] GC(15) Pause Young (Normal) (G1 Evacuation Pause)
[2022-06-28T06:55:50.267+0000][6][gc,task     ] GC(15) Using 1 workers of 1 for evacuation
[2022-06-28T06:55:50.267+0000][6][gc,age      ] GC(15) Desired survivor size 10485760 bytes, new threshold 15 (max threshold 15)
[2022-06-28T06:55:50.286+0000][6][gc,phases   ] GC(15)   Pre Evacuate Collection Set: 0.0ms
[2022-06-28T06:55:50.286+0000][6][gc,phases   ] GC(15)   Merge Heap Roots: 0.1ms
[2022-06-28T06:55:50.286+0000][6][gc,phases   ] GC(15)   Evacuate Collection Set: 18.8ms
[2022-06-28T06:55:50.286+0000][6][gc,phases   ] GC(15)   Post Evacuate Collection Set: 0.5ms
[2022-06-28T06:55:50.286+0000][6][gc,phases   ] GC(15)   Other: 0.1ms
[2022-06-28T06:55:50.286+0000][6][gc,age      ] GC(15) Age table with threshold 15 (max threshold 15)
[2022-06-28T06:55:50.286+0000][6][gc,age      ] GC(15) - age   1:    2232232 bytes,    2232232 total
[2022-06-28T06:55:50.286+0000][6][gc,age      ] GC(15) - age   2:     190408 bytes,    2422640 total
[2022-06-28T06:55:50.286+0000][6][gc,age      ] GC(15) - age   3:     583360 bytes,    3006000 total
[2022-06-28T06:55:50.286+0000][6][gc,age      ] GC(15) - age   4:    1618016 bytes,    4624016 total
[2022-06-28T06:55:50.286+0000][6][gc,age      ] GC(15) - age   5:     288064 bytes,    4912080 total
[2022-06-28T06:55:50.286+0000][6][gc,age      ] GC(15) - age   6:    1027976 bytes,    5940056 total
[2022-06-28T06:55:50.286+0000][6][gc,age      ] GC(15) - age   7:    2462720 bytes,    8402776 total
[2022-06-28T06:55:50.286+0000][6][gc,age      ] GC(15) - age   8:    1361224 bytes,    9764000 total
[2022-06-28T06:55:50.286+0000][6][gc,heap     ] GC(15) Eden regions: 36->0(35)
[2022-06-28T06:55:50.286+0000][6][gc,heap     ] GC(15) Survivor regions: 2->3(5)
[2022-06-28T06:55:50.286+0000][6][gc,heap     ] GC(15) Old regions: 3->3
[2022-06-28T06:55:50.286+0000][6][gc,heap     ] GC(15) Archive regions: 2->2
[2022-06-28T06:55:50.286+0000][6][gc,heap     ] GC(15) Humongous regions: 0->0
[2022-06-28T06:55:50.286+0000][6][gc,metaspace] GC(15) Metaspace: 21066K(21696K)->21066K(21696K) NonClass: 18555K(18944K)->18555K(18944K) Class: 2510K(2752K)->2510K(2752K)
[2022-06-28T06:55:50.286+0000][6][gc          ] GC(15) Pause Young (Normal) (G1 Evacuation Pause) 165M->23M(256M) 19.712ms
[2022-06-28T06:55:50.286+0000][6][gc,cpu      ] GC(15) User=0.01s Sys=0.00s Real=0.01s
[2022-06-28T06:55:50.286+0000][6][safepoint   ] Safepoint "G1CollectForAllocation", Time since last: 712778689 ns, Reaching safepoint: 34560 ns, At safepoint: 19753485 ns, Total: 19788045 ns
[2022-06-28T06:55:52.187+0000][6][safepoint   ] Safepoint "Cleanup", Time since last: 1900661077 ns, Reaching safepoint: 230521 ns, At safepoint: 5465 ns, Total: 235986 ns
[2022-06-28T06:55:54.019+0000][6][safepoint   ] Safepoint "Cleanup", Time since last: 1831309730 ns, Reaching safepoint: 349541 ns, At safepoint: 6614 ns, Total: 356155 ns
[2022-06-28T06:55:55.019+0000][6][safepoint   ] Safepoint "Cleanup", Time since last: 1000119091 ns, Reaching safepoint: 159861 ns, At safepoint: 6557 ns, Total: 166418 ns
[2022-06-28T06:55:55.871+0000][6][gc,start    ] GC(16) Pause Young (Normal) (G1 Evacuation Pause)
[2022-06-28T06:55:55.871+0000][6][gc,task     ] GC(16) Using 1 workers of 1 for evacuation
[2022-06-28T06:55:55.871+0000][6][gc,age      ] GC(16) Desired survivor size 10485760 bytes, new threshold 15 (max threshold 15)
[2022-06-28T06:55:55.944+0000][6][gc,phases   ] GC(16)   Pre Evacuate Collection Set: 0.0ms
[2022-06-28T06:55:55.944+0000][6][gc,phases   ] GC(16)   Merge Heap Roots: 0.1ms
[2022-06-28T06:55:55.944+0000][6][gc,phases   ] GC(16)   Evacuate Collection Set: 71.4ms
[2022-06-28T06:55:55.944+0000][6][gc,phases   ] GC(16)   Post Evacuate Collection Set: 1.4ms
[2022-06-28T06:55:55.944+0000][6][gc,phases   ] GC(16)   Other: 0.1ms
[2022-06-28T06:55:55.944+0000][6][gc,age      ] GC(16) Age table with threshold 15 (max threshold 15)
[2022-06-28T06:55:55.944+0000][6][gc,age      ] GC(16) - age   1:   11679984 bytes,   11679984 total
[2022-06-28T06:55:55.944+0000][6][gc,age      ] GC(16) - age   2:     425288 bytes,   12105272 total
[2022-06-28T06:55:55.944+0000][6][gc,age      ] GC(16) - age   3:     189592 bytes,   12294864 total
[2022-06-28T06:55:55.944+0000][6][gc,age      ] GC(16) - age   4:     576488 bytes,   12871352 total
[2022-06-28T06:55:55.944+0000][6][gc,age      ] GC(16) - age   5:    1608088 bytes,   14479440 total
[2022-06-28T06:55:55.944+0000][6][gc,age      ] GC(16) - age   6:     286648 bytes,   14766088 total
[2022-06-28T06:55:55.944+0000][6][gc,age      ] GC(16) - age   7:    1027032 bytes,   15793120 total
[2022-06-28T06:55:55.944+0000][6][gc,age      ] GC(16) - age   8:    2460032 bytes,   18253152 total
[2022-06-28T06:55:55.944+0000][6][gc,age      ] GC(16) - age   9:    1357792 bytes,   19610944 total
[2022-06-28T06:55:55.944+0000][6][gc,heap     ] GC(16) Eden regions: 35->0(33)
[2022-06-28T06:55:55.944+0000][6][gc,heap     ] GC(16) Survivor regions: 3->5(5)
[2022-06-28T06:55:55.944+0000][6][gc,heap     ] GC(16) Old regions: 3->3
[2022-06-28T06:55:55.944+0000][6][gc,heap     ] GC(16) Archive regions: 2->2
[2022-06-28T06:55:55.944+0000][6][gc,heap     ] GC(16) Humongous regions: 0->0
[2022-06-28T06:55:55.944+0000][6][gc,metaspace] GC(16) Metaspace: 30355K(31296K)->30355K(31296K) NonClass: 26611K(27200K)->26611K(27200K) Class: 3743K(4096K)->3743K(4096K)
[2022-06-28T06:55:55.944+0000][6][gc          ] GC(16) Pause Young (Normal) (G1 Evacuation Pause) 163M->33M(256M) 73.273ms
[2022-06-28T06:55:55.944+0000][6][gc,cpu      ] GC(16) User=0.03s Sys=0.00s Real=0.07s
[2022-06-28T06:55:55.944+0000][6][safepoint   ] Safepoint "G1CollectForAllocation", Time since last: 851468143 ns, Reaching safepoint: 41556 ns, At safepoint: 73320368 ns, Total: 73361924 ns
[2022-06-28T06:55:56.947+0000][6][safepoint   ] Safepoint "Cleanup", Time since last: 1000676845 ns, Reaching safepoint: 2253856 ns, At safepoint: 6471 ns, Total: 2260327 ns
[2022-06-28T06:55:58.671+0000][6][safepoint   ] Safepoint "Cleanup", Time since last: 1723589274 ns, Reaching safepoint: 196488 ns, At safepoint: 4899 ns, Total: 201387 ns
[2022-06-28T06:55:59.071+0000][6][gc,start    ] GC(17) Pause Young (Normal) (G1 Evacuation Pause)
[2022-06-28T06:55:59.071+0000][6][gc,task     ] GC(17) Using 1 workers of 1 for evacuation
[2022-06-28T06:55:59.071+0000][6][gc,age      ] GC(17) Desired survivor size 10485760 bytes, new threshold 1 (max threshold 15)
[2022-06-28T06:55:59.188+0000][6][gc,phases   ] GC(17)   Pre Evacuate Collection Set: 0.0ms
[2022-06-28T06:55:59.188+0000][6][gc,phases   ] GC(17)   Merge Heap Roots: 0.0ms
[2022-06-28T06:55:59.188+0000][6][gc,phases   ] GC(17)   Evacuate Collection Set: 115.7ms
[2022-06-28T06:55:59.188+0000][6][gc,phases   ] GC(17)   Post Evacuate Collection Set: 1.0ms
[2022-06-28T06:55:59.188+0000][6][gc,phases   ] GC(17)   Other: 0.1ms
[2022-06-28T06:55:59.188+0000][6][gc,age      ] GC(17) Age table with threshold 1 (max threshold 15)
[2022-06-28T06:55:59.188+0000][6][gc,age      ] GC(17) - age   1:   13288208 bytes,   13288208 total
[2022-06-28T06:55:59.188+0000][6][gc,heap     ] GC(17) Eden regions: 33->0(33)
[2022-06-28T06:55:59.188+0000][6][gc,heap     ] GC(17) Survivor regions: 5->4(5)
[2022-06-28T06:55:59.188+0000][6][gc,heap     ] GC(17) Old regions: 3->8
[2022-06-28T06:55:59.188+0000][6][gc,heap     ] GC(17) Archive regions: 2->2
[2022-06-28T06:55:59.188+0000][6][gc,heap     ] GC(17) Humongous regions: 0->0
[2022-06-28T06:55:59.188+0000][6][gc,metaspace] GC(17) Metaspace: 30654K(31552K)->30654K(31552K) NonClass: 26868K(27392K)->26868K(27392K) Class: 3785K(4160K)->3785K(4160K)
[2022-06-28T06:55:59.188+0000][6][gc          ] GC(17) Pause Young (Normal) (G1 Evacuation Pause) 165M->46M(256M) 117.122ms
[2022-06-28T06:55:59.188+0000][6][gc,cpu      ] GC(17) User=0.06s Sys=0.00s Real=0.12s
[2022-06-28T06:55:59.188+0000][6][safepoint   ] Safepoint "G1CollectForAllocation", Time since last: 399801333 ns, Reaching safepoint: 50849 ns, At safepoint: 117169119 ns, Total: 117219968 ns
[2022-06-28T06:56:00.188+0000][6][safepoint   ] Safepoint "Cleanup", Time since last: 1000100914 ns, Reaching safepoint: 182544 ns, At safepoint: 5156 ns, Total: 187700 ns
[2022-06-28T06:56:01.014+0000][6][gc,start    ] GC(18) Pause Young (Concurrent Start) (Metadata GC Threshold)
[2022-06-28T06:56:01.014+0000][6][gc,task     ] GC(18) Using 1 workers of 1 for evacuation
[2022-06-28T06:56:01.014+0000][6][gc,age      ] GC(18) Desired survivor size 10485760 bytes, new threshold 1 (max threshold 15)
[2022-06-28T06:56:01.134+0000][6][gc,phases   ] GC(18)   Pre Evacuate Collection Set: 0.1ms
[2022-06-28T06:56:01.134+0000][6][gc,phases   ] GC(18)   Merge Heap Roots: 0.1ms
[2022-06-28T06:56:01.134+0000][6][gc,phases   ] GC(18)   Evacuate Collection Set: 116.2ms
[2022-06-28T06:56:01.134+0000][6][gc,phases   ] GC(18)   Post Evacuate Collection Set: 3.7ms
[2022-06-28T06:56:01.134+0000][6][gc,phases   ] GC(18)   Other: 0.1ms
[2022-06-28T06:56:01.134+0000][6][gc,age      ] GC(18) Age table with threshold 1 (max threshold 15)
[2022-06-28T06:56:01.134+0000][6][gc,age      ] GC(18) - age   1:    3476400 bytes,    3476400 total
[2022-06-28T06:56:01.134+0000][6][gc,heap     ] GC(18) Eden regions: 11->0(32)
[2022-06-28T06:56:01.134+0000][6][gc,heap     ] GC(18) Survivor regions: 4->1(5)
[2022-06-28T06:56:01.134+0000][6][gc,heap     ] GC(18) Old regions: 8->11
[2022-06-28T06:56:01.134+0000][6][gc,heap     ] GC(18) Archive regions: 2->2
[2022-06-28T06:56:01.134+0000][6][gc,heap     ] GC(18) Humongous regions: 0->0
[2022-06-28T06:56:01.134+0000][6][gc,metaspace] GC(18) Metaspace: 35050K(35968K)->35050K(35968K) NonClass: 30582K(31104K)->30582K(31104K) Class: 4467K(4864K)->4467K(4864K)
[2022-06-28T06:56:01.134+0000][6][gc          ] GC(18) Pause Young (Concurrent Start) (Metadata GC Threshold) 90M->49M(256M) 120.370ms
[2022-06-28T06:56:01.134+0000][6][gc,cpu      ] GC(18) User=0.06s Sys=0.00s Real=0.12s
[2022-06-28T06:56:01.134+0000][6][safepoint   ] Safepoint "CollectForMetadataAllocation", Time since last: 825730123 ns, Reaching safepoint: 48222 ns, At safepoint: 120490165 ns, Total: 120538387 ns
[2022-06-28T06:56:01.135+0000][6][gc          ] GC(19) Concurrent Mark Cycle
[2022-06-28T06:56:01.135+0000][6][gc,marking  ] GC(19) Concurrent Clear Claimed Marks
[2022-06-28T06:56:01.135+0000][6][gc,marking  ] GC(19) Concurrent Clear Claimed Marks 0.062ms
[2022-06-28T06:56:01.135+0000][6][gc,marking  ] GC(19) Concurrent Scan Root Regions
[2022-06-28T06:56:01.209+0000][6][gc,marking  ] GC(19) Concurrent Scan Root Regions 74.269ms
[2022-06-28T06:56:01.209+0000][6][gc,marking  ] GC(19) Concurrent Mark
[2022-06-28T06:56:01.209+0000][6][gc,marking  ] GC(19) Concurrent Mark From Roots
[2022-06-28T06:56:01.209+0000][6][gc,task     ] GC(19) Using 1 workers of 1 for marking
[2022-06-28T06:56:01.291+0000][6][safepoint   ] Safepoint "CollectForMetadataAllocation", Time since last: 148232192 ns, Reaching safepoint: 8042310 ns, At safepoint: 66351 ns, Total: 8108661 ns
[2022-06-28T06:56:01.410+0000][6][safepoint   ] Safepoint "CollectForMetadataAllocation", Time since last: 118870839 ns, Reaching safepoint: 55925 ns, At safepoint: 73738 ns, Total: 129663 ns
[2022-06-28T06:56:01.474+0000][6][gc,marking  ] GC(19) Concurrent Mark From Roots 264.618ms
[2022-06-28T06:56:01.474+0000][6][gc,marking  ] GC(19) Concurrent Preclean
[2022-06-28T06:56:01.474+0000][6][gc,marking  ] GC(19) Concurrent Preclean 0.115ms
[2022-06-28T06:56:01.474+0000][6][gc,start    ] GC(19) Pause Remark
[2022-06-28T06:56:01.483+0000][6][gc          ] GC(19) Pause Remark 53M->53M(256M) 9.679ms
[2022-06-28T06:56:01.483+0000][6][gc,cpu      ] GC(19) User=0.01s Sys=0.00s Real=0.01s
[2022-06-28T06:56:01.483+0000][6][safepoint   ] Safepoint "G1Concurrent", Time since last: 64113432 ns, Reaching safepoint: 20513 ns, At safepoint: 9741957 ns, Total: 9762470 ns
[2022-06-28T06:56:01.484+0000][6][gc,marking  ] GC(19) Concurrent Mark 274.612ms
[2022-06-28T06:56:01.484+0000][6][gc,marking  ] GC(19) Concurrent Rebuild Remembered Sets
[2022-06-28T06:56:01.685+0000][6][gc,marking  ] GC(19) Concurrent Rebuild Remembered Sets 200.996ms
[2022-06-28T06:56:01.694+0000][6][gc,start    ] GC(19) Pause Cleanup
[2022-06-28T06:56:01.694+0000][6][gc          ] GC(19) Pause Cleanup 55M->55M(256M) 0.072ms
[2022-06-28T06:56:01.694+0000][6][gc,cpu      ] GC(19) User=0.00s Sys=0.00s Real=0.00s
[2022-06-28T06:56:01.694+0000][6][safepoint   ] Safepoint "G1Concurrent", Time since last: 201086709 ns, Reaching safepoint: 9014259 ns, At safepoint: 111505 ns, Total: 9125764 ns
[2022-06-28T06:56:01.694+0000][6][gc,marking  ] GC(19) Concurrent Cleanup for Next Mark
[2022-06-28T06:56:01.694+0000][6][gc,marking  ] GC(19) Concurrent Cleanup for Next Mark 0.655ms
[2022-06-28T06:56:01.694+0000][6][gc          ] GC(19) Concurrent Mark Cycle 559.901ms
[2022-06-28T06:56:02.694+0000][6][safepoint   ] Safepoint "Cleanup", Time since last: 1000098284 ns, Reaching safepoint: 209663 ns, At safepoint: 6014 ns, Total: 215677 ns
[2022-06-28T06:56:04.450+0000][6][safepoint   ] Safepoint "Cleanup", Time since last: 1752480155 ns, Reaching safepoint: 3547507 ns, At safepoint: 7325 ns, Total: 3554832 ns
[2022-06-28T06:56:05.451+0000][6][safepoint   ] Safepoint "Cleanup", Time since last: 1000125138 ns, Reaching safepoint: 490703 ns, At safepoint: 5403 ns, Total: 496106 ns
[2022-06-28T06:56:06.509+0000][6][gc,start    ] GC(20) Pause Young (Normal) (G1 Evacuation Pause)
[2022-06-28T06:56:06.509+0000][6][gc,task     ] GC(20) Using 1 workers of 1 for evacuation
[2022-06-28T06:56:06.509+0000][6][gc,age      ] GC(20) Desired survivor size 10485760 bytes, new threshold 15 (max threshold 15)
[2022-06-28T06:56:06.556+0000][6][gc,phases   ] GC(20)   Pre Evacuate Collection Set: 0.4ms
[2022-06-28T06:56:06.556+0000][6][gc,phases   ] GC(20)   Merge Heap Roots: 0.8ms
[2022-06-28T06:56:06.556+0000][6][gc,phases   ] GC(20)   Evacuate Collection Set: 44.4ms
[2022-06-28T06:56:06.556+0000][6][gc,phases   ] GC(20)   Post Evacuate Collection Set: 1.3ms
[2022-06-28T06:56:06.556+0000][6][gc,phases   ] GC(20)   Other: 0.1ms
[2022-06-28T06:56:06.556+0000][6][gc,age      ] GC(20) Age table with threshold 15 (max threshold 15)
[2022-06-28T06:56:06.556+0000][6][gc,age      ] GC(20) - age   1:    5557824 bytes,    5557824 total
[2022-06-28T06:56:06.556+0000][6][gc,age      ] GC(20) - age   2:    3377656 bytes,    8935480 total
[2022-06-28T06:56:06.556+0000][6][gc,heap     ] GC(20) Eden regions: 32->0(31)
[2022-06-28T06:56:06.556+0000][6][gc,heap     ] GC(20) Survivor regions: 1->3(5)
[2022-06-28T06:56:06.556+0000][6][gc,heap     ] GC(20) Old regions: 11->11
[2022-06-28T06:56:06.556+0000][6][gc,heap     ] GC(20) Archive regions: 2->2
[2022-06-28T06:56:06.556+0000][6][gc,heap     ] GC(20) Humongous regions: 0->0
[2022-06-28T06:56:06.556+0000][6][gc,metaspace] GC(20) Metaspace: 51164K(52352K)->51164K(52352K) NonClass: 44479K(45184K)->44479K(45184K) Class: 6684K(7168K)->6684K(7168K)
[2022-06-28T06:56:06.556+0000][6][gc          ] GC(20) Pause Young (Normal) (G1 Evacuation Pause) 177M->54M(256M) 47.204ms
[2022-06-28T06:56:06.556+0000][6][gc,cpu      ] GC(20) User=0.02s Sys=0.00s Real=0.05s
[2022-06-28T06:56:06.556+0000][6][safepoint   ] Safepoint "G1CollectForAllocation", Time since last: 1058380467 ns, Reaching safepoint: 63955 ns, At safepoint: 47249605 ns, Total: 47313560 ns
[2022-06-28T06:56:07.564+0000][6][safepoint   ] Safepoint "Cleanup", Time since last: 1002135391 ns, Reaching safepoint: 5155861 ns, At safepoint: 7161 ns, Total: 5163022 ns
[2022-06-28T06:56:08.564+0000][6][safepoint   ] Safepoint "Cleanup", Time since last: 1000114793 ns, Reaching safepoint: 288297 ns, At safepoint: 6045 ns, Total: 294342 ns
[2022-06-28T06:56:09.191+0000][6][gc,start    ] GC(21) Pause Young (Normal) (G1 Evacuation Pause)
[2022-06-28T06:56:09.191+0000][6][gc,task     ] GC(21) Using 1 workers of 1 for evacuation
[2022-06-28T06:56:09.191+0000][6][gc,age      ] GC(21) Desired survivor size 10485760 bytes, new threshold 15 (max threshold 15)
[2022-06-28T06:56:09.271+0000][6][gc,phases   ] GC(21)   Pre Evacuate Collection Set: 0.0ms
[2022-06-28T06:56:09.271+0000][6][gc,phases   ] GC(21)   Merge Heap Roots: 0.1ms
[2022-06-28T06:56:09.271+0000][6][gc,phases   ] GC(21)   Evacuate Collection Set: 77.5ms
[2022-06-28T06:56:09.271+0000][6][gc,phases   ] GC(21)   Post Evacuate Collection Set: 2.2ms
[2022-06-28T06:56:09.271+0000][6][gc,phases   ] GC(21)   Other: 0.1ms
[2022-06-28T06:56:09.271+0000][6][gc,age      ] GC(21) Age table with threshold 15 (max threshold 15)
[2022-06-28T06:56:09.271+0000][6][gc,age      ] GC(21) - age   1:     536184 bytes,     536184 total
[2022-06-28T06:56:09.271+0000][6][gc,age      ] GC(21) - age   2:    5331136 bytes,    5867320 total
[2022-06-28T06:56:09.271+0000][6][gc,age      ] GC(21) - age   3:    3375832 bytes,    9243152 total
[2022-06-28T06:56:09.271+0000][6][gc,heap     ] GC(21) Eden regions: 31->0(32)
[2022-06-28T06:56:09.271+0000][6][gc,heap     ] GC(21) Survivor regions: 3->3(5)
[2022-06-28T06:56:09.271+0000][6][gc,heap     ] GC(21) Old regions: 11->11
[2022-06-28T06:56:09.271+0000][6][gc,heap     ] GC(21) Archive regions: 2->2
[2022-06-28T06:56:09.271+0000][6][gc,heap     ] GC(21) Humongous regions: 0->0
[2022-06-28T06:56:09.271+0000][6][gc,metaspace] GC(21) Metaspace: 52028K(53248K)->52028K(53248K) NonClass: 45227K(45952K)->45227K(45952K) Class: 6800K(7296K)->6800K(7296K)
[2022-06-28T06:56:09.271+0000][6][gc          ] GC(21) Pause Young (Normal) (G1 Evacuation Pause) 178M->55M(256M) 80.142ms
[2022-06-28T06:56:09.271+0000][6][gc,cpu      ] GC(21) User=0.04s Sys=0.00s Real=0.08s
[2022-06-28T06:56:09.271+0000][6][safepoint   ] Safepoint "G1CollectForAllocation", Time since last: 626460400 ns, Reaching safepoint: 28700 ns, At safepoint: 80202182 ns, Total: 80230882 ns
[2022-06-28T06:56:11.274+0000][6][safepoint   ] Safepoint "Cleanup", Time since last: 2002419619 ns, Reaching safepoint: 414203 ns, At safepoint: 5574 ns, Total: 419777 ns
[2022-06-28T06:56:12.383+0000][6][safepoint   ] Safepoint "Cleanup", Time since last: 1108980223 ns, Reaching safepoint: 88257 ns, At safepoint: 3855 ns, Total: 92112 ns
[2022-06-28T06:56:13.434+0000][6][safepoint   ] Safepoint "Cleanup", Time since last: 1050443649 ns, Reaching safepoint: 371531 ns, At safepoint: 5045 ns, Total: 376576 ns
[2022-06-28T06:56:15.275+0000][6][safepoint   ] Safepoint "Cleanup", Time since last: 1841000323 ns, Reaching safepoint: 778983 ns, At safepoint: 6688 ns, Total: 785671 ns
[2022-06-28T06:56:16.276+0000][6][safepoint   ] Safepoint "Cleanup", Time since last: 1000454232 ns, Reaching safepoint: 371862 ns, At safepoint: 6477 ns, Total: 378339 ns
[2022-06-28T06:56:16.743+0000][6][gc,start    ] GC(22) Pause Young (Normal) (G1 Evacuation Pause)
[2022-06-28T06:56:16.743+0000][6][gc,task     ] GC(22) Using 1 workers of 1 for evacuation
[2022-06-28T06:56:16.743+0000][6][gc,age      ] GC(22) Desired survivor size 10485760 bytes, new threshold 15 (max threshold 15)
[2022-06-28T06:56:16.803+0000][6][gc,phases   ] GC(22)   Pre Evacuate Collection Set: 0.0ms
[2022-06-28T06:56:16.803+0000][6][gc,phases   ] GC(22)   Merge Heap Roots: 0.1ms
[2022-06-28T06:56:16.803+0000][6][gc,phases   ] GC(22)   Evacuate Collection Set: 54.9ms
[2022-06-28T06:56:16.803+0000][6][gc,phases   ] GC(22)   Post Evacuate Collection Set: 5.3ms
[2022-06-28T06:56:16.803+0000][6][gc,phases   ] GC(22)   Other: 0.1ms
[2022-06-28T06:56:16.803+0000][6][gc,age      ] GC(22) Age table with threshold 15 (max threshold 15)
[2022-06-28T06:56:16.803+0000][6][gc,age      ] GC(22) - age   1:    3753216 bytes,    3753216 total
[2022-06-28T06:56:16.803+0000][6][gc,age      ] GC(22) - age   2:     496208 bytes,    4249424 total
[2022-06-28T06:56:16.803+0000][6][gc,age      ] GC(22) - age   3:    5321064 bytes,    9570488 total
[2022-06-28T06:56:16.803+0000][6][gc,age      ] GC(22) - age   4:    3373584 bytes,   12944072 total
[2022-06-28T06:56:16.803+0000][6][gc,heap     ] GC(22) Eden regions: 32->0(32)
[2022-06-28T06:56:16.803+0000][6][gc,heap     ] GC(22) Survivor regions: 3->4(5)
[2022-06-28T06:56:16.803+0000][6][gc,heap     ] GC(22) Old regions: 11->11
[2022-06-28T06:56:16.803+0000][6][gc,heap     ] GC(22) Archive regions: 2->2
[2022-06-28T06:56:16.803+0000][6][gc,heap     ] GC(22) Humongous regions: 0->0
[2022-06-28T06:56:16.803+0000][6][gc,metaspace] GC(22) Metaspace: 58982K(60352K)->58982K(60352K) NonClass: 51250K(52032K)->51250K(52032K) Class: 7732K(8320K)->7732K(8320K)
[2022-06-28T06:56:16.803+0000][6][gc          ] GC(22) Pause Young (Normal) (G1 Evacuation Pause) 183M->59M(256M) 60.538ms
[2022-06-28T06:56:16.803+0000][6][gc,cpu      ] GC(22) User=0.03s Sys=0.00s Real=0.06s
[2022-06-28T06:56:16.803+0000][6][safepoint   ] Safepoint "G1CollectForAllocation", Time since last: 466572113 ns, Reaching safepoint: 29652 ns, At safepoint: 60584709 ns, Total: 60614361 ns
[2022-06-28T06:56:17.807+0000][6][safepoint   ] Safepoint "Cleanup", Time since last: 1003192734 ns, Reaching safepoint: 755976 ns, At safepoint: 6799 ns, Total: 762775 ns
[2022-06-28T06:56:18.823+0000][6][safepoint   ] Safepoint "Cleanup", Time since last: 1003231657 ns, Reaching safepoint: 12031873 ns, At safepoint: 6028 ns, Total: 12037901 ns
[2022-06-28T06:56:19.577+0000][6][gc,start    ] GC(23) Pause Young (Concurrent Start) (Metadata GC Threshold)
[2022-06-28T06:56:19.577+0000][6][gc,task     ] GC(23) Using 1 workers of 1 for evacuation
[2022-06-28T06:56:19.577+0000][6][gc,age      ] GC(23) Desired survivor size 10485760 bytes, new threshold 4 (max threshold 15)
[2022-06-28T06:56:19.643+0000][6][gc,phases   ] GC(23)   Pre Evacuate Collection Set: 0.1ms
[2022-06-28T06:56:19.643+0000][6][gc,phases   ] GC(23)   Merge Heap Roots: 0.1ms
[2022-06-28T06:56:19.643+0000][6][gc,phases   ] GC(23)   Evacuate Collection Set: 62.7ms
[2022-06-28T06:56:19.643+0000][6][gc,phases   ] GC(23)   Post Evacuate Collection Set: 2.7ms
[2022-06-28T06:56:19.643+0000][6][gc,phases   ] GC(23)   Other: 0.1ms
[2022-06-28T06:56:19.643+0000][6][gc,age      ] GC(23) Age table with threshold 4 (max threshold 15)
[2022-06-28T06:56:19.643+0000][6][gc,age      ] GC(23) - age   1:    1881576 bytes,    1881576 total
[2022-06-28T06:56:19.643+0000][6][gc,age      ] GC(23) - age   2:    3641944 bytes,    5523520 total
[2022-06-28T06:56:19.643+0000][6][gc,age      ] GC(23) - age   3:     496208 bytes,    6019728 total
[2022-06-28T06:56:19.643+0000][6][gc,age      ] GC(23) - age   4:    5317672 bytes,   11337400 total
[2022-06-28T06:56:19.643+0000][6][gc,heap     ] GC(23) Eden regions: 24->0(32)
[2022-06-28T06:56:19.643+0000][6][gc,heap     ] GC(23) Survivor regions: 4->3(5)
[2022-06-28T06:56:19.643+0000][6][gc,heap     ] GC(23) Old regions: 11->12
[2022-06-28T06:56:19.643+0000][6][gc,heap     ] GC(23) Archive regions: 2->2
[2022-06-28T06:56:19.643+0000][6][gc,heap     ] GC(23) Humongous regions: 0->0
[2022-06-28T06:56:19.643+0000][6][gc,metaspace] GC(23) Metaspace: 60079K(61440K)->60079K(61440K) NonClass: 52216K(52992K)->52216K(52992K) Class: 7862K(8448K)->7862K(8448K)
[2022-06-28T06:56:19.643+0000][6][gc          ] GC(23) Pause Young (Concurrent Start) (Metadata GC Threshold) 155M->61M(256M) 65.907ms
[2022-06-28T06:56:19.643+0000][6][gc,cpu      ] GC(23) User=0.03s Sys=0.00s Real=0.06s
[2022-06-28T06:56:19.643+0000][6][safepoint   ] Safepoint "CollectForMetadataAllocation", Time since last: 754429458 ns, Reaching safepoint: 38815 ns, At safepoint: 66020096 ns, Total: 66058911 ns
[2022-06-28T06:56:19.651+0000][6][gc          ] GC(24) Concurrent Mark Cycle
[2022-06-28T06:56:19.651+0000][6][gc,marking  ] GC(24) Concurrent Clear Claimed Marks
[2022-06-28T06:56:19.651+0000][6][gc,marking  ] GC(24) Concurrent Clear Claimed Marks 0.068ms
[2022-06-28T06:56:19.651+0000][6][gc,marking  ] GC(24) Concurrent Scan Root Regions
[2022-06-28T06:56:19.710+0000][6][gc,marking  ] GC(24) Concurrent Scan Root Regions 59.877ms
[2022-06-28T06:56:19.711+0000][6][gc,marking  ] GC(24) Concurrent Mark
[2022-06-28T06:56:19.711+0000][6][gc,marking  ] GC(24) Concurrent Mark From Roots
[2022-06-28T06:56:19.711+0000][6][gc,task     ] GC(24) Using 1 workers of 1 for marking
[2022-06-28T06:56:19.915+0000][6][safepoint   ] Safepoint "CollectForMetadataAllocation", Time since last: 264990819 ns, Reaching safepoint: 56175 ns, At safepoint: 6454068 ns, Total: 6510243 ns
[2022-06-28T06:56:20.043+0000][6][safepoint   ] Safepoint "CollectForMetadataAllocation", Time since last: 120737571 ns, Reaching safepoint: 7290277 ns, At safepoint: 78895 ns, Total: 7369172 ns
[2022-06-28T06:56:20.124+0000][6][gc,marking  ] GC(24) Concurrent Mark From Roots 412.964ms
[2022-06-28T06:56:20.124+0000][6][gc,marking  ] GC(24) Concurrent Preclean
[2022-06-28T06:56:20.124+0000][6][gc,marking  ] GC(24) Concurrent Preclean 0.213ms
[2022-06-28T06:56:20.124+0000][6][gc,start    ] GC(24) Pause Remark
[2022-06-28T06:56:20.141+0000][6][gc          ] GC(24) Pause Remark 67M->67M(256M) 17.276ms
[2022-06-28T06:56:20.141+0000][6][gc,cpu      ] GC(24) User=0.00s Sys=0.00s Real=0.02s
[2022-06-28T06:56:20.141+0000][6][safepoint   ] Safepoint "G1Concurrent", Time since last: 81266302 ns, Reaching safepoint: 19089 ns, At safepoint: 17341045 ns, Total: 17360134 ns
[2022-06-28T06:56:20.146+0000][6][gc,marking  ] GC(24) Concurrent Mark 435.968ms
[2022-06-28T06:56:20.147+0000][6][gc,marking  ] GC(24) Concurrent Rebuild Remembered Sets
[2022-06-28T06:56:20.339+0000][6][gc,marking  ] GC(24) Concurrent Rebuild Remembered Sets 191.978ms
[2022-06-28T06:56:20.339+0000][6][gc,start    ] GC(24) Pause Cleanup
[2022-06-28T06:56:20.339+0000][6][gc          ] GC(24) Pause Cleanup 69M->69M(256M) 0.050ms
[2022-06-28T06:56:20.339+0000][6][gc,cpu      ] GC(24) User=0.00s Sys=0.00s Real=0.00s
[2022-06-28T06:56:20.339+0000][6][safepoint   ] Safepoint "G1Concurrent", Time since last: 197298268 ns, Reaching safepoint: 389646 ns, At safepoint: 97504 ns, Total: 487150 ns
[2022-06-28T06:56:20.339+0000][6][gc,marking  ] GC(24) Concurrent Cleanup for Next Mark
[2022-06-28T06:56:20.355+0000][6][gc,marking  ] GC(24) Concurrent Cleanup for Next Mark 16.429ms
[2022-06-28T06:56:20.356+0000][6][gc          ] GC(24) Concurrent Mark Cycle 705.021ms
[2022-06-28T06:56:21.343+0000][6][safepoint   ] Safepoint "Cleanup", Time since last: 1003464535 ns, Reaching safepoint: 289865 ns, At safepoint: 6405 ns, Total: 296270 ns
[2022-06-28T06:56:22.344+0000][6][safepoint   ] Safepoint "Cleanup", Time since last: 1000885850 ns, Reaching safepoint: 39288 ns, At safepoint: 4601 ns, Total: 43889 ns
[2022-06-28T06:56:23.344+0000][6][safepoint   ] Safepoint "Cleanup", Time since last: 1000117895 ns, Reaching safepoint: 282814 ns, At safepoint: 6999 ns, Total: 289813 ns
[2022-06-28T06:56:24.977+0000][6][safepoint   ] Safepoint "Cleanup", Time since last: 1632140013 ns, Reaching safepoint: 313376 ns, At safepoint: 5987 ns, Total: 319363 ns
[2022-06-28T06:56:26.155+0000][6][safepoint   ] Safepoint "Cleanup", Time since last: 1173900569 ns, Reaching safepoint: 4709858 ns, At safepoint: 19317 ns, Total: 4729175 ns
[2022-06-28T06:56:27.007+0000][6][gc,start    ] GC(25) Pause Young (Prepare Mixed) (G1 Evacuation Pause)
[2022-06-28T06:56:27.007+0000][6][gc,task     ] GC(25) Using 1 workers of 1 for evacuation
[2022-06-28T06:56:27.007+0000][6][gc,age      ] GC(25) Desired survivor size 10485760 bytes, new threshold 4 (max threshold 15)
[2022-06-28T06:56:27.103+0000][6][gc,phases   ] GC(25)   Pre Evacuate Collection Set: 0.0ms
[2022-06-28T06:56:27.103+0000][6][gc,phases   ] GC(25)   Merge Heap Roots: 0.1ms
[2022-06-28T06:56:27.103+0000][6][gc,phases   ] GC(25)   Evacuate Collection Set: 91.4ms
[2022-06-28T06:56:27.103+0000][6][gc,phases   ] GC(25)   Post Evacuate Collection Set: 4.1ms
[2022-06-28T06:56:27.103+0000][6][gc,phases   ] GC(25)   Other: 0.1ms
[2022-06-28T06:56:27.103+0000][6][gc,age      ] GC(25) Age table with threshold 4 (max threshold 15)
[2022-06-28T06:56:27.103+0000][6][gc,age      ] GC(25) - age   1:    8164408 bytes,    8164408 total
[2022-06-28T06:56:27.103+0000][6][gc,age      ] GC(25) - age   2:    1763016 bytes,    9927424 total
[2022-06-28T06:56:27.103+0000][6][gc,age      ] GC(25) - age   3:    3606664 bytes,   13534088 total
[2022-06-28T06:56:27.103+0000][6][gc,age      ] GC(25) - age   4:     490760 bytes,   14024848 total
[2022-06-28T06:56:27.103+0000][6][gc,heap     ] GC(25) Eden regions: 32->0(1)
[2022-06-28T06:56:27.103+0000][6][gc,heap     ] GC(25) Survivor regions: 3->4(5)
[2022-06-28T06:56:27.103+0000][6][gc,heap     ] GC(25) Old regions: 12->13
[2022-06-28T06:56:27.103+0000][6][gc,heap     ] GC(25) Archive regions: 2->2
[2022-06-28T06:56:27.103+0000][6][gc,heap     ] GC(25) Humongous regions: 0->0
[2022-06-28T06:56:27.103+0000][6][gc,metaspace] GC(25) Metaspace: 79813K(81536K)->79813K(81536K) NonClass: 69133K(70080K)->69133K(70080K) Class: 10679K(11456K)->10679K(11456K)
[2022-06-28T06:56:27.103+0000][6][gc          ] GC(25) Pause Young (Prepare Mixed) (G1 Evacuation Pause) 189M->68M(256M) 95.991ms
[2022-06-28T06:56:27.103+0000][6][gc,cpu      ] GC(25) User=0.05s Sys=0.00s Real=0.09s
[2022-06-28T06:56:27.103+0000][6][safepoint   ] Safepoint "G1CollectForAllocation", Time since last: 851622072 ns, Reaching safepoint: 63291 ns, At safepoint: 96067426 ns, Total: 96130717 ns
[2022-06-28T06:56:27.274+0000][6][gc,start    ] GC(26) Pause Young (Mixed) (G1 Evacuation Pause)
[2022-06-28T06:56:27.274+0000][6][gc,task     ] GC(26) Using 1 workers of 1 for evacuation
[2022-06-28T06:56:27.274+0000][6][gc,age      ] GC(26) Desired survivor size 2097152 bytes, new threshold 1 (max threshold 15)
[2022-06-28T06:56:27.348+0000][6][gc,phases   ] GC(26)   Pre Evacuate Collection Set: 0.0ms
[2022-06-28T06:56:27.348+0000][6][gc,phases   ] GC(26)   Merge Heap Roots: 0.1ms
[2022-06-28T06:56:27.348+0000][6][gc,phases   ] GC(26)   Evacuate Collection Set: 72.5ms
[2022-06-28T06:56:27.348+0000][6][gc,phases   ] GC(26)   Post Evacuate Collection Set: 1.1ms
[2022-06-28T06:56:27.348+0000][6][gc,phases   ] GC(26)   Other: 0.1ms
[2022-06-28T06:56:27.348+0000][6][gc,age      ] GC(26) Age table with threshold 1 (max threshold 15)
[2022-06-28T06:56:27.348+0000][6][gc,age      ] GC(26) - age   1:     215744 bytes,     215744 total
[2022-06-28T06:56:27.348+0000][6][gc,heap     ] GC(26) Eden regions: 1->0(30)
[2022-06-28T06:56:27.348+0000][6][gc,heap     ] GC(26) Survivor regions: 4->1(1)
[2022-06-28T06:56:27.348+0000][6][gc,heap     ] GC(26) Old regions: 13->16
[2022-06-28T06:56:27.348+0000][6][gc,heap     ] GC(26) Archive regions: 2->2
[2022-06-28T06:56:27.348+0000][6][gc,heap     ] GC(26) Humongous regions: 0->0
[2022-06-28T06:56:27.348+0000][6][gc,metaspace] GC(26) Metaspace: 80186K(81984K)->80186K(81984K) NonClass: 69430K(70400K)->69430K(70400K) Class: 10756K(11584K)->10756K(11584K)
[2022-06-28T06:56:27.348+0000][6][gc          ] GC(26) Pause Young (Mixed) (G1 Evacuation Pause) 72M->68M(256M) 74.078ms
[2022-06-28T06:56:27.348+0000][6][gc,cpu      ] GC(26) User=0.04s Sys=0.00s Real=0.08s
[2022-06-28T06:56:27.348+0000][6][safepoint   ] Safepoint "G1CollectForAllocation", Time since last: 170816646 ns, Reaching safepoint: 34768 ns, At safepoint: 74129115 ns, Total: 74163883 ns
[2022-06-28T06:56:28.348+0000][6][safepoint   ] Safepoint "Cleanup", Time since last: 1000095728 ns, Reaching safepoint: 288244 ns, At safepoint: 5477 ns, Total: 293721 ns
[2022-06-28T06:56:30.264+0000][6][safepoint   ] Safepoint "Cleanup", Time since last: 1914819714 ns, Reaching safepoint: 461233 ns, At safepoint: 5550 ns, Total: 466783 ns
[2022-06-28T06:56:31.865+0000][6][safepoint   ] Safepoint "Cleanup", Time since last: 1601695539 ns, Reaching safepoint: 93282 ns, At safepoint: 3395 ns, Total: 96677 ns
[2022-06-28T06:56:32.971+0000][6][safepoint   ] Safepoint "Cleanup", Time since last: 1105678812 ns, Reaching safepoint: 338680 ns, At safepoint: 6597 ns, Total: 345277 ns
[2022-06-28T06:56:33.001+0000][6][gc,start    ] GC(27) Pause Young (Normal) (G1 Evacuation Pause)
[2022-06-28T06:56:33.001+0000][6][gc,task     ] GC(27) Using 1 workers of 1 for evacuation
[2022-06-28T06:56:33.001+0000][6][gc,age      ] GC(27) Desired survivor size 8388608 bytes, new threshold 15 (max threshold 15)
[2022-06-28T06:56:33.027+0000][6][gc,phases   ] GC(27)   Pre Evacuate Collection Set: 0.0ms
[2022-06-28T06:56:33.027+0000][6][gc,phases   ] GC(27)   Merge Heap Roots: 0.2ms
[2022-06-28T06:56:33.027+0000][6][gc,phases   ] GC(27)   Evacuate Collection Set: 24.6ms
[2022-06-28T06:56:33.027+0000][6][gc,phases   ] GC(27)   Post Evacuate Collection Set: 1.6ms
[2022-06-28T06:56:33.027+0000][6][gc,phases   ] GC(27)   Other: 0.1ms
[2022-06-28T06:56:33.027+0000][6][gc,age      ] GC(27) Age table with threshold 15 (max threshold 15)
[2022-06-28T06:56:33.027+0000][6][gc,age      ] GC(27) - age   1:    6857240 bytes,    6857240 total
[2022-06-28T06:56:33.027+0000][6][gc,age      ] GC(27) - age   2:     197736 bytes,    7054976 total
[2022-06-28T06:56:33.027+0000][6][gc,heap     ] GC(27) Eden regions: 30->0(29)
[2022-06-28T06:56:33.027+0000][6][gc,heap     ] GC(27) Survivor regions: 1->2(4)
[2022-06-28T06:56:33.027+0000][6][gc,heap     ] GC(27) Old regions: 16->16
[2022-06-28T06:56:33.027+0000][6][gc,heap     ] GC(27) Archive regions: 2->2
[2022-06-28T06:56:33.027+0000][6][gc,heap     ] GC(27) Humongous regions: 0->0
[2022-06-28T06:56:33.027+0000][6][gc,metaspace] GC(27) Metaspace: 96922K(99776K)->96922K(99776K) NonClass: 83587K(85056K)->83587K(85056K) Class: 13334K(14720K)->13334K(14720K)
[2022-06-28T06:56:33.027+0000][6][gc          ] GC(27) Pause Young (Normal) (G1 Evacuation Pause) 188M->73M(256M) 26.703ms
[2022-06-28T06:56:33.027+0000][6][gc,cpu      ] GC(27) User=0.03s Sys=0.00s Real=0.03s
[2022-06-28T06:56:33.028+0000][6][safepoint   ] Safepoint "G1CollectForAllocation", Time since last: 27050322 ns, Reaching safepoint: 2235771 ns, At safepoint: 26765586 ns, Total: 29001357 ns
[2022-06-28T06:56:34.834+0000][6][safepoint   ] Safepoint "Cleanup", Time since last: 1806318162 ns, Reaching safepoint: 260281 ns, At safepoint: 8068 ns, Total: 268349 ns
[2022-06-28T06:56:35.252+0000][6][gc,start    ] GC(28) Pause Young (Concurrent Start) (Metadata GC Threshold)
[2022-06-28T06:56:35.255+0000][6][gc,task     ] GC(28) Using 1 workers of 1 for evacuation
[2022-06-28T06:56:35.255+0000][6][gc,age      ] GC(28) Desired survivor size 8388608 bytes, new threshold 15 (max threshold 15)
[2022-06-28T06:56:35.311+0000][6][gc,phases   ] GC(28)   Pre Evacuate Collection Set: 0.3ms
[2022-06-28T06:56:35.311+0000][6][gc,phases   ] GC(28)   Merge Heap Roots: 0.1ms
[2022-06-28T06:56:35.311+0000][6][gc,phases   ] GC(28)   Evacuate Collection Set: 50.0ms
[2022-06-28T06:56:35.311+0000][6][gc,phases   ] GC(28)   Post Evacuate Collection Set: 5.5ms
[2022-06-28T06:56:35.311+0000][6][gc,phases   ] GC(28)   Other: 0.1ms
[2022-06-28T06:56:35.311+0000][6][gc,age      ] GC(28) Age table with threshold 15 (max threshold 15)
[2022-06-28T06:56:35.311+0000][6][gc,age      ] GC(28) - age   1:    1901240 bytes,    1901240 total
[2022-06-28T06:56:35.311+0000][6][gc,age      ] GC(28) - age   2:    6303024 bytes,    8204264 total
[2022-06-28T06:56:35.311+0000][6][gc,age      ] GC(28) - age   3:     197736 bytes,    8402000 total
[2022-06-28T06:56:35.311+0000][6][gc,heap     ] GC(28) Eden regions: 12->0(29)
[2022-06-28T06:56:35.311+0000][6][gc,heap     ] GC(28) Survivor regions: 2->3(4)
[2022-06-28T06:56:35.311+0000][6][gc,heap     ] GC(28) Old regions: 16->16
[2022-06-28T06:56:35.311+0000][6][gc,heap     ] GC(28) Archive regions: 2->2
[2022-06-28T06:56:35.311+0000][6][gc,heap     ] GC(28) Humongous regions: 0->0
[2022-06-28T06:56:35.311+0000][6][gc,metaspace] GC(28) Metaspace: 100922K(103680K)->100922K(103680K) NonClass: 86987K(88448K)->86987K(88448K) Class: 13934K(15232K)->13934K(15232K)
[2022-06-28T06:56:35.311+0000][6][gc          ] GC(28) Pause Young (Concurrent Start) (Metadata GC Threshold) 121M->75M(256M) 58.303ms
[2022-06-28T06:56:35.311+0000][6][gc,cpu      ] GC(28) User=0.03s Sys=0.00s Real=0.06s
[2022-06-28T06:56:35.311+0000][6][safepoint   ] Safepoint "CollectForMetadataAllocation", Time since last: 418113244 ns, Reaching safepoint: 165960 ns, At safepoint: 58431659 ns, Total: 58597619 ns
[2022-06-28T06:56:35.318+0000][6][gc          ] GC(29) Concurrent Mark Cycle
[2022-06-28T06:56:35.319+0000][6][gc,marking  ] GC(29) Concurrent Clear Claimed Marks
[2022-06-28T06:56:35.319+0000][6][gc,marking  ] GC(29) Concurrent Clear Claimed Marks 0.196ms
[2022-06-28T06:56:35.319+0000][6][gc,marking  ] GC(29) Concurrent Scan Root Regions
[2022-06-28T06:56:35.372+0000][6][gc,marking  ] GC(29) Concurrent Scan Root Regions 53.297ms
[2022-06-28T06:56:35.372+0000][6][gc,marking  ] GC(29) Concurrent Mark
[2022-06-28T06:56:35.372+0000][6][gc,marking  ] GC(29) Concurrent Mark From Roots
[2022-06-28T06:56:35.372+0000][6][gc,task     ] GC(29) Using 1 workers of 1 for marking
[2022-06-28T06:56:35.448+0000][6][safepoint   ] Safepoint "CollectForMetadataAllocation", Time since last: 129943068 ns, Reaching safepoint: 7650993 ns, At safepoint: 78773 ns, Total: 7729766 ns
[2022-06-28T06:56:35.735+0000][6][safepoint   ] Safepoint "CollectForMetadataAllocation", Time since last: 286029316 ns, Reaching safepoint: 56338 ns, At safepoint: 70171 ns, Total: 126509 ns
[2022-06-28T06:56:36.148+0000][6][gc,marking  ] GC(29) Concurrent Mark From Roots 776.397ms
[2022-06-28T06:56:36.149+0000][6][gc,marking  ] GC(29) Concurrent Preclean
[2022-06-28T06:56:36.149+0000][6][gc,marking  ] GC(29) Concurrent Preclean 0.275ms
[2022-06-28T06:56:36.151+0000][6][gc,start    ] GC(29) Pause Remark
[2022-06-28T06:56:36.185+0000][6][gc          ] GC(29) Pause Remark 98M->98M(256M) 34.331ms
[2022-06-28T06:56:36.185+0000][6][gc,cpu      ] GC(29) User=0.01s Sys=0.00s Real=0.03s
[2022-06-28T06:56:36.185+0000][6][safepoint   ] Safepoint "G1Concurrent", Time since last: 414174447 ns, Reaching safepoint: 1712962 ns, At safepoint: 34424389 ns, Total: 36137351 ns
[2022-06-28T06:56:36.195+0000][6][gc,marking  ] GC(29) Concurrent Mark 822.443ms
[2022-06-28T06:56:36.195+0000][6][gc,marking  ] GC(29) Concurrent Rebuild Remembered Sets
[2022-06-28T06:56:36.658+0000][6][gc,marking  ] GC(29) Concurrent Rebuild Remembered Sets 463.178ms
[2022-06-28T06:56:36.658+0000][6][gc,start    ] GC(29) Pause Cleanup
[2022-06-28T06:56:36.658+0000][6][gc          ] GC(29) Pause Cleanup 113M->113M(256M) 0.051ms
[2022-06-28T06:56:36.658+0000][6][gc,cpu      ] GC(29) User=0.00s Sys=0.00s Real=0.00s
[2022-06-28T06:56:36.658+0000][6][safepoint   ] Safepoint "G1Concurrent", Time since last: 472835631 ns, Reaching safepoint: 287249 ns, At safepoint: 91594 ns, Total: 378843 ns
[2022-06-28T06:56:36.659+0000][6][gc,marking  ] GC(29) Concurrent Cleanup for Next Mark
[2022-06-28T06:56:36.682+0000][6][gc,marking  ] GC(29) Concurrent Cleanup for Next Mark 23.132ms
[2022-06-28T06:56:36.682+0000][6][gc          ] GC(29) Concurrent Mark Cycle 1363.519ms
[2022-06-28T06:56:37.663+0000][6][safepoint   ] Safepoint "Cleanup", Time since last: 1004337677 ns, Reaching safepoint: 218131 ns, At safepoint: 6147 ns, Total: 224278 ns
[2022-06-28T06:56:38.815+0000][6][safepoint   ] Safepoint "Cleanup", Time since last: 1152026237 ns, Reaching safepoint: 79907 ns, At safepoint: 4735 ns, Total: 84642 ns
[2022-06-28T06:56:39.815+0000][6][safepoint   ] Safepoint "Cleanup", Time since last: 1000117829 ns, Reaching safepoint: 89298 ns, At safepoint: 4614 ns, Total: 93912 ns
[2022-06-28T06:56:40.819+0000][6][safepoint   ] Safepoint "Cleanup", Time since last: 1003465106 ns, Reaching safepoint: 204207 ns, At safepoint: 7003 ns, Total: 211210 ns
[2022-06-28T06:56:41.819+0000][6][safepoint   ] Safepoint "Cleanup", Time since last: 1000110457 ns, Reaching safepoint: 75823 ns, At safepoint: 4705 ns, Total: 80528 ns
[2022-06-28T06:56:43.819+0000][6][safepoint   ] Safepoint "Cleanup", Time since last: 2000250901 ns, Reaching safepoint: 38370 ns, At safepoint: 4749 ns, Total: 43119 ns
[2022-06-28T06:56:44.819+0000][6][safepoint   ] Safepoint "Cleanup", Time since last: 1000238296 ns, Reaching safepoint: 38533 ns, At safepoint: 4710 ns, Total: 43243 ns
[2022-06-28T06:56:46.820+0000][6][safepoint   ] Safepoint "Cleanup", Time since last: 2000289573 ns, Reaching safepoint: 41387 ns, At safepoint: 4682 ns, Total: 46069 ns
[2022-06-28T06:56:47.820+0000][6][safepoint   ] Safepoint "Cleanup", Time since last: 1000141129 ns, Reaching safepoint: 29675 ns, At safepoint: 15596 ns, Total: 45271 ns
[2022-06-28T06:56:48.820+0000][6][safepoint   ] Safepoint "Cleanup", Time since last: 1000164731 ns, Reaching safepoint: 40936 ns, At safepoint: 4763 ns, Total: 45699 ns
[2022-06-28T06:56:49.820+0000][6][safepoint   ] Safepoint "Cleanup", Time since last: 1000168452 ns, Reaching safepoint: 42015 ns, At safepoint: 5061 ns, Total: 47076 ns
[2022-06-28T06:56:50.821+0000][6][safepoint   ] Safepoint "Cleanup", Time since last: 1000217766 ns, Reaching safepoint: 40570 ns, At safepoint: 5268 ns, Total: 45838 ns
[2022-06-28T06:56:52.821+0000][6][safepoint   ] Safepoint "Cleanup", Time since last: 2000259487 ns, Reaching safepoint: 40369 ns, At safepoint: 4867 ns, Total: 45236 ns
[2022-06-28T06:56:54.821+0000][6][safepoint   ] Safepoint "Cleanup", Time since last: 2000274322 ns, Reaching safepoint: 41587 ns, At safepoint: 4687 ns, Total: 46274 ns
[2022-06-28T06:56:55.822+0000][6][safepoint   ] Safepoint "Cleanup", Time since last: 1000155385 ns, Reaching safepoint: 35914 ns, At safepoint: 3987 ns, Total: 39901 ns
[2022-06-28T06:56:56.822+0000][6][safepoint   ] Safepoint "Cleanup", Time since last: 1000143106 ns, Reaching safepoint: 45209 ns, At safepoint: 4875 ns, Total: 50084 ns
[2022-06-28T06:56:57.822+0000][6][safepoint   ] Safepoint "Cleanup", Time since last: 1000177145 ns, Reaching safepoint: 65557 ns, At safepoint: 9347 ns, Total: 74904 ns
[2022-06-28T06:56:58.822+0000][6][safepoint   ] Safepoint "Cleanup", Time since last: 1000176495 ns, Reaching safepoint: 56456 ns, At safepoint: 8881 ns, Total: 65337 ns
[2022-06-28T06:56:59.822+0000][6][safepoint   ] Safepoint "Cleanup", Time since last: 1000173720 ns, Reaching safepoint: 41413 ns, At safepoint: 4525 ns, Total: 45938 ns
[2022-06-28T06:57:00.823+0000][6][safepoint   ] Safepoint "Cleanup", Time since last: 1000216562 ns, Reaching safepoint: 41638 ns, At safepoint: 4862 ns, Total: 46500 ns
[2022-06-28T06:57:01.823+0000][6][safepoint   ] Safepoint "Cleanup", Time since last: 1000172190 ns, Reaching safepoint: 47674 ns, At safepoint: 4869 ns, Total: 52543 ns
[2022-06-28T06:57:02.823+0000][6][safepoint   ] Safepoint "Cleanup", Time since last: 1000151625 ns, Reaching safepoint: 47121 ns, At safepoint: 5017 ns, Total: 52138 ns
[2022-06-28T06:57:06.427+0000][6][gc,start    ] GC(30) Pause Young (Normal) (G1 Evacuation Pause)
[2022-06-28T06:57:06.427+0000][6][gc,task     ] GC(30) Using 1 workers of 1 for evacuation
[2022-06-28T06:57:06.427+0000][6][gc,age      ] GC(30) Desired survivor size 8388608 bytes, new threshold 3 (max threshold 15)
[2022-06-28T06:57:06.458+0000][6][gc,phases   ] GC(30)   Pre Evacuate Collection Set: 0.0ms
[2022-06-28T06:57:06.458+0000][6][gc,phases   ] GC(30)   Merge Heap Roots: 0.2ms
[2022-06-28T06:57:06.458+0000][6][gc,phases   ] GC(30)   Evacuate Collection Set: 29.5ms
[2022-06-28T06:57:06.458+0000][6][gc,phases   ] GC(30)   Post Evacuate Collection Set: 1.7ms
[2022-06-28T06:57:06.458+0000][6][gc,phases   ] GC(30)   Other: 0.1ms
[2022-06-28T06:57:06.458+0000][6][gc,age      ] GC(30) Age table with threshold 3 (max threshold 15)
[2022-06-28T06:57:06.458+0000][6][gc,age      ] GC(30) - age   1:    3771152 bytes,    3771152 total
[2022-06-28T06:57:06.458+0000][6][gc,age      ] GC(30) - age   2:    1633392 bytes,    5404544 total
[2022-06-28T06:57:06.458+0000][6][gc,age      ] GC(30) - age   3:    6181024 bytes,   11585568 total
[2022-06-28T06:57:06.458+0000][6][gc,heap     ] GC(30) Eden regions: 29->0(27)
[2022-06-28T06:57:06.458+0000][6][gc,heap     ] GC(30) Survivor regions: 3->3(4)
[2022-06-28T06:57:06.458+0000][6][gc,heap     ] GC(30) Old regions: 16->16
[2022-06-28T06:57:06.458+0000][6][gc,heap     ] GC(30) Archive regions: 2->2
[2022-06-28T06:57:06.458+0000][6][gc,heap     ] GC(30) Humongous regions: 2->2
[2022-06-28T06:57:06.458+0000][6][gc,metaspace] GC(30) Metaspace: 105940K(108800K)->105940K(108800K) NonClass: 91360K(92864K)->91360K(92864K) Class: 14580K(15936K)->14580K(15936K)
[2022-06-28T06:57:06.458+0000][6][gc          ] GC(30) Pause Young (Normal) (G1 Evacuation Pause) 199M->86M(256M) 31.695ms
[2022-06-28T06:57:06.458+0000][6][gc,cpu      ] GC(30) User=0.04s Sys=0.00s Real=0.03s
[2022-06-28T06:57:06.458+0000][6][safepoint   ] Safepoint "G1CollectForAllocation", Time since last: 3603332741 ns, Reaching safepoint: 89148 ns, At safepoint: 31766077 ns, Total: 31855225 ns
[2022-06-28T06:57:08.590+0000][6][safepoint   ] Safepoint "Cleanup", Time since last: 2131985875 ns, Reaching safepoint: 29436 ns, At safepoint: 3842 ns, Total: 33278 ns
[2022-06-28T06:57:09.591+0000][6][safepoint   ] Safepoint "Cleanup", Time since last: 1000172206 ns, Reaching safepoint: 173563 ns, At safepoint: 10387 ns, Total: 183950 ns
[2022-06-28T06:57:10.591+0000][6][safepoint   ] Safepoint "Cleanup", Time since last: 1000153832 ns, Reaching safepoint: 39176 ns, At safepoint: 5102 ns, Total: 44278 ns
[2022-06-28T06:57:11.591+0000][6][safepoint   ] Safepoint "Cleanup", Time since last: 1000118857 ns, Reaching safepoint: 53728 ns, At safepoint: 4954 ns, Total: 58682 ns
[2022-06-28T06:57:12.591+0000][6][safepoint   ] Safepoint "Cleanup", Time since last: 1000145263 ns, Reaching safepoint: 68991 ns, At safepoint: 4887 ns, Total: 73878 ns
[2022-06-28T06:57:13.591+0000][6][safepoint   ] Safepoint "Cleanup", Time since last: 1000112359 ns, Reaching safepoint: 37097 ns, At safepoint: 4370 ns, Total: 41467 ns
[2022-06-28T06:57:15.592+0000][6][safepoint   ] Safepoint "Cleanup", Time since last: 2000236704 ns, Reaching safepoint: 50445 ns, At safepoint: 4715 ns, Total: 55160 ns
[2022-06-28T06:57:16.592+0000][6][safepoint   ] Safepoint "Cleanup", Time since last: 1000130683 ns, Reaching safepoint: 38097 ns, At safepoint: 4902 ns, Total: 42999 ns
[2022-06-28T06:57:17.592+0000][6][safepoint   ] Safepoint "Cleanup", Time since last: 1000174577 ns, Reaching safepoint: 40097 ns, At safepoint: 4642 ns, Total: 44739 ns
[2022-06-28T06:57:18.592+0000][6][safepoint   ] Safepoint "Cleanup", Time since last: 1000146172 ns, Reaching safepoint: 53333 ns, At safepoint: 4700 ns, Total: 58033 ns
[2022-06-28T06:57:19.593+0000][6][safepoint   ] Safepoint "Cleanup", Time since last: 1000157739 ns, Reaching safepoint: 35394 ns, At safepoint: 4848 ns, Total: 40242 ns
[2022-06-28T06:57:20.593+0000][6][safepoint   ] Safepoint "Cleanup", Time since last: 1000165586 ns, Reaching safepoint: 40112 ns, At safepoint: 4434 ns, Total: 44546 ns
[2022-06-28T06:57:21.593+0000][6][safepoint   ] Safepoint "Cleanup", Time since last: 1000125285 ns, Reaching safepoint: 39017 ns, At safepoint: 4502 ns, Total: 43519 ns
[2022-06-28T06:57:22.593+0000][6][safepoint   ] Safepoint "Cleanup", Time since last: 1000178928 ns, Reaching safepoint: 62570 ns, At safepoint: 9094 ns, Total: 71664 ns
[2022-06-28T06:57:23.593+0000][6][safepoint   ] Safepoint "Cleanup", Time since last: 1000164462 ns, Reaching safepoint: 38982 ns, At safepoint: 5197 ns, Total: 44179 ns
[2022-06-28T06:57:26.594+0000][6][safepoint   ] Safepoint "Cleanup", Time since last: 3000454907 ns, Reaching safepoint: 37567 ns, At safepoint: 4758 ns, Total: 42325 ns
[2022-06-28T06:57:27.594+0000][6][safepoint   ] Safepoint "Cleanup", Time since last: 1000189146 ns, Reaching safepoint: 44893 ns, At safepoint: 5520 ns, Total: 50413 ns
[2022-06-28T06:57:29.594+0000][6][safepoint   ] Safepoint "Cleanup", Time since last: 2000268167 ns, Reaching safepoint: 48451 ns, At safepoint: 5013 ns, Total: 53464 ns
[2022-06-28T06:57:31.595+0000][6][safepoint   ] Safepoint "Cleanup", Time since last: 2000296332 ns, Reaching safepoint: 51639 ns, At safepoint: 4794 ns, Total: 56433 ns
[2022-06-28T06:57:32.595+0000][6][safepoint   ] Safepoint "Cleanup", Time since last: 1000145931 ns, Reaching safepoint: 40941 ns, At safepoint: 4997 ns, Total: 45938 ns
[2022-06-28T06:57:33.595+0000][6][safepoint   ] Safepoint "Cleanup", Time since last: 1000144418 ns, Reaching safepoint: 46118 ns, At safepoint: 5467 ns, Total: 51585 ns
[2022-06-28T06:57:34.595+0000][6][safepoint   ] Safepoint "Cleanup", Time since last: 1000160825 ns, Reaching safepoint: 37098 ns, At safepoint: 5012 ns, Total: 42110 ns
[2022-06-28T06:57:36.596+0000][6][safepoint   ] Safepoint "Cleanup", Time since last: 2000219613 ns, Reaching safepoint: 42858 ns, At safepoint: 4750 ns, Total: 47608 ns
[2022-06-28T06:57:38.596+0000][6][safepoint   ] Safepoint "Cleanup", Time since last: 2000250324 ns, Reaching safepoint: 41431 ns, At safepoint: 4387 ns, Total: 45818 ns
[2022-06-28T06:57:39.596+0000][6][safepoint   ] Safepoint "Cleanup", Time since last: 1000146354 ns, Reaching safepoint: 40665 ns, At safepoint: 4879 ns, Total: 45544 ns
[2022-06-28T06:57:43.597+0000][6][safepoint   ] Safepoint "Cleanup", Time since last: 4000417226 ns, Reaching safepoint: 65852 ns, At safepoint: 4655 ns, Total: 70507 ns
[2022-06-28T06:57:44.597+0000][6][safepoint   ] Safepoint "Cleanup", Time since last: 1000179782 ns, Reaching safepoint: 42258 ns, At safepoint: 4647 ns, Total: 46905 ns
[2022-06-28T06:57:45.597+0000][6][safepoint   ] Safepoint "Cleanup", Time since last: 1000141391 ns, Reaching safepoint: 37880 ns, At safepoint: 4975 ns, Total: 42855 ns
[2022-06-28T06:57:46.597+0000][6][safepoint   ] Safepoint "Cleanup", Time since last: 1000136113 ns, Reaching safepoint: 41871 ns, At safepoint: 5101 ns, Total: 46972 ns
[2022-06-28T06:57:47.597+0000][6][safepoint   ] Safepoint "Cleanup", Time since last: 1000161419 ns, Reaching safepoint: 42319 ns, At safepoint: 4665 ns, Total: 46984 ns
[2022-06-28T06:57:49.598+0000][6][safepoint   ] Safepoint "Cleanup", Time since last: 2000278600 ns, Reaching safepoint: 38417 ns, At safepoint: 4815 ns, Total: 43232 ns
[2022-06-28T06:57:50.598+0000][6][safepoint   ] Safepoint "Cleanup", Time since last: 1000187862 ns, Reaching safepoint: 62710 ns, At safepoint: 9289 ns, Total: 71999 ns
[2022-06-28T06:57:51.598+0000][6][safepoint   ] Safepoint "Cleanup", Time since last: 1000181477 ns, Reaching safepoint: 39559 ns, At safepoint: 4273 ns, Total: 43832 ns
[2022-06-28T06:57:53.599+0000][6][safepoint   ] Safepoint "Cleanup", Time since last: 2000420085 ns, Reaching safepoint: 37230 ns, At safepoint: 4650 ns, Total: 41880 ns
[2022-06-28T06:57:54.599+0000][6][safepoint   ] Safepoint "Cleanup", Time since last: 1000122432 ns, Reaching safepoint: 42483 ns, At safepoint: 4850 ns, Total: 47333 ns
[2022-06-28T06:57:55.599+0000][6][safepoint   ] Safepoint "Cleanup", Time since last: 1000155519 ns, Reaching safepoint: 51650 ns, At safepoint: 4935 ns, Total: 56585 ns
[2022-06-28T06:57:56.599+0000][6][safepoint   ] Safepoint "Cleanup", Time since last: 1000156376 ns, Reaching safepoint: 38555 ns, At safepoint: 4683 ns, Total: 43238 ns
[2022-06-28T06:57:57.599+0000][6][safepoint   ] Safepoint "Cleanup", Time since last: 1000121910 ns, Reaching safepoint: 34358 ns, At safepoint: 4609 ns, Total: 38967 ns
[2022-06-28T06:57:59.600+0000][6][safepoint   ] Safepoint "Cleanup", Time since last: 2000252569 ns, Reaching safepoint: 60489 ns, At safepoint: 4727 ns, Total: 65216 ns
[2022-06-28T06:58:00.600+0000][6][safepoint   ] Safepoint "Cleanup", Time since last: 1000123066 ns, Reaching safepoint: 38877 ns, At safepoint: 4664 ns, Total: 43541 ns
[2022-06-28T06:58:02.600+0000][6][safepoint   ] Safepoint "Cleanup", Time since last: 2000261209 ns, Reaching safepoint: 35156 ns, At safepoint: 4480 ns, Total: 39636 ns
[2022-06-28T06:58:03.600+0000][6][safepoint   ] Safepoint "Cleanup", Time since last: 1000150212 ns, Reaching safepoint: 47045 ns, At safepoint: 4621 ns, Total: 51666 ns
[2022-06-28T06:58:05.601+0000][6][safepoint   ] Safepoint "Cleanup", Time since last: 2000243767 ns, Reaching safepoint: 32775 ns, At safepoint: 4613 ns, Total: 37388 ns
[2022-06-28T06:58:06.601+0000][6][safepoint   ] Safepoint "Cleanup", Time since last: 1000146447 ns, Reaching safepoint: 36434 ns, At safepoint: 4553 ns, Total: 40987 ns
[2022-06-28T06:58:09.601+0000][6][safepoint   ] Safepoint "Cleanup", Time since last: 3000336875 ns, Reaching safepoint: 38397 ns, At safepoint: 4810 ns, Total: 43207 ns
[2022-06-28T06:58:11.602+0000][6][safepoint   ] Safepoint "Cleanup", Time since last: 2000282503 ns, Reaching safepoint: 39908 ns, At safepoint: 4622 ns, Total: 44530 ns
[2022-06-28T06:58:12.602+0000][6][safepoint   ] Safepoint "Cleanup", Time since last: 1000161068 ns, Reaching safepoint: 39128 ns, At safepoint: 4937 ns, Total: 44065 ns
[2022-06-28T06:58:13.602+0000][6][safepoint   ] Safepoint "Cleanup", Time since last: 1000151389 ns, Reaching safepoint: 32919 ns, At safepoint: 16264 ns, Total: 49183 ns
[2022-06-28T06:58:14.602+0000][6][safepoint   ] Safepoint "Cleanup", Time since last: 1000113805 ns, Reaching safepoint: 41947 ns, At safepoint: 4744 ns, Total: 46691 ns
[2022-06-28T06:58:19.603+0000][6][safepoint   ] Safepoint "Cleanup", Time since last: 5000493648 ns, Reaching safepoint: 38330 ns, At safepoint: 4852 ns, Total: 43182 ns
[2022-06-28T06:58:20.603+0000][6][safepoint   ] Safepoint "Cleanup", Time since last: 1000119463 ns, Reaching safepoint: 35040 ns, At safepoint: 4518 ns, Total: 39558 ns
[2022-06-28T06:58:21.603+0000][6][safepoint   ] Safepoint "Cleanup", Time since last: 1000144948 ns, Reaching safepoint: 39616 ns, At safepoint: 7663 ns, Total: 47279 ns
[2022-06-28T06:58:22.603+0000][6][safepoint   ] Safepoint "Cleanup", Time since last: 1000111225 ns, Reaching safepoint: 42680 ns, At safepoint: 4721 ns, Total: 47401 ns
[2022-06-28T06:58:24.603+0000][6][safepoint   ] Safepoint "Cleanup", Time since last: 2000203903 ns, Reaching safepoint: 40654 ns, At safepoint: 4976 ns, Total: 45630 ns
[2022-06-28T06:58:25.604+0000][6][safepoint   ] Safepoint "Cleanup", Time since last: 1000126545 ns, Reaching safepoint: 41550 ns, At safepoint: 6689 ns, Total: 48239 ns
[2022-06-28T06:58:26.604+0000][6][safepoint   ] Safepoint "Cleanup", Time since last: 1000117059 ns, Reaching safepoint: 29515 ns, At safepoint: 4487 ns, Total: 34002 ns
[2022-06-28T06:58:27.604+0000][6][safepoint   ] Safepoint "Cleanup", Time since last: 1000116384 ns, Reaching safepoint: 36346 ns, At safepoint: 4961 ns, Total: 41307 ns
[2022-06-28T06:58:30.604+0000][6][safepoint   ] Safepoint "Cleanup", Time since last: 3000338921 ns, Reaching safepoint: 40906 ns, At safepoint: 4440 ns, Total: 45346 ns
[2022-06-28T06:58:31.604+0000][6][safepoint   ] Safepoint "Cleanup", Time since last: 1000146100 ns, Reaching safepoint: 36692 ns, At safepoint: 5058 ns, Total: 41750 ns
[2022-06-28T06:58:33.605+0000][6][safepoint   ] Safepoint "Cleanup", Time since last: 2000264686 ns, Reaching safepoint: 47893 ns, At safepoint: 4800 ns, Total: 52693 ns
[2022-06-28T06:58:36.605+0000][6][safepoint   ] Safepoint "Cleanup", Time since last: 3000415254 ns, Reaching safepoint: 38497 ns, At safepoint: 4659 ns, Total: 43156 ns
[2022-06-28T06:58:37.607+0000][6][safepoint   ] Safepoint "Cleanup", Time since last: 1001252669 ns, Reaching safepoint: 38002 ns, At safepoint: 4395 ns, Total: 42397 ns
[2022-06-28T06:58:40.607+0000][6][safepoint   ] Safepoint "Cleanup", Time since last: 3000292652 ns, Reaching safepoint: 35020 ns, At safepoint: 4814 ns, Total: 39834 ns
[2022-06-28T06:58:42.615+0000][6][safepoint   ] Safepoint "Cleanup", Time since last: 2007615466 ns, Reaching safepoint: 38759 ns, At safepoint: 4828 ns, Total: 43587 ns
[2022-06-28T06:58:43.615+0000][6][safepoint   ] Safepoint "Cleanup", Time since last: 1000128900 ns, Reaching safepoint: 34034 ns, At safepoint: 4334 ns, Total: 38368 ns
[2022-06-28T06:58:44.615+0000][6][safepoint   ] Safepoint "Cleanup", Time since last: 1000120409 ns, Reaching safepoint: 55518 ns, At safepoint: 4704 ns, Total: 60222 ns
[2022-06-28T06:58:45.615+0000][6][safepoint   ] Safepoint "Cleanup", Time since last: 1000131360 ns, Reaching safepoint: 35108 ns, At safepoint: 4607 ns, Total: 39715 ns
[2022-06-28T06:58:46.616+0000][6][safepoint   ] Safepoint "Cleanup", Time since last: 1000963539 ns, Reaching safepoint: 28963 ns, At safepoint: 4382 ns, Total: 33345 ns
[2022-06-28T06:58:47.616+0000][6][safepoint   ] Safepoint "Cleanup", Time since last: 1000140177 ns, Reaching safepoint: 38861 ns, At safepoint: 4894 ns, Total: 43755 ns
[2022-06-28T06:58:49.617+0000][6][safepoint   ] Safepoint "Cleanup", Time since last: 2000242332 ns, Reaching safepoint: 39805 ns, At safepoint: 4330 ns, Total: 44135 ns
[2022-06-28T06:58:51.617+0000][6][safepoint   ] Safepoint "Cleanup", Time since last: 2000222642 ns, Reaching safepoint: 36934 ns, At safepoint: 5070 ns, Total: 42004 ns
[2022-06-28T06:58:53.617+0000][6][safepoint   ] Safepoint "Cleanup", Time since last: 2000268652 ns, Reaching safepoint: 30943 ns, At safepoint: 4474 ns, Total: 35417 ns
[2022-06-28T06:58:56.618+0000][6][safepoint   ] Safepoint "Cleanup", Time since last: 3000386105 ns, Reaching safepoint: 40066 ns, At safepoint: 4620 ns, Total: 44686 ns
[2022-06-28T06:58:57.618+0000][6][safepoint   ] Safepoint "Cleanup", Time since last: 1000147794 ns, Reaching safepoint: 35470 ns, At safepoint: 4162 ns, Total: 39632 ns
[2022-06-28T06:59:02.618+0000][6][safepoint   ] Safepoint "Cleanup", Time since last: 5000575814 ns, Reaching safepoint: 34609 ns, At safepoint: 4615 ns, Total: 39224 ns
[2022-06-28T06:59:03.619+0000][6][safepoint   ] Safepoint "Cleanup", Time since last: 1000163870 ns, Reaching safepoint: 40583 ns, At safepoint: 4265 ns, Total: 44848 ns
[2022-06-28T06:59:04.619+0000][6][safepoint   ] Safepoint "Cleanup", Time since last: 1000110853 ns, Reaching safepoint: 35188 ns, At safepoint: 4394 ns, Total: 39582 ns
[2022-06-28T06:59:05.619+0000][6][safepoint   ] Safepoint "Cleanup", Time since last: 1000115732 ns, Reaching safepoint: 29994 ns, At safepoint: 4363 ns, Total: 34357 ns
[2022-06-28T06:59:06.619+0000][6][safepoint   ] Safepoint "Cleanup", Time since last: 1000112890 ns, Reaching safepoint: 39917 ns, At safepoint: 4406 ns, Total: 44323 ns
[2022-06-28T06:59:07.619+0000][6][safepoint   ] Safepoint "Cleanup", Time since last: 1000114481 ns, Reaching safepoint: 159810 ns, At safepoint: 8505 ns, Total: 168315 ns
[2022-06-28T06:59:08.619+0000][6][safepoint   ] Safepoint "Cleanup", Time since last: 1000115576 ns, Reaching safepoint: 29361 ns, At safepoint: 4434 ns, Total: 33795 ns
[2022-06-28T06:59:10.620+0000][6][safepoint   ] Safepoint "Cleanup", Time since last: 2000284824 ns, Reaching safepoint: 39552 ns, At safepoint: 4464 ns, Total: 44016 ns
[2022-06-28T06:59:13.620+0000][6][safepoint   ] Safepoint "Cleanup", Time since last: 3000357162 ns, Reaching safepoint: 36335 ns, At safepoint: 4624 ns, Total: 40959 ns
[2022-06-28T06:59:17.621+0000][6][safepoint   ] Safepoint "Cleanup", Time since last: 4000474605 ns, Reaching safepoint: 37760 ns, At safepoint: 4674 ns, Total: 42434 ns
[2022-06-28T06:59:18.621+0000][6][safepoint   ] Safepoint "Cleanup", Time since last: 1000167424 ns, Reaching safepoint: 38727 ns, At safepoint: 4973 ns, Total: 43700 ns
[2022-06-28T06:59:19.621+0000][6][safepoint   ] Safepoint "Cleanup", Time since last: 1000172347 ns, Reaching safepoint: 39070 ns, At safepoint: 4616 ns, Total: 43686 ns
[2022-06-28T06:59:20.621+0000][6][safepoint   ] Safepoint "Cleanup", Time since last: 1000148792 ns, Reaching safepoint: 35053 ns, At safepoint: 4617 ns, Total: 39670 ns
[2022-06-28T06:59:21.621+0000][6][safepoint   ] Safepoint "Cleanup", Time since last: 1000152824 ns, Reaching safepoint: 34920 ns, At safepoint: 4075 ns, Total: 38995 ns
[2022-06-28T06:59:23.622+0000][6][safepoint   ] Safepoint "Cleanup", Time since last: 2000281201 ns, Reaching safepoint: 38524 ns, At safepoint: 5133 ns, Total: 43657 ns
[2022-06-28T06:59:24.622+0000][6][safepoint   ] Safepoint "Cleanup", Time since last: 1000140145 ns, Reaching safepoint: 36046 ns, At safepoint: 4646 ns, Total: 40692 ns
[2022-06-28T06:59:26.622+0000][6][safepoint   ] Safepoint "Cleanup", Time since last: 2000266610 ns, Reaching safepoint: 37357 ns, At safepoint: 4714 ns, Total: 42071 ns
[2022-06-28T06:59:27.623+0000][6][safepoint   ] Safepoint "Cleanup", Time since last: 1000165084 ns, Reaching safepoint: 41545 ns, At safepoint: 5232 ns, Total: 46777 ns
[2022-06-28T06:59:31.623+0000][6][safepoint   ] Safepoint "Cleanup", Time since last: 4000381030 ns, Reaching safepoint: 45183 ns, At safepoint: 4889 ns, Total: 50072 ns
[2022-06-28T06:59:33.623+0000][6][safepoint   ] Safepoint "Cleanup", Time since last: 2000232625 ns, Reaching safepoint: 41423 ns, At safepoint: 4682 ns, Total: 46105 ns
[2022-06-28T06:59:34.623+0000][6][safepoint   ] Safepoint "Cleanup", Time since last: 1000193401 ns, Reaching safepoint: 68610 ns, At safepoint: 4215 ns, Total: 72825 ns
[2022-06-28T06:59:37.624+0000][6][safepoint   ] Safepoint "Cleanup", Time since last: 3000342936 ns, Reaching safepoint: 44148 ns, At safepoint: 4604 ns, Total: 48752 ns
[2022-06-28T06:59:38.624+0000][6][safepoint   ] Safepoint "Cleanup", Time since last: 1000154107 ns, Reaching safepoint: 39720 ns, At safepoint: 4598 ns, Total: 44318 ns
[2022-06-28T06:59:40.624+0000][6][safepoint   ] Safepoint "Cleanup", Time since last: 2000230361 ns, Reaching safepoint: 39515 ns, At safepoint: 4687 ns, Total: 44202 ns
[2022-06-28T06:59:41.625+0000][6][safepoint   ] Safepoint "Cleanup", Time since last: 1000158851 ns, Reaching safepoint: 40879 ns, At safepoint: 4884 ns, Total: 45763 ns
[2022-06-28T06:59:43.625+0000][6][safepoint   ] Safepoint "Cleanup", Time since last: 2000317309 ns, Reaching safepoint: 42786 ns, At safepoint: 4567 ns, Total: 47353 ns
[2022-06-28T06:59:44.625+0000][6][safepoint   ] Safepoint "Cleanup", Time since last: 1000139593 ns, Reaching safepoint: 40559 ns, At safepoint: 4944 ns, Total: 45503 ns
[2022-06-28T06:59:47.626+0000][6][safepoint   ] Safepoint "Cleanup", Time since last: 3000347779 ns, Reaching safepoint: 45610 ns, At safepoint: 4445 ns, Total: 50055 ns
[2022-06-28T06:59:48.626+0000][6][safepoint   ] Safepoint "Cleanup", Time since last: 1000140935 ns, Reaching safepoint: 36847 ns, At safepoint: 4923 ns, Total: 41770 ns
[2022-06-28T06:59:50.626+0000][6][safepoint   ] Safepoint "Cleanup", Time since last: 2000297200 ns, Reaching safepoint: 35536 ns, At safepoint: 4617 ns, Total: 40153 ns
[2022-06-28T06:59:51.745+0000][6][gc,start    ] GC(31) Pause Young (Concurrent Start) (G1 Evacuation Pause)
[2022-06-28T06:59:51.745+0000][6][gc,task     ] GC(31) Using 1 workers of 1 for evacuation
[2022-06-28T06:59:51.745+0000][6][gc,age      ] GC(31) Desired survivor size 8388608 bytes, new threshold 3 (max threshold 15)
[2022-06-28T06:59:51.781+0000][6][gc,phases   ] GC(31)   Pre Evacuate Collection Set: 0.3ms
[2022-06-28T06:59:51.781+0000][6][gc,phases   ] GC(31)   Merge Heap Roots: 0.1ms
[2022-06-28T06:59:51.781+0000][6][gc,phases   ] GC(31)   Evacuate Collection Set: 33.8ms
[2022-06-28T06:59:51.781+0000][6][gc,phases   ] GC(31)   Post Evacuate Collection Set: 1.6ms
[2022-06-28T06:59:51.781+0000][6][gc,phases   ] GC(31)   Other: 0.1ms
[2022-06-28T06:59:51.781+0000][6][gc,age      ] GC(31) Age table with threshold 3 (max threshold 15)
[2022-06-28T06:59:51.781+0000][6][gc,age      ] GC(31) - age   1:     903136 bytes,     903136 total
[2022-06-28T06:59:51.781+0000][6][gc,age      ] GC(31) - age   2:    3614520 bytes,    4517656 total
[2022-06-28T06:59:51.781+0000][6][gc,age      ] GC(31) - age   3:    1632976 bytes,    6150632 total
[2022-06-28T06:59:51.781+0000][6][gc,heap     ] GC(31) Eden regions: 27->0(27)
[2022-06-28T06:59:51.781+0000][6][gc,heap     ] GC(31) Survivor regions: 3->2(4)
[2022-06-28T06:59:51.781+0000][6][gc,heap     ] GC(31) Old regions: 16->18
[2022-06-28T06:59:51.782+0000][6][gc,heap     ] GC(31) Archive regions: 2->2
[2022-06-28T06:59:51.782+0000][6][gc,heap     ] GC(31) Humongous regions: 2->2
[2022-06-28T06:59:51.782+0000][6][gc,metaspace] GC(31) Metaspace: 108308K(111168K)->108308K(111168K) NonClass: 93482K(94976K)->93482K(94976K) Class: 14825K(16192K)->14825K(16192K)
[2022-06-28T06:59:51.782+0000][6][gc          ] GC(31) Pause Young (Concurrent Start) (G1 Evacuation Pause) 194M->86M(256M) 36.159ms
[2022-06-28T06:59:51.782+0000][6][gc,cpu      ] GC(31) User=0.03s Sys=0.00s Real=0.04s
[2022-06-28T06:59:51.782+0000][6][safepoint   ] Safepoint "G1CollectForAllocation", Time since last: 1119187684 ns, Reaching safepoint: 157261 ns, At safepoint: 36238376 ns, Total: 36395637 ns
[2022-06-28T06:59:51.782+0000][6][gc          ] GC(32) Concurrent Mark Cycle
[2022-06-28T06:59:51.782+0000][6][gc,marking  ] GC(32) Concurrent Clear Claimed Marks
[2022-06-28T06:59:51.782+0000][6][gc,marking  ] GC(32) Concurrent Clear Claimed Marks 0.210ms
[2022-06-28T06:59:51.782+0000][6][gc,marking  ] GC(32) Concurrent Scan Root Regions
[2022-06-28T06:59:51.809+0000][6][gc,marking  ] GC(32) Concurrent Scan Root Regions 27.303ms
[2022-06-28T06:59:51.809+0000][6][gc,marking  ] GC(32) Concurrent Mark
[2022-06-28T06:59:51.809+0000][6][gc,marking  ] GC(32) Concurrent Mark From Roots
[2022-06-28T06:59:51.809+0000][6][gc,task     ] GC(32) Using 1 workers of 1 for marking
[2022-06-28T06:59:51.910+0000][6][gc,marking  ] GC(32) Concurrent Mark From Roots 100.388ms
[2022-06-28T06:59:51.910+0000][6][gc,marking  ] GC(32) Concurrent Preclean
[2022-06-28T06:59:51.910+0000][6][gc,marking  ] GC(32) Concurrent Preclean 0.470ms
[2022-06-28T06:59:51.910+0000][6][gc,start    ] GC(32) Pause Remark
[2022-06-28T06:59:51.947+0000][6][gc          ] GC(32) Pause Remark 87M->87M(256M) 36.908ms
[2022-06-28T06:59:51.947+0000][6][gc,cpu      ] GC(32) User=0.02s Sys=0.00s Real=0.04s
[2022-06-28T06:59:51.947+0000][6][safepoint   ] Safepoint "G1Concurrent", Time since last: 128600854 ns, Reaching safepoint: 25217 ns, At safepoint: 37004135 ns, Total: 37029352 ns
[2022-06-28T06:59:51.951+0000][6][gc,marking  ] GC(32) Concurrent Mark 142.047ms
[2022-06-28T06:59:51.951+0000][6][gc,marking  ] GC(32) Concurrent Rebuild Remembered Sets
[2022-06-28T06:59:52.077+0000][6][gc,marking  ] GC(32) Concurrent Rebuild Remembered Sets 125.468ms
[2022-06-28T06:59:52.085+0000][6][gc,start    ] GC(32) Pause Cleanup
[2022-06-28T06:59:52.085+0000][6][gc          ] GC(32) Pause Cleanup 88M->88M(256M) 0.078ms
[2022-06-28T06:59:52.086+0000][6][gc,cpu      ] GC(32) User=0.00s Sys=0.00s Real=0.00s
[2022-06-28T06:59:52.086+0000][6][safepoint   ] Safepoint "G1Concurrent", Time since last: 129631047 ns, Reaching safepoint: 8519487 ns, At safepoint: 128859 ns, Total: 8648346 ns
[2022-06-28T06:59:52.086+0000][6][gc,marking  ] GC(32) Concurrent Cleanup for Next Mark
[2022-06-28T06:59:52.086+0000][6][gc,marking  ] GC(32) Concurrent Cleanup for Next Mark 0.840ms
[2022-06-28T06:59:52.087+0000][6][gc          ] GC(32) Concurrent Mark Cycle 304.824ms
[2022-06-28T06:59:55.086+0000][6][safepoint   ] Safepoint "Cleanup", Time since last: 3000435123 ns, Reaching safepoint: 36077 ns, At safepoint: 4710 ns, Total: 40787 ns
[2022-06-28T06:59:57.086+0000][6][safepoint   ] Safepoint "Cleanup", Time since last: 2000256928 ns, Reaching safepoint: 53749 ns, At safepoint: 5076 ns, Total: 58825 ns
[2022-06-28T07:00:03.087+0000][6][safepoint   ] Safepoint "Cleanup", Time since last: 6000640118 ns, Reaching safepoint: 44422 ns, At safepoint: 4717 ns, Total: 49139 ns
[2022-06-28T07:00:05.087+0000][6][safepoint   ] Safepoint "Cleanup", Time since last: 2000247675 ns, Reaching safepoint: 41211 ns, At safepoint: 4818 ns, Total: 46029 ns
[2022-06-28T07:00:06.087+0000][6][safepoint   ] Safepoint "Cleanup", Time since last: 1000134230 ns, Reaching safepoint: 41864 ns, At safepoint: 4913 ns, Total: 46777 ns
[2022-06-28T07:00:08.088+0000][6][safepoint   ] Safepoint "Cleanup", Time since last: 2000278405 ns, Reaching safepoint: 50181 ns, At safepoint: 4567 ns, Total: 54748 ns
[2022-06-28T07:00:09.088+0000][6][safepoint   ] Safepoint "Cleanup", Time since last: 1000162176 ns, Reaching safepoint: 43760 ns, At safepoint: 5526 ns, Total: 49286 ns
[2022-06-28T07:00:12.088+0000][6][safepoint   ] Safepoint "Cleanup", Time since last: 3000359522 ns, Reaching safepoint: 40723 ns, At safepoint: 4596 ns, Total: 45319 ns
[2022-06-28T07:00:13.089+0000][6][safepoint   ] Safepoint "Cleanup", Time since last: 1000171556 ns, Reaching safepoint: 44881 ns, At safepoint: 4748 ns, Total: 49629 ns
[2022-06-28T07:00:17.089+0000][6][safepoint   ] Safepoint "Cleanup", Time since last: 4000489302 ns, Reaching safepoint: 38653 ns, At safepoint: 4811 ns, Total: 43464 ns
[2022-06-28T07:00:18.089+0000][6][safepoint   ] Safepoint "Cleanup", Time since last: 1000143564 ns, Reaching safepoint: 41485 ns, At safepoint: 5321 ns, Total: 46806 ns
[2022-06-28T07:00:19.090+0000][6][safepoint   ] Safepoint "Cleanup", Time since last: 1000125555 ns, Reaching safepoint: 37170 ns, At safepoint: 5295 ns, Total: 42465 ns
[2022-06-28T07:00:22.090+0000][6][safepoint   ] Safepoint "Cleanup", Time since last: 3000341826 ns, Reaching safepoint: 37161 ns, At safepoint: 4841 ns, Total: 42002 ns
[2022-06-28T07:00:25.090+0000][6][safepoint   ] Safepoint "Cleanup", Time since last: 3000305971 ns, Reaching safepoint: 40519 ns, At safepoint: 5120 ns, Total: 45639 ns
[2022-06-28T07:00:27.091+0000][6][safepoint   ] Safepoint "Cleanup", Time since last: 2000241717 ns, Reaching safepoint: 37844 ns, At safepoint: 4918 ns, Total: 42762 ns
[2022-06-28T07:00:29.091+0000][6][safepoint   ] Safepoint "Cleanup", Time since last: 2000196207 ns, Reaching safepoint: 39845 ns, At safepoint: 5087 ns, Total: 44932 ns
[2022-06-28T07:00:33.091+0000][6][safepoint   ] Safepoint "Cleanup", Time since last: 4000441462 ns, Reaching safepoint: 46620 ns, At safepoint: 4717 ns, Total: 51337 ns
[2022-06-28T07:00:36.092+0000][6][safepoint   ] Safepoint "Cleanup", Time since last: 3000403266 ns, Reaching safepoint: 51500 ns, At safepoint: 9179 ns, Total: 60679 ns
[2022-06-28T07:00:38.092+0000][6][safepoint   ] Safepoint "Cleanup", Time since last: 2000273630 ns, Reaching safepoint: 39725 ns, At safepoint: 4587 ns, Total: 44312 ns
[2022-06-28T07:00:40.092+0000][6][safepoint   ] Safepoint "Cleanup", Time since last: 2000279835 ns, Reaching safepoint: 42292 ns, At safepoint: 5044 ns, Total: 47336 ns
[2022-06-28T07:00:42.093+0000][6][safepoint   ] Safepoint "Cleanup", Time since last: 2000250655 ns, Reaching safepoint: 44059 ns, At safepoint: 5047 ns, Total: 49106 ns
[2022-06-28T07:00:43.093+0000][6][safepoint   ] Safepoint "Cleanup", Time since last: 1000173503 ns, Reaching safepoint: 57172 ns, At safepoint: 4722 ns, Total: 61894 ns
[2022-06-28T07:00:45.093+0000][6][safepoint   ] Safepoint "Cleanup", Time since last: 2000265394 ns, Reaching safepoint: 38094 ns, At safepoint: 4555 ns, Total: 42649 ns
[2022-06-28T07:00:48.094+0000][6][safepoint   ] Safepoint "Cleanup", Time since last: 3000415689 ns, Reaching safepoint: 35457 ns, At safepoint: 27026 ns, Total: 62483 ns
[2022-06-28T07:00:51.094+0000][6][safepoint   ] Safepoint "Cleanup", Time since last: 3000384889 ns, Reaching safepoint: 52992 ns, At safepoint: 4981 ns, Total: 57973 ns
[2022-06-28T07:00:52.094+0000][6][safepoint   ] Safepoint "Cleanup", Time since last: 1000171416 ns, Reaching safepoint: 42231 ns, At safepoint: 5021 ns, Total: 47252 ns
[2022-06-28T07:00:54.095+0000][6][safepoint   ] Safepoint "Cleanup", Time since last: 2000306518 ns, Reaching safepoint: 39900 ns, At safepoint: 4577 ns, Total: 44477 ns
[2022-06-28T07:01:02.096+0000][6][safepoint   ] Safepoint "Cleanup", Time since last: 8000857589 ns, Reaching safepoint: 37956 ns, At safepoint: 4974 ns, Total: 42930 ns
[2022-06-28T07:01:03.096+0000][6][safepoint   ] Safepoint "Cleanup", Time since last: 1000126939 ns, Reaching safepoint: 42487 ns, At safepoint: 4736 ns, Total: 47223 ns
[2022-06-28T07:01:06.096+0000][6][safepoint   ] Safepoint "Cleanup", Time since last: 3000372657 ns, Reaching safepoint: 35172 ns, At safepoint: 4495 ns, Total: 39667 ns
[2022-06-28T07:01:08.097+0000][6][safepoint   ] Safepoint "Cleanup", Time since last: 2000247133 ns, Reaching safepoint: 37660 ns, At safepoint: 4756 ns, Total: 42416 ns
[2022-06-28T07:01:10.097+0000][6][safepoint   ] Safepoint "Cleanup", Time since last: 2000265099 ns, Reaching safepoint: 38281 ns, At safepoint: 4583 ns, Total: 42864 ns
[2022-06-28T07:01:11.097+0000][6][safepoint   ] Safepoint "Cleanup", Time since last: 1000120359 ns, Reaching safepoint: 39635 ns, At safepoint: 5027 ns, Total: 44662 ns
[2022-06-28T07:01:12.097+0000][6][safepoint   ] Safepoint "Cleanup", Time since last: 1000159353 ns, Reaching safepoint: 38718 ns, At safepoint: 4773 ns, Total: 43491 ns
[2022-06-28T07:01:16.098+0000][6][safepoint   ] Safepoint "Cleanup", Time since last: 4000525612 ns, Reaching safepoint: 39847 ns, At safepoint: 5454 ns, Total: 45301 ns
[2022-06-28T07:01:28.099+0000][6][safepoint   ] Safepoint "Cleanup", Time since last: 12001223919 ns, Reaching safepoint: 37379 ns, At safepoint: 4640 ns, Total: 42019 ns
[2022-06-28T07:01:30.099+0000][6][safepoint   ] Safepoint "Cleanup", Time since last: 2000258295 ns, Reaching safepoint: 37923 ns, At safepoint: 4793 ns, Total: 42716 ns
[2022-06-28T07:01:32.100+0000][6][safepoint   ] Safepoint "Cleanup", Time since last: 2000249819 ns, Reaching safepoint: 32667 ns, At safepoint: 4499 ns, Total: 37166 ns
[2022-06-28T07:01:33.101+0000][6][safepoint   ] Safepoint "Cleanup", Time since last: 1001302185 ns, Reaching safepoint: 38437 ns, At safepoint: 4790 ns, Total: 43227 ns
[2022-06-28T07:01:36.101+0000][6][safepoint   ] Safepoint "Cleanup", Time since last: 3000349033 ns, Reaching safepoint: 32159 ns, At safepoint: 4484 ns, Total: 36643 ns
[2022-06-28T07:01:37.102+0000][6][safepoint   ] Safepoint "Cleanup", Time since last: 1000153764 ns, Reaching safepoint: 40517 ns, At safepoint: 5046 ns, Total: 45563 ns
[2022-06-28T07:01:43.102+0000][6][safepoint   ] Safepoint "Cleanup", Time since last: 6000626643 ns, Reaching safepoint: 36905 ns, At safepoint: 4392 ns, Total: 41297 ns
[2022-06-28T07:01:47.103+0000][6][safepoint   ] Safepoint "Cleanup", Time since last: 4000423699 ns, Reaching safepoint: 39352 ns, At safepoint: 4872 ns, Total: 44224 ns
[2022-06-28T07:01:56.104+0000][6][safepoint   ] Safepoint "Cleanup", Time since last: 9000838807 ns, Reaching safepoint: 32242 ns, At safepoint: 4629 ns, Total: 36871 ns
[2022-06-28T07:01:57.104+0000][6][safepoint   ] Safepoint "Cleanup", Time since last: 1000139948 ns, Reaching safepoint: 33490 ns, At safepoint: 4822 ns, Total: 38312 ns
[2022-06-28T07:02:00.104+0000][6][safepoint   ] Safepoint "Cleanup", Time since last: 3000303894 ns, Reaching safepoint: 33288 ns, At safepoint: 4215 ns, Total: 37503 ns
[2022-06-28T07:02:01.104+0000][6][safepoint   ] Safepoint "Cleanup", Time since last: 1000128385 ns, Reaching safepoint: 33495 ns, At safepoint: 4879 ns, Total: 38374 ns
[2022-06-28T07:02:03.105+0000][6][safepoint   ] Safepoint "Cleanup", Time since last: 2000249294 ns, Reaching safepoint: 36929 ns, At safepoint: 5065 ns, Total: 41994 ns
[2022-06-28T07:02:07.105+0000][6][safepoint   ] Safepoint "Cleanup", Time since last: 4000420113 ns, Reaching safepoint: 36874 ns, At safepoint: 4784 ns, Total: 41658 ns
[2022-06-28T07:02:11.105+0000][6][safepoint   ] Safepoint "Cleanup", Time since last: 4000440123 ns, Reaching safepoint: 45964 ns, At safepoint: 4607 ns, Total: 50571 ns
[2022-06-28T07:02:12.106+0000][6][safepoint   ] Safepoint "Cleanup", Time since last: 1000155404 ns, Reaching safepoint: 80128 ns, At safepoint: 5014 ns, Total: 85142 ns
[2022-06-28T07:02:13.106+0000][6][safepoint   ] Safepoint "Cleanup", Time since last: 1000144137 ns, Reaching safepoint: 37715 ns, At safepoint: 4609 ns, Total: 42324 ns
[2022-06-28T07:02:25.107+0000][6][safepoint   ] Safepoint "Cleanup", Time since last: 12001146828 ns, Reaching safepoint: 40191 ns, At safepoint: 5005 ns, Total: 45196 ns
[2022-06-28T07:02:33.108+0000][6][safepoint   ] Safepoint "Cleanup", Time since last: 8000935484 ns, Reaching safepoint: 42556 ns, At safepoint: 4923 ns, Total: 47479 ns
[2022-06-28T07:02:36.108+0000][6][safepoint   ] Safepoint "Cleanup", Time since last: 3000305863 ns, Reaching safepoint: 38147 ns, At safepoint: 4663 ns, Total: 42810 ns
[2022-06-28T07:02:47.177+0000][6][gc,start    ] GC(33) Pause Young (Normal) (G1 Evacuation Pause)
[2022-06-28T07:02:47.177+0000][6][gc,task     ] GC(33) Using 1 workers of 1 for evacuation
[2022-06-28T07:02:47.177+0000][6][gc,age      ] GC(33) Desired survivor size 8388608 bytes, new threshold 15 (max threshold 15)
[2022-06-28T07:02:47.212+0000][6][gc,phases   ] GC(33)   Pre Evacuate Collection Set: 0.0ms
[2022-06-28T07:02:47.212+0000][6][gc,phases   ] GC(33)   Merge Heap Roots: 0.1ms
[2022-06-28T07:02:47.212+0000][6][gc,phases   ] GC(33)   Evacuate Collection Set: 30.5ms
[2022-06-28T07:02:47.212+0000][6][gc,phases   ] GC(33)   Post Evacuate Collection Set: 3.8ms
[2022-06-28T07:02:47.212+0000][6][gc,phases   ] GC(33)   Other: 0.1ms
[2022-06-28T07:02:47.212+0000][6][gc,age      ] GC(33) Age table with threshold 15 (max threshold 15)
[2022-06-28T07:02:47.212+0000][6][gc,age      ] GC(33) - age   1:     121672 bytes,     121672 total
[2022-06-28T07:02:47.212+0000][6][gc,age      ] GC(33) - age   2:     582928 bytes,     704600 total
[2022-06-28T07:02:47.212+0000][6][gc,age      ] GC(33) - age   3:    3412008 bytes,    4116608 total
[2022-06-28T07:02:47.212+0000][6][gc,age      ] GC(33) - age   4:    1548840 bytes,    5665448 total
[2022-06-28T07:02:47.212+0000][6][gc,heap     ] GC(33) Eden regions: 27->0(27)
[2022-06-28T07:02:47.212+0000][6][gc,heap     ] GC(33) Survivor regions: 2->2(4)
[2022-06-28T07:02:47.212+0000][6][gc,heap     ] GC(33) Old regions: 18->18
[2022-06-28T07:02:47.212+0000][6][gc,heap     ] GC(33) Archive regions: 2->2
[2022-06-28T07:02:47.212+0000][6][gc,heap     ] GC(33) Humongous regions: 2->2
[2022-06-28T07:02:47.212+0000][6][gc,metaspace] GC(33) Metaspace: 108104K(111232K)->108104K(111232K) NonClass: 93408K(95040K)->93408K(95040K) Class: 14695K(16192K)->14695K(16192K)
[2022-06-28T07:02:47.212+0000][6][gc          ] GC(33) Pause Young (Normal) (G1 Evacuation Pause) 194M->87M(256M) 34.772ms
[2022-06-28T07:02:47.212+0000][6][gc,cpu      ] GC(33) User=0.03s Sys=0.00s Real=0.03s
[2022-06-28T07:02:47.212+0000][6][safepoint   ] Safepoint "G1CollectForAllocation", Time since last: 11068521312 ns, Reaching safepoint: 25786 ns, At safepoint: 34833479 ns, Total: 34859265 ns
[2022-06-28T07:02:49.212+0000][6][safepoint   ] Safepoint "Cleanup", Time since last: 2000236738 ns, Reaching safepoint: 40958 ns, At safepoint: 4895 ns, Total: 45853 ns
[2022-06-28T07:02:53.172+0000][6][safepoint   ] Safepoint "Cleanup", Time since last: 3959552314 ns, Reaching safepoint: 78310 ns, At safepoint: 51556 ns, Total: 129866 ns
[2022-06-28T07:02:55.230+0000][6][safepoint   ] Safepoint "Cleanup", Time since last: 2058346663 ns, Reaching safepoint: 53413 ns, At safepoint: 4960 ns, Total: 58373 ns
[2022-06-28T07:03:03.231+0000][6][safepoint   ] Safepoint "Cleanup", Time since last: 8000799521 ns, Reaching safepoint: 39262 ns, At safepoint: 4856 ns, Total: 44118 ns
[2022-06-28T07:03:06.231+0000][6][safepoint   ] Safepoint "Cleanup", Time since last: 3000335063 ns, Reaching safepoint: 39828 ns, At safepoint: 4522 ns, Total: 44350 ns
[2022-06-28T07:03:07.232+0000][6][safepoint   ] Safepoint "Cleanup", Time since last: 1000168976 ns, Reaching safepoint: 41275 ns, At safepoint: 5328 ns, Total: 46603 ns
[2022-06-28T07:03:08.232+0000][6][safepoint   ] Safepoint "Cleanup", Time since last: 1000150053 ns, Reaching safepoint: 38607 ns, At safepoint: 4598 ns, Total: 43205 ns
[2022-06-28T07:03:09.232+0000][6][safepoint   ] Safepoint "Cleanup", Time since last: 1000153981 ns, Reaching safepoint: 38002 ns, At safepoint: 4729 ns, Total: 42731 ns
[2022-06-28T07:03:14.233+0000][6][safepoint   ] Safepoint "Cleanup", Time since last: 5000505662 ns, Reaching safepoint: 42932 ns, At safepoint: 4774 ns, Total: 47706 ns
[2022-06-28T07:03:15.233+0000][6][safepoint   ] Safepoint "Cleanup", Time since last: 1000149708 ns, Reaching safepoint: 39893 ns, At safepoint: 4847 ns, Total: 44740 ns
[2022-06-28T07:03:16.233+0000][6][safepoint   ] Safepoint "Cleanup", Time since last: 1000141407 ns, Reaching safepoint: 36179 ns, At safepoint: 4946 ns, Total: 41125 ns
[2022-06-28T07:03:18.233+0000][6][safepoint   ] Safepoint "Cleanup", Time since last: 2000207836 ns, Reaching safepoint: 40362 ns, At safepoint: 5098 ns, Total: 45460 ns
[2022-06-28T07:03:29.234+0000][6][safepoint   ] Safepoint "Cleanup", Time since last: 11001218962 ns, Reaching safepoint: 35024 ns, At safepoint: 4863 ns, Total: 39887 ns
[2022-06-28T07:03:32.235+0000][6][safepoint   ] Safepoint "Cleanup", Time since last: 3000272311 ns, Reaching safepoint: 37567 ns, At safepoint: 4914 ns, Total: 42481 ns
[2022-06-28T07:03:33.235+0000][6][safepoint   ] Safepoint "Cleanup", Time since last: 1000145062 ns, Reaching safepoint: 40515 ns, At safepoint: 4627 ns, Total: 45142 ns
[2022-06-28T07:03:35.235+0000][6][safepoint   ] Safepoint "Cleanup", Time since last: 2000267826 ns, Reaching safepoint: 53993 ns, At safepoint: 4812 ns, Total: 58805 ns
[2022-06-28T07:03:36.236+0000][6][safepoint   ] Safepoint "Cleanup", Time since last: 1000163273 ns, Reaching safepoint: 43312 ns, At safepoint: 4933 ns, Total: 48245 ns
[2022-06-28T07:03:43.236+0000][6][safepoint   ] Safepoint "Cleanup", Time since last: 7000934109 ns, Reaching safepoint: 40170 ns, At safepoint: 4896 ns, Total: 45066 ns
[2022-06-28T07:03:44.237+0000][6][safepoint   ] Safepoint "Cleanup", Time since last: 1000159668 ns, Reaching safepoint: 37856 ns, At safepoint: 16552 ns, Total: 54408 ns
[2022-06-28T07:04:04.239+0000][6][safepoint   ] Safepoint "Cleanup", Time since last: 20002311383 ns, Reaching safepoint: 42871 ns, At safepoint: 4894 ns, Total: 47765 ns
[2022-06-28T07:04:06.239+0000][6][safepoint   ] Safepoint "Cleanup", Time since last: 2000266623 ns, Reaching safepoint: 42060 ns, At safepoint: 4857 ns, Total: 46917 ns
[2022-06-28T07:04:16.241+0000][6][safepoint   ] Safepoint "Cleanup", Time since last: 10001098326 ns, Reaching safepoint: 42406 ns, At safepoint: 4847 ns, Total: 47253 ns
[2022-06-28T07:04:17.241+0000][6][safepoint   ] Safepoint "Cleanup", Time since last: 1000165343 ns, Reaching safepoint: 39544 ns, At safepoint: 4813 ns, Total: 44357 ns
[2022-06-28T07:04:20.241+0000][6][safepoint   ] Safepoint "Cleanup", Time since last: 3000273186 ns, Reaching safepoint: 38940 ns, At safepoint: 4855 ns, Total: 43795 ns
[2022-06-28T07:04:27.242+0000][6][safepoint   ] Safepoint "Cleanup", Time since last: 7000744597 ns, Reaching safepoint: 44102 ns, At safepoint: 5003 ns, Total: 49105 ns
[2022-06-28T07:04:33.243+0000][6][safepoint   ] Safepoint "Cleanup", Time since last: 6000688451 ns, Reaching safepoint: 41034 ns, At safepoint: 5157 ns, Total: 46191 ns
[2022-06-28T07:04:36.243+0000][6][safepoint   ] Safepoint "Cleanup", Time since last: 3000370189 ns, Reaching safepoint: 38526 ns, At safepoint: 4988 ns, Total: 43514 ns
[2022-06-28T07:04:44.244+0000][6][safepoint   ] Safepoint "Cleanup", Time since last: 8000940752 ns, Reaching safepoint: 35680 ns, At safepoint: 4255 ns, Total: 39935 ns
[2022-06-28T07:04:47.244+0000][6][safepoint   ] Safepoint "Cleanup", Time since last: 3000305579 ns, Reaching safepoint: 39819 ns, At safepoint: 5415 ns, Total: 45234 ns
[2022-06-28T07:04:53.245+0000][6][safepoint   ] Safepoint "Cleanup", Time since last: 6000630772 ns, Reaching safepoint: 58294 ns, At safepoint: 6745 ns, Total: 65039 ns
[2022-06-28T07:05:03.246+0000][6][safepoint   ] Safepoint "Cleanup", Time since last: 10001168428 ns, Reaching safepoint: 39582 ns, At safepoint: 4680 ns, Total: 44262 ns
[2022-06-28T07:05:17.248+0000][6][safepoint   ] Safepoint "Cleanup", Time since last: 14001617152 ns, Reaching safepoint: 38141 ns, At safepoint: 4940 ns, Total: 43081 ns
[2022-06-28T07:05:42.251+0000][6][safepoint   ] Safepoint "Cleanup", Time since last: 25002597726 ns, Reaching safepoint: 38970 ns, At safepoint: 4904 ns, Total: 43874 ns
[2022-06-28T07:05:58.527+0000][6][gc,start    ] GC(34) Pause Young (Concurrent Start) (G1 Evacuation Pause)
[2022-06-28T07:05:58.527+0000][6][gc,task     ] GC(34) Using 1 workers of 1 for evacuation
[2022-06-28T07:05:58.527+0000][6][gc,age      ] GC(34) Desired survivor size 8388608 bytes, new threshold 15 (max threshold 15)
[2022-06-28T07:05:58.544+0000][6][gc,phases   ] GC(34)   Pre Evacuate Collection Set: 0.2ms
[2022-06-28T07:05:58.544+0000][6][gc,phases   ] GC(34)   Merge Heap Roots: 0.1ms
[2022-06-28T07:05:58.544+0000][6][gc,phases   ] GC(34)   Evacuate Collection Set: 15.0ms
[2022-06-28T07:05:58.544+0000][6][gc,phases   ] GC(34)   Post Evacuate Collection Set: 1.3ms
[2022-06-28T07:05:58.544+0000][6][gc,phases   ] GC(34)   Other: 0.1ms
[2022-06-28T07:05:58.544+0000][6][gc,age      ] GC(34) Age table with threshold 15 (max threshold 15)
[2022-06-28T07:05:58.544+0000][6][gc,age      ] GC(34) - age   1:      18576 bytes,      18576 total
[2022-06-28T07:05:58.544+0000][6][gc,age      ] GC(34) - age   2:     106344 bytes,     124920 total
[2022-06-28T07:05:58.544+0000][6][gc,age      ] GC(34) - age   3:     527504 bytes,     652424 total
[2022-06-28T07:05:58.544+0000][6][gc,age      ] GC(34) - age   4:    3401752 bytes,    4054176 total
[2022-06-28T07:05:58.544+0000][6][gc,age      ] GC(34) - age   5:    1548840 bytes,    5603016 total
[2022-06-28T07:05:58.544+0000][6][gc,heap     ] GC(34) Eden regions: 27->0(28)
[2022-06-28T07:05:58.544+0000][6][gc,heap     ] GC(34) Survivor regions: 2->2(4)
[2022-06-28T07:05:58.544+0000][6][gc,heap     ] GC(34) Old regions: 18->18
[2022-06-28T07:05:58.544+0000][6][gc,heap     ] GC(34) Archive regions: 2->2
[2022-06-28T07:05:58.544+0000][6][gc,heap     ] GC(34) Humongous regions: 2->2
[2022-06-28T07:05:58.544+0000][6][gc,metaspace] GC(34) Metaspace: 108176K(111232K)->108176K(111232K) NonClass: 93481K(95040K)->93481K(95040K) Class: 14695K(16192K)->14695K(16192K)
[2022-06-28T07:05:58.544+0000][6][gc          ] GC(34) Pause Young (Concurrent Start) (G1 Evacuation Pause) 195M->87M(256M) 16.925ms
[2022-06-28T07:05:58.544+0000][6][gc,cpu      ] GC(34) User=0.01s Sys=0.00s Real=0.01s
[2022-06-28T07:05:58.544+0000][6][safepoint   ] Safepoint "G1CollectForAllocation", Time since last: 16276325267 ns, Reaching safepoint: 27827 ns, At safepoint: 16988313 ns, Total: 17016140 ns
[2022-06-28T07:05:58.546+0000][6][gc          ] GC(35) Concurrent Mark Cycle
[2022-06-28T07:05:58.546+0000][6][gc,marking  ] GC(35) Concurrent Clear Claimed Marks
[2022-06-28T07:05:58.546+0000][6][gc,marking  ] GC(35) Concurrent Clear Claimed Marks 0.184ms
[2022-06-28T07:05:58.546+0000][6][gc,marking  ] GC(35) Concurrent Scan Root Regions
[2022-06-28T07:05:58.554+0000][6][gc,marking  ] GC(35) Concurrent Scan Root Regions 7.816ms
[2022-06-28T07:05:58.554+0000][6][gc,marking  ] GC(35) Concurrent Mark
[2022-06-28T07:05:58.554+0000][6][gc,marking  ] GC(35) Concurrent Mark From Roots
[2022-06-28T07:05:58.554+0000][6][gc,task     ] GC(35) Using 1 workers of 1 for marking
[2022-06-28T07:05:58.669+0000][6][gc,marking  ] GC(35) Concurrent Mark From Roots 115.589ms
[2022-06-28T07:05:58.669+0000][6][gc,marking  ] GC(35) Concurrent Preclean
[2022-06-28T07:05:58.669+0000][6][gc,marking  ] GC(35) Concurrent Preclean 0.187ms
[2022-06-28T07:05:58.670+0000][6][gc,start    ] GC(35) Pause Remark
[2022-06-28T07:05:58.704+0000][6][gc          ] GC(35) Pause Remark 88M->88M(256M) 34.675ms
[2022-06-28T07:05:58.704+0000][6][gc,cpu      ] GC(35) User=0.03s Sys=0.00s Real=0.03s
[2022-06-28T07:05:58.706+0000][6][safepoint   ] Safepoint "G1Concurrent", Time since last: 125643950 ns, Reaching safepoint: 27567 ns, At safepoint: 36265347 ns, Total: 36292914 ns
[2022-06-28T07:05:58.706+0000][6][gc,marking  ] GC(35) Concurrent Mark 152.189ms
[2022-06-28T07:05:58.706+0000][6][gc,marking  ] GC(35) Concurrent Rebuild Remembered Sets
[2022-06-28T07:05:58.784+0000][6][gc,marking  ] GC(35) Concurrent Rebuild Remembered Sets 78.139ms
[2022-06-28T07:05:58.784+0000][6][gc,start    ] GC(35) Pause Cleanup
[2022-06-28T07:05:58.784+0000][6][gc          ] GC(35) Pause Cleanup 88M->88M(256M) 0.050ms
[2022-06-28T07:05:58.784+0000][6][gc,cpu      ] GC(35) User=0.00s Sys=0.00s Real=0.00s
[2022-06-28T07:05:58.784+0000][6][safepoint   ] Safepoint "G1Concurrent", Time since last: 78250476 ns, Reaching safepoint: 24047 ns, At safepoint: 94042 ns, Total: 118089 ns
[2022-06-28T07:05:58.784+0000][6][gc,marking  ] GC(35) Concurrent Cleanup for Next Mark
[2022-06-28T07:05:58.785+0000][6][gc,marking  ] GC(35) Concurrent Cleanup for Next Mark 0.688ms
[2022-06-28T07:05:58.785+0000][6][gc          ] GC(35) Concurrent Mark Cycle 239.314ms
[2022-06-28T07:06:02.785+0000][6][safepoint   ] Safepoint "Cleanup", Time since last: 4000455677 ns, Reaching safepoint: 41248 ns, At safepoint: 4777 ns, Total: 46025 ns
[2022-06-28T07:06:06.572+0000][6][safepoint   ] Safepoint "Cleanup", Time since last: 3786802732 ns, Reaching safepoint: 31555 ns, At safepoint: 5097 ns, Total: 36652 ns
[2022-06-28T07:06:12.573+0000][6][safepoint   ] Safepoint "Cleanup", Time since last: 6001156673 ns, Reaching safepoint: 31920 ns, At safepoint: 4397 ns, Total: 36317 ns
[2022-06-28T07:06:28.575+0000][6][safepoint   ] Safepoint "Cleanup", Time since last: 16001901253 ns, Reaching safepoint: 40510 ns, At safepoint: 4708 ns, Total: 45218 ns
[2022-06-28T07:06:33.575+0000][6][safepoint   ] Safepoint "Cleanup", Time since last: 5000491245 ns, Reaching safepoint: 40226 ns, At safepoint: 4745 ns, Total: 44971 ns
[2022-06-28T07:06:34.575+0000][6][safepoint   ] Safepoint "Cleanup", Time since last: 1000147986 ns, Reaching safepoint: 59532 ns, At safepoint: 4456 ns, Total: 63988 ns
[2022-06-28T07:06:35.576+0000][6][safepoint   ] Safepoint "Cleanup", Time since last: 1000122697 ns, Reaching safepoint: 38667 ns, At safepoint: 4903 ns, Total: 43570 ns
[2022-06-28T07:06:36.576+0000][6][safepoint   ] Safepoint "Cleanup", Time since last: 1000162027 ns, Reaching safepoint: 41062 ns, At safepoint: 4911 ns, Total: 45973 ns
[2022-06-28T07:06:41.576+0000][6][safepoint   ] Safepoint "Cleanup", Time since last: 5000532085 ns, Reaching safepoint: 37347 ns, At safepoint: 4617 ns, Total: 41964 ns
[2022-06-28T07:06:42.577+0000][6][safepoint   ] Safepoint "Cleanup", Time since last: 1000147334 ns, Reaching safepoint: 57707 ns, At safepoint: 5112 ns, Total: 62819 ns
[2022-06-28T07:06:44.577+0000][6][safepoint   ] Safepoint "Cleanup", Time since last: 2000274615 ns, Reaching safepoint: 36701 ns, At safepoint: 4221 ns, Total: 40922 ns
[2022-06-28T07:06:45.577+0000][6][safepoint   ] Safepoint "Cleanup", Time since last: 1000153442 ns, Reaching safepoint: 44429 ns, At safepoint: 5013 ns, Total: 49442 ns
[2022-06-28T07:06:55.578+0000][6][safepoint   ] Safepoint "Cleanup", Time since last: 10001120604 ns, Reaching safepoint: 39118 ns, At safepoint: 5160 ns, Total: 44278 ns
[2022-06-28T07:07:03.579+0000][6][safepoint   ] Safepoint "Cleanup", Time since last: 8000842541 ns, Reaching safepoint: 45546 ns, At safepoint: 5145 ns, Total: 50691 ns
[2022-06-28T07:07:09.580+0000][6][safepoint   ] Safepoint "Cleanup", Time since last: 6000802676 ns, Reaching safepoint: 41471 ns, At safepoint: 4936 ns, Total: 46407 ns
[2022-06-28T07:07:12.580+0000][6][safepoint   ] Safepoint "Cleanup", Time since last: 3000424866 ns, Reaching safepoint: 58050 ns, At safepoint: 9720 ns, Total: 67770 ns
[2022-06-28T07:07:42.584+0000][6][safepoint   ] Safepoint "Cleanup", Time since last: 30003287626 ns, Reaching safepoint: 62411 ns, At safepoint: 9257 ns, Total: 71668 ns
[2022-06-28T07:08:00.586+0000][6][safepoint   ] Safepoint "Cleanup", Time since last: 18002054483 ns, Reaching safepoint: 39182 ns, At safepoint: 4648 ns, Total: 43830 ns
[2022-06-28T07:08:04.587+0000][6][safepoint   ] Safepoint "Cleanup", Time since last: 4000528619 ns, Reaching safepoint: 41970 ns, At safepoint: 4851 ns, Total: 46821 ns
[2022-06-28T07:08:06.588+0000][6][safepoint   ] Safepoint "Cleanup", Time since last: 2001456343 ns, Reaching safepoint: 37300 ns, At safepoint: 5202 ns, Total: 42502 ns
[2022-06-28T07:08:08.588+0000][6][safepoint   ] Safepoint "Cleanup", Time since last: 2000303441 ns, Reaching safepoint: 40432 ns, At safepoint: 4426 ns, Total: 44858 ns
[2022-06-28T07:08:11.589+0000][6][safepoint   ] Safepoint "Cleanup", Time since last: 3000420197 ns, Reaching safepoint: 39065 ns, At safepoint: 5075 ns, Total: 44140 ns
[2022-06-28T07:08:19.590+0000][6][safepoint   ] Safepoint "Cleanup", Time since last: 8000941626 ns, Reaching safepoint: 41106 ns, At safepoint: 5167 ns, Total: 46273 ns
[2022-06-28T07:08:30.591+0000][6][safepoint   ] Safepoint "Cleanup", Time since last: 11001254003 ns, Reaching safepoint: 37471 ns, At safepoint: 26922 ns, Total: 64393 ns
[2022-06-28T07:08:33.592+0000][6][safepoint   ] Safepoint "Cleanup", Time since last: 3000318690 ns, Reaching safepoint: 46410 ns, At safepoint: 4956 ns, Total: 51366 ns
[2022-06-28T07:08:58.594+0000][6][safepoint   ] Safepoint "Cleanup", Time since last: 25002808070 ns, Reaching safepoint: 81213 ns, At safepoint: 14650 ns, Total: 95863 ns
[2022-06-28T07:09:03.595+0000][6][safepoint   ] Safepoint "Cleanup", Time since last: 5000468066 ns, Reaching safepoint: 40074 ns, At safepoint: 5085 ns, Total: 45159 ns
[2022-06-28T07:09:14.596+0000][6][safepoint   ] Safepoint "Cleanup", Time since last: 11001235167 ns, Reaching safepoint: 43059 ns, At safepoint: 4583 ns, Total: 47642 ns
[2022-06-28T07:09:15.238+0000][6][gc,start    ] GC(36) Pause Young (Normal) (G1 Evacuation Pause)
[2022-06-28T07:09:15.238+0000][6][gc,task     ] GC(36) Using 1 workers of 1 for evacuation
[2022-06-28T07:09:15.238+0000][6][gc,age      ] GC(36) Desired survivor size 8388608 bytes, new threshold 15 (max threshold 15)
[2022-06-28T07:09:15.256+0000][6][gc,phases   ] GC(36)   Pre Evacuate Collection Set: 0.1ms
[2022-06-28T07:09:15.256+0000][6][gc,phases   ] GC(36)   Merge Heap Roots: 0.1ms
[2022-06-28T07:09:15.256+0000][6][gc,phases   ] GC(36)   Evacuate Collection Set: 15.8ms
[2022-06-28T07:09:15.256+0000][6][gc,phases   ] GC(36)   Post Evacuate Collection Set: 1.2ms
[2022-06-28T07:09:15.256+0000][6][gc,phases   ] GC(36)   Other: 0.1ms
[2022-06-28T07:09:15.256+0000][6][gc,age      ] GC(36) Age table with threshold 15 (max threshold 15)
[2022-06-28T07:09:15.256+0000][6][gc,age      ] GC(36) - age   1:     134696 bytes,     134696 total
[2022-06-28T07:09:15.256+0000][6][gc,age      ] GC(36) - age   2:       5152 bytes,     139848 total
[2022-06-28T07:09:15.256+0000][6][gc,age      ] GC(36) - age   3:     105720 bytes,     245568 total
[2022-06-28T07:09:15.256+0000][6][gc,age      ] GC(36) - age   4:     526432 bytes,     772000 total
[2022-06-28T07:09:15.256+0000][6][gc,age      ] GC(36) - age   5:    3400352 bytes,    4172352 total
[2022-06-28T07:09:15.256+0000][6][gc,age      ] GC(36) - age   6:    1543496 bytes,    5715848 total
[2022-06-28T07:09:15.256+0000][6][gc,heap     ] GC(36) Eden regions: 28->0(28)
[2022-06-28T07:09:15.256+0000][6][gc,heap     ] GC(36) Survivor regions: 2->2(4)
[2022-06-28T07:09:15.256+0000][6][gc,heap     ] GC(36) Old regions: 18->18
[2022-06-28T07:09:15.256+0000][6][gc,heap     ] GC(36) Archive regions: 2->2
[2022-06-28T07:09:15.256+0000][6][gc,heap     ] GC(36) Humongous regions: 2->2
[2022-06-28T07:09:15.256+0000][6][gc,metaspace] GC(36) Metaspace: 106873K(111232K)->106873K(111232K) NonClass: 92479K(95040K)->92479K(95040K) Class: 14393K(16192K)->14393K(16192K)
[2022-06-28T07:09:15.256+0000][6][gc          ] GC(36) Pause Young (Normal) (G1 Evacuation Pause) 199M->86M(256M) 17.516ms
[2022-06-28T07:09:15.256+0000][6][gc,cpu      ] GC(36) User=0.01s Sys=0.01s Real=0.02s
[2022-06-28T07:09:15.256+0000][6][safepoint   ] Safepoint "G1CollectForAllocation", Time since last: 641962484 ns, Reaching safepoint: 157557 ns, At safepoint: 17573521 ns, Total: 17731078 ns
[2022-06-28T07:09:29.258+0000][6][safepoint   ] Safepoint "Cleanup", Time since last: 14001584115 ns, Reaching safepoint: 83623 ns, At safepoint: 14503 ns, Total: 98126 ns
[2022-06-28T07:09:30.258+0000][6][safepoint   ] Safepoint "Cleanup", Time since last: 1000171969 ns, Reaching safepoint: 34365 ns, At safepoint: 4880 ns, Total: 39245 ns
[2022-06-28T07:09:34.258+0000][6][safepoint   ] Safepoint "Cleanup", Time since last: 4000447105 ns, Reaching safepoint: 37396 ns, At safepoint: 4634 ns, Total: 42030 ns
[2022-06-28T07:09:48.260+0000][6][safepoint   ] Safepoint "Cleanup", Time since last: 14001441980 ns, Reaching safepoint: 58540 ns, At safepoint: 9406 ns, Total: 67946 ns
[2022-06-28T07:09:50.260+0000][6][safepoint   ] Safepoint "Cleanup", Time since last: 2000300574 ns, Reaching safepoint: 39747 ns, At safepoint: 5227 ns, Total: 44974 ns
[2022-06-28T07:10:03.262+0000][6][safepoint   ] Safepoint "Cleanup", Time since last: 13001467951 ns, Reaching safepoint: 42359 ns, At safepoint: 4937 ns, Total: 47296 ns
[2022-06-28T07:10:06.262+0000][6][safepoint   ] Safepoint "Cleanup", Time since last: 3000415635 ns, Reaching safepoint: 36915 ns, At safepoint: 4486 ns, Total: 41401 ns
[2022-06-28T07:10:22.264+0000][6][safepoint   ] Safepoint "Cleanup", Time since last: 16001755723 ns, Reaching safepoint: 40490 ns, At safepoint: 5723 ns, Total: 46213 ns
[2022-06-28T07:10:44.266+0000][6][safepoint   ] Safepoint "Cleanup", Time since last: 22002478065 ns, Reaching safepoint: 39322 ns, At safepoint: 4590 ns, Total: 43912 ns
[2022-06-28T07:11:04.269+0000][6][safepoint   ] Safepoint "Cleanup", Time since last: 20002058684 ns, Reaching safepoint: 40932 ns, At safepoint: 4977 ns, Total: 45909 ns
[2022-06-28T07:11:06.269+0000][6][safepoint   ] Safepoint "Cleanup", Time since last: 2000261286 ns, Reaching safepoint: 39658 ns, At safepoint: 5288 ns, Total: 44946 ns
[2022-06-28T07:11:08.269+0000][6][safepoint   ] Safepoint "Cleanup", Time since last: 2000248519 ns, Reaching safepoint: 38182 ns, At safepoint: 5113 ns, Total: 43295 ns
[2022-06-28T07:11:12.270+0000][6][safepoint   ] Safepoint "Cleanup", Time since last: 4000503043 ns, Reaching safepoint: 53351 ns, At safepoint: 5095 ns, Total: 58446 ns
[2022-06-28T07:11:17.270+0000][6][safepoint   ] Safepoint "Cleanup", Time since last: 5000546538 ns, Reaching safepoint: 39187 ns, At safepoint: 4772 ns, Total: 43959 ns
[2022-06-28T07:11:26.271+0000][6][safepoint   ] Safepoint "Cleanup", Time since last: 9000846330 ns, Reaching safepoint: 34751 ns, At safepoint: 4443 ns, Total: 39194 ns
[2022-06-28T07:11:28.271+0000][6][safepoint   ] Safepoint "Cleanup", Time since last: 2000243682 ns, Reaching safepoint: 37550 ns, At safepoint: 4306 ns, Total: 41856 ns
[2022-06-28T07:11:33.272+0000][6][safepoint   ] Safepoint "Cleanup", Time since last: 5000547020 ns, Reaching safepoint: 44893 ns, At safepoint: 5036 ns, Total: 49929 ns
[2022-06-28T07:11:48.274+0000][6][safepoint   ] Safepoint "Cleanup", Time since last: 15001511418 ns, Reaching safepoint: 37680 ns, At safepoint: 4618 ns, Total: 42298 ns
[2022-06-28T07:11:52.274+0000][6][safepoint   ] Safepoint "Cleanup", Time since last: 4000457043 ns, Reaching safepoint: 39537 ns, At safepoint: 4815 ns, Total: 44352 ns
[2022-06-28T07:11:54.274+0000][6][safepoint   ] Safepoint "Cleanup", Time since last: 2000260313 ns, Reaching safepoint: 56416 ns, At safepoint: 4426 ns, Total: 60842 ns
[2022-06-28T07:11:58.275+0000][6][safepoint   ] Safepoint "Cleanup", Time since last: 4000473694 ns, Reaching safepoint: 27566 ns, At safepoint: 4115 ns, Total: 31681 ns
[2022-06-28T07:12:19.277+0000][6][safepoint   ] Safepoint "Cleanup", Time since last: 21002052435 ns, Reaching safepoint: 37575 ns, At safepoint: 4911 ns, Total: 42486 ns
[2022-06-28T07:12:20.277+0000][6][safepoint   ] Safepoint "Cleanup", Time since last: 1000159194 ns, Reaching safepoint: 39005 ns, At safepoint: 4947 ns, Total: 43952 ns
[2022-06-28T07:12:28.278+0000][6][safepoint   ] Safepoint "Cleanup", Time since last: 8000807761 ns, Reaching safepoint: 41048 ns, At safepoint: 4792 ns, Total: 45840 ns
[2022-06-28T07:12:32.916+0000][6][gc,start    ] GC(37) Pause Young (Concurrent Start) (G1 Evacuation Pause)
[2022-06-28T07:12:32.916+0000][6][gc,task     ] GC(37) Using 1 workers of 1 for evacuation
[2022-06-28T07:12:32.916+0000][6][gc,age      ] GC(37) Desired survivor size 8388608 bytes, new threshold 15 (max threshold 15)
[2022-06-28T07:12:32.933+0000][6][gc,phases   ] GC(37)   Pre Evacuate Collection Set: 0.2ms
[2022-06-28T07:12:32.933+0000][6][gc,phases   ] GC(37)   Merge Heap Roots: 0.1ms
[2022-06-28T07:12:32.933+0000][6][gc,phases   ] GC(37)   Evacuate Collection Set: 14.8ms
[2022-06-28T07:12:32.933+0000][6][gc,phases   ] GC(37)   Post Evacuate Collection Set: 1.2ms
[2022-06-28T07:12:32.933+0000][6][gc,phases   ] GC(37)   Other: 0.1ms
[2022-06-28T07:12:32.933+0000][6][gc,age      ] GC(37) Age table with threshold 15 (max threshold 15)
[2022-06-28T07:12:32.933+0000][6][gc,age      ] GC(37) - age   1:      28120 bytes,      28120 total
[2022-06-28T07:12:32.933+0000][6][gc,age      ] GC(37) - age   2:      69688 bytes,      97808 total
[2022-06-28T07:12:32.933+0000][6][gc,age      ] GC(37) - age   3:       4952 bytes,     102760 total
[2022-06-28T07:12:32.933+0000][6][gc,age      ] GC(37) - age   4:     105720 bytes,     208480 total
[2022-06-28T07:12:32.933+0000][6][gc,age      ] GC(37) - age   5:     526432 bytes,     734912 total
[2022-06-28T07:12:32.933+0000][6][gc,age      ] GC(37) - age   6:    3400152 bytes,    4135064 total
[2022-06-28T07:12:32.933+0000][6][gc,age      ] GC(37) - age   7:    1543496 bytes,    5678560 total
[2022-06-28T07:12:32.933+0000][6][gc,heap     ] GC(37) Eden regions: 28->0(28)
[2022-06-28T07:12:32.933+0000][6][gc,heap     ] GC(37) Survivor regions: 2->2(4)
[2022-06-28T07:12:32.933+0000][6][gc,heap     ] GC(37) Old regions: 18->18
[2022-06-28T07:12:32.933+0000][6][gc,heap     ] GC(37) Archive regions: 2->2
[2022-06-28T07:12:32.933+0000][6][gc,heap     ] GC(37) Humongous regions: 2->2
[2022-06-28T07:12:32.933+0000][6][gc,metaspace] GC(37) Metaspace: 106933K(111232K)->106933K(111232K) NonClass: 92534K(95040K)->92534K(95040K) Class: 14399K(16192K)->14399K(16192K)
[2022-06-28T07:12:32.933+0000][6][gc          ] GC(37) Pause Young (Concurrent Start) (G1 Evacuation Pause) 198M->86M(256M) 16.556ms
[2022-06-28T07:12:32.933+0000][6][gc,cpu      ] GC(37) User=0.01s Sys=0.01s Real=0.01s
[2022-06-28T07:12:32.933+0000][6][safepoint   ] Safepoint "G1CollectForAllocation", Time since last: 4638035816 ns, Reaching safepoint: 30709 ns, At safepoint: 16616287 ns, Total: 16646996 ns
[2022-06-28T07:12:32.934+0000][6][gc          ] GC(38) Concurrent Mark Cycle
[2022-06-28T07:12:32.934+0000][6][gc,marking  ] GC(38) Concurrent Clear Claimed Marks
[2022-06-28T07:12:32.935+0000][6][gc,marking  ] GC(38) Concurrent Clear Claimed Marks 0.211ms
[2022-06-28T07:12:32.935+0000][6][gc,marking  ] GC(38) Concurrent Scan Root Regions
[2022-06-28T07:12:32.941+0000][6][gc,marking  ] GC(38) Concurrent Scan Root Regions 6.156ms
[2022-06-28T07:12:32.941+0000][6][gc,marking  ] GC(38) Concurrent Mark
[2022-06-28T07:12:32.941+0000][6][gc,marking  ] GC(38) Concurrent Mark From Roots
[2022-06-28T07:12:32.941+0000][6][gc,task     ] GC(38) Using 1 workers of 1 for marking
[2022-06-28T07:12:33.048+0000][6][gc,marking  ] GC(38) Concurrent Mark From Roots 106.771ms
[2022-06-28T07:12:33.048+0000][6][gc,marking  ] GC(38) Concurrent Preclean
[2022-06-28T07:12:33.048+0000][6][gc,marking  ] GC(38) Concurrent Preclean 0.128ms
[2022-06-28T07:12:33.048+0000][6][gc,start    ] GC(38) Pause Remark
[2022-06-28T07:12:33.060+0000][6][gc          ] GC(38) Pause Remark 86M->86M(256M) 12.498ms
[2022-06-28T07:12:33.060+0000][6][gc,cpu      ] GC(38) User=0.01s Sys=0.00s Real=0.01s
[2022-06-28T07:12:33.060+0000][6][safepoint   ] Safepoint "G1Concurrent", Time since last: 115065577 ns, Reaching safepoint: 32649 ns, At safepoint: 12560672 ns, Total: 12593321 ns
[2022-06-28T07:12:33.061+0000][6][gc,marking  ] GC(38) Concurrent Mark 120.457ms
[2022-06-28T07:12:33.061+0000][6][gc,marking  ] GC(38) Concurrent Rebuild Remembered Sets
[2022-06-28T07:12:33.130+0000][6][gc,marking  ] GC(38) Concurrent Rebuild Remembered Sets 68.941ms
[2022-06-28T07:12:33.130+0000][6][gc,start    ] GC(38) Pause Cleanup
[2022-06-28T07:12:33.130+0000][6][gc          ] GC(38) Pause Cleanup 89M->89M(256M) 0.052ms
[2022-06-28T07:12:33.130+0000][6][gc,cpu      ] GC(38) User=0.00s Sys=0.00s Real=0.00s
[2022-06-28T07:12:33.130+0000][6][safepoint   ] Safepoint "G1Concurrent", Time since last: 69888968 ns, Reaching safepoint: 24439 ns, At safepoint: 89891 ns, Total: 114330 ns
[2022-06-28T07:12:33.130+0000][6][gc,marking  ] GC(38) Concurrent Cleanup for Next Mark
[2022-06-28T07:12:33.131+0000][6][gc,marking  ] GC(38) Concurrent Cleanup for Next Mark 0.667ms
[2022-06-28T07:12:33.131+0000][6][gc          ] GC(38) Concurrent Mark Cycle 196.722ms
[2022-06-28T07:12:54.133+0000][6][safepoint   ] Safepoint "Cleanup", Time since last: 21002126855 ns, Reaching safepoint: 48699 ns, At safepoint: 5061 ns, Total: 53760 ns
[2022-06-28T07:12:56.133+0000][6][safepoint   ] Safepoint "Cleanup", Time since last: 2000247261 ns, Reaching safepoint: 36095 ns, At safepoint: 4676 ns, Total: 40771 ns
[2022-06-28T07:13:02.134+0000][6][safepoint   ] Safepoint "Cleanup", Time since last: 6000594897 ns, Reaching safepoint: 43427 ns, At safepoint: 4897 ns, Total: 48324 ns
[2022-06-28T07:13:03.134+0000][6][safepoint   ] Safepoint "Cleanup", Time since last: 1000168819 ns, Reaching safepoint: 39626 ns, At safepoint: 4648 ns, Total: 44274 ns
[2022-06-28T07:13:06.134+0000][6][safepoint   ] Safepoint "Cleanup", Time since last: 3000353478 ns, Reaching safepoint: 42507 ns, At safepoint: 4697 ns, Total: 47204 ns
[2022-06-28T07:13:11.135+0000][6][safepoint   ] Safepoint "Cleanup", Time since last: 5000473711 ns, Reaching safepoint: 39139 ns, At safepoint: 5103 ns, Total: 44242 ns
[2022-06-28T07:13:14.135+0000][6][safepoint   ] Safepoint "Cleanup", Time since last: 3000346300 ns, Reaching safepoint: 38393 ns, At safepoint: 4597 ns, Total: 42990 ns
[2022-06-28T07:13:18.136+0000][6][safepoint   ] Safepoint "Cleanup", Time since last: 4000430221 ns, Reaching safepoint: 39881 ns, At safepoint: 5157 ns, Total: 45038 ns
[2022-06-28T07:13:33.137+0000][6][safepoint   ] Safepoint "Cleanup", Time since last: 15001698825 ns, Reaching safepoint: 32587 ns, At safepoint: 4281 ns, Total: 36868 ns
[2022-06-28T07:13:36.138+0000][6][safepoint   ] Safepoint "Cleanup", Time since last: 3000426658 ns, Reaching safepoint: 65333 ns, At safepoint: 7883 ns, Total: 73216 ns
[2022-06-28T07:13:44.139+0000][6][safepoint   ] Safepoint "Cleanup", Time since last: 8001016475 ns, Reaching safepoint: 37820 ns, At safepoint: 4561 ns, Total: 42381 ns
[2022-06-28T07:13:53.140+0000][6][safepoint   ] Safepoint "Cleanup", Time since last: 9001134007 ns, Reaching safepoint: 38566 ns, At safepoint: 4726 ns, Total: 43292 ns
[2022-06-28T07:14:03.141+0000][6][safepoint   ] Safepoint "Cleanup", Time since last: 10001165477 ns, Reaching safepoint: 45643 ns, At safepoint: 4480 ns, Total: 50123 ns
[2022-06-28T07:14:22.145+0000][6][safepoint   ] Safepoint "Cleanup", Time since last: 19003441042 ns, Reaching safepoint: 43154 ns, At safepoint: 4995 ns, Total: 48149 ns
[2022-06-28T07:14:51.148+0000][6][safepoint   ] Safepoint "Cleanup", Time since last: 29003172812 ns, Reaching safepoint: 39263 ns, At safepoint: 4548 ns, Total: 43811 ns
[2022-06-28T07:15:03.149+0000][6][safepoint   ] Safepoint "Cleanup", Time since last: 12001496495 ns, Reaching safepoint: 41651 ns, At safepoint: 5084 ns, Total: 46735 ns
[2022-06-28T07:15:33.153+0000][6][safepoint   ] Safepoint "Cleanup", Time since last: 30003343914 ns, Reaching safepoint: 43732 ns, At safepoint: 5309 ns, Total: 49041 ns
[2022-06-28T07:15:51.155+0000][6][safepoint   ] Safepoint "Cleanup", Time since last: 18002125852 ns, Reaching safepoint: 60856 ns, At safepoint: 9503 ns, Total: 70359 ns
[2022-06-28T07:15:52.518+0000][6][gc,start    ] GC(39) Pause Young (Normal) (G1 Evacuation Pause)
[2022-06-28T07:15:52.518+0000][6][gc,task     ] GC(39) Using 1 workers of 1 for evacuation
[2022-06-28T07:15:52.518+0000][6][gc,age      ] GC(39) Desired survivor size 8388608 bytes, new threshold 15 (max threshold 15)
[2022-06-28T07:15:52.535+0000][6][gc,phases   ] GC(39)   Pre Evacuate Collection Set: 0.0ms
[2022-06-28T07:15:52.535+0000][6][gc,phases   ] GC(39)   Merge Heap Roots: 0.1ms
[2022-06-28T07:15:52.535+0000][6][gc,phases   ] GC(39)   Evacuate Collection Set: 15.4ms
[2022-06-28T07:15:52.535+0000][6][gc,phases   ] GC(39)   Post Evacuate Collection Set: 1.1ms
[2022-06-28T07:15:52.535+0000][6][gc,phases   ] GC(39)   Other: 0.1ms
[2022-06-28T07:15:52.535+0000][6][gc,age      ] GC(39) Age table with threshold 15 (max threshold 15)
[2022-06-28T07:15:52.535+0000][6][gc,age      ] GC(39) - age   1:      96712 bytes,      96712 total
[2022-06-28T07:15:52.535+0000][6][gc,age      ] GC(39) - age   2:      12776 bytes,     109488 total
[2022-06-28T07:15:52.535+0000][6][gc,age      ] GC(39) - age   3:      66072 bytes,     175560 total
[2022-06-28T07:15:52.535+0000][6][gc,age      ] GC(39) - age   4:       4952 bytes,     180512 total
[2022-06-28T07:15:52.535+0000][6][gc,age      ] GC(39) - age   5:     105720 bytes,     286232 total
[2022-06-28T07:15:52.535+0000][6][gc,age      ] GC(39) - age   6:     526432 bytes,     812664 total
[2022-06-28T07:15:52.535+0000][6][gc,age      ] GC(39) - age   7:    3399952 bytes,    4212616 total
[2022-06-28T07:15:52.535+0000][6][gc,age      ] GC(39) - age   8:    1543496 bytes,    5756112 total
[2022-06-28T07:15:52.535+0000][6][gc,heap     ] GC(39) Eden regions: 28->0(28)
[2022-06-28T07:15:52.535+0000][6][gc,heap     ] GC(39) Survivor regions: 2->2(4)
[2022-06-28T07:15:52.535+0000][6][gc,heap     ] GC(39) Old regions: 18->18
[2022-06-28T07:15:52.535+0000][6][gc,heap     ] GC(39) Archive regions: 2->2
[2022-06-28T07:15:52.535+0000][6][gc,heap     ] GC(39) Humongous regions: 2->2
[2022-06-28T07:15:52.535+0000][6][gc,metaspace] GC(39) Metaspace: 106951K(111232K)->106951K(111232K) NonClass: 92551K(95040K)->92551K(95040K) Class: 14399K(16192K)->14399K(16192K)
[2022-06-28T07:15:52.535+0000][6][gc          ] GC(39) Pause Young (Normal) (G1 Evacuation Pause) 198M->86M(256M) 16.933ms
[2022-06-28T07:15:52.535+0000][6][gc,cpu      ] GC(39) User=0.01s Sys=0.01s Real=0.02s
[2022-06-28T07:15:52.535+0000][6][safepoint   ] Safepoint "G1CollectForAllocation", Time since last: 1362687125 ns, Reaching safepoint: 26418 ns, At safepoint: 16987324 ns, Total: 17013742 ns
[2022-06-28T07:16:06.536+0000][6][safepoint   ] Safepoint "Cleanup", Time since last: 14001462282 ns, Reaching safepoint: 36254 ns, At safepoint: 4330 ns, Total: 40584 ns
[2022-06-28T07:16:07.536+0000][6][safepoint   ] Safepoint "Cleanup", Time since last: 1000149319 ns, Reaching safepoint: 37062 ns, At safepoint: 4629 ns, Total: 41691 ns
[2022-06-28T07:16:14.537+0000][6][safepoint   ] Safepoint "Cleanup", Time since last: 7000804137 ns, Reaching safepoint: 37609 ns, At safepoint: 4938 ns, Total: 42547 ns
[2022-06-28T07:16:22.538+0000][6][safepoint   ] Safepoint "Cleanup", Time since last: 8000872456 ns, Reaching safepoint: 61133 ns, At safepoint: 4622 ns, Total: 65755 ns
[2022-06-28T07:16:33.540+0000][6][safepoint   ] Safepoint "Cleanup", Time since last: 11001242369 ns, Reaching safepoint: 38287 ns, At safepoint: 4680 ns, Total: 42967 ns
[2022-06-28T07:16:34.540+0000][6][safepoint   ] Safepoint "Cleanup", Time since last: 1000152551 ns, Reaching safepoint: 40325 ns, At safepoint: 5030 ns, Total: 45355 ns
[2022-06-28T07:16:35.540+0000][6][safepoint   ] Safepoint "Cleanup", Time since last: 1000175643 ns, Reaching safepoint: 39755 ns, At safepoint: 4580 ns, Total: 44335 ns
[2022-06-28T07:16:36.540+0000][6][safepoint   ] Safepoint "Cleanup", Time since last: 1000153275 ns, Reaching safepoint: 37092 ns, At safepoint: 4708 ns, Total: 41800 ns
[2022-06-28T07:16:38.540+0000][6][safepoint   ] Safepoint "Cleanup", Time since last: 2000218470 ns, Reaching safepoint: 36302 ns, At safepoint: 4685 ns, Total: 40987 ns
[2022-06-28T07:16:40.541+0000][6][safepoint   ] Safepoint "Cleanup", Time since last: 2000255350 ns, Reaching safepoint: 57586 ns, At safepoint: 7259 ns, Total: 64845 ns
[2022-06-28T07:16:42.541+0000][6][safepoint   ] Safepoint "Cleanup", Time since last: 2000253812 ns, Reaching safepoint: 40217 ns, At safepoint: 4597 ns, Total: 44814 ns
[2022-06-28T07:16:43.541+0000][6][safepoint   ] Safepoint "Cleanup", Time since last: 1000152946 ns, Reaching safepoint: 36187 ns, At safepoint: 4830 ns, Total: 41017 ns
[2022-06-28T07:16:57.543+0000][6][safepoint   ] Safepoint "Cleanup", Time since last: 14001310533 ns, Reaching safepoint: 39549 ns, At safepoint: 4738 ns, Total: 44287 ns
[2022-06-28T07:16:58.543+0000][6][safepoint   ] Safepoint "Cleanup", Time since last: 1000150634 ns, Reaching safepoint: 38826 ns, At safepoint: 4537 ns, Total: 43363 ns
[2022-06-28T07:17:00.543+0000][6][safepoint   ] Safepoint "Cleanup", Time since last: 2000225767 ns, Reaching safepoint: 38171 ns, At safepoint: 4653 ns, Total: 42824 ns
[2022-06-28T07:17:03.543+0000][6][safepoint   ] Safepoint "Cleanup", Time since last: 3000396473 ns, Reaching safepoint: 38876 ns, At safepoint: 4677 ns, Total: 43553 ns
[2022-06-28T07:17:08.544+0000][6][safepoint   ] Safepoint "Cleanup", Time since last: 5000655374 ns, Reaching safepoint: 62172 ns, At safepoint: 4856 ns, Total: 67028 ns
[2022-06-28T07:17:10.545+0000][6][safepoint   ] Safepoint "Cleanup", Time since last: 2000274161 ns, Reaching safepoint: 66183 ns, At safepoint: 7565 ns, Total: 73748 ns
[2022-06-28T07:17:11.545+0000][6][safepoint   ] Safepoint "Cleanup", Time since last: 1000152352 ns, Reaching safepoint: 40325 ns, At safepoint: 5110 ns, Total: 45435 ns
[2022-06-28T07:17:13.545+0000][6][safepoint   ] Safepoint "Cleanup", Time since last: 2000251671 ns, Reaching safepoint: 36849 ns, At safepoint: 4601 ns, Total: 41450 ns
[2022-06-28T07:17:26.546+0000][6][safepoint   ] Safepoint "Cleanup", Time since last: 13001368537 ns, Reaching safepoint: 38145 ns, At safepoint: 4772 ns, Total: 42917 ns
[2022-06-28T07:17:27.547+0000][6][safepoint   ] Safepoint "Cleanup", Time since last: 1000183115 ns, Reaching safepoint: 39034 ns, At safepoint: 6471 ns, Total: 45505 ns
[2022-06-28T07:17:28.547+0000][6][safepoint   ] Safepoint "Cleanup", Time since last: 1000121183 ns, Reaching safepoint: 37167 ns, At safepoint: 4290 ns, Total: 41457 ns
[2022-06-28T07:17:36.548+0000][6][safepoint   ] Safepoint "Cleanup", Time since last: 8000859004 ns, Reaching safepoint: 40430 ns, At safepoint: 4837 ns, Total: 45267 ns
[2022-06-28T07:18:00.551+0000][6][safepoint   ] Safepoint "Cleanup", Time since last: 24002799516 ns, Reaching safepoint: 37561 ns, At safepoint: 5046 ns, Total: 42607 ns
[2022-06-28T07:18:06.551+0000][6][safepoint   ] Safepoint "Cleanup", Time since last: 6000719434 ns, Reaching safepoint: 41263 ns, At safepoint: 4610 ns, Total: 45873 ns
[2022-06-28T07:18:16.554+0000][6][safepoint   ] Safepoint "Cleanup", Time since last: 10002291009 ns, Reaching safepoint: 47333 ns, At safepoint: 4865 ns, Total: 52198 ns
[2022-06-28T07:18:17.554+0000][6][safepoint   ] Safepoint "Cleanup", Time since last: 1000126657 ns, Reaching safepoint: 45100 ns, At safepoint: 5397 ns, Total: 50497 ns
[2022-06-28T07:18:36.556+0000][6][safepoint   ] Safepoint "Cleanup", Time since last: 19001925920 ns, Reaching safepoint: 38051 ns, At safepoint: 4876 ns, Total: 42927 ns
[2022-06-28T07:19:03.559+0000][6][safepoint   ] Safepoint "Cleanup", Time since last: 27002714936 ns, Reaching safepoint: 39516 ns, At safepoint: 5252 ns, Total: 44768 ns
[2022-06-28T07:19:07.742+0000][6][gc,start    ] GC(40) Pause Young (Concurrent Start) (G1 Evacuation Pause)
[2022-06-28T07:19:07.742+0000][6][gc,task     ] GC(40) Using 1 workers of 1 for evacuation
[2022-06-28T07:19:07.742+0000][6][gc,age      ] GC(40) Desired survivor size 8388608 bytes, new threshold 15 (max threshold 15)
[2022-06-28T07:19:07.758+0000][6][gc,phases   ] GC(40)   Pre Evacuate Collection Set: 0.2ms
[2022-06-28T07:19:07.758+0000][6][gc,phases   ] GC(40)   Merge Heap Roots: 0.1ms
[2022-06-28T07:19:07.758+0000][6][gc,phases   ] GC(40)   Evacuate Collection Set: 14.8ms
[2022-06-28T07:19:07.758+0000][6][gc,phases   ] GC(40)   Post Evacuate Collection Set: 1.3ms
[2022-06-28T07:19:07.758+0000][6][gc,phases   ] GC(40)   Other: 0.1ms
[2022-06-28T07:19:07.759+0000][6][gc,age      ] GC(40) Age table with threshold 15 (max threshold 15)
[2022-06-28T07:19:07.759+0000][6][gc,age      ] GC(40) - age   1:      58016 bytes,      58016 total
[2022-06-28T07:19:07.759+0000][6][gc,age      ] GC(40) - age   2:      16760 bytes,      74776 total
[2022-06-28T07:19:07.759+0000][6][gc,age      ] GC(40) - age   3:      12256 bytes,      87032 total
[2022-06-28T07:19:07.759+0000][6][gc,age      ] GC(40) - age   4:      64848 bytes,     151880 total
[2022-06-28T07:19:07.759+0000][6][gc,age      ] GC(40) - age   5:       4952 bytes,     156832 total
[2022-06-28T07:19:07.759+0000][6][gc,age      ] GC(40) - age   6:     105720 bytes,     262552 total
[2022-06-28T07:19:07.759+0000][6][gc,age      ] GC(40) - age   7:     526432 bytes,     788984 total
[2022-06-28T07:19:07.759+0000][6][gc,age      ] GC(40) - age   8:    3399952 bytes,    4188936 total
[2022-06-28T07:19:07.759+0000][6][gc,age      ] GC(40) - age   9:    1543496 bytes,    5732432 total
[2022-06-28T07:19:07.759+0000][6][gc,heap     ] GC(40) Eden regions: 28->0(28)
[2022-06-28T07:19:07.759+0000][6][gc,heap     ] GC(40) Survivor regions: 2->2(4)
[2022-06-28T07:19:07.759+0000][6][gc,heap     ] GC(40) Old regions: 18->18
[2022-06-28T07:19:07.759+0000][6][gc,heap     ] GC(40) Archive regions: 2->2
[2022-06-28T07:19:07.759+0000][6][gc,heap     ] GC(40) Humongous regions: 2->2
[2022-06-28T07:19:07.759+0000][6][gc,metaspace] GC(40) Metaspace: 107016K(111232K)->107016K(111232K) NonClass: 92617K(95040K)->92617K(95040K) Class: 14399K(16192K)->14399K(16192K)
[2022-06-28T07:19:07.759+0000][6][gc          ] GC(40) Pause Young (Concurrent Start) (G1 Evacuation Pause) 198M->86M(256M) 16.777ms
[2022-06-28T07:19:07.759+0000][6][gc,cpu      ] GC(40) User=0.02s Sys=0.00s Real=0.02s
[2022-06-28T07:19:07.759+0000][6][safepoint   ] Safepoint "G1CollectForAllocation", Time since last: 4183236452 ns, Reaching safepoint: 26757 ns, At safepoint: 16843408 ns, Total: 16870165 ns
[2022-06-28T07:19:07.759+0000][6][gc          ] GC(41) Concurrent Mark Cycle
[2022-06-28T07:19:07.759+0000][6][gc,marking  ] GC(41) Concurrent Clear Claimed Marks
[2022-06-28T07:19:07.759+0000][6][gc,marking  ] GC(41) Concurrent Clear Claimed Marks 0.116ms
[2022-06-28T07:19:07.759+0000][6][gc,marking  ] GC(41) Concurrent Scan Root Regions
[2022-06-28T07:19:07.768+0000][6][gc,marking  ] GC(41) Concurrent Scan Root Regions 8.806ms
[2022-06-28T07:19:07.768+0000][6][gc,marking  ] GC(41) Concurrent Mark
[2022-06-28T07:19:07.768+0000][6][gc,marking  ] GC(41) Concurrent Mark From Roots
[2022-06-28T07:19:07.768+0000][6][gc,task     ] GC(41) Using 1 workers of 1 for marking
[2022-06-28T07:19:07.878+0000][6][gc,marking  ] GC(41) Concurrent Mark From Roots 109.958ms
[2022-06-28T07:19:07.878+0000][6][gc,marking  ] GC(41) Concurrent Preclean
[2022-06-28T07:19:07.878+0000][6][gc,marking  ] GC(41) Concurrent Preclean 0.129ms
[2022-06-28T07:19:07.878+0000][6][gc,start    ] GC(41) Pause Remark
[2022-06-28T07:19:07.891+0000][6][gc          ] GC(41) Pause Remark 89M->89M(256M) 13.127ms
[2022-06-28T07:19:07.891+0000][6][gc,cpu      ] GC(41) User=0.02s Sys=0.00s Real=0.01s
[2022-06-28T07:19:07.891+0000][6][safepoint   ] Safepoint "G1Concurrent", Time since last: 119179555 ns, Reaching safepoint: 27758 ns, At safepoint: 13211079 ns, Total: 13238837 ns
[2022-06-28T07:19:07.891+0000][6][gc,marking  ] GC(41) Concurrent Mark 123.441ms
[2022-06-28T07:19:07.891+0000][6][gc,marking  ] GC(41) Concurrent Rebuild Remembered Sets
[2022-06-28T07:19:07.955+0000][6][gc,marking  ] GC(41) Concurrent Rebuild Remembered Sets 63.871ms
[2022-06-28T07:19:07.955+0000][6][gc,start    ] GC(41) Pause Cleanup
[2022-06-28T07:19:07.955+0000][6][gc          ] GC(41) Pause Cleanup 89M->89M(256M) 0.051ms
[2022-06-28T07:19:07.955+0000][6][gc,cpu      ] GC(41) User=0.00s Sys=0.00s Real=0.00s
[2022-06-28T07:19:07.955+0000][6][safepoint   ] Safepoint "G1Concurrent", Time since last: 63992006 ns, Reaching safepoint: 22853 ns, At safepoint: 87105 ns, Total: 109958 ns
[2022-06-28T07:19:07.955+0000][6][gc,marking  ] GC(41) Concurrent Cleanup for Next Mark
[2022-06-28T07:19:07.956+0000][6][gc,marking  ] GC(41) Concurrent Cleanup for Next Mark 0.647ms
[2022-06-28T07:19:07.956+0000][6][gc          ] GC(41) Concurrent Mark Cycle 197.183ms
[2022-06-28T07:19:27.957+0000][6][safepoint   ] Safepoint "Cleanup", Time since last: 20002006530 ns, Reaching safepoint: 33681 ns, At safepoint: 4474 ns, Total: 38155 ns
[2022-06-28T07:19:33.958+0000][6][safepoint   ] Safepoint "Cleanup", Time since last: 6000650282 ns, Reaching safepoint: 40834 ns, At safepoint: 4738 ns, Total: 45572 ns
[2022-06-28T07:19:42.960+0000][6][safepoint   ] Safepoint "Cleanup", Time since last: 9002238239 ns, Reaching safepoint: 68218 ns, At safepoint: 4471 ns, Total: 72689 ns
[2022-06-28T07:19:54.962+0000][6][safepoint   ] Safepoint "Cleanup", Time since last: 12001365355 ns, Reaching safepoint: 57801 ns, At safepoint: 5003 ns, Total: 62804 ns
[2022-06-28T07:20:02.963+0000][6][safepoint   ] Safepoint "Cleanup", Time since last: 8001213145 ns, Reaching safepoint: 33406 ns, At safepoint: 4621 ns, Total: 38027 ns
[2022-06-28T07:20:10.971+0000][6][safepoint   ] Safepoint "Cleanup", Time since last: 8007682897 ns, Reaching safepoint: 36449 ns, At safepoint: 4908 ns, Total: 41357 ns
[2022-06-28T07:20:15.975+0000][6][safepoint   ] Safepoint "Cleanup", Time since last: 5003993230 ns, Reaching safepoint: 39025 ns, At safepoint: 5158 ns, Total: 44183 ns
[2022-06-28T07:20:18.979+0000][6][safepoint   ] Safepoint "Cleanup", Time since last: 3003799576 ns, Reaching safepoint: 37921 ns, At safepoint: 4494 ns, Total: 42415 ns
[2022-06-28T07:20:27.979+0000][6][safepoint   ] Safepoint "Cleanup", Time since last: 9000872877 ns, Reaching safepoint: 31230 ns, At safepoint: 4573 ns, Total: 35803 ns
[2022-06-28T07:21:06.984+0000][6][safepoint   ] Safepoint "Cleanup", Time since last: 39004919562 ns, Reaching safepoint: 39988 ns, At safepoint: 5339 ns, Total: 45327 ns
[2022-06-28T07:21:18.986+0000][6][safepoint   ] Safepoint "Cleanup", Time since last: 12001322525 ns, Reaching safepoint: 37495 ns, At safepoint: 4814 ns, Total: 42309 ns
[2022-06-28T07:21:33.988+0000][6][safepoint   ] Safepoint "Cleanup", Time since last: 15001901393 ns, Reaching safepoint: 44334 ns, At safepoint: 5269 ns, Total: 49603 ns
[2022-06-28T07:21:50.990+0000][6][safepoint   ] Safepoint "Cleanup", Time since last: 17001883741 ns, Reaching safepoint: 37319 ns, At safepoint: 4655 ns, Total: 41974 ns
[2022-06-28T07:21:56.990+0000][6][safepoint   ] Safepoint "Cleanup", Time since last: 6000653434 ns, Reaching safepoint: 40683 ns, At safepoint: 4750 ns, Total: 45433 ns
[2022-06-28T07:22:03.991+0000][6][safepoint   ] Safepoint "Cleanup", Time since last: 7000802596 ns, Reaching safepoint: 42842 ns, At safepoint: 5035 ns, Total: 47877 ns
[2022-06-28T07:22:23.993+0000][6][safepoint   ] Safepoint "Cleanup", Time since last: 20002133748 ns, Reaching safepoint: 43802 ns, At safepoint: 5103 ns, Total: 48905 ns
[2022-06-28T07:22:27.117+0000][6][gc,start    ] GC(42) Pause Young (Normal) (G1 Evacuation Pause)
[2022-06-28T07:22:27.117+0000][6][gc,task     ] GC(42) Using 1 workers of 1 for evacuation
[2022-06-28T07:22:27.117+0000][6][gc,age      ] GC(42) Desired survivor size 8388608 bytes, new threshold 15 (max threshold 15)
[2022-06-28T07:22:27.134+0000][6][gc,phases   ] GC(42)   Pre Evacuate Collection Set: 0.0ms
[2022-06-28T07:22:27.134+0000][6][gc,phases   ] GC(42)   Merge Heap Roots: 0.1ms
[2022-06-28T07:22:27.134+0000][6][gc,phases   ] GC(42)   Evacuate Collection Set: 15.5ms
[2022-06-28T07:22:27.134+0000][6][gc,phases   ] GC(42)   Post Evacuate Collection Set: 1.3ms
[2022-06-28T07:22:27.134+0000][6][gc,phases   ] GC(42)   Other: 0.1ms
[2022-06-28T07:22:27.134+0000][6][gc,age      ] GC(42) Age table with threshold 15 (max threshold 15)
[2022-06-28T07:22:27.134+0000][6][gc,age      ] GC(42) - age   1:      17280 bytes,      17280 total
[2022-06-28T07:22:27.134+0000][6][gc,age      ] GC(42) - age   2:       4928 bytes,      22208 total
[2022-06-28T07:22:27.134+0000][6][gc,age      ] GC(42) - age   3:      16560 bytes,      38768 total
[2022-06-28T07:22:27.134+0000][6][gc,age      ] GC(42) - age   4:      12256 bytes,      51024 total
[2022-06-28T07:22:27.134+0000][6][gc,age      ] GC(42) - age   5:      64848 bytes,     115872 total
[2022-06-28T07:22:27.134+0000][6][gc,age      ] GC(42) - age   6:       4952 bytes,     120824 total
[2022-06-28T07:22:27.134+0000][6][gc,age      ] GC(42) - age   7:     105720 bytes,     226544 total
[2022-06-28T07:22:27.134+0000][6][gc,age      ] GC(42) - age   8:     526432 bytes,     752976 total
[2022-06-28T07:22:27.134+0000][6][gc,age      ] GC(42) - age   9:    3399952 bytes,    4152928 total
[2022-06-28T07:22:27.134+0000][6][gc,age      ] GC(42) - age  10:    1543496 bytes,    5696424 total
[2022-06-28T07:22:27.134+0000][6][gc,heap     ] GC(42) Eden regions: 28->0(28)
[2022-06-28T07:22:27.134+0000][6][gc,heap     ] GC(42) Survivor regions: 2->2(4)
[2022-06-28T07:22:27.134+0000][6][gc,heap     ] GC(42) Old regions: 18->18
[2022-06-28T07:22:27.134+0000][6][gc,heap     ] GC(42) Archive regions: 2->2
[2022-06-28T07:22:27.134+0000][6][gc,heap     ] GC(42) Humongous regions: 2->2
[2022-06-28T07:22:27.134+0000][6][gc,metaspace] GC(42) Metaspace: 107032K(111232K)->107032K(111232K) NonClass: 92632K(95040K)->92632K(95040K) Class: 14399K(16192K)->14399K(16192K)
[2022-06-28T07:22:27.134+0000][6][gc          ] GC(42) Pause Young (Normal) (G1 Evacuation Pause) 198M->86M(256M) 17.309ms
[2022-06-28T07:22:27.134+0000][6][gc,cpu      ] GC(42) User=0.02s Sys=0.00s Real=0.01s
[2022-06-28T07:22:27.134+0000][6][safepoint   ] Safepoint "G1CollectForAllocation", Time since last: 3123533790 ns, Reaching safepoint: 27215 ns, At safepoint: 17372250 ns, Total: 17399465 ns
[2022-06-28T07:22:28.135+0000][6][safepoint   ] Safepoint "Cleanup", Time since last: 1000119463 ns, Reaching safepoint: 39082 ns, At safepoint: 4669 ns, Total: 43751 ns
[2022-06-28T07:22:34.135+0000][6][safepoint   ] Safepoint "Cleanup", Time since last: 6000567277 ns, Reaching safepoint: 37025 ns, At safepoint: 5155 ns, Total: 42180 ns
[2022-06-28T07:22:36.135+0000][6][safepoint   ] Safepoint "Cleanup", Time since last: 2000276904 ns, Reaching safepoint: 39534 ns, At safepoint: 5046 ns, Total: 44580 ns
[2022-06-28T07:22:43.136+0000][6][safepoint   ] Safepoint "Cleanup", Time since last: 7000861273 ns, Reaching safepoint: 37475 ns, At safepoint: 4647 ns, Total: 42122 ns
[2022-06-28T07:23:00.138+0000][6][safepoint   ] Safepoint "Cleanup", Time since last: 17001898402 ns, Reaching safepoint: 47027 ns, At safepoint: 5050 ns, Total: 52077 ns
[2022-06-28T07:23:38.155+0000][6][safepoint   ] Safepoint "Cleanup", Time since last: 38017080508 ns, Reaching safepoint: 40204 ns, At safepoint: 4878 ns, Total: 45082 ns
[2022-06-28T07:24:15.159+0000][6][safepoint   ] Safepoint "Cleanup", Time since last: 37003589401 ns, Reaching safepoint: 39540 ns, At safepoint: 4810 ns, Total: 44350 ns
[2022-06-28T07:24:20.160+0000][6][safepoint   ] Safepoint "Cleanup", Time since last: 5000609247 ns, Reaching safepoint: 85560 ns, At safepoint: 25167 ns, Total: 110727 ns
[2022-06-28T07:24:26.160+0000][6][safepoint   ] Safepoint "Cleanup", Time since last: 6000626524 ns, Reaching safepoint: 36597 ns, At safepoint: 4748 ns, Total: 41345 ns
[2022-06-28T07:24:31.161+0000][6][safepoint   ] Safepoint "Cleanup", Time since last: 5000487811 ns, Reaching safepoint: 41144 ns, At safepoint: 4992 ns, Total: 46136 ns
[2022-06-28T07:24:33.161+0000][6][safepoint   ] Safepoint "Cleanup", Time since last: 2000280441 ns, Reaching safepoint: 48380 ns, At safepoint: 4403 ns, Total: 52783 ns
[2022-06-28T07:24:39.162+0000][6][safepoint   ] Safepoint "Cleanup", Time since last: 6000628392 ns, Reaching safepoint: 37088 ns, At safepoint: 4644 ns, Total: 41732 ns
[2022-06-28T07:24:40.162+0000][6][safepoint   ] Safepoint "Cleanup", Time since last: 1000172995 ns, Reaching safepoint: 38024 ns, At safepoint: 5051 ns, Total: 43075 ns
[2022-06-28T07:24:53.164+0000][6][safepoint   ] Safepoint "Cleanup", Time since last: 13001298811 ns, Reaching safepoint: 35218 ns, At safepoint: 4625 ns, Total: 39843 ns
[2022-06-28T07:25:04.165+0000][6][safepoint   ] Safepoint "Cleanup", Time since last: 11001245265 ns, Reaching safepoint: 36164 ns, At safepoint: 5193 ns, Total: 41357 ns
[2022-06-28T07:25:10.165+0000][6][safepoint   ] Safepoint "Cleanup", Time since last: 6000638314 ns, Reaching safepoint: 34652 ns, At safepoint: 4704 ns, Total: 39356 ns
[2022-06-28T07:25:11.166+0000][6][safepoint   ] Safepoint "Cleanup", Time since last: 1000155271 ns, Reaching safepoint: 39410 ns, At safepoint: 5152 ns, Total: 44562 ns
[2022-06-28T07:25:34.168+0000][6][safepoint   ] Safepoint "Cleanup", Time since last: 23002052121 ns, Reaching safepoint: 39516 ns, At safepoint: 4616 ns, Total: 44132 ns
[2022-06-28T07:25:35.168+0000][6][safepoint   ] Safepoint "Cleanup", Time since last: 1000168086 ns, Reaching safepoint: 37600 ns, At safepoint: 4778 ns, Total: 42378 ns
[2022-06-28T07:25:36.168+0000][6][safepoint   ] Safepoint "Cleanup", Time since last: 1000165336 ns, Reaching safepoint: 38268 ns, At safepoint: 4567 ns, Total: 42835 ns
[2022-06-28T07:25:43.095+0000][6][gc,start    ] GC(43) Pause Young (Concurrent Start) (G1 Evacuation Pause)
[2022-06-28T07:25:43.095+0000][6][gc,task     ] GC(43) Using 1 workers of 1 for evacuation
[2022-06-28T07:25:43.095+0000][6][gc,age      ] GC(43) Desired survivor size 8388608 bytes, new threshold 15 (max threshold 15)
[2022-06-28T07:25:43.112+0000][6][gc,phases   ] GC(43)   Pre Evacuate Collection Set: 0.2ms
[2022-06-28T07:25:43.112+0000][6][gc,phases   ] GC(43)   Merge Heap Roots: 0.1ms
[2022-06-28T07:25:43.112+0000][6][gc,phases   ] GC(43)   Evacuate Collection Set: 15.1ms
[2022-06-28T07:25:43.112+0000][6][gc,phases   ] GC(43)   Post Evacuate Collection Set: 1.1ms
[2022-06-28T07:25:43.112+0000][6][gc,phases   ] GC(43)   Other: 0.1ms
[2022-06-28T07:25:43.112+0000][6][gc,age      ] GC(43) Age table with threshold 15 (max threshold 15)
[2022-06-28T07:25:43.112+0000][6][gc,age      ] GC(43) - age   1:      36912 bytes,      36912 total
[2022-06-28T07:25:43.112+0000][6][gc,age      ] GC(43) - age   2:       3656 bytes,      40568 total
[2022-06-28T07:25:43.112+0000][6][gc,age      ] GC(43) - age   3:       4728 bytes,      45296 total
[2022-06-28T07:25:43.112+0000][6][gc,age      ] GC(43) - age   4:      16560 bytes,      61856 total
[2022-06-28T07:25:43.112+0000][6][gc,age      ] GC(43) - age   5:      12256 bytes,      74112 total
[2022-06-28T07:25:43.112+0000][6][gc,age      ] GC(43) - age   6:      64848 bytes,     138960 total
[2022-06-28T07:25:43.112+0000][6][gc,age      ] GC(43) - age   7:       4952 bytes,     143912 total
[2022-06-28T07:25:43.112+0000][6][gc,age      ] GC(43) - age   8:     105720 bytes,     249632 total
[2022-06-28T07:25:43.112+0000][6][gc,age      ] GC(43) - age   9:     526432 bytes,     776064 total
[2022-06-28T07:25:43.112+0000][6][gc,age      ] GC(43) - age  10:    3399952 bytes,    4176016 total
[2022-06-28T07:25:43.112+0000][6][gc,age      ] GC(43) - age  11:    1543496 bytes,    5719512 total
[2022-06-28T07:25:43.112+0000][6][gc,heap     ] GC(43) Eden regions: 28->0(28)
[2022-06-28T07:25:43.112+0000][6][gc,heap     ] GC(43) Survivor regions: 2->2(4)
[2022-06-28T07:25:43.112+0000][6][gc,heap     ] GC(43) Old regions: 18->18
[2022-06-28T07:25:43.112+0000][6][gc,heap     ] GC(43) Archive regions: 2->2
[2022-06-28T07:25:43.112+0000][6][gc,heap     ] GC(43) Humongous regions: 2->2
[2022-06-28T07:25:43.112+0000][6][gc,metaspace] GC(43) Metaspace: 107037K(111232K)->107037K(111232K) NonClass: 92637K(95040K)->92637K(95040K) Class: 14399K(16192K)->14399K(16192K)
[2022-06-28T07:25:43.112+0000][6][gc          ] GC(43) Pause Young (Concurrent Start) (G1 Evacuation Pause) 198M->86M(256M) 16.875ms
[2022-06-28T07:25:43.112+0000][6][gc,cpu      ] GC(43) User=0.02s Sys=0.00s Real=0.01s
[2022-06-28T07:25:43.112+0000][6][safepoint   ] Safepoint "G1CollectForAllocation", Time since last: 6926980600 ns, Reaching safepoint: 25295 ns, At safepoint: 16933638 ns, Total: 16958933 ns
[2022-06-28T07:25:43.113+0000][6][gc          ] GC(44) Concurrent Mark Cycle
[2022-06-28T07:25:43.113+0000][6][gc,marking  ] GC(44) Concurrent Clear Claimed Marks
[2022-06-28T07:25:43.113+0000][6][gc,marking  ] GC(44) Concurrent Clear Claimed Marks 0.071ms
[2022-06-28T07:25:43.113+0000][6][gc,marking  ] GC(44) Concurrent Scan Root Regions
[2022-06-28T07:25:43.121+0000][6][gc,marking  ] GC(44) Concurrent Scan Root Regions 8.008ms
[2022-06-28T07:25:43.121+0000][6][gc,marking  ] GC(44) Concurrent Mark
[2022-06-28T07:25:43.121+0000][6][gc,marking  ] GC(44) Concurrent Mark From Roots
[2022-06-28T07:25:43.121+0000][6][gc,task     ] GC(44) Using 1 workers of 1 for marking
[2022-06-28T07:25:43.230+0000][6][gc,marking  ] GC(44) Concurrent Mark From Roots 108.618ms
[2022-06-28T07:25:43.230+0000][6][gc,marking  ] GC(44) Concurrent Preclean
[2022-06-28T07:25:43.230+0000][6][gc,marking  ] GC(44) Concurrent Preclean 0.130ms
[2022-06-28T07:25:43.230+0000][6][gc,start    ] GC(44) Pause Remark
[2022-06-28T07:25:43.243+0000][6][gc          ] GC(44) Pause Remark 88M->88M(256M) 13.097ms
[2022-06-28T07:25:43.243+0000][6][gc,cpu      ] GC(44) User=0.01s Sys=0.00s Real=0.01s
[2022-06-28T07:25:43.243+0000][6][safepoint   ] Safepoint "G1Concurrent", Time since last: 118153725 ns, Reaching safepoint: 26132 ns, At safepoint: 13163073 ns, Total: 13189205 ns
[2022-06-28T07:25:43.244+0000][6][gc,marking  ] GC(44) Concurrent Mark 122.043ms
[2022-06-28T07:25:43.244+0000][6][gc,marking  ] GC(44) Concurrent Rebuild Remembered Sets
[2022-06-28T07:25:43.308+0000][6][gc,marking  ] GC(44) Concurrent Rebuild Remembered Sets 64.533ms
[2022-06-28T07:25:43.308+0000][6][gc,start    ] GC(44) Pause Cleanup
[2022-06-28T07:25:43.308+0000][6][gc          ] GC(44) Pause Cleanup 88M->88M(256M) 0.050ms
[2022-06-28T07:25:43.308+0000][6][gc,cpu      ] GC(44) User=0.00s Sys=0.00s Real=0.00s
[2022-06-28T07:25:43.308+0000][6][safepoint   ] Safepoint "G1Concurrent", Time since last: 64640279 ns, Reaching safepoint: 24626 ns, At safepoint: 87867 ns, Total: 112493 ns
[2022-06-28T07:25:43.308+0000][6][gc,marking  ] GC(44) Concurrent Cleanup for Next Mark
[2022-06-28T07:25:43.309+0000][6][gc,marking  ] GC(44) Concurrent Cleanup for Next Mark 0.679ms
[2022-06-28T07:25:43.309+0000][6][gc          ] GC(44) Concurrent Mark Cycle 195.620ms
[2022-06-28T07:26:03.311+0000][6][safepoint   ] Safepoint "Cleanup", Time since last: 20002225434 ns, Reaching safepoint: 37927 ns, At safepoint: 4909 ns, Total: 42836 ns
[2022-06-28T07:26:20.318+0000][6][safepoint   ] Safepoint "Cleanup", Time since last: 17007831194 ns, Reaching safepoint: 40337 ns, At safepoint: 4851 ns, Total: 45188 ns
[2022-06-28T07:26:35.331+0000][6][safepoint   ] Safepoint "Cleanup", Time since last: 15012251210 ns, Reaching safepoint: 62470 ns, At safepoint: 4484 ns, Total: 66954 ns
[2022-06-28T07:26:51.333+0000][6][safepoint   ] Safepoint "Cleanup", Time since last: 16001813981 ns, Reaching safepoint: 40388 ns, At safepoint: 4279 ns, Total: 44667 ns
[2022-06-28T07:27:05.334+0000][6][safepoint   ] Safepoint "Cleanup", Time since last: 14001605562 ns, Reaching safepoint: 44407 ns, At safepoint: 4750 ns, Total: 49157 ns
[2022-06-28T07:27:08.335+0000][6][safepoint   ] Safepoint "Cleanup", Time since last: 3000320738 ns, Reaching safepoint: 52798 ns, At safepoint: 5493 ns, Total: 58291 ns
[2022-06-28T07:27:33.337+0000][6][safepoint   ] Safepoint "Cleanup", Time since last: 25002425304 ns, Reaching safepoint: 35375 ns, At safepoint: 4820 ns, Total: 40195 ns
[2022-06-28T07:28:03.340+0000][6][safepoint   ] Safepoint "Cleanup", Time since last: 30002863786 ns, Reaching safepoint: 40185 ns, At safepoint: 4805 ns, Total: 44990 ns
[2022-06-28T07:28:13.341+0000][6][safepoint   ] Safepoint "Cleanup", Time since last: 10001291238 ns, Reaching safepoint: 38305 ns, At safepoint: 4872 ns, Total: 43177 ns
[2022-06-28T07:28:14.342+0000][6][safepoint   ] Safepoint "Cleanup", Time since last: 1000162105 ns, Reaching safepoint: 37700 ns, At safepoint: 16377 ns, Total: 54077 ns
[2022-06-28T07:28:33.344+0000][6][safepoint   ] Safepoint "Cleanup", Time since last: 19001935219 ns, Reaching safepoint: 43331 ns, At safepoint: 5029 ns, Total: 48360 ns
[2022-06-28T07:28:36.344+0000][6][safepoint   ] Safepoint "Cleanup", Time since last: 3000343395 ns, Reaching safepoint: 36654 ns, At safepoint: 4618 ns, Total: 41272 ns
[2022-06-28T07:29:03.275+0000][6][gc,start    ] GC(45) Pause Young (Normal) (G1 Evacuation Pause)
[2022-06-28T07:29:03.275+0000][6][gc,task     ] GC(45) Using 1 workers of 1 for evacuation
[2022-06-28T07:29:03.275+0000][6][gc,age      ] GC(45) Desired survivor size 8388608 bytes, new threshold 15 (max threshold 15)
[2022-06-28T07:29:03.292+0000][6][gc,phases   ] GC(45)   Pre Evacuate Collection Set: 0.0ms
[2022-06-28T07:29:03.292+0000][6][gc,phases   ] GC(45)   Merge Heap Roots: 0.1ms
[2022-06-28T07:29:03.292+0000][6][gc,phases   ] GC(45)   Evacuate Collection Set: 15.3ms
[2022-06-28T07:29:03.292+0000][6][gc,phases   ] GC(45)   Post Evacuate Collection Set: 1.2ms
[2022-06-28T07:29:03.292+0000][6][gc,phases   ] GC(45)   Other: 0.1ms
[2022-06-28T07:29:03.292+0000][6][gc,age      ] GC(45) Age table with threshold 15 (max threshold 15)
[2022-06-28T07:29:03.292+0000][6][gc,age      ] GC(45) - age   1:      56936 bytes,      56936 total
[2022-06-28T07:29:03.292+0000][6][gc,age      ] GC(45) - age   2:      22896 bytes,      79832 total
[2022-06-28T07:29:03.292+0000][6][gc,age      ] GC(45) - age   3:       3656 bytes,      83488 total
[2022-06-28T07:29:03.292+0000][6][gc,age      ] GC(45) - age   4:       3440 bytes,      86928 total
[2022-06-28T07:29:03.292+0000][6][gc,age      ] GC(45) - age   5:      16560 bytes,     103488 total
[2022-06-28T07:29:03.292+0000][6][gc,age      ] GC(45) - age   6:      11664 bytes,     115152 total
[2022-06-28T07:29:03.292+0000][6][gc,age      ] GC(45) - age   7:      64848 bytes,     180000 total
[2022-06-28T07:29:03.292+0000][6][gc,age      ] GC(45) - age   8:       4952 bytes,     184952 total
[2022-06-28T07:29:03.292+0000][6][gc,age      ] GC(45) - age   9:     105720 bytes,     290672 total
[2022-06-28T07:29:03.292+0000][6][gc,age      ] GC(45) - age  10:     526432 bytes,     817104 total
[2022-06-28T07:29:03.292+0000][6][gc,age      ] GC(45) - age  11:    3399752 bytes,    4216856 total
[2022-06-28T07:29:03.292+0000][6][gc,age      ] GC(45) - age  12:    1543496 bytes,    5760352 total
[2022-06-28T07:29:03.292+0000][6][gc,heap     ] GC(45) Eden regions: 28->0(28)
[2022-06-28T07:29:03.292+0000][6][gc,heap     ] GC(45) Survivor regions: 2->2(4)
[2022-06-28T07:29:03.292+0000][6][gc,heap     ] GC(45) Old regions: 18->18
[2022-06-28T07:29:03.292+0000][6][gc,heap     ] GC(45) Archive regions: 2->2
[2022-06-28T07:29:03.292+0000][6][gc,heap     ] GC(45) Humongous regions: 2->2
[2022-06-28T07:29:03.292+0000][6][gc,metaspace] GC(45) Metaspace: 107081K(111232K)->107081K(111232K) NonClass: 92681K(95040K)->92681K(95040K) Class: 14399K(16192K)->14399K(16192K)
[2022-06-28T07:29:03.292+0000][6][gc          ] GC(45) Pause Young (Normal) (G1 Evacuation Pause) 198M->86M(256M) 17.022ms
[2022-06-28T07:29:03.292+0000][6][gc,cpu      ] GC(45) User=0.02s Sys=0.00s Real=0.01s
[2022-06-28T07:29:03.292+0000][6][safepoint   ] Safepoint "G1CollectForAllocation", Time since last: 26931260598 ns, Reaching safepoint: 27184 ns, At safepoint: 17082621 ns, Total: 17109805 ns
[2022-06-28T07:29:06.293+0000][6][safepoint   ] Safepoint "Cleanup", Time since last: 3000330054 ns, Reaching safepoint: 53803 ns, At safepoint: 9450 ns, Total: 63253 ns
[2022-06-28T07:29:34.296+0000][6][safepoint   ] Safepoint "Cleanup", Time since last: 28002970610 ns, Reaching safepoint: 49657 ns, At safepoint: 4556 ns, Total: 54213 ns
[2022-06-28T07:29:49.297+0000][6][safepoint   ] Safepoint "Cleanup", Time since last: 15001721237 ns, Reaching safepoint: 37145 ns, At safepoint: 4697 ns, Total: 41842 ns
[2022-06-28T07:29:51.298+0000][6][safepoint   ] Safepoint "Cleanup", Time since last: 2000284355 ns, Reaching safepoint: 36450 ns, At safepoint: 5198 ns, Total: 41648 ns
[2022-06-28T07:30:30.301+0000][6][safepoint   ] Safepoint "Cleanup", Time since last: 39003660128 ns, Reaching safepoint: 41979 ns, At safepoint: 4472 ns, Total: 46451 ns
[2022-06-28T07:30:34.302+0000][6][safepoint   ] Safepoint "Cleanup", Time since last: 4000435521 ns, Reaching safepoint: 38269 ns, At safepoint: 4820 ns, Total: 43089 ns
[2022-06-28T07:32:14.312+0000][6][safepoint   ] Safepoint "Cleanup", Time since last: 100010306979 ns, Reaching safepoint: 52969 ns, At safepoint: 4525 ns, Total: 57494 ns
[2022-06-28T07:32:21.834+0000][6][gc,start    ] GC(46) Pause Young (Concurrent Start) (G1 Evacuation Pause)
[2022-06-28T07:32:21.834+0000][6][gc,task     ] GC(46) Using 1 workers of 1 for evacuation
[2022-06-28T07:32:21.834+0000][6][gc,age      ] GC(46) Desired survivor size 8388608 bytes, new threshold 15 (max threshold 15)
[2022-06-28T07:32:21.851+0000][6][gc,phases   ] GC(46)   Pre Evacuate Collection Set: 0.2ms
[2022-06-28T07:32:21.851+0000][6][gc,phases   ] GC(46)   Merge Heap Roots: 0.1ms
[2022-06-28T07:32:21.851+0000][6][gc,phases   ] GC(46)   Evacuate Collection Set: 15.4ms
[2022-06-28T07:32:21.851+0000][6][gc,phases   ] GC(46)   Post Evacuate Collection Set: 1.2ms
[2022-06-28T07:32:21.851+0000][6][gc,phases   ] GC(46)   Other: 0.1ms
[2022-06-28T07:32:21.851+0000][6][gc,age      ] GC(46) Age table with threshold 15 (max threshold 15)
[2022-06-28T07:32:21.851+0000][6][gc,age      ] GC(46) - age   1:      17512 bytes,      17512 total
[2022-06-28T07:32:21.851+0000][6][gc,age      ] GC(46) - age   2:       3824 bytes,      21336 total
[2022-06-28T07:32:21.851+0000][6][gc,age      ] GC(46) - age   3:      22896 bytes,      44232 total
[2022-06-28T07:32:21.851+0000][6][gc,age      ] GC(46) - age   4:       3656 bytes,      47888 total
[2022-06-28T07:32:21.851+0000][6][gc,age      ] GC(46) - age   5:       3440 bytes,      51328 total
[2022-06-28T07:32:21.851+0000][6][gc,age      ] GC(46) - age   6:      16560 bytes,      67888 total
[2022-06-28T07:32:21.851+0000][6][gc,age      ] GC(46) - age   7:      11664 bytes,      79552 total
[2022-06-28T07:32:21.851+0000][6][gc,age      ] GC(46) - age   8:      64848 bytes,     144400 total
[2022-06-28T07:32:21.851+0000][6][gc,age      ] GC(46) - age   9:       4952 bytes,     149352 total
[2022-06-28T07:32:21.851+0000][6][gc,age      ] GC(46) - age  10:     105720 bytes,     255072 total
[2022-06-28T07:32:21.851+0000][6][gc,age      ] GC(46) - age  11:     526432 bytes,     781504 total
[2022-06-28T07:32:21.851+0000][6][gc,age      ] GC(46) - age  12:    3399552 bytes,    4181056 total
[2022-06-28T07:32:21.851+0000][6][gc,age      ] GC(46) - age  13:    1543496 bytes,    5724552 total
[2022-06-28T07:32:21.851+0000][6][gc,heap     ] GC(46) Eden regions: 28->0(28)
[2022-06-28T07:32:21.851+0000][6][gc,heap     ] GC(46) Survivor regions: 2->2(4)
[2022-06-28T07:32:21.851+0000][6][gc,heap     ] GC(46) Old regions: 18->18
[2022-06-28T07:32:21.851+0000][6][gc,heap     ] GC(46) Archive regions: 2->2
[2022-06-28T07:32:21.851+0000][6][gc,heap     ] GC(46) Humongous regions: 2->2
[2022-06-28T07:32:21.851+0000][6][gc,metaspace] GC(46) Metaspace: 107098K(111232K)->107098K(111232K) NonClass: 92698K(95040K)->92698K(95040K) Class: 14399K(16192K)->14399K(16192K)
[2022-06-28T07:32:21.851+0000][6][gc          ] GC(46) Pause Young (Concurrent Start) (G1 Evacuation Pause) 198M->87M(256M) 17.386ms
[2022-06-28T07:32:21.851+0000][6][gc,cpu      ] GC(46) User=0.02s Sys=0.00s Real=0.02s
[2022-06-28T07:32:21.851+0000][6][safepoint   ] Safepoint "G1CollectForAllocation", Time since last: 7521410794 ns, Reaching safepoint: 26761 ns, At safepoint: 17450446 ns, Total: 17477207 ns
[2022-06-28T07:32:21.851+0000][6][gc          ] GC(47) Concurrent Mark Cycle
[2022-06-28T07:32:21.851+0000][6][gc,marking  ] GC(47) Concurrent Clear Claimed Marks
[2022-06-28T07:32:21.851+0000][6][gc,marking  ] GC(47) Concurrent Clear Claimed Marks 0.109ms
[2022-06-28T07:32:21.851+0000][6][gc,marking  ] GC(47) Concurrent Scan Root Regions
[2022-06-28T07:32:21.860+0000][6][gc,marking  ] GC(47) Concurrent Scan Root Regions 8.137ms
[2022-06-28T07:32:21.860+0000][6][gc,marking  ] GC(47) Concurrent Mark
[2022-06-28T07:32:21.860+0000][6][gc,marking  ] GC(47) Concurrent Mark From Roots
[2022-06-28T07:32:21.860+0000][6][gc,task     ] GC(47) Using 1 workers of 1 for marking
[2022-06-28T07:32:21.966+0000][6][gc,marking  ] GC(47) Concurrent Mark From Roots 106.668ms
[2022-06-28T07:32:21.966+0000][6][gc,marking  ] GC(47) Concurrent Preclean
[2022-06-28T07:32:21.966+0000][6][gc,marking  ] GC(47) Concurrent Preclean 0.130ms
[2022-06-28T07:32:21.966+0000][6][gc,start    ] GC(47) Pause Remark
[2022-06-28T07:32:21.980+0000][6][gc          ] GC(47) Pause Remark 87M->87M(256M) 13.311ms
[2022-06-28T07:32:21.980+0000][6][gc,cpu      ] GC(47) User=0.02s Sys=0.00s Real=0.02s
[2022-06-28T07:32:21.980+0000][6][safepoint   ] Safepoint "G1Concurrent", Time since last: 115207261 ns, Reaching safepoint: 25829 ns, At safepoint: 13374230 ns, Total: 13400059 ns
[2022-06-28T07:32:21.980+0000][6][gc,marking  ] GC(47) Concurrent Mark 120.303ms
[2022-06-28T07:32:21.980+0000][6][gc,marking  ] GC(47) Concurrent Rebuild Remembered Sets
[2022-06-28T07:32:22.043+0000][6][gc,marking  ] GC(47) Concurrent Rebuild Remembered Sets 63.230ms
[2022-06-28T07:32:22.043+0000][6][gc,start    ] GC(47) Pause Cleanup
[2022-06-28T07:32:22.043+0000][6][gc          ] GC(47) Pause Cleanup 87M->87M(256M) 0.050ms
[2022-06-28T07:32:22.043+0000][6][gc,cpu      ] GC(47) User=0.00s Sys=0.00s Real=0.00s
[2022-06-28T07:32:22.043+0000][6][safepoint   ] Safepoint "G1Concurrent", Time since last: 63324336 ns, Reaching safepoint: 24722 ns, At safepoint: 87544 ns, Total: 112266 ns
[2022-06-28T07:32:22.043+0000][6][gc,marking  ] GC(47) Concurrent Cleanup for Next Mark
[2022-06-28T07:32:22.044+0000][6][gc,marking  ] GC(47) Concurrent Cleanup for Next Mark 0.652ms
[2022-06-28T07:32:22.044+0000][6][gc          ] GC(47) Concurrent Mark Cycle 192.696ms
[2022-06-28T07:32:31.044+0000][6][safepoint   ] Safepoint "Cleanup", Time since last: 9000963172 ns, Reaching safepoint: 41357 ns, At safepoint: 4949 ns, Total: 46306 ns
[2022-06-28T07:33:22.050+0000][6][safepoint   ] Safepoint "Cleanup", Time since last: 51005766697 ns, Reaching safepoint: 44319 ns, At safepoint: 4706 ns, Total: 49025 ns
[2022-06-28T07:33:34.052+0000][6][safepoint   ] Safepoint "Cleanup", Time since last: 12001388840 ns, Reaching safepoint: 41277 ns, At safepoint: 8162 ns, Total: 49439 ns
[2022-06-28T07:34:04.055+0000][6][safepoint   ] Safepoint "Cleanup", Time since last: 30003314555 ns, Reaching safepoint: 49386 ns, At safepoint: 29059 ns, Total: 78445 ns
[2022-06-28T07:34:06.055+0000][6][safepoint   ] Safepoint "Cleanup", Time since last: 2000209615 ns, Reaching safepoint: 33049 ns, At safepoint: 4496 ns, Total: 37545 ns
[2022-06-28T07:34:24.057+0000][6][safepoint   ] Safepoint "Cleanup", Time since last: 18001823717 ns, Reaching safepoint: 42397 ns, At safepoint: 4961 ns, Total: 47358 ns
[2022-06-28T07:34:31.058+0000][6][safepoint   ] Safepoint "Cleanup", Time since last: 7000764131 ns, Reaching safepoint: 35878 ns, At safepoint: 4807 ns, Total: 40685 ns
[2022-06-28T07:34:34.058+0000][6][safepoint   ] Safepoint "Cleanup", Time since last: 3000332131 ns, Reaching safepoint: 42735 ns, At safepoint: 5573 ns, Total: 48308 ns
[2022-06-28T07:35:04.061+0000][6][safepoint   ] Safepoint "Cleanup", Time since last: 30002896141 ns, Reaching safepoint: 37189 ns, At safepoint: 4844 ns, Total: 42033 ns
[2022-06-28T07:35:34.065+0000][6][safepoint   ] Safepoint "Cleanup", Time since last: 30003320008 ns, Reaching safepoint: 44791 ns, At safepoint: 4302 ns, Total: 49093 ns
[2022-06-28T07:35:38.606+0000][6][gc,start    ] GC(48) Pause Young (Normal) (G1 Evacuation Pause)
[2022-06-28T07:35:38.606+0000][6][gc,task     ] GC(48) Using 1 workers of 1 for evacuation
[2022-06-28T07:35:38.606+0000][6][gc,age      ] GC(48) Desired survivor size 8388608 bytes, new threshold 15 (max threshold 15)
[2022-06-28T07:35:38.623+0000][6][gc,phases   ] GC(48)   Pre Evacuate Collection Set: 0.1ms
[2022-06-28T07:35:38.623+0000][6][gc,phases   ] GC(48)   Merge Heap Roots: 0.1ms
[2022-06-28T07:35:38.623+0000][6][gc,phases   ] GC(48)   Evacuate Collection Set: 15.3ms
[2022-06-28T07:35:38.623+0000][6][gc,phases   ] GC(48)   Post Evacuate Collection Set: 1.2ms
[2022-06-28T07:35:38.623+0000][6][gc,phases   ] GC(48)   Other: 0.1ms
[2022-06-28T07:35:38.623+0000][6][gc,age      ] GC(48) Age table with threshold 15 (max threshold 15)
[2022-06-28T07:35:38.623+0000][6][gc,age      ] GC(48) - age   1:      13232 bytes,      13232 total
[2022-06-28T07:35:38.623+0000][6][gc,age      ] GC(48) - age   2:       4728 bytes,      17960 total
[2022-06-28T07:35:38.623+0000][6][gc,age      ] GC(48) - age   3:       3624 bytes,      21584 total
[2022-06-28T07:35:38.623+0000][6][gc,age      ] GC(48) - age   4:      22896 bytes,      44480 total
[2022-06-28T07:35:38.623+0000][6][gc,age      ] GC(48) - age   5:       3656 bytes,      48136 total
[2022-06-28T07:35:38.623+0000][6][gc,age      ] GC(48) - age   6:       3440 bytes,      51576 total
[2022-06-28T07:35:38.623+0000][6][gc,age      ] GC(48) - age   7:      16560 bytes,      68136 total
[2022-06-28T07:35:38.623+0000][6][gc,age      ] GC(48) - age   8:      11664 bytes,      79800 total
[2022-06-28T07:35:38.623+0000][6][gc,age      ] GC(48) - age   9:      64848 bytes,     144648 total
[2022-06-28T07:35:38.623+0000][6][gc,age      ] GC(48) - age  10:       4952 bytes,     149600 total
[2022-06-28T07:35:38.623+0000][6][gc,age      ] GC(48) - age  11:     105720 bytes,     255320 total
[2022-06-28T07:35:38.623+0000][6][gc,age      ] GC(48) - age  12:     526432 bytes,     781752 total
[2022-06-28T07:35:38.623+0000][6][gc,age      ] GC(48) - age  13:    3399552 bytes,    4181304 total
[2022-06-28T07:35:38.623+0000][6][gc,age      ] GC(48) - age  14:    1543496 bytes,    5724800 total
[2022-06-28T07:35:38.623+0000][6][gc,heap     ] GC(48) Eden regions: 28->0(28)
[2022-06-28T07:35:38.623+0000][6][gc,heap     ] GC(48) Survivor regions: 2->2(4)
[2022-06-28T07:35:38.623+0000][6][gc,heap     ] GC(48) Old regions: 18->18
[2022-06-28T07:35:38.623+0000][6][gc,heap     ] GC(48) Archive regions: 2->2
[2022-06-28T07:35:38.623+0000][6][gc,heap     ] GC(48) Humongous regions: 2->2
[2022-06-28T07:35:38.623+0000][6][gc,metaspace] GC(48) Metaspace: 107120K(111232K)->107120K(111232K) NonClass: 92721K(95040K)->92721K(95040K) Class: 14399K(16192K)->14399K(16192K)
[2022-06-28T07:35:38.624+0000][6][gc          ] GC(48) Pause Young (Normal) (G1 Evacuation Pause) 199M->86M(256M) 17.104ms
[2022-06-28T07:35:38.624+0000][6][gc,cpu      ] GC(48) User=0.01s Sys=0.00s Real=0.02s
[2022-06-28T07:35:38.624+0000][6][safepoint   ] Safepoint "G1CollectForAllocation", Time since last: 4541845244 ns, Reaching safepoint: 26256 ns, At safepoint: 17162883 ns, Total: 17189139 ns
[2022-06-28T07:36:06.627+0000][6][safepoint   ] Safepoint "Cleanup", Time since last: 28002990604 ns, Reaching safepoint: 38248 ns, At safepoint: 5135 ns, Total: 43383 ns
[2022-06-28T07:36:24.629+0000][6][safepoint   ] Safepoint "Cleanup", Time since last: 18002056436 ns, Reaching safepoint: 41135 ns, At safepoint: 4715 ns, Total: 45850 ns
[2022-06-28T07:36:32.630+0000][6][safepoint   ] Safepoint "Cleanup", Time since last: 8000999553 ns, Reaching safepoint: 43007 ns, At safepoint: 4895 ns, Total: 47902 ns
[2022-06-28T07:36:33.630+0000][6][safepoint   ] Safepoint "Cleanup", Time since last: 1000168144 ns, Reaching safepoint: 42590 ns, At safepoint: 4343 ns, Total: 46933 ns
[2022-06-28T07:36:34.630+0000][6][safepoint   ] Safepoint "Cleanup", Time since last: 1000178864 ns, Reaching safepoint: 51247 ns, At safepoint: 4665 ns, Total: 55912 ns
[2022-06-28T07:36:36.631+0000][6][safepoint   ] Safepoint "Cleanup", Time since last: 2000285874 ns, Reaching safepoint: 38830 ns, At safepoint: 4687 ns, Total: 43517 ns
[2022-06-28T07:36:37.631+0000][6][safepoint   ] Safepoint "Cleanup", Time since last: 1000164695 ns, Reaching safepoint: 64280 ns, At safepoint: 7828 ns, Total: 72108 ns
[2022-06-28T07:37:06.634+0000][6][safepoint   ] Safepoint "Cleanup", Time since last: 29003294944 ns, Reaching safepoint: 40378 ns, At safepoint: 5436 ns, Total: 45814 ns
[2022-06-28T07:37:08.634+0000][6][safepoint   ] Safepoint "Cleanup", Time since last: 2000265060 ns, Reaching safepoint: 63850 ns, At safepoint: 7534 ns, Total: 71384 ns
[2022-06-28T07:37:13.635+0000][6][safepoint   ] Safepoint "Cleanup", Time since last: 5000579328 ns, Reaching safepoint: 39765 ns, At safepoint: 4203 ns, Total: 43968 ns
[2022-06-28T07:37:16.635+0000][6][safepoint   ] Safepoint "Cleanup", Time since last: 3000399938 ns, Reaching safepoint: 38369 ns, At safepoint: 4899 ns, Total: 43268 ns
[2022-06-28T07:37:22.636+0000][6][safepoint   ] Safepoint "Cleanup", Time since last: 6000732079 ns, Reaching safepoint: 42533 ns, At safepoint: 4776 ns, Total: 47309 ns
[2022-06-28T07:37:29.637+0000][6][safepoint   ] Safepoint "Cleanup", Time since last: 7000817641 ns, Reaching safepoint: 39679 ns, At safepoint: 5158 ns, Total: 44837 ns
[2022-06-28T07:37:30.637+0000][6][safepoint   ] Safepoint "Cleanup", Time since last: 1000149523 ns, Reaching safepoint: 39350 ns, At safepoint: 4609 ns, Total: 43959 ns
[2022-06-28T07:37:35.638+0000][6][safepoint   ] Safepoint "Cleanup", Time since last: 5000613700 ns, Reaching safepoint: 45837 ns, At safepoint: 4559 ns, Total: 50396 ns
[2022-06-28T07:38:00.641+0000][6][safepoint   ] Safepoint "Cleanup", Time since last: 25002465411 ns, Reaching safepoint: 37348 ns, At safepoint: 4733 ns, Total: 42081 ns
[2022-06-28T07:38:02.641+0000][6][safepoint   ] Safepoint "Cleanup", Time since last: 2000268686 ns, Reaching safepoint: 39575 ns, At safepoint: 5286 ns, Total: 44861 ns
[2022-06-28T07:38:03.641+0000][6][safepoint   ] Safepoint "Cleanup", Time since last: 1000133340 ns, Reaching safepoint: 38296 ns, At safepoint: 5049 ns, Total: 43345 ns
[2022-06-28T07:38:06.641+0000][6][safepoint   ] Safepoint "Cleanup", Time since last: 3000370480 ns, Reaching safepoint: 38429 ns, At safepoint: 5060 ns, Total: 43489 ns
[2022-06-28T07:38:08.642+0000][6][safepoint   ] Safepoint "Cleanup", Time since last: 2000269915 ns, Reaching safepoint: 38752 ns, At safepoint: 4680 ns, Total: 43432 ns
[2022-06-28T07:38:09.642+0000][6][safepoint   ] Safepoint "Cleanup", Time since last: 1000157626 ns, Reaching safepoint: 72619 ns, At safepoint: 7283 ns, Total: 79902 ns
[2022-06-28T07:38:33.644+0000][6][safepoint   ] Safepoint "Cleanup", Time since last: 24002488528 ns, Reaching safepoint: 51248 ns, At safepoint: 4387 ns, Total: 55635 ns
[2022-06-28T07:38:36.645+0000][6][safepoint   ] Safepoint "Cleanup", Time since last: 3000362694 ns, Reaching safepoint: 41452 ns, At safepoint: 4880 ns, Total: 46332 ns
[2022-06-28T07:38:58.791+0000][6][gc,start    ] GC(49) Pause Young (Concurrent Start) (G1 Evacuation Pause)
[2022-06-28T07:38:58.791+0000][6][gc,task     ] GC(49) Using 1 workers of 1 for evacuation
[2022-06-28T07:38:58.791+0000][6][gc,age      ] GC(49) Desired survivor size 8388608 bytes, new threshold 15 (max threshold 15)
[2022-06-28T07:38:58.808+0000][6][gc,phases   ] GC(49)   Pre Evacuate Collection Set: 0.2ms
[2022-06-28T07:38:58.808+0000][6][gc,phases   ] GC(49)   Merge Heap Roots: 0.1ms
[2022-06-28T07:38:58.808+0000][6][gc,phases   ] GC(49)   Evacuate Collection Set: 15.3ms
[2022-06-28T07:38:58.808+0000][6][gc,phases   ] GC(49)   Post Evacuate Collection Set: 1.2ms
[2022-06-28T07:38:58.808+0000][6][gc,phases   ] GC(49)   Other: 0.1ms
[2022-06-28T07:38:58.808+0000][6][gc,age      ] GC(49) Age table with threshold 15 (max threshold 15)
[2022-06-28T07:38:58.808+0000][6][gc,age      ] GC(49) - age   1:      58184 bytes,      58184 total
[2022-06-28T07:38:58.808+0000][6][gc,age      ] GC(49) - age   2:        344 bytes,      58528 total
[2022-06-28T07:38:58.808+0000][6][gc,age      ] GC(49) - age   3:       4728 bytes,      63256 total
[2022-06-28T07:38:58.808+0000][6][gc,age      ] GC(49) - age   4:       2336 bytes,      65592 total
[2022-06-28T07:38:58.808+0000][6][gc,age      ] GC(49) - age   5:      22896 bytes,      88488 total
[2022-06-28T07:38:58.808+0000][6][gc,age      ] GC(49) - age   6:       3656 bytes,      92144 total
[2022-06-28T07:38:58.808+0000][6][gc,age      ] GC(49) - age   7:       3440 bytes,      95584 total
[2022-06-28T07:38:58.808+0000][6][gc,age      ] GC(49) - age   8:      16560 bytes,     112144 total
[2022-06-28T07:38:58.808+0000][6][gc,age      ] GC(49) - age   9:      11664 bytes,     123808 total
[2022-06-28T07:38:58.808+0000][6][gc,age      ] GC(49) - age  10:      64848 bytes,     188656 total
[2022-06-28T07:38:58.808+0000][6][gc,age      ] GC(49) - age  11:       4952 bytes,     193608 total
[2022-06-28T07:38:58.808+0000][6][gc,age      ] GC(49) - age  12:     105720 bytes,     299328 total
[2022-06-28T07:38:58.808+0000][6][gc,age      ] GC(49) - age  13:     526432 bytes,     825760 total
[2022-06-28T07:38:58.808+0000][6][gc,age      ] GC(49) - age  14:    3399552 bytes,    4225312 total
[2022-06-28T07:38:58.808+0000][6][gc,age      ] GC(49) - age  15:    1543496 bytes,    5768808 total
[2022-06-28T07:38:58.808+0000][6][gc,heap     ] GC(49) Eden regions: 28->0(28)
[2022-06-28T07:38:58.808+0000][6][gc,heap     ] GC(49) Survivor regions: 2->2(4)
[2022-06-28T07:38:58.808+0000][6][gc,heap     ] GC(49) Old regions: 18->18
[2022-06-28T07:38:58.808+0000][6][gc,heap     ] GC(49) Archive regions: 2->2
[2022-06-28T07:38:58.808+0000][6][gc,heap     ] GC(49) Humongous regions: 2->2
[2022-06-28T07:38:58.808+0000][6][gc,metaspace] GC(49) Metaspace: 107178K(111232K)->107178K(111232K) NonClass: 92778K(95040K)->92778K(95040K) Class: 14399K(16192K)->14399K(16192K)
[2022-06-28T07:38:58.808+0000][6][gc          ] GC(49) Pause Young (Concurrent Start) (G1 Evacuation Pause) 198M->86M(256M) 17.082ms
[2022-06-28T07:38:58.809+0000][6][gc,cpu      ] GC(49) User=0.01s Sys=0.00s Real=0.02s
[2022-06-28T07:38:58.809+0000][6][safepoint   ] Safepoint "G1CollectForAllocation", Time since last: 22146464758 ns, Reaching safepoint: 26331 ns, At safepoint: 17139777 ns, Total: 17166108 ns
[2022-06-28T07:38:58.809+0000][6][gc          ] GC(50) Concurrent Mark Cycle
[2022-06-28T07:38:58.809+0000][6][gc,marking  ] GC(50) Concurrent Clear Claimed Marks
[2022-06-28T07:38:58.809+0000][6][gc,marking  ] GC(50) Concurrent Clear Claimed Marks 0.059ms
[2022-06-28T07:38:58.809+0000][6][gc,marking  ] GC(50) Concurrent Scan Root Regions
[2022-06-28T07:38:58.817+0000][6][gc,marking  ] GC(50) Concurrent Scan Root Regions 7.568ms
[2022-06-28T07:38:58.817+0000][6][gc,marking  ] GC(50) Concurrent Mark
[2022-06-28T07:38:58.817+0000][6][gc,marking  ] GC(50) Concurrent Mark From Roots
[2022-06-28T07:38:58.817+0000][6][gc,task     ] GC(50) Using 1 workers of 1 for marking
[2022-06-28T07:38:58.924+0000][6][gc,marking  ] GC(50) Concurrent Mark From Roots 107.023ms
[2022-06-28T07:38:58.924+0000][6][gc,marking  ] GC(50) Concurrent Preclean
[2022-06-28T07:38:58.924+0000][6][gc,marking  ] GC(50) Concurrent Preclean 0.135ms
[2022-06-28T07:38:58.924+0000][6][gc,start    ] GC(50) Pause Remark
[2022-06-28T07:38:58.938+0000][6][gc          ] GC(50) Pause Remark 88M->88M(256M) 13.389ms
[2022-06-28T07:38:58.938+0000][6][gc,cpu      ] GC(50) User=0.01s Sys=0.00s Real=0.02s
[2022-06-28T07:38:58.938+0000][6][safepoint   ] Safepoint "G1Concurrent", Time since last: 115631701 ns, Reaching safepoint: 26070 ns, At safepoint: 13434923 ns, Total: 13460993 ns
[2022-06-28T07:38:58.938+0000][6][gc,marking  ] GC(50) Concurrent Mark 120.719ms
[2022-06-28T07:38:58.938+0000][6][gc,marking  ] GC(50) Concurrent Rebuild Remembered Sets
[2022-06-28T07:38:59.001+0000][6][gc,marking  ] GC(50) Concurrent Rebuild Remembered Sets 63.033ms
[2022-06-28T07:38:59.001+0000][6][gc,start    ] GC(50) Pause Cleanup
[2022-06-28T07:38:59.001+0000][6][gc          ] GC(50) Pause Cleanup 88M->88M(256M) 0.051ms
[2022-06-28T07:38:59.001+0000][6][gc,cpu      ] GC(50) User=0.00s Sys=0.00s Real=0.00s
[2022-06-28T07:38:59.001+0000][6][safepoint   ] Safepoint "G1Concurrent", Time since last: 63122119 ns, Reaching safepoint: 35162 ns, At safepoint: 103522 ns, Total: 138684 ns
[2022-06-28T07:38:59.001+0000][6][gc,marking  ] GC(50) Concurrent Cleanup for Next Mark
[2022-06-28T07:38:59.002+0000][6][gc,marking  ] GC(50) Concurrent Cleanup for Next Mark 0.642ms
[2022-06-28T07:38:59.002+0000][6][gc          ] GC(50) Concurrent Mark Cycle 192.311ms
[2022-06-28T07:39:06.002+0000][6][safepoint   ] Safepoint "Cleanup", Time since last: 7001543544 ns, Reaching safepoint: 31799 ns, At safepoint: 4438 ns, Total: 36237 ns
[2022-06-28T07:39:08.003+0000][6][safepoint   ] Safepoint "Cleanup", Time since last: 2000318394 ns, Reaching safepoint: 42320 ns, At safepoint: 4725 ns, Total: 47045 ns
[2022-06-28T07:39:33.006+0000][6][safepoint   ] Safepoint "Cleanup", Time since last: 25002997736 ns, Reaching safepoint: 50207 ns, At safepoint: 4598 ns, Total: 54805 ns
[2022-06-28T07:39:37.006+0000][6][safepoint   ] Safepoint "Cleanup", Time since last: 4000541874 ns, Reaching safepoint: 42034 ns, At safepoint: 5195 ns, Total: 47229 ns
[2022-06-28T07:40:07.011+0000][6][safepoint   ] Safepoint "Cleanup", Time since last: 30004731843 ns, Reaching safepoint: 43636 ns, At safepoint: 5000 ns, Total: 48636 ns
[2022-06-28T07:40:22.013+0000][6][safepoint   ] Safepoint "Cleanup", Time since last: 15001666569 ns, Reaching safepoint: 44587 ns, At safepoint: 5315 ns, Total: 49902 ns
[2022-06-28T07:40:32.580+0000][6][safepoint   ] Safepoint "Cleanup", Time since last: 10567020455 ns, Reaching safepoint: 49037 ns, At safepoint: 5215 ns, Total: 54252 ns
[2022-06-28T07:41:17.585+0000][6][safepoint   ] Safepoint "Cleanup", Time since last: 45004796851 ns, Reaching safepoint: 59693 ns, At safepoint: 9556 ns, Total: 69249 ns
[2022-06-28T07:41:33.587+0000][6][safepoint   ] Safepoint "Cleanup", Time since last: 16001855213 ns, Reaching safepoint: 69660 ns, At safepoint: 4808 ns, Total: 74468 ns
[2022-06-28T07:42:03.591+0000][6][safepoint   ] Safepoint "Cleanup", Time since last: 30004345277 ns, Reaching safepoint: 40313 ns, At safepoint: 5302 ns, Total: 45615 ns
[2022-06-28T07:42:17.967+0000][6][gc,start    ] GC(51) Pause Young (Normal) (G1 Evacuation Pause)
[2022-06-28T07:42:17.967+0000][6][gc,task     ] GC(51) Using 1 workers of 1 for evacuation
[2022-06-28T07:42:17.967+0000][6][gc,age      ] GC(51) Desired survivor size 8388608 bytes, new threshold 15 (max threshold 15)
[2022-06-28T07:42:17.985+0000][6][gc,phases   ] GC(51)   Pre Evacuate Collection Set: 0.0ms
[2022-06-28T07:42:17.985+0000][6][gc,phases   ] GC(51)   Merge Heap Roots: 0.1ms
[2022-06-28T07:42:17.985+0000][6][gc,phases   ] GC(51)   Evacuate Collection Set: 15.8ms
[2022-06-28T07:42:17.985+0000][6][gc,phases   ] GC(51)   Post Evacuate Collection Set: 1.2ms
[2022-06-28T07:42:17.985+0000][6][gc,phases   ] GC(51)   Other: 0.1ms
[2022-06-28T07:42:17.985+0000][6][gc,age      ] GC(51) Age table with threshold 15 (max threshold 15)
[2022-06-28T07:42:17.985+0000][6][gc,age      ] GC(51) - age   1:      18176 bytes,      18176 total
[2022-06-28T07:42:17.985+0000][6][gc,age      ] GC(51) - age   2:       5072 bytes,      23248 total
[2022-06-28T07:42:17.985+0000][6][gc,age      ] GC(51) - age   3:        144 bytes,      23392 total
[2022-06-28T07:42:17.985+0000][6][gc,age      ] GC(51) - age   4:       4728 bytes,      28120 total
[2022-06-28T07:42:17.985+0000][6][gc,age      ] GC(51) - age   5:       1944 bytes,      30064 total
[2022-06-28T07:42:17.985+0000][6][gc,age      ] GC(51) - age   6:      22896 bytes,      52960 total
[2022-06-28T07:42:17.985+0000][6][gc,age      ] GC(51) - age   7:       3656 bytes,      56616 total
[2022-06-28T07:42:17.985+0000][6][gc,age      ] GC(51) - age   8:       3440 bytes,      60056 total
[2022-06-28T07:42:17.985+0000][6][gc,age      ] GC(51) - age   9:      16560 bytes,      76616 total
[2022-06-28T07:42:17.985+0000][6][gc,age      ] GC(51) - age  10:      11560 bytes,      88176 total
[2022-06-28T07:42:17.985+0000][6][gc,age      ] GC(51) - age  11:      64808 bytes,     152984 total
[2022-06-28T07:42:17.985+0000][6][gc,age      ] GC(51) - age  12:       4952 bytes,     157936 total
[2022-06-28T07:42:17.985+0000][6][gc,age      ] GC(51) - age  13:     105720 bytes,     263656 total
[2022-06-28T07:42:17.985+0000][6][gc,age      ] GC(51) - age  14:     526432 bytes,     790088 total
[2022-06-28T07:42:17.985+0000][6][gc,age      ] GC(51) - age  15:    3399552 bytes,    4189640 total
[2022-06-28T07:42:17.985+0000][6][gc,heap     ] GC(51) Eden regions: 28->0(30)
[2022-06-28T07:42:17.985+0000][6][gc,heap     ] GC(51) Survivor regions: 2->1(4)
[2022-06-28T07:42:17.985+0000][6][gc,heap     ] GC(51) Old regions: 18->18
[2022-06-28T07:42:17.985+0000][6][gc,heap     ] GC(51) Archive regions: 2->2
[2022-06-28T07:42:17.985+0000][6][gc,heap     ] GC(51) Humongous regions: 2->2
[2022-06-28T07:42:17.985+0000][6][gc,metaspace] GC(51) Metaspace: 107208K(111232K)->107208K(111232K) NonClass: 92808K(95040K)->92808K(95040K) Class: 14400K(16192K)->14400K(16192K)
[2022-06-28T07:42:17.985+0000][6][gc          ] GC(51) Pause Young (Normal) (G1 Evacuation Pause) 198M->86M(256M) 17.573ms
[2022-06-28T07:42:17.985+0000][6][gc,cpu      ] GC(51) User=0.02s Sys=0.00s Real=0.01s
[2022-06-28T07:42:17.985+0000][6][safepoint   ] Safepoint "G1CollectForAllocation", Time since last: 14376044666 ns, Reaching safepoint: 27724 ns, At safepoint: 17630795 ns, Total: 17658519 ns
[2022-06-28T07:42:33.987+0000][6][safepoint   ] Safepoint "Cleanup", Time since last: 16001767762 ns, Reaching safepoint: 31872 ns, At safepoint: 4974 ns, Total: 36846 ns
[2022-06-28T07:43:33.993+0000][6][safepoint   ] Safepoint "Cleanup", Time since last: 60006256516 ns, Reaching safepoint: 38826 ns, At safepoint: 5204 ns, Total: 44030 ns
[2022-06-28T07:44:37.000+0000][6][safepoint   ] Safepoint "Cleanup", Time since last: 63006436731 ns, Reaching safepoint: 41117 ns, At safepoint: 4782 ns, Total: 45899 ns
[2022-06-28T07:45:28.009+0000][6][safepoint   ] Safepoint "Cleanup", Time since last: 51009657310 ns, Reaching safepoint: 47238 ns, At safepoint: 5268 ns, Total: 52506 ns
[2022-06-28T07:45:34.010+0000][6][safepoint   ] Safepoint "Cleanup", Time since last: 6000640664 ns, Reaching safepoint: 40669 ns, At safepoint: 4518 ns, Total: 45187 ns
[2022-06-28T07:45:49.131+0000][6][gc,start    ] GC(52) Pause Young (Concurrent Start) (G1 Evacuation Pause)
[2022-06-28T07:45:49.131+0000][6][gc,task     ] GC(52) Using 1 workers of 1 for evacuation
[2022-06-28T07:45:49.131+0000][6][gc,age      ] GC(52) Desired survivor size 8388608 bytes, new threshold 15 (max threshold 15)
[2022-06-28T07:45:49.144+0000][6][gc,phases   ] GC(52)   Pre Evacuate Collection Set: 0.2ms
[2022-06-28T07:45:49.144+0000][6][gc,phases   ] GC(52)   Merge Heap Roots: 0.1ms
[2022-06-28T07:45:49.144+0000][6][gc,phases   ] GC(52)   Evacuate Collection Set: 11.1ms
[2022-06-28T07:45:49.144+0000][6][gc,phases   ] GC(52)   Post Evacuate Collection Set: 1.1ms
[2022-06-28T07:45:49.144+0000][6][gc,phases   ] GC(52)   Other: 0.1ms
[2022-06-28T07:45:49.144+0000][6][gc,age      ] GC(52) Age table with threshold 15 (max threshold 15)
[2022-06-28T07:45:49.144+0000][6][gc,age      ] GC(52) - age   1:      18480 bytes,      18480 total
[2022-06-28T07:45:49.144+0000][6][gc,age      ] GC(52) - age   2:       2640 bytes,      21120 total
[2022-06-28T07:45:49.144+0000][6][gc,age      ] GC(52) - age   3:       5072 bytes,      26192 total
[2022-06-28T07:45:49.144+0000][6][gc,age      ] GC(52) - age   4:        144 bytes,      26336 total
[2022-06-28T07:45:49.144+0000][6][gc,age      ] GC(52) - age   5:       4728 bytes,      31064 total
[2022-06-28T07:45:49.144+0000][6][gc,age      ] GC(52) - age   6:       1944 bytes,      33008 total
[2022-06-28T07:45:49.144+0000][6][gc,age      ] GC(52) - age   7:      22496 bytes,      55504 total
[2022-06-28T07:45:49.144+0000][6][gc,age      ] GC(52) - age   8:       3656 bytes,      59160 total
[2022-06-28T07:45:49.144+0000][6][gc,age      ] GC(52) - age   9:       3440 bytes,      62600 total
[2022-06-28T07:45:49.144+0000][6][gc,age      ] GC(52) - age  10:      16560 bytes,      79160 total
[2022-06-28T07:45:49.144+0000][6][gc,age      ] GC(52) - age  11:      11560 bytes,      90720 total
[2022-06-28T07:45:49.144+0000][6][gc,age      ] GC(52) - age  12:      64808 bytes,     155528 total
[2022-06-28T07:45:49.144+0000][6][gc,age      ] GC(52) - age  13:       4952 bytes,     160480 total
[2022-06-28T07:45:49.144+0000][6][gc,age      ] GC(52) - age  14:     105720 bytes,     266200 total
[2022-06-28T07:45:49.144+0000][6][gc,age      ] GC(52) - age  15:     526432 bytes,     792632 total
[2022-06-28T07:45:49.144+0000][6][gc,heap     ] GC(52) Eden regions: 30->0(29)
[2022-06-28T07:45:49.144+0000][6][gc,heap     ] GC(52) Survivor regions: 1->1(4)
[2022-06-28T07:45:49.144+0000][6][gc,heap     ] GC(52) Old regions: 18->19
[2022-06-28T07:45:49.144+0000][6][gc,heap     ] GC(52) Archive regions: 2->2
[2022-06-28T07:45:49.144+0000][6][gc,heap     ] GC(52) Humongous regions: 2->2
[2022-06-28T07:45:49.144+0000][6][gc,metaspace] GC(52) Metaspace: 107211K(111232K)->107211K(111232K) NonClass: 92811K(95040K)->92811K(95040K) Class: 14400K(16192K)->14400K(16192K)
[2022-06-28T07:45:49.144+0000][6][gc          ] GC(52) Pause Young (Concurrent Start) (G1 Evacuation Pause) 206M->86M(256M) 12.777ms
[2022-06-28T07:45:49.144+0000][6][gc,cpu      ] GC(52) User=0.01s Sys=0.00s Real=0.01s
[2022-06-28T07:45:49.144+0000][6][safepoint   ] Safepoint "G1CollectForAllocation", Time since last: 15121250441 ns, Reaching safepoint: 28343 ns, At safepoint: 12840455 ns, Total: 12868798 ns
[2022-06-28T07:45:49.144+0000][6][gc          ] GC(53) Concurrent Mark Cycle
[2022-06-28T07:45:49.144+0000][6][gc,marking  ] GC(53) Concurrent Clear Claimed Marks
[2022-06-28T07:45:49.144+0000][6][gc,marking  ] GC(53) Concurrent Clear Claimed Marks 0.068ms
[2022-06-28T07:45:49.144+0000][6][gc,marking  ] GC(53) Concurrent Scan Root Regions
[2022-06-28T07:45:49.149+0000][6][gc,marking  ] GC(53) Concurrent Scan Root Regions 5.076ms
[2022-06-28T07:45:49.149+0000][6][gc,marking  ] GC(53) Concurrent Mark
[2022-06-28T07:45:49.149+0000][6][gc,marking  ] GC(53) Concurrent Mark From Roots
[2022-06-28T07:45:49.149+0000][6][gc,task     ] GC(53) Using 1 workers of 1 for marking
[2022-06-28T07:45:49.265+0000][6][gc,marking  ] GC(53) Concurrent Mark From Roots 115.415ms
[2022-06-28T07:45:49.265+0000][6][gc,marking  ] GC(53) Concurrent Preclean
[2022-06-28T07:45:49.265+0000][6][gc,marking  ] GC(53) Concurrent Preclean 0.102ms
[2022-06-28T07:45:49.265+0000][6][gc,start    ] GC(53) Pause Remark
[2022-06-28T07:45:49.279+0000][6][gc          ] GC(53) Pause Remark 88M->88M(256M) 13.747ms
[2022-06-28T07:45:49.279+0000][6][gc,cpu      ] GC(53) User=0.01s Sys=0.00s Real=0.02s
[2022-06-28T07:45:49.279+0000][6][safepoint   ] Safepoint "G1Concurrent", Time since last: 120830453 ns, Reaching safepoint: 26183 ns, At safepoint: 13810353 ns, Total: 13836536 ns
[2022-06-28T07:45:49.279+0000][6][gc,marking  ] GC(53) Concurrent Mark 129.461ms
[2022-06-28T07:45:49.279+0000][6][gc,marking  ] GC(53) Concurrent Rebuild Remembered Sets
[2022-06-28T07:45:49.347+0000][6][gc,marking  ] GC(53) Concurrent Rebuild Remembered Sets 67.968ms
[2022-06-28T07:45:49.347+0000][6][gc,start    ] GC(53) Pause Cleanup
[2022-06-28T07:45:49.347+0000][6][gc          ] GC(53) Pause Cleanup 88M->88M(256M) 0.050ms
[2022-06-28T07:45:49.347+0000][6][gc,cpu      ] GC(53) User=0.00s Sys=0.00s Real=0.00s
[2022-06-28T07:45:49.347+0000][6][safepoint   ] Safepoint "G1Concurrent", Time since last: 68072474 ns, Reaching safepoint: 22475 ns, At safepoint: 88436 ns, Total: 110911 ns
[2022-06-28T07:45:49.347+0000][6][gc,marking  ] GC(53) Concurrent Cleanup for Next Mark
[2022-06-28T07:45:49.348+0000][6][gc,marking  ] GC(53) Concurrent Cleanup for Next Mark 0.679ms
[2022-06-28T07:45:49.348+0000][6][gc          ] GC(53) Concurrent Mark Cycle 203.534ms
[2022-06-28T07:45:54.347+0000][6][safepoint   ] Safepoint "Cleanup", Time since last: 5000467414 ns, Reaching safepoint: 63337 ns, At safepoint: 4845 ns, Total: 68182 ns
[2022-06-28T07:46:04.349+0000][6][safepoint   ] Safepoint "Cleanup", Time since last: 10001111687 ns, Reaching safepoint: 43554 ns, At safepoint: 4918 ns, Total: 48472 ns
[2022-06-28T07:46:24.352+0000][6][safepoint   ] Safepoint "Cleanup", Time since last: 20003371204 ns, Reaching safepoint: 39119 ns, At safepoint: 4855 ns, Total: 43974 ns
[2022-06-28T07:46:35.353+0000][6][safepoint   ] Safepoint "Cleanup", Time since last: 11001163792 ns, Reaching safepoint: 40124 ns, At safepoint: 5223 ns, Total: 45347 ns
[2022-06-28T07:46:36.353+0000][6][safepoint   ] Safepoint "Cleanup", Time since last: 1000157975 ns, Reaching safepoint: 38105 ns, At safepoint: 5047 ns, Total: 43152 ns
[2022-06-28T07:47:04.357+0000][6][safepoint   ] Safepoint "Cleanup", Time since last: 28003084677 ns, Reaching safepoint: 38086 ns, At safepoint: 4464 ns, Total: 42550 ns
[2022-06-28T07:47:25.359+0000][6][safepoint   ] Safepoint "Cleanup", Time since last: 21002381556 ns, Reaching safepoint: 41390 ns, At safepoint: 5009 ns, Total: 46399 ns
[2022-06-28T07:47:34.360+0000][6][safepoint   ] Safepoint "Cleanup", Time since last: 9001117840 ns, Reaching safepoint: 62986 ns, At safepoint: 9246 ns, Total: 72232 ns
[2022-06-28T07:48:04.364+0000][6][safepoint   ] Safepoint "Cleanup", Time since last: 30003293279 ns, Reaching safepoint: 47578 ns, At safepoint: 4501 ns, Total: 52079 ns
[2022-06-28T07:48:24.367+0000][6][safepoint   ] Safepoint "Cleanup", Time since last: 20003458624 ns, Reaching safepoint: 59674 ns, At safepoint: 7643 ns, Total: 67317 ns
[2022-06-28T07:49:16.929+0000][6][gc,start    ] GC(54) Pause Young (Normal) (G1 Evacuation Pause)
[2022-06-28T07:49:16.929+0000][6][gc,task     ] GC(54) Using 1 workers of 1 for evacuation
[2022-06-28T07:49:16.929+0000][6][gc,age      ] GC(54) Desired survivor size 8388608 bytes, new threshold 15 (max threshold 15)
[2022-06-28T07:49:16.936+0000][6][gc,phases   ] GC(54)   Pre Evacuate Collection Set: 0.0ms
[2022-06-28T07:49:16.936+0000][6][gc,phases   ] GC(54)   Merge Heap Roots: 0.1ms
[2022-06-28T07:49:16.936+0000][6][gc,phases   ] GC(54)   Evacuate Collection Set: 5.7ms
[2022-06-28T07:49:16.936+0000][6][gc,phases   ] GC(54)   Post Evacuate Collection Set: 1.0ms
[2022-06-28T07:49:16.936+0000][6][gc,phases   ] GC(54)   Other: 0.1ms
[2022-06-28T07:49:16.936+0000][6][gc,age      ] GC(54) Age table with threshold 15 (max threshold 15)
[2022-06-28T07:49:16.936+0000][6][gc,age      ] GC(54) - age   1:      54664 bytes,      54664 total
[2022-06-28T07:49:16.936+0000][6][gc,age      ] GC(54) - age   2:       4432 bytes,      59096 total
[2022-06-28T07:49:16.936+0000][6][gc,age      ] GC(54) - age   3:       2640 bytes,      61736 total
[2022-06-28T07:49:16.936+0000][6][gc,age      ] GC(54) - age   4:       3784 bytes,      65520 total
[2022-06-28T07:49:16.936+0000][6][gc,age      ] GC(54) - age   5:        144 bytes,      65664 total
[2022-06-28T07:49:16.936+0000][6][gc,age      ] GC(54) - age   6:       4728 bytes,      70392 total
[2022-06-28T07:49:16.936+0000][6][gc,age      ] GC(54) - age   7:       1944 bytes,      72336 total
[2022-06-28T07:49:16.936+0000][6][gc,age      ] GC(54) - age   8:      22496 bytes,      94832 total
[2022-06-28T07:49:16.936+0000][6][gc,age      ] GC(54) - age   9:       3656 bytes,      98488 total
[2022-06-28T07:49:16.936+0000][6][gc,age      ] GC(54) - age  10:       3440 bytes,     101928 total
[2022-06-28T07:49:16.936+0000][6][gc,age      ] GC(54) - age  11:      16560 bytes,     118488 total
[2022-06-28T07:49:16.936+0000][6][gc,age      ] GC(54) - age  12:      11560 bytes,     130048 total
[2022-06-28T07:49:16.936+0000][6][gc,age      ] GC(54) - age  13:      64808 bytes,     194856 total
[2022-06-28T07:49:16.936+0000][6][gc,age      ] GC(54) - age  14:       4952 bytes,     199808 total
[2022-06-28T07:49:16.936+0000][6][gc,age      ] GC(54) - age  15:     105720 bytes,     305528 total
[2022-06-28T07:49:16.936+0000][6][gc,heap     ] GC(54) Eden regions: 29->0(29)
[2022-06-28T07:49:16.936+0000][6][gc,heap     ] GC(54) Survivor regions: 1->1(4)
[2022-06-28T07:49:16.936+0000][6][gc,heap     ] GC(54) Old regions: 19->19
[2022-06-28T07:49:16.936+0000][6][gc,heap     ] GC(54) Archive regions: 2->2
[2022-06-28T07:49:16.936+0000][6][gc,heap     ] GC(54) Humongous regions: 2->2
[2022-06-28T07:49:16.936+0000][6][gc,metaspace] GC(54) Metaspace: 107229K(111232K)->107229K(111232K) NonClass: 92829K(95040K)->92829K(95040K) Class: 14400K(16192K)->14400K(16192K)
[2022-06-28T07:49:16.936+0000][6][gc          ] GC(54) Pause Young (Normal) (G1 Evacuation Pause) 202M->87M(256M) 7.176ms
[2022-06-28T07:49:16.936+0000][6][gc,cpu      ] GC(54) User=0.01s Sys=0.00s Real=0.01s
[2022-06-28T07:49:16.936+0000][6][safepoint   ] Safepoint "G1CollectForAllocation", Time since last: 52561649243 ns, Reaching safepoint: 27221 ns, At safepoint: 7219468 ns, Total: 7246689 ns
[2022-06-28T07:49:33.938+0000][6][safepoint   ] Safepoint "Cleanup", Time since last: 17001794240 ns, Reaching safepoint: 39159 ns, At safepoint: 4987 ns, Total: 44146 ns
[2022-06-28T07:49:36.938+0000][6][safepoint   ] Safepoint "Cleanup", Time since last: 3000434409 ns, Reaching safepoint: 47014 ns, At safepoint: 5099 ns, Total: 52113 ns
[2022-06-28T07:50:03.941+0000][6][safepoint   ] Safepoint "Cleanup", Time since last: 27002854467 ns, Reaching safepoint: 36762 ns, At safepoint: 4806 ns, Total: 41568 ns
[2022-06-28T07:50:06.942+0000][6][safepoint   ] Safepoint "Cleanup", Time since last: 3000324072 ns, Reaching safepoint: 39138 ns, At safepoint: 5162 ns, Total: 44300 ns
[2022-06-28T07:51:03.948+0000][6][safepoint   ] Safepoint "Cleanup", Time since last: 57005965766 ns, Reaching safepoint: 39264 ns, At safepoint: 4503 ns, Total: 43767 ns
[2022-06-28T07:51:18.949+0000][6][safepoint   ] Safepoint "Cleanup", Time since last: 15001415182 ns, Reaching safepoint: 42456 ns, At safepoint: 5066 ns, Total: 47522 ns
[2022-06-28T07:52:33.957+0000][6][safepoint   ] Safepoint "Cleanup", Time since last: 75008137035 ns, Reaching safepoint: 41525 ns, At safepoint: 4681 ns, Total: 46206 ns
[2022-06-28T07:52:42.123+0000][6][gc,start    ] GC(55) Pause Young (Concurrent Start) (G1 Evacuation Pause)
[2022-06-28T07:52:42.123+0000][6][gc,task     ] GC(55) Using 1 workers of 1 for evacuation
[2022-06-28T07:52:42.124+0000][6][gc,age      ] GC(55) Desired survivor size 8388608 bytes, new threshold 15 (max threshold 15)
[2022-06-28T07:52:42.128+0000][6][gc,phases   ] GC(55)   Pre Evacuate Collection Set: 0.2ms
[2022-06-28T07:52:42.128+0000][6][gc,phases   ] GC(55)   Merge Heap Roots: 0.0ms
[2022-06-28T07:52:42.128+0000][6][gc,phases   ] GC(55)   Evacuate Collection Set: 3.1ms
[2022-06-28T07:52:42.128+0000][6][gc,phases   ] GC(55)   Post Evacuate Collection Set: 1.0ms
[2022-06-28T07:52:42.128+0000][6][gc,phases   ] GC(55)   Other: 0.1ms
[2022-06-28T07:52:42.128+0000][6][gc,age      ] GC(55) Age table with threshold 15 (max threshold 15)
[2022-06-28T07:52:42.128+0000][6][gc,age      ] GC(55) - age   1:      15576 bytes,      15576 total
[2022-06-28T07:52:42.128+0000][6][gc,age      ] GC(55) - age   2:       2168 bytes,      17744 total
[2022-06-28T07:52:42.128+0000][6][gc,age      ] GC(55) - age   3:       4232 bytes,      21976 total
[2022-06-28T07:52:42.128+0000][6][gc,age      ] GC(55) - age   4:       2640 bytes,      24616 total
[2022-06-28T07:52:42.128+0000][6][gc,age      ] GC(55) - age   5:       3784 bytes,      28400 total
[2022-06-28T07:52:42.128+0000][6][gc,age      ] GC(55) - age   6:        144 bytes,      28544 total
[2022-06-28T07:52:42.128+0000][6][gc,age      ] GC(55) - age   7:       4728 bytes,      33272 total
[2022-06-28T07:52:42.128+0000][6][gc,age      ] GC(55) - age   8:       1744 bytes,      35016 total
[2022-06-28T07:52:42.128+0000][6][gc,age      ] GC(55) - age   9:      22496 bytes,      57512 total
[2022-06-28T07:52:42.128+0000][6][gc,age      ] GC(55) - age  10:       3656 bytes,      61168 total
[2022-06-28T07:52:42.128+0000][6][gc,age      ] GC(55) - age  11:       3440 bytes,      64608 total
[2022-06-28T07:52:42.128+0000][6][gc,age      ] GC(55) - age  12:      16560 bytes,      81168 total
[2022-06-28T07:52:42.128+0000][6][gc,age      ] GC(55) - age  13:      11560 bytes,      92728 total
[2022-06-28T07:52:42.128+0000][6][gc,age      ] GC(55) - age  14:      64808 bytes,     157536 total
[2022-06-28T07:52:42.128+0000][6][gc,age      ] GC(55) - age  15:       4952 bytes,     162488 total
[2022-06-28T07:52:42.128+0000][6][gc,heap     ] GC(55) Eden regions: 29->0(29)
[2022-06-28T07:52:42.128+0000][6][gc,heap     ] GC(55) Survivor regions: 1->1(4)
[2022-06-28T07:52:42.128+0000][6][gc,heap     ] GC(55) Old regions: 19->19
[2022-06-28T07:52:42.128+0000][6][gc,heap     ] GC(55) Archive regions: 2->2
[2022-06-28T07:52:42.128+0000][6][gc,heap     ] GC(55) Humongous regions: 2->2
[2022-06-28T07:52:42.128+0000][6][gc,metaspace] GC(55) Metaspace: 107236K(111232K)->107236K(111232K) NonClass: 92836K(95040K)->92836K(95040K) Class: 14400K(16192K)->14400K(16192K)
[2022-06-28T07:52:42.128+0000][6][gc          ] GC(55) Pause Young (Concurrent Start) (G1 Evacuation Pause) 203M->87M(256M) 4.713ms
[2022-06-28T07:52:42.128+0000][6][gc,cpu      ] GC(55) User=0.01s Sys=0.00s Real=0.01s
[2022-06-28T07:52:42.128+0000][6][safepoint   ] Safepoint "G1CollectForAllocation", Time since last: 8166211881 ns, Reaching safepoint: 26487 ns, At safepoint: 4774172 ns, Total: 4800659 ns
[2022-06-28T07:52:42.128+0000][6][gc          ] GC(56) Concurrent Mark Cycle
[2022-06-28T07:52:42.128+0000][6][gc,marking  ] GC(56) Concurrent Clear Claimed Marks
[2022-06-28T07:52:42.128+0000][6][gc,marking  ] GC(56) Concurrent Clear Claimed Marks 0.078ms
[2022-06-28T07:52:42.128+0000][6][gc,marking  ] GC(56) Concurrent Scan Root Regions
[2022-06-28T07:52:42.130+0000][6][gc,marking  ] GC(56) Concurrent Scan Root Regions 1.761ms
[2022-06-28T07:52:42.130+0000][6][gc,marking  ] GC(56) Concurrent Mark
[2022-06-28T07:52:42.130+0000][6][gc,marking  ] GC(56) Concurrent Mark From Roots
[2022-06-28T07:52:42.130+0000][6][gc,task     ] GC(56) Using 1 workers of 1 for marking
[2022-06-28T07:52:42.262+0000][6][gc,marking  ] GC(56) Concurrent Mark From Roots 131.738ms
[2022-06-28T07:52:42.262+0000][6][gc,marking  ] GC(56) Concurrent Preclean
[2022-06-28T07:52:42.262+0000][6][gc,marking  ] GC(56) Concurrent Preclean 0.115ms
[2022-06-28T07:52:42.262+0000][6][gc,start    ] GC(56) Pause Remark
[2022-06-28T07:52:42.277+0000][6][gc          ] GC(56) Pause Remark 87M->87M(256M) 14.616ms
[2022-06-28T07:52:42.277+0000][6][gc,cpu      ] GC(56) User=0.01s Sys=0.00s Real=0.02s
[2022-06-28T07:52:42.277+0000][6][safepoint   ] Safepoint "G1Concurrent", Time since last: 133935118 ns, Reaching safepoint: 25954 ns, At safepoint: 14837604 ns, Total: 14863558 ns
[2022-06-28T07:52:42.277+0000][6][gc,marking  ] GC(56) Concurrent Mark 146.929ms
[2022-06-28T07:52:42.277+0000][6][gc,marking  ] GC(56) Concurrent Rebuild Remembered Sets
[2022-06-28T07:52:42.352+0000][6][gc,marking  ] GC(56) Concurrent Rebuild Remembered Sets 74.472ms
[2022-06-28T07:52:42.352+0000][6][gc,start    ] GC(56) Pause Cleanup
[2022-06-28T07:52:42.352+0000][6][gc          ] GC(56) Pause Cleanup 87M->87M(256M) 0.051ms
[2022-06-28T07:52:42.352+0000][6][gc,cpu      ] GC(56) User=0.00s Sys=0.00s Real=0.00s
[2022-06-28T07:52:42.352+0000][6][safepoint   ] Safepoint "G1Concurrent", Time since last: 74600615 ns, Reaching safepoint: 22903 ns, At safepoint: 87388 ns, Total: 110291 ns
[2022-06-28T07:52:42.352+0000][6][gc,marking  ] GC(56) Concurrent Cleanup for Next Mark
[2022-06-28T07:52:42.352+0000][6][gc,marking  ] GC(56) Concurrent Cleanup for Next Mark 0.645ms
[2022-06-28T07:52:42.352+0000][6][gc          ] GC(56) Concurrent Mark Cycle 224.147ms
[2022-06-28T07:53:19.355+0000][6][safepoint   ] Safepoint "Cleanup", Time since last: 37003643262 ns, Reaching safepoint: 38071 ns, At safepoint: 4835 ns, Total: 42906 ns
[2022-06-28T07:54:17.362+0000][6][safepoint   ] Safepoint "Cleanup", Time since last: 58006261535 ns, Reaching safepoint: 39580 ns, At safepoint: 4948 ns, Total: 44528 ns
[2022-06-28T07:55:04.367+0000][6][safepoint   ] Safepoint "Cleanup", Time since last: 47005237106 ns, Reaching safepoint: 39957 ns, At safepoint: 4703 ns, Total: 44660 ns
[2022-06-28T07:55:17.369+0000][6][safepoint   ] Safepoint "Cleanup", Time since last: 13001486901 ns, Reaching safepoint: 40962 ns, At safepoint: 4995 ns, Total: 45957 ns
[2022-06-28T07:56:07.627+0000][6][gc,start    ] GC(57) Pause Young (Normal) (G1 Evacuation Pause)
[2022-06-28T07:56:07.627+0000][6][gc,task     ] GC(57) Using 1 workers of 1 for evacuation
[2022-06-28T07:56:07.627+0000][6][gc,age      ] GC(57) Desired survivor size 8388608 bytes, new threshold 15 (max threshold 15)
[2022-06-28T07:56:07.631+0000][6][gc,phases   ] GC(57)   Pre Evacuate Collection Set: 0.0ms
[2022-06-28T07:56:07.631+0000][6][gc,phases   ] GC(57)   Merge Heap Roots: 0.1ms
[2022-06-28T07:56:07.631+0000][6][gc,phases   ] GC(57)   Evacuate Collection Set: 2.6ms
[2022-06-28T07:56:07.631+0000][6][gc,phases   ] GC(57)   Post Evacuate Collection Set: 1.1ms
[2022-06-28T07:56:07.631+0000][6][gc,phases   ] GC(57)   Other: 0.1ms
[2022-06-28T07:56:07.631+0000][6][gc,age      ] GC(57) Age table with threshold 15 (max threshold 15)
[2022-06-28T07:56:07.631+0000][6][gc,age      ] GC(57) - age   1:      12824 bytes,      12824 total
[2022-06-28T07:56:07.631+0000][6][gc,age      ] GC(57) - age   2:       2152 bytes,      14976 total
[2022-06-28T07:56:07.631+0000][6][gc,age      ] GC(57) - age   3:       2168 bytes,      17144 total
[2022-06-28T07:56:07.631+0000][6][gc,age      ] GC(57) - age   4:       4232 bytes,      21376 total
[2022-06-28T07:56:07.631+0000][6][gc,age      ] GC(57) - age   5:       2640 bytes,      24016 total
[2022-06-28T07:56:07.631+0000][6][gc,age      ] GC(57) - age   6:       3784 bytes,      27800 total
[2022-06-28T07:56:07.631+0000][6][gc,age      ] GC(57) - age   7:        144 bytes,      27944 total
[2022-06-28T07:56:07.631+0000][6][gc,age      ] GC(57) - age   8:       4728 bytes,      32672 total
[2022-06-28T07:56:07.631+0000][6][gc,age      ] GC(57) - age   9:       1744 bytes,      34416 total
[2022-06-28T07:56:07.631+0000][6][gc,age      ] GC(57) - age  10:      22496 bytes,      56912 total
[2022-06-28T07:56:07.631+0000][6][gc,age      ] GC(57) - age  11:       3656 bytes,      60568 total
[2022-06-28T07:56:07.631+0000][6][gc,age      ] GC(57) - age  12:       3440 bytes,      64008 total
[2022-06-28T07:56:07.631+0000][6][gc,age      ] GC(57) - age  13:      16560 bytes,      80568 total
[2022-06-28T07:56:07.631+0000][6][gc,age      ] GC(57) - age  14:      11560 bytes,      92128 total
[2022-06-28T07:56:07.631+0000][6][gc,age      ] GC(57) - age  15:      64608 bytes,     156736 total
[2022-06-28T07:56:07.631+0000][6][gc,heap     ] GC(57) Eden regions: 29->0(29)
[2022-06-28T07:56:07.631+0000][6][gc,heap     ] GC(57) Survivor regions: 1->1(4)
[2022-06-28T07:56:07.631+0000][6][gc,heap     ] GC(57) Old regions: 19->19
[2022-06-28T07:56:07.631+0000][6][gc,heap     ] GC(57) Archive regions: 2->2
[2022-06-28T07:56:07.631+0000][6][gc,heap     ] GC(57) Humongous regions: 2->2
[2022-06-28T07:56:07.631+0000][6][gc,metaspace] GC(57) Metaspace: 107251K(111232K)->107251K(111232K) NonClass: 92851K(95040K)->92851K(95040K) Class: 14400K(16192K)->14400K(16192K)
[2022-06-28T07:56:07.631+0000][6][gc          ] GC(57) Pause Young (Normal) (G1 Evacuation Pause) 203M->87M(256M) 4.718ms
[2022-06-28T07:56:07.631+0000][6][gc,cpu      ] GC(57) User=0.01s Sys=0.00s Real=0.00s
[2022-06-28T07:56:07.631+0000][6][safepoint   ] Safepoint "G1CollectForAllocation", Time since last: 50258033264 ns, Reaching safepoint: 153680 ns, At safepoint: 4768211 ns, Total: 4921891 ns
[2022-06-28T07:56:16.633+0000][6][safepoint   ] Safepoint "Cleanup", Time since last: 9000982406 ns, Reaching safepoint: 57597 ns, At safepoint: 9146 ns, Total: 66743 ns
[2022-06-28T07:56:33.634+0000][6][safepoint   ] Safepoint "Cleanup", Time since last: 17001740403 ns, Reaching safepoint: 39087 ns, At safepoint: 5238 ns, Total: 44325 ns
[2022-06-28T07:56:34.635+0000][6][safepoint   ] Safepoint "Cleanup", Time since last: 1000174090 ns, Reaching safepoint: 63326 ns, At safepoint: 38107 ns, Total: 101433 ns
[2022-06-28T07:57:34.641+0000][6][safepoint   ] Safepoint "Cleanup", Time since last: 60006059898 ns, Reaching safepoint: 39811 ns, At safepoint: 5388 ns, Total: 45199 ns
[2022-06-28T07:58:04.644+0000][6][safepoint   ] Safepoint "Cleanup", Time since last: 30003098091 ns, Reaching safepoint: 40141 ns, At safepoint: 4819 ns, Total: 44960 ns
[2022-06-28T07:58:34.647+0000][6][safepoint   ] Safepoint "Cleanup", Time since last: 30003083050 ns, Reaching safepoint: 40063 ns, At safepoint: 4714 ns, Total: 44777 ns
[2022-06-28T07:58:55.649+0000][6][safepoint   ] Safepoint "Cleanup", Time since last: 21002273356 ns, Reaching safepoint: 38378 ns, At safepoint: 4627 ns, Total: 43005 ns
[2022-06-28T07:59:04.650+0000][6][safepoint   ] Safepoint "Cleanup", Time since last: 9000928073 ns, Reaching safepoint: 49378 ns, At safepoint: 5087 ns, Total: 54465 ns
[2022-06-28T07:59:06.650+0000][6][safepoint   ] Safepoint "Cleanup", Time since last: 2000206152 ns, Reaching safepoint: 38784 ns, At safepoint: 5595 ns, Total: 44379 ns
[2022-06-28T07:59:33.504+0000][6][gc,start    ] GC(58) Pause Young (Concurrent Start) (G1 Evacuation Pause)
[2022-06-28T07:59:33.504+0000][6][gc,task     ] GC(58) Using 1 workers of 1 for evacuation
[2022-06-28T07:59:33.505+0000][6][gc,age      ] GC(58) Desired survivor size 8388608 bytes, new threshold 15 (max threshold 15)
[2022-06-28T07:59:33.508+0000][6][gc,phases   ] GC(58)   Pre Evacuate Collection Set: 0.2ms
[2022-06-28T07:59:33.508+0000][6][gc,phases   ] GC(58)   Merge Heap Roots: 0.0ms
[2022-06-28T07:59:33.508+0000][6][gc,phases   ] GC(58)   Evacuate Collection Set: 2.4ms
[2022-06-28T07:59:33.508+0000][6][gc,phases   ] GC(58)   Post Evacuate Collection Set: 1.0ms
[2022-06-28T07:59:33.508+0000][6][gc,phases   ] GC(58)   Other: 0.1ms
[2022-06-28T07:59:33.508+0000][6][gc,age      ] GC(58) Age table with threshold 15 (max threshold 15)
[2022-06-28T07:59:33.508+0000][6][gc,age      ] GC(58) - age   1:      56176 bytes,      56176 total
[2022-06-28T07:59:33.508+0000][6][gc,age      ] GC(58) - age   2:        184 bytes,      56360 total
[2022-06-28T07:59:33.508+0000][6][gc,age      ] GC(58) - age   3:       2152 bytes,      58512 total
[2022-06-28T07:59:33.508+0000][6][gc,age      ] GC(58) - age   4:        880 bytes,      59392 total
[2022-06-28T07:59:33.508+0000][6][gc,age      ] GC(58) - age   5:       4232 bytes,      63624 total
[2022-06-28T07:59:33.508+0000][6][gc,age      ] GC(58) - age   6:       2048 bytes,      65672 total
[2022-06-28T07:59:33.508+0000][6][gc,age      ] GC(58) - age   7:       3784 bytes,      69456 total
[2022-06-28T07:59:33.508+0000][6][gc,age      ] GC(58) - age   8:        144 bytes,      69600 total
[2022-06-28T07:59:33.508+0000][6][gc,age      ] GC(58) - age   9:       4728 bytes,      74328 total
[2022-06-28T07:59:33.508+0000][6][gc,age      ] GC(58) - age  10:       1744 bytes,      76072 total
[2022-06-28T07:59:33.508+0000][6][gc,age      ] GC(58) - age  11:      22496 bytes,      98568 total
[2022-06-28T07:59:33.508+0000][6][gc,age      ] GC(58) - age  12:       3656 bytes,     102224 total
[2022-06-28T07:59:33.508+0000][6][gc,age      ] GC(58) - age  13:       3440 bytes,     105664 total
[2022-06-28T07:59:33.508+0000][6][gc,age      ] GC(58) - age  14:      16560 bytes,     122224 total
[2022-06-28T07:59:33.508+0000][6][gc,age      ] GC(58) - age  15:      11560 bytes,     133784 total
[2022-06-28T07:59:33.508+0000][6][gc,heap     ] GC(58) Eden regions: 29->0(29)
[2022-06-28T07:59:33.508+0000][6][gc,heap     ] GC(58) Survivor regions: 1->1(4)
[2022-06-28T07:59:33.508+0000][6][gc,heap     ] GC(58) Old regions: 19->19
[2022-06-28T07:59:33.508+0000][6][gc,heap     ] GC(58) Archive regions: 2->2
[2022-06-28T07:59:33.508+0000][6][gc,heap     ] GC(58) Humongous regions: 2->2
[2022-06-28T07:59:33.508+0000][6][gc,metaspace] GC(58) Metaspace: 107298K(111232K)->107298K(111232K) NonClass: 92897K(95040K)->92897K(95040K) Class: 14400K(16192K)->14400K(16192K)
[2022-06-28T07:59:33.508+0000][6][gc          ] GC(58) Pause Young (Concurrent Start) (G1 Evacuation Pause) 203M->87M(256M) 3.916ms
[2022-06-28T07:59:33.508+0000][6][gc,cpu      ] GC(58) User=0.00s Sys=0.00s Real=0.01s
[2022-06-28T07:59:33.508+0000][6][safepoint   ] Safepoint "G1CollectForAllocation", Time since last: 26853897913 ns, Reaching safepoint: 26982 ns, At safepoint: 3967351 ns, Total: 3994333 ns
[2022-06-28T07:59:33.508+0000][6][gc          ] GC(59) Concurrent Mark Cycle
[2022-06-28T07:59:33.508+0000][6][gc,marking  ] GC(59) Concurrent Clear Claimed Marks
[2022-06-28T07:59:33.508+0000][6][gc,marking  ] GC(59) Concurrent Clear Claimed Marks 0.042ms
[2022-06-28T07:59:33.508+0000][6][gc,marking  ] GC(59) Concurrent Scan Root Regions
[2022-06-28T07:59:33.510+0000][6][gc,marking  ] GC(59) Concurrent Scan Root Regions 1.438ms
[2022-06-28T07:59:33.510+0000][6][gc,marking  ] GC(59) Concurrent Mark
[2022-06-28T07:59:33.510+0000][6][gc,marking  ] GC(59) Concurrent Mark From Roots
[2022-06-28T07:59:33.510+0000][6][gc,task     ] GC(59) Using 1 workers of 1 for marking
[2022-06-28T07:59:33.638+0000][6][gc,marking  ] GC(59) Concurrent Mark From Roots 128.314ms
[2022-06-28T07:59:33.638+0000][6][gc,marking  ] GC(59) Concurrent Preclean
[2022-06-28T07:59:33.638+0000][6][gc,marking  ] GC(59) Concurrent Preclean 0.110ms
[2022-06-28T07:59:33.639+0000][6][gc,start    ] GC(59) Pause Remark
[2022-06-28T07:59:33.653+0000][6][gc          ] GC(59) Pause Remark 88M->88M(256M) 14.295ms
[2022-06-28T07:59:33.653+0000][6][gc,cpu      ] GC(59) User=0.01s Sys=0.00s Real=0.01s
[2022-06-28T07:59:33.653+0000][6][safepoint   ] Safepoint "G1Concurrent", Time since last: 130078864 ns, Reaching safepoint: 55272 ns, At safepoint: 14360150 ns, Total: 14415422 ns
[2022-06-28T07:59:33.653+0000][6][gc,marking  ] GC(59) Concurrent Mark 142.944ms
[2022-06-28T07:59:33.653+0000][6][gc,marking  ] GC(59) Concurrent Rebuild Remembered Sets
[2022-06-28T07:59:33.735+0000][6][gc,marking  ] GC(59) Concurrent Rebuild Remembered Sets 82.101ms
[2022-06-28T07:59:33.735+0000][6][gc,start    ] GC(59) Pause Cleanup
[2022-06-28T07:59:33.735+0000][6][gc          ] GC(59) Pause Cleanup 89M->89M(256M) 0.050ms
[2022-06-28T07:59:33.735+0000][6][gc,cpu      ] GC(59) User=0.00s Sys=0.00s Real=0.00s
[2022-06-28T07:59:33.735+0000][6][safepoint   ] Safepoint "G1Concurrent", Time since last: 82188333 ns, Reaching safepoint: 22212 ns, At safepoint: 86060 ns, Total: 108272 ns
[2022-06-28T07:59:33.735+0000][6][gc,marking  ] GC(59) Concurrent Cleanup for Next Mark
[2022-06-28T07:59:33.736+0000][6][gc,marking  ] GC(59) Concurrent Cleanup for Next Mark 0.661ms
[2022-06-28T07:59:33.736+0000][6][gc          ] GC(59) Concurrent Mark Cycle 227.435ms
[2022-06-28T07:59:36.736+0000][6][safepoint   ] Safepoint "Cleanup", Time since last: 3000313492 ns, Reaching safepoint: 47513 ns, At safepoint: 4503 ns, Total: 52016 ns
[2022-06-28T08:00:03.739+0000][6][safepoint   ] Safepoint "Cleanup", Time since last: 27002965458 ns, Reaching safepoint: 148028 ns, At safepoint: 6323 ns, Total: 154351 ns
[2022-06-28T08:00:06.739+0000][6][safepoint   ] Safepoint "Cleanup", Time since last: 3000326738 ns, Reaching safepoint: 49229 ns, At safepoint: 5178 ns, Total: 54407 ns
[2022-06-28T08:00:29.741+0000][6][safepoint   ] Safepoint "Cleanup", Time since last: 23002215674 ns, Reaching safepoint: 37530 ns, At safepoint: 5218 ns, Total: 42748 ns
[2022-06-28T08:01:06.745+0000][6][safepoint   ] Safepoint "Cleanup", Time since last: 37003939038 ns, Reaching safepoint: 37327 ns, At safepoint: 30143 ns, Total: 67470 ns
[2022-06-28T08:01:10.746+0000][6][safepoint   ] Safepoint "Cleanup", Time since last: 4000439276 ns, Reaching safepoint: 38864 ns, At safepoint: 4967 ns, Total: 43831 ns
[2022-06-28T08:01:27.748+0000][6][safepoint   ] Safepoint "Cleanup", Time since last: 17002025451 ns, Reaching safepoint: 37929 ns, At safepoint: 5019 ns, Total: 42948 ns
[2022-06-28T08:01:34.749+0000][6][safepoint   ] Safepoint "Cleanup", Time since last: 7000748324 ns, Reaching safepoint: 37032 ns, At safepoint: 5188 ns, Total: 42220 ns
[2022-06-28T08:02:04.752+0000][6][safepoint   ] Safepoint "Cleanup", Time since last: 30003222429 ns, Reaching safepoint: 40467 ns, At safepoint: 4845 ns, Total: 45312 ns
[2022-06-28T08:02:36.756+0000][6][safepoint   ] Safepoint "Cleanup", Time since last: 32004416011 ns, Reaching safepoint: 37922 ns, At safepoint: 4593 ns, Total: 42515 ns
[2022-06-28T08:02:56.946+0000][6][gc,start    ] GC(60) Pause Young (Normal) (G1 Evacuation Pause)
[2022-06-28T08:02:56.946+0000][6][gc,task     ] GC(60) Using 1 workers of 1 for evacuation
[2022-06-28T08:02:56.946+0000][6][gc,age      ] GC(60) Desired survivor size 8388608 bytes, new threshold 15 (max threshold 15)
[2022-06-28T08:02:56.949+0000][6][gc,phases   ] GC(60)   Pre Evacuate Collection Set: 0.0ms
[2022-06-28T08:02:56.949+0000][6][gc,phases   ] GC(60)   Merge Heap Roots: 0.1ms
[2022-06-28T08:02:56.949+0000][6][gc,phases   ] GC(60)   Evacuate Collection Set: 2.1ms
[2022-06-28T08:02:56.949+0000][6][gc,phases   ] GC(60)   Post Evacuate Collection Set: 0.9ms
[2022-06-28T08:02:56.949+0000][6][gc,phases   ] GC(60)   Other: 0.1ms
[2022-06-28T08:02:56.949+0000][6][gc,age      ] GC(60) Age table with threshold 15 (max threshold 15)
[2022-06-28T08:02:56.949+0000][6][gc,age      ] GC(60) - age   1:      15176 bytes,      15176 total
[2022-06-28T08:02:56.949+0000][6][gc,age      ] GC(60) - age   2:       3984 bytes,      19160 total
[2022-06-28T08:02:56.949+0000][6][gc,age      ] GC(60) - age   3:        184 bytes,      19344 total
[2022-06-28T08:02:56.949+0000][6][gc,age      ] GC(60) - age   4:       1952 bytes,      21296 total
[2022-06-28T08:02:56.949+0000][6][gc,age      ] GC(60) - age   5:        880 bytes,      22176 total
[2022-06-28T08:02:56.949+0000][6][gc,age      ] GC(60) - age   6:       4232 bytes,      26408 total
[2022-06-28T08:02:56.949+0000][6][gc,age      ] GC(60) - age   7:       2048 bytes,      28456 total
[2022-06-28T08:02:56.949+0000][6][gc,age      ] GC(60) - age   8:       3784 bytes,      32240 total
[2022-06-28T08:02:56.949+0000][6][gc,age      ] GC(60) - age   9:        144 bytes,      32384 total
[2022-06-28T08:02:56.949+0000][6][gc,age      ] GC(60) - age  10:       4728 bytes,      37112 total
[2022-06-28T08:02:56.949+0000][6][gc,age      ] GC(60) - age  11:       1744 bytes,      38856 total
[2022-06-28T08:02:56.949+0000][6][gc,age      ] GC(60) - age  12:      22496 bytes,      61352 total
[2022-06-28T08:02:56.949+0000][6][gc,age      ] GC(60) - age  13:       3656 bytes,      65008 total
[2022-06-28T08:02:56.949+0000][6][gc,age      ] GC(60) - age  14:       3440 bytes,      68448 total
[2022-06-28T08:02:56.949+0000][6][gc,age      ] GC(60) - age  15:      16560 bytes,      85008 total
[2022-06-28T08:02:56.949+0000][6][gc,heap     ] GC(60) Eden regions: 29->0(29)
[2022-06-28T08:02:56.949+0000][6][gc,heap     ] GC(60) Survivor regions: 1->1(4)
[2022-06-28T08:02:56.949+0000][6][gc,heap     ] GC(60) Old regions: 19->19
[2022-06-28T08:02:56.949+0000][6][gc,heap     ] GC(60) Archive regions: 2->2
[2022-06-28T08:02:56.949+0000][6][gc,heap     ] GC(60) Humongous regions: 2->2
[2022-06-28T08:02:56.949+0000][6][gc,metaspace] GC(60) Metaspace: 107343K(111232K)->107343K(111232K) NonClass: 92942K(95040K)->92942K(95040K) Class: 14400K(16192K)->14400K(16192K)
[2022-06-28T08:02:56.950+0000][6][gc          ] GC(60) Pause Young (Normal) (G1 Evacuation Pause) 203M->87M(256M) 3.516ms
[2022-06-28T08:02:56.950+0000][6][gc,cpu      ] GC(60) User=0.00s Sys=0.00s Real=0.01s
[2022-06-28T08:02:56.950+0000][6][safepoint   ] Safepoint "G1CollectForAllocation", Time since last: 20189449133 ns, Reaching safepoint: 152099 ns, At safepoint: 3560452 ns, Total: 3712551 ns
[2022-06-28T08:03:03.950+0000][6][safepoint   ] Safepoint "Cleanup", Time since last: 7000652711 ns, Reaching safepoint: 162714 ns, At safepoint: 7380 ns, Total: 170094 ns
[2022-06-28T08:03:06.951+0000][6][safepoint   ] Safepoint "Cleanup", Time since last: 3000353635 ns, Reaching safepoint: 40483 ns, At safepoint: 4617 ns, Total: 45100 ns
[2022-06-28T08:03:08.951+0000][6][safepoint   ] Safepoint "Cleanup", Time since last: 2000271628 ns, Reaching safepoint: 38687 ns, At safepoint: 5433 ns, Total: 44120 ns
[2022-06-28T08:03:33.954+0000][6][safepoint   ] Safepoint "Cleanup", Time since last: 25002682619 ns, Reaching safepoint: 40677 ns, At safepoint: 5273 ns, Total: 45950 ns
[2022-06-28T08:03:36.955+0000][6][safepoint   ] Safepoint "Cleanup", Time since last: 3001470003 ns, Reaching safepoint: 39961 ns, At safepoint: 4633 ns, Total: 44594 ns
[2022-06-28T08:04:06.959+0000][6][safepoint   ] Safepoint "Cleanup", Time since last: 30003562691 ns, Reaching safepoint: 49972 ns, At safepoint: 6416 ns, Total: 56388 ns
[2022-06-28T08:05:03.965+0000][6][safepoint   ] Safepoint "Cleanup", Time since last: 57006012161 ns, Reaching safepoint: 41393 ns, At safepoint: 29918 ns, Total: 71311 ns
[2022-06-28T08:06:21.868+0000][6][gc,start    ] GC(61) Pause Young (Concurrent Start) (G1 Evacuation Pause)
[2022-06-28T08:06:21.868+0000][6][gc,task     ] GC(61) Using 1 workers of 1 for evacuation
[2022-06-28T08:06:21.868+0000][6][gc,age      ] GC(61) Desired survivor size 8388608 bytes, new threshold 15 (max threshold 15)
[2022-06-28T08:06:21.871+0000][6][gc,phases   ] GC(61)   Pre Evacuate Collection Set: 0.2ms
[2022-06-28T08:06:21.871+0000][6][gc,phases   ] GC(61)   Merge Heap Roots: 0.0ms
[2022-06-28T08:06:21.872+0000][6][gc,phases   ] GC(61)   Evacuate Collection Set: 2.1ms
[2022-06-28T08:06:21.872+0000][6][gc,phases   ] GC(61)   Post Evacuate Collection Set: 0.9ms
[2022-06-28T08:06:21.872+0000][6][gc,phases   ] GC(61)   Other: 0.1ms
[2022-06-28T08:06:21.872+0000][6][gc,age      ] GC(61) Age table with threshold 15 (max threshold 15)
[2022-06-28T08:06:21.872+0000][6][gc,age      ] GC(61) - age   1:      83808 bytes,      83808 total
[2022-06-28T08:06:21.872+0000][6][gc,age      ] GC(61) - age   2:       2376 bytes,      86184 total
[2022-06-28T08:06:21.872+0000][6][gc,age      ] GC(61) - age   3:       3984 bytes,      90168 total
[2022-06-28T08:06:21.872+0000][6][gc,age      ] GC(61) - age   4:        184 bytes,      90352 total
[2022-06-28T08:06:21.872+0000][6][gc,age      ] GC(61) - age   5:       1952 bytes,      92304 total
[2022-06-28T08:06:21.872+0000][6][gc,age      ] GC(61) - age   6:        880 bytes,      93184 total
[2022-06-28T08:06:21.872+0000][6][gc,age      ] GC(61) - age   7:       4232 bytes,      97416 total
[2022-06-28T08:06:21.872+0000][6][gc,age      ] GC(61) - age   8:       2048 bytes,      99464 total
[2022-06-28T08:06:21.872+0000][6][gc,age      ] GC(61) - age   9:       3784 bytes,     103248 total
[2022-06-28T08:06:21.872+0000][6][gc,age      ] GC(61) - age  10:        144 bytes,     103392 total
[2022-06-28T08:06:21.872+0000][6][gc,age      ] GC(61) - age  11:       4728 bytes,     108120 total
[2022-06-28T08:06:21.872+0000][6][gc,age      ] GC(61) - age  12:       1744 bytes,     109864 total
[2022-06-28T08:06:21.872+0000][6][gc,age      ] GC(61) - age  13:      22496 bytes,     132360 total
[2022-06-28T08:06:21.872+0000][6][gc,age      ] GC(61) - age  14:       3656 bytes,     136016 total
[2022-06-28T08:06:21.872+0000][6][gc,age      ] GC(61) - age  15:       3440 bytes,     139456 total
[2022-06-28T08:06:21.872+0000][6][gc,heap     ] GC(61) Eden regions: 29->0(29)
[2022-06-28T08:06:21.872+0000][6][gc,heap     ] GC(61) Survivor regions: 1->1(4)
[2022-06-28T08:06:21.872+0000][6][gc,heap     ] GC(61) Old regions: 19->19
[2022-06-28T08:06:21.872+0000][6][gc,heap     ] GC(61) Archive regions: 2->2
[2022-06-28T08:06:21.872+0000][6][gc,heap     ] GC(61) Humongous regions: 2->2
[2022-06-28T08:06:21.872+0000][6][gc,metaspace] GC(61) Metaspace: 107345K(111232K)->107345K(111232K) NonClass: 92945K(95040K)->92945K(95040K) Class: 14400K(16192K)->14400K(16192K)
[2022-06-28T08:06:21.872+0000][6][gc          ] GC(61) Pause Young (Concurrent Start) (G1 Evacuation Pause) 203M->87M(256M) 3.485ms
[2022-06-28T08:06:21.872+0000][6][gc,cpu      ] GC(61) User=0.00s Sys=0.00s Real=0.00s
[2022-06-28T08:06:21.872+0000][6][safepoint   ] Safepoint "G1CollectForAllocation", Time since last: 77903133612 ns, Reaching safepoint: 28325 ns, At safepoint: 3534799 ns, Total: 3563124 ns
[2022-06-28T08:06:21.872+0000][6][gc          ] GC(62) Concurrent Mark Cycle
[2022-06-28T08:06:21.872+0000][6][gc,marking  ] GC(62) Concurrent Clear Claimed Marks
[2022-06-28T08:06:21.872+0000][6][gc,marking  ] GC(62) Concurrent Clear Claimed Marks 0.040ms
[2022-06-28T08:06:21.872+0000][6][gc,marking  ] GC(62) Concurrent Scan Root Regions
[2022-06-28T08:06:21.873+0000][6][gc,marking  ] GC(62) Concurrent Scan Root Regions 1.429ms
[2022-06-28T08:06:21.873+0000][6][gc,marking  ] GC(62) Concurrent Mark
[2022-06-28T08:06:21.873+0000][6][gc,marking  ] GC(62) Concurrent Mark From Roots
[2022-06-28T08:06:21.873+0000][6][gc,task     ] GC(62) Using 1 workers of 1 for marking
[2022-06-28T08:06:22.002+0000][6][gc,marking  ] GC(62) Concurrent Mark From Roots 128.671ms
[2022-06-28T08:06:22.002+0000][6][gc,marking  ] GC(62) Concurrent Preclean
[2022-06-28T08:06:22.002+0000][6][gc,marking  ] GC(62) Concurrent Preclean 0.118ms
[2022-06-28T08:06:22.002+0000][6][gc,start    ] GC(62) Pause Remark
[2022-06-28T08:06:22.017+0000][6][gc          ] GC(62) Pause Remark 87M->87M(256M) 14.647ms
[2022-06-28T08:06:22.017+0000][6][gc,cpu      ] GC(62) User=0.01s Sys=0.00s Real=0.02s
[2022-06-28T08:06:22.017+0000][6][safepoint   ] Safepoint "G1Concurrent", Time since last: 130432048 ns, Reaching safepoint: 24880 ns, At safepoint: 14729543 ns, Total: 14754423 ns
[2022-06-28T08:06:22.017+0000][6][gc,marking  ] GC(62) Concurrent Mark 143.660ms
[2022-06-28T08:06:22.017+0000][6][gc,marking  ] GC(62) Concurrent Rebuild Remembered Sets
[2022-06-28T08:06:22.092+0000][6][gc,marking  ] GC(62) Concurrent Rebuild Remembered Sets 75.284ms
[2022-06-28T08:06:22.092+0000][6][gc,start    ] GC(62) Pause Cleanup
[2022-06-28T08:06:22.092+0000][6][gc          ] GC(62) Pause Cleanup 87M->87M(256M) 0.049ms
[2022-06-28T08:06:22.092+0000][6][gc,cpu      ] GC(62) User=0.00s Sys=0.00s Real=0.00s
[2022-06-28T08:06:22.092+0000][6][safepoint   ] Safepoint "G1Concurrent", Time since last: 75387166 ns, Reaching safepoint: 23865 ns, At safepoint: 85745 ns, Total: 109610 ns
[2022-06-28T08:06:22.092+0000][6][gc,marking  ] GC(62) Concurrent Cleanup for Next Mark
[2022-06-28T08:06:22.093+0000][6][gc,marking  ] GC(62) Concurrent Cleanup for Next Mark 0.771ms
[2022-06-28T08:06:22.093+0000][6][gc          ] GC(62) Concurrent Mark Cycle 221.447ms
[2022-06-28T08:06:35.094+0000][6][safepoint   ] Safepoint "Cleanup", Time since last: 13001435414 ns, Reaching safepoint: 51435 ns, At safepoint: 4890 ns, Total: 56325 ns
[2022-06-28T08:08:04.104+0000][6][safepoint   ] Safepoint "Cleanup", Time since last: 89009566119 ns, Reaching safepoint: 40823 ns, At safepoint: 5024 ns, Total: 45847 ns
[2022-06-28T08:08:34.107+0000][6][safepoint   ] Safepoint "Cleanup", Time since last: 30003244388 ns, Reaching safepoint: 60856 ns, At safepoint: 9310 ns, Total: 70166 ns
[2022-06-28T08:08:47.108+0000][6][safepoint   ] Safepoint "Cleanup", Time since last: 13001432075 ns, Reaching safepoint: 41978 ns, At safepoint: 4900 ns, Total: 46878 ns
[2022-06-28T08:09:04.110+0000][6][safepoint   ] Safepoint "Cleanup", Time since last: 17001963542 ns, Reaching safepoint: 38032 ns, At safepoint: 33376 ns, Total: 71408 ns
[2022-06-28T08:09:34.114+0000][6][safepoint   ] Safepoint "Cleanup", Time since last: 30003156557 ns, Reaching safepoint: 46623 ns, At safepoint: 23363 ns, Total: 69986 ns
[2022-06-28T08:09:48.057+0000][6][gc,start    ] GC(63) Pause Young (Normal) (G1 Evacuation Pause)
[2022-06-28T08:09:48.057+0000][6][gc,task     ] GC(63) Using 1 workers of 1 for evacuation
[2022-06-28T08:09:48.057+0000][6][gc,age      ] GC(63) Desired survivor size 8388608 bytes, new threshold 15 (max threshold 15)
[2022-06-28T08:09:48.062+0000][6][gc,phases   ] GC(63)   Pre Evacuate Collection Set: 0.0ms
[2022-06-28T08:09:48.063+0000][6][gc,phases   ] GC(63)   Merge Heap Roots: 0.0ms
[2022-06-28T08:09:48.063+0000][6][gc,phases   ] GC(63)   Evacuate Collection Set: 2.2ms
[2022-06-28T08:09:48.063+0000][6][gc,phases   ] GC(63)   Post Evacuate Collection Set: 2.6ms
[2022-06-28T08:09:48.063+0000][6][gc,phases   ] GC(63)   Other: 0.1ms
[2022-06-28T08:09:48.063+0000][6][gc,age      ] GC(63) Age table with threshold 15 (max threshold 15)
[2022-06-28T08:09:48.063+0000][6][gc,age      ] GC(63) - age   1:      58008 bytes,      58008 total
[2022-06-28T08:09:48.063+0000][6][gc,age      ] GC(63) - age   2:        728 bytes,      58736 total
[2022-06-28T08:09:48.063+0000][6][gc,age      ] GC(63) - age   3:       2176 bytes,      60912 total
[2022-06-28T08:09:48.063+0000][6][gc,age      ] GC(63) - age   4:       2568 bytes,      63480 total
[2022-06-28T08:09:48.063+0000][6][gc,age      ] GC(63) - age   5:        184 bytes,      63664 total
[2022-06-28T08:09:48.063+0000][6][gc,age      ] GC(63) - age   6:       1952 bytes,      65616 total
[2022-06-28T08:09:48.063+0000][6][gc,age      ] GC(63) - age   7:        880 bytes,      66496 total
[2022-06-28T08:09:48.063+0000][6][gc,age      ] GC(63) - age   8:       4232 bytes,      70728 total
[2022-06-28T08:09:48.063+0000][6][gc,age      ] GC(63) - age   9:       2048 bytes,      72776 total
[2022-06-28T08:09:48.063+0000][6][gc,age      ] GC(63) - age  10:       3784 bytes,      76560 total
[2022-06-28T08:09:48.063+0000][6][gc,age      ] GC(63) - age  11:        144 bytes,      76704 total
[2022-06-28T08:09:48.063+0000][6][gc,age      ] GC(63) - age  12:       4728 bytes,      81432 total
[2022-06-28T08:09:48.063+0000][6][gc,age      ] GC(63) - age  13:       1744 bytes,      83176 total
[2022-06-28T08:09:48.063+0000][6][gc,age      ] GC(63) - age  14:      22496 bytes,     105672 total
[2022-06-28T08:09:48.063+0000][6][gc,age      ] GC(63) - age  15:       3656 bytes,     109328 total
[2022-06-28T08:09:48.063+0000][6][gc,heap     ] GC(63) Eden regions: 29->0(29)
[2022-06-28T08:09:48.063+0000][6][gc,heap     ] GC(63) Survivor regions: 1->1(4)
[2022-06-28T08:09:48.063+0000][6][gc,heap     ] GC(63) Old regions: 19->19
[2022-06-28T08:09:48.063+0000][6][gc,heap     ] GC(63) Archive regions: 2->2
[2022-06-28T08:09:48.063+0000][6][gc,heap     ] GC(63) Humongous regions: 2->2
[2022-06-28T08:09:48.063+0000][6][gc,metaspace] GC(63) Metaspace: 107348K(111232K)->107348K(111232K) NonClass: 92947K(95040K)->92947K(95040K) Class: 14400K(16192K)->14400K(16192K)
[2022-06-28T08:09:48.063+0000][6][gc          ] GC(63) Pause Young (Normal) (G1 Evacuation Pause) 203M->87M(256M) 5.438ms
[2022-06-28T08:09:48.063+0000][6][gc,cpu      ] GC(63) User=0.00s Sys=0.00s Real=0.00s
[2022-06-28T08:09:48.063+0000][6][safepoint   ] Safepoint "G1CollectForAllocation", Time since last: 13943557023 ns, Reaching safepoint: 144507 ns, At safepoint: 5486917 ns, Total: 5631424 ns
[2022-06-28T08:11:56.077+0000][6][safepoint   ] Safepoint "Cleanup", Time since last: 128014247059 ns, Reaching safepoint: 52338 ns, At safepoint: 4547 ns, Total: 56885 ns
[2022-06-28T08:11:57.077+0000][6][safepoint   ] Safepoint "Cleanup", Time since last: 1000126255 ns, Reaching safepoint: 71378 ns, At safepoint: 7580 ns, Total: 78958 ns
[2022-06-28T08:11:58.077+0000][6][safepoint   ] Safepoint "Cleanup", Time since last: 1000173658 ns, Reaching safepoint: 61625 ns, At safepoint: 5515 ns, Total: 67140 ns
[2022-06-28T08:11:59.078+0000][6][safepoint   ] Safepoint "Cleanup", Time since last: 1000151016 ns, Reaching safepoint: 63306 ns, At safepoint: 4842 ns, Total: 68148 ns
[2022-06-28T08:12:00.078+0000][6][safepoint   ] Safepoint "Cleanup", Time since last: 1000167958 ns, Reaching safepoint: 55934 ns, At safepoint: 4863 ns, Total: 60797 ns
[2022-06-28T08:12:01.078+0000][6][safepoint   ] Safepoint "Cleanup", Time since last: 1000150766 ns, Reaching safepoint: 42596 ns, At safepoint: 4918 ns, Total: 47514 ns
[2022-06-28T08:12:02.078+0000][6][safepoint   ] Safepoint "Cleanup", Time since last: 1000146241 ns, Reaching safepoint: 38593 ns, At safepoint: 4693 ns, Total: 43286 ns
[2022-06-28T08:12:06.079+0000][6][safepoint   ] Safepoint "Cleanup", Time since last: 4000500535 ns, Reaching safepoint: 29666 ns, At safepoint: 4675 ns, Total: 34341 ns
[2022-06-28T08:12:13.080+0000][6][safepoint   ] Safepoint "Cleanup", Time since last: 7000862240 ns, Reaching safepoint: 51795 ns, At safepoint: 4712 ns, Total: 56507 ns
[2022-06-28T08:12:16.080+0000][6][safepoint   ] Safepoint "Cleanup", Time since last: 3000383693 ns, Reaching safepoint: 42297 ns, At safepoint: 4500 ns, Total: 46797 ns
[2022-06-28T08:12:26.081+0000][6][safepoint   ] Safepoint "Cleanup", Time since last: 10001136343 ns, Reaching safepoint: 38291 ns, At safepoint: 4582 ns, Total: 42873 ns
[2022-06-28T08:12:31.082+0000][6][safepoint   ] Safepoint "Cleanup", Time since last: 5000632867 ns, Reaching safepoint: 40705 ns, At safepoint: 4759 ns, Total: 45464 ns
[2022-06-28T08:12:34.083+0000][6][safepoint   ] Safepoint "Cleanup", Time since last: 3000424508 ns, Reaching safepoint: 39323 ns, At safepoint: 4624 ns, Total: 43947 ns
[2022-06-28T08:12:36.083+0000][6][safepoint   ] Safepoint "Cleanup", Time since last: 2000239714 ns, Reaching safepoint: 31622 ns, At safepoint: 4331 ns, Total: 35953 ns
[2022-06-28T08:12:43.084+0000][6][safepoint   ] Safepoint "Cleanup", Time since last: 7000829625 ns, Reaching safepoint: 39504 ns, At safepoint: 4778 ns, Total: 44282 ns
[2022-06-28T08:12:52.085+0000][6][safepoint   ] Safepoint "Cleanup", Time since last: 9001006517 ns, Reaching safepoint: 38648 ns, At safepoint: 4855 ns, Total: 43503 ns
[2022-06-28T08:12:53.085+0000][6][safepoint   ] Safepoint "Cleanup", Time since last: 1000122966 ns, Reaching safepoint: 36458 ns, At safepoint: 4720 ns, Total: 41178 ns
[2022-06-28T08:12:54.085+0000][6][safepoint   ] Safepoint "Cleanup", Time since last: 1000124303 ns, Reaching safepoint: 37807 ns, At safepoint: 4862 ns, Total: 42669 ns
[2022-06-28T08:13:05.415+0000][6][gc,start    ] GC(64) Pause Young (Concurrent Start) (G1 Evacuation Pause)
[2022-06-28T08:13:05.415+0000][6][gc,task     ] GC(64) Using 1 workers of 1 for evacuation
[2022-06-28T08:13:05.415+0000][6][gc,age      ] GC(64) Desired survivor size 8388608 bytes, new threshold 15 (max threshold 15)
[2022-06-28T08:13:05.419+0000][6][gc,phases   ] GC(64)   Pre Evacuate Collection Set: 0.2ms
[2022-06-28T08:13:05.419+0000][6][gc,phases   ] GC(64)   Merge Heap Roots: 0.0ms
[2022-06-28T08:13:05.419+0000][6][gc,phases   ] GC(64)   Evacuate Collection Set: 2.5ms
[2022-06-28T08:13:05.419+0000][6][gc,phases   ] GC(64)   Post Evacuate Collection Set: 0.9ms
[2022-06-28T08:13:05.419+0000][6][gc,phases   ] GC(64)   Other: 0.2ms
[2022-06-28T08:13:05.419+0000][6][gc,age      ] GC(64) Age table with threshold 15 (max threshold 15)
[2022-06-28T08:13:05.419+0000][6][gc,age      ] GC(64) - age   1:     336464 bytes,     336464 total
[2022-06-28T08:13:05.419+0000][6][gc,age      ] GC(64) - age   2:      20840 bytes,     357304 total
[2022-06-28T08:13:05.419+0000][6][gc,age      ] GC(64) - age   3:        528 bytes,     357832 total
[2022-06-28T08:13:05.419+0000][6][gc,age      ] GC(64) - age   4:       2176 bytes,     360008 total
[2022-06-28T08:13:05.419+0000][6][gc,age      ] GC(64) - age   5:       2176 bytes,     362184 total
[2022-06-28T08:13:05.419+0000][6][gc,age      ] GC(64) - age   6:        184 bytes,     362368 total
[2022-06-28T08:13:05.419+0000][6][gc,age      ] GC(64) - age   7:       1952 bytes,     364320 total
[2022-06-28T08:13:05.419+0000][6][gc,age      ] GC(64) - age   8:        880 bytes,     365200 total
[2022-06-28T08:13:05.419+0000][6][gc,age      ] GC(64) - age   9:       4232 bytes,     369432 total
[2022-06-28T08:13:05.419+0000][6][gc,age      ] GC(64) - age  10:       1912 bytes,     371344 total
[2022-06-28T08:13:05.419+0000][6][gc,age      ] GC(64) - age  11:       3584 bytes,     374928 total
[2022-06-28T08:13:05.419+0000][6][gc,age      ] GC(64) - age  12:        144 bytes,     375072 total
[2022-06-28T08:13:05.419+0000][6][gc,age      ] GC(64) - age  13:       4728 bytes,     379800 total
[2022-06-28T08:13:05.419+0000][6][gc,age      ] GC(64) - age  14:       1744 bytes,     381544 total
[2022-06-28T08:13:05.419+0000][6][gc,age      ] GC(64) - age  15:      22496 bytes,     404040 total
[2022-06-28T08:13:05.419+0000][6][gc,heap     ] GC(64) Eden regions: 29->0(29)
[2022-06-28T08:13:05.419+0000][6][gc,heap     ] GC(64) Survivor regions: 1->1(4)
[2022-06-28T08:13:05.419+0000][6][gc,heap     ] GC(64) Old regions: 19->19
[2022-06-28T08:13:05.419+0000][6][gc,heap     ] GC(64) Archive regions: 2->2
[2022-06-28T08:13:05.419+0000][6][gc,heap     ] GC(64) Humongous regions: 2->2
[2022-06-28T08:13:05.419+0000][6][gc,metaspace] GC(64) Metaspace: 107418K(111232K)->107418K(111232K) NonClass: 93004K(95040K)->93004K(95040K) Class: 14414K(16192K)->14414K(16192K)
[2022-06-28T08:13:05.419+0000][6][gc          ] GC(64) Pause Young (Concurrent Start) (G1 Evacuation Pause) 203M->87M(256M) 4.210ms
[2022-06-28T08:13:05.419+0000][6][gc,cpu      ] GC(64) User=0.00s Sys=0.00s Real=0.00s
[2022-06-28T08:13:05.420+0000][6][safepoint   ] Safepoint "G1CollectForAllocation", Time since last: 11330144648 ns, Reaching safepoint: 26399 ns, At safepoint: 4260409 ns, Total: 4286808 ns
[2022-06-28T08:13:05.420+0000][6][gc          ] GC(65) Concurrent Mark Cycle
[2022-06-28T08:13:05.420+0000][6][gc,marking  ] GC(65) Concurrent Clear Claimed Marks
[2022-06-28T08:13:05.420+0000][6][gc,marking  ] GC(65) Concurrent Clear Claimed Marks 0.042ms
[2022-06-28T08:13:05.420+0000][6][gc,marking  ] GC(65) Concurrent Scan Root Regions
[2022-06-28T08:13:05.421+0000][6][gc,marking  ] GC(65) Concurrent Scan Root Regions 1.088ms
[2022-06-28T08:13:05.421+0000][6][gc,marking  ] GC(65) Concurrent Mark
[2022-06-28T08:13:05.421+0000][6][gc,marking  ] GC(65) Concurrent Mark From Roots
[2022-06-28T08:13:05.421+0000][6][gc,task     ] GC(65) Using 1 workers of 1 for marking
[2022-06-28T08:13:05.555+0000][6][gc,marking  ] GC(65) Concurrent Mark From Roots 134.591ms
[2022-06-28T08:13:05.555+0000][6][gc,marking  ] GC(65) Concurrent Preclean
[2022-06-28T08:13:05.555+0000][6][gc,marking  ] GC(65) Concurrent Preclean 0.129ms
[2022-06-28T08:13:05.556+0000][6][gc,start    ] GC(65) Pause Remark
[2022-06-28T08:13:05.571+0000][6][gc          ] GC(65) Pause Remark 88M->88M(256M) 15.275ms
[2022-06-28T08:13:05.571+0000][6][gc,cpu      ] GC(65) User=0.02s Sys=0.00s Real=0.01s
[2022-06-28T08:13:05.571+0000][6][safepoint   ] Safepoint "G1Concurrent", Time since last: 136015805 ns, Reaching safepoint: 26529 ns, At safepoint: 15359614 ns, Total: 15386143 ns
[2022-06-28T08:13:05.571+0000][6][gc,marking  ] GC(65) Concurrent Mark 150.225ms
[2022-06-28T08:13:05.571+0000][6][gc,marking  ] GC(65) Concurrent Rebuild Remembered Sets
[2022-06-28T08:13:05.647+0000][6][gc,marking  ] GC(65) Concurrent Rebuild Remembered Sets 75.906ms
[2022-06-28T08:13:05.647+0000][6][gc,start    ] GC(65) Pause Cleanup
[2022-06-28T08:13:05.647+0000][6][gc          ] GC(65) Pause Cleanup 88M->88M(256M) 0.052ms
[2022-06-28T08:13:05.647+0000][6][gc,cpu      ] GC(65) User=0.00s Sys=0.00s Real=0.00s
[2022-06-28T08:13:05.647+0000][6][safepoint   ] Safepoint "G1Concurrent", Time since last: 76012470 ns, Reaching safepoint: 23597 ns, At safepoint: 89881 ns, Total: 113478 ns
[2022-06-28T08:13:05.647+0000][6][gc,marking  ] GC(65) Concurrent Cleanup for Next Mark
[2022-06-28T08:13:05.648+0000][6][gc,marking  ] GC(65) Concurrent Cleanup for Next Mark 0.646ms
[2022-06-28T08:13:05.648+0000][6][gc          ] GC(65) Concurrent Mark Cycle 228.163ms
[2022-06-28T08:13:23.649+0000][6][safepoint   ] Safepoint "Cleanup", Time since last: 18001880598 ns, Reaching safepoint: 39606 ns, At safepoint: 4603 ns, Total: 44209 ns
[2022-06-28T08:13:50.652+0000][6][safepoint   ] Safepoint "Cleanup", Time since last: 27002785046 ns, Reaching safepoint: 37551 ns, At safepoint: 4638 ns, Total: 42189 ns
[2022-06-28T08:13:53.652+0000][6][safepoint   ] Safepoint "Cleanup", Time since last: 3000306445 ns, Reaching safepoint: 36096 ns, At safepoint: 4753 ns, Total: 40849 ns
[2022-06-28T08:14:10.654+0000][6][safepoint   ] Safepoint "Cleanup", Time since last: 17002095725 ns, Reaching safepoint: 39257 ns, At safepoint: 4888 ns, Total: 44145 ns
[2022-06-28T08:14:11.655+0000][6][safepoint   ] Safepoint "Cleanup", Time since last: 1000200650 ns, Reaching safepoint: 58076 ns, At safepoint: 37267 ns, Total: 95343 ns
[2022-06-28T08:14:36.657+0000][6][safepoint   ] Safepoint "Cleanup", Time since last: 25002807742 ns, Reaching safepoint: 41649 ns, At safepoint: 4460 ns, Total: 46109 ns
[2022-06-28T08:16:32.584+0000][6][gc,start    ] GC(66) Pause Young (Normal) (G1 Evacuation Pause)
[2022-06-28T08:16:32.584+0000][6][gc,task     ] GC(66) Using 1 workers of 1 for evacuation
[2022-06-28T08:16:32.584+0000][6][gc,age      ] GC(66) Desired survivor size 8388608 bytes, new threshold 15 (max threshold 15)
[2022-06-28T08:16:32.588+0000][6][gc,phases   ] GC(66)   Pre Evacuate Collection Set: 0.1ms
[2022-06-28T08:16:32.588+0000][6][gc,phases   ] GC(66)   Merge Heap Roots: 0.1ms
[2022-06-28T08:16:32.588+0000][6][gc,phases   ] GC(66)   Evacuate Collection Set: 3.2ms
[2022-06-28T08:16:32.588+0000][6][gc,phases   ] GC(66)   Post Evacuate Collection Set: 1.0ms
[2022-06-28T08:16:32.588+0000][6][gc,phases   ] GC(66)   Other: 0.1ms
[2022-06-28T08:16:32.588+0000][6][gc,age      ] GC(66) Age table with threshold 15 (max threshold 15)
[2022-06-28T08:16:32.588+0000][6][gc,age      ] GC(66) - age   1:      13880 bytes,      13880 total
[2022-06-28T08:16:32.588+0000][6][gc,age      ] GC(66) - age   2:     300424 bytes,     314304 total
[2022-06-28T08:16:32.588+0000][6][gc,age      ] GC(66) - age   3:       4688 bytes,     318992 total
[2022-06-28T08:16:32.588+0000][6][gc,age      ] GC(66) - age   4:        528 bytes,     319520 total
[2022-06-28T08:16:32.588+0000][6][gc,age      ] GC(66) - age   5:       2176 bytes,     321696 total
[2022-06-28T08:16:32.588+0000][6][gc,age      ] GC(66) - age   6:       2176 bytes,     323872 total
[2022-06-28T08:16:32.588+0000][6][gc,age      ] GC(66) - age   7:        184 bytes,     324056 total
[2022-06-28T08:16:32.588+0000][6][gc,age      ] GC(66) - age   8:       1752 bytes,     325808 total
[2022-06-28T08:16:32.588+0000][6][gc,age      ] GC(66) - age   9:        880 bytes,     326688 total
[2022-06-28T08:16:32.588+0000][6][gc,age      ] GC(66) - age  10:       4232 bytes,     330920 total
[2022-06-28T08:16:32.588+0000][6][gc,age      ] GC(66) - age  11:       1912 bytes,     332832 total
[2022-06-28T08:16:32.588+0000][6][gc,age      ] GC(66) - age  12:       3584 bytes,     336416 total
[2022-06-28T08:16:32.588+0000][6][gc,age      ] GC(66) - age  13:        144 bytes,     336560 total
[2022-06-28T08:16:32.588+0000][6][gc,age      ] GC(66) - age  14:       4728 bytes,     341288 total
[2022-06-28T08:16:32.588+0000][6][gc,age      ] GC(66) - age  15:       1744 bytes,     343032 total
[2022-06-28T08:16:32.588+0000][6][gc,heap     ] GC(66) Eden regions: 29->0(29)
[2022-06-28T08:16:32.588+0000][6][gc,heap     ] GC(66) Survivor regions: 1->1(4)
[2022-06-28T08:16:32.588+0000][6][gc,heap     ] GC(66) Old regions: 19->19
[2022-06-28T08:16:32.588+0000][6][gc,heap     ] GC(66) Archive regions: 2->2
[2022-06-28T08:16:32.588+0000][6][gc,heap     ] GC(66) Humongous regions: 2->2
[2022-06-28T08:16:32.588+0000][6][gc,metaspace] GC(66) Metaspace: 107432K(111232K)->107432K(111232K) NonClass: 93018K(95040K)->93018K(95040K) Class: 14414K(16192K)->14414K(16192K)
[2022-06-28T08:16:32.588+0000][6][gc          ] GC(66) Pause Young (Normal) (G1 Evacuation Pause) 203M->87M(256M) 4.606ms
[2022-06-28T08:16:32.588+0000][6][gc,cpu      ] GC(66) User=0.01s Sys=0.00s Real=0.01s
[2022-06-28T08:16:32.588+0000][6][safepoint   ] Safepoint "G1CollectForAllocation", Time since last: 115926097307 ns, Reaching safepoint: 155823 ns, At safepoint: 4650533 ns, Total: 4806356 ns
[2022-06-28T08:16:34.589+0000][6][safepoint   ] Safepoint "Cleanup", Time since last: 2000241614 ns, Reaching safepoint: 36919 ns, At safepoint: 5237 ns, Total: 42156 ns
[2022-06-28T08:16:36.589+0000][6][safepoint   ] Safepoint "Cleanup", Time since last: 2000212709 ns, Reaching safepoint: 36140 ns, At safepoint: 5068 ns, Total: 41208 ns
[2022-06-28T08:18:04.598+0000][6][safepoint   ] Safepoint "Cleanup", Time since last: 88009401629 ns, Reaching safepoint: 42247 ns, At safepoint: 4851 ns, Total: 47098 ns
[2022-06-28T08:18:15.600+0000][6][safepoint   ] Safepoint "Cleanup", Time since last: 11001315473 ns, Reaching safepoint: 35651 ns, At safepoint: 5052 ns, Total: 40703 ns
[2022-06-28T08:18:16.600+0000][6][safepoint   ] Safepoint "Cleanup", Time since last: 1000131498 ns, Reaching safepoint: 35500 ns, At safepoint: 4515 ns, Total: 40015 ns
[2022-06-28T08:18:34.602+0000][6][safepoint   ] Safepoint "Cleanup", Time since last: 18001812232 ns, Reaching safepoint: 30964 ns, At safepoint: 4032 ns, Total: 34996 ns
[2022-06-28T08:19:34.608+0000][6][safepoint   ] Safepoint "Cleanup", Time since last: 60006314884 ns, Reaching safepoint: 59557 ns, At safepoint: 9807 ns, Total: 69364 ns
[2022-06-28T08:19:36.608+0000][6][safepoint   ] Safepoint "Cleanup", Time since last: 2000322179 ns, Reaching safepoint: 48732 ns, At safepoint: 4385 ns, Total: 53117 ns
[2022-06-28T08:19:45.610+0000][6][safepoint   ] Safepoint "Cleanup", Time since last: 9001048618 ns, Reaching safepoint: 36712 ns, At safepoint: 4742 ns, Total: 41454 ns
[2022-06-28T08:20:00.640+0000][6][gc,start    ] GC(67) Pause Young (Concurrent Start) (G1 Evacuation Pause)
[2022-06-28T08:20:00.640+0000][6][gc,task     ] GC(67) Using 1 workers of 1 for evacuation
[2022-06-28T08:20:00.640+0000][6][gc,age      ] GC(67) Desired survivor size 8388608 bytes, new threshold 15 (max threshold 15)
[2022-06-28T08:20:00.644+0000][6][gc,phases   ] GC(67)   Pre Evacuate Collection Set: 0.2ms
[2022-06-28T08:20:00.644+0000][6][gc,phases   ] GC(67)   Merge Heap Roots: 0.0ms
[2022-06-28T08:20:00.644+0000][6][gc,phases   ] GC(67)   Evacuate Collection Set: 2.5ms
[2022-06-28T08:20:00.644+0000][6][gc,phases   ] GC(67)   Post Evacuate Collection Set: 1.1ms
[2022-06-28T08:20:00.644+0000][6][gc,phases   ] GC(67)   Other: 0.1ms
[2022-06-28T08:20:00.644+0000][6][gc,age      ] GC(67) Age table with threshold 15 (max threshold 15)
[2022-06-28T08:20:00.644+0000][6][gc,age      ] GC(67) - age   1:      54680 bytes,      54680 total
[2022-06-28T08:20:00.644+0000][6][gc,age      ] GC(67) - age   2:       1312 bytes,      55992 total
[2022-06-28T08:20:00.644+0000][6][gc,age      ] GC(67) - age   3:     299528 bytes,     355520 total
[2022-06-28T08:20:00.644+0000][6][gc,age      ] GC(67) - age   4:       3464 bytes,     358984 total
[2022-06-28T08:20:00.644+0000][6][gc,age      ] GC(67) - age   5:        528 bytes,     359512 total
[2022-06-28T08:20:00.644+0000][6][gc,age      ] GC(67) - age   6:       2176 bytes,     361688 total
[2022-06-28T08:20:00.644+0000][6][gc,age      ] GC(67) - age   7:       2176 bytes,     363864 total
[2022-06-28T08:20:00.644+0000][6][gc,age      ] GC(67) - age   8:        184 bytes,     364048 total
[2022-06-28T08:20:00.644+0000][6][gc,age      ] GC(67) - age   9:       1752 bytes,     365800 total
[2022-06-28T08:20:00.644+0000][6][gc,age      ] GC(67) - age  10:        680 bytes,     366480 total
[2022-06-28T08:20:00.644+0000][6][gc,age      ] GC(67) - age  11:       4232 bytes,     370712 total
[2022-06-28T08:20:00.644+0000][6][gc,age      ] GC(67) - age  12:       1912 bytes,     372624 total
[2022-06-28T08:20:00.644+0000][6][gc,age      ] GC(67) - age  13:       3584 bytes,     376208 total
[2022-06-28T08:20:00.644+0000][6][gc,age      ] GC(67) - age  14:        144 bytes,     376352 total
[2022-06-28T08:20:00.644+0000][6][gc,age      ] GC(67) - age  15:       4728 bytes,     381080 total
[2022-06-28T08:20:00.644+0000][6][gc,heap     ] GC(67) Eden regions: 29->0(29)
[2022-06-28T08:20:00.644+0000][6][gc,heap     ] GC(67) Survivor regions: 1->1(4)
[2022-06-28T08:20:00.644+0000][6][gc,heap     ] GC(67) Old regions: 19->19
[2022-06-28T08:20:00.644+0000][6][gc,heap     ] GC(67) Archive regions: 2->2
[2022-06-28T08:20:00.644+0000][6][gc,heap     ] GC(67) Humongous regions: 2->2
[2022-06-28T08:20:00.644+0000][6][gc,metaspace] GC(67) Metaspace: 107475K(111232K)->107475K(111232K) NonClass: 93060K(95040K)->93060K(95040K) Class: 14414K(16192K)->14414K(16192K)
[2022-06-28T08:20:00.644+0000][6][gc          ] GC(67) Pause Young (Concurrent Start) (G1 Evacuation Pause) 203M->87M(256M) 4.143ms
[2022-06-28T08:20:00.644+0000][6][gc,cpu      ] GC(67) User=0.00s Sys=0.00s Real=0.00s
[2022-06-28T08:20:00.644+0000][6][safepoint   ] Safepoint "G1CollectForAllocation", Time since last: 15029984026 ns, Reaching safepoint: 26526 ns, At safepoint: 4190973 ns, Total: 4217499 ns
[2022-06-28T08:20:00.644+0000][6][gc          ] GC(68) Concurrent Mark Cycle
[2022-06-28T08:20:00.644+0000][6][gc,marking  ] GC(68) Concurrent Clear Claimed Marks
[2022-06-28T08:20:00.644+0000][6][gc,marking  ] GC(68) Concurrent Clear Claimed Marks 0.042ms
[2022-06-28T08:20:00.644+0000][6][gc,marking  ] GC(68) Concurrent Scan Root Regions
[2022-06-28T08:20:00.647+0000][6][gc,marking  ] GC(68) Concurrent Scan Root Regions 3.631ms
[2022-06-28T08:20:00.647+0000][6][gc,marking  ] GC(68) Concurrent Mark
[2022-06-28T08:20:00.647+0000][6][gc,marking  ] GC(68) Concurrent Mark From Roots
[2022-06-28T08:20:00.647+0000][6][gc,task     ] GC(68) Using 1 workers of 1 for marking
[2022-06-28T08:20:00.779+0000][6][gc,marking  ] GC(68) Concurrent Mark From Roots 131.333ms
[2022-06-28T08:20:00.779+0000][6][gc,marking  ] GC(68) Concurrent Preclean
[2022-06-28T08:20:00.779+0000][6][gc,marking  ] GC(68) Concurrent Preclean 0.107ms
[2022-06-28T08:20:00.779+0000][6][gc,start    ] GC(68) Pause Remark
[2022-06-28T08:20:00.794+0000][6][gc          ] GC(68) Pause Remark 91M->91M(256M) 14.581ms
[2022-06-28T08:20:00.794+0000][6][gc,cpu      ] GC(68) User=0.01s Sys=0.00s Real=0.01s
[2022-06-28T08:20:00.794+0000][6][safepoint   ] Safepoint "G1Concurrent", Time since last: 135258408 ns, Reaching safepoint: 36530 ns, At safepoint: 14643849 ns, Total: 14680379 ns
[2022-06-28T08:20:00.794+0000][6][gc,marking  ] GC(68) Concurrent Mark 146.225ms
[2022-06-28T08:20:00.794+0000][6][gc,marking  ] GC(68) Concurrent Rebuild Remembered Sets
[2022-06-28T08:20:00.867+0000][6][gc,marking  ] GC(68) Concurrent Rebuild Remembered Sets 73.448ms
[2022-06-28T08:20:00.867+0000][6][gc,start    ] GC(68) Pause Cleanup
[2022-06-28T08:20:00.867+0000][6][gc          ] GC(68) Pause Cleanup 91M->91M(256M) 0.050ms
[2022-06-28T08:20:00.867+0000][6][gc,cpu      ] GC(68) User=0.00s Sys=0.00s Real=0.00s
[2022-06-28T08:20:00.867+0000][6][safepoint   ] Safepoint "G1Concurrent", Time since last: 73542162 ns, Reaching safepoint: 23343 ns, At safepoint: 87398 ns, Total: 110741 ns
[2022-06-28T08:20:00.867+0000][6][gc,marking  ] GC(68) Concurrent Cleanup for Next Mark
[2022-06-28T08:20:00.868+0000][6][gc,marking  ] GC(68) Concurrent Cleanup for Next Mark 0.814ms
[2022-06-28T08:20:00.868+0000][6][gc          ] GC(68) Concurrent Mark Cycle 224.432ms
[2022-06-28T08:20:04.868+0000][6][safepoint   ] Safepoint "Cleanup", Time since last: 4000401776 ns, Reaching safepoint: 40816 ns, At safepoint: 4704 ns, Total: 45520 ns
[2022-06-28T08:20:06.868+0000][6][safepoint   ] Safepoint "Cleanup", Time since last: 2000228193 ns, Reaching safepoint: 68352 ns, At safepoint: 5362 ns, Total: 73714 ns
[2022-06-28T08:20:24.870+0000][6][safepoint   ] Safepoint "Cleanup", Time since last: 18001957596 ns, Reaching safepoint: 39443 ns, At safepoint: 4992 ns, Total: 44435 ns
[2022-06-28T08:21:36.878+0000][6][safepoint   ] Safepoint "Cleanup", Time since last: 72007444207 ns, Reaching safepoint: 39797 ns, At safepoint: 4717 ns, Total: 44514 ns
[2022-06-28T08:21:40.878+0000][6][safepoint   ] Safepoint "Cleanup", Time since last: 4000539789 ns, Reaching safepoint: 55264 ns, At safepoint: 7206 ns, Total: 62470 ns
[2022-06-28T08:22:06.881+0000][6][safepoint   ] Safepoint "Cleanup", Time since last: 26002795004 ns, Reaching safepoint: 35931 ns, At safepoint: 4634 ns, Total: 40565 ns
[2022-06-28T08:23:25.828+0000][6][gc,start    ] GC(69) Pause Young (Normal) (G1 Evacuation Pause)
[2022-06-28T08:23:25.828+0000][6][gc,task     ] GC(69) Using 1 workers of 1 for evacuation
[2022-06-28T08:23:25.828+0000][6][gc,age      ] GC(69) Desired survivor size 8388608 bytes, new threshold 15 (max threshold 15)
[2022-06-28T08:23:25.832+0000][6][gc,phases   ] GC(69)   Pre Evacuate Collection Set: 0.0ms
[2022-06-28T08:23:25.832+0000][6][gc,phases   ] GC(69)   Merge Heap Roots: 0.1ms
[2022-06-28T08:23:25.832+0000][6][gc,phases   ] GC(69)   Evacuate Collection Set: 3.1ms
[2022-06-28T08:23:25.832+0000][6][gc,phases   ] GC(69)   Post Evacuate Collection Set: 0.9ms
[2022-06-28T08:23:25.832+0000][6][gc,phases   ] GC(69)   Other: 0.1ms
[2022-06-28T08:23:25.832+0000][6][gc,age      ] GC(69) Age table with threshold 15 (max threshold 15)
[2022-06-28T08:23:25.832+0000][6][gc,age      ] GC(69) - age   1:      83832 bytes,      83832 total
[2022-06-28T08:23:25.832+0000][6][gc,age      ] GC(69) - age   2:       1984 bytes,      85816 total
[2022-06-28T08:23:25.832+0000][6][gc,age      ] GC(69) - age   3:       1112 bytes,      86928 total
[2022-06-28T08:23:25.832+0000][6][gc,age      ] GC(69) - age   4:     299528 bytes,     386456 total
[2022-06-28T08:23:25.832+0000][6][gc,age      ] GC(69) - age   5:       3464 bytes,     389920 total
[2022-06-28T08:23:25.832+0000][6][gc,age      ] GC(69) - age   6:        528 bytes,     390448 total
[2022-06-28T08:23:25.832+0000][6][gc,age      ] GC(69) - age   7:       2176 bytes,     392624 total
[2022-06-28T08:23:25.832+0000][6][gc,age      ] GC(69) - age   8:       2176 bytes,     394800 total
[2022-06-28T08:23:25.832+0000][6][gc,age      ] GC(69) - age   9:        184 bytes,     394984 total
[2022-06-28T08:23:25.832+0000][6][gc,age      ] GC(69) - age  10:       1752 bytes,     396736 total
[2022-06-28T08:23:25.832+0000][6][gc,age      ] GC(69) - age  11:        680 bytes,     397416 total
[2022-06-28T08:23:25.832+0000][6][gc,age      ] GC(69) - age  12:       4232 bytes,     401648 total
[2022-06-28T08:23:25.832+0000][6][gc,age      ] GC(69) - age  13:       1912 bytes,     403560 total
[2022-06-28T08:23:25.832+0000][6][gc,age      ] GC(69) - age  14:       3584 bytes,     407144 total
[2022-06-28T08:23:25.832+0000][6][gc,age      ] GC(69) - age  15:        144 bytes,     407288 total
[2022-06-28T08:23:25.832+0000][6][gc,heap     ] GC(69) Eden regions: 29->0(29)
[2022-06-28T08:23:25.832+0000][6][gc,heap     ] GC(69) Survivor regions: 1->1(4)
[2022-06-28T08:23:25.832+0000][6][gc,heap     ] GC(69) Old regions: 19->19
[2022-06-28T08:23:25.832+0000][6][gc,heap     ] GC(69) Archive regions: 2->2
[2022-06-28T08:23:25.832+0000][6][gc,heap     ] GC(69) Humongous regions: 2->2
[2022-06-28T08:23:25.832+0000][6][gc,metaspace] GC(69) Metaspace: 107500K(111232K)->107500K(111232K) NonClass: 93086K(95040K)->93086K(95040K) Class: 14414K(16192K)->14414K(16192K)
[2022-06-28T08:23:25.832+0000][6][gc          ] GC(69) Pause Young (Normal) (G1 Evacuation Pause) 203M->87M(256M) 4.533ms
[2022-06-28T08:23:25.832+0000][6][gc,cpu      ] GC(69) User=0.00s Sys=0.00s Real=0.00s
[2022-06-28T08:23:25.832+0000][6][safepoint   ] Safepoint "G1CollectForAllocation", Time since last: 78946498671 ns, Reaching safepoint: 25523 ns, At safepoint: 4578830 ns, Total: 4604353 ns
[2022-06-28T08:24:34.839+0000][6][safepoint   ] Safepoint "Cleanup", Time since last: 69007290130 ns, Reaching safepoint: 38412 ns, At safepoint: 5530 ns, Total: 43942 ns
[2022-06-28T08:25:04.843+0000][6][safepoint   ] Safepoint "Cleanup", Time since last: 30003081866 ns, Reaching safepoint: 44053 ns, At safepoint: 5029 ns, Total: 49082 ns
[2022-06-28T08:25:30.845+0000][6][safepoint   ] Safepoint "Cleanup", Time since last: 26002679565 ns, Reaching safepoint: 42397 ns, At safepoint: 5436 ns, Total: 47833 ns
[2022-06-28T08:26:20.851+0000][6][safepoint   ] Safepoint "Cleanup", Time since last: 50005707623 ns, Reaching safepoint: 37248 ns, At safepoint: 4654 ns, Total: 41902 ns
[2022-06-28T08:26:32.852+0000][6][safepoint   ] Safepoint "Cleanup", Time since last: 12001319376 ns, Reaching safepoint: 34743 ns, At safepoint: 4579 ns, Total: 39322 ns
[2022-06-28T08:26:34.853+0000][6][safepoint   ] Safepoint "Cleanup", Time since last: 2000257486 ns, Reaching safepoint: 46332 ns, At safepoint: 5000 ns, Total: 51332 ns
[2022-06-28T08:26:49.009+0000][6][gc,start    ] GC(70) Pause Young (Concurrent Start) (G1 Evacuation Pause)
[2022-06-28T08:26:49.009+0000][6][gc,task     ] GC(70) Using 1 workers of 1 for evacuation
[2022-06-28T08:26:49.009+0000][6][gc,age      ] GC(70) Desired survivor size 8388608 bytes, new threshold 15 (max threshold 15)
[2022-06-28T08:26:49.012+0000][6][gc,phases   ] GC(70)   Pre Evacuate Collection Set: 0.2ms
[2022-06-28T08:26:49.012+0000][6][gc,phases   ] GC(70)   Merge Heap Roots: 0.0ms
[2022-06-28T08:26:49.012+0000][6][gc,phases   ] GC(70)   Evacuate Collection Set: 2.3ms
[2022-06-28T08:26:49.012+0000][6][gc,phases   ] GC(70)   Post Evacuate Collection Set: 0.9ms
[2022-06-28T08:26:49.012+0000][6][gc,phases   ] GC(70)   Other: 0.1ms
[2022-06-28T08:26:49.012+0000][6][gc,age      ] GC(70) Age table with threshold 15 (max threshold 15)
[2022-06-28T08:26:49.012+0000][6][gc,age      ] GC(70) - age   1:      62408 bytes,      62408 total
[2022-06-28T08:26:49.012+0000][6][gc,age      ] GC(70) - age   2:        552 bytes,      62960 total
[2022-06-28T08:26:49.012+0000][6][gc,age      ] GC(70) - age   3:        696 bytes,      63656 total
[2022-06-28T08:26:49.012+0000][6][gc,age      ] GC(70) - age   4:       1112 bytes,      64768 total
[2022-06-28T08:26:49.012+0000][6][gc,age      ] GC(70) - age   5:     298936 bytes,     363704 total
[2022-06-28T08:26:49.012+0000][6][gc,age      ] GC(70) - age   6:       3464 bytes,     367168 total
[2022-06-28T08:26:49.012+0000][6][gc,age      ] GC(70) - age   7:        528 bytes,     367696 total
[2022-06-28T08:26:49.012+0000][6][gc,age      ] GC(70) - age   8:       2176 bytes,     369872 total
[2022-06-28T08:26:49.012+0000][6][gc,age      ] GC(70) - age   9:       2176 bytes,     372048 total
[2022-06-28T08:26:49.012+0000][6][gc,age      ] GC(70) - age  10:        184 bytes,     372232 total
[2022-06-28T08:26:49.012+0000][6][gc,age      ] GC(70) - age  11:       1752 bytes,     373984 total
[2022-06-28T08:26:49.012+0000][6][gc,age      ] GC(70) - age  12:        680 bytes,     374664 total
[2022-06-28T08:26:49.012+0000][6][gc,age      ] GC(70) - age  13:       4232 bytes,     378896 total
[2022-06-28T08:26:49.012+0000][6][gc,age      ] GC(70) - age  14:       1912 bytes,     380808 total
[2022-06-28T08:26:49.012+0000][6][gc,age      ] GC(70) - age  15:       3584 bytes,     384392 total
[2022-06-28T08:26:49.012+0000][6][gc,heap     ] GC(70) Eden regions: 29->0(29)
[2022-06-28T08:26:49.012+0000][6][gc,heap     ] GC(70) Survivor regions: 1->1(4)
[2022-06-28T08:26:49.012+0000][6][gc,heap     ] GC(70) Old regions: 19->19
[2022-06-28T08:26:49.012+0000][6][gc,heap     ] GC(70) Archive regions: 2->2
[2022-06-28T08:26:49.012+0000][6][gc,heap     ] GC(70) Humongous regions: 2->2
[2022-06-28T08:26:49.012+0000][6][gc,metaspace] GC(70) Metaspace: 107503K(111232K)->107503K(111232K) NonClass: 93089K(95040K)->93089K(95040K) Class: 14414K(16192K)->14414K(16192K)
[2022-06-28T08:26:49.012+0000][6][gc          ] GC(70) Pause Young (Concurrent Start) (G1 Evacuation Pause) 203M->87M(256M) 3.845ms
[2022-06-28T08:26:49.012+0000][6][gc,cpu      ] GC(70) User=0.00s Sys=0.00s Real=0.00s
[2022-06-28T08:26:49.012+0000][6][safepoint   ] Safepoint "G1CollectForAllocation", Time since last: 14155770180 ns, Reaching safepoint: 27527 ns, At safepoint: 3899812 ns, Total: 3927339 ns
[2022-06-28T08:26:49.012+0000][6][gc          ] GC(71) Concurrent Mark Cycle
[2022-06-28T08:26:49.012+0000][6][gc,marking  ] GC(71) Concurrent Clear Claimed Marks
[2022-06-28T08:26:49.013+0000][6][gc,marking  ] GC(71) Concurrent Clear Claimed Marks 0.043ms
[2022-06-28T08:26:49.013+0000][6][gc,marking  ] GC(71) Concurrent Scan Root Regions
[2022-06-28T08:26:49.014+0000][6][gc,marking  ] GC(71) Concurrent Scan Root Regions 1.123ms
[2022-06-28T08:26:49.014+0000][6][gc,marking  ] GC(71) Concurrent Mark
[2022-06-28T08:26:49.014+0000][6][gc,marking  ] GC(71) Concurrent Mark From Roots
[2022-06-28T08:26:49.014+0000][6][gc,task     ] GC(71) Using 1 workers of 1 for marking
[2022-06-28T08:26:49.144+0000][6][gc,marking  ] GC(71) Concurrent Mark From Roots 129.930ms
[2022-06-28T08:26:49.144+0000][6][gc,marking  ] GC(71) Concurrent Preclean
[2022-06-28T08:26:49.144+0000][6][gc,marking  ] GC(71) Concurrent Preclean 0.117ms
[2022-06-28T08:26:49.144+0000][6][gc,start    ] GC(71) Pause Remark
[2022-06-28T08:26:49.159+0000][6][gc          ] GC(71) Pause Remark 89M->89M(256M) 15.224ms
[2022-06-28T08:26:49.159+0000][6][gc,cpu      ] GC(71) User=0.02s Sys=0.00s Real=0.02s
[2022-06-28T08:26:49.159+0000][6][safepoint   ] Safepoint "G1Concurrent", Time since last: 131375276 ns, Reaching safepoint: 27058 ns, At safepoint: 15314414 ns, Total: 15341472 ns
[2022-06-28T08:26:49.159+0000][6][gc,marking  ] GC(71) Concurrent Mark 145.496ms
[2022-06-28T08:26:49.159+0000][6][gc,marking  ] GC(71) Concurrent Rebuild Remembered Sets
[2022-06-28T08:26:49.234+0000][6][gc,marking  ] GC(71) Concurrent Rebuild Remembered Sets 74.655ms
[2022-06-28T08:26:49.234+0000][6][gc,start    ] GC(71) Pause Cleanup
[2022-06-28T08:26:49.234+0000][6][gc          ] GC(71) Pause Cleanup 89M->89M(256M) 0.062ms
[2022-06-28T08:26:49.234+0000][6][gc,cpu      ] GC(71) User=0.00s Sys=0.00s Real=0.00s
[2022-06-28T08:26:49.234+0000][6][safepoint   ] Safepoint "G1Concurrent", Time since last: 74749992 ns, Reaching safepoint: 22231 ns, At safepoint: 98746 ns, Total: 120977 ns
[2022-06-28T08:26:49.234+0000][6][gc,marking  ] GC(71) Concurrent Cleanup for Next Mark
[2022-06-28T08:26:49.235+0000][6][gc,marking  ] GC(71) Concurrent Cleanup for Next Mark 0.689ms
[2022-06-28T08:26:49.235+0000][6][gc          ] GC(71) Concurrent Mark Cycle 222.270ms
[2022-06-28T08:29:30.251+0000][6][safepoint   ] Safepoint "Cleanup", Time since last: 161016744252 ns, Reaching safepoint: 35131 ns, At safepoint: 4607 ns, Total: 39738 ns
[2022-06-28T08:29:44.252+0000][6][safepoint   ] Safepoint "Cleanup", Time since last: 14001525073 ns, Reaching safepoint: 30430 ns, At safepoint: 4630 ns, Total: 35060 ns
[2022-06-28T08:30:15.191+0000][6][gc,start    ] GC(72) Pause Young (Normal) (G1 Evacuation Pause)
[2022-06-28T08:30:15.191+0000][6][gc,task     ] GC(72) Using 1 workers of 1 for evacuation
[2022-06-28T08:30:15.191+0000][6][gc,age      ] GC(72) Desired survivor size 8388608 bytes, new threshold 15 (max threshold 15)
[2022-06-28T08:30:15.195+0000][6][gc,phases   ] GC(72)   Pre Evacuate Collection Set: 0.1ms
[2022-06-28T08:30:15.195+0000][6][gc,phases   ] GC(72)   Merge Heap Roots: 0.1ms
[2022-06-28T08:30:15.195+0000][6][gc,phases   ] GC(72)   Evacuate Collection Set: 2.6ms
[2022-06-28T08:30:15.195+0000][6][gc,phases   ] GC(72)   Post Evacuate Collection Set: 1.0ms
[2022-06-28T08:30:15.195+0000][6][gc,phases   ] GC(72)   Other: 0.1ms
[2022-06-28T08:30:15.195+0000][6][gc,age      ] GC(72) Age table with threshold 15 (max threshold 15)
[2022-06-28T08:30:15.195+0000][6][gc,age      ] GC(72) - age   1:      14256 bytes,      14256 total
[2022-06-28T08:30:15.195+0000][6][gc,age      ] GC(72) - age   2:       9912 bytes,      24168 total
[2022-06-28T08:30:15.195+0000][6][gc,age      ] GC(72) - age   3:        552 bytes,      24720 total
[2022-06-28T08:30:15.195+0000][6][gc,age      ] GC(72) - age   4:        696 bytes,      25416 total
[2022-06-28T08:30:15.195+0000][6][gc,age      ] GC(72) - age   5:       1112 bytes,      26528 total
[2022-06-28T08:30:15.195+0000][6][gc,age      ] GC(72) - age   6:     298936 bytes,     325464 total
[2022-06-28T08:30:15.195+0000][6][gc,age      ] GC(72) - age   7:       3464 bytes,     328928 total
[2022-06-28T08:30:15.195+0000][6][gc,age      ] GC(72) - age   8:        528 bytes,     329456 total
[2022-06-28T08:30:15.195+0000][6][gc,age      ] GC(72) - age   9:       2176 bytes,     331632 total
[2022-06-28T08:30:15.195+0000][6][gc,age      ] GC(72) - age  10:       1976 bytes,     333608 total
[2022-06-28T08:30:15.195+0000][6][gc,age      ] GC(72) - age  11:        184 bytes,     333792 total
[2022-06-28T08:30:15.195+0000][6][gc,age      ] GC(72) - age  12:       1752 bytes,     335544 total
[2022-06-28T08:30:15.195+0000][6][gc,age      ] GC(72) - age  13:        680 bytes,     336224 total
[2022-06-28T08:30:15.195+0000][6][gc,age      ] GC(72) - age  14:       4232 bytes,     340456 total
[2022-06-28T08:30:15.195+0000][6][gc,age      ] GC(72) - age  15:       1912 bytes,     342368 total
[2022-06-28T08:30:15.195+0000][6][gc,heap     ] GC(72) Eden regions: 29->0(29)
[2022-06-28T08:30:15.195+0000][6][gc,heap     ] GC(72) Survivor regions: 1->1(4)
[2022-06-28T08:30:15.195+0000][6][gc,heap     ] GC(72) Old regions: 19->19
[2022-06-28T08:30:15.195+0000][6][gc,heap     ] GC(72) Archive regions: 2->2
[2022-06-28T08:30:15.195+0000][6][gc,heap     ] GC(72) Humongous regions: 2->2
[2022-06-28T08:30:15.195+0000][6][gc,metaspace] GC(72) Metaspace: 107503K(111232K)->107503K(111232K) NonClass: 93089K(95040K)->93089K(95040K) Class: 14414K(16192K)->14414K(16192K)
[2022-06-28T08:30:15.195+0000][6][gc          ] GC(72) Pause Young (Normal) (G1 Evacuation Pause) 203M->87M(256M) 3.987ms
[2022-06-28T08:30:15.195+0000][6][gc,cpu      ] GC(72) User=0.00s Sys=0.00s Real=0.01s
[2022-06-28T08:30:15.195+0000][6][safepoint   ] Safepoint "G1CollectForAllocation", Time since last: 30938665225 ns, Reaching safepoint: 27037 ns, At safepoint: 4044368 ns, Total: 4071405 ns
[2022-06-28T08:30:36.197+0000][6][safepoint   ] Safepoint "Cleanup", Time since last: 21001810167 ns, Reaching safepoint: 37859 ns, At safepoint: 4515 ns, Total: 42374 ns
[2022-06-28T08:30:38.197+0000][6][safepoint   ] Safepoint "Cleanup", Time since last: 2000275899 ns, Reaching safepoint: 37300 ns, At safepoint: 4630 ns, Total: 41930 ns
[2022-06-28T08:31:04.200+0000][6][safepoint   ] Safepoint "Cleanup", Time since last: 26003009515 ns, Reaching safepoint: 41672 ns, At safepoint: 4862 ns, Total: 46534 ns
[2022-06-28T08:31:22.202+0000][6][safepoint   ] Safepoint "Cleanup", Time since last: 18001908849 ns, Reaching safepoint: 52179 ns, At safepoint: 4299 ns, Total: 56478 ns
[2022-06-28T08:31:28.203+0000][6][safepoint   ] Safepoint "Cleanup", Time since last: 6000723035 ns, Reaching safepoint: 40251 ns, At safepoint: 4624 ns, Total: 44875 ns
[2022-06-28T08:31:34.204+0000][6][safepoint   ] Safepoint "Cleanup", Time since last: 6000757425 ns, Reaching safepoint: 32752 ns, At safepoint: 4416 ns, Total: 37168 ns
[2022-06-28T08:33:41.381+0000][6][gc,start    ] GC(73) Pause Young (Concurrent Start) (G1 Evacuation Pause)
[2022-06-28T08:33:41.381+0000][6][gc,task     ] GC(73) Using 1 workers of 1 for evacuation
[2022-06-28T08:33:41.381+0000][6][gc,age      ] GC(73) Desired survivor size 8388608 bytes, new threshold 15 (max threshold 15)
[2022-06-28T08:33:41.385+0000][6][gc,phases   ] GC(73)   Pre Evacuate Collection Set: 0.2ms
[2022-06-28T08:33:41.385+0000][6][gc,phases   ] GC(73)   Merge Heap Roots: 0.0ms
[2022-06-28T08:33:41.385+0000][6][gc,phases   ] GC(73)   Evacuate Collection Set: 2.6ms
[2022-06-28T08:33:41.385+0000][6][gc,phases   ] GC(73)   Post Evacuate Collection Set: 0.9ms
[2022-06-28T08:33:41.385+0000][6][gc,phases   ] GC(73)   Other: 0.1ms
[2022-06-28T08:33:41.385+0000][6][gc,age      ] GC(73) Age table with threshold 15 (max threshold 15)
[2022-06-28T08:33:41.385+0000][6][gc,age      ] GC(73) - age   1:      15368 bytes,      15368 total
[2022-06-28T08:33:41.385+0000][6][gc,age      ] GC(73) - age   2:        600 bytes,      15968 total
[2022-06-28T08:33:41.385+0000][6][gc,age      ] GC(73) - age   3:       9912 bytes,      25880 total
[2022-06-28T08:33:41.385+0000][6][gc,age      ] GC(73) - age   4:        552 bytes,      26432 total
[2022-06-28T08:33:41.385+0000][6][gc,age      ] GC(73) - age   5:        696 bytes,      27128 total
[2022-06-28T08:33:41.385+0000][6][gc,age      ] GC(73) - age   6:        912 bytes,      28040 total
[2022-06-28T08:33:41.385+0000][6][gc,age      ] GC(73) - age   7:     298936 bytes,     326976 total
[2022-06-28T08:33:41.385+0000][6][gc,age      ] GC(73) - age   8:       3464 bytes,     330440 total
[2022-06-28T08:33:41.385+0000][6][gc,age      ] GC(73) - age   9:        528 bytes,     330968 total
[2022-06-28T08:33:41.385+0000][6][gc,age      ] GC(73) - age  10:       2176 bytes,     333144 total
[2022-06-28T08:33:41.385+0000][6][gc,age      ] GC(73) - age  11:       1976 bytes,     335120 total
[2022-06-28T08:33:41.385+0000][6][gc,age      ] GC(73) - age  12:        184 bytes,     335304 total
[2022-06-28T08:33:41.385+0000][6][gc,age      ] GC(73) - age  13:       1752 bytes,     337056 total
[2022-06-28T08:33:41.385+0000][6][gc,age      ] GC(73) - age  14:        680 bytes,     337736 total
[2022-06-28T08:33:41.385+0000][6][gc,age      ] GC(73) - age  15:       4232 bytes,     341968 total
[2022-06-28T08:33:41.385+0000][6][gc,heap     ] GC(73) Eden regions: 29->0(29)
[2022-06-28T08:33:41.385+0000][6][gc,heap     ] GC(73) Survivor regions: 1->1(4)
[2022-06-28T08:33:41.385+0000][6][gc,heap     ] GC(73) Old regions: 19->19
[2022-06-28T08:33:41.385+0000][6][gc,heap     ] GC(73) Archive regions: 2->2
[2022-06-28T08:33:41.385+0000][6][gc,heap     ] GC(73) Humongous regions: 2->2
[2022-06-28T08:33:41.385+0000][6][gc,metaspace] GC(73) Metaspace: 107511K(111232K)->107511K(111232K) NonClass: 93097K(95040K)->93097K(95040K) Class: 14414K(16192K)->14414K(16192K)
[2022-06-28T08:33:41.385+0000][6][gc          ] GC(73) Pause Young (Concurrent Start) (G1 Evacuation Pause) 203M->87M(256M) 4.100ms
[2022-06-28T08:33:41.385+0000][6][gc,cpu      ] GC(73) User=0.00s Sys=0.00s Real=0.00s
[2022-06-28T08:33:41.385+0000][6][safepoint   ] Safepoint "G1CollectForAllocation", Time since last: 127176721251 ns, Reaching safepoint: 36546 ns, At safepoint: 4149513 ns, Total: 4186059 ns
[2022-06-28T08:33:41.385+0000][6][gc          ] GC(74) Concurrent Mark Cycle
[2022-06-28T08:33:41.385+0000][6][gc,marking  ] GC(74) Concurrent Clear Claimed Marks
[2022-06-28T08:33:41.385+0000][6][gc,marking  ] GC(74) Concurrent Clear Claimed Marks 0.041ms
[2022-06-28T08:33:41.385+0000][6][gc,marking  ] GC(74) Concurrent Scan Root Regions
[2022-06-28T08:33:41.386+0000][6][gc,marking  ] GC(74) Concurrent Scan Root Regions 1.322ms
[2022-06-28T08:33:41.386+0000][6][gc,marking  ] GC(74) Concurrent Mark
[2022-06-28T08:33:41.386+0000][6][gc,marking  ] GC(74) Concurrent Mark From Roots
[2022-06-28T08:33:41.386+0000][6][gc,task     ] GC(74) Using 1 workers of 1 for marking
[2022-06-28T08:33:41.518+0000][6][gc,marking  ] GC(74) Concurrent Mark From Roots 131.389ms
[2022-06-28T08:33:41.518+0000][6][gc,marking  ] GC(74) Concurrent Preclean
[2022-06-28T08:33:41.518+0000][6][gc,marking  ] GC(74) Concurrent Preclean 0.111ms
[2022-06-28T08:33:41.518+0000][6][gc,start    ] GC(74) Pause Remark
[2022-06-28T08:33:41.532+0000][6][gc          ] GC(74) Pause Remark 89M->89M(256M) 14.135ms
[2022-06-28T08:33:41.532+0000][6][gc,cpu      ] GC(74) User=0.02s Sys=0.00s Real=0.01s
[2022-06-28T08:33:41.532+0000][6][safepoint   ] Safepoint "G1Concurrent", Time since last: 133020253 ns, Reaching safepoint: 26612 ns, At safepoint: 14195558 ns, Total: 14222170 ns
[2022-06-28T08:33:41.532+0000][6][gc,marking  ] GC(74) Concurrent Mark 145.824ms
[2022-06-28T08:33:41.532+0000][6][gc,marking  ] GC(74) Concurrent Rebuild Remembered Sets
[2022-06-28T08:33:41.606+0000][6][gc,marking  ] GC(74) Concurrent Rebuild Remembered Sets 73.950ms
[2022-06-28T08:33:41.606+0000][6][gc,start    ] GC(74) Pause Cleanup
[2022-06-28T08:33:41.606+0000][6][gc          ] GC(74) Pause Cleanup 89M->89M(256M) 0.050ms
[2022-06-28T08:33:41.606+0000][6][gc,cpu      ] GC(74) User=0.00s Sys=0.00s Real=0.00s
[2022-06-28T08:33:41.606+0000][6][safepoint   ] Safepoint "G1Concurrent", Time since last: 74042675 ns, Reaching safepoint: 22886 ns, At safepoint: 85912 ns, Total: 108798 ns
[2022-06-28T08:33:41.606+0000][6][gc,marking  ] GC(74) Concurrent Cleanup for Next Mark
[2022-06-28T08:33:41.607+0000][6][gc,marking  ] GC(74) Concurrent Cleanup for Next Mark 0.663ms
[2022-06-28T08:33:41.607+0000][6][gc          ] GC(74) Concurrent Mark Cycle 222.060ms
[2022-06-28T08:34:06.388+0000][6][safepoint   ] Safepoint "Cleanup", Time since last: 24781955847 ns, Reaching safepoint: 44519 ns, At safepoint: 4681 ns, Total: 49200 ns
[2022-06-28T08:34:36.391+0000][6][safepoint   ] Safepoint "Cleanup", Time since last: 30003180639 ns, Reaching safepoint: 36047 ns, At safepoint: 4876 ns, Total: 40923 ns
[2022-06-28T08:36:35.404+0000][6][safepoint   ] Safepoint "Cleanup", Time since last: 119012874799 ns, Reaching safepoint: 42400 ns, At safepoint: 4616 ns, Total: 47016 ns
[2022-06-28T08:36:36.405+0000][6][safepoint   ] Safepoint "Cleanup", Time since last: 1000171340 ns, Reaching safepoint: 36177 ns, At safepoint: 5503 ns, Total: 41680 ns
[2022-06-28T08:37:06.553+0000][6][gc,start    ] GC(75) Pause Young (Normal) (G1 Evacuation Pause)
[2022-06-28T08:37:06.553+0000][6][gc,task     ] GC(75) Using 1 workers of 1 for evacuation
[2022-06-28T08:37:06.553+0000][6][gc,age      ] GC(75) Desired survivor size 8388608 bytes, new threshold 15 (max threshold 15)
[2022-06-28T08:37:06.557+0000][6][gc,phases   ] GC(75)   Pre Evacuate Collection Set: 0.0ms
[2022-06-28T08:37:06.557+0000][6][gc,phases   ] GC(75)   Merge Heap Roots: 0.1ms
[2022-06-28T08:37:06.557+0000][6][gc,phases   ] GC(75)   Evacuate Collection Set: 2.6ms
[2022-06-28T08:37:06.557+0000][6][gc,phases   ] GC(75)   Post Evacuate Collection Set: 0.9ms
[2022-06-28T08:37:06.557+0000][6][gc,phases   ] GC(75)   Other: 0.1ms
[2022-06-28T08:37:06.557+0000][6][gc,age      ] GC(75) Age table with threshold 15 (max threshold 15)
[2022-06-28T08:37:06.557+0000][6][gc,age      ] GC(75) - age   1:      54856 bytes,      54856 total
[2022-06-28T08:37:06.557+0000][6][gc,age      ] GC(75) - age   2:       1120 bytes,      55976 total
[2022-06-28T08:37:06.557+0000][6][gc,age      ] GC(75) - age   3:        600 bytes,      56576 total
[2022-06-28T08:37:06.557+0000][6][gc,age      ] GC(75) - age   4:       8424 bytes,      65000 total
[2022-06-28T08:37:06.557+0000][6][gc,age      ] GC(75) - age   5:        552 bytes,      65552 total
[2022-06-28T08:37:06.557+0000][6][gc,age      ] GC(75) - age   6:        696 bytes,      66248 total
[2022-06-28T08:37:06.557+0000][6][gc,age      ] GC(75) - age   7:        912 bytes,      67160 total
[2022-06-28T08:37:06.557+0000][6][gc,age      ] GC(75) - age   8:     298936 bytes,     366096 total
[2022-06-28T08:37:06.557+0000][6][gc,age      ] GC(75) - age   9:       3464 bytes,     369560 total
[2022-06-28T08:37:06.557+0000][6][gc,age      ] GC(75) - age  10:        528 bytes,     370088 total
[2022-06-28T08:37:06.557+0000][6][gc,age      ] GC(75) - age  11:       2176 bytes,     372264 total
[2022-06-28T08:37:06.557+0000][6][gc,age      ] GC(75) - age  12:       1976 bytes,     374240 total
[2022-06-28T08:37:06.557+0000][6][gc,age      ] GC(75) - age  13:        184 bytes,     374424 total
[2022-06-28T08:37:06.557+0000][6][gc,age      ] GC(75) - age  14:       1752 bytes,     376176 total
[2022-06-28T08:37:06.557+0000][6][gc,age      ] GC(75) - age  15:        680 bytes,     376856 total
[2022-06-28T08:37:06.557+0000][6][gc,heap     ] GC(75) Eden regions: 29->0(29)
[2022-06-28T08:37:06.557+0000][6][gc,heap     ] GC(75) Survivor regions: 1->1(4)
[2022-06-28T08:37:06.557+0000][6][gc,heap     ] GC(75) Old regions: 19->19
[2022-06-28T08:37:06.557+0000][6][gc,heap     ] GC(75) Archive regions: 2->2
[2022-06-28T08:37:06.557+0000][6][gc,heap     ] GC(75) Humongous regions: 2->2
[2022-06-28T08:37:06.557+0000][6][gc,metaspace] GC(75) Metaspace: 107515K(111232K)->107515K(111232K) NonClass: 93100K(95040K)->93100K(95040K) Class: 14414K(16192K)->14414K(16192K)
[2022-06-28T08:37:06.557+0000][6][gc          ] GC(75) Pause Young (Normal) (G1 Evacuation Pause) 203M->87M(256M) 3.986ms
[2022-06-28T08:37:06.557+0000][6][gc,cpu      ] GC(75) User=0.00s Sys=0.00s Real=0.01s
[2022-06-28T08:37:06.557+0000][6][safepoint   ] Safepoint "G1CollectForAllocation", Time since last: 30148860192 ns, Reaching safepoint: 23895 ns, At safepoint: 4029575 ns, Total: 4053470 ns
[2022-06-28T08:38:04.563+0000][6][safepoint   ] Safepoint "Cleanup", Time since last: 58005810955 ns, Reaching safepoint: 40987 ns, At safepoint: 4840 ns, Total: 45827 ns
[2022-06-28T08:38:34.566+0000][6][safepoint   ] Safepoint "Cleanup", Time since last: 30003143041 ns, Reaching safepoint: 44269 ns, At safepoint: 6427 ns, Total: 50696 ns
[2022-06-28T08:40:04.576+0000][6][safepoint   ] Safepoint "Cleanup", Time since last: 90009180920 ns, Reaching safepoint: 58509 ns, At safepoint: 9707 ns, Total: 68216 ns
[2022-06-28T08:40:20.577+0000][6][safepoint   ] Safepoint "Cleanup", Time since last: 16001718426 ns, Reaching safepoint: 37053 ns, At safepoint: 26775 ns, Total: 63828 ns
[2022-06-28T08:40:32.720+0000][6][gc,start    ] GC(76) Pause Young (Concurrent Start) (G1 Evacuation Pause)
[2022-06-28T08:40:32.720+0000][6][gc,task     ] GC(76) Using 1 workers of 1 for evacuation
[2022-06-28T08:40:32.720+0000][6][gc,age      ] GC(76) Desired survivor size 8388608 bytes, new threshold 15 (max threshold 15)
[2022-06-28T08:40:32.723+0000][6][gc,phases   ] GC(76)   Pre Evacuate Collection Set: 0.2ms
[2022-06-28T08:40:32.723+0000][6][gc,phases   ] GC(76)   Merge Heap Roots: 0.0ms
[2022-06-28T08:40:32.723+0000][6][gc,phases   ] GC(76)   Evacuate Collection Set: 2.2ms
[2022-06-28T08:40:32.723+0000][6][gc,phases   ] GC(76)   Post Evacuate Collection Set: 1.0ms
[2022-06-28T08:40:32.723+0000][6][gc,phases   ] GC(76)   Other: 0.1ms
[2022-06-28T08:40:32.723+0000][6][gc,age      ] GC(76) Age table with threshold 15 (max threshold 15)
[2022-06-28T08:40:32.724+0000][6][gc,age      ] GC(76) - age   1:      13952 bytes,      13952 total
[2022-06-28T08:40:32.724+0000][6][gc,age      ] GC(76) - age   2:       1544 bytes,      15496 total
[2022-06-28T08:40:32.724+0000][6][gc,age      ] GC(76) - age   3:       1120 bytes,      16616 total
[2022-06-28T08:40:32.724+0000][6][gc,age      ] GC(76) - age   4:        600 bytes,      17216 total
[2022-06-28T08:40:32.724+0000][6][gc,age      ] GC(76) - age   5:       8424 bytes,      25640 total
[2022-06-28T08:40:32.724+0000][6][gc,age      ] GC(76) - age   6:        552 bytes,      26192 total
[2022-06-28T08:40:32.724+0000][6][gc,age      ] GC(76) - age   7:        696 bytes,      26888 total
[2022-06-28T08:40:32.724+0000][6][gc,age      ] GC(76) - age   8:        912 bytes,      27800 total
[2022-06-28T08:40:32.724+0000][6][gc,age      ] GC(76) - age   9:     298936 bytes,     326736 total
[2022-06-28T08:40:32.724+0000][6][gc,age      ] GC(76) - age  10:       3264 bytes,     330000 total
[2022-06-28T08:40:32.724+0000][6][gc,age      ] GC(76) - age  11:        528 bytes,     330528 total
[2022-06-28T08:40:32.724+0000][6][gc,age      ] GC(76) - age  12:       2176 bytes,     332704 total
[2022-06-28T08:40:32.724+0000][6][gc,age      ] GC(76) - age  13:       1976 bytes,     334680 total
[2022-06-28T08:40:32.724+0000][6][gc,age      ] GC(76) - age  14:        184 bytes,     334864 total
[2022-06-28T08:40:32.724+0000][6][gc,age      ] GC(76) - age  15:       1752 bytes,     336616 total
[2022-06-28T08:40:32.724+0000][6][gc,heap     ] GC(76) Eden regions: 29->0(29)
[2022-06-28T08:40:32.724+0000][6][gc,heap     ] GC(76) Survivor regions: 1->1(4)
[2022-06-28T08:40:32.724+0000][6][gc,heap     ] GC(76) Old regions: 19->19
[2022-06-28T08:40:32.724+0000][6][gc,heap     ] GC(76) Archive regions: 2->2
[2022-06-28T08:40:32.724+0000][6][gc,heap     ] GC(76) Humongous regions: 2->2
[2022-06-28T08:40:32.724+0000][6][gc,metaspace] GC(76) Metaspace: 107570K(111232K)->107570K(111232K) NonClass: 93156K(95040K)->93156K(95040K) Class: 14414K(16192K)->14414K(16192K)
[2022-06-28T08:40:32.724+0000][6][gc          ] GC(76) Pause Young (Concurrent Start) (G1 Evacuation Pause) 203M->87M(256M) 3.787ms
[2022-06-28T08:40:32.724+0000][6][gc,cpu      ] GC(76) User=0.00s Sys=0.01s Real=0.00s
[2022-06-28T08:40:32.724+0000][6][safepoint   ] Safepoint "G1CollectForAllocation", Time since last: 12142193613 ns, Reaching safepoint: 152506 ns, At safepoint: 3839111 ns, Total: 3991617 ns
[2022-06-28T08:40:32.724+0000][6][gc          ] GC(77) Concurrent Mark Cycle
[2022-06-28T08:40:32.724+0000][6][gc,marking  ] GC(77) Concurrent Clear Claimed Marks
[2022-06-28T08:40:32.724+0000][6][gc,marking  ] GC(77) Concurrent Clear Claimed Marks 0.041ms
[2022-06-28T08:40:32.724+0000][6][gc,marking  ] GC(77) Concurrent Scan Root Regions
[2022-06-28T08:40:32.725+0000][6][gc,marking  ] GC(77) Concurrent Scan Root Regions 1.149ms
[2022-06-28T08:40:32.725+0000][6][gc,marking  ] GC(77) Concurrent Mark
[2022-06-28T08:40:32.725+0000][6][gc,marking  ] GC(77) Concurrent Mark From Roots
[2022-06-28T08:40:32.725+0000][6][gc,task     ] GC(77) Using 1 workers of 1 for marking
[2022-06-28T08:40:32.844+0000][6][gc,marking  ] GC(77) Concurrent Mark From Roots 118.919ms
[2022-06-28T08:40:32.844+0000][6][gc,marking  ] GC(77) Concurrent Preclean
[2022-06-28T08:40:32.844+0000][6][gc,marking  ] GC(77) Concurrent Preclean 0.106ms
[2022-06-28T08:40:32.844+0000][6][gc,start    ] GC(77) Pause Remark
[2022-06-28T08:40:32.858+0000][6][gc          ] GC(77) Pause Remark 88M->88M(256M) 13.912ms
[2022-06-28T08:40:32.858+0000][6][gc,cpu      ] GC(77) User=0.02s Sys=0.00s Real=0.02s
[2022-06-28T08:40:32.858+0000][6][safepoint   ] Safepoint "G1Concurrent", Time since last: 120387666 ns, Reaching safepoint: 38718 ns, At safepoint: 13970199 ns, Total: 14008917 ns
[2022-06-28T08:40:32.858+0000][6][gc,marking  ] GC(77) Concurrent Mark 133.160ms
[2022-06-28T08:40:32.858+0000][6][gc,marking  ] GC(77) Concurrent Rebuild Remembered Sets
[2022-06-28T08:40:32.928+0000][6][gc,marking  ] GC(77) Concurrent Rebuild Remembered Sets 69.505ms
[2022-06-28T08:40:32.928+0000][6][gc,start    ] GC(77) Pause Cleanup
[2022-06-28T08:40:32.928+0000][6][gc          ] GC(77) Pause Cleanup 88M->88M(256M) 0.050ms
[2022-06-28T08:40:32.928+0000][6][gc,cpu      ] GC(77) User=0.00s Sys=0.00s Real=0.00s
[2022-06-28T08:40:32.928+0000][6][safepoint   ] Safepoint "G1Concurrent", Time since last: 69629822 ns, Reaching safepoint: 23561 ns, At safepoint: 98420 ns, Total: 121981 ns
[2022-06-28T08:40:32.928+0000][6][gc,marking  ] GC(77) Concurrent Cleanup for Next Mark
[2022-06-28T08:40:32.929+0000][6][gc,marking  ] GC(77) Concurrent Cleanup for Next Mark 0.689ms
[2022-06-28T08:40:32.929+0000][6][gc          ] GC(77) Concurrent Mark Cycle 204.832ms
[2022-06-28T08:43:30.874+0000][6][safepoint   ] Safepoint "Cleanup", Time since last: 177946235690 ns, Reaching safepoint: 37127 ns, At safepoint: 5087 ns, Total: 42214 ns
[2022-06-28T08:43:34.875+0000][6][safepoint   ] Safepoint "Cleanup", Time since last: 4000471293 ns, Reaching safepoint: 33857 ns, At safepoint: 5127 ns, Total: 38984 ns
[2022-06-28T08:44:00.449+0000][6][gc,start    ] GC(78) Pause Young (Normal) (G1 Evacuation Pause)
[2022-06-28T08:44:00.449+0000][6][gc,task     ] GC(78) Using 1 workers of 1 for evacuation
[2022-06-28T08:44:00.449+0000][6][gc,age      ] GC(78) Desired survivor size 8388608 bytes, new threshold 15 (max threshold 15)
[2022-06-28T08:44:00.453+0000][6][gc,phases   ] GC(78)   Pre Evacuate Collection Set: 0.1ms
[2022-06-28T08:44:00.453+0000][6][gc,phases   ] GC(78)   Merge Heap Roots: 0.1ms
[2022-06-28T08:44:00.453+0000][6][gc,phases   ] GC(78)   Evacuate Collection Set: 2.6ms
[2022-06-28T08:44:00.453+0000][6][gc,phases   ] GC(78)   Post Evacuate Collection Set: 0.9ms
[2022-06-28T08:44:00.453+0000][6][gc,phases   ] GC(78)   Other: 0.1ms
[2022-06-28T08:44:00.453+0000][6][gc,age      ] GC(78) Age table with threshold 15 (max threshold 15)
[2022-06-28T08:44:00.453+0000][6][gc,age      ] GC(78) - age   1:      14608 bytes,      14608 total
[2022-06-28T08:44:00.453+0000][6][gc,age      ] GC(78) - age   2:       1280 bytes,      15888 total
[2022-06-28T08:44:00.453+0000][6][gc,age      ] GC(78) - age   3:       1544 bytes,      17432 total
[2022-06-28T08:44:00.453+0000][6][gc,age      ] GC(78) - age   4:       1120 bytes,      18552 total
[2022-06-28T08:44:00.453+0000][6][gc,age      ] GC(78) - age   5:        600 bytes,      19152 total
[2022-06-28T08:44:00.453+0000][6][gc,age      ] GC(78) - age   6:       7832 bytes,      26984 total
[2022-06-28T08:44:00.453+0000][6][gc,age      ] GC(78) - age   7:        552 bytes,      27536 total
[2022-06-28T08:44:00.453+0000][6][gc,age      ] GC(78) - age   8:        696 bytes,      28232 total
[2022-06-28T08:44:00.453+0000][6][gc,age      ] GC(78) - age   9:        912 bytes,      29144 total
[2022-06-28T08:44:00.453+0000][6][gc,age      ] GC(78) - age  10:     298936 bytes,     328080 total
[2022-06-28T08:44:00.453+0000][6][gc,age      ] GC(78) - age  11:       3264 bytes,     331344 total
[2022-06-28T08:44:00.453+0000][6][gc,age      ] GC(78) - age  12:        528 bytes,     331872 total
[2022-06-28T08:44:00.453+0000][6][gc,age      ] GC(78) - age  13:       2176 bytes,     334048 total
[2022-06-28T08:44:00.453+0000][6][gc,age      ] GC(78) - age  14:       1976 bytes,     336024 total
[2022-06-28T08:44:00.453+0000][6][gc,age      ] GC(78) - age  15:        184 bytes,     336208 total
[2022-06-28T08:44:00.453+0000][6][gc,heap     ] GC(78) Eden regions: 29->0(29)
[2022-06-28T08:44:00.453+0000][6][gc,heap     ] GC(78) Survivor regions: 1->1(4)
[2022-06-28T08:44:00.453+0000][6][gc,heap     ] GC(78) Old regions: 19->19
[2022-06-28T08:44:00.453+0000][6][gc,heap     ] GC(78) Archive regions: 2->2
[2022-06-28T08:44:00.453+0000][6][gc,heap     ] GC(78) Humongous regions: 2->2
[2022-06-28T08:44:00.453+0000][6][gc,metaspace] GC(78) Metaspace: 107594K(111232K)->107594K(111232K) NonClass: 93180K(95040K)->93180K(95040K) Class: 14414K(16192K)->14414K(16192K)
[2022-06-28T08:44:00.453+0000][6][gc          ] GC(78) Pause Young (Normal) (G1 Evacuation Pause) 203M->87M(256M) 3.973ms
[2022-06-28T08:44:00.453+0000][6][gc,cpu      ] GC(78) User=0.00s Sys=0.00s Real=0.00s
[2022-06-28T08:44:00.453+0000][6][safepoint   ] Safepoint "G1CollectForAllocation", Time since last: 25574493736 ns, Reaching safepoint: 154271 ns, At safepoint: 4019333 ns, Total: 4173604 ns
[2022-06-28T08:45:52.465+0000][6][safepoint   ] Safepoint "Cleanup", Time since last: 112011607674 ns, Reaching safepoint: 40169 ns, At safepoint: 4681 ns, Total: 44850 ns
[2022-06-28T08:46:34.470+0000][6][safepoint   ] Safepoint "Cleanup", Time since last: 42004688738 ns, Reaching safepoint: 38483 ns, At safepoint: 4650 ns, Total: 43133 ns
[2022-06-28T08:46:35.470+0000][6][safepoint   ] Safepoint "Cleanup", Time since last: 1000174645 ns, Reaching safepoint: 74994 ns, At safepoint: 4920 ns, Total: 79914 ns
[2022-06-28T08:47:23.992+0000][6][gc,start    ] GC(79) Pause Young (Concurrent Start) (G1 Evacuation Pause)
[2022-06-28T08:47:23.992+0000][6][gc,task     ] GC(79) Using 1 workers of 1 for evacuation
[2022-06-28T08:47:23.992+0000][6][gc,age      ] GC(79) Desired survivor size 8388608 bytes, new threshold 15 (max threshold 15)
[2022-06-28T08:47:23.996+0000][6][gc,phases   ] GC(79)   Pre Evacuate Collection Set: 0.2ms
[2022-06-28T08:47:23.996+0000][6][gc,phases   ] GC(79)   Merge Heap Roots: 0.0ms
[2022-06-28T08:47:23.996+0000][6][gc,phases   ] GC(79)   Evacuate Collection Set: 2.4ms
[2022-06-28T08:47:23.996+0000][6][gc,phases   ] GC(79)   Post Evacuate Collection Set: 0.9ms
[2022-06-28T08:47:23.996+0000][6][gc,phases   ] GC(79)   Other: 0.1ms
[2022-06-28T08:47:23.996+0000][6][gc,age      ] GC(79) Age table with threshold 15 (max threshold 15)
[2022-06-28T08:47:23.996+0000][6][gc,age      ] GC(79) - age   1:      53376 bytes,      53376 total
[2022-06-28T08:47:23.996+0000][6][gc,age      ] GC(79) - age   2:       1968 bytes,      55344 total
[2022-06-28T08:47:23.996+0000][6][gc,age      ] GC(79) - age   3:       1280 bytes,      56624 total
[2022-06-28T08:47:23.996+0000][6][gc,age      ] GC(79) - age   4:        288 bytes,      56912 total
[2022-06-28T08:47:23.996+0000][6][gc,age      ] GC(79) - age   5:       1120 bytes,      58032 total
[2022-06-28T08:47:23.996+0000][6][gc,age      ] GC(79) - age   6:        600 bytes,      58632 total
[2022-06-28T08:47:23.996+0000][6][gc,age      ] GC(79) - age   7:       7832 bytes,      66464 total
[2022-06-28T08:47:23.996+0000][6][gc,age      ] GC(79) - age   8:        352 bytes,      66816 total
[2022-06-28T08:47:23.996+0000][6][gc,age      ] GC(79) - age   9:        696 bytes,      67512 total
[2022-06-28T08:47:23.996+0000][6][gc,age      ] GC(79) - age  10:        912 bytes,      68424 total
[2022-06-28T08:47:23.996+0000][6][gc,age      ] GC(79) - age  11:     298936 bytes,     367360 total
[2022-06-28T08:47:23.996+0000][6][gc,age      ] GC(79) - age  12:       3264 bytes,     370624 total
[2022-06-28T08:47:23.996+0000][6][gc,age      ] GC(79) - age  13:        528 bytes,     371152 total
[2022-06-28T08:47:23.996+0000][6][gc,age      ] GC(79) - age  14:       2176 bytes,     373328 total
[2022-06-28T08:47:23.996+0000][6][gc,age      ] GC(79) - age  15:       1976 bytes,     375304 total
[2022-06-28T08:47:23.996+0000][6][gc,heap     ] GC(79) Eden regions: 29->0(29)
[2022-06-28T08:47:23.996+0000][6][gc,heap     ] GC(79) Survivor regions: 1->1(4)
[2022-06-28T08:47:23.996+0000][6][gc,heap     ] GC(79) Old regions: 19->19
[2022-06-28T08:47:23.996+0000][6][gc,heap     ] GC(79) Archive regions: 2->2
[2022-06-28T08:47:23.996+0000][6][gc,heap     ] GC(79) Humongous regions: 2->2
[2022-06-28T08:47:23.996+0000][6][gc,metaspace] GC(79) Metaspace: 107602K(111232K)->107602K(111232K) NonClass: 93187K(95040K)->93187K(95040K) Class: 14414K(16192K)->14414K(16192K)
[2022-06-28T08:47:23.996+0000][6][gc          ] GC(79) Pause Young (Concurrent Start) (G1 Evacuation Pause) 203M->87M(256M) 3.870ms
[2022-06-28T08:47:23.996+0000][6][gc,cpu      ] GC(79) User=0.00s Sys=0.00s Real=0.01s
[2022-06-28T08:47:23.996+0000][6][safepoint   ] Safepoint "G1CollectForAllocation", Time since last: 48522058858 ns, Reaching safepoint: 27518 ns, At safepoint: 3938744 ns, Total: 3966262 ns
[2022-06-28T08:47:23.996+0000][6][gc          ] GC(80) Concurrent Mark Cycle
[2022-06-28T08:47:23.996+0000][6][gc,marking  ] GC(80) Concurrent Clear Claimed Marks
[2022-06-28T08:47:23.996+0000][6][gc,marking  ] GC(80) Concurrent Clear Claimed Marks 0.040ms
[2022-06-28T08:47:23.996+0000][6][gc,marking  ] GC(80) Concurrent Scan Root Regions
[2022-06-28T08:47:23.997+0000][6][gc,marking  ] GC(80) Concurrent Scan Root Regions 1.126ms
[2022-06-28T08:47:23.997+0000][6][gc,marking  ] GC(80) Concurrent Mark
[2022-06-28T08:47:23.997+0000][6][gc,marking  ] GC(80) Concurrent Mark From Roots
[2022-06-28T08:47:23.997+0000][6][gc,task     ] GC(80) Using 1 workers of 1 for marking
[2022-06-28T08:47:24.115+0000][6][gc,marking  ] GC(80) Concurrent Mark From Roots 117.944ms
[2022-06-28T08:47:24.115+0000][6][gc,marking  ] GC(80) Concurrent Preclean
[2022-06-28T08:47:24.115+0000][6][gc,marking  ] GC(80) Concurrent Preclean 0.119ms
[2022-06-28T08:47:24.115+0000][6][gc,start    ] GC(80) Pause Remark
[2022-06-28T08:47:24.129+0000][6][gc          ] GC(80) Pause Remark 89M->89M(256M) 13.526ms
[2022-06-28T08:47:24.129+0000][6][gc,cpu      ] GC(80) User=0.01s Sys=0.00s Real=0.01s
[2022-06-28T08:47:24.129+0000][6][safepoint   ] Safepoint "G1Concurrent", Time since last: 119367778 ns, Reaching safepoint: 26794 ns, At safepoint: 13586635 ns, Total: 13613429 ns
[2022-06-28T08:47:24.129+0000][6][gc,marking  ] GC(80) Concurrent Mark 131.784ms
[2022-06-28T08:47:24.129+0000][6][gc,marking  ] GC(80) Concurrent Rebuild Remembered Sets
[2022-06-28T08:47:24.197+0000][6][gc,marking  ] GC(80) Concurrent Rebuild Remembered Sets 67.927ms
[2022-06-28T08:47:24.197+0000][6][gc,start    ] GC(80) Pause Cleanup
[2022-06-28T08:47:24.197+0000][6][gc          ] GC(80) Pause Cleanup 89M->89M(256M) 0.049ms
[2022-06-28T08:47:24.197+0000][6][gc,cpu      ] GC(80) User=0.00s Sys=0.00s Real=0.00s
[2022-06-28T08:47:24.197+0000][6][safepoint   ] Safepoint "G1Concurrent", Time since last: 68020401 ns, Reaching safepoint: 23290 ns, At safepoint: 84811 ns, Total: 108101 ns
[2022-06-28T08:47:24.197+0000][6][gc,marking  ] GC(80) Concurrent Cleanup for Next Mark
[2022-06-28T08:47:24.198+0000][6][gc,marking  ] GC(80) Concurrent Cleanup for Next Mark 0.656ms
[2022-06-28T08:47:24.198+0000][6][gc          ] GC(80) Concurrent Mark Cycle 201.783ms
[2022-06-28T08:49:35.211+0000][6][safepoint   ] Safepoint "Cleanup", Time since last: 131013941064 ns, Reaching safepoint: 56091 ns, At safepoint: 9393 ns, Total: 65484 ns
[2022-06-28T08:50:35.218+0000][6][safepoint   ] Safepoint "Cleanup", Time since last: 60007208839 ns, Reaching safepoint: 35830 ns, At safepoint: 4750 ns, Total: 40580 ns
[2022-06-28T08:50:49.203+0000][6][gc,start    ] GC(81) Pause Young (Normal) (G1 Evacuation Pause)
[2022-06-28T08:50:49.203+0000][6][gc,task     ] GC(81) Using 1 workers of 1 for evacuation
[2022-06-28T08:50:49.203+0000][6][gc,age      ] GC(81) Desired survivor size 8388608 bytes, new threshold 15 (max threshold 15)
[2022-06-28T08:50:49.208+0000][6][gc,phases   ] GC(81)   Pre Evacuate Collection Set: 0.0ms
[2022-06-28T08:50:49.208+0000][6][gc,phases   ] GC(81)   Merge Heap Roots: 0.1ms
[2022-06-28T08:50:49.208+0000][6][gc,phases   ] GC(81)   Evacuate Collection Set: 3.0ms
[2022-06-28T08:50:49.208+0000][6][gc,phases   ] GC(81)   Post Evacuate Collection Set: 1.2ms
[2022-06-28T08:50:49.208+0000][6][gc,phases   ] GC(81)   Other: 0.1ms
[2022-06-28T08:50:49.208+0000][6][gc,age      ] GC(81) Age table with threshold 15 (max threshold 15)
[2022-06-28T08:50:49.208+0000][6][gc,age      ] GC(81) - age   1:      84488 bytes,      84488 total
[2022-06-28T08:50:49.208+0000][6][gc,age      ] GC(81) - age   2:       1352 bytes,      85840 total
[2022-06-28T08:50:49.208+0000][6][gc,age      ] GC(81) - age   3:       1968 bytes,      87808 total
[2022-06-28T08:50:49.208+0000][6][gc,age      ] GC(81) - age   4:       1280 bytes,      89088 total
[2022-06-28T08:50:49.208+0000][6][gc,age      ] GC(81) - age   5:        288 bytes,      89376 total
[2022-06-28T08:50:49.208+0000][6][gc,age      ] GC(81) - age   6:       1120 bytes,      90496 total
[2022-06-28T08:50:49.208+0000][6][gc,age      ] GC(81) - age   7:        600 bytes,      91096 total
[2022-06-28T08:50:49.208+0000][6][gc,age      ] GC(81) - age   8:       7832 bytes,      98928 total
[2022-06-28T08:50:49.208+0000][6][gc,age      ] GC(81) - age   9:        352 bytes,      99280 total
[2022-06-28T08:50:49.208+0000][6][gc,age      ] GC(81) - age  10:        696 bytes,      99976 total
[2022-06-28T08:50:49.208+0000][6][gc,age      ] GC(81) - age  11:        912 bytes,     100888 total
[2022-06-28T08:50:49.208+0000][6][gc,age      ] GC(81) - age  12:     298936 bytes,     399824 total
[2022-06-28T08:50:49.208+0000][6][gc,age      ] GC(81) - age  13:       3264 bytes,     403088 total
[2022-06-28T08:50:49.208+0000][6][gc,age      ] GC(81) - age  14:        528 bytes,     403616 total
[2022-06-28T08:50:49.208+0000][6][gc,age      ] GC(81) - age  15:       2176 bytes,     405792 total
[2022-06-28T08:50:49.208+0000][6][gc,heap     ] GC(81) Eden regions: 29->0(29)
[2022-06-28T08:50:49.208+0000][6][gc,heap     ] GC(81) Survivor regions: 1->1(4)
[2022-06-28T08:50:49.208+0000][6][gc,heap     ] GC(81) Old regions: 19->19
[2022-06-28T08:50:49.208+0000][6][gc,heap     ] GC(81) Archive regions: 2->2
[2022-06-28T08:50:49.208+0000][6][gc,heap     ] GC(81) Humongous regions: 2->2
[2022-06-28T08:50:49.208+0000][6][gc,metaspace] GC(81) Metaspace: 107608K(111232K)->107608K(111232K) NonClass: 93193K(95040K)->93193K(95040K) Class: 14414K(16192K)->14414K(16192K)
[2022-06-28T08:50:49.208+0000][6][gc          ] GC(81) Pause Young (Normal) (G1 Evacuation Pause) 203M->87M(256M) 4.598ms
[2022-06-28T08:50:49.208+0000][6][gc,cpu      ] GC(81) User=0.00s Sys=0.01s Real=0.01s
[2022-06-28T08:50:49.208+0000][6][safepoint   ] Safepoint "G1CollectForAllocation", Time since last: 13984866780 ns, Reaching safepoint: 26038 ns, At safepoint: 4656724 ns, Total: 4682762 ns
[2022-06-28T08:51:15.210+0000][6][safepoint   ] Safepoint "Cleanup", Time since last: 26002538024 ns, Reaching safepoint: 37529 ns, At safepoint: 4385 ns, Total: 41914 ns
[2022-06-28T08:51:16.211+0000][6][safepoint   ] Safepoint "Cleanup", Time since last: 1000189580 ns, Reaching safepoint: 43709 ns, At safepoint: 4912 ns, Total: 48621 ns
[2022-06-28T08:51:21.211+0000][6][safepoint   ] Safepoint "Cleanup", Time since last: 5000680524 ns, Reaching safepoint: 43172 ns, At safepoint: 5356 ns, Total: 48528 ns
[2022-06-28T08:51:22.212+0000][6][safepoint   ] Safepoint "Cleanup", Time since last: 1000191148 ns, Reaching safepoint: 41171 ns, At safepoint: 5175 ns, Total: 46346 ns
[2022-06-28T08:53:35.227+0000][6][safepoint   ] Safepoint "Cleanup", Time since last: 133015054868 ns, Reaching safepoint: 40127 ns, At safepoint: 5598 ns, Total: 45725 ns
[2022-06-28T08:54:14.116+0000][6][gc,start    ] GC(82) Pause Young (Concurrent Start) (G1 Evacuation Pause)
[2022-06-28T08:54:14.116+0000][6][gc,task     ] GC(82) Using 1 workers of 1 for evacuation
[2022-06-28T08:54:14.116+0000][6][gc,age      ] GC(82) Desired survivor size 8388608 bytes, new threshold 15 (max threshold 15)
[2022-06-28T08:54:14.119+0000][6][gc,phases   ] GC(82)   Pre Evacuate Collection Set: 0.2ms
[2022-06-28T08:54:14.119+0000][6][gc,phases   ] GC(82)   Merge Heap Roots: 0.0ms
[2022-06-28T08:54:14.119+0000][6][gc,phases   ] GC(82)   Evacuate Collection Set: 2.2ms
[2022-06-28T08:54:14.119+0000][6][gc,phases   ] GC(82)   Post Evacuate Collection Set: 1.0ms
[2022-06-28T08:54:14.119+0000][6][gc,phases   ] GC(82)   Other: 0.1ms
[2022-06-28T08:54:14.119+0000][6][gc,age      ] GC(82) Age table with threshold 15 (max threshold 15)
[2022-06-28T08:54:14.119+0000][6][gc,age      ] GC(82) - age   1:      12808 bytes,      12808 total
[2022-06-28T08:54:14.119+0000][6][gc,age      ] GC(82) - age   2:        368 bytes,      13176 total
[2022-06-28T08:54:14.119+0000][6][gc,age      ] GC(82) - age   3:       1352 bytes,      14528 total
[2022-06-28T08:54:14.119+0000][6][gc,age      ] GC(82) - age   4:       1968 bytes,      16496 total
[2022-06-28T08:54:14.119+0000][6][gc,age      ] GC(82) - age   5:       1280 bytes,      17776 total
[2022-06-28T08:54:14.119+0000][6][gc,age      ] GC(82) - age   6:        288 bytes,      18064 total
[2022-06-28T08:54:14.119+0000][6][gc,age      ] GC(82) - age   7:       1120 bytes,      19184 total
[2022-06-28T08:54:14.119+0000][6][gc,age      ] GC(82) - age   8:        600 bytes,      19784 total
[2022-06-28T08:54:14.119+0000][6][gc,age      ] GC(82) - age   9:       7832 bytes,      27616 total
[2022-06-28T08:54:14.119+0000][6][gc,age      ] GC(82) - age  10:        352 bytes,      27968 total
[2022-06-28T08:54:14.119+0000][6][gc,age      ] GC(82) - age  11:        696 bytes,      28664 total
[2022-06-28T08:54:14.119+0000][6][gc,age      ] GC(82) - age  12:        912 bytes,      29576 total
[2022-06-28T08:54:14.119+0000][6][gc,age      ] GC(82) - age  13:     298936 bytes,     328512 total
[2022-06-28T08:54:14.119+0000][6][gc,age      ] GC(82) - age  14:       3264 bytes,     331776 total
[2022-06-28T08:54:14.119+0000][6][gc,age      ] GC(82) - age  15:        528 bytes,     332304 total
[2022-06-28T08:54:14.119+0000][6][gc,heap     ] GC(82) Eden regions: 29->0(29)
[2022-06-28T08:54:14.119+0000][6][gc,heap     ] GC(82) Survivor regions: 1->1(4)
[2022-06-28T08:54:14.119+0000][6][gc,heap     ] GC(82) Old regions: 19->19
[2022-06-28T08:54:14.119+0000][6][gc,heap     ] GC(82) Archive regions: 2->2
[2022-06-28T08:54:14.119+0000][6][gc,heap     ] GC(82) Humongous regions: 2->2
[2022-06-28T08:54:14.119+0000][6][gc,metaspace] GC(82) Metaspace: 107637K(111232K)->107637K(111232K) NonClass: 93222K(95040K)->93222K(95040K) Class: 14414K(16192K)->14414K(16192K)
[2022-06-28T08:54:14.119+0000][6][gc          ] GC(82) Pause Young (Concurrent Start) (G1 Evacuation Pause) 203M->87M(256M) 3.758ms
[2022-06-28T08:54:14.120+0000][6][gc,cpu      ] GC(82) User=0.00s Sys=0.00s Real=0.00s
[2022-06-28T08:54:14.120+0000][6][safepoint   ] Safepoint "G1CollectForAllocation", Time since last: 38888944798 ns, Reaching safepoint: 28217 ns, At safepoint: 3807490 ns, Total: 3835707 ns
[2022-06-28T08:54:14.120+0000][6][gc          ] GC(83) Concurrent Mark Cycle
[2022-06-28T08:54:14.120+0000][6][gc,marking  ] GC(83) Concurrent Clear Claimed Marks
[2022-06-28T08:54:14.120+0000][6][gc,marking  ] GC(83) Concurrent Clear Claimed Marks 0.046ms
[2022-06-28T08:54:14.120+0000][6][gc,marking  ] GC(83) Concurrent Scan Root Regions
[2022-06-28T08:54:14.121+0000][6][gc,marking  ] GC(83) Concurrent Scan Root Regions 1.140ms
[2022-06-28T08:54:14.121+0000][6][gc,marking  ] GC(83) Concurrent Mark
[2022-06-28T08:54:14.121+0000][6][gc,marking  ] GC(83) Concurrent Mark From Roots
[2022-06-28T08:54:14.121+0000][6][gc,task     ] GC(83) Using 1 workers of 1 for marking
[2022-06-28T08:54:14.243+0000][6][gc,marking  ] GC(83) Concurrent Mark From Roots 122.359ms
[2022-06-28T08:54:14.243+0000][6][gc,marking  ] GC(83) Concurrent Preclean
[2022-06-28T08:54:14.243+0000][6][gc,marking  ] GC(83) Concurrent Preclean 0.125ms
[2022-06-28T08:54:14.243+0000][6][gc,start    ] GC(83) Pause Remark
[2022-06-28T08:54:14.257+0000][6][gc          ] GC(83) Pause Remark 87M->87M(256M) 13.646ms
[2022-06-28T08:54:14.257+0000][6][gc,cpu      ] GC(83) User=0.01s Sys=0.00s Real=0.02s
[2022-06-28T08:54:14.257+0000][6][safepoint   ] Safepoint "G1Concurrent", Time since last: 123847784 ns, Reaching safepoint: 25826 ns, At safepoint: 13704255 ns, Total: 13730081 ns
[2022-06-28T08:54:14.257+0000][6][gc,marking  ] GC(83) Concurrent Mark 136.334ms
[2022-06-28T08:54:14.257+0000][6][gc,marking  ] GC(83) Concurrent Rebuild Remembered Sets
[2022-06-28T08:54:14.326+0000][6][gc,marking  ] GC(83) Concurrent Rebuild Remembered Sets 68.863ms
[2022-06-28T08:54:14.326+0000][6][gc,start    ] GC(83) Pause Cleanup
[2022-06-28T08:54:14.326+0000][6][gc          ] GC(83) Pause Cleanup 87M->87M(256M) 0.052ms
[2022-06-28T08:54:14.326+0000][6][gc,cpu      ] GC(83) User=0.00s Sys=0.00s Real=0.00s
[2022-06-28T08:54:14.326+0000][6][safepoint   ] Safepoint "G1Concurrent", Time since last: 68959067 ns, Reaching safepoint: 23488 ns, At safepoint: 106754 ns, Total: 130242 ns
[2022-06-28T08:54:14.326+0000][6][gc,marking  ] GC(83) Concurrent Cleanup for Next Mark
[2022-06-28T08:54:14.327+0000][6][gc,marking  ] GC(83) Concurrent Cleanup for Next Mark 0.670ms
[2022-06-28T08:54:14.327+0000][6][gc          ] GC(83) Concurrent Mark Cycle 207.336ms
[2022-06-28T08:55:05.331+0000][6][safepoint   ] Safepoint "Cleanup", Time since last: 51005060862 ns, Reaching safepoint: 39899 ns, At safepoint: 4861 ns, Total: 44760 ns
[2022-06-28T08:56:33.341+0000][6][safepoint   ] Safepoint "Cleanup", Time since last: 88009273706 ns, Reaching safepoint: 39592 ns, At safepoint: 28503 ns, Total: 68095 ns
[2022-06-28T08:56:35.341+0000][6][safepoint   ] Safepoint "Cleanup", Time since last: 2000260068 ns, Reaching safepoint: 46781 ns, At safepoint: 4671 ns, Total: 51452 ns
[2022-06-28T08:56:38.341+0000][6][safepoint   ] Safepoint "Cleanup", Time since last: 3000401710 ns, Reaching safepoint: 37403 ns, At safepoint: 4759 ns, Total: 42162 ns
[2022-06-28T08:57:42.527+0000][6][gc,start    ] GC(84) Pause Young (Normal) (G1 Evacuation Pause)
[2022-06-28T08:57:42.527+0000][6][gc,task     ] GC(84) Using 1 workers of 1 for evacuation
[2022-06-28T08:57:42.527+0000][6][gc,age      ] GC(84) Desired survivor size 8388608 bytes, new threshold 15 (max threshold 15)
[2022-06-28T08:57:42.531+0000][6][gc,phases   ] GC(84)   Pre Evacuate Collection Set: 0.0ms
[2022-06-28T08:57:42.531+0000][6][gc,phases   ] GC(84)   Merge Heap Roots: 0.1ms
[2022-06-28T08:57:42.531+0000][6][gc,phases   ] GC(84)   Evacuate Collection Set: 2.7ms
[2022-06-28T08:57:42.531+0000][6][gc,phases   ] GC(84)   Post Evacuate Collection Set: 1.3ms
[2022-06-28T08:57:42.531+0000][6][gc,phases   ] GC(84)   Other: 0.1ms
[2022-06-28T08:57:42.531+0000][6][gc,age      ] GC(84) Age table with threshold 15 (max threshold 15)
[2022-06-28T08:57:42.531+0000][6][gc,age      ] GC(84) - age   1:      54416 bytes,      54416 total
[2022-06-28T08:57:42.531+0000][6][gc,age      ] GC(84) - age   2:        200 bytes,      54616 total
[2022-06-28T08:57:42.531+0000][6][gc,age      ] GC(84) - age   3:        168 bytes,      54784 total
[2022-06-28T08:57:42.531+0000][6][gc,age      ] GC(84) - age   4:         96 bytes,      54880 total
[2022-06-28T08:57:42.531+0000][6][gc,age      ] GC(84) - age   5:       1576 bytes,      56456 total
[2022-06-28T08:57:42.531+0000][6][gc,age      ] GC(84) - age   6:       1280 bytes,      57736 total
[2022-06-28T08:57:42.531+0000][6][gc,age      ] GC(84) - age   7:         56 bytes,      57792 total
[2022-06-28T08:57:42.531+0000][6][gc,age      ] GC(84) - age   8:       1120 bytes,      58912 total
[2022-06-28T08:57:42.531+0000][6][gc,age      ] GC(84) - age   9:        600 bytes,      59512 total
[2022-06-28T08:57:42.531+0000][6][gc,age      ] GC(84) - age  10:       7832 bytes,      67344 total
[2022-06-28T08:57:42.531+0000][6][gc,age      ] GC(84) - age  11:        352 bytes,      67696 total
[2022-06-28T08:57:42.531+0000][6][gc,age      ] GC(84) - age  12:        696 bytes,      68392 total
[2022-06-28T08:57:42.531+0000][6][gc,age      ] GC(84) - age  13:        912 bytes,      69304 total
[2022-06-28T08:57:42.531+0000][6][gc,age      ] GC(84) - age  14:     298936 bytes,     368240 total
[2022-06-28T08:57:42.531+0000][6][gc,age      ] GC(84) - age  15:       3264 bytes,     371504 total
[2022-06-28T08:57:42.531+0000][6][gc,heap     ] GC(84) Eden regions: 29->0(29)
[2022-06-28T08:57:42.531+0000][6][gc,heap     ] GC(84) Survivor regions: 1->1(4)
[2022-06-28T08:57:42.531+0000][6][gc,heap     ] GC(84) Old regions: 19->19
[2022-06-28T08:57:42.531+0000][6][gc,heap     ] GC(84) Archive regions: 2->2
[2022-06-28T08:57:42.531+0000][6][gc,heap     ] GC(84) Humongous regions: 2->2
[2022-06-28T08:57:42.531+0000][6][gc,metaspace] GC(84) Metaspace: 107639K(111232K)->107639K(111232K) NonClass: 93225K(95040K)->93225K(95040K) Class: 14414K(16192K)->14414K(16192K)
[2022-06-28T08:57:42.531+0000][6][gc          ] GC(84) Pause Young (Normal) (G1 Evacuation Pause) 203M->87M(256M) 4.415ms
[2022-06-28T08:57:42.531+0000][6][gc,cpu      ] GC(84) User=0.00s Sys=0.00s Real=0.00s
[2022-06-28T08:57:42.532+0000][6][safepoint   ] Safepoint "G1CollectForAllocation", Time since last: 64185608853 ns, Reaching safepoint: 25639 ns, At safepoint: 4467652 ns, Total: 4493291 ns
[2022-06-28T09:00:06.547+0000][6][safepoint   ] Safepoint "Cleanup", Time since last: 144015196729 ns, Reaching safepoint: 38870 ns, At safepoint: 4983 ns, Total: 43853 ns
[2022-06-28T09:00:34.550+0000][6][safepoint   ] Safepoint "Cleanup", Time since last: 28002836895 ns, Reaching safepoint: 40042 ns, At safepoint: 4622 ns, Total: 44664 ns
[2022-06-28T09:01:04.553+0000][6][safepoint   ] Safepoint "Cleanup", Time since last: 30003135924 ns, Reaching safepoint: 34249 ns, At safepoint: 4681 ns, Total: 38930 ns
[2022-06-28T09:01:07.692+0000][6][gc,start    ] GC(85) Pause Young (Concurrent Start) (G1 Evacuation Pause)
[2022-06-28T09:01:07.692+0000][6][gc,task     ] GC(85) Using 1 workers of 1 for evacuation
[2022-06-28T09:01:07.692+0000][6][gc,age      ] GC(85) Desired survivor size 8388608 bytes, new threshold 15 (max threshold 15)
[2022-06-28T09:01:07.696+0000][6][gc,phases   ] GC(85)   Pre Evacuate Collection Set: 0.2ms
[2022-06-28T09:01:07.696+0000][6][gc,phases   ] GC(85)   Merge Heap Roots: 0.0ms
[2022-06-28T09:01:07.696+0000][6][gc,phases   ] GC(85)   Evacuate Collection Set: 2.5ms
[2022-06-28T09:01:07.696+0000][6][gc,phases   ] GC(85)   Post Evacuate Collection Set: 0.9ms
[2022-06-28T09:01:07.696+0000][6][gc,phases   ] GC(85)   Other: 0.1ms
[2022-06-28T09:01:07.696+0000][6][gc,age      ] GC(85) Age table with threshold 15 (max threshold 15)
[2022-06-28T09:01:07.696+0000][6][gc,age      ] GC(85) - age   1:      14440 bytes,      14440 total
[2022-06-28T09:01:07.696+0000][6][gc,age      ] GC(85) - age   2:       2176 bytes,      16616 total
[2022-06-28T09:01:07.696+0000][6][gc,age      ] GC(85) - age   3:        200 bytes,      16816 total
[2022-06-28T09:01:07.696+0000][6][gc,age      ] GC(85) - age   4:        168 bytes,      16984 total
[2022-06-28T09:01:07.696+0000][6][gc,age      ] GC(85) - age   5:         96 bytes,      17080 total
[2022-06-28T09:01:07.696+0000][6][gc,age      ] GC(85) - age   6:       1576 bytes,      18656 total
[2022-06-28T09:01:07.696+0000][6][gc,age      ] GC(85) - age   7:       1280 bytes,      19936 total
[2022-06-28T09:01:07.696+0000][6][gc,age      ] GC(85) - age   8:         56 bytes,      19992 total
[2022-06-28T09:01:07.696+0000][6][gc,age      ] GC(85) - age   9:        920 bytes,      20912 total
[2022-06-28T09:01:07.696+0000][6][gc,age      ] GC(85) - age  10:        600 bytes,      21512 total
[2022-06-28T09:01:07.696+0000][6][gc,age      ] GC(85) - age  11:       7832 bytes,      29344 total
[2022-06-28T09:01:07.696+0000][6][gc,age      ] GC(85) - age  12:        352 bytes,      29696 total
[2022-06-28T09:01:07.696+0000][6][gc,age      ] GC(85) - age  13:        696 bytes,      30392 total
[2022-06-28T09:01:07.696+0000][6][gc,age      ] GC(85) - age  14:        912 bytes,      31304 total
[2022-06-28T09:01:07.696+0000][6][gc,age      ] GC(85) - age  15:     298936 bytes,     330240 total
[2022-06-28T09:01:07.696+0000][6][gc,heap     ] GC(85) Eden regions: 29->0(29)
[2022-06-28T09:01:07.696+0000][6][gc,heap     ] GC(85) Survivor regions: 1->1(4)
[2022-06-28T09:01:07.696+0000][6][gc,heap     ] GC(85) Old regions: 19->19
[2022-06-28T09:01:07.696+0000][6][gc,heap     ] GC(85) Archive regions: 2->2
[2022-06-28T09:01:07.696+0000][6][gc,heap     ] GC(85) Humongous regions: 2->2
[2022-06-28T09:01:07.696+0000][6][gc,metaspace] GC(85) Metaspace: 107649K(111232K)->107649K(111232K) NonClass: 93235K(95040K)->93235K(95040K) Class: 14414K(16192K)->14414K(16192K)
[2022-06-28T09:01:07.696+0000][6][gc          ] GC(85) Pause Young (Concurrent Start) (G1 Evacuation Pause) 203M->87M(256M) 4.024ms
[2022-06-28T09:01:07.696+0000][6][gc,cpu      ] GC(85) User=0.00s Sys=0.00s Real=0.01s
[2022-06-28T09:01:07.696+0000][6][safepoint   ] Safepoint "G1CollectForAllocation", Time since last: 3139284467 ns, Reaching safepoint: 26764 ns, At safepoint: 4109353 ns, Total: 4136117 ns
[2022-06-28T09:01:07.696+0000][6][gc          ] GC(86) Concurrent Mark Cycle
[2022-06-28T09:01:07.696+0000][6][gc,marking  ] GC(86) Concurrent Clear Claimed Marks
[2022-06-28T09:01:07.696+0000][6][gc,marking  ] GC(86) Concurrent Clear Claimed Marks 0.041ms
[2022-06-28T09:01:07.696+0000][6][gc,marking  ] GC(86) Concurrent Scan Root Regions
[2022-06-28T09:01:07.697+0000][6][gc,marking  ] GC(86) Concurrent Scan Root Regions 1.138ms
[2022-06-28T09:01:07.697+0000][6][gc,marking  ] GC(86) Concurrent Mark
[2022-06-28T09:01:07.697+0000][6][gc,marking  ] GC(86) Concurrent Mark From Roots
[2022-06-28T09:01:07.697+0000][6][gc,task     ] GC(86) Using 1 workers of 1 for marking
[2022-06-28T09:01:07.826+0000][6][gc,marking  ] GC(86) Concurrent Mark From Roots 128.364ms
[2022-06-28T09:01:07.826+0000][6][gc,marking  ] GC(86) Concurrent Preclean
[2022-06-28T09:01:07.826+0000][6][gc,marking  ] GC(86) Concurrent Preclean 0.133ms
[2022-06-28T09:01:07.826+0000][6][gc,start    ] GC(86) Pause Remark
[2022-06-28T09:01:07.845+0000][6][gc          ] GC(86) Pause Remark 89M->89M(256M) 19.303ms
[2022-06-28T09:01:07.845+0000][6][gc,cpu      ] GC(86) User=0.01s Sys=0.00s Real=0.02s
[2022-06-28T09:01:07.845+0000][6][safepoint   ] Safepoint "G1Concurrent", Time since last: 129841809 ns, Reaching safepoint: 25577 ns, At safepoint: 19380893 ns, Total: 19406470 ns
[2022-06-28T09:01:07.846+0000][6][gc,marking  ] GC(86) Concurrent Mark 148.026ms
[2022-06-28T09:01:07.846+0000][6][gc,marking  ] GC(86) Concurrent Rebuild Remembered Sets
[2022-06-28T09:01:07.919+0000][6][gc,marking  ] GC(86) Concurrent Rebuild Remembered Sets 73.485ms
[2022-06-28T09:01:07.919+0000][6][gc,start    ] GC(86) Pause Cleanup
[2022-06-28T09:01:07.919+0000][6][gc          ] GC(86) Pause Cleanup 89M->89M(256M) 0.050ms
[2022-06-28T09:01:07.919+0000][6][gc,cpu      ] GC(86) User=0.00s Sys=0.00s Real=0.00s
[2022-06-28T09:01:07.919+0000][6][safepoint   ] Safepoint "G1Concurrent", Time since last: 73589353 ns, Reaching safepoint: 23327 ns, At safepoint: 98082 ns, Total: 121409 ns
[2022-06-28T09:01:07.919+0000][6][gc,marking  ] GC(86) Concurrent Cleanup for Next Mark
[2022-06-28T09:01:07.920+0000][6][gc,marking  ] GC(86) Concurrent Cleanup for Next Mark 0.704ms
[2022-06-28T09:01:07.920+0000][6][gc          ] GC(86) Concurrent Mark Cycle 223.658ms
[2022-06-28T09:02:34.929+0000][6][safepoint   ] Safepoint "Cleanup", Time since last: 87009703861 ns, Reaching safepoint: 37650 ns, At safepoint: 5232 ns, Total: 42882 ns
[2022-06-28T09:03:04.933+0000][6][safepoint   ] Safepoint "Cleanup", Time since last: 30003553721 ns, Reaching safepoint: 42000 ns, At safepoint: 5006 ns, Total: 47006 ns
[2022-06-28T09:03:34.937+0000][6][safepoint   ] Safepoint "Cleanup", Time since last: 30004258566 ns, Reaching safepoint: 54396 ns, At safepoint: 4850 ns, Total: 59246 ns
[2022-06-28T09:04:06.940+0000][6][safepoint   ] Safepoint "Cleanup", Time since last: 32003489442 ns, Reaching safepoint: 42358 ns, At safepoint: 4743 ns, Total: 47101 ns
[2022-06-28T09:04:33.861+0000][6][gc,start    ] GC(87) Pause Young (Normal) (G1 Evacuation Pause)
[2022-06-28T09:04:33.861+0000][6][gc,task     ] GC(87) Using 1 workers of 1 for evacuation
[2022-06-28T09:04:33.861+0000][6][gc,age      ] GC(87) Desired survivor size 8388608 bytes, new threshold 15 (max threshold 15)
[2022-06-28T09:04:33.865+0000][6][gc,phases   ] GC(87)   Pre Evacuate Collection Set: 0.0ms
[2022-06-28T09:04:33.865+0000][6][gc,phases   ] GC(87)   Merge Heap Roots: 0.1ms
[2022-06-28T09:04:33.865+0000][6][gc,phases   ] GC(87)   Evacuate Collection Set: 2.6ms
[2022-06-28T09:04:33.865+0000][6][gc,phases   ] GC(87)   Post Evacuate Collection Set: 1.0ms
[2022-06-28T09:04:33.865+0000][6][gc,phases   ] GC(87)   Other: 0.1ms
[2022-06-28T09:04:33.865+0000][6][gc,age      ] GC(87) Age table with threshold 15 (max threshold 15)
[2022-06-28T09:04:33.865+0000][6][gc,age      ] GC(87) - age   1:      13800 bytes,      13800 total
[2022-06-28T09:04:33.865+0000][6][gc,age      ] GC(87) - age   3:       2152 bytes,      15952 total
[2022-06-28T09:04:33.865+0000][6][gc,age      ] GC(87) - age   4:        200 bytes,      16152 total
[2022-06-28T09:04:33.865+0000][6][gc,age      ] GC(87) - age   5:        168 bytes,      16320 total
[2022-06-28T09:04:33.865+0000][6][gc,age      ] GC(87) - age   6:         96 bytes,      16416 total
[2022-06-28T09:04:33.865+0000][6][gc,age      ] GC(87) - age   7:       1576 bytes,      17992 total
[2022-06-28T09:04:33.865+0000][6][gc,age      ] GC(87) - age   8:       1280 bytes,      19272 total
[2022-06-28T09:04:33.865+0000][6][gc,age      ] GC(87) - age   9:         56 bytes,      19328 total
[2022-06-28T09:04:33.865+0000][6][gc,age      ] GC(87) - age  10:        920 bytes,      20248 total
[2022-06-28T09:04:33.865+0000][6][gc,age      ] GC(87) - age  11:        600 bytes,      20848 total
[2022-06-28T09:04:33.865+0000][6][gc,age      ] GC(87) - age  12:       7832 bytes,      28680 total
[2022-06-28T09:04:33.865+0000][6][gc,age      ] GC(87) - age  13:        352 bytes,      29032 total
[2022-06-28T09:04:33.865+0000][6][gc,age      ] GC(87) - age  14:        696 bytes,      29728 total
[2022-06-28T09:04:33.865+0000][6][gc,age      ] GC(87) - age  15:        912 bytes,      30640 total
[2022-06-28T09:04:33.865+0000][6][gc,heap     ] GC(87) Eden regions: 29->0(29)
[2022-06-28T09:04:33.865+0000][6][gc,heap     ] GC(87) Survivor regions: 1->1(4)
[2022-06-28T09:04:33.865+0000][6][gc,heap     ] GC(87) Old regions: 19->19
[2022-06-28T09:04:33.865+0000][6][gc,heap     ] GC(87) Archive regions: 2->2
[2022-06-28T09:04:33.865+0000][6][gc,heap     ] GC(87) Humongous regions: 2->2
[2022-06-28T09:04:33.865+0000][6][gc,metaspace] GC(87) Metaspace: 107699K(111296K)->107699K(111296K) NonClass: 93285K(95104K)->93285K(95104K) Class: 14414K(16192K)->14414K(16192K)
[2022-06-28T09:04:33.865+0000][6][gc          ] GC(87) Pause Young (Normal) (G1 Evacuation Pause) 203M->87M(256M) 4.147ms
[2022-06-28T09:04:33.865+0000][6][gc,cpu      ] GC(87) User=0.00s Sys=0.00s Real=0.00s
[2022-06-28T09:04:33.865+0000][6][safepoint   ] Safepoint "G1CollectForAllocation", Time since last: 26920222829 ns, Reaching safepoint: 164141 ns, At safepoint: 4196565 ns, Total: 4360706 ns
[2022-06-28T09:04:34.865+0000][6][safepoint   ] Safepoint "Cleanup", Time since last: 1000096219 ns, Reaching safepoint: 30752 ns, At safepoint: 4502 ns, Total: 35254 ns
[2022-06-28T09:05:34.872+0000][6][safepoint   ] Safepoint "Cleanup", Time since last: 60006970138 ns, Reaching safepoint: 35883 ns, At safepoint: 29192 ns, Total: 65075 ns
[2022-06-28T09:06:23.878+0000][6][safepoint   ] Safepoint "Cleanup", Time since last: 49005488565 ns, Reaching safepoint: 40922 ns, At safepoint: 5235 ns, Total: 46157 ns
[2022-06-28T09:06:34.879+0000][6][safepoint   ] Safepoint "Cleanup", Time since last: 11001247540 ns, Reaching safepoint: 40638 ns, At safepoint: 4755 ns, Total: 45393 ns
[2022-06-28T09:08:03.021+0000][6][gc,start    ] GC(88) Pause Young (Concurrent Start) (G1 Evacuation Pause)
[2022-06-28T09:08:03.021+0000][6][gc,task     ] GC(88) Using 1 workers of 1 for evacuation
[2022-06-28T09:08:03.021+0000][6][gc,age      ] GC(88) Desired survivor size 8388608 bytes, new threshold 15 (max threshold 15)
[2022-06-28T09:08:03.024+0000][6][gc,phases   ] GC(88)   Pre Evacuate Collection Set: 0.2ms
[2022-06-28T09:08:03.024+0000][6][gc,phases   ] GC(88)   Merge Heap Roots: 0.0ms
[2022-06-28T09:08:03.024+0000][6][gc,phases   ] GC(88)   Evacuate Collection Set: 1.8ms
[2022-06-28T09:08:03.024+0000][6][gc,phases   ] GC(88)   Post Evacuate Collection Set: 0.9ms
[2022-06-28T09:08:03.024+0000][6][gc,phases   ] GC(88)   Other: 0.1ms
[2022-06-28T09:08:03.024+0000][6][gc,age      ] GC(88) Age table with threshold 15 (max threshold 15)
[2022-06-28T09:08:03.024+0000][6][gc,age      ] GC(88) - age   1:      53480 bytes,      53480 total
[2022-06-28T09:08:03.024+0000][6][gc,age      ] GC(88) - age   2:       1032 bytes,      54512 total
[2022-06-28T09:08:03.024+0000][6][gc,age      ] GC(88) - age   4:        864 bytes,      55376 total
[2022-06-28T09:08:03.024+0000][6][gc,age      ] GC(88) - age   5:        200 bytes,      55576 total
[2022-06-28T09:08:03.024+0000][6][gc,age      ] GC(88) - age   6:        168 bytes,      55744 total
[2022-06-28T09:08:03.024+0000][6][gc,age      ] GC(88) - age   7:         96 bytes,      55840 total
[2022-06-28T09:08:03.024+0000][6][gc,age      ] GC(88) - age   8:       1576 bytes,      57416 total
[2022-06-28T09:08:03.024+0000][6][gc,age      ] GC(88) - age   9:       1280 bytes,      58696 total
[2022-06-28T09:08:03.024+0000][6][gc,age      ] GC(88) - age  10:         56 bytes,      58752 total
[2022-06-28T09:08:03.024+0000][6][gc,age      ] GC(88) - age  11:        920 bytes,      59672 total
[2022-06-28T09:08:03.024+0000][6][gc,age      ] GC(88) - age  12:        600 bytes,      60272 total
[2022-06-28T09:08:03.024+0000][6][gc,age      ] GC(88) - age  13:       7832 bytes,      68104 total
[2022-06-28T09:08:03.024+0000][6][gc,age      ] GC(88) - age  14:        352 bytes,      68456 total
[2022-06-28T09:08:03.024+0000][6][gc,age      ] GC(88) - age  15:        696 bytes,      69152 total
[2022-06-28T09:08:03.024+0000][6][gc,heap     ] GC(88) Eden regions: 29->0(29)
[2022-06-28T09:08:03.024+0000][6][gc,heap     ] GC(88) Survivor regions: 1->1(4)
[2022-06-28T09:08:03.024+0000][6][gc,heap     ] GC(88) Old regions: 19->19
[2022-06-28T09:08:03.024+0000][6][gc,heap     ] GC(88) Archive regions: 2->2
[2022-06-28T09:08:03.024+0000][6][gc,heap     ] GC(88) Humongous regions: 2->2
[2022-06-28T09:08:03.024+0000][6][gc,metaspace] GC(88) Metaspace: 107702K(111296K)->107702K(111296K) NonClass: 93288K(95104K)->93288K(95104K) Class: 14414K(16192K)->14414K(16192K)
[2022-06-28T09:08:03.024+0000][6][gc          ] GC(88) Pause Young (Concurrent Start) (G1 Evacuation Pause) 203M->87M(256M) 3.304ms
[2022-06-28T09:08:03.024+0000][6][gc,cpu      ] GC(88) User=0.00s Sys=0.00s Real=0.00s
[2022-06-28T09:08:03.024+0000][6][safepoint   ] Safepoint "G1CollectForAllocation", Time since last: 88142065247 ns, Reaching safepoint: 25847 ns, At safepoint: 3353261 ns, Total: 3379108 ns
[2022-06-28T09:08:03.024+0000][6][gc          ] GC(89) Concurrent Mark Cycle
[2022-06-28T09:08:03.024+0000][6][gc,marking  ] GC(89) Concurrent Clear Claimed Marks
[2022-06-28T09:08:03.024+0000][6][gc,marking  ] GC(89) Concurrent Clear Claimed Marks 0.041ms
[2022-06-28T09:08:03.024+0000][6][gc,marking  ] GC(89) Concurrent Scan Root Regions
[2022-06-28T09:08:03.025+0000][6][gc,marking  ] GC(89) Concurrent Scan Root Regions 0.785ms
[2022-06-28T09:08:03.025+0000][6][gc,marking  ] GC(89) Concurrent Mark
[2022-06-28T09:08:03.025+0000][6][gc,marking  ] GC(89) Concurrent Mark From Roots
[2022-06-28T09:08:03.025+0000][6][gc,task     ] GC(89) Using 1 workers of 1 for marking
[2022-06-28T09:08:03.156+0000][6][gc,marking  ] GC(89) Concurrent Mark From Roots 130.524ms
[2022-06-28T09:08:03.156+0000][6][gc,marking  ] GC(89) Concurrent Preclean
[2022-06-28T09:08:03.156+0000][6][gc,marking  ] GC(89) Concurrent Preclean 0.113ms
[2022-06-28T09:08:03.156+0000][6][gc,start    ] GC(89) Pause Remark
[2022-06-28T09:08:03.170+0000][6][gc          ] GC(89) Pause Remark 91M->91M(256M) 14.196ms
[2022-06-28T09:08:03.170+0000][6][gc,cpu      ] GC(89) User=0.01s Sys=0.00s Real=0.01s
[2022-06-28T09:08:03.170+0000][6][safepoint   ] Safepoint "G1Concurrent", Time since last: 131601699 ns, Reaching safepoint: 24938 ns, At safepoint: 14262490 ns, Total: 14287428 ns
[2022-06-28T09:08:03.170+0000][6][gc,marking  ] GC(89) Concurrent Mark 145.054ms
[2022-06-28T09:08:03.170+0000][6][gc,marking  ] GC(89) Concurrent Rebuild Remembered Sets
[2022-06-28T09:08:03.245+0000][6][gc,marking  ] GC(89) Concurrent Rebuild Remembered Sets 74.750ms
[2022-06-28T09:08:03.245+0000][6][gc,start    ] GC(89) Pause Cleanup
[2022-06-28T09:08:03.245+0000][6][gc          ] GC(89) Pause Cleanup 91M->91M(256M) 0.052ms
[2022-06-28T09:08:03.245+0000][6][gc,cpu      ] GC(89) User=0.00s Sys=0.00s Real=0.00s
[2022-06-28T09:08:03.245+0000][6][safepoint   ] Safepoint "G1Concurrent", Time since last: 74870462 ns, Reaching safepoint: 24212 ns, At safepoint: 117964 ns, Total: 142176 ns
[2022-06-28T09:08:03.245+0000][6][gc,marking  ] GC(89) Concurrent Cleanup for Next Mark
[2022-06-28T09:08:03.246+0000][6][gc,marking  ] GC(89) Concurrent Cleanup for Next Mark 0.675ms
[2022-06-28T09:08:03.246+0000][6][gc          ] GC(89) Concurrent Mark Cycle 221.596ms
[2022-06-28T09:10:35.261+0000][6][safepoint   ] Safepoint "Cleanup", Time since last: 152015962657 ns, Reaching safepoint: 40591 ns, At safepoint: 29715 ns, Total: 70306 ns
[2022-06-28T09:11:27.194+0000][6][gc,start    ] GC(90) Pause Young (Normal) (G1 Evacuation Pause)
[2022-06-28T09:11:27.195+0000][6][gc,task     ] GC(90) Using 1 workers of 1 for evacuation
[2022-06-28T09:11:27.195+0000][6][gc,age      ] GC(90) Desired survivor size 8388608 bytes, new threshold 15 (max threshold 15)
[2022-06-28T09:11:27.198+0000][6][gc,phases   ] GC(90)   Pre Evacuate Collection Set: 0.0ms
[2022-06-28T09:11:27.198+0000][6][gc,phases   ] GC(90)   Merge Heap Roots: 0.1ms
[2022-06-28T09:11:27.198+0000][6][gc,phases   ] GC(90)   Evacuate Collection Set: 1.9ms
[2022-06-28T09:11:27.198+0000][6][gc,phases   ] GC(90)   Post Evacuate Collection Set: 1.0ms
[2022-06-28T09:11:27.198+0000][6][gc,phases   ] GC(90)   Other: 0.1ms
[2022-06-28T09:11:27.198+0000][6][gc,age      ] GC(90) Age table with threshold 15 (max threshold 15)
[2022-06-28T09:11:27.198+0000][6][gc,age      ] GC(90) - age   1:      14992 bytes,      14992 total
[2022-06-28T09:11:27.198+0000][6][gc,age      ] GC(90) - age   2:       1528 bytes,      16520 total
[2022-06-28T09:11:27.198+0000][6][gc,age      ] GC(90) - age   3:        832 bytes,      17352 total
[2022-06-28T09:11:27.198+0000][6][gc,age      ] GC(90) - age   5:        680 bytes,      18032 total
[2022-06-28T09:11:27.198+0000][6][gc,age      ] GC(90) - age   6:        200 bytes,      18232 total
[2022-06-28T09:11:27.198+0000][6][gc,age      ] GC(90) - age   7:        168 bytes,      18400 total
[2022-06-28T09:11:27.198+0000][6][gc,age      ] GC(90) - age   8:         96 bytes,      18496 total
[2022-06-28T09:11:27.198+0000][6][gc,age      ] GC(90) - age   9:       1576 bytes,      20072 total
[2022-06-28T09:11:27.198+0000][6][gc,age      ] GC(90) - age  10:       1280 bytes,      21352 total
[2022-06-28T09:11:27.198+0000][6][gc,age      ] GC(90) - age  11:         56 bytes,      21408 total
[2022-06-28T09:11:27.198+0000][6][gc,age      ] GC(90) - age  12:        920 bytes,      22328 total
[2022-06-28T09:11:27.198+0000][6][gc,age      ] GC(90) - age  13:        600 bytes,      22928 total
[2022-06-28T09:11:27.198+0000][6][gc,age      ] GC(90) - age  14:       7832 bytes,      30760 total
[2022-06-28T09:11:27.198+0000][6][gc,age      ] GC(90) - age  15:        352 bytes,      31112 total
[2022-06-28T09:11:27.198+0000][6][gc,heap     ] GC(90) Eden regions: 29->0(29)
[2022-06-28T09:11:27.198+0000][6][gc,heap     ] GC(90) Survivor regions: 1->1(4)
[2022-06-28T09:11:27.198+0000][6][gc,heap     ] GC(90) Old regions: 19->19
[2022-06-28T09:11:27.198+0000][6][gc,heap     ] GC(90) Archive regions: 2->2
[2022-06-28T09:11:27.198+0000][6][gc,heap     ] GC(90) Humongous regions: 2->2
[2022-06-28T09:11:27.198+0000][6][gc,metaspace] GC(90) Metaspace: 107702K(111296K)->107702K(111296K) NonClass: 93288K(95104K)->93288K(95104K) Class: 14414K(16192K)->14414K(16192K)
[2022-06-28T09:11:27.198+0000][6][gc          ] GC(90) Pause Young (Normal) (G1 Evacuation Pause) 203M->87M(256M) 3.371ms
[2022-06-28T09:11:27.198+0000][6][gc,cpu      ] GC(90) User=0.00s Sys=0.00s Real=0.01s
[2022-06-28T09:11:27.198+0000][6][safepoint   ] Safepoint "G1CollectForAllocation", Time since last: 51932971460 ns, Reaching safepoint: 152077 ns, At safepoint: 3415023 ns, Total: 3567100 ns
[2022-06-28T09:14:12.220+0000][6][safepoint   ] Safepoint "Cleanup", Time since last: 165022159255 ns, Reaching safepoint: 42341 ns, At safepoint: 30107 ns, Total: 72448 ns
[2022-06-28T09:14:52.353+0000][6][gc,start    ] GC(91) Pause Young (Concurrent Start) (G1 Evacuation Pause)
[2022-06-28T09:14:52.354+0000][6][gc,task     ] GC(91) Using 1 workers of 1 for evacuation
[2022-06-28T09:14:52.354+0000][6][gc,age      ] GC(91) Desired survivor size 8388608 bytes, new threshold 15 (max threshold 15)
[2022-06-28T09:14:52.356+0000][6][gc,phases   ] GC(91)   Pre Evacuate Collection Set: 0.2ms
[2022-06-28T09:14:52.356+0000][6][gc,phases   ] GC(91)   Merge Heap Roots: 0.0ms
[2022-06-28T09:14:52.356+0000][6][gc,phases   ] GC(91)   Evacuate Collection Set: 1.7ms
[2022-06-28T09:14:52.356+0000][6][gc,phases   ] GC(91)   Post Evacuate Collection Set: 0.9ms
[2022-06-28T09:14:52.356+0000][6][gc,phases   ] GC(91)   Other: 0.1ms
[2022-06-28T09:14:52.357+0000][6][gc,age      ] GC(91) Age table with threshold 15 (max threshold 15)
[2022-06-28T09:14:52.357+0000][6][gc,age      ] GC(91) - age   1:      13088 bytes,      13088 total
[2022-06-28T09:14:52.357+0000][6][gc,age      ] GC(91) - age   2:        584 bytes,      13672 total
[2022-06-28T09:14:52.357+0000][6][gc,age      ] GC(91) - age   3:       1528 bytes,      15200 total
[2022-06-28T09:14:52.357+0000][6][gc,age      ] GC(91) - age   4:        832 bytes,      16032 total
[2022-06-28T09:14:52.357+0000][6][gc,age      ] GC(91) - age   6:        472 bytes,      16504 total
[2022-06-28T09:14:52.357+0000][6][gc,age      ] GC(91) - age   7:        200 bytes,      16704 total
[2022-06-28T09:14:52.357+0000][6][gc,age      ] GC(91) - age   8:        168 bytes,      16872 total
[2022-06-28T09:14:52.357+0000][6][gc,age      ] GC(91) - age   9:         96 bytes,      16968 total
[2022-06-28T09:14:52.357+0000][6][gc,age      ] GC(91) - age  10:       1576 bytes,      18544 total
[2022-06-28T09:14:52.357+0000][6][gc,age      ] GC(91) - age  11:        880 bytes,      19424 total
[2022-06-28T09:14:52.357+0000][6][gc,age      ] GC(91) - age  12:         56 bytes,      19480 total
[2022-06-28T09:14:52.357+0000][6][gc,age      ] GC(91) - age  13:        920 bytes,      20400 total
[2022-06-28T09:14:52.357+0000][6][gc,age      ] GC(91) - age  14:        600 bytes,      21000 total
[2022-06-28T09:14:52.357+0000][6][gc,age      ] GC(91) - age  15:       7832 bytes,      28832 total
[2022-06-28T09:14:52.357+0000][6][gc,heap     ] GC(91) Eden regions: 29->0(29)
[2022-06-28T09:14:52.357+0000][6][gc,heap     ] GC(91) Survivor regions: 1->1(4)
[2022-06-28T09:14:52.357+0000][6][gc,heap     ] GC(91) Old regions: 19->19
[2022-06-28T09:14:52.357+0000][6][gc,heap     ] GC(91) Archive regions: 2->2
[2022-06-28T09:14:52.357+0000][6][gc,heap     ] GC(91) Humongous regions: 2->2
[2022-06-28T09:14:52.357+0000][6][gc,metaspace] GC(91) Metaspace: 107702K(111296K)->107702K(111296K) NonClass: 93288K(95104K)->93288K(95104K) Class: 14414K(16192K)->14414K(16192K)
[2022-06-28T09:14:52.357+0000][6][gc          ] GC(91) Pause Young (Concurrent Start) (G1 Evacuation Pause) 203M->87M(256M) 3.190ms
[2022-06-28T09:14:52.357+0000][6][gc,cpu      ] GC(91) User=0.00s Sys=0.00s Real=0.01s
[2022-06-28T09:14:52.357+0000][6][safepoint   ] Safepoint "G1CollectForAllocation", Time since last: 40133173673 ns, Reaching safepoint: 152487 ns, At safepoint: 3266189 ns, Total: 3418676 ns
[2022-06-28T09:14:52.357+0000][6][gc          ] GC(92) Concurrent Mark Cycle
[2022-06-28T09:14:52.357+0000][6][gc,marking  ] GC(92) Concurrent Clear Claimed Marks
[2022-06-28T09:14:52.357+0000][6][gc,marking  ] GC(92) Concurrent Clear Claimed Marks 0.043ms
[2022-06-28T09:14:52.357+0000][6][gc,marking  ] GC(92) Concurrent Scan Root Regions
[2022-06-28T09:14:52.358+0000][6][gc,marking  ] GC(92) Concurrent Scan Root Regions 0.770ms
[2022-06-28T09:14:52.358+0000][6][gc,marking  ] GC(92) Concurrent Mark
[2022-06-28T09:14:52.358+0000][6][gc,marking  ] GC(92) Concurrent Mark From Roots
[2022-06-28T09:14:52.358+0000][6][gc,task     ] GC(92) Using 1 workers of 1 for marking
[2022-06-28T09:14:52.478+0000][6][gc,marking  ] GC(92) Concurrent Mark From Roots 120.185ms
[2022-06-28T09:14:52.478+0000][6][gc,marking  ] GC(92) Concurrent Preclean
[2022-06-28T09:14:52.478+0000][6][gc,marking  ] GC(92) Concurrent Preclean 0.141ms
[2022-06-28T09:14:52.478+0000][6][gc,start    ] GC(92) Pause Remark
[2022-06-28T09:14:52.492+0000][6][gc          ] GC(92) Pause Remark 89M->89M(256M) 14.177ms
[2022-06-28T09:14:52.492+0000][6][gc,cpu      ] GC(92) User=0.02s Sys=0.00s Real=0.01s
[2022-06-28T09:14:52.492+0000][6][safepoint   ] Safepoint "G1Concurrent", Time since last: 121332913 ns, Reaching safepoint: 26649 ns, At safepoint: 14232298 ns, Total: 14258947 ns
[2022-06-28T09:14:52.492+0000][6][gc,marking  ] GC(92) Concurrent Mark 134.719ms
[2022-06-28T09:14:52.492+0000][6][gc,marking  ] GC(92) Concurrent Rebuild Remembered Sets
[2022-06-28T09:14:52.567+0000][6][gc,marking  ] GC(92) Concurrent Rebuild Remembered Sets 75.058ms
[2022-06-28T09:14:52.567+0000][6][gc,start    ] GC(92) Pause Cleanup
[2022-06-28T09:14:52.568+0000][6][gc          ] GC(92) Pause Cleanup 89M->89M(256M) 0.051ms
[2022-06-28T09:14:52.568+0000][6][gc,cpu      ] GC(92) User=0.00s Sys=0.00s Real=0.00s
[2022-06-28T09:14:52.568+0000][6][safepoint   ] Safepoint "G1Concurrent", Time since last: 75151757 ns, Reaching safepoint: 24847 ns, At safepoint: 88445 ns, Total: 113292 ns
[2022-06-28T09:14:52.568+0000][6][gc,marking  ] GC(92) Concurrent Cleanup for Next Mark
[2022-06-28T09:14:52.568+0000][6][gc,marking  ] GC(92) Concurrent Cleanup for Next Mark 0.659ms
[2022-06-28T09:14:52.568+0000][6][gc          ] GC(92) Concurrent Mark Cycle 211.507ms
[2022-06-28T09:18:14.011+0000][6][gc,start    ] GC(93) Pause Young (Normal) (G1 Evacuation Pause)
[2022-06-28T09:18:14.011+0000][6][gc,task     ] GC(93) Using 1 workers of 1 for evacuation
[2022-06-28T09:18:14.011+0000][6][gc,age      ] GC(93) Desired survivor size 8388608 bytes, new threshold 15 (max threshold 15)
[2022-06-28T09:18:14.014+0000][6][gc,phases   ] GC(93)   Pre Evacuate Collection Set: 0.1ms
[2022-06-28T09:18:14.014+0000][6][gc,phases   ] GC(93)   Merge Heap Roots: 0.1ms
[2022-06-28T09:18:14.014+0000][6][gc,phases   ] GC(93)   Evacuate Collection Set: 1.9ms
[2022-06-28T09:18:14.014+0000][6][gc,phases   ] GC(93)   Post Evacuate Collection Set: 1.0ms
[2022-06-28T09:18:14.014+0000][6][gc,phases   ] GC(93)   Other: 0.1ms
[2022-06-28T09:18:14.014+0000][6][gc,age      ] GC(93) Age table with threshold 15 (max threshold 15)
[2022-06-28T09:18:14.014+0000][6][gc,age      ] GC(93) - age   1:      53088 bytes,      53088 total
[2022-06-28T09:18:14.014+0000][6][gc,age      ] GC(93) - age   2:        408 bytes,      53496 total
[2022-06-28T09:18:14.014+0000][6][gc,age      ] GC(93) - age   3:        584 bytes,      54080 total
[2022-06-28T09:18:14.014+0000][6][gc,age      ] GC(93) - age   4:        240 bytes,      54320 total
[2022-06-28T09:18:14.014+0000][6][gc,age      ] GC(93) - age   5:        832 bytes,      55152 total
[2022-06-28T09:18:14.014+0000][6][gc,age      ] GC(93) - age   7:        472 bytes,      55624 total
[2022-06-28T09:18:14.014+0000][6][gc,age      ] GC(93) - age   8:        200 bytes,      55824 total
[2022-06-28T09:18:14.014+0000][6][gc,age      ] GC(93) - age   9:        168 bytes,      55992 total
[2022-06-28T09:18:14.014+0000][6][gc,age      ] GC(93) - age  10:         96 bytes,      56088 total
[2022-06-28T09:18:14.014+0000][6][gc,age      ] GC(93) - age  11:       1576 bytes,      57664 total
[2022-06-28T09:18:14.014+0000][6][gc,age      ] GC(93) - age  12:        880 bytes,      58544 total
[2022-06-28T09:18:14.014+0000][6][gc,age      ] GC(93) - age  13:         56 bytes,      58600 total
[2022-06-28T09:18:14.014+0000][6][gc,age      ] GC(93) - age  14:        920 bytes,      59520 total
[2022-06-28T09:18:14.014+0000][6][gc,age      ] GC(93) - age  15:        600 bytes,      60120 total
[2022-06-28T09:18:14.014+0000][6][gc,heap     ] GC(93) Eden regions: 29->0(29)
[2022-06-28T09:18:14.014+0000][6][gc,heap     ] GC(93) Survivor regions: 1->1(4)
[2022-06-28T09:18:14.014+0000][6][gc,heap     ] GC(93) Old regions: 19->19
[2022-06-28T09:18:14.014+0000][6][gc,heap     ] GC(93) Archive regions: 2->2
[2022-06-28T09:18:14.014+0000][6][gc,heap     ] GC(93) Humongous regions: 2->2
[2022-06-28T09:18:14.014+0000][6][gc,metaspace] GC(93) Metaspace: 107715K(111296K)->107715K(111296K) NonClass: 93300K(95104K)->93300K(95104K) Class: 14414K(16192K)->14414K(16192K)
[2022-06-28T09:18:14.014+0000][6][gc          ] GC(93) Pause Young (Normal) (G1 Evacuation Pause) 203M->87M(256M) 3.417ms
[2022-06-28T09:18:14.014+0000][6][gc,cpu      ] GC(93) User=0.01s Sys=0.00s Real=0.00s
[2022-06-28T09:18:14.014+0000][6][safepoint   ] Safepoint "G1CollectForAllocation", Time since last: 201443299011 ns, Reaching safepoint: 27965 ns, At safepoint: 3463182 ns, Total: 3491147 ns
[2022-06-28T09:19:05.020+0000][6][safepoint   ] Safepoint "Cleanup", Time since last: 51005713208 ns, Reaching safepoint: 41792 ns, At safepoint: 27975 ns, Total: 69767 ns
[2022-06-28T09:20:31.030+0000][6][safepoint   ] Safepoint "Cleanup", Time since last: 86010188250 ns, Reaching safepoint: 38199 ns, At safepoint: 4924 ns, Total: 43123 ns
[2022-06-28T09:21:39.675+0000][6][gc,start    ] GC(94) Pause Young (Concurrent Start) (G1 Evacuation Pause)
[2022-06-28T09:21:39.675+0000][6][gc,task     ] GC(94) Using 1 workers of 1 for evacuation
[2022-06-28T09:21:39.675+0000][6][gc,age      ] GC(94) Desired survivor size 8388608 bytes, new threshold 15 (max threshold 15)
[2022-06-28T09:21:39.678+0000][6][gc,phases   ] GC(94)   Pre Evacuate Collection Set: 0.2ms
[2022-06-28T09:21:39.678+0000][6][gc,phases   ] GC(94)   Merge Heap Roots: 0.0ms
[2022-06-28T09:21:39.678+0000][6][gc,phases   ] GC(94)   Evacuate Collection Set: 1.6ms
[2022-06-28T09:21:39.678+0000][6][gc,phases   ] GC(94)   Post Evacuate Collection Set: 0.9ms
[2022-06-28T09:21:39.678+0000][6][gc,phases   ] GC(94)   Other: 0.1ms
[2022-06-28T09:21:39.678+0000][6][gc,age      ] GC(94) Age table with threshold 15 (max threshold 15)
[2022-06-28T09:21:39.678+0000][6][gc,age      ] GC(94) - age   1:      12984 bytes,      12984 total
[2022-06-28T09:21:39.678+0000][6][gc,age      ] GC(94) - age   2:       1488 bytes,      14472 total
[2022-06-28T09:21:39.678+0000][6][gc,age      ] GC(94) - age   3:        408 bytes,      14880 total
[2022-06-28T09:21:39.678+0000][6][gc,age      ] GC(94) - age   4:        584 bytes,      15464 total
[2022-06-28T09:21:39.678+0000][6][gc,age      ] GC(94) - age   5:        240 bytes,      15704 total
[2022-06-28T09:21:39.678+0000][6][gc,age      ] GC(94) - age   6:        832 bytes,      16536 total
[2022-06-28T09:21:39.678+0000][6][gc,age      ] GC(94) - age   8:        272 bytes,      16808 total
[2022-06-28T09:21:39.678+0000][6][gc,age      ] GC(94) - age  10:        168 bytes,      16976 total
[2022-06-28T09:21:39.678+0000][6][gc,age      ] GC(94) - age  11:         96 bytes,      17072 total
[2022-06-28T09:21:39.678+0000][6][gc,age      ] GC(94) - age  12:       1576 bytes,      18648 total
[2022-06-28T09:21:39.678+0000][6][gc,age      ] GC(94) - age  13:        880 bytes,      19528 total
[2022-06-28T09:21:39.678+0000][6][gc,age      ] GC(94) - age  14:         56 bytes,      19584 total
[2022-06-28T09:21:39.678+0000][6][gc,age      ] GC(94) - age  15:        920 bytes,      20504 total
[2022-06-28T09:21:39.678+0000][6][gc,heap     ] GC(94) Eden regions: 29->0(29)
[2022-06-28T09:21:39.678+0000][6][gc,heap     ] GC(94) Survivor regions: 1->1(4)
[2022-06-28T09:21:39.678+0000][6][gc,heap     ] GC(94) Old regions: 19->19
[2022-06-28T09:21:39.678+0000][6][gc,heap     ] GC(94) Archive regions: 2->2
[2022-06-28T09:21:39.678+0000][6][gc,heap     ] GC(94) Humongous regions: 2->2
[2022-06-28T09:21:39.678+0000][6][gc,metaspace] GC(94) Metaspace: 107715K(111296K)->107715K(111296K) NonClass: 93300K(95104K)->93300K(95104K) Class: 14414K(16192K)->14414K(16192K)
[2022-06-28T09:21:39.678+0000][6][gc          ] GC(94) Pause Young (Concurrent Start) (G1 Evacuation Pause) 203M->87M(256M) 3.050ms
[2022-06-28T09:21:39.678+0000][6][gc,cpu      ] GC(94) User=0.00s Sys=0.00s Real=0.00s
[2022-06-28T09:21:39.678+0000][6][safepoint   ] Safepoint "G1CollectForAllocation", Time since last: 68644371051 ns, Reaching safepoint: 25975 ns, At safepoint: 3099703 ns, Total: 3125678 ns
[2022-06-28T09:21:39.678+0000][6][gc          ] GC(95) Concurrent Mark Cycle
[2022-06-28T09:21:39.678+0000][6][gc,marking  ] GC(95) Concurrent Clear Claimed Marks
[2022-06-28T09:21:39.678+0000][6][gc,marking  ] GC(95) Concurrent Clear Claimed Marks 0.043ms
[2022-06-28T09:21:39.678+0000][6][gc,marking  ] GC(95) Concurrent Scan Root Regions
[2022-06-28T09:21:39.679+0000][6][gc,marking  ] GC(95) Concurrent Scan Root Regions 1.384ms
[2022-06-28T09:21:39.679+0000][6][gc,marking  ] GC(95) Concurrent Mark
[2022-06-28T09:21:39.679+0000][6][gc,marking  ] GC(95) Concurrent Mark From Roots
[2022-06-28T09:21:39.679+0000][6][gc,task     ] GC(95) Using 1 workers of 1 for marking
[2022-06-28T09:21:39.798+0000][6][gc,marking  ] GC(95) Concurrent Mark From Roots 118.899ms
[2022-06-28T09:21:39.798+0000][6][gc,marking  ] GC(95) Concurrent Preclean
[2022-06-28T09:21:39.798+0000][6][gc,marking  ] GC(95) Concurrent Preclean 0.116ms
[2022-06-28T09:21:39.799+0000][6][gc,start    ] GC(95) Pause Remark
[2022-06-28T09:21:39.813+0000][6][gc          ] GC(95) Pause Remark 89M->89M(256M) 14.204ms
[2022-06-28T09:21:39.813+0000][6][gc,cpu      ] GC(95) User=0.01s Sys=0.00s Real=0.01s
[2022-06-28T09:21:39.813+0000][6][safepoint   ] Safepoint "G1Concurrent", Time since last: 120641744 ns, Reaching safepoint: 26505 ns, At safepoint: 14268661 ns, Total: 14295166 ns
[2022-06-28T09:21:39.813+0000][6][gc,marking  ] GC(95) Concurrent Mark 133.437ms
[2022-06-28T09:21:39.813+0000][6][gc,marking  ] GC(95) Concurrent Rebuild Remembered Sets
[2022-06-28T09:21:39.883+0000][6][gc,marking  ] GC(95) Concurrent Rebuild Remembered Sets 69.997ms
[2022-06-28T09:21:39.883+0000][6][gc,start    ] GC(95) Pause Cleanup
[2022-06-28T09:21:39.883+0000][6][gc          ] GC(95) Pause Cleanup 89M->89M(256M) 0.051ms
[2022-06-28T09:21:39.883+0000][6][gc,cpu      ] GC(95) User=0.00s Sys=0.00s Real=0.00s
[2022-06-28T09:21:39.883+0000][6][safepoint   ] Safepoint "G1Concurrent", Time since last: 70099863 ns, Reaching safepoint: 23518 ns, At safepoint: 88153 ns, Total: 111671 ns
[2022-06-28T09:21:39.883+0000][6][gc,marking  ] GC(95) Concurrent Cleanup for Next Mark
[2022-06-28T09:21:39.884+0000][6][gc,marking  ] GC(95) Concurrent Cleanup for Next Mark 0.650ms
[2022-06-28T09:21:39.884+0000][6][gc          ] GC(95) Concurrent Mark Cycle 205.793ms
[2022-06-28T09:23:04.892+0000][6][safepoint   ] Safepoint "Cleanup", Time since last: 85008534303 ns, Reaching safepoint: 41637 ns, At safepoint: 5383 ns, Total: 47020 ns
[2022-06-28T09:25:05.858+0000][6][gc,start    ] GC(96) Pause Young (Normal) (G1 Evacuation Pause)
[2022-06-28T09:25:05.858+0000][6][gc,task     ] GC(96) Using 1 workers of 1 for evacuation
[2022-06-28T09:25:05.858+0000][6][gc,age      ] GC(96) Desired survivor size 8388608 bytes, new threshold 15 (max threshold 15)
[2022-06-28T09:25:05.861+0000][6][gc,phases   ] GC(96)   Pre Evacuate Collection Set: 0.0ms
[2022-06-28T09:25:05.861+0000][6][gc,phases   ] GC(96)   Merge Heap Roots: 0.1ms
[2022-06-28T09:25:05.861+0000][6][gc,phases   ] GC(96)   Evacuate Collection Set: 1.7ms
[2022-06-28T09:25:05.861+0000][6][gc,phases   ] GC(96)   Post Evacuate Collection Set: 0.9ms
[2022-06-28T09:25:05.861+0000][6][gc,phases   ] GC(96)   Other: 0.1ms
[2022-06-28T09:25:05.861+0000][6][gc,age      ] GC(96) Age table with threshold 15 (max threshold 15)
[2022-06-28T09:25:05.861+0000][6][gc,age      ] GC(96) - age   1:      17024 bytes,      17024 total
[2022-06-28T09:25:05.861+0000][6][gc,age      ] GC(96) - age   3:       1488 bytes,      18512 total
[2022-06-28T09:25:05.861+0000][6][gc,age      ] GC(96) - age   4:        408 bytes,      18920 total
[2022-06-28T09:25:05.861+0000][6][gc,age      ] GC(96) - age   5:        584 bytes,      19504 total
[2022-06-28T09:25:05.861+0000][6][gc,age      ] GC(96) - age   6:        240 bytes,      19744 total
[2022-06-28T09:25:05.861+0000][6][gc,age      ] GC(96) - age   7:        832 bytes,      20576 total
[2022-06-28T09:25:05.861+0000][6][gc,age      ] GC(96) - age   9:        272 bytes,      20848 total
[2022-06-28T09:25:05.861+0000][6][gc,age      ] GC(96) - age  11:        168 bytes,      21016 total
[2022-06-28T09:25:05.861+0000][6][gc,age      ] GC(96) - age  12:         96 bytes,      21112 total
[2022-06-28T09:25:05.861+0000][6][gc,age      ] GC(96) - age  13:       1576 bytes,      22688 total
[2022-06-28T09:25:05.861+0000][6][gc,age      ] GC(96) - age  14:        880 bytes,      23568 total
[2022-06-28T09:25:05.861+0000][6][gc,age      ] GC(96) - age  15:         56 bytes,      23624 total
[2022-06-28T09:25:05.861+0000][6][gc,heap     ] GC(96) Eden regions: 29->0(29)
[2022-06-28T09:25:05.861+0000][6][gc,heap     ] GC(96) Survivor regions: 1->1(4)
[2022-06-28T09:25:05.861+0000][6][gc,heap     ] GC(96) Old regions: 19->19
[2022-06-28T09:25:05.861+0000][6][gc,heap     ] GC(96) Archive regions: 2->2
[2022-06-28T09:25:05.861+0000][6][gc,heap     ] GC(96) Humongous regions: 2->2
[2022-06-28T09:25:05.861+0000][6][gc,metaspace] GC(96) Metaspace: 107715K(111296K)->107715K(111296K) NonClass: 93300K(95104K)->93300K(95104K) Class: 14414K(16192K)->14414K(16192K)
[2022-06-28T09:25:05.861+0000][6][gc          ] GC(96) Pause Young (Normal) (G1 Evacuation Pause) 203M->87M(256M) 3.028ms
[2022-06-28T09:25:05.861+0000][6][gc,cpu      ] GC(96) User=0.00s Sys=0.00s Real=0.00s
[2022-06-28T09:25:05.861+0000][6][safepoint   ] Safepoint "G1CollectForAllocation", Time since last: 120966131857 ns, Reaching safepoint: 154993 ns, At safepoint: 3073586 ns, Total: 3228579 ns
[2022-06-28T09:26:09.867+0000][6][safepoint   ] Safepoint "Cleanup", Time since last: 64006500155 ns, Reaching safepoint: 39940 ns, At safepoint: 5371 ns, Total: 45311 ns
[2022-06-28T09:26:30.870+0000][6][safepoint   ] Safepoint "Cleanup", Time since last: 21002417301 ns, Reaching safepoint: 39303 ns, At safepoint: 29055 ns, Total: 68358 ns
[2022-06-28T09:26:34.871+0000][6][safepoint   ] Safepoint "Cleanup", Time since last: 4000532657 ns, Reaching safepoint: 54069 ns, At safepoint: 4485 ns, Total: 58554 ns
[2022-06-28T09:28:32.199+0000][6][gc,start    ] GC(97) Pause Young (Concurrent Start) (G1 Evacuation Pause)
[2022-06-28T09:28:32.199+0000][6][gc,task     ] GC(97) Using 1 workers of 1 for evacuation
[2022-06-28T09:28:32.199+0000][6][gc,age      ] GC(97) Desired survivor size 8388608 bytes, new threshold 15 (max threshold 15)
[2022-06-28T09:28:32.202+0000][6][gc,phases   ] GC(97)   Pre Evacuate Collection Set: 0.2ms
[2022-06-28T09:28:32.202+0000][6][gc,phases   ] GC(97)   Merge Heap Roots: 0.0ms
[2022-06-28T09:28:32.202+0000][6][gc,phases   ] GC(97)   Evacuate Collection Set: 1.7ms
[2022-06-28T09:28:32.202+0000][6][gc,phases   ] GC(97)   Post Evacuate Collection Set: 1.0ms
[2022-06-28T09:28:32.202+0000][6][gc,phases   ] GC(97)   Other: 0.1ms
[2022-06-28T09:28:32.202+0000][6][gc,age      ] GC(97) Age table with threshold 15 (max threshold 15)
[2022-06-28T09:28:32.202+0000][6][gc,age      ] GC(97) - age   1:      62304 bytes,      62304 total
[2022-06-28T09:28:32.202+0000][6][gc,age      ] GC(97) - age   2:       2840 bytes,      65144 total
[2022-06-28T09:28:32.202+0000][6][gc,age      ] GC(97) - age   5:        200 bytes,      65344 total
[2022-06-28T09:28:32.202+0000][6][gc,age      ] GC(97) - age   6:        200 bytes,      65544 total
[2022-06-28T09:28:32.202+0000][6][gc,age      ] GC(97) - age   7:        240 bytes,      65784 total
[2022-06-28T09:28:32.202+0000][6][gc,age      ] GC(97) - age   8:        832 bytes,      66616 total
[2022-06-28T09:28:32.202+0000][6][gc,age      ] GC(97) - age  10:        272 bytes,      66888 total
[2022-06-28T09:28:32.202+0000][6][gc,age      ] GC(97) - age  12:        168 bytes,      67056 total
[2022-06-28T09:28:32.202+0000][6][gc,age      ] GC(97) - age  13:         96 bytes,      67152 total
[2022-06-28T09:28:32.202+0000][6][gc,age      ] GC(97) - age  14:       1576 bytes,      68728 total
[2022-06-28T09:28:32.202+0000][6][gc,age      ] GC(97) - age  15:        880 bytes,      69608 total
[2022-06-28T09:28:32.202+0000][6][gc,heap     ] GC(97) Eden regions: 29->0(29)
[2022-06-28T09:28:32.202+0000][6][gc,heap     ] GC(97) Survivor regions: 1->1(4)
[2022-06-28T09:28:32.202+0000][6][gc,heap     ] GC(97) Old regions: 19->19
[2022-06-28T09:28:32.202+0000][6][gc,heap     ] GC(97) Archive regions: 2->2
[2022-06-28T09:28:32.202+0000][6][gc,heap     ] GC(97) Humongous regions: 2->2
[2022-06-28T09:28:32.202+0000][6][gc,metaspace] GC(97) Metaspace: 107716K(111296K)->107716K(111296K) NonClass: 93302K(95104K)->93302K(95104K) Class: 14414K(16192K)->14414K(16192K)
[2022-06-28T09:28:32.202+0000][6][gc          ] GC(97) Pause Young (Concurrent Start) (G1 Evacuation Pause) 203M->87M(256M) 3.242ms
[2022-06-28T09:28:32.202+0000][6][gc,cpu      ] GC(97) User=0.01s Sys=0.00s Real=0.00s
[2022-06-28T09:28:32.202+0000][6][safepoint   ] Safepoint "G1CollectForAllocation", Time since last: 117328001469 ns, Reaching safepoint: 27525 ns, At safepoint: 3289881 ns, Total: 3317406 ns
[2022-06-28T09:28:32.202+0000][6][gc          ] GC(98) Concurrent Mark Cycle
[2022-06-28T09:28:32.202+0000][6][gc,marking  ] GC(98) Concurrent Clear Claimed Marks
[2022-06-28T09:28:32.202+0000][6][gc,marking  ] GC(98) Concurrent Clear Claimed Marks 0.039ms
[2022-06-28T09:28:32.202+0000][6][gc,marking  ] GC(98) Concurrent Scan Root Regions
[2022-06-28T09:28:32.203+0000][6][gc,marking  ] GC(98) Concurrent Scan Root Regions 0.934ms
[2022-06-28T09:28:32.203+0000][6][gc,marking  ] GC(98) Concurrent Mark
[2022-06-28T09:28:32.203+0000][6][gc,marking  ] GC(98) Concurrent Mark From Roots
[2022-06-28T09:28:32.203+0000][6][gc,task     ] GC(98) Using 1 workers of 1 for marking
[2022-06-28T09:28:32.321+0000][6][gc,marking  ] GC(98) Concurrent Mark From Roots 118.356ms
[2022-06-28T09:28:32.321+0000][6][gc,marking  ] GC(98) Concurrent Preclean
[2022-06-28T09:28:32.321+0000][6][gc,marking  ] GC(98) Concurrent Preclean 0.106ms
[2022-06-28T09:28:32.322+0000][6][gc,start    ] GC(98) Pause Remark
[2022-06-28T09:28:32.335+0000][6][gc          ] GC(98) Pause Remark 87M->87M(256M) 13.808ms
[2022-06-28T09:28:32.335+0000][6][gc,cpu      ] GC(98) User=0.01s Sys=0.00s Real=0.02s
[2022-06-28T09:28:32.335+0000][6][safepoint   ] Safepoint "G1Concurrent", Time since last: 119584815 ns, Reaching safepoint: 25697 ns, At safepoint: 13866859 ns, Total: 13892556 ns
[2022-06-28T09:28:32.335+0000][6][gc,marking  ] GC(98) Concurrent Mark 132.470ms
[2022-06-28T09:28:32.335+0000][6][gc,marking  ] GC(98) Concurrent Rebuild Remembered Sets
[2022-06-28T09:28:32.405+0000][6][gc,marking  ] GC(98) Concurrent Rebuild Remembered Sets 69.087ms
[2022-06-28T09:28:32.405+0000][6][gc,start    ] GC(98) Pause Cleanup
[2022-06-28T09:28:32.405+0000][6][gc          ] GC(98) Pause Cleanup 87M->87M(256M) 0.049ms
[2022-06-28T09:28:32.405+0000][6][gc,cpu      ] GC(98) User=0.00s Sys=0.00s Real=0.00s
[2022-06-28T09:28:32.405+0000][6][safepoint   ] Safepoint "G1Concurrent", Time since last: 69189553 ns, Reaching safepoint: 23109 ns, At safepoint: 84518 ns, Total: 107627 ns
[2022-06-28T09:28:32.405+0000][6][gc,marking  ] GC(98) Concurrent Cleanup for Next Mark
[2022-06-28T09:28:32.405+0000][6][gc,marking  ] GC(98) Concurrent Cleanup for Next Mark 0.699ms
[2022-06-28T09:28:32.405+0000][6][gc          ] GC(98) Concurrent Mark Cycle 203.502ms
[2022-06-28T09:30:35.417+0000][6][safepoint   ] Safepoint "Cleanup", Time since last: 123012612684 ns, Reaching safepoint: 37717 ns, At safepoint: 4855 ns, Total: 42572 ns
[2022-06-28T09:31:59.147+0000][6][gc,start    ] GC(99) Pause Young (Normal) (G1 Evacuation Pause)
[2022-06-28T09:31:59.147+0000][6][gc,task     ] GC(99) Using 1 workers of 1 for evacuation
[2022-06-28T09:31:59.147+0000][6][gc,age      ] GC(99) Desired survivor size 8388608 bytes, new threshold 15 (max threshold 15)
[2022-06-28T09:31:59.150+0000][6][gc,phases   ] GC(99)   Pre Evacuate Collection Set: 0.1ms
[2022-06-28T09:31:59.150+0000][6][gc,phases   ] GC(99)   Merge Heap Roots: 0.1ms
[2022-06-28T09:31:59.150+0000][6][gc,phases   ] GC(99)   Evacuate Collection Set: 1.8ms
[2022-06-28T09:31:59.150+0000][6][gc,phases   ] GC(99)   Post Evacuate Collection Set: 0.9ms
[2022-06-28T09:31:59.150+0000][6][gc,phases   ] GC(99)   Other: 0.1ms
[2022-06-28T09:31:59.150+0000][6][gc,age      ] GC(99) Age table with threshold 15 (max threshold 15)
[2022-06-28T09:31:59.150+0000][6][gc,age      ] GC(99) - age   1:      16272 bytes,      16272 total
[2022-06-28T09:31:59.150+0000][6][gc,age      ] GC(99) - age   2:      10728 bytes,      27000 total
[2022-06-28T09:31:59.150+0000][6][gc,age      ] GC(99) - age   3:       2840 bytes,      29840 total
[2022-06-28T09:31:59.150+0000][6][gc,age      ] GC(99) - age   6:        200 bytes,      30040 total
[2022-06-28T09:31:59.150+0000][6][gc,age      ] GC(99) - age   8:        240 bytes,      30280 total
[2022-06-28T09:31:59.150+0000][6][gc,age      ] GC(99) - age   9:        832 bytes,      31112 total
[2022-06-28T09:31:59.150+0000][6][gc,age      ] GC(99) - age  11:        272 bytes,      31384 total
[2022-06-28T09:31:59.150+0000][6][gc,age      ] GC(99) - age  13:        168 bytes,      31552 total
[2022-06-28T09:31:59.150+0000][6][gc,age      ] GC(99) - age  14:         96 bytes,      31648 total
[2022-06-28T09:31:59.150+0000][6][gc,age      ] GC(99) - age  15:       1576 bytes,      33224 total
[2022-06-28T09:31:59.150+0000][6][gc,heap     ] GC(99) Eden regions: 29->0(29)
[2022-06-28T09:31:59.150+0000][6][gc,heap     ] GC(99) Survivor regions: 1->1(4)
[2022-06-28T09:31:59.150+0000][6][gc,heap     ] GC(99) Old regions: 19->19
[2022-06-28T09:31:59.150+0000][6][gc,heap     ] GC(99) Archive regions: 2->2
[2022-06-28T09:31:59.150+0000][6][gc,heap     ] GC(99) Humongous regions: 2->2
[2022-06-28T09:31:59.150+0000][6][gc,metaspace] GC(99) Metaspace: 107720K(111296K)->107720K(111296K) NonClass: 93306K(95104K)->93306K(95104K) Class: 14414K(16192K)->14414K(16192K)
[2022-06-28T09:31:59.150+0000][6][gc          ] GC(99) Pause Young (Normal) (G1 Evacuation Pause) 203M->87M(256M) 3.114ms
[2022-06-28T09:31:59.150+0000][6][gc,cpu      ] GC(99) User=0.00s Sys=0.00s Real=0.00s
[2022-06-28T09:31:59.150+0000][6][safepoint   ] Safepoint "G1CollectForAllocation", Time since last: 83729721598 ns, Reaching safepoint: 26072 ns, At safepoint: 3157235 ns, Total: 3183307 ns
[2022-06-28T09:32:31.154+0000][6][safepoint   ] Safepoint "Cleanup", Time since last: 32003276359 ns, Reaching safepoint: 40861 ns, At safepoint: 23852 ns, Total: 64713 ns
[2022-06-28T09:35:24.312+0000][6][gc,start    ] GC(100) Pause Young (Concurrent Start) (G1 Evacuation Pause)
[2022-06-28T09:35:24.312+0000][6][gc,task     ] GC(100) Using 1 workers of 1 for evacuation
[2022-06-28T09:35:24.312+0000][6][gc,age      ] GC(100) Desired survivor size 8388608 bytes, new threshold 15 (max threshold 15)
[2022-06-28T09:35:24.315+0000][6][gc,phases   ] GC(100)   Pre Evacuate Collection Set: 0.2ms
[2022-06-28T09:35:24.315+0000][6][gc,phases   ] GC(100)   Merge Heap Roots: 0.0ms
[2022-06-28T09:35:24.315+0000][6][gc,phases   ] GC(100)   Evacuate Collection Set: 1.7ms
[2022-06-28T09:35:24.315+0000][6][gc,phases   ] GC(100)   Post Evacuate Collection Set: 0.9ms
[2022-06-28T09:35:24.315+0000][6][gc,phases   ] GC(100)   Other: 0.1ms
[2022-06-28T09:35:24.315+0000][6][gc,age      ] GC(100) Age table with threshold 15 (max threshold 15)
[2022-06-28T09:35:24.315+0000][6][gc,age      ] GC(100) - age   1:      14888 bytes,      14888 total
[2022-06-28T09:35:24.315+0000][6][gc,age      ] GC(100) - age   2:       2056 bytes,      16944 total
[2022-06-28T09:35:24.315+0000][6][gc,age      ] GC(100) - age   3:      10528 bytes,      27472 total
[2022-06-28T09:35:24.315+0000][6][gc,age      ] GC(100) - age   4:       2840 bytes,      30312 total
[2022-06-28T09:35:24.315+0000][6][gc,age      ] GC(100) - age   7:        200 bytes,      30512 total
[2022-06-28T09:35:24.315+0000][6][gc,age      ] GC(100) - age   9:        240 bytes,      30752 total
[2022-06-28T09:35:24.315+0000][6][gc,age      ] GC(100) - age  10:        832 bytes,      31584 total
[2022-06-28T09:35:24.315+0000][6][gc,age      ] GC(100) - age  12:        272 bytes,      31856 total
[2022-06-28T09:35:24.315+0000][6][gc,age      ] GC(100) - age  14:        168 bytes,      32024 total
[2022-06-28T09:35:24.315+0000][6][gc,age      ] GC(100) - age  15:         96 bytes,      32120 total
[2022-06-28T09:35:24.315+0000][6][gc,heap     ] GC(100) Eden regions: 29->0(29)
[2022-06-28T09:35:24.315+0000][6][gc,heap     ] GC(100) Survivor regions: 1->1(4)
[2022-06-28T09:35:24.315+0000][6][gc,heap     ] GC(100) Old regions: 19->19
[2022-06-28T09:35:24.315+0000][6][gc,heap     ] GC(100) Archive regions: 2->2
[2022-06-28T09:35:24.315+0000][6][gc,heap     ] GC(100) Humongous regions: 2->2
[2022-06-28T09:35:24.315+0000][6][gc,metaspace] GC(100) Metaspace: 107721K(111296K)->107721K(111296K) NonClass: 93307K(95104K)->93307K(95104K) Class: 14414K(16192K)->14414K(16192K)
[2022-06-28T09:35:24.315+0000][6][gc          ] GC(100) Pause Young (Concurrent Start) (G1 Evacuation Pause) 203M->87M(256M) 3.171ms
[2022-06-28T09:35:24.315+0000][6][gc,cpu      ] GC(100) User=0.00s Sys=0.00s Real=0.01s
[2022-06-28T09:35:24.315+0000][6][safepoint   ] Safepoint "G1CollectForAllocation", Time since last: 173158291430 ns, Reaching safepoint: 26842 ns, At safepoint: 3221961 ns, Total: 3248803 ns
[2022-06-28T09:35:24.315+0000][6][gc          ] GC(101) Concurrent Mark Cycle
[2022-06-28T09:35:24.315+0000][6][gc,marking  ] GC(101) Concurrent Clear Claimed Marks
[2022-06-28T09:35:24.315+0000][6][gc,marking  ] GC(101) Concurrent Clear Claimed Marks 0.038ms
[2022-06-28T09:35:24.315+0000][6][gc,marking  ] GC(101) Concurrent Scan Root Regions
[2022-06-28T09:35:24.316+0000][6][gc,marking  ] GC(101) Concurrent Scan Root Regions 0.777ms
[2022-06-28T09:35:24.316+0000][6][gc,marking  ] GC(101) Concurrent Mark
[2022-06-28T09:35:24.316+0000][6][gc,marking  ] GC(101) Concurrent Mark From Roots
[2022-06-28T09:35:24.316+0000][6][gc,task     ] GC(101) Using 1 workers of 1 for marking
[2022-06-28T09:35:24.437+0000][6][gc,marking  ] GC(101) Concurrent Mark From Roots 121.190ms
[2022-06-28T09:35:24.437+0000][6][gc,marking  ] GC(101) Concurrent Preclean
[2022-06-28T09:35:24.437+0000][6][gc,marking  ] GC(101) Concurrent Preclean 0.109ms
[2022-06-28T09:35:24.437+0000][6][gc,start    ] GC(101) Pause Remark
[2022-06-28T09:35:24.451+0000][6][gc          ] GC(101) Pause Remark 89M->89M(256M) 13.977ms
[2022-06-28T09:35:24.451+0000][6][gc,cpu      ] GC(101) User=0.02s Sys=0.00s Real=0.01s
[2022-06-28T09:35:24.451+0000][6][safepoint   ] Safepoint "G1Concurrent", Time since last: 122261055 ns, Reaching safepoint: 35606 ns, At safepoint: 14030741 ns, Total: 14066347 ns
[2022-06-28T09:35:24.451+0000][6][gc,marking  ] GC(101) Concurrent Mark 135.464ms
[2022-06-28T09:35:24.451+0000][6][gc,marking  ] GC(101) Concurrent Rebuild Remembered Sets
[2022-06-28T09:35:24.521+0000][6][gc,marking  ] GC(101) Concurrent Rebuild Remembered Sets 69.241ms
[2022-06-28T09:35:24.521+0000][6][gc,start    ] GC(101) Pause Cleanup
[2022-06-28T09:35:24.521+0000][6][gc          ] GC(101) Pause Cleanup 89M->89M(256M) 0.050ms
[2022-06-28T09:35:24.521+0000][6][gc,cpu      ] GC(101) User=0.00s Sys=0.00s Real=0.00s
[2022-06-28T09:35:24.521+0000][6][safepoint   ] Safepoint "G1Concurrent", Time since last: 69332326 ns, Reaching safepoint: 23132 ns, At safepoint: 87632 ns, Total: 110764 ns
[2022-06-28T09:35:24.521+0000][6][gc,marking  ] GC(101) Concurrent Cleanup for Next Mark
[2022-06-28T09:35:24.522+0000][6][gc,marking  ] GC(101) Concurrent Cleanup for Next Mark 0.653ms
[2022-06-28T09:35:24.522+0000][6][gc          ] GC(101) Concurrent Mark Cycle 206.424ms
[2022-06-28T09:37:36.539+0000][6][safepoint   ] Safepoint "Cleanup", Time since last: 132017927274 ns, Reaching safepoint: 37992 ns, At safepoint: 4604 ns, Total: 42596 ns
[2022-06-28T09:37:40.539+0000][6][safepoint   ] Safepoint "Cleanup", Time since last: 4000491591 ns, Reaching safepoint: 36993 ns, At safepoint: 4740 ns, Total: 41733 ns
[2022-06-28T09:38:05.542+0000][6][safepoint   ] Safepoint "Cleanup", Time since last: 25002798661 ns, Reaching safepoint: 45443 ns, At safepoint: 25207 ns, Total: 70650 ns
[2022-06-28T09:38:06.542+0000][6][safepoint   ] Safepoint "Cleanup", Time since last: 1000141343 ns, Reaching safepoint: 37463 ns, At safepoint: 4907 ns, Total: 42370 ns
[2022-06-28T09:38:35.546+0000][6][safepoint   ] Safepoint "Cleanup", Time since last: 29003204953 ns, Reaching safepoint: 41810 ns, At safepoint: 4760 ns, Total: 46570 ns
[2022-06-28T09:38:50.478+0000][6][gc,start    ] GC(102) Pause Young (Normal) (G1 Evacuation Pause)
[2022-06-28T09:38:50.478+0000][6][gc,task     ] GC(102) Using 1 workers of 1 for evacuation
[2022-06-28T09:38:50.478+0000][6][gc,age      ] GC(102) Desired survivor size 8388608 bytes, new threshold 15 (max threshold 15)
[2022-06-28T09:38:50.481+0000][6][gc,phases   ] GC(102)   Pre Evacuate Collection Set: 0.0ms
[2022-06-28T09:38:50.481+0000][6][gc,phases   ] GC(102)   Merge Heap Roots: 0.0ms
[2022-06-28T09:38:50.481+0000][6][gc,phases   ] GC(102)   Evacuate Collection Set: 1.7ms
[2022-06-28T09:38:50.481+0000][6][gc,phases   ] GC(102)   Post Evacuate Collection Set: 1.0ms
[2022-06-28T09:38:50.481+0000][6][gc,phases   ] GC(102)   Other: 0.1ms
[2022-06-28T09:38:50.481+0000][6][gc,age      ] GC(102) Age table with threshold 15 (max threshold 15)
[2022-06-28T09:38:50.481+0000][6][gc,age      ] GC(102) - age   1:      53312 bytes,      53312 total
[2022-06-28T09:38:50.481+0000][6][gc,age      ] GC(102) - age   2:        200 bytes,      53512 total
[2022-06-28T09:38:50.481+0000][6][gc,age      ] GC(102) - age   3:       2056 bytes,      55568 total
[2022-06-28T09:38:50.481+0000][6][gc,age      ] GC(102) - age   4:       9240 bytes,      64808 total
[2022-06-28T09:38:50.481+0000][6][gc,age      ] GC(102) - age   5:       2840 bytes,      67648 total
[2022-06-28T09:38:50.481+0000][6][gc,age      ] GC(102) - age   8:        200 bytes,      67848 total
[2022-06-28T09:38:50.481+0000][6][gc,age      ] GC(102) - age  10:        240 bytes,      68088 total
[2022-06-28T09:38:50.481+0000][6][gc,age      ] GC(102) - age  11:        832 bytes,      68920 total
[2022-06-28T09:38:50.481+0000][6][gc,age      ] GC(102) - age  13:        272 bytes,      69192 total
[2022-06-28T09:38:50.481+0000][6][gc,age      ] GC(102) - age  15:        168 bytes,      69360 total
[2022-06-28T09:38:50.481+0000][6][gc,heap     ] GC(102) Eden regions: 29->0(29)
[2022-06-28T09:38:50.481+0000][6][gc,heap     ] GC(102) Survivor regions: 1->1(4)
[2022-06-28T09:38:50.481+0000][6][gc,heap     ] GC(102) Old regions: 19->19
[2022-06-28T09:38:50.481+0000][6][gc,heap     ] GC(102) Archive regions: 2->2
[2022-06-28T09:38:50.481+0000][6][gc,heap     ] GC(102) Humongous regions: 2->2
[2022-06-28T09:38:50.481+0000][6][gc,metaspace] GC(102) Metaspace: 107723K(111296K)->107723K(111296K) NonClass: 93308K(95104K)->93308K(95104K) Class: 14414K(16192K)->14414K(16192K)
[2022-06-28T09:38:50.481+0000][6][gc          ] GC(102) Pause Young (Normal) (G1 Evacuation Pause) 203M->87M(256M) 3.063ms
[2022-06-28T09:38:50.481+0000][6][gc,cpu      ] GC(102) User=0.00s Sys=0.00s Real=0.00s
[2022-06-28T09:38:50.481+0000][6][safepoint   ] Safepoint "G1CollectForAllocation", Time since last: 14932022414 ns, Reaching safepoint: 154241 ns, At safepoint: 3110489 ns, Total: 3264730 ns
[2022-06-28T09:41:33.498+0000][6][safepoint   ] Safepoint "Cleanup", Time since last: 163017315073 ns, Reaching safepoint: 68808 ns, At safepoint: 13493 ns, Total: 82301 ns
[2022-06-28T09:42:17.636+0000][6][gc,start    ] GC(103) Pause Young (Concurrent Start) (G1 Evacuation Pause)
[2022-06-28T09:42:17.636+0000][6][gc,task     ] GC(103) Using 1 workers of 1 for evacuation
[2022-06-28T09:42:17.636+0000][6][gc,age      ] GC(103) Desired survivor size 8388608 bytes, new threshold 15 (max threshold 15)
[2022-06-28T09:42:17.639+0000][6][gc,phases   ] GC(103)   Pre Evacuate Collection Set: 0.2ms
[2022-06-28T09:42:17.639+0000][6][gc,phases   ] GC(103)   Merge Heap Roots: 0.0ms
[2022-06-28T09:42:17.639+0000][6][gc,phases   ] GC(103)   Evacuate Collection Set: 1.6ms
[2022-06-28T09:42:17.639+0000][6][gc,phases   ] GC(103)   Post Evacuate Collection Set: 1.0ms
[2022-06-28T09:42:17.639+0000][6][gc,phases   ] GC(103)   Other: 0.1ms
[2022-06-28T09:42:17.639+0000][6][gc,age      ] GC(103) Age table with threshold 15 (max threshold 15)
[2022-06-28T09:42:17.639+0000][6][gc,age      ] GC(103) - age   1:      13136 bytes,      13136 total
[2022-06-28T09:42:17.639+0000][6][gc,age      ] GC(103) - age   2:       1592 bytes,      14728 total
[2022-06-28T09:42:17.639+0000][6][gc,age      ] GC(103) - age   3:        200 bytes,      14928 total
[2022-06-28T09:42:17.639+0000][6][gc,age      ] GC(103) - age   4:       2056 bytes,      16984 total
[2022-06-28T09:42:17.639+0000][6][gc,age      ] GC(103) - age   5:       8848 bytes,      25832 total
[2022-06-28T09:42:17.639+0000][6][gc,age      ] GC(103) - age   6:       2840 bytes,      28672 total
[2022-06-28T09:42:17.639+0000][6][gc,age      ] GC(103) - age  11:        240 bytes,      28912 total
[2022-06-28T09:42:17.639+0000][6][gc,age      ] GC(103) - age  12:        832 bytes,      29744 total
[2022-06-28T09:42:17.639+0000][6][gc,age      ] GC(103) - age  14:        272 bytes,      30016 total
[2022-06-28T09:42:17.639+0000][6][gc,heap     ] GC(103) Eden regions: 29->0(29)
[2022-06-28T09:42:17.639+0000][6][gc,heap     ] GC(103) Survivor regions: 1->1(4)
[2022-06-28T09:42:17.639+0000][6][gc,heap     ] GC(103) Old regions: 19->19
[2022-06-28T09:42:17.639+0000][6][gc,heap     ] GC(103) Archive regions: 2->2
[2022-06-28T09:42:17.639+0000][6][gc,heap     ] GC(103) Humongous regions: 2->2
[2022-06-28T09:42:17.639+0000][6][gc,metaspace] GC(103) Metaspace: 107723K(111296K)->107723K(111296K) NonClass: 93309K(95104K)->93309K(95104K) Class: 14414K(16192K)->14414K(16192K)
[2022-06-28T09:42:17.639+0000][6][gc          ] GC(103) Pause Young (Concurrent Start) (G1 Evacuation Pause) 203M->87M(256M) 3.041ms
[2022-06-28T09:42:17.639+0000][6][gc,cpu      ] GC(103) User=0.00s Sys=0.00s Real=0.00s
[2022-06-28T09:42:17.639+0000][6][safepoint   ] Safepoint "G1CollectForAllocation", Time since last: 44137816778 ns, Reaching safepoint: 151687 ns, At safepoint: 3091985 ns, Total: 3243672 ns
[2022-06-28T09:42:17.639+0000][6][gc          ] GC(104) Concurrent Mark Cycle
[2022-06-28T09:42:17.639+0000][6][gc,marking  ] GC(104) Concurrent Clear Claimed Marks
[2022-06-28T09:42:17.640+0000][6][gc,marking  ] GC(104) Concurrent Clear Claimed Marks 0.040ms
[2022-06-28T09:42:17.640+0000][6][gc,marking  ] GC(104) Concurrent Scan Root Regions
[2022-06-28T09:42:17.640+0000][6][gc,marking  ] GC(104) Concurrent Scan Root Regions 0.800ms
[2022-06-28T09:42:17.640+0000][6][gc,marking  ] GC(104) Concurrent Mark
[2022-06-28T09:42:17.640+0000][6][gc,marking  ] GC(104) Concurrent Mark From Roots
[2022-06-28T09:42:17.640+0000][6][gc,task     ] GC(104) Using 1 workers of 1 for marking
[2022-06-28T09:42:17.758+0000][6][gc,marking  ] GC(104) Concurrent Mark From Roots 117.645ms
[2022-06-28T09:42:17.758+0000][6][gc,marking  ] GC(104) Concurrent Preclean
[2022-06-28T09:42:17.758+0000][6][gc,marking  ] GC(104) Concurrent Preclean 0.107ms
[2022-06-28T09:42:17.758+0000][6][gc,start    ] GC(104) Pause Remark
[2022-06-28T09:42:17.772+0000][6][gc          ] GC(104) Pause Remark 89M->89M(256M) 13.690ms
[2022-06-28T09:42:17.772+0000][6][gc,cpu      ] GC(104) User=0.01s Sys=0.00s Real=0.01s
[2022-06-28T09:42:17.772+0000][6][safepoint   ] Safepoint "G1Concurrent", Time since last: 118729609 ns, Reaching safepoint: 25609 ns, At safepoint: 13747141 ns, Total: 13772750 ns
[2022-06-28T09:42:17.772+0000][6][gc,marking  ] GC(104) Concurrent Mark 131.630ms
[2022-06-28T09:42:17.772+0000][6][gc,marking  ] GC(104) Concurrent Rebuild Remembered Sets
[2022-06-28T09:42:17.840+0000][6][gc,marking  ] GC(104) Concurrent Rebuild Remembered Sets 68.483ms
[2022-06-28T09:42:17.841+0000][6][gc,start    ] GC(104) Pause Cleanup
[2022-06-28T09:42:17.841+0000][6][gc          ] GC(104) Pause Cleanup 89M->89M(256M) 0.050ms
[2022-06-28T09:42:17.841+0000][6][gc,cpu      ] GC(104) User=0.00s Sys=0.00s Real=0.00s
[2022-06-28T09:42:17.841+0000][6][safepoint   ] Safepoint "G1Concurrent", Time since last: 68582815 ns, Reaching safepoint: 24371 ns, At safepoint: 86367 ns, Total: 110738 ns
[2022-06-28T09:42:17.841+0000][6][gc,marking  ] GC(104) Concurrent Cleanup for Next Mark
[2022-06-28T09:42:17.841+0000][6][gc,marking  ] GC(104) Concurrent Cleanup for Next Mark 0.662ms
[2022-06-28T09:42:17.841+0000][6][gc          ] GC(104) Concurrent Mark Cycle 201.874ms
[2022-06-28T09:42:54.848+0000][6][safepoint   ] Safepoint "Cleanup", Time since last: 37007599211 ns, Reaching safepoint: 41315 ns, At safepoint: 4997 ns, Total: 46312 ns
[2022-06-28T09:43:04.849+0000][6][safepoint   ] Safepoint "Cleanup", Time since last: 10001138589 ns, Reaching safepoint: 56410 ns, At safepoint: 9423 ns, Total: 65833 ns
[2022-06-28T09:45:41.796+0000][6][gc,start    ] GC(105) Pause Young (Normal) (G1 Evacuation Pause)
[2022-06-28T09:45:41.796+0000][6][gc,task     ] GC(105) Using 1 workers of 1 for evacuation
[2022-06-28T09:45:41.796+0000][6][gc,age      ] GC(105) Desired survivor size 8388608 bytes, new threshold 15 (max threshold 15)
[2022-06-28T09:45:41.799+0000][6][gc,phases   ] GC(105)   Pre Evacuate Collection Set: 0.0ms
[2022-06-28T09:45:41.799+0000][6][gc,phases   ] GC(105)   Merge Heap Roots: 0.1ms
[2022-06-28T09:45:41.799+0000][6][gc,phases   ] GC(105)   Evacuate Collection Set: 1.6ms
[2022-06-28T09:45:41.799+0000][6][gc,phases   ] GC(105)   Post Evacuate Collection Set: 0.9ms
[2022-06-28T09:45:41.799+0000][6][gc,phases   ] GC(105)   Other: 0.1ms
[2022-06-28T09:45:41.799+0000][6][gc,age      ] GC(105) Age table with threshold 15 (max threshold 15)
[2022-06-28T09:45:41.799+0000][6][gc,age      ] GC(105) - age   1:      13048 bytes,      13048 total
[2022-06-28T09:45:41.799+0000][6][gc,age      ] GC(105) - age   2:        592 bytes,      13640 total
[2022-06-28T09:45:41.799+0000][6][gc,age      ] GC(105) - age   3:       1592 bytes,      15232 total
[2022-06-28T09:45:41.799+0000][6][gc,age      ] GC(105) - age   4:        200 bytes,      15432 total
[2022-06-28T09:45:41.799+0000][6][gc,age      ] GC(105) - age   5:       2056 bytes,      17488 total
[2022-06-28T09:45:41.799+0000][6][gc,age      ] GC(105) - age   6:       8848 bytes,      26336 total
[2022-06-28T09:45:41.799+0000][6][gc,age      ] GC(105) - age   7:       2440 bytes,      28776 total
[2022-06-28T09:45:41.799+0000][6][gc,age      ] GC(105) - age  12:        240 bytes,      29016 total
[2022-06-28T09:45:41.799+0000][6][gc,age      ] GC(105) - age  13:        832 bytes,      29848 total
[2022-06-28T09:45:41.799+0000][6][gc,age      ] GC(105) - age  15:        272 bytes,      30120 total
[2022-06-28T09:45:41.799+0000][6][gc,heap     ] GC(105) Eden regions: 29->0(29)
[2022-06-28T09:45:41.799+0000][6][gc,heap     ] GC(105) Survivor regions: 1->1(4)
[2022-06-28T09:45:41.799+0000][6][gc,heap     ] GC(105) Old regions: 19->19
[2022-06-28T09:45:41.799+0000][6][gc,heap     ] GC(105) Archive regions: 2->2
[2022-06-28T09:45:41.799+0000][6][gc,heap     ] GC(105) Humongous regions: 2->2
[2022-06-28T09:45:41.799+0000][6][gc,metaspace] GC(105) Metaspace: 107723K(111296K)->107723K(111296K) NonClass: 93309K(95104K)->93309K(95104K) Class: 14414K(16192K)->14414K(16192K)
[2022-06-28T09:45:41.799+0000][6][gc          ] GC(105) Pause Young (Normal) (G1 Evacuation Pause) 203M->87M(256M) 2.882ms
[2022-06-28T09:45:41.799+0000][6][gc,cpu      ] GC(105) User=0.00s Sys=0.00s Real=0.00s
[2022-06-28T09:45:41.799+0000][6][safepoint   ] Safepoint "G1CollectForAllocation", Time since last: 156946642309 ns, Reaching safepoint: 159918 ns, At safepoint: 2930479 ns, Total: 3090397 ns
[2022-06-28T09:46:34.805+0000][6][safepoint   ] Safepoint "Cleanup", Time since last: 53005382742 ns, Reaching safepoint: 29955 ns, At safepoint: 4413 ns, Total: 34368 ns
[2022-06-28T09:49:04.820+0000][6][safepoint   ] Safepoint "Cleanup", Time since last: 150015600350 ns, Reaching safepoint: 177149 ns, At safepoint: 31831 ns, Total: 208980 ns
[2022-06-28T09:49:06.087+0000][6][gc,start    ] GC(106) Pause Young (Concurrent Start) (G1 Evacuation Pause)
[2022-06-28T09:49:06.087+0000][6][gc,task     ] GC(106) Using 1 workers of 1 for evacuation
[2022-06-28T09:49:06.087+0000][6][gc,age      ] GC(106) Desired survivor size 8388608 bytes, new threshold 15 (max threshold 15)
[2022-06-28T09:49:06.090+0000][6][gc,phases   ] GC(106)   Pre Evacuate Collection Set: 0.2ms
[2022-06-28T09:49:06.090+0000][6][gc,phases   ] GC(106)   Merge Heap Roots: 0.0ms
[2022-06-28T09:49:06.090+0000][6][gc,phases   ] GC(106)   Evacuate Collection Set: 1.6ms
[2022-06-28T09:49:06.090+0000][6][gc,phases   ] GC(106)   Post Evacuate Collection Set: 0.9ms
[2022-06-28T09:49:06.090+0000][6][gc,phases   ] GC(106)   Other: 0.1ms
[2022-06-28T09:49:06.090+0000][6][gc,age      ] GC(106) Age table with threshold 15 (max threshold 15)
[2022-06-28T09:49:06.090+0000][6][gc,age      ] GC(106) - age   1:      56640 bytes,      56640 total
[2022-06-28T09:49:06.090+0000][6][gc,age      ] GC(106) - age   2:        200 bytes,      56840 total
[2022-06-28T09:49:06.090+0000][6][gc,age      ] GC(106) - age   3:        592 bytes,      57432 total
[2022-06-28T09:49:06.090+0000][6][gc,age      ] GC(106) - age   4:        304 bytes,      57736 total
[2022-06-28T09:49:06.090+0000][6][gc,age      ] GC(106) - age   5:        200 bytes,      57936 total
[2022-06-28T09:49:06.090+0000][6][gc,age      ] GC(106) - age   6:       2056 bytes,      59992 total
[2022-06-28T09:49:06.090+0000][6][gc,age      ] GC(106) - age   7:       8848 bytes,      68840 total
[2022-06-28T09:49:06.090+0000][6][gc,age      ] GC(106) - age   8:       2440 bytes,      71280 total
[2022-06-28T09:49:06.090+0000][6][gc,age      ] GC(106) - age  13:        240 bytes,      71520 total
[2022-06-28T09:49:06.091+0000][6][gc,age      ] GC(106) - age  14:        832 bytes,      72352 total
[2022-06-28T09:49:06.091+0000][6][gc,heap     ] GC(106) Eden regions: 29->0(29)
[2022-06-28T09:49:06.091+0000][6][gc,heap     ] GC(106) Survivor regions: 1->1(4)
[2022-06-28T09:49:06.091+0000][6][gc,heap     ] GC(106) Old regions: 19->19
[2022-06-28T09:49:06.091+0000][6][gc,heap     ] GC(106) Archive regions: 2->2
[2022-06-28T09:49:06.091+0000][6][gc,heap     ] GC(106) Humongous regions: 2->2
[2022-06-28T09:49:06.091+0000][6][gc,metaspace] GC(106) Metaspace: 107727K(111296K)->107727K(111296K) NonClass: 93313K(95104K)->93313K(95104K) Class: 14414K(16192K)->14414K(16192K)
[2022-06-28T09:49:06.091+0000][6][gc          ] GC(106) Pause Young (Concurrent Start) (G1 Evacuation Pause) 203M->87M(256M) 3.158ms
[2022-06-28T09:49:06.091+0000][6][gc,cpu      ] GC(106) User=0.01s Sys=0.00s Real=0.00s
[2022-06-28T09:49:06.091+0000][6][safepoint   ] Safepoint "G1CollectForAllocation", Time since last: 1266799636 ns, Reaching safepoint: 166643 ns, At safepoint: 3213862 ns, Total: 3380505 ns
[2022-06-28T09:49:06.091+0000][6][gc          ] GC(107) Concurrent Mark Cycle
[2022-06-28T09:49:06.091+0000][6][gc,marking  ] GC(107) Concurrent Clear Claimed Marks
[2022-06-28T09:49:06.091+0000][6][gc,marking  ] GC(107) Concurrent Clear Claimed Marks 0.041ms
[2022-06-28T09:49:06.091+0000][6][gc,marking  ] GC(107) Concurrent Scan Root Regions
[2022-06-28T09:49:06.092+0000][6][gc,marking  ] GC(107) Concurrent Scan Root Regions 1.101ms
[2022-06-28T09:49:06.092+0000][6][gc,marking  ] GC(107) Concurrent Mark
[2022-06-28T09:49:06.092+0000][6][gc,marking  ] GC(107) Concurrent Mark From Roots
[2022-06-28T09:49:06.092+0000][6][gc,task     ] GC(107) Using 1 workers of 1 for marking
[2022-06-28T09:49:06.213+0000][6][gc,marking  ] GC(107) Concurrent Mark From Roots 121.291ms
[2022-06-28T09:49:06.213+0000][6][gc,marking  ] GC(107) Concurrent Preclean
[2022-06-28T09:49:06.213+0000][6][gc,marking  ] GC(107) Concurrent Preclean 0.112ms
[2022-06-28T09:49:06.213+0000][6][gc,start    ] GC(107) Pause Remark
[2022-06-28T09:49:06.227+0000][6][gc          ] GC(107) Pause Remark 89M->89M(256M) 14.096ms
[2022-06-28T09:49:06.228+0000][6][gc,cpu      ] GC(107) User=0.01s Sys=0.00s Real=0.02s
[2022-06-28T09:49:06.228+0000][6][safepoint   ] Safepoint "G1Concurrent", Time since last: 122705088 ns, Reaching safepoint: 25946 ns, At safepoint: 14176647 ns, Total: 14202593 ns
[2022-06-28T09:49:06.228+0000][6][gc,marking  ] GC(107) Concurrent Mark 135.730ms
[2022-06-28T09:49:06.228+0000][6][gc,marking  ] GC(107) Concurrent Rebuild Remembered Sets
[2022-06-28T09:49:06.297+0000][6][gc,marking  ] GC(107) Concurrent Rebuild Remembered Sets 69.619ms
[2022-06-28T09:49:06.297+0000][6][gc,start    ] GC(107) Pause Cleanup
[2022-06-28T09:49:06.297+0000][6][gc          ] GC(107) Pause Cleanup 89M->89M(256M) 0.052ms
[2022-06-28T09:49:06.297+0000][6][gc,cpu      ] GC(107) User=0.00s Sys=0.00s Real=0.00s
[2022-06-28T09:49:06.297+0000][6][safepoint   ] Safepoint "G1Concurrent", Time since last: 69719422 ns, Reaching safepoint: 23955 ns, At safepoint: 107289 ns, Total: 131244 ns
[2022-06-28T09:49:06.297+0000][6][gc,marking  ] GC(107) Concurrent Cleanup for Next Mark
[2022-06-28T09:49:06.298+0000][6][gc,marking  ] GC(107) Concurrent Cleanup for Next Mark 0.776ms
[2022-06-28T09:49:06.298+0000][6][gc          ] GC(107) Concurrent Mark Cycle 207.560ms
[2022-06-28T09:50:05.307+0000][6][safepoint   ] Safepoint "Cleanup", Time since last: 59009178780 ns, Reaching safepoint: 45447 ns, At safepoint: 4680 ns, Total: 50127 ns
[2022-06-28T09:51:35.316+0000][6][safepoint   ] Safepoint "Cleanup", Time since last: 90009439376 ns, Reaching safepoint: 38835 ns, At safepoint: 5229 ns, Total: 44064 ns
[2022-06-28T09:52:32.112+0000][6][gc,start    ] GC(108) Pause Young (Normal) (G1 Evacuation Pause)
[2022-06-28T09:52:32.112+0000][6][gc,task     ] GC(108) Using 1 workers of 1 for evacuation
[2022-06-28T09:52:32.112+0000][6][gc,age      ] GC(108) Desired survivor size 8388608 bytes, new threshold 15 (max threshold 15)
[2022-06-28T09:52:32.115+0000][6][gc,phases   ] GC(108)   Pre Evacuate Collection Set: 0.1ms
[2022-06-28T09:52:32.115+0000][6][gc,phases   ] GC(108)   Merge Heap Roots: 0.1ms
[2022-06-28T09:52:32.115+0000][6][gc,phases   ] GC(108)   Evacuate Collection Set: 1.6ms
[2022-06-28T09:52:32.115+0000][6][gc,phases   ] GC(108)   Post Evacuate Collection Set: 1.0ms
[2022-06-28T09:52:32.115+0000][6][gc,phases   ] GC(108)   Other: 0.1ms
[2022-06-28T09:52:32.115+0000][6][gc,age      ] GC(108) Age table with threshold 15 (max threshold 15)
[2022-06-28T09:52:32.115+0000][6][gc,age      ] GC(108) - age   1:      13152 bytes,      13152 total
[2022-06-28T09:52:32.115+0000][6][gc,age      ] GC(108) - age   2:       1432 bytes,      14584 total
[2022-06-28T09:52:32.115+0000][6][gc,age      ] GC(108) - age   4:        592 bytes,      15176 total
[2022-06-28T09:52:32.115+0000][6][gc,age      ] GC(108) - age   5:        304 bytes,      15480 total
[2022-06-28T09:52:32.115+0000][6][gc,age      ] GC(108) - age   6:        200 bytes,      15680 total
[2022-06-28T09:52:32.115+0000][6][gc,age      ] GC(108) - age   7:       2056 bytes,      17736 total
[2022-06-28T09:52:32.115+0000][6][gc,age      ] GC(108) - age   8:       8848 bytes,      26584 total
[2022-06-28T09:52:32.115+0000][6][gc,age      ] GC(108) - age   9:       2440 bytes,      29024 total
[2022-06-28T09:52:32.115+0000][6][gc,age      ] GC(108) - age  14:        240 bytes,      29264 total
[2022-06-28T09:52:32.115+0000][6][gc,age      ] GC(108) - age  15:        832 bytes,      30096 total
[2022-06-28T09:52:32.115+0000][6][gc,heap     ] GC(108) Eden regions: 29->0(29)
[2022-06-28T09:52:32.115+0000][6][gc,heap     ] GC(108) Survivor regions: 1->1(4)
[2022-06-28T09:52:32.115+0000][6][gc,heap     ] GC(108) Old regions: 19->19
[2022-06-28T09:52:32.115+0000][6][gc,heap     ] GC(108) Archive regions: 2->2
[2022-06-28T09:52:32.115+0000][6][gc,heap     ] GC(108) Humongous regions: 2->2
[2022-06-28T09:52:32.115+0000][6][gc,metaspace] GC(108) Metaspace: 107730K(111296K)->107730K(111296K) NonClass: 93316K(95104K)->93316K(95104K) Class: 14414K(16192K)->14414K(16192K)
[2022-06-28T09:52:32.115+0000][6][gc          ] GC(108) Pause Young (Normal) (G1 Evacuation Pause) 203M->87M(256M) 3.031ms
[2022-06-28T09:52:32.115+0000][6][gc,cpu      ] GC(108) User=0.00s Sys=0.00s Real=0.01s
[2022-06-28T09:52:32.115+0000][6][safepoint   ] Safepoint "G1CollectForAllocation", Time since last: 56795894570 ns, Reaching safepoint: 152628 ns, At safepoint: 3078551 ns, Total: 3231179 ns
[2022-06-28T09:54:35.127+0000][6][safepoint   ] Safepoint "Cleanup", Time since last: 123012189191 ns, Reaching safepoint: 37599 ns, At safepoint: 4680 ns, Total: 42279 ns
[2022-06-28T09:55:57.270+0000][6][gc,start    ] GC(109) Pause Young (Concurrent Start) (G1 Evacuation Pause)
[2022-06-28T09:55:57.270+0000][6][gc,task     ] GC(109) Using 1 workers of 1 for evacuation
[2022-06-28T09:55:57.270+0000][6][gc,age      ] GC(109) Desired survivor size 8388608 bytes, new threshold 15 (max threshold 15)
[2022-06-28T09:55:57.273+0000][6][gc,phases   ] GC(109)   Pre Evacuate Collection Set: 0.2ms
[2022-06-28T09:55:57.273+0000][6][gc,phases   ] GC(109)   Merge Heap Roots: 0.0ms
[2022-06-28T09:55:57.273+0000][6][gc,phases   ] GC(109)   Evacuate Collection Set: 1.5ms
[2022-06-28T09:55:57.273+0000][6][gc,phases   ] GC(109)   Post Evacuate Collection Set: 0.8ms
[2022-06-28T09:55:57.273+0000][6][gc,phases   ] GC(109)   Other: 0.1ms
[2022-06-28T09:55:57.273+0000][6][gc,age      ] GC(109) Age table with threshold 15 (max threshold 15)
[2022-06-28T09:55:57.273+0000][6][gc,age      ] GC(109) - age   1:      13072 bytes,      13072 total
[2022-06-28T09:55:57.273+0000][6][gc,age      ] GC(109) - age   2:        384 bytes,      13456 total
[2022-06-28T09:55:57.273+0000][6][gc,age      ] GC(109) - age   3:       1432 bytes,      14888 total
[2022-06-28T09:55:57.273+0000][6][gc,age      ] GC(109) - age   5:        592 bytes,      15480 total
[2022-06-28T09:55:57.273+0000][6][gc,age      ] GC(109) - age   6:        304 bytes,      15784 total
[2022-06-28T09:55:57.273+0000][6][gc,age      ] GC(109) - age   7:        200 bytes,      15984 total
[2022-06-28T09:55:57.273+0000][6][gc,age      ] GC(109) - age   8:       2056 bytes,      18040 total
[2022-06-28T09:55:57.273+0000][6][gc,age      ] GC(109) - age   9:       8848 bytes,      26888 total
[2022-06-28T09:55:57.273+0000][6][gc,age      ] GC(109) - age  10:       2440 bytes,      29328 total
[2022-06-28T09:55:57.273+0000][6][gc,age      ] GC(109) - age  15:        240 bytes,      29568 total
[2022-06-28T09:55:57.273+0000][6][gc,heap     ] GC(109) Eden regions: 29->0(29)
[2022-06-28T09:55:57.273+0000][6][gc,heap     ] GC(109) Survivor regions: 1->1(4)
[2022-06-28T09:55:57.273+0000][6][gc,heap     ] GC(109) Old regions: 19->19
[2022-06-28T09:55:57.273+0000][6][gc,heap     ] GC(109) Archive regions: 2->2
[2022-06-28T09:55:57.273+0000][6][gc,heap     ] GC(109) Humongous regions: 2->2
[2022-06-28T09:55:57.273+0000][6][gc,metaspace] GC(109) Metaspace: 107730K(111296K)->107730K(111296K) NonClass: 93316K(95104K)->93316K(95104K) Class: 14414K(16192K)->14414K(16192K)
[2022-06-28T09:55:57.273+0000][6][gc          ] GC(109) Pause Young (Concurrent Start) (G1 Evacuation Pause) 203M->87M(256M) 2.929ms
[2022-06-28T09:55:57.273+0000][6][gc,cpu      ] GC(109) User=0.00s Sys=0.00s Real=0.00s
[2022-06-28T09:55:57.273+0000][6][safepoint   ] Safepoint "G1CollectForAllocation", Time since last: 82142622110 ns, Reaching safepoint: 154449 ns, At safepoint: 2981516 ns, Total: 3135965 ns
[2022-06-28T09:55:57.273+0000][6][gc          ] GC(110) Concurrent Mark Cycle
[2022-06-28T09:55:57.273+0000][6][gc,marking  ] GC(110) Concurrent Clear Claimed Marks
[2022-06-28T09:55:57.273+0000][6][gc,marking  ] GC(110) Concurrent Clear Claimed Marks 0.049ms
[2022-06-28T09:55:57.273+0000][6][gc,marking  ] GC(110) Concurrent Scan Root Regions
[2022-06-28T09:55:57.274+0000][6][gc,marking  ] GC(110) Concurrent Scan Root Regions 0.758ms
[2022-06-28T09:55:57.274+0000][6][gc,marking  ] GC(110) Concurrent Mark
[2022-06-28T09:55:57.274+0000][6][gc,marking  ] GC(110) Concurrent Mark From Roots
[2022-06-28T09:55:57.274+0000][6][gc,task     ] GC(110) Using 1 workers of 1 for marking
[2022-06-28T09:55:57.392+0000][6][gc,marking  ] GC(110) Concurrent Mark From Roots 118.355ms
[2022-06-28T09:55:57.393+0000][6][gc,marking  ] GC(110) Concurrent Preclean
[2022-06-28T09:55:57.393+0000][6][gc,marking  ] GC(110) Concurrent Preclean 0.106ms
[2022-06-28T09:55:57.393+0000][6][gc,start    ] GC(110) Pause Remark
[2022-06-28T09:55:57.407+0000][6][gc          ] GC(110) Pause Remark 89M->89M(256M) 14.161ms
[2022-06-28T09:55:57.407+0000][6][gc,cpu      ] GC(110) User=0.02s Sys=0.00s Real=0.02s
[2022-06-28T09:55:57.407+0000][6][safepoint   ] Safepoint "G1Concurrent", Time since last: 119441357 ns, Reaching safepoint: 24178 ns, At safepoint: 14233137 ns, Total: 14257315 ns
[2022-06-28T09:55:57.407+0000][6][gc,marking  ] GC(110) Concurrent Mark 132.835ms
[2022-06-28T09:55:57.407+0000][6][gc,marking  ] GC(110) Concurrent Rebuild Remembered Sets
[2022-06-28T09:55:57.475+0000][6][gc,marking  ] GC(110) Concurrent Rebuild Remembered Sets 67.562ms
[2022-06-28T09:55:57.475+0000][6][gc,start    ] GC(110) Pause Cleanup
[2022-06-28T09:55:57.475+0000][6][gc          ] GC(110) Pause Cleanup 89M->89M(256M) 0.048ms
[2022-06-28T09:55:57.475+0000][6][gc,cpu      ] GC(110) User=0.00s Sys=0.00s Real=0.00s
[2022-06-28T09:55:57.475+0000][6][safepoint   ] Safepoint "G1Concurrent", Time since last: 67653664 ns, Reaching safepoint: 24466 ns, At safepoint: 84282 ns, Total: 108748 ns
[2022-06-28T09:55:57.475+0000][6][gc,marking  ] GC(110) Concurrent Cleanup for Next Mark
[2022-06-28T09:55:57.475+0000][6][gc,marking  ] GC(110) Concurrent Cleanup for Next Mark 0.678ms
[2022-06-28T09:55:57.475+0000][6][gc          ] GC(110) Concurrent Mark Cycle 202.131ms
[2022-06-28T09:56:33.479+0000][6][safepoint   ] Safepoint "Cleanup", Time since last: 36004031637 ns, Reaching safepoint: 41370 ns, At safepoint: 5120 ns, Total: 46490 ns
[2022-06-28T09:56:35.479+0000][6][safepoint   ] Safepoint "Cleanup", Time since last: 2000252445 ns, Reaching safepoint: 37987 ns, At safepoint: 5123 ns, Total: 43110 ns
[2022-06-28T09:59:08.496+0000][6][safepoint   ] Safepoint "Cleanup", Time since last: 153016701322 ns, Reaching safepoint: 54177 ns, At safepoint: 4789 ns, Total: 58966 ns
[2022-06-28T09:59:21.429+0000][6][gc,start    ] GC(111) Pause Young (Normal) (G1 Evacuation Pause)
[2022-06-28T09:59:21.429+0000][6][gc,task     ] GC(111) Using 1 workers of 1 for evacuation
[2022-06-28T09:59:21.429+0000][6][gc,age      ] GC(111) Desired survivor size 8388608 bytes, new threshold 15 (max threshold 15)
[2022-06-28T09:59:21.432+0000][6][gc,phases   ] GC(111)   Pre Evacuate Collection Set: 0.1ms
[2022-06-28T09:59:21.432+0000][6][gc,phases   ] GC(111)   Merge Heap Roots: 0.1ms
[2022-06-28T09:59:21.432+0000][6][gc,phases   ] GC(111)   Evacuate Collection Set: 1.7ms
[2022-06-28T09:59:21.432+0000][6][gc,phases   ] GC(111)   Post Evacuate Collection Set: 0.9ms
[2022-06-28T09:59:21.432+0000][6][gc,phases   ] GC(111)   Other: 0.1ms
[2022-06-28T09:59:21.432+0000][6][gc,age      ] GC(111) Age table with threshold 15 (max threshold 15)
[2022-06-28T09:59:21.432+0000][6][gc,age      ] GC(111) - age   1:      54056 bytes,      54056 total
[2022-06-28T09:59:21.432+0000][6][gc,age      ] GC(111) - age   2:        288 bytes,      54344 total
[2022-06-28T09:59:21.432+0000][6][gc,age      ] GC(111) - age   3:        384 bytes,      54728 total
[2022-06-28T09:59:21.432+0000][6][gc,age      ] GC(111) - age   4:        144 bytes,      54872 total
[2022-06-28T09:59:21.432+0000][6][gc,age      ] GC(111) - age   7:        304 bytes,      55176 total
[2022-06-28T09:59:21.432+0000][6][gc,age      ] GC(111) - age   8:        200 bytes,      55376 total
[2022-06-28T09:59:21.432+0000][6][gc,age      ] GC(111) - age   9:       2056 bytes,      57432 total
[2022-06-28T09:59:21.432+0000][6][gc,age      ] GC(111) - age  10:       8848 bytes,      66280 total
[2022-06-28T09:59:21.432+0000][6][gc,age      ] GC(111) - age  11:       2440 bytes,      68720 total
[2022-06-28T09:59:21.432+0000][6][gc,heap     ] GC(111) Eden regions: 29->0(29)
[2022-06-28T09:59:21.432+0000][6][gc,heap     ] GC(111) Survivor regions: 1->1(4)
[2022-06-28T09:59:21.432+0000][6][gc,heap     ] GC(111) Old regions: 19->19
[2022-06-28T09:59:21.432+0000][6][gc,heap     ] GC(111) Archive regions: 2->2
[2022-06-28T09:59:21.432+0000][6][gc,heap     ] GC(111) Humongous regions: 2->2
[2022-06-28T09:59:21.432+0000][6][gc,metaspace] GC(111) Metaspace: 107736K(111296K)->107736K(111296K) NonClass: 93321K(95104K)->93321K(95104K) Class: 14414K(16192K)->14414K(16192K)
[2022-06-28T09:59:21.432+0000][6][gc          ] GC(111) Pause Young (Normal) (G1 Evacuation Pause) 203M->87M(256M) 3.070ms
[2022-06-28T09:59:21.432+0000][6][gc,cpu      ] GC(111) User=0.00s Sys=0.00s Real=0.00s
[2022-06-28T09:59:21.432+0000][6][safepoint   ] Safepoint "G1CollectForAllocation", Time since last: 12933314078 ns, Reaching safepoint: 161258 ns, At safepoint: 3116029 ns, Total: 3277287 ns
[2022-06-28T10:02:48.922+0000][6][gc,start    ] GC(112) Pause Young (Concurrent Start) (G1 Evacuation Pause)
[2022-06-28T10:02:48.922+0000][6][gc,task     ] GC(112) Using 1 workers of 1 for evacuation
[2022-06-28T10:02:48.922+0000][6][gc,age      ] GC(112) Desired survivor size 8388608 bytes, new threshold 15 (max threshold 15)
[2022-06-28T10:02:48.925+0000][6][gc,phases   ] GC(112)   Pre Evacuate Collection Set: 0.2ms
[2022-06-28T10:02:48.925+0000][6][gc,phases   ] GC(112)   Merge Heap Roots: 0.1ms
[2022-06-28T10:02:48.925+0000][6][gc,phases   ] GC(112)   Evacuate Collection Set: 1.6ms
[2022-06-28T10:02:48.925+0000][6][gc,phases   ] GC(112)   Post Evacuate Collection Set: 1.0ms
[2022-06-28T10:02:48.925+0000][6][gc,phases   ] GC(112)   Other: 0.1ms
[2022-06-28T10:02:48.925+0000][6][gc,age      ] GC(112) Age table with threshold 15 (max threshold 15)
[2022-06-28T10:02:48.925+0000][6][gc,age      ] GC(112) - age   1:      13776 bytes,      13776 total
[2022-06-28T10:02:48.925+0000][6][gc,age      ] GC(112) - age   2:       2256 bytes,      16032 total
[2022-06-28T10:02:48.925+0000][6][gc,age      ] GC(112) - age   3:        288 bytes,      16320 total
[2022-06-28T10:02:48.925+0000][6][gc,age      ] GC(112) - age   4:        184 bytes,      16504 total
[2022-06-28T10:02:48.925+0000][6][gc,age      ] GC(112) - age   5:        144 bytes,      16648 total
[2022-06-28T10:02:48.925+0000][6][gc,age      ] GC(112) - age   8:        304 bytes,      16952 total
[2022-06-28T10:02:48.925+0000][6][gc,age      ] GC(112) - age   9:        200 bytes,      17152 total
[2022-06-28T10:02:48.925+0000][6][gc,age      ] GC(112) - age  10:       2056 bytes,      19208 total
[2022-06-28T10:02:48.925+0000][6][gc,age      ] GC(112) - age  11:       8848 bytes,      28056 total
[2022-06-28T10:02:48.925+0000][6][gc,age      ] GC(112) - age  12:       2440 bytes,      30496 total
[2022-06-28T10:02:48.925+0000][6][gc,heap     ] GC(112) Eden regions: 29->0(29)
[2022-06-28T10:02:48.925+0000][6][gc,heap     ] GC(112) Survivor regions: 1->1(4)
[2022-06-28T10:02:48.925+0000][6][gc,heap     ] GC(112) Old regions: 19->19
[2022-06-28T10:02:48.925+0000][6][gc,heap     ] GC(112) Archive regions: 2->2
[2022-06-28T10:02:48.925+0000][6][gc,heap     ] GC(112) Humongous regions: 2->2
[2022-06-28T10:02:48.925+0000][6][gc,metaspace] GC(112) Metaspace: 107736K(111296K)->107736K(111296K) NonClass: 93321K(95104K)->93321K(95104K) Class: 14414K(16192K)->14414K(16192K)
[2022-06-28T10:02:48.925+0000][6][gc          ] GC(112) Pause Young (Concurrent Start) (G1 Evacuation Pause) 203M->87M(256M) 3.238ms
[2022-06-28T10:02:48.925+0000][6][gc,cpu      ] GC(112) User=0.00s Sys=0.00s Real=0.00s
[2022-06-28T10:02:48.925+0000][6][safepoint   ] Safepoint "G1CollectForAllocation", Time since last: 207489695727 ns, Reaching safepoint: 33092 ns, At safepoint: 3311359 ns, Total: 3344451 ns
[2022-06-28T10:02:48.925+0000][6][gc          ] GC(113) Concurrent Mark Cycle
[2022-06-28T10:02:48.925+0000][6][gc,marking  ] GC(113) Concurrent Clear Claimed Marks
[2022-06-28T10:02:48.925+0000][6][gc,marking  ] GC(113) Concurrent Clear Claimed Marks 0.040ms
[2022-06-28T10:02:48.926+0000][6][gc,marking  ] GC(113) Concurrent Scan Root Regions
[2022-06-28T10:02:48.927+0000][6][gc,marking  ] GC(113) Concurrent Scan Root Regions 1.423ms
[2022-06-28T10:02:48.927+0000][6][gc,marking  ] GC(113) Concurrent Mark
[2022-06-28T10:02:48.927+0000][6][gc,marking  ] GC(113) Concurrent Mark From Roots
[2022-06-28T10:02:48.927+0000][6][gc,task     ] GC(113) Using 1 workers of 1 for marking
[2022-06-28T10:02:49.044+0000][6][gc,marking  ] GC(113) Concurrent Mark From Roots 116.585ms
[2022-06-28T10:02:49.044+0000][6][gc,marking  ] GC(113) Concurrent Preclean
[2022-06-28T10:02:49.044+0000][6][gc,marking  ] GC(113) Concurrent Preclean 0.108ms
[2022-06-28T10:02:49.044+0000][6][gc,start    ] GC(113) Pause Remark
[2022-06-28T10:02:49.058+0000][6][gc          ] GC(113) Pause Remark 88M->88M(256M) 14.078ms
[2022-06-28T10:02:49.058+0000][6][gc,cpu      ] GC(113) User=0.01s Sys=0.00s Real=0.02s
[2022-06-28T10:02:49.058+0000][6][safepoint   ] Safepoint "G1Concurrent", Time since last: 118304266 ns, Reaching safepoint: 26269 ns, At safepoint: 14162208 ns, Total: 14188477 ns
[2022-06-28T10:02:49.058+0000][6][gc,marking  ] GC(113) Concurrent Mark 130.996ms
[2022-06-28T10:02:49.058+0000][6][gc,marking  ] GC(113) Concurrent Rebuild Remembered Sets
[2022-06-28T10:02:49.126+0000][6][gc,marking  ] GC(113) Concurrent Rebuild Remembered Sets 68.230ms
[2022-06-28T10:02:49.126+0000][6][gc,start    ] GC(113) Pause Cleanup
[2022-06-28T10:02:49.126+0000][6][gc          ] GC(113) Pause Cleanup 88M->88M(256M) 0.051ms
[2022-06-28T10:02:49.126+0000][6][gc,cpu      ] GC(113) User=0.00s Sys=0.00s Real=0.00s
[2022-06-28T10:02:49.126+0000][6][safepoint   ] Safepoint "G1Concurrent", Time since last: 68340282 ns, Reaching safepoint: 22963 ns, At safepoint: 87037 ns, Total: 110000 ns
[2022-06-28T10:02:49.126+0000][6][gc,marking  ] GC(113) Concurrent Cleanup for Next Mark
[2022-06-28T10:02:49.127+0000][6][gc,marking  ] GC(113) Concurrent Cleanup for Next Mark 0.707ms
[2022-06-28T10:02:49.127+0000][6][gc          ] GC(113) Concurrent Mark Cycle 201.670ms
[2022-06-28T10:04:06.135+0000][6][safepoint   ] Safepoint "Cleanup", Time since last: 77008277714 ns, Reaching safepoint: 33135 ns, At safepoint: 4717 ns, Total: 37852 ns
[2022-06-28T10:05:35.145+0000][6][safepoint   ] Safepoint "Cleanup", Time since last: 89009836718 ns, Reaching safepoint: 41678 ns, At safepoint: 25287 ns, Total: 66965 ns
[2022-06-28T10:06:15.748+0000][6][gc,start    ] GC(114) Pause Young (Normal) (G1 Evacuation Pause)
[2022-06-28T10:06:15.748+0000][6][gc,task     ] GC(114) Using 1 workers of 1 for evacuation
[2022-06-28T10:06:15.748+0000][6][gc,age      ] GC(114) Desired survivor size 8388608 bytes, new threshold 15 (max threshold 15)
[2022-06-28T10:06:15.751+0000][6][gc,phases   ] GC(114)   Pre Evacuate Collection Set: 0.0ms
[2022-06-28T10:06:15.751+0000][6][gc,phases   ] GC(114)   Merge Heap Roots: 0.1ms
[2022-06-28T10:06:15.751+0000][6][gc,phases   ] GC(114)   Evacuate Collection Set: 1.6ms
[2022-06-28T10:06:15.751+0000][6][gc,phases   ] GC(114)   Post Evacuate Collection Set: 0.9ms
[2022-06-28T10:06:15.751+0000][6][gc,phases   ] GC(114)   Other: 0.1ms
[2022-06-28T10:06:15.751+0000][6][gc,age      ] GC(114) Age table with threshold 15 (max threshold 15)
[2022-06-28T10:06:15.751+0000][6][gc,age      ] GC(114) - age   1:      14744 bytes,      14744 total
[2022-06-28T10:06:15.751+0000][6][gc,age      ] GC(114) - age   2:       1192 bytes,      15936 total
[2022-06-28T10:06:15.751+0000][6][gc,age      ] GC(114) - age   3:       2232 bytes,      18168 total
[2022-06-28T10:06:15.751+0000][6][gc,age      ] GC(114) - age   4:        288 bytes,      18456 total
[2022-06-28T10:06:15.751+0000][6][gc,age      ] GC(114) - age   5:        184 bytes,      18640 total
[2022-06-28T10:06:15.751+0000][6][gc,age      ] GC(114) - age   6:        144 bytes,      18784 total
[2022-06-28T10:06:15.751+0000][6][gc,age      ] GC(114) - age   9:        104 bytes,      18888 total
[2022-06-28T10:06:15.751+0000][6][gc,age      ] GC(114) - age  10:        200 bytes,      19088 total
[2022-06-28T10:06:15.751+0000][6][gc,age      ] GC(114) - age  11:       2056 bytes,      21144 total
[2022-06-28T10:06:15.751+0000][6][gc,age      ] GC(114) - age  12:       8848 bytes,      29992 total
[2022-06-28T10:06:15.751+0000][6][gc,age      ] GC(114) - age  13:       2440 bytes,      32432 total
[2022-06-28T10:06:15.751+0000][6][gc,heap     ] GC(114) Eden regions: 29->0(29)
[2022-06-28T10:06:15.751+0000][6][gc,heap     ] GC(114) Survivor regions: 1->1(4)
[2022-06-28T10:06:15.751+0000][6][gc,heap     ] GC(114) Old regions: 19->19
[2022-06-28T10:06:15.751+0000][6][gc,heap     ] GC(114) Archive regions: 2->2
[2022-06-28T10:06:15.751+0000][6][gc,heap     ] GC(114) Humongous regions: 2->2
[2022-06-28T10:06:15.751+0000][6][gc,metaspace] GC(114) Metaspace: 107741K(111296K)->107741K(111296K) NonClass: 93326K(95104K)->93326K(95104K) Class: 14414K(16192K)->14414K(16192K)
[2022-06-28T10:06:15.751+0000][6][gc          ] GC(114) Pause Young (Normal) (G1 Evacuation Pause) 203M->87M(256M) 2.907ms
[2022-06-28T10:06:15.751+0000][6][gc,cpu      ] GC(114) User=0.00s Sys=0.00s Real=0.00s
[2022-06-28T10:06:15.751+0000][6][safepoint   ] Safepoint "G1CollectForAllocation", Time since last: 40603313651 ns, Reaching safepoint: 25777 ns, At safepoint: 2963532 ns, Total: 2989309 ns
[2022-06-28T10:06:35.753+0000][6][safepoint   ] Safepoint "Cleanup", Time since last: 20002305825 ns, Reaching safepoint: 39344 ns, At safepoint: 5090 ns, Total: 44434 ns
[2022-06-28T10:07:05.757+0000][6][safepoint   ] Safepoint "Cleanup", Time since last: 30003256319 ns, Reaching safepoint: 41740 ns, At safepoint: 4810 ns, Total: 46550 ns
[2022-06-28T10:08:05.763+0000][6][safepoint   ] Safepoint "Cleanup", Time since last: 60006606617 ns, Reaching safepoint: 58214 ns, At safepoint: 4554 ns, Total: 62768 ns
[2022-06-28T10:09:40.915+0000][6][gc,start    ] GC(115) Pause Young (Concurrent Start) (G1 Evacuation Pause)
[2022-06-28T10:09:40.915+0000][6][gc,task     ] GC(115) Using 1 workers of 1 for evacuation
[2022-06-28T10:09:40.915+0000][6][gc,age      ] GC(115) Desired survivor size 8388608 bytes, new threshold 15 (max threshold 15)
[2022-06-28T10:09:40.918+0000][6][gc,phases   ] GC(115)   Pre Evacuate Collection Set: 0.2ms
[2022-06-28T10:09:40.918+0000][6][gc,phases   ] GC(115)   Merge Heap Roots: 0.0ms
[2022-06-28T10:09:40.918+0000][6][gc,phases   ] GC(115)   Evacuate Collection Set: 1.7ms
[2022-06-28T10:09:40.918+0000][6][gc,phases   ] GC(115)   Post Evacuate Collection Set: 0.9ms
[2022-06-28T10:09:40.918+0000][6][gc,phases   ] GC(115)   Other: 0.1ms
[2022-06-28T10:09:40.918+0000][6][gc,age      ] GC(115) Age table with threshold 15 (max threshold 15)
[2022-06-28T10:09:40.918+0000][6][gc,age      ] GC(115) - age   1:      57368 bytes,      57368 total
[2022-06-28T10:09:40.918+0000][6][gc,age      ] GC(115) - age   2:        256 bytes,      57624 total
[2022-06-28T10:09:40.918+0000][6][gc,age      ] GC(115) - age   3:       1192 bytes,      58816 total
[2022-06-28T10:09:40.918+0000][6][gc,age      ] GC(115) - age   4:        744 bytes,      59560 total
[2022-06-28T10:09:40.918+0000][6][gc,age      ] GC(115) - age   5:        288 bytes,      59848 total
[2022-06-28T10:09:40.918+0000][6][gc,age      ] GC(115) - age   6:        184 bytes,      60032 total
[2022-06-28T10:09:40.918+0000][6][gc,age      ] GC(115) - age   7:        144 bytes,      60176 total
[2022-06-28T10:09:40.918+0000][6][gc,age      ] GC(115) - age  10:        104 bytes,      60280 total
[2022-06-28T10:09:40.918+0000][6][gc,age      ] GC(115) - age  11:        200 bytes,      60480 total
[2022-06-28T10:09:40.918+0000][6][gc,age      ] GC(115) - age  12:       2056 bytes,      62536 total
[2022-06-28T10:09:40.918+0000][6][gc,age      ] GC(115) - age  13:       8848 bytes,      71384 total
[2022-06-28T10:09:40.918+0000][6][gc,age      ] GC(115) - age  14:       2440 bytes,      73824 total
[2022-06-28T10:09:40.918+0000][6][gc,heap     ] GC(115) Eden regions: 29->0(29)
[2022-06-28T10:09:40.918+0000][6][gc,heap     ] GC(115) Survivor regions: 1->1(4)
[2022-06-28T10:09:40.918+0000][6][gc,heap     ] GC(115) Old regions: 19->19
[2022-06-28T10:09:40.918+0000][6][gc,heap     ] GC(115) Archive regions: 2->2
[2022-06-28T10:09:40.918+0000][6][gc,heap     ] GC(115) Humongous regions: 2->2
[2022-06-28T10:09:40.918+0000][6][gc,metaspace] GC(115) Metaspace: 107807K(111296K)->107807K(111296K) NonClass: 93393K(95104K)->93393K(95104K) Class: 14414K(16192K)->14414K(16192K)
[2022-06-28T10:09:40.918+0000][6][gc          ] GC(115) Pause Young (Concurrent Start) (G1 Evacuation Pause) 203M->87M(256M) 3.211ms
[2022-06-28T10:09:40.918+0000][6][gc,cpu      ] GC(115) User=0.00s Sys=0.00s Real=0.00s
[2022-06-28T10:09:40.918+0000][6][safepoint   ] Safepoint "G1CollectForAllocation", Time since last: 95151276430 ns, Reaching safepoint: 26832 ns, At safepoint: 3261486 ns, Total: 3288318 ns
[2022-06-28T10:09:40.918+0000][6][gc          ] GC(116) Concurrent Mark Cycle
[2022-06-28T10:09:40.918+0000][6][gc,marking  ] GC(116) Concurrent Clear Claimed Marks
[2022-06-28T10:09:40.918+0000][6][gc,marking  ] GC(116) Concurrent Clear Claimed Marks 0.055ms
[2022-06-28T10:09:40.918+0000][6][gc,marking  ] GC(116) Concurrent Scan Root Regions
[2022-06-28T10:09:40.919+0000][6][gc,marking  ] GC(116) Concurrent Scan Root Regions 0.800ms
[2022-06-28T10:09:40.919+0000][6][gc,marking  ] GC(116) Concurrent Mark
[2022-06-28T10:09:40.919+0000][6][gc,marking  ] GC(116) Concurrent Mark From Roots
[2022-06-28T10:09:40.919+0000][6][gc,task     ] GC(116) Using 1 workers of 1 for marking
[2022-06-28T10:09:41.040+0000][6][gc,marking  ] GC(116) Concurrent Mark From Roots 120.842ms
[2022-06-28T10:09:41.040+0000][6][gc,marking  ] GC(116) Concurrent Preclean
[2022-06-28T10:09:41.040+0000][6][gc,marking  ] GC(116) Concurrent Preclean 0.122ms
[2022-06-28T10:09:41.040+0000][6][gc,start    ] GC(116) Pause Remark
[2022-06-28T10:09:41.054+0000][6][gc          ] GC(116) Pause Remark 89M->89M(256M) 14.359ms
[2022-06-28T10:09:41.054+0000][6][gc,cpu      ] GC(116) User=0.02s Sys=0.00s Real=0.01s
[2022-06-28T10:09:41.054+0000][6][safepoint   ] Safepoint "G1Concurrent", Time since last: 121992533 ns, Reaching safepoint: 25533 ns, At safepoint: 14420535 ns, Total: 14446068 ns
[2022-06-28T10:09:41.054+0000][6][gc,marking  ] GC(116) Concurrent Mark 135.529ms
[2022-06-28T10:09:41.054+0000][6][gc,marking  ] GC(116) Concurrent Rebuild Remembered Sets
[2022-06-28T10:09:41.122+0000][6][gc,marking  ] GC(116) Concurrent Rebuild Remembered Sets 68.239ms
[2022-06-28T10:09:41.123+0000][6][gc,start    ] GC(116) Pause Cleanup
[2022-06-28T10:09:41.123+0000][6][gc          ] GC(116) Pause Cleanup 89M->89M(256M) 0.052ms
[2022-06-28T10:09:41.123+0000][6][gc,cpu      ] GC(116) User=0.00s Sys=0.00s Real=0.00s
[2022-06-28T10:09:41.123+0000][6][safepoint   ] Safepoint "G1Concurrent", Time since last: 68337094 ns, Reaching safepoint: 24904 ns, At safepoint: 89618 ns, Total: 114522 ns
[2022-06-28T10:09:41.123+0000][6][gc,marking  ] GC(116) Concurrent Cleanup for Next Mark
[2022-06-28T10:09:41.123+0000][6][gc,marking  ] GC(116) Concurrent Cleanup for Next Mark 0.656ms
[2022-06-28T10:09:41.123+0000][6][gc          ] GC(116) Concurrent Mark Cycle 205.542ms
[2022-06-28T10:10:35.128+0000][6][safepoint   ] Safepoint "Cleanup", Time since last: 54005640983 ns, Reaching safepoint: 39319 ns, At safepoint: 4603 ns, Total: 43922 ns
[2022-06-28T10:11:33.134+0000][6][safepoint   ] Safepoint "Cleanup", Time since last: 58005981149 ns, Reaching safepoint: 51311 ns, At safepoint: 4457 ns, Total: 55768 ns
[2022-06-28T10:13:06.083+0000][6][gc,start    ] GC(117) Pause Young (Normal) (G1 Evacuation Pause)
[2022-06-28T10:13:06.083+0000][6][gc,task     ] GC(117) Using 1 workers of 1 for evacuation
[2022-06-28T10:13:06.083+0000][6][gc,age      ] GC(117) Desired survivor size 8388608 bytes, new threshold 15 (max threshold 15)
[2022-06-28T10:13:06.086+0000][6][gc,phases   ] GC(117)   Pre Evacuate Collection Set: 0.0ms
[2022-06-28T10:13:06.086+0000][6][gc,phases   ] GC(117)   Merge Heap Roots: 0.0ms
[2022-06-28T10:13:06.086+0000][6][gc,phases   ] GC(117)   Evacuate Collection Set: 1.6ms
[2022-06-28T10:13:06.086+0000][6][gc,phases   ] GC(117)   Post Evacuate Collection Set: 0.9ms
[2022-06-28T10:13:06.086+0000][6][gc,phases   ] GC(117)   Other: 0.1ms
[2022-06-28T10:13:06.086+0000][6][gc,age      ] GC(117) Age table with threshold 15 (max threshold 15)
[2022-06-28T10:13:06.086+0000][6][gc,age      ] GC(117) - age   1:      13400 bytes,      13400 total
[2022-06-28T10:13:06.086+0000][6][gc,age      ] GC(117) - age   2:       3776 bytes,      17176 total
[2022-06-28T10:13:06.086+0000][6][gc,age      ] GC(117) - age   3:         56 bytes,      17232 total
[2022-06-28T10:13:06.086+0000][6][gc,age      ] GC(117) - age   4:       1192 bytes,      18424 total
[2022-06-28T10:13:06.086+0000][6][gc,age      ] GC(117) - age   5:        352 bytes,      18776 total
[2022-06-28T10:13:06.086+0000][6][gc,age      ] GC(117) - age   6:        288 bytes,      19064 total
[2022-06-28T10:13:06.086+0000][6][gc,age      ] GC(117) - age   7:        184 bytes,      19248 total
[2022-06-28T10:13:06.086+0000][6][gc,age      ] GC(117) - age   8:        144 bytes,      19392 total
[2022-06-28T10:13:06.086+0000][6][gc,age      ] GC(117) - age  11:        104 bytes,      19496 total
[2022-06-28T10:13:06.086+0000][6][gc,age      ] GC(117) - age  12:        200 bytes,      19696 total
[2022-06-28T10:13:06.086+0000][6][gc,age      ] GC(117) - age  13:       2056 bytes,      21752 total
[2022-06-28T10:13:06.086+0000][6][gc,age      ] GC(117) - age  14:       8648 bytes,      30400 total
[2022-06-28T10:13:06.086+0000][6][gc,age      ] GC(117) - age  15:       2440 bytes,      32840 total
[2022-06-28T10:13:06.086+0000][6][gc,heap     ] GC(117) Eden regions: 29->0(29)
[2022-06-28T10:13:06.086+0000][6][gc,heap     ] GC(117) Survivor regions: 1->1(4)
[2022-06-28T10:13:06.086+0000][6][gc,heap     ] GC(117) Old regions: 19->19
[2022-06-28T10:13:06.086+0000][6][gc,heap     ] GC(117) Archive regions: 2->2
[2022-06-28T10:13:06.086+0000][6][gc,heap     ] GC(117) Humongous regions: 2->2
[2022-06-28T10:13:06.086+0000][6][gc,metaspace] GC(117) Metaspace: 107808K(111296K)->107808K(111296K) NonClass: 93394K(95104K)->93394K(95104K) Class: 14414K(16192K)->14414K(16192K)
[2022-06-28T10:13:06.086+0000][6][gc          ] GC(117) Pause Young (Normal) (G1 Evacuation Pause) 203M->87M(256M) 2.981ms
[2022-06-28T10:13:06.086+0000][6][gc,cpu      ] GC(117) User=0.00s Sys=0.00s Real=0.00s
[2022-06-28T10:13:06.086+0000][6][safepoint   ] Safepoint "G1CollectForAllocation", Time since last: 92948466709 ns, Reaching safepoint: 195835 ns, At safepoint: 3026008 ns, Total: 3221843 ns
[2022-06-28T10:16:33.666+0000][6][gc,start    ] GC(118) Pause Young (Concurrent Start) (G1 Evacuation Pause)
[2022-06-28T10:16:33.666+0000][6][gc,task     ] GC(118) Using 1 workers of 1 for evacuation
[2022-06-28T10:16:33.666+0000][6][gc,age      ] GC(118) Desired survivor size 8388608 bytes, new threshold 15 (max threshold 15)
[2022-06-28T10:16:33.669+0000][6][gc,phases   ] GC(118)   Pre Evacuate Collection Set: 0.2ms
[2022-06-28T10:16:33.669+0000][6][gc,phases   ] GC(118)   Merge Heap Roots: 0.0ms
[2022-06-28T10:16:33.669+0000][6][gc,phases   ] GC(118)   Evacuate Collection Set: 1.8ms
[2022-06-28T10:16:33.669+0000][6][gc,phases   ] GC(118)   Post Evacuate Collection Set: 1.0ms
[2022-06-28T10:16:33.669+0000][6][gc,phases   ] GC(118)   Other: 0.1ms
[2022-06-28T10:16:33.669+0000][6][gc,age      ] GC(118) Age table with threshold 15 (max threshold 15)
[2022-06-28T10:16:33.669+0000][6][gc,age      ] GC(118) - age   1:      83480 bytes,      83480 total
[2022-06-28T10:16:33.669+0000][6][gc,age      ] GC(118) - age   2:        592 bytes,      84072 total
[2022-06-28T10:16:33.669+0000][6][gc,age      ] GC(118) - age   3:       3776 bytes,      87848 total
[2022-06-28T10:16:33.669+0000][6][gc,age      ] GC(118) - age   4:         56 bytes,      87904 total
[2022-06-28T10:16:33.669+0000][6][gc,age      ] GC(118) - age   5:       1192 bytes,      89096 total
[2022-06-28T10:16:33.669+0000][6][gc,age      ] GC(118) - age   6:        352 bytes,      89448 total
[2022-06-28T10:16:33.669+0000][6][gc,age      ] GC(118) - age   7:        288 bytes,      89736 total
[2022-06-28T10:16:33.669+0000][6][gc,age      ] GC(118) - age   8:        184 bytes,      89920 total
[2022-06-28T10:16:33.669+0000][6][gc,age      ] GC(118) - age   9:        144 bytes,      90064 total
[2022-06-28T10:16:33.669+0000][6][gc,age      ] GC(118) - age  12:        104 bytes,      90168 total
[2022-06-28T10:16:33.669+0000][6][gc,age      ] GC(118) - age  14:       2056 bytes,      92224 total
[2022-06-28T10:16:33.669+0000][6][gc,age      ] GC(118) - age  15:       8648 bytes,     100872 total
[2022-06-28T10:16:33.669+0000][6][gc,heap     ] GC(118) Eden regions: 29->0(29)
[2022-06-28T10:16:33.669+0000][6][gc,heap     ] GC(118) Survivor regions: 1->1(4)
[2022-06-28T10:16:33.669+0000][6][gc,heap     ] GC(118) Old regions: 19->19
[2022-06-28T10:16:33.669+0000][6][gc,heap     ] GC(118) Archive regions: 2->2
[2022-06-28T10:16:33.669+0000][6][gc,heap     ] GC(118) Humongous regions: 2->2
[2022-06-28T10:16:33.669+0000][6][gc,metaspace] GC(118) Metaspace: 107808K(111296K)->107808K(111296K) NonClass: 93394K(95104K)->93394K(95104K) Class: 14414K(16192K)->14414K(16192K)
[2022-06-28T10:16:33.669+0000][6][gc          ] GC(118) Pause Young (Concurrent Start) (G1 Evacuation Pause) 203M->87M(256M) 3.389ms
[2022-06-28T10:16:33.669+0000][6][gc,cpu      ] GC(118) User=0.01s Sys=0.00s Real=0.01s
[2022-06-28T10:16:33.669+0000][6][safepoint   ] Safepoint "G1CollectForAllocation", Time since last: 207579654519 ns, Reaching safepoint: 26834 ns, At safepoint: 3440519 ns, Total: 3467353 ns
[2022-06-28T10:16:33.669+0000][6][gc          ] GC(119) Concurrent Mark Cycle
[2022-06-28T10:16:33.669+0000][6][gc,marking  ] GC(119) Concurrent Clear Claimed Marks
[2022-06-28T10:16:33.669+0000][6][gc,marking  ] GC(119) Concurrent Clear Claimed Marks 0.041ms
[2022-06-28T10:16:33.669+0000][6][gc,marking  ] GC(119) Concurrent Scan Root Regions
[2022-06-28T10:16:33.670+0000][6][gc,marking  ] GC(119) Concurrent Scan Root Regions 1.035ms
[2022-06-28T10:16:33.670+0000][6][gc,marking  ] GC(119) Concurrent Mark
[2022-06-28T10:16:33.670+0000][6][gc,marking  ] GC(119) Concurrent Mark From Roots
[2022-06-28T10:16:33.670+0000][6][gc,task     ] GC(119) Using 1 workers of 1 for marking
[2022-06-28T10:16:33.794+0000][6][gc,marking  ] GC(119) Concurrent Mark From Roots 123.348ms
[2022-06-28T10:16:33.794+0000][6][gc,marking  ] GC(119) Concurrent Preclean
[2022-06-28T10:16:33.794+0000][6][gc,marking  ] GC(119) Concurrent Preclean 0.108ms
[2022-06-28T10:16:33.794+0000][6][gc,start    ] GC(119) Pause Remark
[2022-06-28T10:16:33.808+0000][6][gc          ] GC(119) Pause Remark 88M->88M(256M) 14.588ms
[2022-06-28T10:16:33.809+0000][6][gc,cpu      ] GC(119) User=0.02s Sys=0.00s Real=0.02s
[2022-06-28T10:16:33.809+0000][6][safepoint   ] Safepoint "G1Concurrent", Time since last: 124666672 ns, Reaching safepoint: 25575 ns, At safepoint: 14655769 ns, Total: 14681344 ns
[2022-06-28T10:16:33.809+0000][6][gc,marking  ] GC(119) Concurrent Mark 138.272ms
[2022-06-28T10:16:33.809+0000][6][gc,marking  ] GC(119) Concurrent Rebuild Remembered Sets
[2022-06-28T10:16:33.882+0000][6][gc,marking  ] GC(119) Concurrent Rebuild Remembered Sets 73.803ms
[2022-06-28T10:16:33.883+0000][6][gc,start    ] GC(119) Pause Cleanup
[2022-06-28T10:16:33.883+0000][6][gc          ] GC(119) Pause Cleanup 88M->88M(256M) 0.052ms
[2022-06-28T10:16:33.883+0000][6][gc,cpu      ] GC(119) User=0.00s Sys=0.00s Real=0.00s
[2022-06-28T10:16:33.883+0000][6][safepoint   ] Safepoint "G1Concurrent", Time since last: 73947224 ns, Reaching safepoint: 23134 ns, At safepoint: 89234 ns, Total: 112368 ns
[2022-06-28T10:16:33.883+0000][6][gc,marking  ] GC(119) Concurrent Cleanup for Next Mark
[2022-06-28T10:16:33.883+0000][6][gc,marking  ] GC(119) Concurrent Cleanup for Next Mark 0.651ms
[2022-06-28T10:16:33.883+0000][6][gc          ] GC(119) Concurrent Mark Cycle 214.076ms
[2022-06-28T10:16:34.883+0000][6][safepoint   ] Safepoint "Cleanup", Time since last: 1000137306 ns, Reaching safepoint: 40461 ns, At safepoint: 5005 ns, Total: 45466 ns
[2022-06-28T10:17:36.890+0000][6][safepoint   ] Safepoint "Cleanup", Time since last: 62006729976 ns, Reaching safepoint: 41646 ns, At safepoint: 4579 ns, Total: 46225 ns
[2022-06-28T10:18:05.893+0000][6][safepoint   ] Safepoint "Cleanup", Time since last: 29003139406 ns, Reaching safepoint: 61333 ns, At safepoint: 9213 ns, Total: 70546 ns
[2022-06-28T10:18:30.896+0000][6][safepoint   ] Safepoint "Cleanup", Time since last: 25003063238 ns, Reaching safepoint: 37925 ns, At safepoint: 27992 ns, Total: 65917 ns
[2022-06-28T10:19:57.539+0000][6][gc,start    ] GC(120) Pause Young (Normal) (G1 Evacuation Pause)
[2022-06-28T10:19:57.539+0000][6][gc,task     ] GC(120) Using 1 workers of 1 for evacuation
[2022-06-28T10:19:57.539+0000][6][gc,age      ] GC(120) Desired survivor size 8388608 bytes, new threshold 15 (max threshold 15)
[2022-06-28T10:19:57.542+0000][6][gc,phases   ] GC(120)   Pre Evacuate Collection Set: 0.0ms
[2022-06-28T10:19:57.542+0000][6][gc,phases   ] GC(120)   Merge Heap Roots: 0.1ms
[2022-06-28T10:19:57.542+0000][6][gc,phases   ] GC(120)   Evacuate Collection Set: 1.7ms
[2022-06-28T10:19:57.542+0000][6][gc,phases   ] GC(120)   Post Evacuate Collection Set: 1.0ms
[2022-06-28T10:19:57.542+0000][6][gc,phases   ] GC(120)   Other: 0.1ms
[2022-06-28T10:19:57.542+0000][6][gc,age      ] GC(120) Age table with threshold 15 (max threshold 15)
[2022-06-28T10:19:57.542+0000][6][gc,age      ] GC(120) - age   1:      53136 bytes,      53136 total
[2022-06-28T10:19:57.542+0000][6][gc,age      ] GC(120) - age   2:        200 bytes,      53336 total
[2022-06-28T10:19:57.542+0000][6][gc,age      ] GC(120) - age   3:        592 bytes,      53928 total
[2022-06-28T10:19:57.542+0000][6][gc,age      ] GC(120) - age   4:       2488 bytes,      56416 total
[2022-06-28T10:19:57.542+0000][6][gc,age      ] GC(120) - age   5:         56 bytes,      56472 total
[2022-06-28T10:19:57.542+0000][6][gc,age      ] GC(120) - age   6:       1192 bytes,      57664 total
[2022-06-28T10:19:57.542+0000][6][gc,age      ] GC(120) - age   7:        352 bytes,      58016 total
[2022-06-28T10:19:57.542+0000][6][gc,age      ] GC(120) - age   8:        288 bytes,      58304 total
[2022-06-28T10:19:57.542+0000][6][gc,age      ] GC(120) - age   9:        184 bytes,      58488 total
[2022-06-28T10:19:57.542+0000][6][gc,age      ] GC(120) - age  10:        144 bytes,      58632 total
[2022-06-28T10:19:57.542+0000][6][gc,age      ] GC(120) - age  13:        104 bytes,      58736 total
[2022-06-28T10:19:57.542+0000][6][gc,age      ] GC(120) - age  15:       2056 bytes,      60792 total
[2022-06-28T10:19:57.542+0000][6][gc,heap     ] GC(120) Eden regions: 29->0(29)
[2022-06-28T10:19:57.542+0000][6][gc,heap     ] GC(120) Survivor regions: 1->1(4)
[2022-06-28T10:19:57.542+0000][6][gc,heap     ] GC(120) Old regions: 19->19
[2022-06-28T10:19:57.542+0000][6][gc,heap     ] GC(120) Archive regions: 2->2
[2022-06-28T10:19:57.542+0000][6][gc,heap     ] GC(120) Humongous regions: 2->2
[2022-06-28T10:19:57.542+0000][6][gc,metaspace] GC(120) Metaspace: 107814K(111296K)->107814K(111296K) NonClass: 93400K(95104K)->93400K(95104K) Class: 14414K(16192K)->14414K(16192K)
[2022-06-28T10:19:57.542+0000][6][gc          ] GC(120) Pause Young (Normal) (G1 Evacuation Pause) 203M->87M(256M) 3.093ms
[2022-06-28T10:19:57.542+0000][6][gc,cpu      ] GC(120) User=0.00s Sys=0.00s Real=0.00s
[2022-06-28T10:19:57.542+0000][6][safepoint   ] Safepoint "G1CollectForAllocation", Time since last: 86642948094 ns, Reaching safepoint: 28299 ns, At safepoint: 3136590 ns, Total: 3164889 ns
[2022-06-28T10:22:31.559+0000][6][safepoint   ] Safepoint "Cleanup", Time since last: 154016851336 ns, Reaching safepoint: 31120 ns, At safepoint: 18421 ns, Total: 49541 ns
[2022-06-28T10:23:23.558+0000][6][gc,start    ] GC(121) Pause Young (Concurrent Start) (G1 Evacuation Pause)
[2022-06-28T10:23:23.558+0000][6][gc,task     ] GC(121) Using 1 workers of 1 for evacuation
[2022-06-28T10:23:23.558+0000][6][gc,age      ] GC(121) Desired survivor size 8388608 bytes, new threshold 15 (max threshold 15)
[2022-06-28T10:23:23.561+0000][6][gc,phases   ] GC(121)   Pre Evacuate Collection Set: 0.2ms
[2022-06-28T10:23:23.561+0000][6][gc,phases   ] GC(121)   Merge Heap Roots: 0.0ms
[2022-06-28T10:23:23.561+0000][6][gc,phases   ] GC(121)   Evacuate Collection Set: 1.7ms
[2022-06-28T10:23:23.561+0000][6][gc,phases   ] GC(121)   Post Evacuate Collection Set: 0.9ms
[2022-06-28T10:23:23.561+0000][6][gc,phases   ] GC(121)   Other: 0.1ms
[2022-06-28T10:23:23.561+0000][6][gc,age      ] GC(121) Age table with threshold 15 (max threshold 15)
[2022-06-28T10:23:23.561+0000][6][gc,age      ] GC(121) - age   1:      14584 bytes,      14584 total
[2022-06-28T10:23:23.561+0000][6][gc,age      ] GC(121) - age   2:       1360 bytes,      15944 total
[2022-06-28T10:23:23.561+0000][6][gc,age      ] GC(121) - age   4:        592 bytes,      16536 total
[2022-06-28T10:23:23.561+0000][6][gc,age      ] GC(121) - age   5:       2488 bytes,      19024 total
[2022-06-28T10:23:23.561+0000][6][gc,age      ] GC(121) - age   6:         56 bytes,      19080 total
[2022-06-28T10:23:23.561+0000][6][gc,age      ] GC(121) - age   7:       1192 bytes,      20272 total
[2022-06-28T10:23:23.561+0000][6][gc,age      ] GC(121) - age   8:        352 bytes,      20624 total
[2022-06-28T10:23:23.561+0000][6][gc,age      ] GC(121) - age   9:        288 bytes,      20912 total
[2022-06-28T10:23:23.561+0000][6][gc,age      ] GC(121) - age  10:        184 bytes,      21096 total
[2022-06-28T10:23:23.561+0000][6][gc,age      ] GC(121) - age  11:        144 bytes,      21240 total
[2022-06-28T10:23:23.561+0000][6][gc,age      ] GC(121) - age  14:        104 bytes,      21344 total
[2022-06-28T10:23:23.561+0000][6][gc,heap     ] GC(121) Eden regions: 29->0(29)
[2022-06-28T10:23:23.561+0000][6][gc,heap     ] GC(121) Survivor regions: 1->1(4)
[2022-06-28T10:23:23.561+0000][6][gc,heap     ] GC(121) Old regions: 19->19
[2022-06-28T10:23:23.561+0000][6][gc,heap     ] GC(121) Archive regions: 2->2
[2022-06-28T10:23:23.561+0000][6][gc,heap     ] GC(121) Humongous regions: 2->2
[2022-06-28T10:23:23.561+0000][6][gc,metaspace] GC(121) Metaspace: 107816K(111296K)->107816K(111296K) NonClass: 93402K(95104K)->93402K(95104K) Class: 14414K(16192K)->14414K(16192K)
[2022-06-28T10:23:23.561+0000][6][gc          ] GC(121) Pause Young (Concurrent Start) (G1 Evacuation Pause) 203M->87M(256M) 3.209ms
[2022-06-28T10:23:23.561+0000][6][gc,cpu      ] GC(121) User=0.00s Sys=0.00s Real=0.00s
[2022-06-28T10:23:23.561+0000][6][safepoint   ] Safepoint "G1CollectForAllocation", Time since last: 51998943955 ns, Reaching safepoint: 154667 ns, At safepoint: 3259933 ns, Total: 3414600 ns
[2022-06-28T10:23:23.561+0000][6][gc          ] GC(122) Concurrent Mark Cycle
[2022-06-28T10:23:23.561+0000][6][gc,marking  ] GC(122) Concurrent Clear Claimed Marks
[2022-06-28T10:23:23.561+0000][6][gc,marking  ] GC(122) Concurrent Clear Claimed Marks 0.040ms
[2022-06-28T10:23:23.561+0000][6][gc,marking  ] GC(122) Concurrent Scan Root Regions
[2022-06-28T10:23:23.562+0000][6][gc,marking  ] GC(122) Concurrent Scan Root Regions 0.979ms
[2022-06-28T10:23:23.562+0000][6][gc,marking  ] GC(122) Concurrent Mark
[2022-06-28T10:23:23.562+0000][6][gc,marking  ] GC(122) Concurrent Mark From Roots
[2022-06-28T10:23:23.562+0000][6][gc,task     ] GC(122) Using 1 workers of 1 for marking
[2022-06-28T10:23:23.681+0000][6][gc,marking  ] GC(122) Concurrent Mark From Roots 118.968ms
[2022-06-28T10:23:23.681+0000][6][gc,marking  ] GC(122) Concurrent Preclean
[2022-06-28T10:23:23.682+0000][6][gc,marking  ] GC(122) Concurrent Preclean 0.124ms
[2022-06-28T10:23:23.682+0000][6][gc,start    ] GC(122) Pause Remark
[2022-06-28T10:23:23.696+0000][6][gc          ] GC(122) Pause Remark 89M->89M(256M) 14.687ms
[2022-06-28T10:23:23.696+0000][6][gc,cpu      ] GC(122) User=0.01s Sys=0.00s Real=0.02s
[2022-06-28T10:23:23.696+0000][6][safepoint   ] Safepoint "G1Concurrent", Time since last: 120272690 ns, Reaching safepoint: 26967 ns, At safepoint: 14774315 ns, Total: 14801282 ns
[2022-06-28T10:23:23.696+0000][6][gc,marking  ] GC(122) Concurrent Mark 134.009ms
[2022-06-28T10:23:23.696+0000][6][gc,marking  ] GC(122) Concurrent Rebuild Remembered Sets
[2022-06-28T10:23:23.765+0000][6][gc,marking  ] GC(122) Concurrent Rebuild Remembered Sets 68.343ms
[2022-06-28T10:23:23.765+0000][6][gc,start    ] GC(122) Pause Cleanup
[2022-06-28T10:23:23.765+0000][6][gc          ] GC(122) Pause Cleanup 89M->89M(256M) 0.051ms
[2022-06-28T10:23:23.765+0000][6][gc,cpu      ] GC(122) User=0.00s Sys=0.00s Real=0.00s
[2022-06-28T10:23:23.765+0000][6][safepoint   ] Safepoint "G1Concurrent", Time since last: 68447758 ns, Reaching safepoint: 23885 ns, At safepoint: 87775 ns, Total: 111660 ns
[2022-06-28T10:23:23.765+0000][6][gc,marking  ] GC(122) Concurrent Cleanup for Next Mark
[2022-06-28T10:23:23.766+0000][6][gc,marking  ] GC(122) Concurrent Cleanup for Next Mark 0.648ms
[2022-06-28T10:23:23.766+0000][6][gc          ] GC(122) Concurrent Mark Cycle 204.274ms
[2022-06-28T10:26:36.786+0000][6][safepoint   ] Safepoint "Cleanup", Time since last: 193020790657 ns, Reaching safepoint: 42225 ns, At safepoint: 26315 ns, Total: 68540 ns
[2022-06-28T10:26:47.715+0000][6][gc,start    ] GC(123) Pause Young (Normal) (G1 Evacuation Pause)
[2022-06-28T10:26:47.715+0000][6][gc,task     ] GC(123) Using 1 workers of 1 for evacuation
[2022-06-28T10:26:47.715+0000][6][gc,age      ] GC(123) Desired survivor size 8388608 bytes, new threshold 15 (max threshold 15)
[2022-06-28T10:26:47.718+0000][6][gc,phases   ] GC(123)   Pre Evacuate Collection Set: 0.0ms
[2022-06-28T10:26:47.718+0000][6][gc,phases   ] GC(123)   Merge Heap Roots: 0.1ms
[2022-06-28T10:26:47.718+0000][6][gc,phases   ] GC(123)   Evacuate Collection Set: 1.8ms
[2022-06-28T10:26:47.718+0000][6][gc,phases   ] GC(123)   Post Evacuate Collection Set: 1.0ms
[2022-06-28T10:26:47.718+0000][6][gc,phases   ] GC(123)   Other: 0.1ms
[2022-06-28T10:26:47.718+0000][6][gc,age      ] GC(123) Age table with threshold 15 (max threshold 15)
[2022-06-28T10:26:47.718+0000][6][gc,age      ] GC(123) - age   1:      55336 bytes,      55336 total
[2022-06-28T10:26:47.718+0000][6][gc,age      ] GC(123) - age   3:         72 bytes,      55408 total
[2022-06-28T10:26:47.718+0000][6][gc,age      ] GC(123) - age   5:        200 bytes,      55608 total
[2022-06-28T10:26:47.718+0000][6][gc,age      ] GC(123) - age   6:       2488 bytes,      58096 total
[2022-06-28T10:26:47.718+0000][6][gc,age      ] GC(123) - age   7:         56 bytes,      58152 total
[2022-06-28T10:26:47.718+0000][6][gc,age      ] GC(123) - age   8:       1192 bytes,      59344 total
[2022-06-28T10:26:47.718+0000][6][gc,age      ] GC(123) - age   9:        352 bytes,      59696 total
[2022-06-28T10:26:47.718+0000][6][gc,age      ] GC(123) - age  10:        288 bytes,      59984 total
[2022-06-28T10:26:47.718+0000][6][gc,age      ] GC(123) - age  11:        184 bytes,      60168 total
[2022-06-28T10:26:47.718+0000][6][gc,age      ] GC(123) - age  12:        144 bytes,      60312 total
[2022-06-28T10:26:47.718+0000][6][gc,age      ] GC(123) - age  15:        104 bytes,      60416 total
[2022-06-28T10:26:47.718+0000][6][gc,heap     ] GC(123) Eden regions: 29->0(29)
[2022-06-28T10:26:47.718+0000][6][gc,heap     ] GC(123) Survivor regions: 1->1(4)
[2022-06-28T10:26:47.718+0000][6][gc,heap     ] GC(123) Old regions: 19->19
[2022-06-28T10:26:47.718+0000][6][gc,heap     ] GC(123) Archive regions: 2->2
[2022-06-28T10:26:47.718+0000][6][gc,heap     ] GC(123) Humongous regions: 2->2
[2022-06-28T10:26:47.718+0000][6][gc,metaspace] GC(123) Metaspace: 107819K(111296K)->107819K(111296K) NonClass: 93405K(95104K)->93405K(95104K) Class: 14414K(16192K)->14414K(16192K)
[2022-06-28T10:26:47.718+0000][6][gc          ] GC(123) Pause Young (Normal) (G1 Evacuation Pause) 203M->87M(256M) 3.230ms
[2022-06-28T10:26:47.718+0000][6][gc,cpu      ] GC(123) User=0.01s Sys=0.00s Real=0.00s
[2022-06-28T10:26:47.718+0000][6][safepoint   ] Safepoint "G1CollectForAllocation", Time since last: 10928875436 ns, Reaching safepoint: 154649 ns, At safepoint: 3282261 ns, Total: 3436910 ns
[2022-06-28T10:30:15.880+0000][6][gc,start    ] GC(124) Pause Young (Concurrent Start) (G1 Evacuation Pause)
[2022-06-28T10:30:15.880+0000][6][gc,task     ] GC(124) Using 1 workers of 1 for evacuation
[2022-06-28T10:30:15.880+0000][6][gc,age      ] GC(124) Desired survivor size 8388608 bytes, new threshold 15 (max threshold 15)
[2022-06-28T10:30:15.883+0000][6][gc,phases   ] GC(124)   Pre Evacuate Collection Set: 0.2ms
[2022-06-28T10:30:15.883+0000][6][gc,phases   ] GC(124)   Merge Heap Roots: 0.0ms
[2022-06-28T10:30:15.883+0000][6][gc,phases   ] GC(124)   Evacuate Collection Set: 1.6ms
[2022-06-28T10:30:15.883+0000][6][gc,phases   ] GC(124)   Post Evacuate Collection Set: 1.0ms
[2022-06-28T10:30:15.883+0000][6][gc,phases   ] GC(124)   Other: 0.1ms
[2022-06-28T10:30:15.883+0000][6][gc,age      ] GC(124) Age table with threshold 15 (max threshold 15)
[2022-06-28T10:30:15.883+0000][6][gc,age      ] GC(124) - age   1:      13624 bytes,      13624 total
[2022-06-28T10:30:15.883+0000][6][gc,age      ] GC(124) - age   2:       2080 bytes,      15704 total
[2022-06-28T10:30:15.883+0000][6][gc,age      ] GC(124) - age   4:         72 bytes,      15776 total
[2022-06-28T10:30:15.883+0000][6][gc,age      ] GC(124) - age   7:       2488 bytes,      18264 total
[2022-06-28T10:30:15.883+0000][6][gc,age      ] GC(124) - age   8:         56 bytes,      18320 total
[2022-06-28T10:30:15.883+0000][6][gc,age      ] GC(124) - age   9:       1192 bytes,      19512 total
[2022-06-28T10:30:15.883+0000][6][gc,age      ] GC(124) - age  10:        352 bytes,      19864 total
[2022-06-28T10:30:15.883+0000][6][gc,age      ] GC(124) - age  11:        288 bytes,      20152 total
[2022-06-28T10:30:15.883+0000][6][gc,age      ] GC(124) - age  12:        184 bytes,      20336 total
[2022-06-28T10:30:15.883+0000][6][gc,age      ] GC(124) - age  13:        144 bytes,      20480 total
[2022-06-28T10:30:15.883+0000][6][gc,heap     ] GC(124) Eden regions: 29->0(29)
[2022-06-28T10:30:15.883+0000][6][gc,heap     ] GC(124) Survivor regions: 1->1(4)
[2022-06-28T10:30:15.883+0000][6][gc,heap     ] GC(124) Old regions: 19->19
[2022-06-28T10:30:15.883+0000][6][gc,heap     ] GC(124) Archive regions: 2->2
[2022-06-28T10:30:15.883+0000][6][gc,heap     ] GC(124) Humongous regions: 2->2
[2022-06-28T10:30:15.883+0000][6][gc,metaspace] GC(124) Metaspace: 107819K(111296K)->107819K(111296K) NonClass: 93405K(95104K)->93405K(95104K) Class: 14414K(16192K)->14414K(16192K)
[2022-06-28T10:30:15.883+0000][6][gc          ] GC(124) Pause Young (Concurrent Start) (G1 Evacuation Pause) 203M->87M(256M) 3.123ms
[2022-06-28T10:30:15.883+0000][6][gc,cpu      ] GC(124) User=0.00s Sys=0.00s Real=0.00s
[2022-06-28T10:30:15.883+0000][6][safepoint   ] Safepoint "G1CollectForAllocation", Time since last: 208161699877 ns, Reaching safepoint: 25085 ns, At safepoint: 3172721 ns, Total: 3197806 ns
[2022-06-28T10:30:15.883+0000][6][gc          ] GC(125) Concurrent Mark Cycle
[2022-06-28T10:30:15.883+0000][6][gc,marking  ] GC(125) Concurrent Clear Claimed Marks
[2022-06-28T10:30:15.883+0000][6][gc,marking  ] GC(125) Concurrent Clear Claimed Marks 0.040ms
[2022-06-28T10:30:15.883+0000][6][gc,marking  ] GC(125) Concurrent Scan Root Regions
[2022-06-28T10:30:15.884+0000][6][gc,marking  ] GC(125) Concurrent Scan Root Regions 0.978ms
[2022-06-28T10:30:15.884+0000][6][gc,marking  ] GC(125) Concurrent Mark
[2022-06-28T10:30:15.884+0000][6][gc,marking  ] GC(125) Concurrent Mark From Roots
[2022-06-28T10:30:15.884+0000][6][gc,task     ] GC(125) Using 1 workers of 1 for marking
[2022-06-28T10:30:16.002+0000][6][gc,marking  ] GC(125) Concurrent Mark From Roots 118.211ms
[2022-06-28T10:30:16.002+0000][6][gc,marking  ] GC(125) Concurrent Preclean
[2022-06-28T10:30:16.002+0000][6][gc,marking  ] GC(125) Concurrent Preclean 0.145ms
[2022-06-28T10:30:16.003+0000][6][gc,start    ] GC(125) Pause Remark
[2022-06-28T10:30:16.017+0000][6][gc          ] GC(125) Pause Remark 88M->88M(256M) 14.789ms
[2022-06-28T10:30:16.017+0000][6][gc,cpu      ] GC(125) User=0.01s Sys=0.00s Real=0.02s
[2022-06-28T10:30:16.017+0000][6][safepoint   ] Safepoint "G1Concurrent", Time since last: 119538994 ns, Reaching safepoint: 25235 ns, At safepoint: 14871570 ns, Total: 14896805 ns
[2022-06-28T10:30:16.017+0000][6][gc,marking  ] GC(125) Concurrent Mark 133.365ms
[2022-06-28T10:30:16.017+0000][6][gc,marking  ] GC(125) Concurrent Rebuild Remembered Sets
[2022-06-28T10:30:16.086+0000][6][gc,marking  ] GC(125) Concurrent Rebuild Remembered Sets 68.678ms
[2022-06-28T10:30:16.086+0000][6][gc,start    ] GC(125) Pause Cleanup
[2022-06-28T10:30:16.086+0000][6][gc          ] GC(125) Pause Cleanup 88M->88M(256M) 0.049ms
[2022-06-28T10:30:16.086+0000][6][gc,cpu      ] GC(125) User=0.00s Sys=0.00s Real=0.00s
[2022-06-28T10:30:16.086+0000][6][safepoint   ] Safepoint "G1Concurrent", Time since last: 68777158 ns, Reaching safepoint: 24292 ns, At safepoint: 87639 ns, Total: 111931 ns
[2022-06-28T10:30:16.086+0000][6][gc,marking  ] GC(125) Concurrent Cleanup for Next Mark
[2022-06-28T10:30:16.087+0000][6][gc,marking  ] GC(125) Concurrent Cleanup for Next Mark 0.664ms
[2022-06-28T10:30:16.087+0000][6][gc          ] GC(125) Concurrent Mark Cycle 203.985ms
[2022-06-28T10:31:32.095+0000][6][safepoint   ] Safepoint "Cleanup", Time since last: 76008193807 ns, Reaching safepoint: 41072 ns, At safepoint: 4700 ns, Total: 45772 ns
[2022-06-28T10:33:42.036+0000][6][gc,start    ] GC(126) Pause Young (Normal) (G1 Evacuation Pause)
[2022-06-28T10:33:42.036+0000][6][gc,task     ] GC(126) Using 1 workers of 1 for evacuation
[2022-06-28T10:33:42.036+0000][6][gc,age      ] GC(126) Desired survivor size 8388608 bytes, new threshold 15 (max threshold 15)
[2022-06-28T10:33:42.039+0000][6][gc,phases   ] GC(126)   Pre Evacuate Collection Set: 0.0ms
[2022-06-28T10:33:42.039+0000][6][gc,phases   ] GC(126)   Merge Heap Roots: 0.1ms
[2022-06-28T10:33:42.039+0000][6][gc,phases   ] GC(126)   Evacuate Collection Set: 1.6ms
[2022-06-28T10:33:42.039+0000][6][gc,phases   ] GC(126)   Post Evacuate Collection Set: 0.9ms
[2022-06-28T10:33:42.039+0000][6][gc,phases   ] GC(126)   Other: 0.1ms
[2022-06-28T10:33:42.039+0000][6][gc,age      ] GC(126) Age table with threshold 15 (max threshold 15)
[2022-06-28T10:33:42.039+0000][6][gc,age      ] GC(126) - age   1:      14504 bytes,      14504 total
[2022-06-28T10:33:42.039+0000][6][gc,age      ] GC(126) - age   3:       2080 bytes,      16584 total
[2022-06-28T10:33:42.039+0000][6][gc,age      ] GC(126) - age   5:         72 bytes,      16656 total
[2022-06-28T10:33:42.039+0000][6][gc,age      ] GC(126) - age   8:       2288 bytes,      18944 total
[2022-06-28T10:33:42.039+0000][6][gc,age      ] GC(126) - age   9:         56 bytes,      19000 total
[2022-06-28T10:33:42.039+0000][6][gc,age      ] GC(126) - age  10:       1192 bytes,      20192 total
[2022-06-28T10:33:42.039+0000][6][gc,age      ] GC(126) - age  11:        352 bytes,      20544 total
[2022-06-28T10:33:42.039+0000][6][gc,age      ] GC(126) - age  12:        288 bytes,      20832 total
[2022-06-28T10:33:42.039+0000][6][gc,age      ] GC(126) - age  13:        184 bytes,      21016 total
[2022-06-28T10:33:42.039+0000][6][gc,age      ] GC(126) - age  14:        144 bytes,      21160 total
[2022-06-28T10:33:42.039+0000][6][gc,heap     ] GC(126) Eden regions: 29->0(29)
[2022-06-28T10:33:42.039+0000][6][gc,heap     ] GC(126) Survivor regions: 1->1(4)
[2022-06-28T10:33:42.039+0000][6][gc,heap     ] GC(126) Old regions: 19->19
[2022-06-28T10:33:42.039+0000][6][gc,heap     ] GC(126) Archive regions: 2->2
[2022-06-28T10:33:42.039+0000][6][gc,heap     ] GC(126) Humongous regions: 2->2
[2022-06-28T10:33:42.039+0000][6][gc,metaspace] GC(126) Metaspace: 107819K(111296K)->107819K(111296K) NonClass: 93405K(95104K)->93405K(95104K) Class: 14414K(16192K)->14414K(16192K)
[2022-06-28T10:33:42.039+0000][6][gc          ] GC(126) Pause Young (Normal) (G1 Evacuation Pause) 203M->87M(256M) 2.927ms
[2022-06-28T10:33:42.039+0000][6][gc,cpu      ] GC(126) User=0.01s Sys=0.00s Real=0.00s
[2022-06-28T10:33:42.039+0000][6][safepoint   ] Safepoint "G1CollectForAllocation", Time since last: 129941518247 ns, Reaching safepoint: 27098 ns, At safepoint: 2972011 ns, Total: 2999109 ns
[2022-06-28T10:34:36.049+0000][6][safepoint   ] Safepoint "Cleanup", Time since last: 54009601534 ns, Reaching safepoint: 41485 ns, At safepoint: 4660 ns, Total: 46145 ns
[2022-06-28T10:36:31.061+0000][6][safepoint   ] Safepoint "Cleanup", Time since last: 115012228375 ns, Reaching safepoint: 37879 ns, At safepoint: 22061 ns, Total: 59940 ns
[2022-06-28T10:36:35.061+0000][6][safepoint   ] Safepoint "Cleanup", Time since last: 4000354783 ns, Reaching safepoint: 41704 ns, At safepoint: 4983 ns, Total: 46687 ns
[2022-06-28T10:36:36.062+0000][6][safepoint   ] Safepoint "Cleanup", Time since last: 1000178154 ns, Reaching safepoint: 38393 ns, At safepoint: 5041 ns, Total: 43434 ns
[2022-06-28T10:37:07.198+0000][6][gc,start    ] GC(127) Pause Young (Concurrent Start) (G1 Evacuation Pause)
[2022-06-28T10:37:07.198+0000][6][gc,task     ] GC(127) Using 1 workers of 1 for evacuation
[2022-06-28T10:37:07.198+0000][6][gc,age      ] GC(127) Desired survivor size 8388608 bytes, new threshold 15 (max threshold 15)
[2022-06-28T10:37:07.201+0000][6][gc,phases   ] GC(127)   Pre Evacuate Collection Set: 0.2ms
[2022-06-28T10:37:07.201+0000][6][gc,phases   ] GC(127)   Merge Heap Roots: 0.0ms
[2022-06-28T10:37:07.201+0000][6][gc,phases   ] GC(127)   Evacuate Collection Set: 1.7ms
[2022-06-28T10:37:07.201+0000][6][gc,phases   ] GC(127)   Post Evacuate Collection Set: 0.9ms
[2022-06-28T10:37:07.201+0000][6][gc,phases   ] GC(127)   Other: 0.1ms
[2022-06-28T10:37:07.201+0000][6][gc,age      ] GC(127) Age table with threshold 15 (max threshold 15)
[2022-06-28T10:37:07.201+0000][6][gc,age      ] GC(127) - age   1:      55568 bytes,      55568 total
[2022-06-28T10:37:07.201+0000][6][gc,age      ] GC(127) - age   2:        112 bytes,      55680 total
[2022-06-28T10:37:07.201+0000][6][gc,age      ] GC(127) - age   4:        792 bytes,      56472 total
[2022-06-28T10:37:07.201+0000][6][gc,age      ] GC(127) - age   6:         72 bytes,      56544 total
[2022-06-28T10:37:07.201+0000][6][gc,age      ] GC(127) - age   9:       2288 bytes,      58832 total
[2022-06-28T10:37:07.201+0000][6][gc,age      ] GC(127) - age  10:         56 bytes,      58888 total
[2022-06-28T10:37:07.201+0000][6][gc,age      ] GC(127) - age  11:       1192 bytes,      60080 total
[2022-06-28T10:37:07.201+0000][6][gc,age      ] GC(127) - age  12:        352 bytes,      60432 total
[2022-06-28T10:37:07.201+0000][6][gc,age      ] GC(127) - age  13:        288 bytes,      60720 total
[2022-06-28T10:37:07.201+0000][6][gc,age      ] GC(127) - age  14:        184 bytes,      60904 total
[2022-06-28T10:37:07.201+0000][6][gc,age      ] GC(127) - age  15:        144 bytes,      61048 total
[2022-06-28T10:37:07.201+0000][6][gc,heap     ] GC(127) Eden regions: 29->0(29)
[2022-06-28T10:37:07.201+0000][6][gc,heap     ] GC(127) Survivor regions: 1->1(4)
[2022-06-28T10:37:07.201+0000][6][gc,heap     ] GC(127) Old regions: 19->19
[2022-06-28T10:37:07.201+0000][6][gc,heap     ] GC(127) Archive regions: 2->2
[2022-06-28T10:37:07.201+0000][6][gc,heap     ] GC(127) Humongous regions: 2->2
[2022-06-28T10:37:07.201+0000][6][gc,metaspace] GC(127) Metaspace: 107820K(111296K)->107820K(111296K) NonClass: 93405K(95104K)->93405K(95104K) Class: 14414K(16192K)->14414K(16192K)
[2022-06-28T10:37:07.201+0000][6][gc          ] GC(127) Pause Young (Concurrent Start) (G1 Evacuation Pause) 203M->87M(256M) 3.190ms
[2022-06-28T10:37:07.201+0000][6][gc,cpu      ] GC(127) User=0.00s Sys=0.00s Real=0.00s
[2022-06-28T10:37:07.201+0000][6][safepoint   ] Safepoint "G1CollectForAllocation", Time since last: 31135891048 ns, Reaching safepoint: 27010 ns, At safepoint: 3238989 ns, Total: 3265999 ns
[2022-06-28T10:37:07.201+0000][6][gc          ] GC(128) Concurrent Mark Cycle
[2022-06-28T10:37:07.201+0000][6][gc,marking  ] GC(128) Concurrent Clear Claimed Marks
[2022-06-28T10:37:07.201+0000][6][gc,marking  ] GC(128) Concurrent Clear Claimed Marks 0.040ms
[2022-06-28T10:37:07.201+0000][6][gc,marking  ] GC(128) Concurrent Scan Root Regions
[2022-06-28T10:37:07.202+0000][6][gc,marking  ] GC(128) Concurrent Scan Root Regions 0.817ms
[2022-06-28T10:37:07.202+0000][6][gc,marking  ] GC(128) Concurrent Mark
[2022-06-28T10:37:07.202+0000][6][gc,marking  ] GC(128) Concurrent Mark From Roots
[2022-06-28T10:37:07.202+0000][6][gc,task     ] GC(128) Using 1 workers of 1 for marking
[2022-06-28T10:37:07.323+0000][6][gc,marking  ] GC(128) Concurrent Mark From Roots 121.120ms
[2022-06-28T10:37:07.323+0000][6][gc,marking  ] GC(128) Concurrent Preclean
[2022-06-28T10:37:07.323+0000][6][gc,marking  ] GC(128) Concurrent Preclean 0.109ms
[2022-06-28T10:37:07.323+0000][6][gc,start    ] GC(128) Pause Remark
[2022-06-28T10:37:07.337+0000][6][gc          ] GC(128) Pause Remark 89M->89M(256M) 14.349ms
[2022-06-28T10:37:07.337+0000][6][gc,cpu      ] GC(128) User=0.02s Sys=0.00s Real=0.02s
[2022-06-28T10:37:07.337+0000][6][safepoint   ] Safepoint "G1Concurrent", Time since last: 122260718 ns, Reaching safepoint: 26502 ns, At safepoint: 14411677 ns, Total: 14438179 ns
[2022-06-28T10:37:07.338+0000][6][gc,marking  ] GC(128) Concurrent Mark 135.800ms
[2022-06-28T10:37:07.338+0000][6][gc,marking  ] GC(128) Concurrent Rebuild Remembered Sets
[2022-06-28T10:37:07.406+0000][6][gc,marking  ] GC(128) Concurrent Rebuild Remembered Sets 68.234ms
[2022-06-28T10:37:07.406+0000][6][gc,start    ] GC(128) Pause Cleanup
[2022-06-28T10:37:07.406+0000][6][gc          ] GC(128) Pause Cleanup 89M->89M(256M) 0.048ms
[2022-06-28T10:37:07.406+0000][6][gc,cpu      ] GC(128) User=0.00s Sys=0.00s Real=0.00s
[2022-06-28T10:37:07.406+0000][6][safepoint   ] Safepoint "G1Concurrent", Time since last: 68367760 ns, Reaching safepoint: 33588 ns, At safepoint: 85103 ns, Total: 118691 ns
[2022-06-28T10:37:07.406+0000][6][gc,marking  ] GC(128) Concurrent Cleanup for Next Mark
[2022-06-28T10:37:07.407+0000][6][gc,marking  ] GC(128) Concurrent Cleanup for Next Mark 0.684ms
[2022-06-28T10:37:07.407+0000][6][gc          ] GC(128) Concurrent Mark Cycle 205.849ms
[2022-06-28T10:40:31.427+0000][6][safepoint   ] Safepoint "Cleanup", Time since last: 204021407715 ns, Reaching safepoint: 37389 ns, At safepoint: 24658 ns, Total: 62047 ns
[2022-06-28T10:40:32.367+0000][6][gc,start    ] GC(129) Pause Young (Normal) (G1 Evacuation Pause)
[2022-06-28T10:40:32.367+0000][6][gc,task     ] GC(129) Using 1 workers of 1 for evacuation
[2022-06-28T10:40:32.367+0000][6][gc,age      ] GC(129) Desired survivor size 8388608 bytes, new threshold 15 (max threshold 15)
[2022-06-28T10:40:32.369+0000][6][gc,phases   ] GC(129)   Pre Evacuate Collection Set: 0.0ms
[2022-06-28T10:40:32.369+0000][6][gc,phases   ] GC(129)   Merge Heap Roots: 0.1ms
[2022-06-28T10:40:32.369+0000][6][gc,phases   ] GC(129)   Evacuate Collection Set: 1.6ms
[2022-06-28T10:40:32.369+0000][6][gc,phases   ] GC(129)   Post Evacuate Collection Set: 0.9ms
[2022-06-28T10:40:32.369+0000][6][gc,phases   ] GC(129)   Other: 0.1ms
[2022-06-28T10:40:32.369+0000][6][gc,age      ] GC(129) Age table with threshold 15 (max threshold 15)
[2022-06-28T10:40:32.369+0000][6][gc,age      ] GC(129) - age   1:      13016 bytes,      13016 total
[2022-06-28T10:40:32.369+0000][6][gc,age      ] GC(129) - age   2:       1352 bytes,      14368 total
[2022-06-28T10:40:32.369+0000][6][gc,age      ] GC(129) - age   3:        112 bytes,      14480 total
[2022-06-28T10:40:32.369+0000][6][gc,age      ] GC(129) - age   5:        792 bytes,      15272 total
[2022-06-28T10:40:32.369+0000][6][gc,age      ] GC(129) - age   7:         72 bytes,      15344 total
[2022-06-28T10:40:32.369+0000][6][gc,age      ] GC(129) - age  10:       2288 bytes,      17632 total
[2022-06-28T10:40:32.369+0000][6][gc,age      ] GC(129) - age  11:         56 bytes,      17688 total
[2022-06-28T10:40:32.369+0000][6][gc,age      ] GC(129) - age  12:       1192 bytes,      18880 total
[2022-06-28T10:40:32.369+0000][6][gc,age      ] GC(129) - age  13:        352 bytes,      19232 total
[2022-06-28T10:40:32.369+0000][6][gc,age      ] GC(129) - age  14:        288 bytes,      19520 total
[2022-06-28T10:40:32.369+0000][6][gc,age      ] GC(129) - age  15:        184 bytes,      19704 total
[2022-06-28T10:40:32.369+0000][6][gc,heap     ] GC(129) Eden regions: 29->0(29)
[2022-06-28T10:40:32.369+0000][6][gc,heap     ] GC(129) Survivor regions: 1->1(4)
[2022-06-28T10:40:32.369+0000][6][gc,heap     ] GC(129) Old regions: 19->19
[2022-06-28T10:40:32.369+0000][6][gc,heap     ] GC(129) Archive regions: 2->2
[2022-06-28T10:40:32.369+0000][6][gc,heap     ] GC(129) Humongous regions: 2->2
[2022-06-28T10:40:32.369+0000][6][gc,metaspace] GC(129) Metaspace: 107820K(111296K)->107820K(111296K) NonClass: 93406K(95104K)->93406K(95104K) Class: 14414K(16192K)->14414K(16192K)
[2022-06-28T10:40:32.369+0000][6][gc          ] GC(129) Pause Young (Normal) (G1 Evacuation Pause) 203M->87M(256M) 2.973ms
[2022-06-28T10:40:32.369+0000][6][gc,cpu      ] GC(129) User=0.00s Sys=0.01s Real=0.01s
[2022-06-28T10:40:32.370+0000][6][safepoint   ] Safepoint "G1CollectForAllocation", Time since last: 938896534 ns, Reaching safepoint: 156855 ns, At safepoint: 3020134 ns, Total: 3176989 ns
[2022-06-28T10:41:33.376+0000][6][safepoint   ] Safepoint "Cleanup", Time since last: 61006603310 ns, Reaching safepoint: 40796 ns, At safepoint: 4908 ns, Total: 45704 ns
[2022-06-28T10:44:01.175+0000][6][gc,start    ] GC(130) Pause Young (Concurrent Start) (G1 Evacuation Pause)
[2022-06-28T10:44:01.175+0000][6][gc,task     ] GC(130) Using 1 workers of 1 for evacuation
[2022-06-28T10:44:01.175+0000][6][gc,age      ] GC(130) Desired survivor size 8388608 bytes, new threshold 15 (max threshold 15)
[2022-06-28T10:44:01.178+0000][6][gc,phases   ] GC(130)   Pre Evacuate Collection Set: 0.2ms
[2022-06-28T10:44:01.178+0000][6][gc,phases   ] GC(130)   Merge Heap Roots: 0.0ms
[2022-06-28T10:44:01.178+0000][6][gc,phases   ] GC(130)   Evacuate Collection Set: 1.6ms
[2022-06-28T10:44:01.178+0000][6][gc,phases   ] GC(130)   Post Evacuate Collection Set: 0.8ms
[2022-06-28T10:44:01.178+0000][6][gc,phases   ] GC(130)   Other: 0.1ms
[2022-06-28T10:44:01.178+0000][6][gc,age      ] GC(130) Age table with threshold 15 (max threshold 15)
[2022-06-28T10:44:01.178+0000][6][gc,age      ] GC(130) - age   1:      13176 bytes,      13176 total
[2022-06-28T10:44:01.178+0000][6][gc,age      ] GC(130) - age   2:        504 bytes,      13680 total
[2022-06-28T10:44:01.178+0000][6][gc,age      ] GC(130) - age   3:       1352 bytes,      15032 total
[2022-06-28T10:44:01.178+0000][6][gc,age      ] GC(130) - age   4:        112 bytes,      15144 total
[2022-06-28T10:44:01.178+0000][6][gc,age      ] GC(130) - age   6:        200 bytes,      15344 total
[2022-06-28T10:44:01.178+0000][6][gc,age      ] GC(130) - age   8:         72 bytes,      15416 total
[2022-06-28T10:44:01.178+0000][6][gc,age      ] GC(130) - age  11:       2288 bytes,      17704 total
[2022-06-28T10:44:01.178+0000][6][gc,age      ] GC(130) - age  12:         56 bytes,      17760 total
[2022-06-28T10:44:01.178+0000][6][gc,age      ] GC(130) - age  13:       1192 bytes,      18952 total
[2022-06-28T10:44:01.178+0000][6][gc,age      ] GC(130) - age  14:        352 bytes,      19304 total
[2022-06-28T10:44:01.178+0000][6][gc,age      ] GC(130) - age  15:        288 bytes,      19592 total
[2022-06-28T10:44:01.178+0000][6][gc,heap     ] GC(130) Eden regions: 29->0(29)
[2022-06-28T10:44:01.178+0000][6][gc,heap     ] GC(130) Survivor regions: 1->1(4)
[2022-06-28T10:44:01.178+0000][6][gc,heap     ] GC(130) Old regions: 19->19
[2022-06-28T10:44:01.178+0000][6][gc,heap     ] GC(130) Archive regions: 2->2
[2022-06-28T10:44:01.178+0000][6][gc,heap     ] GC(130) Humongous regions: 2->2
[2022-06-28T10:44:01.178+0000][6][gc,metaspace] GC(130) Metaspace: 107820K(111296K)->107820K(111296K) NonClass: 93406K(95104K)->93406K(95104K) Class: 14414K(16192K)->14414K(16192K)
[2022-06-28T10:44:01.178+0000][6][gc          ] GC(130) Pause Young (Concurrent Start) (G1 Evacuation Pause) 203M->87M(256M) 2.941ms
[2022-06-28T10:44:01.178+0000][6][gc,cpu      ] GC(130) User=0.01s Sys=0.00s Real=0.00s
[2022-06-28T10:44:01.178+0000][6][safepoint   ] Safepoint "G1CollectForAllocation", Time since last: 147798600498 ns, Reaching safepoint: 29331 ns, At safepoint: 2991088 ns, Total: 3020419 ns
[2022-06-28T10:44:01.178+0000][6][gc          ] GC(131) Concurrent Mark Cycle
[2022-06-28T10:44:01.178+0000][6][gc,marking  ] GC(131) Concurrent Clear Claimed Marks
[2022-06-28T10:44:01.178+0000][6][gc,marking  ] GC(131) Concurrent Clear Claimed Marks 0.042ms
[2022-06-28T10:44:01.178+0000][6][gc,marking  ] GC(131) Concurrent Scan Root Regions
[2022-06-28T10:44:01.179+0000][6][gc,marking  ] GC(131) Concurrent Scan Root Regions 1.058ms
[2022-06-28T10:44:01.179+0000][6][gc,marking  ] GC(131) Concurrent Mark
[2022-06-28T10:44:01.179+0000][6][gc,marking  ] GC(131) Concurrent Mark From Roots
[2022-06-28T10:44:01.179+0000][6][gc,task     ] GC(131) Using 1 workers of 1 for marking
[2022-06-28T10:44:01.305+0000][6][gc,marking  ] GC(131) Concurrent Mark From Roots 125.915ms
[2022-06-28T10:44:01.305+0000][6][gc,marking  ] GC(131) Concurrent Preclean
[2022-06-28T10:44:01.305+0000][6][gc,marking  ] GC(131) Concurrent Preclean 0.130ms
[2022-06-28T10:44:01.305+0000][6][gc,start    ] GC(131) Pause Remark
[2022-06-28T10:44:01.320+0000][6][gc          ] GC(131) Pause Remark 88M->88M(256M) 14.952ms
[2022-06-28T10:44:01.320+0000][6][gc,cpu      ] GC(131) User=0.02s Sys=0.00s Real=0.02s
[2022-06-28T10:44:01.320+0000][6][safepoint   ] Safepoint "G1Concurrent", Time since last: 127291887 ns, Reaching safepoint: 27564 ns, At safepoint: 15054079 ns, Total: 15081643 ns
[2022-06-28T10:44:01.320+0000][6][gc,marking  ] GC(131) Concurrent Mark 141.243ms
[2022-06-28T10:44:01.320+0000][6][gc,marking  ] GC(131) Concurrent Rebuild Remembered Sets
[2022-06-28T10:44:01.391+0000][6][gc,marking  ] GC(131) Concurrent Rebuild Remembered Sets 70.383ms
[2022-06-28T10:44:01.391+0000][6][gc,start    ] GC(131) Pause Cleanup
[2022-06-28T10:44:01.391+0000][6][gc          ] GC(131) Pause Cleanup 88M->88M(256M) 0.052ms
[2022-06-28T10:44:01.391+0000][6][gc,cpu      ] GC(131) User=0.00s Sys=0.00s Real=0.00s
[2022-06-28T10:44:01.391+0000][6][safepoint   ] Safepoint "G1Concurrent", Time since last: 70487225 ns, Reaching safepoint: 22774 ns, At safepoint: 88448 ns, Total: 111222 ns
[2022-06-28T10:44:01.391+0000][6][gc,marking  ] GC(131) Concurrent Cleanup for Next Mark
[2022-06-28T10:44:01.391+0000][6][gc,marking  ] GC(131) Concurrent Cleanup for Next Mark 0.656ms
[2022-06-28T10:44:01.391+0000][6][gc          ] GC(131) Concurrent Mark Cycle 213.644ms
[2022-06-28T10:46:35.406+0000][6][safepoint   ] Safepoint "Cleanup", Time since last: 154015156398 ns, Reaching safepoint: 40868 ns, At safepoint: 26892 ns, Total: 67760 ns
[2022-06-28T10:47:24.684+0000][6][gc,start    ] GC(132) Pause Young (Normal) (G1 Evacuation Pause)
[2022-06-28T10:47:24.685+0000][6][gc,task     ] GC(132) Using 1 workers of 1 for evacuation
[2022-06-28T10:47:24.685+0000][6][gc,age      ] GC(132) Desired survivor size 8388608 bytes, new threshold 15 (max threshold 15)
[2022-06-28T10:47:24.687+0000][6][gc,phases   ] GC(132)   Pre Evacuate Collection Set: 0.0ms
[2022-06-28T10:47:24.687+0000][6][gc,phases   ] GC(132)   Merge Heap Roots: 0.0ms
[2022-06-28T10:47:24.687+0000][6][gc,phases   ] GC(132)   Evacuate Collection Set: 1.6ms
[2022-06-28T10:47:24.687+0000][6][gc,phases   ] GC(132)   Post Evacuate Collection Set: 0.9ms
[2022-06-28T10:47:24.687+0000][6][gc,phases   ] GC(132)   Other: 0.1ms
[2022-06-28T10:47:24.687+0000][6][gc,age      ] GC(132) Age table with threshold 15 (max threshold 15)
[2022-06-28T10:47:24.687+0000][6][gc,age      ] GC(132) - age   1:      53384 bytes,      53384 total
[2022-06-28T10:47:24.687+0000][6][gc,age      ] GC(132) - age   2:        392 bytes,      53776 total
[2022-06-28T10:47:24.687+0000][6][gc,age      ] GC(132) - age   3:        504 bytes,      54280 total
[2022-06-28T10:47:24.687+0000][6][gc,age      ] GC(132) - age   4:         96 bytes,      54376 total
[2022-06-28T10:47:24.687+0000][6][gc,age      ] GC(132) - age   5:        112 bytes,      54488 total
[2022-06-28T10:47:24.687+0000][6][gc,age      ] GC(132) - age   9:         72 bytes,      54560 total
[2022-06-28T10:47:24.687+0000][6][gc,age      ] GC(132) - age  12:       2288 bytes,      56848 total
[2022-06-28T10:47:24.687+0000][6][gc,age      ] GC(132) - age  13:         56 bytes,      56904 total
[2022-06-28T10:47:24.687+0000][6][gc,age      ] GC(132) - age  14:       1192 bytes,      58096 total
[2022-06-28T10:47:24.687+0000][6][gc,age      ] GC(132) - age  15:        352 bytes,      58448 total
[2022-06-28T10:47:24.687+0000][6][gc,heap     ] GC(132) Eden regions: 29->0(29)
[2022-06-28T10:47:24.687+0000][6][gc,heap     ] GC(132) Survivor regions: 1->1(4)
[2022-06-28T10:47:24.687+0000][6][gc,heap     ] GC(132) Old regions: 19->19
[2022-06-28T10:47:24.687+0000][6][gc,heap     ] GC(132) Archive regions: 2->2
[2022-06-28T10:47:24.687+0000][6][gc,heap     ] GC(132) Humongous regions: 2->2
[2022-06-28T10:47:24.687+0000][6][gc,metaspace] GC(132) Metaspace: 107821K(111296K)->107821K(111296K) NonClass: 93407K(95104K)->93407K(95104K) Class: 14414K(16192K)->14414K(16192K)
[2022-06-28T10:47:24.687+0000][6][gc          ] GC(132) Pause Young (Normal) (G1 Evacuation Pause) 203M->87M(256M) 2.934ms
[2022-06-28T10:47:24.687+0000][6][gc,cpu      ] GC(132) User=0.00s Sys=0.00s Real=0.01s
[2022-06-28T10:47:24.687+0000][6][safepoint   ] Safepoint "G1CollectForAllocation", Time since last: 49278298828 ns, Reaching safepoint: 151462 ns, At safepoint: 2979639 ns, Total: 3131101 ns
[2022-06-28T10:50:50.558+0000][6][gc,start    ] GC(133) Pause Young (Concurrent Start) (G1 Evacuation Pause)
[2022-06-28T10:50:50.558+0000][6][gc,task     ] GC(133) Using 1 workers of 1 for evacuation
[2022-06-28T10:50:50.558+0000][6][gc,age      ] GC(133) Desired survivor size 8388608 bytes, new threshold 15 (max threshold 15)
[2022-06-28T10:50:50.561+0000][6][gc,phases   ] GC(133)   Pre Evacuate Collection Set: 0.2ms
[2022-06-28T10:50:50.561+0000][6][gc,phases   ] GC(133)   Merge Heap Roots: 0.0ms
[2022-06-28T10:50:50.561+0000][6][gc,phases   ] GC(133)   Evacuate Collection Set: 1.6ms
[2022-06-28T10:50:50.561+0000][6][gc,phases   ] GC(133)   Post Evacuate Collection Set: 1.0ms
[2022-06-28T10:50:50.561+0000][6][gc,phases   ] GC(133)   Other: 0.1ms
[2022-06-28T10:50:50.561+0000][6][gc,age      ] GC(133) Age table with threshold 15 (max threshold 15)
[2022-06-28T10:50:50.561+0000][6][gc,age      ] GC(133) - age   1:      12928 bytes,      12928 total
[2022-06-28T10:50:50.561+0000][6][gc,age      ] GC(133) - age   2:       1728 bytes,      14656 total
[2022-06-28T10:50:50.561+0000][6][gc,age      ] GC(133) - age   3:        392 bytes,      15048 total
[2022-06-28T10:50:50.561+0000][6][gc,age      ] GC(133) - age   4:        504 bytes,      15552 total
[2022-06-28T10:50:50.561+0000][6][gc,age      ] GC(133) - age   5:         96 bytes,      15648 total
[2022-06-28T10:50:50.561+0000][6][gc,age      ] GC(133) - age   6:        112 bytes,      15760 total
[2022-06-28T10:50:50.561+0000][6][gc,age      ] GC(133) - age  10:         72 bytes,      15832 total
[2022-06-28T10:50:50.561+0000][6][gc,age      ] GC(133) - age  13:       2288 bytes,      18120 total
[2022-06-28T10:50:50.561+0000][6][gc,age      ] GC(133) - age  14:         56 bytes,      18176 total
[2022-06-28T10:50:50.561+0000][6][gc,age      ] GC(133) - age  15:        792 bytes,      18968 total
[2022-06-28T10:50:50.561+0000][6][gc,heap     ] GC(133) Eden regions: 29->0(29)
[2022-06-28T10:50:50.561+0000][6][gc,heap     ] GC(133) Survivor regions: 1->1(4)
[2022-06-28T10:50:50.561+0000][6][gc,heap     ] GC(133) Old regions: 19->19
[2022-06-28T10:50:50.561+0000][6][gc,heap     ] GC(133) Archive regions: 2->2
[2022-06-28T10:50:50.561+0000][6][gc,heap     ] GC(133) Humongous regions: 2->2
[2022-06-28T10:50:50.561+0000][6][gc,metaspace] GC(133) Metaspace: 107821K(111296K)->107821K(111296K) NonClass: 93407K(95104K)->93407K(95104K) Class: 14414K(16192K)->14414K(16192K)
[2022-06-28T10:50:50.561+0000][6][gc          ] GC(133) Pause Young (Concurrent Start) (G1 Evacuation Pause) 203M->87M(256M) 3.159ms
[2022-06-28T10:50:50.561+0000][6][gc,cpu      ] GC(133) User=0.00s Sys=0.00s Real=0.00s
[2022-06-28T10:50:50.561+0000][6][safepoint   ] Safepoint "G1CollectForAllocation", Time since last: 205870155579 ns, Reaching safepoint: 26521 ns, At safepoint: 3208376 ns, Total: 3234897 ns
[2022-06-28T10:50:50.561+0000][6][gc          ] GC(134) Concurrent Mark Cycle
[2022-06-28T10:50:50.561+0000][6][gc,marking  ] GC(134) Concurrent Clear Claimed Marks
[2022-06-28T10:50:50.561+0000][6][gc,marking  ] GC(134) Concurrent Clear Claimed Marks 0.042ms
[2022-06-28T10:50:50.561+0000][6][gc,marking  ] GC(134) Concurrent Scan Root Regions
[2022-06-28T10:50:50.562+0000][6][gc,marking  ] GC(134) Concurrent Scan Root Regions 0.760ms
[2022-06-28T10:50:50.562+0000][6][gc,marking  ] GC(134) Concurrent Mark
[2022-06-28T10:50:50.562+0000][6][gc,marking  ] GC(134) Concurrent Mark From Roots
[2022-06-28T10:50:50.562+0000][6][gc,task     ] GC(134) Using 1 workers of 1 for marking
[2022-06-28T10:50:50.693+0000][6][gc,marking  ] GC(134) Concurrent Mark From Roots 131.482ms
[2022-06-28T10:50:50.693+0000][6][gc,marking  ] GC(134) Concurrent Preclean
[2022-06-28T10:50:50.693+0000][6][gc,marking  ] GC(134) Concurrent Preclean 0.110ms
[2022-06-28T10:50:50.693+0000][6][gc,start    ] GC(134) Pause Remark
[2022-06-28T10:50:50.708+0000][6][gc          ] GC(134) Pause Remark 89M->89M(256M) 14.531ms
[2022-06-28T10:50:50.708+0000][6][gc,cpu      ] GC(134) User=0.01s Sys=0.00s Real=0.02s
[2022-06-28T10:50:50.708+0000][6][safepoint   ] Safepoint "G1Concurrent", Time since last: 132531064 ns, Reaching safepoint: 25420 ns, At safepoint: 14613381 ns, Total: 14638801 ns
[2022-06-28T10:50:50.708+0000][6][gc,marking  ] GC(134) Concurrent Mark 146.352ms
[2022-06-28T10:50:50.708+0000][6][gc,marking  ] GC(134) Concurrent Rebuild Remembered Sets
[2022-06-28T10:50:50.783+0000][6][gc,marking  ] GC(134) Concurrent Rebuild Remembered Sets 74.733ms
[2022-06-28T10:50:50.783+0000][6][gc,start    ] GC(134) Pause Cleanup
[2022-06-28T10:50:50.783+0000][6][gc          ] GC(134) Pause Cleanup 89M->89M(256M) 0.049ms
[2022-06-28T10:50:50.783+0000][6][gc,cpu      ] GC(134) User=0.00s Sys=0.00s Real=0.00s
[2022-06-28T10:50:50.783+0000][6][safepoint   ] Safepoint "G1Concurrent", Time since last: 74842460 ns, Reaching safepoint: 34638 ns, At safepoint: 85602 ns, Total: 120240 ns
[2022-06-28T10:50:50.783+0000][6][gc,marking  ] GC(134) Concurrent Cleanup for Next Mark
[2022-06-28T10:50:50.784+0000][6][gc,marking  ] GC(134) Concurrent Cleanup for Next Mark 1.038ms
[2022-06-28T10:50:50.784+0000][6][gc          ] GC(134) Concurrent Mark Cycle 223.197ms
[2022-06-28T10:54:13.003+0000][6][gc,start    ] GC(135) Pause Young (Normal) (G1 Evacuation Pause)
[2022-06-28T10:54:13.003+0000][6][gc,task     ] GC(135) Using 1 workers of 1 for evacuation
[2022-06-28T10:54:13.003+0000][6][gc,age      ] GC(135) Desired survivor size 8388608 bytes, new threshold 15 (max threshold 15)
[2022-06-28T10:54:13.005+0000][6][gc,phases   ] GC(135)   Pre Evacuate Collection Set: 0.1ms
[2022-06-28T10:54:13.005+0000][6][gc,phases   ] GC(135)   Merge Heap Roots: 0.1ms
[2022-06-28T10:54:13.005+0000][6][gc,phases   ] GC(135)   Evacuate Collection Set: 1.6ms
[2022-06-28T10:54:13.005+0000][6][gc,phases   ] GC(135)   Post Evacuate Collection Set: 0.8ms
[2022-06-28T10:54:13.005+0000][6][gc,phases   ] GC(135)   Other: 0.1ms
[2022-06-28T10:54:13.005+0000][6][gc,age      ] GC(135) Age table with threshold 15 (max threshold 15)
[2022-06-28T10:54:13.005+0000][6][gc,age      ] GC(135) - age   1:      12752 bytes,      12752 total
[2022-06-28T10:54:13.005+0000][6][gc,age      ] GC(135) - age   2:        200 bytes,      12952 total
[2022-06-28T10:54:13.005+0000][6][gc,age      ] GC(135) - age   3:       1728 bytes,      14680 total
[2022-06-28T10:54:13.005+0000][6][gc,age      ] GC(135) - age   4:        392 bytes,      15072 total
[2022-06-28T10:54:13.005+0000][6][gc,age      ] GC(135) - age   5:        504 bytes,      15576 total
[2022-06-28T10:54:13.005+0000][6][gc,age      ] GC(135) - age   6:         96 bytes,      15672 total
[2022-06-28T10:54:13.005+0000][6][gc,age      ] GC(135) - age   7:        112 bytes,      15784 total
[2022-06-28T10:54:13.005+0000][6][gc,age      ] GC(135) - age  11:         72 bytes,      15856 total
[2022-06-28T10:54:13.005+0000][6][gc,age      ] GC(135) - age  14:       2288 bytes,      18144 total
[2022-06-28T10:54:13.005+0000][6][gc,age      ] GC(135) - age  15:         56 bytes,      18200 total
[2022-06-28T10:54:13.005+0000][6][gc,heap     ] GC(135) Eden regions: 29->0(29)
[2022-06-28T10:54:13.005+0000][6][gc,heap     ] GC(135) Survivor regions: 1->1(4)
[2022-06-28T10:54:13.005+0000][6][gc,heap     ] GC(135) Old regions: 19->19
[2022-06-28T10:54:13.005+0000][6][gc,heap     ] GC(135) Archive regions: 2->2
[2022-06-28T10:54:13.005+0000][6][gc,heap     ] GC(135) Humongous regions: 2->2
[2022-06-28T10:54:13.005+0000][6][gc,metaspace] GC(135) Metaspace: 107821K(111296K)->107821K(111296K) NonClass: 93407K(95104K)->93407K(95104K) Class: 14414K(16192K)->14414K(16192K)
[2022-06-28T10:54:13.005+0000][6][gc          ] GC(135) Pause Young (Normal) (G1 Evacuation Pause) 203M->87M(256M) 2.859ms
[2022-06-28T10:54:13.005+0000][6][gc,cpu      ] GC(135) User=0.01s Sys=0.00s Real=0.00s
[2022-06-28T10:54:13.005+0000][6][safepoint   ] Safepoint "G1CollectForAllocation", Time since last: 202219458342 ns, Reaching safepoint: 166656 ns, At safepoint: 2907093 ns, Total: 3073749 ns
[2022-06-28T10:56:33.023+0000][6][safepoint   ] Safepoint "Cleanup", Time since last: 140016975980 ns, Reaching safepoint: 88603 ns, At safepoint: 9471 ns, Total: 98074 ns
[2022-06-28T10:57:38.163+0000][6][gc,start    ] GC(136) Pause Young (Concurrent Start) (G1 Evacuation Pause)
[2022-06-28T10:57:38.164+0000][6][gc,task     ] GC(136) Using 1 workers of 1 for evacuation
[2022-06-28T10:57:38.164+0000][6][gc,age      ] GC(136) Desired survivor size 8388608 bytes, new threshold 15 (max threshold 15)
[2022-06-28T10:57:38.166+0000][6][gc,phases   ] GC(136)   Pre Evacuate Collection Set: 0.2ms
[2022-06-28T10:57:38.166+0000][6][gc,phases   ] GC(136)   Merge Heap Roots: 0.0ms
[2022-06-28T10:57:38.167+0000][6][gc,phases   ] GC(136)   Evacuate Collection Set: 1.7ms
[2022-06-28T10:57:38.167+0000][6][gc,phases   ] GC(136)   Post Evacuate Collection Set: 0.9ms
[2022-06-28T10:57:38.167+0000][6][gc,phases   ] GC(136)   Other: 0.1ms
[2022-06-28T10:57:38.167+0000][6][gc,age      ] GC(136) Age table with threshold 15 (max threshold 15)
[2022-06-28T10:57:38.167+0000][6][gc,age      ] GC(136) - age   1:      53872 bytes,      53872 total
[2022-06-28T10:57:38.167+0000][6][gc,age      ] GC(136) - age   2:        200 bytes,      54072 total
[2022-06-28T10:57:38.167+0000][6][gc,age      ] GC(136) - age   4:        472 bytes,      54544 total
[2022-06-28T10:57:38.167+0000][6][gc,age      ] GC(136) - age   6:        304 bytes,      54848 total
[2022-06-28T10:57:38.167+0000][6][gc,age      ] GC(136) - age   7:         64 bytes,      54912 total
[2022-06-28T10:57:38.167+0000][6][gc,age      ] GC(136) - age   8:        112 bytes,      55024 total
[2022-06-28T10:57:38.167+0000][6][gc,age      ] GC(136) - age  12:         72 bytes,      55096 total
[2022-06-28T10:57:38.167+0000][6][gc,age      ] GC(136) - age  15:       2288 bytes,      57384 total
[2022-06-28T10:57:38.167+0000][6][gc,heap     ] GC(136) Eden regions: 29->0(29)
[2022-06-28T10:57:38.167+0000][6][gc,heap     ] GC(136) Survivor regions: 1->1(4)
[2022-06-28T10:57:38.167+0000][6][gc,heap     ] GC(136) Old regions: 19->19
[2022-06-28T10:57:38.167+0000][6][gc,heap     ] GC(136) Archive regions: 2->2
[2022-06-28T10:57:38.167+0000][6][gc,heap     ] GC(136) Humongous regions: 2->2
[2022-06-28T10:57:38.167+0000][6][gc,metaspace] GC(136) Metaspace: 107825K(111296K)->107825K(111296K) NonClass: 93411K(95104K)->93411K(95104K) Class: 14414K(16192K)->14414K(16192K)
[2022-06-28T10:57:38.167+0000][6][gc          ] GC(136) Pause Young (Concurrent Start) (G1 Evacuation Pause) 203M->87M(256M) 3.220ms
[2022-06-28T10:57:38.167+0000][6][gc,cpu      ] GC(136) User=0.00s Sys=0.00s Real=0.01s
[2022-06-28T10:57:38.167+0000][6][safepoint   ] Safepoint "G1CollectForAllocation", Time since last: 65139983922 ns, Reaching safepoint: 918886 ns, At safepoint: 3280289 ns, Total: 4199175 ns
[2022-06-28T10:57:38.167+0000][6][gc          ] GC(137) Concurrent Mark Cycle
[2022-06-28T10:57:38.167+0000][6][gc,marking  ] GC(137) Concurrent Clear Claimed Marks
[2022-06-28T10:57:38.167+0000][6][gc,marking  ] GC(137) Concurrent Clear Claimed Marks 0.041ms
[2022-06-28T10:57:38.167+0000][6][gc,marking  ] GC(137) Concurrent Scan Root Regions
[2022-06-28T10:57:38.168+0000][6][gc,marking  ] GC(137) Concurrent Scan Root Regions 0.919ms
[2022-06-28T10:57:38.168+0000][6][gc,marking  ] GC(137) Concurrent Mark
[2022-06-28T10:57:38.168+0000][6][gc,marking  ] GC(137) Concurrent Mark From Roots
[2022-06-28T10:57:38.168+0000][6][gc,task     ] GC(137) Using 1 workers of 1 for marking
[2022-06-28T10:57:38.302+0000][6][gc,marking  ] GC(137) Concurrent Mark From Roots 134.221ms
[2022-06-28T10:57:38.302+0000][6][gc,marking  ] GC(137) Concurrent Preclean
[2022-06-28T10:57:38.302+0000][6][gc,marking  ] GC(137) Concurrent Preclean 0.113ms
[2022-06-28T10:57:38.302+0000][6][gc,start    ] GC(137) Pause Remark
[2022-06-28T10:57:38.318+0000][6][gc          ] GC(137) Pause Remark 89M->89M(256M) 15.412ms
[2022-06-28T10:57:38.318+0000][6][gc,cpu      ] GC(137) User=0.01s Sys=0.00s Real=0.02s
[2022-06-28T10:57:38.318+0000][6][safepoint   ] Safepoint "G1Concurrent", Time since last: 135430919 ns, Reaching safepoint: 26355 ns, At safepoint: 15489419 ns, Total: 15515774 ns
[2022-06-28T10:57:38.318+0000][6][gc,marking  ] GC(137) Concurrent Mark 149.979ms
[2022-06-28T10:57:38.318+0000][6][gc,marking  ] GC(137) Concurrent Rebuild Remembered Sets
[2022-06-28T10:57:38.399+0000][6][gc,marking  ] GC(137) Concurrent Rebuild Remembered Sets 81.202ms
[2022-06-28T10:57:38.399+0000][6][gc,start    ] GC(137) Pause Cleanup
[2022-06-28T10:57:38.399+0000][6][gc          ] GC(137) Pause Cleanup 89M->89M(256M) 0.067ms
[2022-06-28T10:57:38.399+0000][6][gc,cpu      ] GC(137) User=0.00s Sys=0.00s Real=0.00s
[2022-06-28T10:57:38.399+0000][6][safepoint   ] Safepoint "G1Concurrent", Time since last: 81333650 ns, Reaching safepoint: 23173 ns, At safepoint: 105034 ns, Total: 128207 ns
[2022-06-28T10:57:38.399+0000][6][gc,marking  ] GC(137) Concurrent Cleanup for Next Mark
[2022-06-28T10:57:38.400+0000][6][gc,marking  ] GC(137) Concurrent Cleanup for Next Mark 0.704ms
[2022-06-28T10:57:38.400+0000][6][gc          ] GC(137) Concurrent Mark Cycle 233.128ms
[2022-06-28T11:00:35.417+0000][6][safepoint   ] Safepoint "Cleanup", Time since last: 177018261963 ns, Reaching safepoint: 44483 ns, At safepoint: 4882 ns, Total: 49365 ns
[2022-06-28T11:01:05.392+0000][6][gc,start    ] GC(138) Pause Young (Normal) (G1 Evacuation Pause)
[2022-06-28T11:01:05.392+0000][6][gc,task     ] GC(138) Using 1 workers of 1 for evacuation
[2022-06-28T11:01:05.392+0000][6][gc,age      ] GC(138) Desired survivor size 8388608 bytes, new threshold 15 (max threshold 15)
[2022-06-28T11:01:05.395+0000][6][gc,phases   ] GC(138)   Pre Evacuate Collection Set: 0.0ms
[2022-06-28T11:01:05.395+0000][6][gc,phases   ] GC(138)   Merge Heap Roots: 0.0ms
[2022-06-28T11:01:05.395+0000][6][gc,phases   ] GC(138)   Evacuate Collection Set: 1.7ms
[2022-06-28T11:01:05.395+0000][6][gc,phases   ] GC(138)   Post Evacuate Collection Set: 1.0ms
[2022-06-28T11:01:05.395+0000][6][gc,phases   ] GC(138)   Other: 0.1ms
[2022-06-28T11:01:05.395+0000][6][gc,age      ] GC(138) Age table with threshold 15 (max threshold 15)
[2022-06-28T11:01:05.395+0000][6][gc,age      ] GC(138) - age   1:      19272 bytes,      19272 total
[2022-06-28T11:01:05.395+0000][6][gc,age      ] GC(138) - age   2:       2064 bytes,      21336 total
[2022-06-28T11:01:05.395+0000][6][gc,age      ] GC(138) - age   5:        472 bytes,      21808 total
[2022-06-28T11:01:05.395+0000][6][gc,age      ] GC(138) - age   7:        304 bytes,      22112 total
[2022-06-28T11:01:05.395+0000][6][gc,age      ] GC(138) - age   8:         64 bytes,      22176 total
[2022-06-28T11:01:05.395+0000][6][gc,age      ] GC(138) - age   9:        112 bytes,      22288 total
[2022-06-28T11:01:05.395+0000][6][gc,age      ] GC(138) - age  13:         72 bytes,      22360 total
[2022-06-28T11:01:05.395+0000][6][gc,heap     ] GC(138) Eden regions: 29->0(29)
[2022-06-28T11:01:05.395+0000][6][gc,heap     ] GC(138) Survivor regions: 1->1(4)
[2022-06-28T11:01:05.395+0000][6][gc,heap     ] GC(138) Old regions: 19->19
[2022-06-28T11:01:05.395+0000][6][gc,heap     ] GC(138) Archive regions: 2->2
[2022-06-28T11:01:05.395+0000][6][gc,heap     ] GC(138) Humongous regions: 2->2
[2022-06-28T11:01:05.395+0000][6][gc,metaspace] GC(138) Metaspace: 107825K(111296K)->107825K(111296K) NonClass: 93411K(95104K)->93411K(95104K) Class: 14414K(16192K)->14414K(16192K)
[2022-06-28T11:01:05.395+0000][6][gc          ] GC(138) Pause Young (Normal) (G1 Evacuation Pause) 203M->87M(256M) 3.103ms
[2022-06-28T11:01:05.395+0000][6][gc,cpu      ] GC(138) User=0.00s Sys=0.00s Real=0.01s
[2022-06-28T11:01:05.395+0000][6][safepoint   ] Safepoint "G1CollectForAllocation", Time since last: 29974665787 ns, Reaching safepoint: 156995 ns, At safepoint: 3158144 ns, Total: 3315139 ns
[2022-06-28T11:04:31.281+0000][6][gc,start    ] GC(139) Pause Young (Concurrent Start) (G1 Evacuation Pause)
[2022-06-28T11:04:31.281+0000][6][gc,task     ] GC(139) Using 1 workers of 1 for evacuation
[2022-06-28T11:04:31.281+0000][6][gc,age      ] GC(139) Desired survivor size 8388608 bytes, new threshold 15 (max threshold 15)
[2022-06-28T11:04:31.284+0000][6][gc,phases   ] GC(139)   Pre Evacuate Collection Set: 0.2ms
[2022-06-28T11:04:31.284+0000][6][gc,phases   ] GC(139)   Merge Heap Roots: 0.0ms
[2022-06-28T11:04:31.284+0000][6][gc,phases   ] GC(139)   Evacuate Collection Set: 1.5ms
[2022-06-28T11:04:31.284+0000][6][gc,phases   ] GC(139)   Post Evacuate Collection Set: 1.2ms
[2022-06-28T11:04:31.284+0000][6][gc,phases   ] GC(139)   Other: 0.1ms
[2022-06-28T11:04:31.284+0000][6][gc,age      ] GC(139) Age table with threshold 15 (max threshold 15)
[2022-06-28T11:04:31.284+0000][6][gc,age      ] GC(139) - age   1:      12984 bytes,      12984 total
[2022-06-28T11:04:31.284+0000][6][gc,age      ] GC(139) - age   3:       2064 bytes,      15048 total
[2022-06-28T11:04:31.284+0000][6][gc,age      ] GC(139) - age   6:        472 bytes,      15520 total
[2022-06-28T11:04:31.284+0000][6][gc,age      ] GC(139) - age   8:        304 bytes,      15824 total
[2022-06-28T11:04:31.284+0000][6][gc,age      ] GC(139) - age   9:         64 bytes,      15888 total
[2022-06-28T11:04:31.284+0000][6][gc,age      ] GC(139) - age  10:        112 bytes,      16000 total
[2022-06-28T11:04:31.284+0000][6][gc,age      ] GC(139) - age  14:         72 bytes,      16072 total
[2022-06-28T11:04:31.284+0000][6][gc,heap     ] GC(139) Eden regions: 29->0(29)
[2022-06-28T11:04:31.284+0000][6][gc,heap     ] GC(139) Survivor regions: 1->1(4)
[2022-06-28T11:04:31.284+0000][6][gc,heap     ] GC(139) Old regions: 19->19
[2022-06-28T11:04:31.284+0000][6][gc,heap     ] GC(139) Archive regions: 2->2
[2022-06-28T11:04:31.284+0000][6][gc,heap     ] GC(139) Humongous regions: 2->2
[2022-06-28T11:04:31.284+0000][6][gc,metaspace] GC(139) Metaspace: 107825K(111296K)->107825K(111296K) NonClass: 93411K(95104K)->93411K(95104K) Class: 14414K(16192K)->14414K(16192K)
[2022-06-28T11:04:31.284+0000][6][gc          ] GC(139) Pause Young (Concurrent Start) (G1 Evacuation Pause) 203M->87M(256M) 3.230ms
[2022-06-28T11:04:31.284+0000][6][gc,cpu      ] GC(139) User=0.00s Sys=0.00s Real=0.00s
[2022-06-28T11:04:31.284+0000][6][safepoint   ] Safepoint "G1CollectForAllocation", Time since last: 205885405560 ns, Reaching safepoint: 26491 ns, At safepoint: 3280913 ns, Total: 3307404 ns
[2022-06-28T11:04:31.284+0000][6][gc          ] GC(140) Concurrent Mark Cycle
[2022-06-28T11:04:31.284+0000][6][gc,marking  ] GC(140) Concurrent Clear Claimed Marks
[2022-06-28T11:04:31.284+0000][6][gc,marking  ] GC(140) Concurrent Clear Claimed Marks 0.042ms
[2022-06-28T11:04:31.284+0000][6][gc,marking  ] GC(140) Concurrent Scan Root Regions
[2022-06-28T11:04:31.285+0000][6][gc,marking  ] GC(140) Concurrent Scan Root Regions 1.021ms
[2022-06-28T11:04:31.285+0000][6][gc,marking  ] GC(140) Concurrent Mark
[2022-06-28T11:04:31.285+0000][6][gc,marking  ] GC(140) Concurrent Mark From Roots
[2022-06-28T11:04:31.285+0000][6][gc,task     ] GC(140) Using 1 workers of 1 for marking
[2022-06-28T11:04:31.409+0000][6][gc,marking  ] GC(140) Concurrent Mark From Roots 123.439ms
[2022-06-28T11:04:31.409+0000][6][gc,marking  ] GC(140) Concurrent Preclean
[2022-06-28T11:04:31.409+0000][6][gc,marking  ] GC(140) Concurrent Preclean 0.115ms
[2022-06-28T11:04:31.409+0000][6][gc,start    ] GC(140) Pause Remark
[2022-06-28T11:04:31.423+0000][6][gc          ] GC(140) Pause Remark 88M->88M(256M) 14.550ms
[2022-06-28T11:04:31.424+0000][6][gc,cpu      ] GC(140) User=0.01s Sys=0.00s Real=0.01s
[2022-06-28T11:04:31.424+0000][6][safepoint   ] Safepoint "G1Concurrent", Time since last: 124759229 ns, Reaching safepoint: 26820 ns, At safepoint: 14619501 ns, Total: 14646321 ns
[2022-06-28T11:04:31.424+0000][6][gc,marking  ] GC(140) Concurrent Mark 138.311ms
[2022-06-28T11:04:31.424+0000][6][gc,marking  ] GC(140) Concurrent Rebuild Remembered Sets
[2022-06-28T11:04:31.499+0000][6][gc,marking  ] GC(140) Concurrent Rebuild Remembered Sets 75.177ms
[2022-06-28T11:04:31.499+0000][6][gc,start    ] GC(140) Pause Cleanup
[2022-06-28T11:04:31.499+0000][6][gc          ] GC(140) Pause Cleanup 89M->89M(256M) 0.051ms
[2022-06-28T11:04:31.499+0000][6][gc,cpu      ] GC(140) User=0.00s Sys=0.00s Real=0.00s
[2022-06-28T11:04:31.499+0000][6][safepoint   ] Safepoint "G1Concurrent", Time since last: 75272124 ns, Reaching safepoint: 23709 ns, At safepoint: 103683 ns, Total: 127392 ns
[2022-06-28T11:04:31.499+0000][6][gc,marking  ] GC(140) Concurrent Cleanup for Next Mark
[2022-06-28T11:04:31.500+0000][6][gc,marking  ] GC(140) Concurrent Cleanup for Next Mark 0.671ms
[2022-06-28T11:04:31.500+0000][6][gc          ] GC(140) Concurrent Mark Cycle 215.493ms
[2022-06-28T11:07:55.645+0000][6][gc,start    ] GC(141) Pause Young (Normal) (G1 Evacuation Pause)
[2022-06-28T11:07:55.645+0000][6][gc,task     ] GC(141) Using 1 workers of 1 for evacuation
[2022-06-28T11:07:55.645+0000][6][gc,age      ] GC(141) Desired survivor size 8388608 bytes, new threshold 15 (max threshold 15)
[2022-06-28T11:07:55.648+0000][6][gc,phases   ] GC(141)   Pre Evacuate Collection Set: 0.1ms
[2022-06-28T11:07:55.648+0000][6][gc,phases   ] GC(141)   Merge Heap Roots: 0.0ms
[2022-06-28T11:07:55.648+0000][6][gc,phases   ] GC(141)   Evacuate Collection Set: 1.6ms
[2022-06-28T11:07:55.648+0000][6][gc,phases   ] GC(141)   Post Evacuate Collection Set: 0.9ms
[2022-06-28T11:07:55.648+0000][6][gc,phases   ] GC(141)   Other: 0.1ms
[2022-06-28T11:07:55.648+0000][6][gc,age      ] GC(141) Age table with threshold 15 (max threshold 15)
[2022-06-28T11:07:55.648+0000][6][gc,age      ] GC(141) - age   1:      54744 bytes,      54744 total
[2022-06-28T11:07:55.648+0000][6][gc,age      ] GC(141) - age   2:        200 bytes,      54944 total
[2022-06-28T11:07:55.648+0000][6][gc,age      ] GC(141) - age   4:        776 bytes,      55720 total
[2022-06-28T11:07:55.648+0000][6][gc,age      ] GC(141) - age   7:        472 bytes,      56192 total
[2022-06-28T11:07:55.648+0000][6][gc,age      ] GC(141) - age   9:        304 bytes,      56496 total
[2022-06-28T11:07:55.648+0000][6][gc,age      ] GC(141) - age  10:         64 bytes,      56560 total
[2022-06-28T11:07:55.648+0000][6][gc,age      ] GC(141) - age  11:        112 bytes,      56672 total
[2022-06-28T11:07:55.648+0000][6][gc,age      ] GC(141) - age  15:         72 bytes,      56744 total
[2022-06-28T11:07:55.648+0000][6][gc,heap     ] GC(141) Eden regions: 29->0(29)
[2022-06-28T11:07:55.648+0000][6][gc,heap     ] GC(141) Survivor regions: 1->1(4)
[2022-06-28T11:07:55.648+0000][6][gc,heap     ] GC(141) Old regions: 19->19
[2022-06-28T11:07:55.648+0000][6][gc,heap     ] GC(141) Archive regions: 2->2
[2022-06-28T11:07:55.648+0000][6][gc,heap     ] GC(141) Humongous regions: 2->2
[2022-06-28T11:07:55.648+0000][6][gc,metaspace] GC(141) Metaspace: 107828K(111296K)->107828K(111296K) NonClass: 93413K(95104K)->93413K(95104K) Class: 14414K(16192K)->14414K(16192K)
[2022-06-28T11:07:55.648+0000][6][gc          ] GC(141) Pause Young (Normal) (G1 Evacuation Pause) 203M->87M(256M) 2.971ms
[2022-06-28T11:07:55.648+0000][6][gc,cpu      ] GC(141) User=0.00s Sys=0.00s Real=0.01s
[2022-06-28T11:07:55.648+0000][6][safepoint   ] Safepoint "G1CollectForAllocation", Time since last: 204146099387 ns, Reaching safepoint: 180612 ns, At safepoint: 3017272 ns, Total: 3197884 ns
[2022-06-28T11:11:05.669+0000][6][safepoint   ] Safepoint "Cleanup", Time since last: 190020259440 ns, Reaching safepoint: 37435 ns, At safepoint: 4738 ns, Total: 42173 ns
[2022-06-28T11:11:22.650+0000][6][gc,start    ] GC(142) Pause Young (Concurrent Start) (G1 Evacuation Pause)
[2022-06-28T11:11:22.650+0000][6][gc,task     ] GC(142) Using 1 workers of 1 for evacuation
[2022-06-28T11:11:22.650+0000][6][gc,age      ] GC(142) Desired survivor size 8388608 bytes, new threshold 15 (max threshold 15)
[2022-06-28T11:11:22.652+0000][6][gc,phases   ] GC(142)   Pre Evacuate Collection Set: 0.2ms
[2022-06-28T11:11:22.652+0000][6][gc,phases   ] GC(142)   Merge Heap Roots: 0.0ms
[2022-06-28T11:11:22.652+0000][6][gc,phases   ] GC(142)   Evacuate Collection Set: 1.5ms
[2022-06-28T11:11:22.652+0000][6][gc,phases   ] GC(142)   Post Evacuate Collection Set: 0.9ms
[2022-06-28T11:11:22.652+0000][6][gc,phases   ] GC(142)   Other: 0.1ms
[2022-06-28T11:11:22.653+0000][6][gc,age      ] GC(142) Age table with threshold 15 (max threshold 15)
[2022-06-28T11:11:22.653+0000][6][gc,age      ] GC(142) - age   1:      13168 bytes,      13168 total
[2022-06-28T11:11:22.653+0000][6][gc,age      ] GC(142) - age   2:       1288 bytes,      14456 total
[2022-06-28T11:11:22.653+0000][6][gc,age      ] GC(142) - age   3:        200 bytes,      14656 total
[2022-06-28T11:11:22.653+0000][6][gc,age      ] GC(142) - age   5:        592 bytes,      15248 total
[2022-06-28T11:11:22.653+0000][6][gc,age      ] GC(142) - age   8:        472 bytes,      15720 total
[2022-06-28T11:11:22.653+0000][6][gc,age      ] GC(142) - age  10:        104 bytes,      15824 total
[2022-06-28T11:11:22.653+0000][6][gc,age      ] GC(142) - age  11:         64 bytes,      15888 total
[2022-06-28T11:11:22.653+0000][6][gc,age      ] GC(142) - age  12:        112 bytes,      16000 total
[2022-06-28T11:11:22.653+0000][6][gc,heap     ] GC(142) Eden regions: 29->0(29)
[2022-06-28T11:11:22.653+0000][6][gc,heap     ] GC(142) Survivor regions: 1->1(4)
[2022-06-28T11:11:22.653+0000][6][gc,heap     ] GC(142) Old regions: 19->19
[2022-06-28T11:11:22.653+0000][6][gc,heap     ] GC(142) Archive regions: 2->2
[2022-06-28T11:11:22.653+0000][6][gc,heap     ] GC(142) Humongous regions: 2->2
[2022-06-28T11:11:22.653+0000][6][gc,metaspace] GC(142) Metaspace: 107829K(111296K)->107829K(111296K) NonClass: 93415K(95104K)->93415K(95104K) Class: 14414K(16192K)->14414K(16192K)
[2022-06-28T11:11:22.653+0000][6][gc          ] GC(142) Pause Young (Concurrent Start) (G1 Evacuation Pause) 203M->87M(256M) 2.952ms
[2022-06-28T11:11:22.653+0000][6][gc,cpu      ] GC(142) User=0.00s Sys=0.00s Real=0.00s
[2022-06-28T11:11:22.653+0000][6][safepoint   ] Safepoint "G1CollectForAllocation", Time since last: 16981095718 ns, Reaching safepoint: 27378 ns, At safepoint: 3001690 ns, Total: 3029068 ns
[2022-06-28T11:11:22.653+0000][6][gc          ] GC(143) Concurrent Mark Cycle
[2022-06-28T11:11:22.653+0000][6][gc,marking  ] GC(143) Concurrent Clear Claimed Marks
[2022-06-28T11:11:22.653+0000][6][gc,marking  ] GC(143) Concurrent Clear Claimed Marks 0.042ms
[2022-06-28T11:11:22.653+0000][6][gc,marking  ] GC(143) Concurrent Scan Root Regions
[2022-06-28T11:11:22.654+0000][6][gc,marking  ] GC(143) Concurrent Scan Root Regions 0.976ms
[2022-06-28T11:11:22.654+0000][6][gc,marking  ] GC(143) Concurrent Mark
[2022-06-28T11:11:22.654+0000][6][gc,marking  ] GC(143) Concurrent Mark From Roots
[2022-06-28T11:11:22.654+0000][6][gc,task     ] GC(143) Using 1 workers of 1 for marking
[2022-06-28T11:11:22.772+0000][6][gc,marking  ] GC(143) Concurrent Mark From Roots 118.102ms
[2022-06-28T11:11:22.772+0000][6][gc,marking  ] GC(143) Concurrent Preclean
[2022-06-28T11:11:22.772+0000][6][gc,marking  ] GC(143) Concurrent Preclean 0.114ms
[2022-06-28T11:11:22.772+0000][6][gc,start    ] GC(143) Pause Remark
[2022-06-28T11:11:22.786+0000][6][gc          ] GC(143) Pause Remark 88M->88M(256M) 14.270ms
[2022-06-28T11:11:22.786+0000][6][gc,cpu      ] GC(143) User=0.01s Sys=0.00s Real=0.01s
[2022-06-28T11:11:22.786+0000][6][safepoint   ] Safepoint "G1Concurrent", Time since last: 119412613 ns, Reaching safepoint: 25466 ns, At safepoint: 14344505 ns, Total: 14369971 ns
[2022-06-28T11:11:22.786+0000][6][gc,marking  ] GC(143) Concurrent Mark 132.696ms
[2022-06-28T11:11:22.786+0000][6][gc,marking  ] GC(143) Concurrent Rebuild Remembered Sets
[2022-06-28T11:11:22.856+0000][6][gc,marking  ] GC(143) Concurrent Rebuild Remembered Sets 69.341ms
[2022-06-28T11:11:22.856+0000][6][gc,start    ] GC(143) Pause Cleanup
[2022-06-28T11:11:22.856+0000][6][gc          ] GC(143) Pause Cleanup 89M->89M(256M) 0.067ms
[2022-06-28T11:11:22.856+0000][6][gc,cpu      ] GC(143) User=0.00s Sys=0.00s Real=0.00s
[2022-06-28T11:11:22.856+0000][6][safepoint   ] Safepoint "G1Concurrent", Time since last: 69442195 ns, Reaching safepoint: 23742 ns, At safepoint: 105263 ns, Total: 129005 ns
[2022-06-28T11:11:22.856+0000][6][gc,marking  ] GC(143) Concurrent Cleanup for Next Mark
[2022-06-28T11:11:22.857+0000][6][gc,marking  ] GC(143) Concurrent Cleanup for Next Mark 0.681ms
[2022-06-28T11:11:22.857+0000][6][gc          ] GC(143) Concurrent Mark Cycle 204.014ms
[2022-06-28T11:11:32.857+0000][6][safepoint   ] Safepoint "Cleanup", Time since last: 10000926867 ns, Reaching safepoint: 57155 ns, At safepoint: 4445 ns, Total: 61600 ns
[2022-06-28T11:12:05.861+0000][6][safepoint   ] Safepoint "Cleanup", Time since last: 33003525020 ns, Reaching safepoint: 41866 ns, At safepoint: 4852 ns, Total: 46718 ns
[2022-06-28T11:14:48.964+0000][6][gc,start    ] GC(144) Pause Young (Normal) (G1 Evacuation Pause)
[2022-06-28T11:14:48.964+0000][6][gc,task     ] GC(144) Using 1 workers of 1 for evacuation
[2022-06-28T11:14:48.964+0000][6][gc,age      ] GC(144) Desired survivor size 8388608 bytes, new threshold 15 (max threshold 15)
[2022-06-28T11:14:48.967+0000][6][gc,phases   ] GC(144)   Pre Evacuate Collection Set: 0.1ms
[2022-06-28T11:14:48.967+0000][6][gc,phases   ] GC(144)   Merge Heap Roots: 0.1ms
[2022-06-28T11:14:48.967+0000][6][gc,phases   ] GC(144)   Evacuate Collection Set: 1.6ms
[2022-06-28T11:14:48.967+0000][6][gc,phases   ] GC(144)   Post Evacuate Collection Set: 0.9ms
[2022-06-28T11:14:48.967+0000][6][gc,phases   ] GC(144)   Other: 0.1ms
[2022-06-28T11:14:48.967+0000][6][gc,age      ] GC(144) Age table with threshold 15 (max threshold 15)
[2022-06-28T11:14:48.967+0000][6][gc,age      ] GC(144) - age   1:      16176 bytes,      16176 total
[2022-06-28T11:14:48.967+0000][6][gc,age      ] GC(144) - age   2:        584 bytes,      16760 total
[2022-06-28T11:14:48.967+0000][6][gc,age      ] GC(144) - age   3:       1288 bytes,      18048 total
[2022-06-28T11:14:48.967+0000][6][gc,age      ] GC(144) - age   4:        200 bytes,      18248 total
[2022-06-28T11:14:48.967+0000][6][gc,age      ] GC(144) - age   6:        384 bytes,      18632 total
[2022-06-28T11:14:48.967+0000][6][gc,age      ] GC(144) - age   9:         72 bytes,      18704 total
[2022-06-28T11:14:48.967+0000][6][gc,age      ] GC(144) - age  11:        104 bytes,      18808 total
[2022-06-28T11:14:48.967+0000][6][gc,age      ] GC(144) - age  12:         64 bytes,      18872 total
[2022-06-28T11:14:48.967+0000][6][gc,age      ] GC(144) - age  13:        112 bytes,      18984 total
[2022-06-28T11:14:48.967+0000][6][gc,heap     ] GC(144) Eden regions: 29->0(29)
[2022-06-28T11:14:48.967+0000][6][gc,heap     ] GC(144) Survivor regions: 1->1(4)
[2022-06-28T11:14:48.967+0000][6][gc,heap     ] GC(144) Old regions: 19->19
[2022-06-28T11:14:48.967+0000][6][gc,heap     ] GC(144) Archive regions: 2->2
[2022-06-28T11:14:48.967+0000][6][gc,heap     ] GC(144) Humongous regions: 2->2
[2022-06-28T11:14:48.967+0000][6][gc,metaspace] GC(144) Metaspace: 107871K(111360K)->107871K(111360K) NonClass: 93457K(95168K)->93457K(95168K) Class: 14414K(16192K)->14414K(16192K)
[2022-06-28T11:14:48.967+0000][6][gc          ] GC(144) Pause Young (Normal) (G1 Evacuation Pause) 203M->87M(256M) 2.916ms
[2022-06-28T11:14:48.967+0000][6][gc,cpu      ] GC(144) User=0.00s Sys=0.00s Real=0.01s
[2022-06-28T11:14:48.967+0000][6][safepoint   ] Safepoint "G1CollectForAllocation", Time since last: 163103709218 ns, Reaching safepoint: 26387 ns, At safepoint: 2959725 ns, Total: 2986112 ns
[2022-06-28T11:16:34.978+0000][6][safepoint   ] Safepoint "Cleanup", Time since last: 106011088567 ns, Reaching safepoint: 47525 ns, At safepoint: 4691 ns, Total: 52216 ns
[2022-06-28T11:18:05.990+0000][6][safepoint   ] Safepoint "Cleanup", Time since last: 91011436893 ns, Reaching safepoint: 42781 ns, At safepoint: 91234 ns, Total: 134015 ns
[2022-06-28T11:18:14.127+0000][6][gc,start    ] GC(145) Pause Young (Concurrent Start) (G1 Evacuation Pause)
[2022-06-28T11:18:14.127+0000][6][gc,task     ] GC(145) Using 1 workers of 1 for evacuation
[2022-06-28T11:18:14.127+0000][6][gc,age      ] GC(145) Desired survivor size 8388608 bytes, new threshold 15 (max threshold 15)
[2022-06-28T11:18:14.130+0000][6][gc,phases   ] GC(145)   Pre Evacuate Collection Set: 0.2ms
[2022-06-28T11:18:14.130+0000][6][gc,phases   ] GC(145)   Merge Heap Roots: 0.0ms
[2022-06-28T11:18:14.130+0000][6][gc,phases   ] GC(145)   Evacuate Collection Set: 1.7ms
[2022-06-28T11:18:14.130+0000][6][gc,phases   ] GC(145)   Post Evacuate Collection Set: 0.9ms
[2022-06-28T11:18:14.130+0000][6][gc,phases   ] GC(145)   Other: 0.1ms
[2022-06-28T11:18:14.130+0000][6][gc,age      ] GC(145) Age table with threshold 15 (max threshold 15)
[2022-06-28T11:18:14.130+0000][6][gc,age      ] GC(145) - age   1:      54552 bytes,      54552 total
[2022-06-28T11:18:14.130+0000][6][gc,age      ] GC(145) - age   2:       1952 bytes,      56504 total
[2022-06-28T11:18:14.130+0000][6][gc,age      ] GC(145) - age   3:        584 bytes,      57088 total
[2022-06-28T11:18:14.130+0000][6][gc,age      ] GC(145) - age   5:        200 bytes,      57288 total
[2022-06-28T11:18:14.130+0000][6][gc,age      ] GC(145) - age   7:        384 bytes,      57672 total
[2022-06-28T11:18:14.130+0000][6][gc,age      ] GC(145) - age  10:         72 bytes,      57744 total
[2022-06-28T11:18:14.130+0000][6][gc,age      ] GC(145) - age  12:        104 bytes,      57848 total
[2022-06-28T11:18:14.130+0000][6][gc,age      ] GC(145) - age  13:         64 bytes,      57912 total
[2022-06-28T11:18:14.130+0000][6][gc,age      ] GC(145) - age  14:        112 bytes,      58024 total
[2022-06-28T11:18:14.130+0000][6][gc,heap     ] GC(145) Eden regions: 29->0(29)
[2022-06-28T11:18:14.130+0000][6][gc,heap     ] GC(145) Survivor regions: 1->1(4)
[2022-06-28T11:18:14.130+0000][6][gc,heap     ] GC(145) Old regions: 19->19
[2022-06-28T11:18:14.130+0000][6][gc,heap     ] GC(145) Archive regions: 2->2
[2022-06-28T11:18:14.130+0000][6][gc,heap     ] GC(145) Humongous regions: 2->2
[2022-06-28T11:18:14.130+0000][6][gc,metaspace] GC(145) Metaspace: 107875K(111360K)->107875K(111360K) NonClass: 93460K(95168K)->93460K(95168K) Class: 14414K(16192K)->14414K(16192K)
[2022-06-28T11:18:14.130+0000][6][gc          ] GC(145) Pause Young (Concurrent Start) (G1 Evacuation Pause) 203M->87M(256M) 3.153ms
[2022-06-28T11:18:14.130+0000][6][gc,cpu      ] GC(145) User=0.00s Sys=0.01s Real=0.00s
[2022-06-28T11:18:14.130+0000][6][safepoint   ] Safepoint "G1CollectForAllocation", Time since last: 8136922798 ns, Reaching safepoint: 26389 ns, At safepoint: 3206117 ns, Total: 3232506 ns
[2022-06-28T11:18:14.130+0000][6][gc          ] GC(146) Concurrent Mark Cycle
[2022-06-28T11:18:14.130+0000][6][gc,marking  ] GC(146) Concurrent Clear Claimed Marks
[2022-06-28T11:18:14.130+0000][6][gc,marking  ] GC(146) Concurrent Clear Claimed Marks 0.041ms
[2022-06-28T11:18:14.130+0000][6][gc,marking  ] GC(146) Concurrent Scan Root Regions
[2022-06-28T11:18:14.131+0000][6][gc,marking  ] GC(146) Concurrent Scan Root Regions 0.817ms
[2022-06-28T11:18:14.131+0000][6][gc,marking  ] GC(146) Concurrent Mark
[2022-06-28T11:18:14.131+0000][6][gc,marking  ] GC(146) Concurrent Mark From Roots
[2022-06-28T11:18:14.131+0000][6][gc,task     ] GC(146) Using 1 workers of 1 for marking
[2022-06-28T11:18:14.252+0000][6][gc,marking  ] GC(146) Concurrent Mark From Roots 121.069ms
[2022-06-28T11:18:14.252+0000][6][gc,marking  ] GC(146) Concurrent Preclean
[2022-06-28T11:18:14.252+0000][6][gc,marking  ] GC(146) Concurrent Preclean 0.111ms
[2022-06-28T11:18:14.252+0000][6][gc,start    ] GC(146) Pause Remark
[2022-06-28T11:18:14.267+0000][6][gc          ] GC(146) Pause Remark 89M->89M(256M) 14.975ms
[2022-06-28T11:18:14.267+0000][6][gc,cpu      ] GC(146) User=0.01s Sys=0.00s Real=0.02s
[2022-06-28T11:18:14.267+0000][6][safepoint   ] Safepoint "G1Concurrent", Time since last: 122205097 ns, Reaching safepoint: 26694 ns, At safepoint: 15033339 ns, Total: 15060033 ns
[2022-06-28T11:18:14.267+0000][6][gc,marking  ] GC(146) Concurrent Mark 136.346ms
[2022-06-28T11:18:14.267+0000][6][gc,marking  ] GC(146) Concurrent Rebuild Remembered Sets
[2022-06-28T11:18:14.338+0000][6][gc,marking  ] GC(146) Concurrent Rebuild Remembered Sets 70.347ms
[2022-06-28T11:18:14.338+0000][6][gc,start    ] GC(146) Pause Cleanup
[2022-06-28T11:18:14.338+0000][6][gc          ] GC(146) Pause Cleanup 89M->89M(256M) 0.060ms
[2022-06-28T11:18:14.338+0000][6][gc,cpu      ] GC(146) User=0.00s Sys=0.00s Real=0.00s
[2022-06-28T11:18:14.338+0000][6][safepoint   ] Safepoint "G1Concurrent", Time since last: 70442569 ns, Reaching safepoint: 34316 ns, At safepoint: 128152 ns, Total: 162468 ns
[2022-06-28T11:18:14.338+0000][6][gc,marking  ] GC(146) Concurrent Cleanup for Next Mark
[2022-06-28T11:18:14.339+0000][6][gc,marking  ] GC(146) Concurrent Cleanup for Next Mark 0.667ms
[2022-06-28T11:18:14.339+0000][6][gc          ] GC(146) Concurrent Mark Cycle 208.542ms
[2022-06-28T11:19:36.347+0000][6][safepoint   ] Safepoint "Cleanup", Time since last: 82009051131 ns, Reaching safepoint: 42179 ns, At safepoint: 27206 ns, Total: 69385 ns
[2022-06-28T11:21:39.293+0000][6][gc,start    ] GC(147) Pause Young (Normal) (G1 Evacuation Pause)
[2022-06-28T11:21:39.293+0000][6][gc,task     ] GC(147) Using 1 workers of 1 for evacuation
[2022-06-28T11:21:39.293+0000][6][gc,age      ] GC(147) Desired survivor size 8388608 bytes, new threshold 15 (max threshold 15)
[2022-06-28T11:21:39.300+0000][6][gc,phases   ] GC(147)   Pre Evacuate Collection Set: 0.0ms
[2022-06-28T11:21:39.300+0000][6][gc,phases   ] GC(147)   Merge Heap Roots: 0.0ms
[2022-06-28T11:21:39.300+0000][6][gc,phases   ] GC(147)   Evacuate Collection Set: 5.8ms
[2022-06-28T11:21:39.300+0000][6][gc,phases   ] GC(147)   Post Evacuate Collection Set: 1.0ms
[2022-06-28T11:21:39.300+0000][6][gc,phases   ] GC(147)   Other: 0.1ms
[2022-06-28T11:21:39.300+0000][6][gc,age      ] GC(147) Age table with threshold 15 (max threshold 15)
[2022-06-28T11:21:39.300+0000][6][gc,age      ] GC(147) - age   1:      13168 bytes,      13168 total
[2022-06-28T11:21:39.300+0000][6][gc,age      ] GC(147) - age   2:       1288 bytes,      14456 total
[2022-06-28T11:21:39.300+0000][6][gc,age      ] GC(147) - age   3:       1752 bytes,      16208 total
[2022-06-28T11:21:39.300+0000][6][gc,age      ] GC(147) - age   4:        584 bytes,      16792 total
[2022-06-28T11:21:39.300+0000][6][gc,age      ] GC(147) - age   6:        200 bytes,      16992 total
[2022-06-28T11:21:39.300+0000][6][gc,age      ] GC(147) - age   8:        384 bytes,      17376 total
[2022-06-28T11:21:39.300+0000][6][gc,age      ] GC(147) - age  11:         72 bytes,      17448 total
[2022-06-28T11:21:39.300+0000][6][gc,age      ] GC(147) - age  13:        104 bytes,      17552 total
[2022-06-28T11:21:39.300+0000][6][gc,age      ] GC(147) - age  14:         64 bytes,      17616 total
[2022-06-28T11:21:39.300+0000][6][gc,age      ] GC(147) - age  15:        112 bytes,      17728 total
[2022-06-28T11:21:39.300+0000][6][gc,heap     ] GC(147) Eden regions: 29->0(29)
[2022-06-28T11:21:39.300+0000][6][gc,heap     ] GC(147) Survivor regions: 1->1(4)
[2022-06-28T11:21:39.300+0000][6][gc,heap     ] GC(147) Old regions: 19->19
[2022-06-28T11:21:39.300+0000][6][gc,heap     ] GC(147) Archive regions: 2->2
[2022-06-28T11:21:39.300+0000][6][gc,heap     ] GC(147) Humongous regions: 2->2
[2022-06-28T11:21:39.300+0000][6][gc,metaspace] GC(147) Metaspace: 107875K(111360K)->107875K(111360K) NonClass: 93460K(95168K)->93460K(95168K) Class: 14414K(16192K)->14414K(16192K)
[2022-06-28T11:21:39.300+0000][6][gc          ] GC(147) Pause Young (Normal) (G1 Evacuation Pause) 203M->87M(256M) 7.176ms
[2022-06-28T11:21:39.300+0000][6][gc,cpu      ] GC(147) User=0.00s Sys=0.00s Real=0.01s
[2022-06-28T11:21:39.300+0000][6][safepoint   ] Safepoint "G1CollectForAllocation", Time since last: 122945203530 ns, Reaching safepoint: 154051 ns, At safepoint: 7225311 ns, Total: 7379362 ns
[2022-06-28T11:22:36.306+0000][6][safepoint   ] Safepoint "Cleanup", Time since last: 57005803278 ns, Reaching safepoint: 36195 ns, At safepoint: 24444 ns, Total: 60639 ns
[2022-06-28T11:25:06.164+0000][6][gc,start    ] GC(148) Pause Young (Concurrent Start) (G1 Evacuation Pause)
[2022-06-28T11:25:06.164+0000][6][gc,task     ] GC(148) Using 1 workers of 1 for evacuation
[2022-06-28T11:25:06.164+0000][6][gc,age      ] GC(148) Desired survivor size 8388608 bytes, new threshold 15 (max threshold 15)
[2022-06-28T11:25:06.167+0000][6][gc,phases   ] GC(148)   Pre Evacuate Collection Set: 0.2ms
[2022-06-28T11:25:06.167+0000][6][gc,phases   ] GC(148)   Merge Heap Roots: 0.0ms
[2022-06-28T11:25:06.167+0000][6][gc,phases   ] GC(148)   Evacuate Collection Set: 1.5ms
[2022-06-28T11:25:06.167+0000][6][gc,phases   ] GC(148)   Post Evacuate Collection Set: 0.9ms
[2022-06-28T11:25:06.167+0000][6][gc,phases   ] GC(148)   Other: 0.1ms
[2022-06-28T11:25:06.167+0000][6][gc,age      ] GC(148) Age table with threshold 15 (max threshold 15)
[2022-06-28T11:25:06.167+0000][6][gc,age      ] GC(148) - age   1:      16240 bytes,      16240 total
[2022-06-28T11:25:06.167+0000][6][gc,age      ] GC(148) - age   2:         96 bytes,      16336 total
[2022-06-28T11:25:06.167+0000][6][gc,age      ] GC(148) - age   3:       1288 bytes,      17624 total
[2022-06-28T11:25:06.167+0000][6][gc,age      ] GC(148) - age   4:       1752 bytes,      19376 total
[2022-06-28T11:25:06.167+0000][6][gc,age      ] GC(148) - age   5:        584 bytes,      19960 total
[2022-06-28T11:25:06.167+0000][6][gc,age      ] GC(148) - age   7:        200 bytes,      20160 total
[2022-06-28T11:25:06.167+0000][6][gc,age      ] GC(148) - age   9:        384 bytes,      20544 total
[2022-06-28T11:25:06.167+0000][6][gc,age      ] GC(148) - age  12:         72 bytes,      20616 total
[2022-06-28T11:25:06.167+0000][6][gc,age      ] GC(148) - age  14:        104 bytes,      20720 total
[2022-06-28T11:25:06.167+0000][6][gc,age      ] GC(148) - age  15:         64 bytes,      20784 total
[2022-06-28T11:25:06.167+0000][6][gc,heap     ] GC(148) Eden regions: 29->0(29)
[2022-06-28T11:25:06.167+0000][6][gc,heap     ] GC(148) Survivor regions: 1->1(4)
[2022-06-28T11:25:06.167+0000][6][gc,heap     ] GC(148) Old regions: 19->19
[2022-06-28T11:25:06.167+0000][6][gc,heap     ] GC(148) Archive regions: 2->2
[2022-06-28T11:25:06.167+0000][6][gc,heap     ] GC(148) Humongous regions: 2->2
[2022-06-28T11:25:06.167+0000][6][gc,metaspace] GC(148) Metaspace: 107875K(111360K)->107875K(111360K) NonClass: 93460K(95168K)->93460K(95168K) Class: 14414K(16192K)->14414K(16192K)
[2022-06-28T11:25:06.167+0000][6][gc          ] GC(148) Pause Young (Concurrent Start) (G1 Evacuation Pause) 203M->87M(256M) 2.998ms
[2022-06-28T11:25:06.167+0000][6][gc,cpu      ] GC(148) User=0.01s Sys=0.00s Real=0.01s
[2022-06-28T11:25:06.167+0000][6][safepoint   ] Safepoint "G1CollectForAllocation", Time since last: 149858090900 ns, Reaching safepoint: 157834 ns, At safepoint: 3052286 ns, Total: 3210120 ns
[2022-06-28T11:25:06.167+0000][6][gc          ] GC(149) Concurrent Mark Cycle
[2022-06-28T11:25:06.167+0000][6][gc,marking  ] GC(149) Concurrent Clear Claimed Marks
[2022-06-28T11:25:06.167+0000][6][gc,marking  ] GC(149) Concurrent Clear Claimed Marks 0.042ms
[2022-06-28T11:25:06.167+0000][6][gc,marking  ] GC(149) Concurrent Scan Root Regions
[2022-06-28T11:25:06.168+0000][6][gc,marking  ] GC(149) Concurrent Scan Root Regions 1.000ms
[2022-06-28T11:25:06.168+0000][6][gc,marking  ] GC(149) Concurrent Mark
[2022-06-28T11:25:06.168+0000][6][gc,marking  ] GC(149) Concurrent Mark From Roots
[2022-06-28T11:25:06.168+0000][6][gc,task     ] GC(149) Using 1 workers of 1 for marking
[2022-06-28T11:25:06.301+0000][6][gc,marking  ] GC(149) Concurrent Mark From Roots 133.113ms
[2022-06-28T11:25:06.301+0000][6][gc,marking  ] GC(149) Concurrent Preclean
[2022-06-28T11:25:06.301+0000][6][gc,marking  ] GC(149) Concurrent Preclean 0.127ms
[2022-06-28T11:25:06.301+0000][6][gc,start    ] GC(149) Pause Remark
[2022-06-28T11:25:06.321+0000][6][gc          ] GC(149) Pause Remark 89M->89M(256M) 19.279ms
[2022-06-28T11:25:06.321+0000][6][gc,cpu      ] GC(149) User=0.02s Sys=0.00s Real=0.02s
[2022-06-28T11:25:06.321+0000][6][safepoint   ] Safepoint "G1Concurrent", Time since last: 134423342 ns, Reaching safepoint: 25557 ns, At safepoint: 19345473 ns, Total: 19371030 ns
[2022-06-28T11:25:06.321+0000][6][gc,marking  ] GC(149) Concurrent Mark 152.721ms
[2022-06-28T11:25:06.321+0000][6][gc,marking  ] GC(149) Concurrent Rebuild Remembered Sets
[2022-06-28T11:25:06.397+0000][6][gc,marking  ] GC(149) Concurrent Rebuild Remembered Sets 76.137ms
[2022-06-28T11:25:06.397+0000][6][gc,start    ] GC(149) Pause Cleanup
[2022-06-28T11:25:06.397+0000][6][gc          ] GC(149) Pause Cleanup 89M->89M(256M) 0.050ms
[2022-06-28T11:25:06.397+0000][6][gc,cpu      ] GC(149) User=0.00s Sys=0.00s Real=0.00s
[2022-06-28T11:25:06.397+0000][6][safepoint   ] Safepoint "G1Concurrent", Time since last: 76245837 ns, Reaching safepoint: 24260 ns, At safepoint: 87015 ns, Total: 111275 ns
[2022-06-28T11:25:06.397+0000][6][gc,marking  ] GC(149) Concurrent Cleanup for Next Mark
[2022-06-28T11:25:06.398+0000][6][gc,marking  ] GC(149) Concurrent Cleanup for Next Mark 1.189ms
[2022-06-28T11:25:06.398+0000][6][gc          ] GC(149) Concurrent Mark Cycle 231.363ms
[2022-06-28T11:26:35.409+0000][6][safepoint   ] Safepoint "Cleanup", Time since last: 89011496678 ns, Reaching safepoint: 47315 ns, At safepoint: 4847 ns, Total: 52162 ns
[2022-06-28T11:28:31.577+0000][6][gc,start    ] GC(150) Pause Young (Normal) (G1 Evacuation Pause)
[2022-06-28T11:28:31.578+0000][6][gc,task     ] GC(150) Using 1 workers of 1 for evacuation
[2022-06-28T11:28:31.578+0000][6][gc,age      ] GC(150) Desired survivor size 8388608 bytes, new threshold 15 (max threshold 15)
[2022-06-28T11:28:31.580+0000][6][gc,phases   ] GC(150)   Pre Evacuate Collection Set: 0.1ms
[2022-06-28T11:28:31.580+0000][6][gc,phases   ] GC(150)   Merge Heap Roots: 0.1ms
[2022-06-28T11:28:31.580+0000][6][gc,phases   ] GC(150)   Evacuate Collection Set: 1.8ms
[2022-06-28T11:28:31.580+0000][6][gc,phases   ] GC(150)   Post Evacuate Collection Set: 0.9ms
[2022-06-28T11:28:31.580+0000][6][gc,phases   ] GC(150)   Other: 0.1ms
[2022-06-28T11:28:31.580+0000][6][gc,age      ] GC(150) Age table with threshold 15 (max threshold 15)
[2022-06-28T11:28:31.580+0000][6][gc,age      ] GC(150) - age   1:     124144 bytes,     124144 total
[2022-06-28T11:28:31.580+0000][6][gc,age      ] GC(150) - age   2:        400 bytes,     124544 total
[2022-06-28T11:28:31.580+0000][6][gc,age      ] GC(150) - age   3:         96 bytes,     124640 total
[2022-06-28T11:28:31.580+0000][6][gc,age      ] GC(150) - age   5:       1544 bytes,     126184 total
[2022-06-28T11:28:31.580+0000][6][gc,age      ] GC(150) - age   6:        200 bytes,     126384 total
[2022-06-28T11:28:31.580+0000][6][gc,age      ] GC(150) - age  10:        384 bytes,     126768 total
[2022-06-28T11:28:31.581+0000][6][gc,age      ] GC(150) - age  13:         72 bytes,     126840 total
[2022-06-28T11:28:31.581+0000][6][gc,age      ] GC(150) - age  15:        104 bytes,     126944 total
[2022-06-28T11:28:31.581+0000][6][gc,heap     ] GC(150) Eden regions: 29->0(29)
[2022-06-28T11:28:31.581+0000][6][gc,heap     ] GC(150) Survivor regions: 1->1(4)
[2022-06-28T11:28:31.581+0000][6][gc,heap     ] GC(150) Old regions: 19->19
[2022-06-28T11:28:31.581+0000][6][gc,heap     ] GC(150) Archive regions: 2->2
[2022-06-28T11:28:31.581+0000][6][gc,heap     ] GC(150) Humongous regions: 2->2
[2022-06-28T11:28:31.581+0000][6][gc,metaspace] GC(150) Metaspace: 107881K(111360K)->107881K(111360K) NonClass: 93467K(95168K)->93467K(95168K) Class: 14414K(16192K)->14414K(16192K)
[2022-06-28T11:28:31.581+0000][6][gc          ] GC(150) Pause Young (Normal) (G1 Evacuation Pause) 203M->87M(256M) 3.112ms
[2022-06-28T11:28:31.581+0000][6][gc,cpu      ] GC(150) User=0.00s Sys=0.00s Real=0.00s
[2022-06-28T11:28:31.581+0000][6][safepoint   ] Safepoint "G1CollectForAllocation", Time since last: 116168844112 ns, Reaching safepoint: 25356 ns, At safepoint: 3153470 ns, Total: 3178826 ns
[2022-06-28T11:31:55.764+0000][6][gc,start    ] GC(151) Pause Young (Concurrent Start) (G1 Evacuation Pause)
[2022-06-28T11:31:55.764+0000][6][gc,task     ] GC(151) Using 1 workers of 1 for evacuation
[2022-06-28T11:31:55.764+0000][6][gc,age      ] GC(151) Desired survivor size 8388608 bytes, new threshold 15 (max threshold 15)
[2022-06-28T11:31:55.767+0000][6][gc,phases   ] GC(151)   Pre Evacuate Collection Set: 0.2ms
[2022-06-28T11:31:55.767+0000][6][gc,phases   ] GC(151)   Merge Heap Roots: 0.0ms
[2022-06-28T11:31:55.767+0000][6][gc,phases   ] GC(151)   Evacuate Collection Set: 1.6ms
[2022-06-28T11:31:55.767+0000][6][gc,phases   ] GC(151)   Post Evacuate Collection Set: 1.0ms
[2022-06-28T11:31:55.767+0000][6][gc,phases   ] GC(151)   Other: 0.1ms
[2022-06-28T11:31:55.767+0000][6][gc,age      ] GC(151) Age table with threshold 15 (max threshold 15)
[2022-06-28T11:31:55.767+0000][6][gc,age      ] GC(151) - age   1:      12784 bytes,      12784 total
[2022-06-28T11:31:55.767+0000][6][gc,age      ] GC(151) - age   2:       2080 bytes,      14864 total
[2022-06-28T11:31:55.767+0000][6][gc,age      ] GC(151) - age   3:        400 bytes,      15264 total
[2022-06-28T11:31:55.767+0000][6][gc,age      ] GC(151) - age   4:         96 bytes,      15360 total
[2022-06-28T11:31:55.767+0000][6][gc,age      ] GC(151) - age   6:       1544 bytes,      16904 total
[2022-06-28T11:31:55.767+0000][6][gc,age      ] GC(151) - age  11:        384 bytes,      17288 total
[2022-06-28T11:31:55.767+0000][6][gc,age      ] GC(151) - age  14:         72 bytes,      17360 total
[2022-06-28T11:31:55.767+0000][6][gc,heap     ] GC(151) Eden regions: 29->0(29)
[2022-06-28T11:31:55.767+0000][6][gc,heap     ] GC(151) Survivor regions: 1->1(4)
[2022-06-28T11:31:55.767+0000][6][gc,heap     ] GC(151) Old regions: 19->19
[2022-06-28T11:31:55.767+0000][6][gc,heap     ] GC(151) Archive regions: 2->2
[2022-06-28T11:31:55.767+0000][6][gc,heap     ] GC(151) Humongous regions: 2->2
[2022-06-28T11:31:55.767+0000][6][gc,metaspace] GC(151) Metaspace: 107881K(111360K)->107881K(111360K) NonClass: 93467K(95168K)->93467K(95168K) Class: 14414K(16192K)->14414K(16192K)
[2022-06-28T11:31:55.767+0000][6][gc          ] GC(151) Pause Young (Concurrent Start) (G1 Evacuation Pause) 203M->87M(256M) 3.167ms
[2022-06-28T11:31:55.767+0000][6][gc,cpu      ] GC(151) User=0.01s Sys=0.00s Real=0.01s
[2022-06-28T11:31:55.767+0000][6][safepoint   ] Safepoint "G1CollectForAllocation", Time since last: 204182905035 ns, Reaching safepoint: 153865 ns, At safepoint: 3221593 ns, Total: 3375458 ns
[2022-06-28T11:31:55.767+0000][6][gc          ] GC(152) Concurrent Mark Cycle
[2022-06-28T11:31:55.767+0000][6][gc,marking  ] GC(152) Concurrent Clear Claimed Marks
[2022-06-28T11:31:55.767+0000][6][gc,marking  ] GC(152) Concurrent Clear Claimed Marks 0.044ms
[2022-06-28T11:31:55.767+0000][6][gc,marking  ] GC(152) Concurrent Scan Root Regions
[2022-06-28T11:31:55.768+0000][6][gc,marking  ] GC(152) Concurrent Scan Root Regions 0.907ms
[2022-06-28T11:31:55.768+0000][6][gc,marking  ] GC(152) Concurrent Mark
[2022-06-28T11:31:55.768+0000][6][gc,marking  ] GC(152) Concurrent Mark From Roots
[2022-06-28T11:31:55.768+0000][6][gc,task     ] GC(152) Using 1 workers of 1 for marking
[2022-06-28T11:31:55.887+0000][6][gc,marking  ] GC(152) Concurrent Mark From Roots 119.556ms
[2022-06-28T11:31:55.888+0000][6][gc,marking  ] GC(152) Concurrent Preclean
[2022-06-28T11:31:55.888+0000][6][gc,marking  ] GC(152) Concurrent Preclean 0.130ms
[2022-06-28T11:31:55.888+0000][6][gc,start    ] GC(152) Pause Remark
[2022-06-28T11:31:55.903+0000][6][gc          ] GC(152) Pause Remark 89M->89M(256M) 14.810ms
[2022-06-28T11:31:55.903+0000][6][gc,cpu      ] GC(152) User=0.01s Sys=0.00s Real=0.01s
[2022-06-28T11:31:55.903+0000][6][safepoint   ] Safepoint "G1Concurrent", Time since last: 120786239 ns, Reaching safepoint: 31628 ns, At safepoint: 14871289 ns, Total: 14902917 ns
[2022-06-28T11:31:55.903+0000][6][gc,marking  ] GC(152) Concurrent Mark 134.704ms
[2022-06-28T11:31:55.903+0000][6][gc,marking  ] GC(152) Concurrent Rebuild Remembered Sets
[2022-06-28T11:31:55.971+0000][6][gc,marking  ] GC(152) Concurrent Rebuild Remembered Sets 68.560ms
[2022-06-28T11:31:55.971+0000][6][gc,start    ] GC(152) Pause Cleanup
[2022-06-28T11:31:55.971+0000][6][gc          ] GC(152) Pause Cleanup 89M->89M(256M) 0.062ms
[2022-06-28T11:31:55.971+0000][6][gc,cpu      ] GC(152) User=0.00s Sys=0.00s Real=0.00s
[2022-06-28T11:31:55.971+0000][6][safepoint   ] Safepoint "G1Concurrent", Time since last: 68653768 ns, Reaching safepoint: 24040 ns, At safepoint: 97460 ns, Total: 121500 ns
[2022-06-28T11:31:55.971+0000][6][gc,marking  ] GC(152) Concurrent Cleanup for Next Mark
[2022-06-28T11:31:55.972+0000][6][gc,marking  ] GC(152) Concurrent Cleanup for Next Mark 0.705ms
[2022-06-28T11:31:55.972+0000][6][gc          ] GC(152) Concurrent Mark Cycle 205.203ms
[2022-06-28T11:33:36.982+0000][6][safepoint   ] Safepoint "Cleanup", Time since last: 101010581749 ns, Reaching safepoint: 41589 ns, At safepoint: 31858 ns, Total: 73447 ns
[2022-06-28T11:34:35.988+0000][6][safepoint   ] Safepoint "Cleanup", Time since last: 59006341044 ns, Reaching safepoint: 37152 ns, At safepoint: 28018 ns, Total: 65170 ns
[2022-06-28T11:35:20.095+0000][6][gc,start    ] GC(153) Pause Young (Normal) (G1 Evacuation Pause)
[2022-06-28T11:35:20.095+0000][6][gc,task     ] GC(153) Using 1 workers of 1 for evacuation
[2022-06-28T11:35:20.095+0000][6][gc,age      ] GC(153) Desired survivor size 8388608 bytes, new threshold 15 (max threshold 15)
[2022-06-28T11:35:20.097+0000][6][gc,phases   ] GC(153)   Pre Evacuate Collection Set: 0.0ms
[2022-06-28T11:35:20.097+0000][6][gc,phases   ] GC(153)   Merge Heap Roots: 0.1ms
[2022-06-28T11:35:20.097+0000][6][gc,phases   ] GC(153)   Evacuate Collection Set: 1.6ms
[2022-06-28T11:35:20.097+0000][6][gc,phases   ] GC(153)   Post Evacuate Collection Set: 0.9ms
[2022-06-28T11:35:20.097+0000][6][gc,phases   ] GC(153)   Other: 0.1ms
[2022-06-28T11:35:20.097+0000][6][gc,age      ] GC(153) Age table with threshold 15 (max threshold 15)
[2022-06-28T11:35:20.097+0000][6][gc,age      ] GC(153) - age   1:      13016 bytes,      13016 total
[2022-06-28T11:35:20.097+0000][6][gc,age      ] GC(153) - age   2:        200 bytes,      13216 total
[2022-06-28T11:35:20.097+0000][6][gc,age      ] GC(153) - age   3:       1880 bytes,      15096 total
[2022-06-28T11:35:20.097+0000][6][gc,age      ] GC(153) - age   4:        400 bytes,      15496 total
[2022-06-28T11:35:20.097+0000][6][gc,age      ] GC(153) - age   5:         96 bytes,      15592 total
[2022-06-28T11:35:20.097+0000][6][gc,age      ] GC(153) - age   7:       1544 bytes,      17136 total
[2022-06-28T11:35:20.097+0000][6][gc,age      ] GC(153) - age  12:        184 bytes,      17320 total
[2022-06-28T11:35:20.097+0000][6][gc,age      ] GC(153) - age  15:         72 bytes,      17392 total
[2022-06-28T11:35:20.097+0000][6][gc,heap     ] GC(153) Eden regions: 29->0(29)
[2022-06-28T11:35:20.097+0000][6][gc,heap     ] GC(153) Survivor regions: 1->1(4)
[2022-06-28T11:35:20.097+0000][6][gc,heap     ] GC(153) Old regions: 19->19
[2022-06-28T11:35:20.097+0000][6][gc,heap     ] GC(153) Archive regions: 2->2
[2022-06-28T11:35:20.097+0000][6][gc,heap     ] GC(153) Humongous regions: 2->2
[2022-06-28T11:35:20.097+0000][6][gc,metaspace] GC(153) Metaspace: 107881K(111360K)->107881K(111360K) NonClass: 93467K(95168K)->93467K(95168K) Class: 14414K(16192K)->14414K(16192K)
[2022-06-28T11:35:20.097+0000][6][gc          ] GC(153) Pause Young (Normal) (G1 Evacuation Pause) 203M->87M(256M) 2.843ms
[2022-06-28T11:35:20.097+0000][6][gc,cpu      ] GC(153) User=0.00s Sys=0.00s Real=0.00s
[2022-06-28T11:35:20.097+0000][6][safepoint   ] Safepoint "G1CollectForAllocation", Time since last: 44105937096 ns, Reaching safepoint: 185995 ns, At safepoint: 2890851 ns, Total: 3076846 ns
[2022-06-28T11:36:35.106+0000][6][safepoint   ] Safepoint "Cleanup", Time since last: 75008057855 ns, Reaching safepoint: 57116 ns, At safepoint: 9304 ns, Total: 66420 ns
[2022-06-28T11:38:48.084+0000][6][gc,start    ] GC(154) Pause Young (Concurrent Start) (G1 Evacuation Pause)
[2022-06-28T11:38:48.084+0000][6][gc,task     ] GC(154) Using 1 workers of 1 for evacuation
[2022-06-28T11:38:48.084+0000][6][gc,age      ] GC(154) Desired survivor size 8388608 bytes, new threshold 15 (max threshold 15)
[2022-06-28T11:38:48.087+0000][6][gc,phases   ] GC(154)   Pre Evacuate Collection Set: 0.2ms
[2022-06-28T11:38:48.087+0000][6][gc,phases   ] GC(154)   Merge Heap Roots: 0.0ms
[2022-06-28T11:38:48.087+0000][6][gc,phases   ] GC(154)   Evacuate Collection Set: 1.6ms
[2022-06-28T11:38:48.087+0000][6][gc,phases   ] GC(154)   Post Evacuate Collection Set: 1.0ms
[2022-06-28T11:38:48.087+0000][6][gc,phases   ] GC(154)   Other: 0.1ms
[2022-06-28T11:38:48.087+0000][6][gc,age      ] GC(154) Age table with threshold 15 (max threshold 15)
[2022-06-28T11:38:48.087+0000][6][gc,age      ] GC(154) - age   1:      54744 bytes,      54744 total
[2022-06-28T11:38:48.087+0000][6][gc,age      ] GC(154) - age   2:        272 bytes,      55016 total
[2022-06-28T11:38:48.087+0000][6][gc,age      ] GC(154) - age   3:        200 bytes,      55216 total
[2022-06-28T11:38:48.087+0000][6][gc,age      ] GC(154) - age   4:        592 bytes,      55808 total
[2022-06-28T11:38:48.087+0000][6][gc,age      ] GC(154) - age   5:        400 bytes,      56208 total
[2022-06-28T11:38:48.087+0000][6][gc,age      ] GC(154) - age   6:         96 bytes,      56304 total
[2022-06-28T11:38:48.087+0000][6][gc,age      ] GC(154) - age   8:       1544 bytes,      57848 total
[2022-06-28T11:38:48.087+0000][6][gc,age      ] GC(154) - age  13:        184 bytes,      58032 total
[2022-06-28T11:38:48.087+0000][6][gc,heap     ] GC(154) Eden regions: 29->0(29)
[2022-06-28T11:38:48.087+0000][6][gc,heap     ] GC(154) Survivor regions: 1->1(4)
[2022-06-28T11:38:48.087+0000][6][gc,heap     ] GC(154) Old regions: 19->19
[2022-06-28T11:38:48.087+0000][6][gc,heap     ] GC(154) Archive regions: 2->2
[2022-06-28T11:38:48.087+0000][6][gc,heap     ] GC(154) Humongous regions: 2->2
[2022-06-28T11:38:48.087+0000][6][gc,metaspace] GC(154) Metaspace: 107883K(111360K)->107883K(111360K) NonClass: 93469K(95168K)->93469K(95168K) Class: 14414K(16192K)->14414K(16192K)
[2022-06-28T11:38:48.087+0000][6][gc          ] GC(154) Pause Young (Concurrent Start) (G1 Evacuation Pause) 203M->87M(256M) 3.206ms
[2022-06-28T11:38:48.087+0000][6][gc,cpu      ] GC(154) User=0.00s Sys=0.00s Real=0.01s
[2022-06-28T11:38:48.087+0000][6][safepoint   ] Safepoint "G1CollectForAllocation", Time since last: 132978011638 ns, Reaching safepoint: 165117 ns, At safepoint: 3256938 ns, Total: 3422055 ns
[2022-06-28T11:38:48.087+0000][6][gc          ] GC(155) Concurrent Mark Cycle
[2022-06-28T11:38:48.087+0000][6][gc,marking  ] GC(155) Concurrent Clear Claimed Marks
[2022-06-28T11:38:48.087+0000][6][gc,marking  ] GC(155) Concurrent Clear Claimed Marks 0.041ms
[2022-06-28T11:38:48.087+0000][6][gc,marking  ] GC(155) Concurrent Scan Root Regions
[2022-06-28T11:38:48.088+0000][6][gc,marking  ] GC(155) Concurrent Scan Root Regions 1.013ms
[2022-06-28T11:38:48.088+0000][6][gc,marking  ] GC(155) Concurrent Mark
[2022-06-28T11:38:48.088+0000][6][gc,marking  ] GC(155) Concurrent Mark From Roots
[2022-06-28T11:38:48.088+0000][6][gc,task     ] GC(155) Using 1 workers of 1 for marking
[2022-06-28T11:38:48.212+0000][6][gc,marking  ] GC(155) Concurrent Mark From Roots 123.428ms
[2022-06-28T11:38:48.212+0000][6][gc,marking  ] GC(155) Concurrent Preclean
[2022-06-28T11:38:48.212+0000][6][gc,marking  ] GC(155) Concurrent Preclean 0.118ms
[2022-06-28T11:38:48.212+0000][6][gc,start    ] GC(155) Pause Remark
[2022-06-28T11:38:48.226+0000][6][gc          ] GC(155) Pause Remark 89M->89M(256M) 14.328ms
[2022-06-28T11:38:48.226+0000][6][gc,cpu      ] GC(155) User=0.02s Sys=0.00s Real=0.01s
[2022-06-28T11:38:48.226+0000][6][safepoint   ] Safepoint "G1Concurrent", Time since last: 124763770 ns, Reaching safepoint: 25907 ns, At safepoint: 14400193 ns, Total: 14426100 ns
[2022-06-28T11:38:48.226+0000][6][gc,marking  ] GC(155) Concurrent Mark 138.117ms
[2022-06-28T11:38:48.226+0000][6][gc,marking  ] GC(155) Concurrent Rebuild Remembered Sets
[2022-06-28T11:38:48.295+0000][6][gc,marking  ] GC(155) Concurrent Rebuild Remembered Sets 68.501ms
[2022-06-28T11:38:48.295+0000][6][gc,start    ] GC(155) Pause Cleanup
[2022-06-28T11:38:48.295+0000][6][gc          ] GC(155) Pause Cleanup 89M->89M(256M) 0.050ms
[2022-06-28T11:38:48.295+0000][6][gc,cpu      ] GC(155) User=0.00s Sys=0.00s Real=0.00s
[2022-06-28T11:38:48.295+0000][6][safepoint   ] Safepoint "G1Concurrent", Time since last: 68632055 ns, Reaching safepoint: 23977 ns, At safepoint: 87569 ns, Total: 111546 ns
[2022-06-28T11:38:48.295+0000][6][gc,marking  ] GC(155) Concurrent Cleanup for Next Mark
[2022-06-28T11:38:48.296+0000][6][gc,marking  ] GC(155) Concurrent Cleanup for Next Mark 0.654ms
[2022-06-28T11:38:48.296+0000][6][gc          ] GC(155) Concurrent Mark Cycle 208.601ms
[2022-06-28T11:41:33.311+0000][6][safepoint   ] Safepoint "Cleanup", Time since last: 165016499446 ns, Reaching safepoint: 32951 ns, At safepoint: 14946 ns, Total: 47897 ns
[2022-06-28T11:42:14.861+0000][6][gc,start    ] GC(156) Pause Young (Normal) (G1 Evacuation Pause)
[2022-06-28T11:42:14.861+0000][6][gc,task     ] GC(156) Using 1 workers of 1 for evacuation
[2022-06-28T11:42:14.861+0000][6][gc,age      ] GC(156) Desired survivor size 8388608 bytes, new threshold 15 (max threshold 15)
[2022-06-28T11:42:14.864+0000][6][gc,phases   ] GC(156)   Pre Evacuate Collection Set: 0.0ms
[2022-06-28T11:42:14.864+0000][6][gc,phases   ] GC(156)   Merge Heap Roots: 0.1ms
[2022-06-28T11:42:14.864+0000][6][gc,phases   ] GC(156)   Evacuate Collection Set: 1.6ms
[2022-06-28T11:42:14.864+0000][6][gc,phases   ] GC(156)   Post Evacuate Collection Set: 1.0ms
[2022-06-28T11:42:14.864+0000][6][gc,phases   ] GC(156)   Other: 0.2ms
[2022-06-28T11:42:14.864+0000][6][gc,age      ] GC(156) Age table with threshold 15 (max threshold 15)
[2022-06-28T11:42:14.864+0000][6][gc,age      ] GC(156) - age   1:      13096 bytes,      13096 total
[2022-06-28T11:42:14.864+0000][6][gc,age      ] GC(156) - age   2:       1488 bytes,      14584 total
[2022-06-28T11:42:14.864+0000][6][gc,age      ] GC(156) - age   3:         72 bytes,      14656 total
[2022-06-28T11:42:14.864+0000][6][gc,age      ] GC(156) - age   4:        200 bytes,      14856 total
[2022-06-28T11:42:14.864+0000][6][gc,age      ] GC(156) - age   5:        200 bytes,      15056 total
[2022-06-28T11:42:14.864+0000][6][gc,age      ] GC(156) - age   6:        400 bytes,      15456 total
[2022-06-28T11:42:14.864+0000][6][gc,age      ] GC(156) - age   7:         96 bytes,      15552 total
[2022-06-28T11:42:14.864+0000][6][gc,age      ] GC(156) - age   9:       1544 bytes,      17096 total
[2022-06-28T11:42:14.864+0000][6][gc,age      ] GC(156) - age  14:        184 bytes,      17280 total
[2022-06-28T11:42:14.864+0000][6][gc,heap     ] GC(156) Eden regions: 29->0(29)
[2022-06-28T11:42:14.864+0000][6][gc,heap     ] GC(156) Survivor regions: 1->1(4)
[2022-06-28T11:42:14.864+0000][6][gc,heap     ] GC(156) Old regions: 19->19
[2022-06-28T11:42:14.864+0000][6][gc,heap     ] GC(156) Archive regions: 2->2
[2022-06-28T11:42:14.864+0000][6][gc,heap     ] GC(156) Humongous regions: 2->2
[2022-06-28T11:42:14.864+0000][6][gc,metaspace] GC(156) Metaspace: 107883K(111360K)->107883K(111360K) NonClass: 93469K(95168K)->93469K(95168K) Class: 14414K(16192K)->14414K(16192K)
[2022-06-28T11:42:14.864+0000][6][gc          ] GC(156) Pause Young (Normal) (G1 Evacuation Pause) 203M->87M(256M) 3.052ms
[2022-06-28T11:42:14.864+0000][6][gc,cpu      ] GC(156) User=0.00s Sys=0.00s Real=0.00s
[2022-06-28T11:42:14.864+0000][6][safepoint   ] Safepoint "G1CollectForAllocation", Time since last: 41549356242 ns, Reaching safepoint: 27900 ns, At safepoint: 3097233 ns, Total: 3125133 ns
[2022-06-28T11:42:35.866+0000][6][safepoint   ] Safepoint "Cleanup", Time since last: 21002195429 ns, Reaching safepoint: 36923 ns, At safepoint: 4575 ns, Total: 41498 ns
[2022-06-28T11:43:05.870+0000][6][safepoint   ] Safepoint "Cleanup", Time since last: 30003310709 ns, Reaching safepoint: 55160 ns, At safepoint: 36503 ns, Total: 91663 ns
[2022-06-28T11:44:35.879+0000][6][safepoint   ] Safepoint "Cleanup", Time since last: 90009576256 ns, Reaching safepoint: 41153 ns, At safepoint: 27903 ns, Total: 69056 ns
[2022-06-28T11:45:40.403+0000][6][gc,start    ] GC(157) Pause Young (Concurrent Start) (G1 Evacuation Pause)
[2022-06-28T11:45:40.403+0000][6][gc,task     ] GC(157) Using 1 workers of 1 for evacuation
[2022-06-28T11:45:40.403+0000][6][gc,age      ] GC(157) Desired survivor size 8388608 bytes, new threshold 15 (max threshold 15)
[2022-06-28T11:45:40.406+0000][6][gc,phases   ] GC(157)   Pre Evacuate Collection Set: 0.2ms
[2022-06-28T11:45:40.406+0000][6][gc,phases   ] GC(157)   Merge Heap Roots: 0.0ms
[2022-06-28T11:45:40.406+0000][6][gc,phases   ] GC(157)   Evacuate Collection Set: 1.8ms
[2022-06-28T11:45:40.406+0000][6][gc,phases   ] GC(157)   Post Evacuate Collection Set: 0.9ms
[2022-06-28T11:45:40.406+0000][6][gc,phases   ] GC(157)   Other: 0.1ms
[2022-06-28T11:45:40.406+0000][6][gc,age      ] GC(157) Age table with threshold 15 (max threshold 15)
[2022-06-28T11:45:40.406+0000][6][gc,age      ] GC(157) - age   1:      14392 bytes,      14392 total
[2022-06-28T11:45:40.406+0000][6][gc,age      ] GC(157) - age   2:        592 bytes,      14984 total
[2022-06-28T11:45:40.406+0000][6][gc,age      ] GC(157) - age   3:       1488 bytes,      16472 total
[2022-06-28T11:45:40.406+0000][6][gc,age      ] GC(157) - age   4:         72 bytes,      16544 total
[2022-06-28T11:45:40.406+0000][6][gc,age      ] GC(157) - age   5:        200 bytes,      16744 total
[2022-06-28T11:45:40.406+0000][6][gc,age      ] GC(157) - age   6:        200 bytes,      16944 total
[2022-06-28T11:45:40.406+0000][6][gc,age      ] GC(157) - age   8:         96 bytes,      17040 total
[2022-06-28T11:45:40.406+0000][6][gc,age      ] GC(157) - age  10:       1544 bytes,      18584 total
[2022-06-28T11:45:40.406+0000][6][gc,age      ] GC(157) - age  15:        184 bytes,      18768 total
[2022-06-28T11:45:40.406+0000][6][gc,heap     ] GC(157) Eden regions: 29->0(29)
[2022-06-28T11:45:40.406+0000][6][gc,heap     ] GC(157) Survivor regions: 1->1(4)
[2022-06-28T11:45:40.406+0000][6][gc,heap     ] GC(157) Old regions: 19->19
[2022-06-28T11:45:40.406+0000][6][gc,heap     ] GC(157) Archive regions: 2->2
[2022-06-28T11:45:40.406+0000][6][gc,heap     ] GC(157) Humongous regions: 2->2
[2022-06-28T11:45:40.406+0000][6][gc,metaspace] GC(157) Metaspace: 107883K(111360K)->107883K(111360K) NonClass: 93469K(95168K)->93469K(95168K) Class: 14414K(16192K)->14414K(16192K)
[2022-06-28T11:45:40.406+0000][6][gc          ] GC(157) Pause Young (Concurrent Start) (G1 Evacuation Pause) 203M->87M(256M) 3.192ms
[2022-06-28T11:45:40.406+0000][6][gc,cpu      ] GC(157) User=0.00s Sys=0.00s Real=0.00s
[2022-06-28T11:45:40.406+0000][6][safepoint   ] Safepoint "G1CollectForAllocation", Time since last: 64523352123 ns, Reaching safepoint: 26379 ns, At safepoint: 3246764 ns, Total: 3273143 ns
[2022-06-28T11:45:40.406+0000][6][gc          ] GC(158) Concurrent Mark Cycle
[2022-06-28T11:45:40.406+0000][6][gc,marking  ] GC(158) Concurrent Clear Claimed Marks
[2022-06-28T11:45:40.406+0000][6][gc,marking  ] GC(158) Concurrent Clear Claimed Marks 0.043ms
[2022-06-28T11:45:40.406+0000][6][gc,marking  ] GC(158) Concurrent Scan Root Regions
[2022-06-28T11:45:40.407+0000][6][gc,marking  ] GC(158) Concurrent Scan Root Regions 0.779ms
[2022-06-28T11:45:40.407+0000][6][gc,marking  ] GC(158) Concurrent Mark
[2022-06-28T11:45:40.407+0000][6][gc,marking  ] GC(158) Concurrent Mark From Roots
[2022-06-28T11:45:40.407+0000][6][gc,task     ] GC(158) Using 1 workers of 1 for marking
[2022-06-28T11:45:40.535+0000][6][gc,marking  ] GC(158) Concurrent Mark From Roots 128.175ms
[2022-06-28T11:45:40.535+0000][6][gc,marking  ] GC(158) Concurrent Preclean
[2022-06-28T11:45:40.535+0000][6][gc,marking  ] GC(158) Concurrent Preclean 0.117ms
[2022-06-28T11:45:40.535+0000][6][gc,start    ] GC(158) Pause Remark
[2022-06-28T11:45:40.554+0000][6][gc          ] GC(158) Pause Remark 89M->89M(256M) 18.925ms
[2022-06-28T11:45:40.554+0000][6][gc,cpu      ] GC(158) User=0.01s Sys=0.00s Real=0.01s
[2022-06-28T11:45:40.554+0000][6][safepoint   ] Safepoint "G1Concurrent", Time since last: 129272597 ns, Reaching safepoint: 25291 ns, At safepoint: 18995431 ns, Total: 19020722 ns
[2022-06-28T11:45:40.554+0000][6][gc,marking  ] GC(158) Concurrent Mark 147.417ms
[2022-06-28T11:45:40.554+0000][6][gc,marking  ] GC(158) Concurrent Rebuild Remembered Sets
[2022-06-28T11:45:40.624+0000][6][gc,marking  ] GC(158) Concurrent Rebuild Remembered Sets 69.708ms
[2022-06-28T11:45:40.624+0000][6][gc,start    ] GC(158) Pause Cleanup
[2022-06-28T11:45:40.624+0000][6][gc          ] GC(158) Pause Cleanup 89M->89M(256M) 0.076ms
[2022-06-28T11:45:40.624+0000][6][gc,cpu      ] GC(158) User=0.00s Sys=0.00s Real=0.00s
[2022-06-28T11:45:40.624+0000][6][safepoint   ] Safepoint "G1Concurrent", Time since last: 69805806 ns, Reaching safepoint: 24021 ns, At safepoint: 114660 ns, Total: 138681 ns
[2022-06-28T11:45:40.624+0000][6][gc,marking  ] GC(158) Concurrent Cleanup for Next Mark
[2022-06-28T11:45:40.625+0000][6][gc,marking  ] GC(158) Concurrent Cleanup for Next Mark 0.661ms
[2022-06-28T11:45:40.625+0000][6][gc          ] GC(158) Concurrent Mark Cycle 218.893ms
[2022-06-28T11:46:06.627+0000][6][safepoint   ] Safepoint "Cleanup", Time since last: 26002834942 ns, Reaching safepoint: 38477 ns, At safepoint: 4972 ns, Total: 43449 ns
[2022-06-28T11:46:34.631+0000][6][safepoint   ] Safepoint "Cleanup", Time since last: 28004240550 ns, Reaching safepoint: 36856 ns, At safepoint: 4807 ns, Total: 41663 ns
[2022-06-28T11:46:36.632+0000][6][safepoint   ] Safepoint "Cleanup", Time since last: 2000232874 ns, Reaching safepoint: 43560 ns, At safepoint: 4781 ns, Total: 48341 ns
[2022-06-28T11:47:06.635+0000][6][safepoint   ] Safepoint "Cleanup", Time since last: 30002999636 ns, Reaching safepoint: 49327 ns, At safepoint: 4806 ns, Total: 54133 ns
[2022-06-28T11:48:36.648+0000][6][safepoint   ] Safepoint "Cleanup", Time since last: 90013847281 ns, Reaching safepoint: 51340 ns, At safepoint: 5178 ns, Total: 56518 ns
[2022-06-28T11:48:40.649+0000][6][safepoint   ] Safepoint "Cleanup", Time since last: 4000500125 ns, Reaching safepoint: 39917 ns, At safepoint: 5051 ns, Total: 44968 ns
[2022-06-28T11:48:45.650+0000][6][safepoint   ] Safepoint "Cleanup", Time since last: 5000629731 ns, Reaching safepoint: 40442 ns, At safepoint: 27660 ns, Total: 68102 ns
[2022-06-28T11:49:05.573+0000][6][gc,start    ] GC(159) Pause Young (Normal) (G1 Evacuation Pause)
[2022-06-28T11:49:05.573+0000][6][gc,task     ] GC(159) Using 1 workers of 1 for evacuation
[2022-06-28T11:49:05.573+0000][6][gc,age      ] GC(159) Desired survivor size 8388608 bytes, new threshold 15 (max threshold 15)
[2022-06-28T11:49:05.576+0000][6][gc,phases   ] GC(159)   Pre Evacuate Collection Set: 0.0ms
[2022-06-28T11:49:05.576+0000][6][gc,phases   ] GC(159)   Merge Heap Roots: 0.1ms
[2022-06-28T11:49:05.576+0000][6][gc,phases   ] GC(159)   Evacuate Collection Set: 1.6ms
[2022-06-28T11:49:05.576+0000][6][gc,phases   ] GC(159)   Post Evacuate Collection Set: 0.9ms
[2022-06-28T11:49:05.576+0000][6][gc,phases   ] GC(159)   Other: 0.1ms
[2022-06-28T11:49:05.576+0000][6][gc,age      ] GC(159) Age table with threshold 15 (max threshold 15)
[2022-06-28T11:49:05.576+0000][6][gc,age      ] GC(159) - age   1:      63656 bytes,      63656 total
[2022-06-28T11:49:05.576+0000][6][gc,age      ] GC(159) - age   2:        200 bytes,      63856 total
[2022-06-28T11:49:05.576+0000][6][gc,age      ] GC(159) - age   3:        592 bytes,      64448 total
[2022-06-28T11:49:05.576+0000][6][gc,age      ] GC(159) - age   4:        200 bytes,      64648 total
[2022-06-28T11:49:05.576+0000][6][gc,age      ] GC(159) - age   5:         72 bytes,      64720 total
[2022-06-28T11:49:05.576+0000][6][gc,age      ] GC(159) - age   6:        200 bytes,      64920 total
[2022-06-28T11:49:05.576+0000][6][gc,age      ] GC(159) - age   7:        200 bytes,      65120 total
[2022-06-28T11:49:05.576+0000][6][gc,age      ] GC(159) - age   9:         96 bytes,      65216 total
[2022-06-28T11:49:05.576+0000][6][gc,age      ] GC(159) - age  11:       1544 bytes,      66760 total
[2022-06-28T11:49:05.576+0000][6][gc,heap     ] GC(159) Eden regions: 29->0(29)
[2022-06-28T11:49:05.576+0000][6][gc,heap     ] GC(159) Survivor regions: 1->1(4)
[2022-06-28T11:49:05.576+0000][6][gc,heap     ] GC(159) Old regions: 19->19
[2022-06-28T11:49:05.576+0000][6][gc,heap     ] GC(159) Archive regions: 2->2
[2022-06-28T11:49:05.576+0000][6][gc,heap     ] GC(159) Humongous regions: 2->2
[2022-06-28T11:49:05.576+0000][6][gc,metaspace] GC(159) Metaspace: 107889K(111360K)->107889K(111360K) NonClass: 93475K(95168K)->93475K(95168K) Class: 14414K(16192K)->14414K(16192K)
[2022-06-28T11:49:05.576+0000][6][gc          ] GC(159) Pause Young (Normal) (G1 Evacuation Pause) 203M->87M(256M) 2.917ms
[2022-06-28T11:49:05.576+0000][6][gc,cpu      ] GC(159) User=0.00s Sys=0.00s Real=0.01s
[2022-06-28T11:49:05.576+0000][6][safepoint   ] Safepoint "G1CollectForAllocation", Time since last: 19923037539 ns, Reaching safepoint: 162476 ns, At safepoint: 2966728 ns, Total: 3129204 ns
[2022-06-28T11:49:06.576+0000][6][safepoint   ] Safepoint "Cleanup", Time since last: 1000114399 ns, Reaching safepoint: 34219 ns, At safepoint: 4712 ns, Total: 38931 ns
[2022-06-28T11:49:36.581+0000][6][safepoint   ] Safepoint "Cleanup", Time since last: 30004848385 ns, Reaching safepoint: 37288 ns, At safepoint: 104310 ns, Total: 141598 ns
[2022-06-28T11:51:36.595+0000][6][safepoint   ] Safepoint "Cleanup", Time since last: 120013342314 ns, Reaching safepoint: 37116 ns, At safepoint: 105930 ns, Total: 143046 ns
[2022-06-28T11:52:11.598+0000][6][safepoint   ] Safepoint "Cleanup", Time since last: 35003470237 ns, Reaching safepoint: 37003 ns, At safepoint: 4520 ns, Total: 41523 ns
[2022-06-28T11:52:34.881+0000][6][gc,start    ] GC(160) Pause Young (Concurrent Start) (G1 Evacuation Pause)
[2022-06-28T11:52:34.881+0000][6][gc,task     ] GC(160) Using 1 workers of 1 for evacuation
[2022-06-28T11:52:34.881+0000][6][gc,age      ] GC(160) Desired survivor size 8388608 bytes, new threshold 15 (max threshold 15)
[2022-06-28T11:52:34.884+0000][6][gc,phases   ] GC(160)   Pre Evacuate Collection Set: 0.2ms
[2022-06-28T11:52:34.884+0000][6][gc,phases   ] GC(160)   Merge Heap Roots: 0.0ms
[2022-06-28T11:52:34.884+0000][6][gc,phases   ] GC(160)   Evacuate Collection Set: 1.6ms
[2022-06-28T11:52:34.884+0000][6][gc,phases   ] GC(160)   Post Evacuate Collection Set: 0.9ms
[2022-06-28T11:52:34.884+0000][6][gc,phases   ] GC(160)   Other: 0.1ms
[2022-06-28T11:52:34.884+0000][6][gc,age      ] GC(160) Age table with threshold 15 (max threshold 15)
[2022-06-28T11:52:34.884+0000][6][gc,age      ] GC(160) - age   1:      79712 bytes,      79712 total
[2022-06-28T11:52:34.884+0000][6][gc,age      ] GC(160) - age   2:       3104 bytes,      82816 total
[2022-06-28T11:52:34.884+0000][6][gc,age      ] GC(160) - age   4:        592 bytes,      83408 total
[2022-06-28T11:52:34.884+0000][6][gc,age      ] GC(160) - age   5:        200 bytes,      83608 total
[2022-06-28T11:52:34.884+0000][6][gc,age      ] GC(160) - age   6:         72 bytes,      83680 total
[2022-06-28T11:52:34.884+0000][6][gc,age      ] GC(160) - age   7:        200 bytes,      83880 total
[2022-06-28T11:52:34.884+0000][6][gc,age      ] GC(160) - age   8:        200 bytes,      84080 total
[2022-06-28T11:52:34.884+0000][6][gc,age      ] GC(160) - age  10:         96 bytes,      84176 total
[2022-06-28T11:52:34.884+0000][6][gc,age      ] GC(160) - age  12:       1544 bytes,      85720 total
[2022-06-28T11:52:34.884+0000][6][gc,heap     ] GC(160) Eden regions: 29->0(29)
[2022-06-28T11:52:34.884+0000][6][gc,heap     ] GC(160) Survivor regions: 1->1(4)
[2022-06-28T11:52:34.884+0000][6][gc,heap     ] GC(160) Old regions: 19->19
[2022-06-28T11:52:34.884+0000][6][gc,heap     ] GC(160) Archive regions: 2->2
[2022-06-28T11:52:34.884+0000][6][gc,heap     ] GC(160) Humongous regions: 2->2
[2022-06-28T11:52:34.884+0000][6][gc,metaspace] GC(160) Metaspace: 107889K(111360K)->107889K(111360K) NonClass: 93475K(95168K)->93475K(95168K) Class: 14414K(16192K)->14414K(16192K)
[2022-06-28T11:52:34.884+0000][6][gc          ] GC(160) Pause Young (Concurrent Start) (G1 Evacuation Pause) 203M->87M(256M) 3.046ms
[2022-06-28T11:52:34.884+0000][6][gc,cpu      ] GC(160) User=0.00s Sys=0.00s Real=0.00s
[2022-06-28T11:52:34.884+0000][6][safepoint   ] Safepoint "G1CollectForAllocation", Time since last: 23282735252 ns, Reaching safepoint: 26800 ns, At safepoint: 3093638 ns, Total: 3120438 ns
[2022-06-28T11:52:34.884+0000][6][gc          ] GC(161) Concurrent Mark Cycle
[2022-06-28T11:52:34.884+0000][6][gc,marking  ] GC(161) Concurrent Clear Claimed Marks
[2022-06-28T11:52:34.884+0000][6][gc,marking  ] GC(161) Concurrent Clear Claimed Marks 0.054ms
[2022-06-28T11:52:34.884+0000][6][gc,marking  ] GC(161) Concurrent Scan Root Regions
[2022-06-28T11:52:34.885+0000][6][gc,marking  ] GC(161) Concurrent Scan Root Regions 1.026ms
[2022-06-28T11:52:34.885+0000][6][gc,marking  ] GC(161) Concurrent Mark
[2022-06-28T11:52:34.885+0000][6][gc,marking  ] GC(161) Concurrent Mark From Roots
[2022-06-28T11:52:34.885+0000][6][gc,task     ] GC(161) Using 1 workers of 1 for marking
[2022-06-28T11:52:35.002+0000][6][gc,marking  ] GC(161) Concurrent Mark From Roots 116.715ms
[2022-06-28T11:52:35.002+0000][6][gc,marking  ] GC(161) Concurrent Preclean
[2022-06-28T11:52:35.002+0000][6][gc,marking  ] GC(161) Concurrent Preclean 0.122ms
[2022-06-28T11:52:35.002+0000][6][gc,start    ] GC(161) Pause Remark
[2022-06-28T11:52:35.017+0000][6][gc          ] GC(161) Pause Remark 88M->88M(256M) 14.838ms
[2022-06-28T11:52:35.017+0000][6][gc,cpu      ] GC(161) User=0.01s Sys=0.00s Real=0.02s
[2022-06-28T11:52:35.017+0000][6][safepoint   ] Safepoint "G1Concurrent", Time since last: 118060650 ns, Reaching safepoint: 26003 ns, At safepoint: 14922078 ns, Total: 14948081 ns
[2022-06-28T11:52:35.017+0000][6][gc,marking  ] GC(161) Concurrent Mark 131.900ms
[2022-06-28T11:52:35.017+0000][6][gc,marking  ] GC(161) Concurrent Rebuild Remembered Sets
[2022-06-28T11:52:35.085+0000][6][gc,marking  ] GC(161) Concurrent Rebuild Remembered Sets 68.337ms
[2022-06-28T11:52:35.085+0000][6][gc,start    ] GC(161) Pause Cleanup
[2022-06-28T11:52:35.085+0000][6][gc          ] GC(161) Pause Cleanup 88M->88M(256M) 0.051ms
[2022-06-28T11:52:35.085+0000][6][gc,cpu      ] GC(161) User=0.00s Sys=0.00s Real=0.00s
[2022-06-28T11:52:35.085+0000][6][safepoint   ] Safepoint "G1Concurrent", Time since last: 68441712 ns, Reaching safepoint: 25319 ns, At safepoint: 87841 ns, Total: 113160 ns
[2022-06-28T11:52:35.085+0000][6][gc,marking  ] GC(161) Concurrent Cleanup for Next Mark
[2022-06-28T11:52:35.086+0000][6][gc,marking  ] GC(161) Concurrent Cleanup for Next Mark 0.655ms
[2022-06-28T11:52:35.086+0000][6][gc          ] GC(161) Concurrent Mark Cycle 202.238ms
[2022-06-28T11:52:37.086+0000][6][safepoint   ] Safepoint "Cleanup", Time since last: 2000212193 ns, Reaching safepoint: 41551 ns, At safepoint: 5140 ns, Total: 46691 ns
[2022-06-28T11:53:06.089+0000][6][safepoint   ] Safepoint "Cleanup", Time since last: 29003369206 ns, Reaching safepoint: 40524 ns, At safepoint: 31094 ns, Total: 71618 ns
[2022-06-28T11:53:51.094+0000][6][safepoint   ] Safepoint "Cleanup", Time since last: 45004600956 ns, Reaching safepoint: 40245 ns, At safepoint: 25748 ns, Total: 65993 ns
[2022-06-28T11:54:06.095+0000][6][safepoint   ] Safepoint "Cleanup", Time since last: 15001560131 ns, Reaching safepoint: 38756 ns, At safepoint: 4964 ns, Total: 43720 ns
[2022-06-28T11:54:07.096+0000][6][safepoint   ] Safepoint "Cleanup", Time since last: 1000200793 ns, Reaching safepoint: 41900 ns, At safepoint: 4962 ns, Total: 46862 ns
[2022-06-28T11:56:00.891+0000][6][gc,start    ] GC(162) Pause Young (Normal) (G1 Evacuation Pause)
[2022-06-28T11:56:00.891+0000][6][gc,task     ] GC(162) Using 1 workers of 1 for evacuation
[2022-06-28T11:56:00.891+0000][6][gc,age      ] GC(162) Desired survivor size 8388608 bytes, new threshold 15 (max threshold 15)
[2022-06-28T11:56:00.893+0000][6][gc,phases   ] GC(162)   Pre Evacuate Collection Set: 0.0ms
[2022-06-28T11:56:00.893+0000][6][gc,phases   ] GC(162)   Merge Heap Roots: 0.0ms
[2022-06-28T11:56:00.893+0000][6][gc,phases   ] GC(162)   Evacuate Collection Set: 1.6ms
[2022-06-28T11:56:00.893+0000][6][gc,phases   ] GC(162)   Post Evacuate Collection Set: 0.9ms
[2022-06-28T11:56:00.893+0000][6][gc,phases   ] GC(162)   Other: 0.1ms
[2022-06-28T11:56:00.893+0000][6][gc,age      ] GC(162) Age table with threshold 15 (max threshold 15)
[2022-06-28T11:56:00.893+0000][6][gc,age      ] GC(162) - age   1:      15112 bytes,      15112 total
[2022-06-28T11:56:00.893+0000][6][gc,age      ] GC(162) - age   2:        400 bytes,      15512 total
[2022-06-28T11:56:00.893+0000][6][gc,age      ] GC(162) - age   3:       3104 bytes,      18616 total
[2022-06-28T11:56:00.893+0000][6][gc,age      ] GC(162) - age   5:        592 bytes,      19208 total
[2022-06-28T11:56:00.893+0000][6][gc,age      ] GC(162) - age   6:        200 bytes,      19408 total
[2022-06-28T11:56:00.893+0000][6][gc,age      ] GC(162) - age   7:         72 bytes,      19480 total
[2022-06-28T11:56:00.893+0000][6][gc,age      ] GC(162) - age   9:        200 bytes,      19680 total
[2022-06-28T11:56:00.893+0000][6][gc,age      ] GC(162) - age  11:         96 bytes,      19776 total
[2022-06-28T11:56:00.893+0000][6][gc,age      ] GC(162) - age  13:       1544 bytes,      21320 total
[2022-06-28T11:56:00.893+0000][6][gc,heap     ] GC(162) Eden regions: 29->0(29)
[2022-06-28T11:56:00.893+0000][6][gc,heap     ] GC(162) Survivor regions: 1->1(4)
[2022-06-28T11:56:00.893+0000][6][gc,heap     ] GC(162) Old regions: 19->19
[2022-06-28T11:56:00.893+0000][6][gc,heap     ] GC(162) Archive regions: 2->2
[2022-06-28T11:56:00.893+0000][6][gc,heap     ] GC(162) Humongous regions: 2->2
[2022-06-28T11:56:00.893+0000][6][gc,metaspace] GC(162) Metaspace: 107889K(111360K)->107889K(111360K) NonClass: 93475K(95168K)->93475K(95168K) Class: 14414K(16192K)->14414K(16192K)
[2022-06-28T11:56:00.893+0000][6][gc          ] GC(162) Pause Young (Normal) (G1 Evacuation Pause) 203M->87M(256M) 2.854ms
[2022-06-28T11:56:00.893+0000][6][gc,cpu      ] GC(162) User=0.00s Sys=0.00s Real=0.00s
[2022-06-28T11:56:00.893+0000][6][safepoint   ] Safepoint "G1CollectForAllocation", Time since last: 113794842042 ns, Reaching safepoint: 26901 ns, At safepoint: 2898660 ns, Total: 2925561 ns
[2022-06-28T11:59:26.053+0000][6][gc,start    ] GC(163) Pause Young (Concurrent Start) (G1 Evacuation Pause)
[2022-06-28T11:59:26.053+0000][6][gc,task     ] GC(163) Using 1 workers of 1 for evacuation
[2022-06-28T11:59:26.053+0000][6][gc,age      ] GC(163) Desired survivor size 8388608 bytes, new threshold 15 (max threshold 15)
[2022-06-28T11:59:26.056+0000][6][gc,phases   ] GC(163)   Pre Evacuate Collection Set: 0.2ms
[2022-06-28T11:59:26.056+0000][6][gc,phases   ] GC(163)   Merge Heap Roots: 0.0ms
[2022-06-28T11:59:26.056+0000][6][gc,phases   ] GC(163)   Evacuate Collection Set: 1.7ms
[2022-06-28T11:59:26.056+0000][6][gc,phases   ] GC(163)   Post Evacuate Collection Set: 0.9ms
[2022-06-28T11:59:26.056+0000][6][gc,phases   ] GC(163)   Other: 0.1ms
[2022-06-28T11:59:26.056+0000][6][gc,age      ] GC(163) Age table with threshold 15 (max threshold 15)
[2022-06-28T11:59:26.056+0000][6][gc,age      ] GC(163) - age   1:      55352 bytes,      55352 total
[2022-06-28T11:59:26.056+0000][6][gc,age      ] GC(163) - age   2:        144 bytes,      55496 total
[2022-06-28T11:59:26.056+0000][6][gc,age      ] GC(163) - age   3:        400 bytes,      55896 total
[2022-06-28T11:59:26.056+0000][6][gc,age      ] GC(163) - age   4:       1816 bytes,      57712 total
[2022-06-28T11:59:26.056+0000][6][gc,age      ] GC(163) - age   7:        200 bytes,      57912 total
[2022-06-28T11:59:26.056+0000][6][gc,age      ] GC(163) - age   8:         72 bytes,      57984 total
[2022-06-28T11:59:26.056+0000][6][gc,age      ] GC(163) - age  10:        200 bytes,      58184 total
[2022-06-28T11:59:26.056+0000][6][gc,age      ] GC(163) - age  12:         96 bytes,      58280 total
[2022-06-28T11:59:26.056+0000][6][gc,age      ] GC(163) - age  14:       1544 bytes,      59824 total
[2022-06-28T11:59:26.056+0000][6][gc,heap     ] GC(163) Eden regions: 29->0(29)
[2022-06-28T11:59:26.056+0000][6][gc,heap     ] GC(163) Survivor regions: 1->1(4)
[2022-06-28T11:59:26.056+0000][6][gc,heap     ] GC(163) Old regions: 19->19
[2022-06-28T11:59:26.056+0000][6][gc,heap     ] GC(163) Archive regions: 2->2
[2022-06-28T11:59:26.056+0000][6][gc,heap     ] GC(163) Humongous regions: 2->2
[2022-06-28T11:59:26.056+0000][6][gc,metaspace] GC(163) Metaspace: 107901K(111424K)->107901K(111424K) NonClass: 93486K(95232K)->93486K(95232K) Class: 14414K(16192K)->14414K(16192K)
[2022-06-28T11:59:26.056+0000][6][gc          ] GC(163) Pause Young (Concurrent Start) (G1 Evacuation Pause) 203M->87M(256M) 3.094ms
[2022-06-28T11:59:26.056+0000][6][gc,cpu      ] GC(163) User=0.00s Sys=0.00s Real=0.01s
[2022-06-28T11:59:26.056+0000][6][safepoint   ] Safepoint "G1CollectForAllocation", Time since last: 205159142099 ns, Reaching safepoint: 30541 ns, At safepoint: 3158221 ns, Total: 3188762 ns
[2022-06-28T11:59:26.056+0000][6][gc          ] GC(164) Concurrent Mark Cycle
[2022-06-28T11:59:26.056+0000][6][gc,marking  ] GC(164) Concurrent Clear Claimed Marks
[2022-06-28T11:59:26.056+0000][6][gc,marking  ] GC(164) Concurrent Clear Claimed Marks 0.040ms
[2022-06-28T11:59:26.056+0000][6][gc,marking  ] GC(164) Concurrent Scan Root Regions
[2022-06-28T11:59:26.057+0000][6][gc,marking  ] GC(164) Concurrent Scan Root Regions 0.768ms
[2022-06-28T11:59:26.057+0000][6][gc,marking  ] GC(164) Concurrent Mark
[2022-06-28T11:59:26.057+0000][6][gc,marking  ] GC(164) Concurrent Mark From Roots
[2022-06-28T11:59:26.057+0000][6][gc,task     ] GC(164) Using 1 workers of 1 for marking
[2022-06-28T11:59:26.174+0000][6][gc,marking  ] GC(164) Concurrent Mark From Roots 117.722ms
[2022-06-28T11:59:26.174+0000][6][gc,marking  ] GC(164) Concurrent Preclean
[2022-06-28T11:59:26.175+0000][6][gc,marking  ] GC(164) Concurrent Preclean 0.125ms
[2022-06-28T11:59:26.175+0000][6][gc,start    ] GC(164) Pause Remark
[2022-06-28T11:59:26.189+0000][6][gc          ] GC(164) Pause Remark 89M->89M(256M) 14.021ms
[2022-06-28T11:59:26.189+0000][6][gc,cpu      ] GC(164) User=0.02s Sys=0.00s Real=0.01s
[2022-06-28T11:59:26.189+0000][6][safepoint   ] Safepoint "G1Concurrent", Time since last: 118814813 ns, Reaching safepoint: 25094 ns, At safepoint: 14077752 ns, Total: 14102846 ns
[2022-06-28T11:59:26.189+0000][6][gc,marking  ] GC(164) Concurrent Mark 132.056ms
[2022-06-28T11:59:26.189+0000][6][gc,marking  ] GC(164) Concurrent Rebuild Remembered Sets
[2022-06-28T11:59:26.257+0000][6][gc,marking  ] GC(164) Concurrent Rebuild Remembered Sets 68.288ms
[2022-06-28T11:59:26.257+0000][6][gc,start    ] GC(164) Pause Cleanup
[2022-06-28T11:59:26.257+0000][6][gc          ] GC(164) Pause Cleanup 89M->89M(256M) 0.051ms
[2022-06-28T11:59:26.257+0000][6][gc,cpu      ] GC(164) User=0.00s Sys=0.00s Real=0.00s
[2022-06-28T11:59:26.257+0000][6][safepoint   ] Safepoint "G1Concurrent", Time since last: 68373282 ns, Reaching safepoint: 23672 ns, At safepoint: 87578 ns, Total: 111250 ns
[2022-06-28T11:59:26.257+0000][6][gc,marking  ] GC(164) Concurrent Cleanup for Next Mark
[2022-06-28T11:59:26.258+0000][6][gc,marking  ] GC(164) Concurrent Cleanup for Next Mark 0.651ms
[2022-06-28T11:59:26.258+0000][6][gc          ] GC(164) Concurrent Mark Cycle 202.048ms
[2022-06-28T11:59:36.259+0000][6][safepoint   ] Safepoint "Cleanup", Time since last: 10002240387 ns, Reaching safepoint: 45987 ns, At safepoint: 4718 ns, Total: 50705 ns
[2022-06-28T12:02:51.223+0000][6][gc,start    ] GC(165) Pause Young (Normal) (G1 Evacuation Pause)
[2022-06-28T12:02:51.223+0000][6][gc,task     ] GC(165) Using 1 workers of 1 for evacuation
[2022-06-28T12:02:51.223+0000][6][gc,age      ] GC(165) Desired survivor size 8388608 bytes, new threshold 15 (max threshold 15)
[2022-06-28T12:02:51.226+0000][6][gc,phases   ] GC(165)   Pre Evacuate Collection Set: 0.0ms
[2022-06-28T12:02:51.226+0000][6][gc,phases   ] GC(165)   Merge Heap Roots: 0.1ms
[2022-06-28T12:02:51.226+0000][6][gc,phases   ] GC(165)   Evacuate Collection Set: 1.6ms
[2022-06-28T12:02:51.226+0000][6][gc,phases   ] GC(165)   Post Evacuate Collection Set: 0.9ms
[2022-06-28T12:02:51.226+0000][6][gc,phases   ] GC(165)   Other: 0.1ms
[2022-06-28T12:02:51.226+0000][6][gc,age      ] GC(165) Age table with threshold 15 (max threshold 15)
[2022-06-28T12:02:51.226+0000][6][gc,age      ] GC(165) - age   1:      13088 bytes,      13088 total
[2022-06-28T12:02:51.226+0000][6][gc,age      ] GC(165) - age   2:       2064 bytes,      15152 total
[2022-06-28T12:02:51.226+0000][6][gc,age      ] GC(165) - age   3:        144 bytes,      15296 total
[2022-06-28T12:02:51.226+0000][6][gc,age      ] GC(165) - age   4:        400 bytes,      15696 total
[2022-06-28T12:02:51.226+0000][6][gc,age      ] GC(165) - age   5:       1816 bytes,      17512 total
[2022-06-28T12:02:51.226+0000][6][gc,age      ] GC(165) - age   8:        200 bytes,      17712 total
[2022-06-28T12:02:51.226+0000][6][gc,age      ] GC(165) - age   9:         72 bytes,      17784 total
[2022-06-28T12:02:51.226+0000][6][gc,age      ] GC(165) - age  13:         96 bytes,      17880 total
[2022-06-28T12:02:51.226+0000][6][gc,age      ] GC(165) - age  15:       1544 bytes,      19424 total
[2022-06-28T12:02:51.226+0000][6][gc,heap     ] GC(165) Eden regions: 29->0(29)
[2022-06-28T12:02:51.226+0000][6][gc,heap     ] GC(165) Survivor regions: 1->1(4)
[2022-06-28T12:02:51.226+0000][6][gc,heap     ] GC(165) Old regions: 19->19
[2022-06-28T12:02:51.226+0000][6][gc,heap     ] GC(165) Archive regions: 2->2
[2022-06-28T12:02:51.226+0000][6][gc,heap     ] GC(165) Humongous regions: 2->2
[2022-06-28T12:02:51.226+0000][6][gc,metaspace] GC(165) Metaspace: 107901K(111424K)->107901K(111424K) NonClass: 93486K(95232K)->93486K(95232K) Class: 14414K(16192K)->14414K(16192K)
[2022-06-28T12:02:51.226+0000][6][gc          ] GC(165) Pause Young (Normal) (G1 Evacuation Pause) 203M->87M(256M) 2.940ms
[2022-06-28T12:02:51.226+0000][6][gc,cpu      ] GC(165) User=0.00s Sys=0.00s Real=0.00s
[2022-06-28T12:02:51.226+0000][6][safepoint   ] Safepoint "G1CollectForAllocation", Time since last: 194963639697 ns, Reaching safepoint: 26397 ns, At safepoint: 2989149 ns, Total: 3015546 ns
[2022-06-28T12:06:18.384+0000][6][gc,start    ] GC(166) Pause Young (Concurrent Start) (G1 Evacuation Pause)
[2022-06-28T12:06:18.384+0000][6][gc,task     ] GC(166) Using 1 workers of 1 for evacuation
[2022-06-28T12:06:18.384+0000][6][gc,age      ] GC(166) Desired survivor size 8388608 bytes, new threshold 15 (max threshold 15)
[2022-06-28T12:06:18.387+0000][6][gc,phases   ] GC(166)   Pre Evacuate Collection Set: 0.2ms
[2022-06-28T12:06:18.387+0000][6][gc,phases   ] GC(166)   Merge Heap Roots: 0.0ms
[2022-06-28T12:06:18.387+0000][6][gc,phases   ] GC(166)   Evacuate Collection Set: 1.5ms
[2022-06-28T12:06:18.387+0000][6][gc,phases   ] GC(166)   Post Evacuate Collection Set: 0.9ms
[2022-06-28T12:06:18.387+0000][6][gc,phases   ] GC(166)   Other: 0.1ms
[2022-06-28T12:06:18.387+0000][6][gc,age      ] GC(166) Age table with threshold 15 (max threshold 15)
[2022-06-28T12:06:18.387+0000][6][gc,age      ] GC(166) - age   1:      12784 bytes,      12784 total
[2022-06-28T12:06:18.387+0000][6][gc,age      ] GC(166) - age   2:        200 bytes,      12984 total
[2022-06-28T12:06:18.387+0000][6][gc,age      ] GC(166) - age   3:       2064 bytes,      15048 total
[2022-06-28T12:06:18.387+0000][6][gc,age      ] GC(166) - age   4:        144 bytes,      15192 total
[2022-06-28T12:06:18.387+0000][6][gc,age      ] GC(166) - age   5:        400 bytes,      15592 total
[2022-06-28T12:06:18.387+0000][6][gc,age      ] GC(166) - age   6:       1816 bytes,      17408 total
[2022-06-28T12:06:18.387+0000][6][gc,age      ] GC(166) - age   9:        200 bytes,      17608 total
[2022-06-28T12:06:18.387+0000][6][gc,age      ] GC(166) - age  10:         72 bytes,      17680 total
[2022-06-28T12:06:18.387+0000][6][gc,age      ] GC(166) - age  14:         96 bytes,      17776 total
[2022-06-28T12:06:18.387+0000][6][gc,heap     ] GC(166) Eden regions: 29->0(29)
[2022-06-28T12:06:18.387+0000][6][gc,heap     ] GC(166) Survivor regions: 1->1(4)
[2022-06-28T12:06:18.387+0000][6][gc,heap     ] GC(166) Old regions: 19->19
[2022-06-28T12:06:18.387+0000][6][gc,heap     ] GC(166) Archive regions: 2->2
[2022-06-28T12:06:18.387+0000][6][gc,heap     ] GC(166) Humongous regions: 2->2
[2022-06-28T12:06:18.387+0000][6][gc,metaspace] GC(166) Metaspace: 107914K(111424K)->107914K(111424K) NonClass: 93499K(95232K)->93499K(95232K) Class: 14414K(16192K)->14414K(16192K)
[2022-06-28T12:06:18.387+0000][6][gc          ] GC(166) Pause Young (Concurrent Start) (G1 Evacuation Pause) 203M->87M(256M) 2.963ms
[2022-06-28T12:06:18.387+0000][6][gc,cpu      ] GC(166) User=0.01s Sys=0.00s Real=0.01s
[2022-06-28T12:06:18.387+0000][6][safepoint   ] Safepoint "G1CollectForAllocation", Time since last: 207157625483 ns, Reaching safepoint: 164699 ns, At safepoint: 3028682 ns, Total: 3193381 ns
[2022-06-28T12:06:18.387+0000][6][gc          ] GC(167) Concurrent Mark Cycle
[2022-06-28T12:06:18.387+0000][6][gc,marking  ] GC(167) Concurrent Clear Claimed Marks
[2022-06-28T12:06:18.387+0000][6][gc,marking  ] GC(167) Concurrent Clear Claimed Marks 0.052ms
[2022-06-28T12:06:18.387+0000][6][gc,marking  ] GC(167) Concurrent Scan Root Regions
[2022-06-28T12:06:18.388+0000][6][gc,marking  ] GC(167) Concurrent Scan Root Regions 0.812ms
[2022-06-28T12:06:18.388+0000][6][gc,marking  ] GC(167) Concurrent Mark
[2022-06-28T12:06:18.388+0000][6][gc,marking  ] GC(167) Concurrent Mark From Roots
[2022-06-28T12:06:18.388+0000][6][gc,task     ] GC(167) Using 1 workers of 1 for marking
[2022-06-28T12:06:18.507+0000][6][gc,marking  ] GC(167) Concurrent Mark From Roots 119.262ms
[2022-06-28T12:06:18.507+0000][6][gc,marking  ] GC(167) Concurrent Preclean
[2022-06-28T12:06:18.507+0000][6][gc,marking  ] GC(167) Concurrent Preclean 0.110ms
[2022-06-28T12:06:18.507+0000][6][gc,start    ] GC(167) Pause Remark
[2022-06-28T12:06:18.522+0000][6][gc          ] GC(167) Pause Remark 89M->89M(256M) 14.600ms
[2022-06-28T12:06:18.522+0000][6][gc,cpu      ] GC(167) User=0.01s Sys=0.00s Real=0.01s
[2022-06-28T12:06:18.522+0000][6][safepoint   ] Safepoint "G1Concurrent", Time since last: 120399334 ns, Reaching safepoint: 25920 ns, At safepoint: 14661577 ns, Total: 14687497 ns
[2022-06-28T12:06:18.522+0000][6][gc,marking  ] GC(167) Concurrent Mark 134.166ms
[2022-06-28T12:06:18.522+0000][6][gc,marking  ] GC(167) Concurrent Rebuild Remembered Sets
[2022-06-28T12:06:18.591+0000][6][gc,marking  ] GC(167) Concurrent Rebuild Remembered Sets 68.749ms
[2022-06-28T12:06:18.591+0000][6][gc,start    ] GC(167) Pause Cleanup
[2022-06-28T12:06:18.591+0000][6][gc          ] GC(167) Pause Cleanup 89M->89M(256M) 0.050ms
[2022-06-28T12:06:18.591+0000][6][gc,cpu      ] GC(167) User=0.00s Sys=0.00s Real=0.00s
[2022-06-28T12:06:18.591+0000][6][safepoint   ] Safepoint "G1Concurrent", Time since last: 68861277 ns, Reaching safepoint: 23634 ns, At safepoint: 110337 ns, Total: 133971 ns
[2022-06-28T12:06:18.591+0000][6][gc,marking  ] GC(167) Concurrent Cleanup for Next Mark
[2022-06-28T12:06:18.592+0000][6][gc,marking  ] GC(167) Concurrent Cleanup for Next Mark 0.678ms
[2022-06-28T12:06:18.592+0000][6][gc          ] GC(167) Concurrent Mark Cycle 204.776ms
[2022-06-28T12:06:34.593+0000][6][safepoint   ] Safepoint "Cleanup", Time since last: 16001793215 ns, Reaching safepoint: 61236 ns, At safepoint: 9347 ns, Total: 70583 ns
[2022-06-28T12:08:06.603+0000][6][safepoint   ] Safepoint "Cleanup", Time since last: 92009919412 ns, Reaching safepoint: 38794 ns, At safepoint: 21890 ns, Total: 60684 ns
[2022-06-28T12:08:55.608+0000][6][safepoint   ] Safepoint "Cleanup", Time since last: 49004868344 ns, Reaching safepoint: 38606 ns, At safepoint: 4653 ns, Total: 43259 ns
[2022-06-28T12:08:56.608+0000][6][safepoint   ] Safepoint "Cleanup", Time since last: 1000160598 ns, Reaching safepoint: 39202 ns, At safepoint: 4469 ns, Total: 43671 ns
[2022-06-28T12:09:01.609+0000][6][safepoint   ] Safepoint "Cleanup", Time since last: 5000614790 ns, Reaching safepoint: 44508 ns, At safepoint: 5372 ns, Total: 49880 ns
[2022-06-28T12:09:06.613+0000][6][safepoint   ] Safepoint "Cleanup", Time since last: 5004733206 ns, Reaching safepoint: 41290 ns, At safepoint: 4863 ns, Total: 46153 ns
[2022-06-28T12:09:44.808+0000][6][gc,start    ] GC(168) Pause Young (Normal) (G1 Evacuation Pause)
[2022-06-28T12:09:44.808+0000][6][gc,task     ] GC(168) Using 1 workers of 1 for evacuation
[2022-06-28T12:09:44.808+0000][6][gc,age      ] GC(168) Desired survivor size 8388608 bytes, new threshold 15 (max threshold 15)
[2022-06-28T12:09:44.811+0000][6][gc,phases   ] GC(168)   Pre Evacuate Collection Set: 0.0ms
[2022-06-28T12:09:44.811+0000][6][gc,phases   ] GC(168)   Merge Heap Roots: 0.1ms
[2022-06-28T12:09:44.811+0000][6][gc,phases   ] GC(168)   Evacuate Collection Set: 1.6ms
[2022-06-28T12:09:44.811+0000][6][gc,phases   ] GC(168)   Post Evacuate Collection Set: 1.1ms
[2022-06-28T12:09:44.811+0000][6][gc,phases   ] GC(168)   Other: 0.1ms
[2022-06-28T12:09:44.811+0000][6][gc,age      ] GC(168) Age table with threshold 15 (max threshold 15)
[2022-06-28T12:09:44.811+0000][6][gc,age      ] GC(168) - age   1:      53144 bytes,      53144 total
[2022-06-28T12:09:44.811+0000][6][gc,age      ] GC(168) - age   2:        200 bytes,      53344 total
[2022-06-28T12:09:44.811+0000][6][gc,age      ] GC(168) - age   4:        776 bytes,      54120 total
[2022-06-28T12:09:44.811+0000][6][gc,age      ] GC(168) - age   5:        144 bytes,      54264 total
[2022-06-28T12:09:44.811+0000][6][gc,age      ] GC(168) - age   6:        400 bytes,      54664 total
[2022-06-28T12:09:44.811+0000][6][gc,age      ] GC(168) - age   7:       1816 bytes,      56480 total
[2022-06-28T12:09:44.811+0000][6][gc,age      ] GC(168) - age  10:        200 bytes,      56680 total
[2022-06-28T12:09:44.811+0000][6][gc,age      ] GC(168) - age  11:         72 bytes,      56752 total
[2022-06-28T12:09:44.811+0000][6][gc,age      ] GC(168) - age  15:         96 bytes,      56848 total
[2022-06-28T12:09:44.811+0000][6][gc,heap     ] GC(168) Eden regions: 29->0(29)
[2022-06-28T12:09:44.811+0000][6][gc,heap     ] GC(168) Survivor regions: 1->1(4)
[2022-06-28T12:09:44.811+0000][6][gc,heap     ] GC(168) Old regions: 19->19
[2022-06-28T12:09:44.811+0000][6][gc,heap     ] GC(168) Archive regions: 2->2
[2022-06-28T12:09:44.811+0000][6][gc,heap     ] GC(168) Humongous regions: 2->2
[2022-06-28T12:09:44.811+0000][6][gc,metaspace] GC(168) Metaspace: 107915K(111424K)->107915K(111424K) NonClass: 93501K(95232K)->93501K(95232K) Class: 14414K(16192K)->14414K(16192K)
[2022-06-28T12:09:44.811+0000][6][gc          ] GC(168) Pause Young (Normal) (G1 Evacuation Pause) 203M->87M(256M) 3.080ms
[2022-06-28T12:09:44.811+0000][6][gc,cpu      ] GC(168) User=0.00s Sys=0.00s Real=0.00s
[2022-06-28T12:09:44.811+0000][6][safepoint   ] Safepoint "G1CollectForAllocation", Time since last: 38194323966 ns, Reaching safepoint: 27006 ns, At safepoint: 3124287 ns, Total: 3151293 ns
[2022-06-28T12:13:11.704+0000][6][gc,start    ] GC(169) Pause Young (Concurrent Start) (G1 Evacuation Pause)
[2022-06-28T12:13:11.704+0000][6][gc,task     ] GC(169) Using 1 workers of 1 for evacuation
[2022-06-28T12:13:11.704+0000][6][gc,age      ] GC(169) Desired survivor size 8388608 bytes, new threshold 15 (max threshold 15)
[2022-06-28T12:13:11.706+0000][6][gc,phases   ] GC(169)   Pre Evacuate Collection Set: 0.2ms
[2022-06-28T12:13:11.707+0000][6][gc,phases   ] GC(169)   Merge Heap Roots: 0.0ms
[2022-06-28T12:13:11.707+0000][6][gc,phases   ] GC(169)   Evacuate Collection Set: 1.5ms
[2022-06-28T12:13:11.707+0000][6][gc,phases   ] GC(169)   Post Evacuate Collection Set: 0.9ms
[2022-06-28T12:13:11.707+0000][6][gc,phases   ] GC(169)   Other: 0.1ms
[2022-06-28T12:13:11.707+0000][6][gc,age      ] GC(169) Age table with threshold 15 (max threshold 15)
[2022-06-28T12:13:11.707+0000][6][gc,age      ] GC(169) - age   1:      13448 bytes,      13448 total
[2022-06-28T12:13:11.707+0000][6][gc,age      ] GC(169) - age   2:       1488 bytes,      14936 total
[2022-06-28T12:13:11.707+0000][6][gc,age      ] GC(169) - age   5:        384 bytes,      15320 total
[2022-06-28T12:13:11.707+0000][6][gc,age      ] GC(169) - age   6:        144 bytes,      15464 total
[2022-06-28T12:13:11.707+0000][6][gc,age      ] GC(169) - age   7:        400 bytes,      15864 total
[2022-06-28T12:13:11.707+0000][6][gc,age      ] GC(169) - age   8:       1816 bytes,      17680 total
[2022-06-28T12:13:11.707+0000][6][gc,age      ] GC(169) - age  12:         72 bytes,      17752 total
[2022-06-28T12:13:11.707+0000][6][gc,heap     ] GC(169) Eden regions: 29->0(29)
[2022-06-28T12:13:11.707+0000][6][gc,heap     ] GC(169) Survivor regions: 1->1(4)
[2022-06-28T12:13:11.707+0000][6][gc,heap     ] GC(169) Old regions: 19->19
[2022-06-28T12:13:11.707+0000][6][gc,heap     ] GC(169) Archive regions: 2->2
[2022-06-28T12:13:11.707+0000][6][gc,heap     ] GC(169) Humongous regions: 2->2
[2022-06-28T12:13:11.707+0000][6][gc,metaspace] GC(169) Metaspace: 107915K(111424K)->107915K(111424K) NonClass: 93501K(95232K)->93501K(95232K) Class: 14414K(16192K)->14414K(16192K)
[2022-06-28T12:13:11.707+0000][6][gc          ] GC(169) Pause Young (Concurrent Start) (G1 Evacuation Pause) 203M->87M(256M) 3.023ms
[2022-06-28T12:13:11.707+0000][6][gc,cpu      ] GC(169) User=0.00s Sys=0.00s Real=0.01s
[2022-06-28T12:13:11.707+0000][6][safepoint   ] Safepoint "G1CollectForAllocation", Time since last: 206892690831 ns, Reaching safepoint: 27338 ns, At safepoint: 3075911 ns, Total: 3103249 ns
[2022-06-28T12:13:11.707+0000][6][gc          ] GC(170) Concurrent Mark Cycle
[2022-06-28T12:13:11.707+0000][6][gc,marking  ] GC(170) Concurrent Clear Claimed Marks
[2022-06-28T12:13:11.707+0000][6][gc,marking  ] GC(170) Concurrent Clear Claimed Marks 0.041ms
[2022-06-28T12:13:11.707+0000][6][gc,marking  ] GC(170) Concurrent Scan Root Regions
[2022-06-28T12:13:11.708+0000][6][gc,marking  ] GC(170) Concurrent Scan Root Regions 0.755ms
[2022-06-28T12:13:11.708+0000][6][gc,marking  ] GC(170) Concurrent Mark
[2022-06-28T12:13:11.708+0000][6][gc,marking  ] GC(170) Concurrent Mark From Roots
[2022-06-28T12:13:11.708+0000][6][gc,task     ] GC(170) Using 1 workers of 1 for marking
[2022-06-28T12:13:11.830+0000][6][gc,marking  ] GC(170) Concurrent Mark From Roots 122.349ms
[2022-06-28T12:13:11.830+0000][6][gc,marking  ] GC(170) Concurrent Preclean
[2022-06-28T12:13:11.830+0000][6][gc,marking  ] GC(170) Concurrent Preclean 0.119ms
[2022-06-28T12:13:11.830+0000][6][gc,start    ] GC(170) Pause Remark
[2022-06-28T12:13:11.845+0000][6][gc          ] GC(170) Pause Remark 89M->89M(256M) 14.812ms
[2022-06-28T12:13:11.845+0000][6][gc,cpu      ] GC(170) User=0.01s Sys=0.00s Real=0.01s
[2022-06-28T12:13:11.845+0000][6][safepoint   ] Safepoint "G1Concurrent", Time since last: 123400948 ns, Reaching safepoint: 25602 ns, At safepoint: 14889068 ns, Total: 14914670 ns
[2022-06-28T12:13:11.845+0000][6][gc,marking  ] GC(170) Concurrent Mark 137.492ms
[2022-06-28T12:13:11.845+0000][6][gc,marking  ] GC(170) Concurrent Rebuild Remembered Sets
[2022-06-28T12:13:11.914+0000][6][gc,marking  ] GC(170) Concurrent Rebuild Remembered Sets 68.720ms
[2022-06-28T12:13:11.914+0000][6][gc,start    ] GC(170) Pause Cleanup
[2022-06-28T12:13:11.914+0000][6][gc          ] GC(170) Pause Cleanup 89M->89M(256M) 0.050ms
[2022-06-28T12:13:11.914+0000][6][gc,cpu      ] GC(170) User=0.00s Sys=0.00s Real=0.00s
[2022-06-28T12:13:11.914+0000][6][safepoint   ] Safepoint "G1Concurrent", Time since last: 68822669 ns, Reaching safepoint: 24480 ns, At safepoint: 88015 ns, Total: 112495 ns
[2022-06-28T12:13:11.914+0000][6][gc,marking  ] GC(170) Concurrent Cleanup for Next Mark
[2022-06-28T12:13:11.915+0000][6][gc,marking  ] GC(170) Concurrent Cleanup for Next Mark 0.665ms
[2022-06-28T12:13:11.915+0000][6][gc          ] GC(170) Concurrent Mark Cycle 207.934ms
[2022-06-28T12:14:05.920+0000][6][safepoint   ] Safepoint "Cleanup", Time since last: 54005826198 ns, Reaching safepoint: 45359 ns, At safepoint: 26992 ns, Total: 72351 ns
[2022-06-28T12:14:30.923+0000][6][safepoint   ] Safepoint "Cleanup", Time since last: 25002663509 ns, Reaching safepoint: 37703 ns, At safepoint: 29905 ns, Total: 67608 ns
[2022-06-28T12:16:34.936+0000][6][safepoint   ] Safepoint "Cleanup", Time since last: 124012983808 ns, Reaching safepoint: 37590 ns, At safepoint: 4598 ns, Total: 42188 ns
[2022-06-28T12:16:36.868+0000][6][gc,start    ] GC(171) Pause Young (Normal) (G1 Evacuation Pause)
[2022-06-28T12:16:36.868+0000][6][gc,task     ] GC(171) Using 1 workers of 1 for evacuation
[2022-06-28T12:16:36.868+0000][6][gc,age      ] GC(171) Desired survivor size 8388608 bytes, new threshold 15 (max threshold 15)
[2022-06-28T12:16:36.871+0000][6][gc,phases   ] GC(171)   Pre Evacuate Collection Set: 0.0ms
[2022-06-28T12:16:36.871+0000][6][gc,phases   ] GC(171)   Merge Heap Roots: 0.1ms
[2022-06-28T12:16:36.871+0000][6][gc,phases   ] GC(171)   Evacuate Collection Set: 1.6ms
[2022-06-28T12:16:36.871+0000][6][gc,phases   ] GC(171)   Post Evacuate Collection Set: 1.0ms
[2022-06-28T12:16:36.871+0000][6][gc,phases   ] GC(171)   Other: 0.1ms
[2022-06-28T12:16:36.871+0000][6][gc,age      ] GC(171) Age table with threshold 15 (max threshold 15)
[2022-06-28T12:16:36.871+0000][6][gc,age      ] GC(171) - age   1:      54856 bytes,      54856 total
[2022-06-28T12:16:36.871+0000][6][gc,age      ] GC(171) - age   2:        792 bytes,      55648 total
[2022-06-28T12:16:36.871+0000][6][gc,age      ] GC(171) - age   3:        240 bytes,      55888 total
[2022-06-28T12:16:36.871+0000][6][gc,age      ] GC(171) - age   6:        184 bytes,      56072 total
[2022-06-28T12:16:36.871+0000][6][gc,age      ] GC(171) - age   7:        144 bytes,      56216 total
[2022-06-28T12:16:36.871+0000][6][gc,age      ] GC(171) - age   8:        200 bytes,      56416 total
[2022-06-28T12:16:36.871+0000][6][gc,age      ] GC(171) - age   9:       1776 bytes,      58192 total
[2022-06-28T12:16:36.871+0000][6][gc,age      ] GC(171) - age  13:         72 bytes,      58264 total
[2022-06-28T12:16:36.871+0000][6][gc,heap     ] GC(171) Eden regions: 29->0(29)
[2022-06-28T12:16:36.871+0000][6][gc,heap     ] GC(171) Survivor regions: 1->1(4)
[2022-06-28T12:16:36.871+0000][6][gc,heap     ] GC(171) Old regions: 19->19
[2022-06-28T12:16:36.871+0000][6][gc,heap     ] GC(171) Archive regions: 2->2
[2022-06-28T12:16:36.871+0000][6][gc,heap     ] GC(171) Humongous regions: 2->2
[2022-06-28T12:16:36.871+0000][6][gc,metaspace] GC(171) Metaspace: 107918K(111424K)->107918K(111424K) NonClass: 93504K(95232K)->93504K(95232K) Class: 14414K(16192K)->14414K(16192K)
[2022-06-28T12:16:36.871+0000][6][gc          ] GC(171) Pause Young (Normal) (G1 Evacuation Pause) 203M->87M(256M) 2.940ms
[2022-06-28T12:16:36.871+0000][6][gc,cpu      ] GC(171) User=0.00s Sys=0.00s Real=0.00s
[2022-06-28T12:16:36.871+0000][6][safepoint   ] Safepoint "G1CollectForAllocation", Time since last: 1932768339 ns, Reaching safepoint: 26614 ns, At safepoint: 2985562 ns, Total: 3012176 ns
[2022-06-28T12:20:04.032+0000][6][gc,start    ] GC(172) Pause Young (Concurrent Start) (G1 Evacuation Pause)
[2022-06-28T12:20:04.032+0000][6][gc,task     ] GC(172) Using 1 workers of 1 for evacuation
[2022-06-28T12:20:04.032+0000][6][gc,age      ] GC(172) Desired survivor size 8388608 bytes, new threshold 15 (max threshold 15)
[2022-06-28T12:20:04.035+0000][6][gc,phases   ] GC(172)   Pre Evacuate Collection Set: 0.2ms
[2022-06-28T12:20:04.035+0000][6][gc,phases   ] GC(172)   Merge Heap Roots: 0.0ms
[2022-06-28T12:20:04.035+0000][6][gc,phases   ] GC(172)   Evacuate Collection Set: 1.6ms
[2022-06-28T12:20:04.035+0000][6][gc,phases   ] GC(172)   Post Evacuate Collection Set: 1.0ms
[2022-06-28T12:20:04.035+0000][6][gc,phases   ] GC(172)   Other: 0.1ms
[2022-06-28T12:20:04.035+0000][6][gc,age      ] GC(172) Age table with threshold 15 (max threshold 15)
[2022-06-28T12:20:04.035+0000][6][gc,age      ] GC(172) - age   1:      14608 bytes,      14608 total
[2022-06-28T12:20:04.035+0000][6][gc,age      ] GC(172) - age   2:       1568 bytes,      16176 total
[2022-06-28T12:20:04.035+0000][6][gc,age      ] GC(172) - age   3:        792 bytes,      16968 total
[2022-06-28T12:20:04.035+0000][6][gc,age      ] GC(172) - age   4:        240 bytes,      17208 total
[2022-06-28T12:20:04.035+0000][6][gc,age      ] GC(172) - age   7:        184 bytes,      17392 total
[2022-06-28T12:20:04.035+0000][6][gc,age      ] GC(172) - age   8:        144 bytes,      17536 total
[2022-06-28T12:20:04.035+0000][6][gc,age      ] GC(172) - age   9:        200 bytes,      17736 total
[2022-06-28T12:20:04.035+0000][6][gc,age      ] GC(172) - age  10:       1776 bytes,      19512 total
[2022-06-28T12:20:04.035+0000][6][gc,age      ] GC(172) - age  14:         72 bytes,      19584 total
[2022-06-28T12:20:04.035+0000][6][gc,heap     ] GC(172) Eden regions: 29->0(29)
[2022-06-28T12:20:04.035+0000][6][gc,heap     ] GC(172) Survivor regions: 1->1(4)
[2022-06-28T12:20:04.035+0000][6][gc,heap     ] GC(172) Old regions: 19->19
[2022-06-28T12:20:04.035+0000][6][gc,heap     ] GC(172) Archive regions: 2->2
[2022-06-28T12:20:04.035+0000][6][gc,heap     ] GC(172) Humongous regions: 2->2
[2022-06-28T12:20:04.035+0000][6][gc,metaspace] GC(172) Metaspace: 107918K(111424K)->107918K(111424K) NonClass: 93504K(95232K)->93504K(95232K) Class: 14414K(16192K)->14414K(16192K)
[2022-06-28T12:20:04.035+0000][6][gc          ] GC(172) Pause Young (Concurrent Start) (G1 Evacuation Pause) 203M->87M(256M) 3.105ms
[2022-06-28T12:20:04.035+0000][6][gc,cpu      ] GC(172) User=0.00s Sys=0.00s Real=0.01s
[2022-06-28T12:20:04.035+0000][6][safepoint   ] Safepoint "G1CollectForAllocation", Time since last: 207160036687 ns, Reaching safepoint: 153365 ns, At safepoint: 3157552 ns, Total: 3310917 ns
[2022-06-28T12:20:04.035+0000][6][gc          ] GC(173) Concurrent Mark Cycle
[2022-06-28T12:20:04.035+0000][6][gc,marking  ] GC(173) Concurrent Clear Claimed Marks
[2022-06-28T12:20:04.035+0000][6][gc,marking  ] GC(173) Concurrent Clear Claimed Marks 0.042ms
[2022-06-28T12:20:04.035+0000][6][gc,marking  ] GC(173) Concurrent Scan Root Regions
[2022-06-28T12:20:04.036+0000][6][gc,marking  ] GC(173) Concurrent Scan Root Regions 0.993ms
[2022-06-28T12:20:04.036+0000][6][gc,marking  ] GC(173) Concurrent Mark
[2022-06-28T12:20:04.036+0000][6][gc,marking  ] GC(173) Concurrent Mark From Roots
[2022-06-28T12:20:04.036+0000][6][gc,task     ] GC(173) Using 1 workers of 1 for marking
[2022-06-28T12:20:04.154+0000][6][gc,marking  ] GC(173) Concurrent Mark From Roots 118.057ms
[2022-06-28T12:20:04.154+0000][6][gc,marking  ] GC(173) Concurrent Preclean
[2022-06-28T12:20:04.154+0000][6][gc,marking  ] GC(173) Concurrent Preclean 0.130ms
[2022-06-28T12:20:04.154+0000][6][gc,start    ] GC(173) Pause Remark
[2022-06-28T12:20:04.169+0000][6][gc          ] GC(173) Pause Remark 89M->89M(256M) 14.886ms
[2022-06-28T12:20:04.169+0000][6][gc,cpu      ] GC(173) User=0.01s Sys=0.00s Real=0.02s
[2022-06-28T12:20:04.169+0000][6][safepoint   ] Safepoint "G1Concurrent", Time since last: 119363462 ns, Reaching safepoint: 25985 ns, At safepoint: 14971275 ns, Total: 14997260 ns
[2022-06-28T12:20:04.169+0000][6][gc,marking  ] GC(173) Concurrent Mark 133.299ms
[2022-06-28T12:20:04.169+0000][6][gc,marking  ] GC(173) Concurrent Rebuild Remembered Sets
[2022-06-28T12:20:04.237+0000][6][gc,marking  ] GC(173) Concurrent Rebuild Remembered Sets 68.116ms
[2022-06-28T12:20:04.237+0000][6][gc,start    ] GC(173) Pause Cleanup
[2022-06-28T12:20:04.237+0000][6][gc          ] GC(173) Pause Cleanup 89M->89M(256M) 0.053ms
[2022-06-28T12:20:04.237+0000][6][gc,cpu      ] GC(173) User=0.00s Sys=0.00s Real=0.00s
[2022-06-28T12:20:04.237+0000][6][safepoint   ] Safepoint "G1Concurrent", Time since last: 68218030 ns, Reaching safepoint: 25027 ns, At safepoint: 91690 ns, Total: 116717 ns
[2022-06-28T12:20:04.237+0000][6][gc,marking  ] GC(173) Concurrent Cleanup for Next Mark
[2022-06-28T12:20:04.238+0000][6][gc,marking  ] GC(173) Concurrent Cleanup for Next Mark 0.654ms
[2022-06-28T12:20:04.238+0000][6][gc          ] GC(173) Concurrent Mark Cycle 203.367ms
[2022-06-28T12:23:30.543+0000][6][gc,start    ] GC(174) Pause Young (Normal) (G1 Evacuation Pause)
[2022-06-28T12:23:30.543+0000][6][gc,task     ] GC(174) Using 1 workers of 1 for evacuation
[2022-06-28T12:23:30.543+0000][6][gc,age      ] GC(174) Desired survivor size 8388608 bytes, new threshold 15 (max threshold 15)
[2022-06-28T12:23:30.546+0000][6][gc,phases   ] GC(174)   Pre Evacuate Collection Set: 0.0ms
[2022-06-28T12:23:30.546+0000][6][gc,phases   ] GC(174)   Merge Heap Roots: 0.1ms
[2022-06-28T12:23:30.546+0000][6][gc,phases   ] GC(174)   Evacuate Collection Set: 1.5ms
[2022-06-28T12:23:30.546+0000][6][gc,phases   ] GC(174)   Post Evacuate Collection Set: 0.9ms
[2022-06-28T12:23:30.546+0000][6][gc,phases   ] GC(174)   Other: 0.1ms
[2022-06-28T12:23:30.546+0000][6][gc,age      ] GC(174) Age table with threshold 15 (max threshold 15)
[2022-06-28T12:23:30.546+0000][6][gc,age      ] GC(174) - age   1:      12904 bytes,      12904 total
[2022-06-28T12:23:30.546+0000][6][gc,age      ] GC(174) - age   3:       1568 bytes,      14472 total
[2022-06-28T12:23:30.546+0000][6][gc,age      ] GC(174) - age   4:        792 bytes,      15264 total
[2022-06-28T12:23:30.546+0000][6][gc,age      ] GC(174) - age   5:        240 bytes,      15504 total
[2022-06-28T12:23:30.546+0000][6][gc,age      ] GC(174) - age   8:        184 bytes,      15688 total
[2022-06-28T12:23:30.546+0000][6][gc,age      ] GC(174) - age   9:        144 bytes,      15832 total
[2022-06-28T12:23:30.546+0000][6][gc,age      ] GC(174) - age  11:       1776 bytes,      17608 total
[2022-06-28T12:23:30.546+0000][6][gc,age      ] GC(174) - age  15:         72 bytes,      17680 total
[2022-06-28T12:23:30.546+0000][6][gc,heap     ] GC(174) Eden regions: 29->0(29)
[2022-06-28T12:23:30.546+0000][6][gc,heap     ] GC(174) Survivor regions: 1->1(4)
[2022-06-28T12:23:30.546+0000][6][gc,heap     ] GC(174) Old regions: 19->19
[2022-06-28T12:23:30.546+0000][6][gc,heap     ] GC(174) Archive regions: 2->2
[2022-06-28T12:23:30.546+0000][6][gc,heap     ] GC(174) Humongous regions: 2->2
[2022-06-28T12:23:30.546+0000][6][gc,metaspace] GC(174) Metaspace: 107918K(111424K)->107918K(111424K) NonClass: 93504K(95232K)->93504K(95232K) Class: 14414K(16192K)->14414K(16192K)
[2022-06-28T12:23:30.546+0000][6][gc          ] GC(174) Pause Young (Normal) (G1 Evacuation Pause) 203M->87M(256M) 2.827ms
[2022-06-28T12:23:30.546+0000][6][gc,cpu      ] GC(174) User=0.01s Sys=0.00s Real=0.00s
[2022-06-28T12:23:30.546+0000][6][safepoint   ] Safepoint "G1CollectForAllocation", Time since last: 206305749504 ns, Reaching safepoint: 26400 ns, At safepoint: 2870293 ns, Total: 2896693 ns
[2022-06-28T12:26:34.566+0000][6][safepoint   ] Safepoint "Cleanup", Time since last: 184019126429 ns, Reaching safepoint: 501706 ns, At safepoint: 7932 ns, Total: 509638 ns
[2022-06-28T12:26:53.345+0000][6][gc,start    ] GC(175) Pause Young (Concurrent Start) (G1 Evacuation Pause)
[2022-06-28T12:26:53.345+0000][6][gc,task     ] GC(175) Using 1 workers of 1 for evacuation
[2022-06-28T12:26:53.345+0000][6][gc,age      ] GC(175) Desired survivor size 8388608 bytes, new threshold 15 (max threshold 15)
[2022-06-28T12:26:53.348+0000][6][gc,phases   ] GC(175)   Pre Evacuate Collection Set: 0.2ms
[2022-06-28T12:26:53.348+0000][6][gc,phases   ] GC(175)   Merge Heap Roots: 0.0ms
[2022-06-28T12:26:53.348+0000][6][gc,phases   ] GC(175)   Evacuate Collection Set: 1.5ms
[2022-06-28T12:26:53.348+0000][6][gc,phases   ] GC(175)   Post Evacuate Collection Set: 1.0ms
[2022-06-28T12:26:53.348+0000][6][gc,phases   ] GC(175)   Other: 0.1ms
[2022-06-28T12:26:53.348+0000][6][gc,age      ] GC(175) Age table with threshold 15 (max threshold 15)
[2022-06-28T12:26:53.348+0000][6][gc,age      ] GC(175) - age   1:      53648 bytes,      53648 total
[2022-06-28T12:26:53.348+0000][6][gc,age      ] GC(175) - age   2:        200 bytes,      53848 total
[2022-06-28T12:26:53.348+0000][6][gc,age      ] GC(175) - age   4:        320 bytes,      54168 total
[2022-06-28T12:26:53.348+0000][6][gc,age      ] GC(175) - age   5:        200 bytes,      54368 total
[2022-06-28T12:26:53.348+0000][6][gc,age      ] GC(175) - age   6:        200 bytes,      54568 total
[2022-06-28T12:26:53.348+0000][6][gc,age      ] GC(175) - age   9:        184 bytes,      54752 total
[2022-06-28T12:26:53.348+0000][6][gc,age      ] GC(175) - age  10:        144 bytes,      54896 total
[2022-06-28T12:26:53.348+0000][6][gc,age      ] GC(175) - age  12:       1776 bytes,      56672 total
[2022-06-28T12:26:53.348+0000][6][gc,heap     ] GC(175) Eden regions: 29->0(29)
[2022-06-28T12:26:53.348+0000][6][gc,heap     ] GC(175) Survivor regions: 1->1(4)
[2022-06-28T12:26:53.348+0000][6][gc,heap     ] GC(175) Old regions: 19->19
[2022-06-28T12:26:53.348+0000][6][gc,heap     ] GC(175) Archive regions: 2->2
[2022-06-28T12:26:53.348+0000][6][gc,heap     ] GC(175) Humongous regions: 2->2
[2022-06-28T12:26:53.348+0000][6][gc,metaspace] GC(175) Metaspace: 107918K(111424K)->107918K(111424K) NonClass: 93504K(95232K)->93504K(95232K) Class: 14414K(16192K)->14414K(16192K)
[2022-06-28T12:26:53.348+0000][6][gc          ] GC(175) Pause Young (Concurrent Start) (G1 Evacuation Pause) 203M->87M(256M) 3.069ms
[2022-06-28T12:26:53.348+0000][6][gc,cpu      ] GC(175) User=0.00s Sys=0.00s Real=0.01s
[2022-06-28T12:26:53.348+0000][6][safepoint   ] Safepoint "G1CollectForAllocation", Time since last: 18778994588 ns, Reaching safepoint: 159194 ns, At safepoint: 3118266 ns, Total: 3277460 ns
[2022-06-28T12:26:53.348+0000][6][gc          ] GC(176) Concurrent Mark Cycle
[2022-06-28T12:26:53.348+0000][6][gc,marking  ] GC(176) Concurrent Clear Claimed Marks
[2022-06-28T12:26:53.348+0000][6][gc,marking  ] GC(176) Concurrent Clear Claimed Marks 0.039ms
[2022-06-28T12:26:53.348+0000][6][gc,marking  ] GC(176) Concurrent Scan Root Regions
[2022-06-28T12:26:53.350+0000][6][gc,marking  ] GC(176) Concurrent Scan Root Regions 1.916ms
[2022-06-28T12:26:53.350+0000][6][gc,marking  ] GC(176) Concurrent Mark
[2022-06-28T12:26:53.350+0000][6][gc,marking  ] GC(176) Concurrent Mark From Roots
[2022-06-28T12:26:53.350+0000][6][gc,task     ] GC(176) Using 1 workers of 1 for marking
[2022-06-28T12:26:53.475+0000][6][gc,marking  ] GC(176) Concurrent Mark From Roots 125.198ms
[2022-06-28T12:26:53.475+0000][6][gc,marking  ] GC(176) Concurrent Preclean
[2022-06-28T12:26:53.475+0000][6][gc,marking  ] GC(176) Concurrent Preclean 0.118ms
[2022-06-28T12:26:53.475+0000][6][gc,start    ] GC(176) Pause Remark
[2022-06-28T12:26:53.490+0000][6][gc          ] GC(176) Pause Remark 89M->89M(256M) 14.975ms
[2022-06-28T12:26:53.490+0000][6][gc,cpu      ] GC(176) User=0.02s Sys=0.00s Real=0.01s
[2022-06-28T12:26:53.491+0000][6][safepoint   ] Safepoint "G1Concurrent", Time since last: 127429048 ns, Reaching safepoint: 25955 ns, At safepoint: 15077363 ns, Total: 15103318 ns
[2022-06-28T12:26:53.491+0000][6][gc,marking  ] GC(176) Concurrent Mark 140.523ms
[2022-06-28T12:26:53.491+0000][6][gc,marking  ] GC(176) Concurrent Rebuild Remembered Sets
[2022-06-28T12:26:53.566+0000][6][gc,marking  ] GC(176) Concurrent Rebuild Remembered Sets 75.000ms
[2022-06-28T12:26:53.566+0000][6][gc,start    ] GC(176) Pause Cleanup
[2022-06-28T12:26:53.566+0000][6][gc          ] GC(176) Pause Cleanup 89M->89M(256M) 0.051ms
[2022-06-28T12:26:53.566+0000][6][gc,cpu      ] GC(176) User=0.00s Sys=0.00s Real=0.00s
[2022-06-28T12:26:53.566+0000][6][safepoint   ] Safepoint "G1Concurrent", Time since last: 75096088 ns, Reaching safepoint: 23427 ns, At safepoint: 88173 ns, Total: 111600 ns
[2022-06-28T12:26:53.566+0000][6][gc,marking  ] GC(176) Concurrent Cleanup for Next Mark
[2022-06-28T12:26:53.566+0000][6][gc,marking  ] GC(176) Concurrent Cleanup for Next Mark 0.679ms
[2022-06-28T12:26:53.566+0000][6][gc          ] GC(176) Concurrent Mark Cycle 218.442ms
[2022-06-28T12:30:18.506+0000][6][gc,start    ] GC(177) Pause Young (Normal) (G1 Evacuation Pause)
[2022-06-28T12:30:18.506+0000][6][gc,task     ] GC(177) Using 1 workers of 1 for evacuation
[2022-06-28T12:30:18.506+0000][6][gc,age      ] GC(177) Desired survivor size 8388608 bytes, new threshold 15 (max threshold 15)
[2022-06-28T12:30:18.509+0000][6][gc,phases   ] GC(177)   Pre Evacuate Collection Set: 0.0ms
[2022-06-28T12:30:18.509+0000][6][gc,phases   ] GC(177)   Merge Heap Roots: 0.0ms
[2022-06-28T12:30:18.509+0000][6][gc,phases   ] GC(177)   Evacuate Collection Set: 1.6ms
[2022-06-28T12:30:18.509+0000][6][gc,phases   ] GC(177)   Post Evacuate Collection Set: 0.9ms
[2022-06-28T12:30:18.509+0000][6][gc,phases   ] GC(177)   Other: 0.1ms
[2022-06-28T12:30:18.509+0000][6][gc,age      ] GC(177) Age table with threshold 15 (max threshold 15)
[2022-06-28T12:30:18.509+0000][6][gc,age      ] GC(177) - age   1:      14384 bytes,      14384 total
[2022-06-28T12:30:18.509+0000][6][gc,age      ] GC(177) - age   2:       2080 bytes,      16464 total
[2022-06-28T12:30:18.509+0000][6][gc,age      ] GC(177) - age   3:        200 bytes,      16664 total
[2022-06-28T12:30:18.509+0000][6][gc,age      ] GC(177) - age   5:        320 bytes,      16984 total
[2022-06-28T12:30:18.509+0000][6][gc,age      ] GC(177) - age   7:        200 bytes,      17184 total
[2022-06-28T12:30:18.509+0000][6][gc,age      ] GC(177) - age  10:        184 bytes,      17368 total
[2022-06-28T12:30:18.509+0000][6][gc,age      ] GC(177) - age  11:        144 bytes,      17512 total
[2022-06-28T12:30:18.509+0000][6][gc,age      ] GC(177) - age  13:       1776 bytes,      19288 total
[2022-06-28T12:30:18.509+0000][6][gc,heap     ] GC(177) Eden regions: 29->0(29)
[2022-06-28T12:30:18.509+0000][6][gc,heap     ] GC(177) Survivor regions: 1->1(4)
[2022-06-28T12:30:18.509+0000][6][gc,heap     ] GC(177) Old regions: 19->19
[2022-06-28T12:30:18.509+0000][6][gc,heap     ] GC(177) Archive regions: 2->2
[2022-06-28T12:30:18.509+0000][6][gc,heap     ] GC(177) Humongous regions: 2->2
[2022-06-28T12:30:18.509+0000][6][gc,metaspace] GC(177) Metaspace: 107918K(111424K)->107918K(111424K) NonClass: 93504K(95232K)->93504K(95232K) Class: 14414K(16192K)->14414K(16192K)
[2022-06-28T12:30:18.509+0000][6][gc          ] GC(177) Pause Young (Normal) (G1 Evacuation Pause) 203M->87M(256M) 2.922ms
[2022-06-28T12:30:18.509+0000][6][gc,cpu      ] GC(177) User=0.00s Sys=0.00s Real=0.01s
[2022-06-28T12:30:18.509+0000][6][safepoint   ] Safepoint "G1CollectForAllocation", Time since last: 204939896502 ns, Reaching safepoint: 156150 ns, At safepoint: 2968852 ns, Total: 3125002 ns
[2022-06-28T12:33:06.528+0000][6][safepoint   ] Safepoint "Cleanup", Time since last: 168018980589 ns, Reaching safepoint: 37785 ns, At safepoint: 29063 ns, Total: 66848 ns
[2022-06-28T12:33:36.531+0000][6][safepoint   ] Safepoint "Cleanup", Time since last: 30003328391 ns, Reaching safepoint: 40901 ns, At safepoint: 95371 ns, Total: 136272 ns
[2022-06-28T12:33:44.207+0000][6][gc,start    ] GC(178) Pause Young (Concurrent Start) (G1 Evacuation Pause)
[2022-06-28T12:33:44.207+0000][6][gc,task     ] GC(178) Using 1 workers of 1 for evacuation
[2022-06-28T12:33:44.207+0000][6][gc,age      ] GC(178) Desired survivor size 8388608 bytes, new threshold 15 (max threshold 15)
[2022-06-28T12:33:44.210+0000][6][gc,phases   ] GC(178)   Pre Evacuate Collection Set: 0.2ms
[2022-06-28T12:33:44.210+0000][6][gc,phases   ] GC(178)   Merge Heap Roots: 0.0ms
[2022-06-28T12:33:44.210+0000][6][gc,phases   ] GC(178)   Evacuate Collection Set: 1.5ms
[2022-06-28T12:33:44.210+0000][6][gc,phases   ] GC(178)   Post Evacuate Collection Set: 0.8ms
[2022-06-28T12:33:44.210+0000][6][gc,phases   ] GC(178)   Other: 0.1ms
[2022-06-28T12:33:44.210+0000][6][gc,age      ] GC(178) Age table with threshold 15 (max threshold 15)
[2022-06-28T12:33:44.210+0000][6][gc,age      ] GC(178) - age   1:      14424 bytes,      14424 total
[2022-06-28T12:33:44.210+0000][6][gc,age      ] GC(178) - age   3:       2080 bytes,      16504 total
[2022-06-28T12:33:44.210+0000][6][gc,age      ] GC(178) - age   4:        200 bytes,      16704 total
[2022-06-28T12:33:44.210+0000][6][gc,age      ] GC(178) - age   6:        320 bytes,      17024 total
[2022-06-28T12:33:44.210+0000][6][gc,age      ] GC(178) - age  11:        184 bytes,      17208 total
[2022-06-28T12:33:44.210+0000][6][gc,age      ] GC(178) - age  12:        144 bytes,      17352 total
[2022-06-28T12:33:44.210+0000][6][gc,age      ] GC(178) - age  14:       1776 bytes,      19128 total
[2022-06-28T12:33:44.210+0000][6][gc,heap     ] GC(178) Eden regions: 29->0(29)
[2022-06-28T12:33:44.210+0000][6][gc,heap     ] GC(178) Survivor regions: 1->1(4)
[2022-06-28T12:33:44.210+0000][6][gc,heap     ] GC(178) Old regions: 19->19
[2022-06-28T12:33:44.210+0000][6][gc,heap     ] GC(178) Archive regions: 2->2
[2022-06-28T12:33:44.210+0000][6][gc,heap     ] GC(178) Humongous regions: 2->2
[2022-06-28T12:33:44.210+0000][6][gc,metaspace] GC(178) Metaspace: 107918K(111424K)->107918K(111424K) NonClass: 93504K(95232K)->93504K(95232K) Class: 14414K(16192K)->14414K(16192K)
[2022-06-28T12:33:44.210+0000][6][gc          ] GC(178) Pause Young (Concurrent Start) (G1 Evacuation Pause) 203M->87M(256M) 2.912ms
[2022-06-28T12:33:44.210+0000][6][gc,cpu      ] GC(178) User=0.00s Sys=0.00s Real=0.00s
[2022-06-28T12:33:44.210+0000][6][safepoint   ] Safepoint "G1CollectForAllocation", Time since last: 7675847388 ns, Reaching safepoint: 29367 ns, At safepoint: 2960382 ns, Total: 2989749 ns
[2022-06-28T12:33:44.210+0000][6][gc          ] GC(179) Concurrent Mark Cycle
[2022-06-28T12:33:44.210+0000][6][gc,marking  ] GC(179) Concurrent Clear Claimed Marks
[2022-06-28T12:33:44.210+0000][6][gc,marking  ] GC(179) Concurrent Clear Claimed Marks 0.041ms
[2022-06-28T12:33:44.210+0000][6][gc,marking  ] GC(179) Concurrent Scan Root Regions
[2022-06-28T12:33:44.211+0000][6][gc,marking  ] GC(179) Concurrent Scan Root Regions 0.774ms
[2022-06-28T12:33:44.211+0000][6][gc,marking  ] GC(179) Concurrent Mark
[2022-06-28T12:33:44.211+0000][6][gc,marking  ] GC(179) Concurrent Mark From Roots
[2022-06-28T12:33:44.211+0000][6][gc,task     ] GC(179) Using 1 workers of 1 for marking
[2022-06-28T12:33:44.343+0000][6][gc,marking  ] GC(179) Concurrent Mark From Roots 131.686ms
[2022-06-28T12:33:44.343+0000][6][gc,marking  ] GC(179) Concurrent Preclean
[2022-06-28T12:33:44.343+0000][6][gc,marking  ] GC(179) Concurrent Preclean 0.107ms
[2022-06-28T12:33:44.343+0000][6][gc,start    ] GC(179) Pause Remark
[2022-06-28T12:33:44.358+0000][6][gc          ] GC(179) Pause Remark 87M->87M(256M) 14.839ms
[2022-06-28T12:33:44.358+0000][6][gc,cpu      ] GC(179) User=0.01s Sys=0.00s Real=0.02s
[2022-06-28T12:33:44.358+0000][6][safepoint   ] Safepoint "G1Concurrent", Time since last: 132763058 ns, Reaching safepoint: 26102 ns, At safepoint: 14894721 ns, Total: 14920823 ns
[2022-06-28T12:33:44.358+0000][6][gc,marking  ] GC(179) Concurrent Mark 146.821ms
[2022-06-28T12:33:44.358+0000][6][gc,marking  ] GC(179) Concurrent Rebuild Remembered Sets
[2022-06-28T12:33:44.436+0000][6][gc,marking  ] GC(179) Concurrent Rebuild Remembered Sets 78.550ms
[2022-06-28T12:33:44.436+0000][6][gc,start    ] GC(179) Pause Cleanup
[2022-06-28T12:33:44.436+0000][6][gc          ] GC(179) Pause Cleanup 87M->87M(256M) 0.049ms
[2022-06-28T12:33:44.437+0000][6][gc,cpu      ] GC(179) User=0.00s Sys=0.00s Real=0.00s
[2022-06-28T12:33:44.437+0000][6][safepoint   ] Safepoint "G1Concurrent", Time since last: 78637293 ns, Reaching safepoint: 22579 ns, At safepoint: 85099 ns, Total: 107678 ns
[2022-06-28T12:33:44.437+0000][6][gc,marking  ] GC(179) Concurrent Cleanup for Next Mark
[2022-06-28T12:33:44.437+0000][6][gc,marking  ] GC(179) Concurrent Cleanup for Next Mark 0.656ms
[2022-06-28T12:33:44.437+0000][6][gc          ] GC(179) Concurrent Mark Cycle 227.087ms
[2022-06-28T12:37:07.820+0000][6][gc,start    ] GC(180) Pause Young (Normal) (G1 Evacuation Pause)
[2022-06-28T12:37:07.820+0000][6][gc,task     ] GC(180) Using 1 workers of 1 for evacuation
[2022-06-28T12:37:07.821+0000][6][gc,age      ] GC(180) Desired survivor size 8388608 bytes, new threshold 15 (max threshold 15)
[2022-06-28T12:37:07.823+0000][6][gc,phases   ] GC(180)   Pre Evacuate Collection Set: 0.0ms
[2022-06-28T12:37:07.823+0000][6][gc,phases   ] GC(180)   Merge Heap Roots: 0.0ms
[2022-06-28T12:37:07.823+0000][6][gc,phases   ] GC(180)   Evacuate Collection Set: 1.5ms
[2022-06-28T12:37:07.823+0000][6][gc,phases   ] GC(180)   Post Evacuate Collection Set: 1.0ms
[2022-06-28T12:37:07.823+0000][6][gc,phases   ] GC(180)   Other: 0.1ms
[2022-06-28T12:37:07.823+0000][6][gc,age      ] GC(180) Age table with threshold 15 (max threshold 15)
[2022-06-28T12:37:07.823+0000][6][gc,age      ] GC(180) - age   1:      69552 bytes,      69552 total
[2022-06-28T12:37:07.823+0000][6][gc,age      ] GC(180) - age   2:       1496 bytes,      71048 total
[2022-06-28T12:37:07.823+0000][6][gc,age      ] GC(180) - age   4:        792 bytes,      71840 total
[2022-06-28T12:37:07.823+0000][6][gc,age      ] GC(180) - age   5:        200 bytes,      72040 total
[2022-06-28T12:37:07.823+0000][6][gc,age      ] GC(180) - age   7:        280 bytes,      72320 total
[2022-06-28T12:37:07.823+0000][6][gc,age      ] GC(180) - age  12:        184 bytes,      72504 total
[2022-06-28T12:37:07.823+0000][6][gc,age      ] GC(180) - age  13:        144 bytes,      72648 total
[2022-06-28T12:37:07.823+0000][6][gc,age      ] GC(180) - age  15:       1776 bytes,      74424 total
[2022-06-28T12:37:07.823+0000][6][gc,heap     ] GC(180) Eden regions: 29->0(29)
[2022-06-28T12:37:07.823+0000][6][gc,heap     ] GC(180) Survivor regions: 1->1(4)
[2022-06-28T12:37:07.823+0000][6][gc,heap     ] GC(180) Old regions: 19->19
[2022-06-28T12:37:07.823+0000][6][gc,heap     ] GC(180) Archive regions: 2->2
[2022-06-28T12:37:07.823+0000][6][gc,heap     ] GC(180) Humongous regions: 2->2
[2022-06-28T12:37:07.823+0000][6][gc,metaspace] GC(180) Metaspace: 107919K(111424K)->107919K(111424K) NonClass: 93505K(95232K)->93505K(95232K) Class: 14414K(16192K)->14414K(16192K)
[2022-06-28T12:37:07.823+0000][6][gc          ] GC(180) Pause Young (Normal) (G1 Evacuation Pause) 203M->87M(256M) 2.896ms
[2022-06-28T12:37:07.823+0000][6][gc,cpu      ] GC(180) User=0.00s Sys=0.00s Real=0.00s
[2022-06-28T12:37:07.823+0000][6][safepoint   ] Safepoint "G1CollectForAllocation", Time since last: 203383744170 ns, Reaching safepoint: 153204 ns, At safepoint: 2942134 ns, Total: 3095338 ns
[2022-06-28T12:40:36.066+0000][6][gc,start    ] GC(181) Pause Young (Concurrent Start) (G1 Evacuation Pause)
[2022-06-28T12:40:36.066+0000][6][gc,task     ] GC(181) Using 1 workers of 1 for evacuation
[2022-06-28T12:40:36.066+0000][6][gc,age      ] GC(181) Desired survivor size 8388608 bytes, new threshold 15 (max threshold 15)
[2022-06-28T12:40:36.069+0000][6][gc,phases   ] GC(181)   Pre Evacuate Collection Set: 0.2ms
[2022-06-28T12:40:36.069+0000][6][gc,phases   ] GC(181)   Merge Heap Roots: 0.0ms
[2022-06-28T12:40:36.069+0000][6][gc,phases   ] GC(181)   Evacuate Collection Set: 1.7ms
[2022-06-28T12:40:36.069+0000][6][gc,phases   ] GC(181)   Post Evacuate Collection Set: 0.9ms
[2022-06-28T12:40:36.069+0000][6][gc,phases   ] GC(181)   Other: 0.1ms
[2022-06-28T12:40:36.069+0000][6][gc,age      ] GC(181) Age table with threshold 15 (max threshold 15)
[2022-06-28T12:40:36.069+0000][6][gc,age      ] GC(181) - age   1:      19544 bytes,      19544 total
[2022-06-28T12:40:36.069+0000][6][gc,age      ] GC(181) - age   2:       1728 bytes,      21272 total
[2022-06-28T12:40:36.069+0000][6][gc,age      ] GC(181) - age   3:       1496 bytes,      22768 total
[2022-06-28T12:40:36.069+0000][6][gc,age      ] GC(181) - age   5:        592 bytes,      23360 total
[2022-06-28T12:40:36.069+0000][6][gc,age      ] GC(181) - age   6:        200 bytes,      23560 total
[2022-06-28T12:40:36.069+0000][6][gc,age      ] GC(181) - age   8:         80 bytes,      23640 total
[2022-06-28T12:40:36.069+0000][6][gc,age      ] GC(181) - age  13:        184 bytes,      23824 total
[2022-06-28T12:40:36.069+0000][6][gc,age      ] GC(181) - age  14:        144 bytes,      23968 total
[2022-06-28T12:40:36.069+0000][6][gc,heap     ] GC(181) Eden regions: 29->0(29)
[2022-06-28T12:40:36.069+0000][6][gc,heap     ] GC(181) Survivor regions: 1->1(4)
[2022-06-28T12:40:36.069+0000][6][gc,heap     ] GC(181) Old regions: 19->19
[2022-06-28T12:40:36.069+0000][6][gc,heap     ] GC(181) Archive regions: 2->2
[2022-06-28T12:40:36.069+0000][6][gc,heap     ] GC(181) Humongous regions: 2->2
[2022-06-28T12:40:36.069+0000][6][gc,metaspace] GC(181) Metaspace: 107919K(111424K)->107919K(111424K) NonClass: 93505K(95232K)->93505K(95232K) Class: 14414K(16192K)->14414K(16192K)
[2022-06-28T12:40:36.069+0000][6][gc          ] GC(181) Pause Young (Concurrent Start) (G1 Evacuation Pause) 203M->87M(256M) 3.182ms
[2022-06-28T12:40:36.069+0000][6][gc,cpu      ] GC(181) User=0.01s Sys=0.00s Real=0.01s
[2022-06-28T12:40:36.069+0000][6][safepoint   ] Safepoint "G1CollectForAllocation", Time since last: 208241994006 ns, Reaching safepoint: 156930 ns, At safepoint: 3234107 ns, Total: 3391037 ns
[2022-06-28T12:40:36.069+0000][6][gc          ] GC(182) Concurrent Mark Cycle
[2022-06-28T12:40:36.069+0000][6][gc,marking  ] GC(182) Concurrent Clear Claimed Marks
[2022-06-28T12:40:36.069+0000][6][gc,marking  ] GC(182) Concurrent Clear Claimed Marks 0.042ms
[2022-06-28T12:40:36.069+0000][6][gc,marking  ] GC(182) Concurrent Scan Root Regions
[2022-06-28T12:40:36.070+0000][6][gc,marking  ] GC(182) Concurrent Scan Root Regions 1.000ms
[2022-06-28T12:40:36.070+0000][6][gc,marking  ] GC(182) Concurrent Mark
[2022-06-28T12:40:36.070+0000][6][gc,marking  ] GC(182) Concurrent Mark From Roots
[2022-06-28T12:40:36.070+0000][6][gc,task     ] GC(182) Using 1 workers of 1 for marking
[2022-06-28T12:40:36.189+0000][6][gc,marking  ] GC(182) Concurrent Mark From Roots 119.274ms
[2022-06-28T12:40:36.189+0000][6][gc,marking  ] GC(182) Concurrent Preclean
[2022-06-28T12:40:36.189+0000][6][gc,marking  ] GC(182) Concurrent Preclean 0.110ms
[2022-06-28T12:40:36.189+0000][6][gc,start    ] GC(182) Pause Remark
[2022-06-28T12:40:36.204+0000][6][gc          ] GC(182) Pause Remark 89M->89M(256M) 14.507ms
[2022-06-28T12:40:36.204+0000][6][gc,cpu      ] GC(182) User=0.01s Sys=0.01s Real=0.01s
[2022-06-28T12:40:36.204+0000][6][safepoint   ] Safepoint "G1Concurrent", Time since last: 120601275 ns, Reaching safepoint: 25003 ns, At safepoint: 14572708 ns, Total: 14597711 ns
[2022-06-28T12:40:36.204+0000][6][gc,marking  ] GC(182) Concurrent Mark 134.113ms
[2022-06-28T12:40:36.204+0000][6][gc,marking  ] GC(182) Concurrent Rebuild Remembered Sets
[2022-06-28T12:40:36.273+0000][6][gc,marking  ] GC(182) Concurrent Rebuild Remembered Sets 69.432ms
[2022-06-28T12:40:36.274+0000][6][gc,start    ] GC(182) Pause Cleanup
[2022-06-28T12:40:36.274+0000][6][gc          ] GC(182) Pause Cleanup 89M->89M(256M) 0.056ms
[2022-06-28T12:40:36.274+0000][6][gc,cpu      ] GC(182) User=0.00s Sys=0.00s Real=0.00s
[2022-06-28T12:40:36.274+0000][6][safepoint   ] Safepoint "G1Concurrent", Time since last: 69550001 ns, Reaching safepoint: 23727 ns, At safepoint: 98489 ns, Total: 122216 ns
[2022-06-28T12:40:36.274+0000][6][gc,marking  ] GC(182) Concurrent Cleanup for Next Mark
[2022-06-28T12:40:36.274+0000][6][gc,marking  ] GC(182) Concurrent Cleanup for Next Mark 0.656ms
[2022-06-28T12:40:36.274+0000][6][gc          ] GC(182) Concurrent Mark Cycle 205.521ms
[2022-06-28T12:44:01.662+0000][6][gc,start    ] GC(183) Pause Young (Normal) (G1 Evacuation Pause)
[2022-06-28T12:44:01.662+0000][6][gc,task     ] GC(183) Using 1 workers of 1 for evacuation
[2022-06-28T12:44:01.662+0000][6][gc,age      ] GC(183) Desired survivor size 8388608 bytes, new threshold 15 (max threshold 15)
[2022-06-28T12:44:01.665+0000][6][gc,phases   ] GC(183)   Pre Evacuate Collection Set: 0.1ms
[2022-06-28T12:44:01.665+0000][6][gc,phases   ] GC(183)   Merge Heap Roots: 0.0ms
[2022-06-28T12:44:01.665+0000][6][gc,phases   ] GC(183)   Evacuate Collection Set: 1.8ms
[2022-06-28T12:44:01.665+0000][6][gc,phases   ] GC(183)   Post Evacuate Collection Set: 0.8ms
[2022-06-28T12:44:01.665+0000][6][gc,phases   ] GC(183)   Other: 0.1ms
[2022-06-28T12:44:01.665+0000][6][gc,age      ] GC(183) Age table with threshold 15 (max threshold 15)
[2022-06-28T12:44:01.665+0000][6][gc,age      ] GC(183) - age   1:     101104 bytes,     101104 total
[2022-06-28T12:44:01.665+0000][6][gc,age      ] GC(183) - age   2:        400 bytes,     101504 total
[2022-06-28T12:44:01.665+0000][6][gc,age      ] GC(183) - age   3:       1728 bytes,     103232 total
[2022-06-28T12:44:01.665+0000][6][gc,age      ] GC(183) - age   4:       1496 bytes,     104728 total
[2022-06-28T12:44:01.665+0000][6][gc,age      ] GC(183) - age   7:        200 bytes,     104928 total
[2022-06-28T12:44:01.665+0000][6][gc,age      ] GC(183) - age   9:         80 bytes,     105008 total
[2022-06-28T12:44:01.665+0000][6][gc,age      ] GC(183) - age  14:        184 bytes,     105192 total
[2022-06-28T12:44:01.665+0000][6][gc,age      ] GC(183) - age  15:        144 bytes,     105336 total
[2022-06-28T12:44:01.665+0000][6][gc,heap     ] GC(183) Eden regions: 29->0(29)
[2022-06-28T12:44:01.665+0000][6][gc,heap     ] GC(183) Survivor regions: 1->1(4)
[2022-06-28T12:44:01.665+0000][6][gc,heap     ] GC(183) Old regions: 19->19
[2022-06-28T12:44:01.665+0000][6][gc,heap     ] GC(183) Archive regions: 2->2
[2022-06-28T12:44:01.665+0000][6][gc,heap     ] GC(183) Humongous regions: 2->2
[2022-06-28T12:44:01.665+0000][6][gc,metaspace] GC(183) Metaspace: 107919K(111424K)->107919K(111424K) NonClass: 93505K(95232K)->93505K(95232K) Class: 14414K(16192K)->14414K(16192K)
[2022-06-28T12:44:01.665+0000][6][gc          ] GC(183) Pause Young (Normal) (G1 Evacuation Pause) 203M->87M(256M) 3.015ms
[2022-06-28T12:44:01.665+0000][6][gc,cpu      ] GC(183) User=0.00s Sys=0.00s Real=0.00s
[2022-06-28T12:44:01.665+0000][6][safepoint   ] Safepoint "G1CollectForAllocation", Time since last: 205388686324 ns, Reaching safepoint: 26190 ns, At safepoint: 3057640 ns, Total: 3083830 ns
[2022-06-28T12:47:24.839+0000][6][gc,start    ] GC(184) Pause Young (Concurrent Start) (G1 Evacuation Pause)
[2022-06-28T12:47:24.839+0000][6][gc,task     ] GC(184) Using 1 workers of 1 for evacuation
[2022-06-28T12:47:24.839+0000][6][gc,age      ] GC(184) Desired survivor size 8388608 bytes, new threshold 15 (max threshold 15)
[2022-06-28T12:47:24.842+0000][6][gc,phases   ] GC(184)   Pre Evacuate Collection Set: 0.2ms
[2022-06-28T12:47:24.842+0000][6][gc,phases   ] GC(184)   Merge Heap Roots: 0.0ms
[2022-06-28T12:47:24.842+0000][6][gc,phases   ] GC(184)   Evacuate Collection Set: 1.6ms
[2022-06-28T12:47:24.842+0000][6][gc,phases   ] GC(184)   Post Evacuate Collection Set: 1.0ms
[2022-06-28T12:47:24.842+0000][6][gc,phases   ] GC(184)   Other: 0.1ms
[2022-06-28T12:47:24.842+0000][6][gc,age      ] GC(184) Age table with threshold 15 (max threshold 15)
[2022-06-28T12:47:24.842+0000][6][gc,age      ] GC(184) - age   1:      53344 bytes,      53344 total
[2022-06-28T12:47:24.842+0000][6][gc,age      ] GC(184) - age   2:        392 bytes,      53736 total
[2022-06-28T12:47:24.842+0000][6][gc,age      ] GC(184) - age   3:        400 bytes,      54136 total
[2022-06-28T12:47:24.842+0000][6][gc,age      ] GC(184) - age   4:        440 bytes,      54576 total
[2022-06-28T12:47:24.842+0000][6][gc,age      ] GC(184) - age   5:       1496 bytes,      56072 total
[2022-06-28T12:47:24.842+0000][6][gc,age      ] GC(184) - age  10:         80 bytes,      56152 total
[2022-06-28T12:47:24.842+0000][6][gc,age      ] GC(184) - age  15:        184 bytes,      56336 total
[2022-06-28T12:47:24.842+0000][6][gc,heap     ] GC(184) Eden regions: 29->0(29)
[2022-06-28T12:47:24.842+0000][6][gc,heap     ] GC(184) Survivor regions: 1->1(4)
[2022-06-28T12:47:24.842+0000][6][gc,heap     ] GC(184) Old regions: 19->19
[2022-06-28T12:47:24.842+0000][6][gc,heap     ] GC(184) Archive regions: 2->2
[2022-06-28T12:47:24.842+0000][6][gc,heap     ] GC(184) Humongous regions: 2->2
[2022-06-28T12:47:24.842+0000][6][gc,metaspace] GC(184) Metaspace: 107919K(111424K)->107919K(111424K) NonClass: 93505K(95232K)->93505K(95232K) Class: 14414K(16192K)->14414K(16192K)
[2022-06-28T12:47:24.842+0000][6][gc          ] GC(184) Pause Young (Concurrent Start) (G1 Evacuation Pause) 203M->87M(256M) 3.084ms
[2022-06-28T12:47:24.842+0000][6][gc,cpu      ] GC(184) User=0.00s Sys=0.00s Real=0.00s
[2022-06-28T12:47:24.842+0000][6][safepoint   ] Safepoint "G1CollectForAllocation", Time since last: 203173372185 ns, Reaching safepoint: 26306 ns, At safepoint: 3133411 ns, Total: 3159717 ns
[2022-06-28T12:47:24.842+0000][6][gc          ] GC(185) Concurrent Mark Cycle
[2022-06-28T12:47:24.842+0000][6][gc,marking  ] GC(185) Concurrent Clear Claimed Marks
[2022-06-28T12:47:24.842+0000][6][gc,marking  ] GC(185) Concurrent Clear Claimed Marks 0.042ms
[2022-06-28T12:47:24.842+0000][6][gc,marking  ] GC(185) Concurrent Scan Root Regions
[2022-06-28T12:47:24.843+0000][6][gc,marking  ] GC(185) Concurrent Scan Root Regions 1.375ms
[2022-06-28T12:47:24.843+0000][6][gc,marking  ] GC(185) Concurrent Mark
[2022-06-28T12:47:24.843+0000][6][gc,marking  ] GC(185) Concurrent Mark From Roots
[2022-06-28T12:47:24.843+0000][6][gc,task     ] GC(185) Using 1 workers of 1 for marking
[2022-06-28T12:47:24.962+0000][6][gc,marking  ] GC(185) Concurrent Mark From Roots 118.751ms
[2022-06-28T12:47:24.962+0000][6][gc,marking  ] GC(185) Concurrent Preclean
[2022-06-28T12:47:24.962+0000][6][gc,marking  ] GC(185) Concurrent Preclean 0.111ms
[2022-06-28T12:47:24.962+0000][6][gc,start    ] GC(185) Pause Remark
[2022-06-28T12:47:24.977+0000][6][gc          ] GC(185) Pause Remark 88M->88M(256M) 14.862ms
[2022-06-28T12:47:24.977+0000][6][gc,cpu      ] GC(185) User=0.02s Sys=0.00s Real=0.02s
[2022-06-28T12:47:24.977+0000][6][safepoint   ] Safepoint "G1Concurrent", Time since last: 120434903 ns, Reaching safepoint: 26359 ns, At safepoint: 14965763 ns, Total: 14992122 ns
[2022-06-28T12:47:24.977+0000][6][gc,marking  ] GC(185) Concurrent Mark 133.980ms
[2022-06-28T12:47:24.977+0000][6][gc,marking  ] GC(185) Concurrent Rebuild Remembered Sets
[2022-06-28T12:47:25.046+0000][6][gc,marking  ] GC(185) Concurrent Rebuild Remembered Sets 68.905ms
[2022-06-28T12:47:25.046+0000][6][gc,start    ] GC(185) Pause Cleanup
[2022-06-28T12:47:25.046+0000][6][gc          ] GC(185) Pause Cleanup 88M->88M(256M) 0.047ms
[2022-06-28T12:47:25.046+0000][6][gc,cpu      ] GC(185) User=0.00s Sys=0.00s Real=0.01s
[2022-06-28T12:47:25.047+0000][6][safepoint   ] Safepoint "G1Concurrent", Time since last: 69033740 ns, Reaching safepoint: 21898 ns, At safepoint: 102841 ns, Total: 124739 ns
[2022-06-28T12:47:25.047+0000][6][gc,marking  ] GC(185) Concurrent Cleanup for Next Mark
[2022-06-28T12:47:25.047+0000][6][gc,marking  ] GC(185) Concurrent Cleanup for Next Mark 0.714ms
[2022-06-28T12:47:25.047+0000][6][gc          ] GC(185) Concurrent Mark Cycle 205.316ms
[2022-06-28T12:50:49.459+0000][6][gc,start    ] GC(186) Pause Young (Normal) (G1 Evacuation Pause)
[2022-06-28T12:50:49.459+0000][6][gc,task     ] GC(186) Using 1 workers of 1 for evacuation
[2022-06-28T12:50:49.459+0000][6][gc,age      ] GC(186) Desired survivor size 8388608 bytes, new threshold 15 (max threshold 15)
[2022-06-28T12:50:49.462+0000][6][gc,phases   ] GC(186)   Pre Evacuate Collection Set: 0.0ms
[2022-06-28T12:50:49.462+0000][6][gc,phases   ] GC(186)   Merge Heap Roots: 0.1ms
[2022-06-28T12:50:49.462+0000][6][gc,phases   ] GC(186)   Evacuate Collection Set: 1.6ms
[2022-06-28T12:50:49.462+0000][6][gc,phases   ] GC(186)   Post Evacuate Collection Set: 1.0ms
[2022-06-28T12:50:49.462+0000][6][gc,phases   ] GC(186)   Other: 0.1ms
[2022-06-28T12:50:49.462+0000][6][gc,age      ] GC(186) Age table with threshold 15 (max threshold 15)
[2022-06-28T12:50:49.462+0000][6][gc,age      ] GC(186) - age   1:      14584 bytes,      14584 total
[2022-06-28T12:50:49.462+0000][6][gc,age      ] GC(186) - age   2:       1288 bytes,      15872 total
[2022-06-28T12:50:49.462+0000][6][gc,age      ] GC(186) - age   3:        392 bytes,      16264 total
[2022-06-28T12:50:49.462+0000][6][gc,age      ] GC(186) - age   4:        400 bytes,      16664 total
[2022-06-28T12:50:49.462+0000][6][gc,age      ] GC(186) - age   5:        440 bytes,      17104 total
[2022-06-28T12:50:49.462+0000][6][gc,age      ] GC(186) - age   6:       1496 bytes,      18600 total
[2022-06-28T12:50:49.462+0000][6][gc,age      ] GC(186) - age  11:         80 bytes,      18680 total
[2022-06-28T12:50:49.462+0000][6][gc,heap     ] GC(186) Eden regions: 29->0(29)
[2022-06-28T12:50:49.462+0000][6][gc,heap     ] GC(186) Survivor regions: 1->1(4)
[2022-06-28T12:50:49.462+0000][6][gc,heap     ] GC(186) Old regions: 19->19
[2022-06-28T12:50:49.462+0000][6][gc,heap     ] GC(186) Archive regions: 2->2
[2022-06-28T12:50:49.462+0000][6][gc,heap     ] GC(186) Humongous regions: 2->2
[2022-06-28T12:50:49.462+0000][6][gc,metaspace] GC(186) Metaspace: 107919K(111424K)->107919K(111424K) NonClass: 93505K(95232K)->93505K(95232K) Class: 14414K(16192K)->14414K(16192K)
[2022-06-28T12:50:49.462+0000][6][gc          ] GC(186) Pause Young (Normal) (G1 Evacuation Pause) 203M->87M(256M) 2.989ms
[2022-06-28T12:50:49.462+0000][6][gc,cpu      ] GC(186) User=0.00s Sys=0.01s Real=0.00s
[2022-06-28T12:50:49.462+0000][6][safepoint   ] Safepoint "G1CollectForAllocation", Time since last: 204412362409 ns, Reaching safepoint: 153831 ns, At safepoint: 3037196 ns, Total: 3191027 ns
[2022-06-28T12:54:18.215+0000][6][gc,start    ] GC(187) Pause Young (Concurrent Start) (G1 Evacuation Pause)
[2022-06-28T12:54:18.215+0000][6][gc,task     ] GC(187) Using 1 workers of 1 for evacuation
[2022-06-28T12:54:18.215+0000][6][gc,age      ] GC(187) Desired survivor size 8388608 bytes, new threshold 15 (max threshold 15)
[2022-06-28T12:54:18.217+0000][6][gc,phases   ] GC(187)   Pre Evacuate Collection Set: 0.2ms
[2022-06-28T12:54:18.217+0000][6][gc,phases   ] GC(187)   Merge Heap Roots: 0.0ms
[2022-06-28T12:54:18.217+0000][6][gc,phases   ] GC(187)   Evacuate Collection Set: 1.5ms
[2022-06-28T12:54:18.217+0000][6][gc,phases   ] GC(187)   Post Evacuate Collection Set: 0.8ms
[2022-06-28T12:54:18.217+0000][6][gc,phases   ] GC(187)   Other: 0.1ms
[2022-06-28T12:54:18.217+0000][6][gc,age      ] GC(187) Age table with threshold 15 (max threshold 15)
[2022-06-28T12:54:18.217+0000][6][gc,age      ] GC(187) - age   1:      12784 bytes,      12784 total
[2022-06-28T12:54:18.217+0000][6][gc,age      ] GC(187) - age   2:        200 bytes,      12984 total
[2022-06-28T12:54:18.217+0000][6][gc,age      ] GC(187) - age   3:       1288 bytes,      14272 total
[2022-06-28T12:54:18.217+0000][6][gc,age      ] GC(187) - age   4:        392 bytes,      14664 total
[2022-06-28T12:54:18.217+0000][6][gc,age      ] GC(187) - age   5:        400 bytes,      15064 total
[2022-06-28T12:54:18.217+0000][6][gc,age      ] GC(187) - age   6:        440 bytes,      15504 total
[2022-06-28T12:54:18.217+0000][6][gc,age      ] GC(187) - age   7:       1496 bytes,      17000 total
[2022-06-28T12:54:18.217+0000][6][gc,age      ] GC(187) - age  12:         80 bytes,      17080 total
[2022-06-28T12:54:18.217+0000][6][gc,heap     ] GC(187) Eden regions: 29->0(29)
[2022-06-28T12:54:18.217+0000][6][gc,heap     ] GC(187) Survivor regions: 1->1(4)
[2022-06-28T12:54:18.217+0000][6][gc,heap     ] GC(187) Old regions: 19->19
[2022-06-28T12:54:18.217+0000][6][gc,heap     ] GC(187) Archive regions: 2->2
[2022-06-28T12:54:18.217+0000][6][gc,heap     ] GC(187) Humongous regions: 2->2
[2022-06-28T12:54:18.217+0000][6][gc,metaspace] GC(187) Metaspace: 107919K(111424K)->107919K(111424K) NonClass: 93505K(95232K)->93505K(95232K) Class: 14414K(16192K)->14414K(16192K)
[2022-06-28T12:54:18.217+0000][6][gc          ] GC(187) Pause Young (Concurrent Start) (G1 Evacuation Pause) 203M->87M(256M) 2.800ms
[2022-06-28T12:54:18.217+0000][6][gc,cpu      ] GC(187) User=0.01s Sys=0.00s Real=0.00s
[2022-06-28T12:54:18.217+0000][6][safepoint   ] Safepoint "G1CollectForAllocation", Time since last: 208752532859 ns, Reaching safepoint: 27746 ns, At safepoint: 2850245 ns, Total: 2877991 ns
[2022-06-28T12:54:18.218+0000][6][gc          ] GC(188) Concurrent Mark Cycle
[2022-06-28T12:54:18.218+0000][6][gc,marking  ] GC(188) Concurrent Clear Claimed Marks
[2022-06-28T12:54:18.218+0000][6][gc,marking  ] GC(188) Concurrent Clear Claimed Marks 0.043ms
[2022-06-28T12:54:18.218+0000][6][gc,marking  ] GC(188) Concurrent Scan Root Regions
[2022-06-28T12:54:18.219+0000][6][gc,marking  ] GC(188) Concurrent Scan Root Regions 1.013ms
[2022-06-28T12:54:18.219+0000][6][gc,marking  ] GC(188) Concurrent Mark
[2022-06-28T12:54:18.219+0000][6][gc,marking  ] GC(188) Concurrent Mark From Roots
[2022-06-28T12:54:18.219+0000][6][gc,task     ] GC(188) Using 1 workers of 1 for marking
[2022-06-28T12:54:18.336+0000][6][gc,marking  ] GC(188) Concurrent Mark From Roots 117.754ms
[2022-06-28T12:54:18.336+0000][6][gc,marking  ] GC(188) Concurrent Preclean
[2022-06-28T12:54:18.337+0000][6][gc,marking  ] GC(188) Concurrent Preclean 0.104ms
[2022-06-28T12:54:18.337+0000][6][gc,start    ] GC(188) Pause Remark
[2022-06-28T12:54:18.351+0000][6][gc          ] GC(188) Pause Remark 88M->88M(256M) 14.764ms
[2022-06-28T12:54:18.351+0000][6][gc,cpu      ] GC(188) User=0.02s Sys=0.00s Real=0.01s
[2022-06-28T12:54:18.351+0000][6][safepoint   ] Safepoint "G1Concurrent", Time since last: 119099461 ns, Reaching safepoint: 24373 ns, At safepoint: 14823010 ns, Total: 14847383 ns
[2022-06-28T12:54:18.351+0000][6][gc,marking  ] GC(188) Concurrent Mark 132.821ms
[2022-06-28T12:54:18.351+0000][6][gc,marking  ] GC(188) Concurrent Rebuild Remembered Sets
[2022-06-28T12:54:18.419+0000][6][gc,marking  ] GC(188) Concurrent Rebuild Remembered Sets 67.993ms
[2022-06-28T12:54:18.420+0000][6][gc,start    ] GC(188) Pause Cleanup
[2022-06-28T12:54:18.420+0000][6][gc          ] GC(188) Pause Cleanup 88M->88M(256M) 0.071ms
[2022-06-28T12:54:18.420+0000][6][gc,cpu      ] GC(188) User=0.00s Sys=0.00s Real=0.00s
[2022-06-28T12:54:18.420+0000][6][safepoint   ] Safepoint "G1Concurrent", Time since last: 68086018 ns, Reaching safepoint: 30005 ns, At safepoint: 109598 ns, Total: 139603 ns
[2022-06-28T12:54:18.420+0000][6][gc,marking  ] GC(188) Concurrent Cleanup for Next Mark
[2022-06-28T12:54:18.420+0000][6][gc,marking  ] GC(188) Concurrent Cleanup for Next Mark 0.714ms
[2022-06-28T12:54:18.420+0000][6][gc          ] GC(188) Concurrent Mark Cycle 202.873ms
[2022-06-28T12:56:36.435+0000][6][safepoint   ] Safepoint "Cleanup", Time since last: 138015637865 ns, Reaching safepoint: 38450 ns, At safepoint: 4595 ns, Total: 43045 ns
[2022-06-28T12:57:06.439+0000][6][safepoint   ] Safepoint "Cleanup", Time since last: 30003357629 ns, Reaching safepoint: 42407 ns, At safepoint: 31979 ns, Total: 74386 ns
[2022-06-28T12:57:36.442+0000][6][safepoint   ] Safepoint "Cleanup", Time since last: 30003392116 ns, Reaching safepoint: 40725 ns, At safepoint: 4711 ns, Total: 45436 ns
[2022-06-28T12:57:43.778+0000][6][gc,start    ] GC(189) Pause Young (Normal) (G1 Evacuation Pause)
[2022-06-28T12:57:43.778+0000][6][gc,task     ] GC(189) Using 1 workers of 1 for evacuation
[2022-06-28T12:57:43.778+0000][6][gc,age      ] GC(189) Desired survivor size 8388608 bytes, new threshold 15 (max threshold 15)
[2022-06-28T12:57:43.781+0000][6][gc,phases   ] GC(189)   Pre Evacuate Collection Set: 0.0ms
[2022-06-28T12:57:43.781+0000][6][gc,phases   ] GC(189)   Merge Heap Roots: 0.0ms
[2022-06-28T12:57:43.781+0000][6][gc,phases   ] GC(189)   Evacuate Collection Set: 1.7ms
[2022-06-28T12:57:43.781+0000][6][gc,phases   ] GC(189)   Post Evacuate Collection Set: 1.0ms
[2022-06-28T12:57:43.781+0000][6][gc,phases   ] GC(189)   Other: 0.1ms
[2022-06-28T12:57:43.781+0000][6][gc,age      ] GC(189) Age table with threshold 15 (max threshold 15)
[2022-06-28T12:57:43.781+0000][6][gc,age      ] GC(189) - age   1:      56768 bytes,      56768 total
[2022-06-28T12:57:43.781+0000][6][gc,age      ] GC(189) - age   2:        200 bytes,      56968 total
[2022-06-28T12:57:43.781+0000][6][gc,age      ] GC(189) - age   4:         40 bytes,      57008 total
[2022-06-28T12:57:43.781+0000][6][gc,age      ] GC(189) - age   6:        400 bytes,      57408 total
[2022-06-28T12:57:43.781+0000][6][gc,age      ] GC(189) - age   7:        200 bytes,      57608 total
[2022-06-28T12:57:43.781+0000][6][gc,age      ] GC(189) - age   8:       1496 bytes,      59104 total
[2022-06-28T12:57:43.781+0000][6][gc,age      ] GC(189) - age  13:         80 bytes,      59184 total
[2022-06-28T12:57:43.781+0000][6][gc,heap     ] GC(189) Eden regions: 29->0(29)
[2022-06-28T12:57:43.781+0000][6][gc,heap     ] GC(189) Survivor regions: 1->1(4)
[2022-06-28T12:57:43.781+0000][6][gc,heap     ] GC(189) Old regions: 19->19
[2022-06-28T12:57:43.781+0000][6][gc,heap     ] GC(189) Archive regions: 2->2
[2022-06-28T12:57:43.781+0000][6][gc,heap     ] GC(189) Humongous regions: 2->2
[2022-06-28T12:57:43.781+0000][6][gc,metaspace] GC(189) Metaspace: 107921K(111424K)->107921K(111424K) NonClass: 93506K(95232K)->93506K(95232K) Class: 14414K(16192K)->14414K(16192K)
[2022-06-28T12:57:43.781+0000][6][gc          ] GC(189) Pause Young (Normal) (G1 Evacuation Pause) 203M->87M(256M) 3.043ms
[2022-06-28T12:57:43.781+0000][6][gc,cpu      ] GC(189) User=0.01s Sys=0.00s Real=0.00s
[2022-06-28T12:57:43.781+0000][6][safepoint   ] Safepoint "G1CollectForAllocation", Time since last: 7336131343 ns, Reaching safepoint: 37132 ns, At safepoint: 3085337 ns, Total: 3122469 ns
[2022-06-28T13:01:09.576+0000][6][gc,start    ] GC(190) Pause Young (Concurrent Start) (G1 Evacuation Pause)
[2022-06-28T13:01:09.576+0000][6][gc,task     ] GC(190) Using 1 workers of 1 for evacuation
[2022-06-28T13:01:09.576+0000][6][gc,age      ] GC(190) Desired survivor size 8388608 bytes, new threshold 15 (max threshold 15)
[2022-06-28T13:01:09.579+0000][6][gc,phases   ] GC(190)   Pre Evacuate Collection Set: 0.2ms
[2022-06-28T13:01:09.579+0000][6][gc,phases   ] GC(190)   Merge Heap Roots: 0.0ms
[2022-06-28T13:01:09.579+0000][6][gc,phases   ] GC(190)   Evacuate Collection Set: 1.5ms
[2022-06-28T13:01:09.579+0000][6][gc,phases   ] GC(190)   Post Evacuate Collection Set: 1.0ms
[2022-06-28T13:01:09.579+0000][6][gc,phases   ] GC(190)   Other: 0.1ms
[2022-06-28T13:01:09.579+0000][6][gc,age      ] GC(190) Age table with threshold 15 (max threshold 15)
[2022-06-28T13:01:09.579+0000][6][gc,age      ] GC(190) - age   1:      12984 bytes,      12984 total
[2022-06-28T13:01:09.579+0000][6][gc,age      ] GC(190) - age   2:       2976 bytes,      15960 total
[2022-06-28T13:01:09.579+0000][6][gc,age      ] GC(190) - age   3:        200 bytes,      16160 total
[2022-06-28T13:01:09.579+0000][6][gc,age      ] GC(190) - age   5:         40 bytes,      16200 total
[2022-06-28T13:01:09.579+0000][6][gc,age      ] GC(190) - age   7:        400 bytes,      16600 total
[2022-06-28T13:01:09.579+0000][6][gc,age      ] GC(190) - age   9:       1496 bytes,      18096 total
[2022-06-28T13:01:09.579+0000][6][gc,age      ] GC(190) - age  14:         80 bytes,      18176 total
[2022-06-28T13:01:09.579+0000][6][gc,heap     ] GC(190) Eden regions: 29->0(29)
[2022-06-28T13:01:09.579+0000][6][gc,heap     ] GC(190) Survivor regions: 1->1(4)
[2022-06-28T13:01:09.579+0000][6][gc,heap     ] GC(190) Old regions: 19->19
[2022-06-28T13:01:09.579+0000][6][gc,heap     ] GC(190) Archive regions: 2->2
[2022-06-28T13:01:09.579+0000][6][gc,heap     ] GC(190) Humongous regions: 2->2
[2022-06-28T13:01:09.579+0000][6][gc,metaspace] GC(190) Metaspace: 107921K(111424K)->107921K(111424K) NonClass: 93506K(95232K)->93506K(95232K) Class: 14414K(16192K)->14414K(16192K)
[2022-06-28T13:01:09.579+0000][6][gc          ] GC(190) Pause Young (Concurrent Start) (G1 Evacuation Pause) 203M->87M(256M) 2.952ms
[2022-06-28T13:01:09.579+0000][6][gc,cpu      ] GC(190) User=0.00s Sys=0.00s Real=0.00s
[2022-06-28T13:01:09.579+0000][6][safepoint   ] Safepoint "G1CollectForAllocation", Time since last: 205794774382 ns, Reaching safepoint: 27495 ns, At safepoint: 3003392 ns, Total: 3030887 ns
[2022-06-28T13:01:09.579+0000][6][gc          ] GC(191) Concurrent Mark Cycle
[2022-06-28T13:01:09.579+0000][6][gc,marking  ] GC(191) Concurrent Clear Claimed Marks
[2022-06-28T13:01:09.579+0000][6][gc,marking  ] GC(191) Concurrent Clear Claimed Marks 0.040ms
[2022-06-28T13:01:09.579+0000][6][gc,marking  ] GC(191) Concurrent Scan Root Regions
[2022-06-28T13:01:09.580+0000][6][gc,marking  ] GC(191) Concurrent Scan Root Regions 0.976ms
[2022-06-28T13:01:09.580+0000][6][gc,marking  ] GC(191) Concurrent Mark
[2022-06-28T13:01:09.580+0000][6][gc,marking  ] GC(191) Concurrent Mark From Roots
[2022-06-28T13:01:09.580+0000][6][gc,task     ] GC(191) Using 1 workers of 1 for marking
[2022-06-28T13:01:09.697+0000][6][gc,marking  ] GC(191) Concurrent Mark From Roots 116.653ms
[2022-06-28T13:01:09.697+0000][6][gc,marking  ] GC(191) Concurrent Preclean
[2022-06-28T13:01:09.697+0000][6][gc,marking  ] GC(191) Concurrent Preclean 0.117ms
[2022-06-28T13:01:09.697+0000][6][gc,start    ] GC(191) Pause Remark
[2022-06-28T13:01:09.712+0000][6][gc          ] GC(191) Pause Remark 88M->88M(256M) 15.062ms
[2022-06-28T13:01:09.712+0000][6][gc,cpu      ] GC(191) User=0.01s Sys=0.00s Real=0.01s
[2022-06-28T13:01:09.712+0000][6][safepoint   ] Safepoint "G1Concurrent", Time since last: 117935317 ns, Reaching safepoint: 26787 ns, At safepoint: 15133160 ns, Total: 15159947 ns
[2022-06-28T13:01:09.712+0000][6][gc,marking  ] GC(191) Concurrent Mark 132.051ms
[2022-06-28T13:01:09.712+0000][6][gc,marking  ] GC(191) Concurrent Rebuild Remembered Sets
[2022-06-28T13:01:09.781+0000][6][gc,marking  ] GC(191) Concurrent Rebuild Remembered Sets 68.300ms
[2022-06-28T13:01:09.781+0000][6][gc,start    ] GC(191) Pause Cleanup
[2022-06-28T13:01:09.781+0000][6][gc          ] GC(191) Pause Cleanup 88M->88M(256M) 0.046ms
[2022-06-28T13:01:09.781+0000][6][gc,cpu      ] GC(191) User=0.00s Sys=0.00s Real=0.00s
[2022-06-28T13:01:09.781+0000][6][safepoint   ] Safepoint "G1Concurrent", Time since last: 68389658 ns, Reaching safepoint: 22422 ns, At safepoint: 93387 ns, Total: 115809 ns
[2022-06-28T13:01:09.781+0000][6][gc,marking  ] GC(191) Concurrent Cleanup for Next Mark
[2022-06-28T13:01:09.782+0000][6][gc,marking  ] GC(191) Concurrent Cleanup for Next Mark 0.675ms
[2022-06-28T13:01:09.782+0000][6][gc          ] GC(191) Concurrent Mark Cycle 202.309ms
[2022-06-28T13:02:36.790+0000][6][safepoint   ] Safepoint "Cleanup", Time since last: 87009040633 ns, Reaching safepoint: 38640 ns, At safepoint: 4688 ns, Total: 43328 ns
[2022-06-28T13:04:06.800+0000][6][safepoint   ] Safepoint "Cleanup", Time since last: 90009885680 ns, Reaching safepoint: 37474 ns, At safepoint: 4890 ns, Total: 42364 ns
[2022-06-28T13:04:36.218+0000][6][gc,start    ] GC(192) Pause Young (Normal) (G1 Evacuation Pause)
[2022-06-28T13:04:36.218+0000][6][gc,task     ] GC(192) Using 1 workers of 1 for evacuation
[2022-06-28T13:04:36.218+0000][6][gc,age      ] GC(192) Desired survivor size 8388608 bytes, new threshold 15 (max threshold 15)
[2022-06-28T13:04:36.221+0000][6][gc,phases   ] GC(192)   Pre Evacuate Collection Set: 0.1ms
[2022-06-28T13:04:36.221+0000][6][gc,phases   ] GC(192)   Merge Heap Roots: 0.1ms
[2022-06-28T13:04:36.221+0000][6][gc,phases   ] GC(192)   Evacuate Collection Set: 1.9ms
[2022-06-28T13:04:36.221+0000][6][gc,phases   ] GC(192)   Post Evacuate Collection Set: 0.9ms
[2022-06-28T13:04:36.221+0000][6][gc,phases   ] GC(192)   Other: 0.1ms
[2022-06-28T13:04:36.221+0000][6][gc,age      ] GC(192) Age table with threshold 15 (max threshold 15)
[2022-06-28T13:04:36.221+0000][6][gc,age      ] GC(192) - age   1:      17104 bytes,      17104 total
[2022-06-28T13:04:36.221+0000][6][gc,age      ] GC(192) - age   2:        200 bytes,      17304 total
[2022-06-28T13:04:36.221+0000][6][gc,age      ] GC(192) - age   3:       2752 bytes,      20056 total
[2022-06-28T13:04:36.221+0000][6][gc,age      ] GC(192) - age   4:        200 bytes,      20256 total
[2022-06-28T13:04:36.221+0000][6][gc,age      ] GC(192) - age   6:         40 bytes,      20296 total
[2022-06-28T13:04:36.221+0000][6][gc,age      ] GC(192) - age   8:        400 bytes,      20696 total
[2022-06-28T13:04:36.221+0000][6][gc,age      ] GC(192) - age  10:       1496 bytes,      22192 total
[2022-06-28T13:04:36.221+0000][6][gc,age      ] GC(192) - age  15:         80 bytes,      22272 total
[2022-06-28T13:04:36.221+0000][6][gc,heap     ] GC(192) Eden regions: 29->0(29)
[2022-06-28T13:04:36.221+0000][6][gc,heap     ] GC(192) Survivor regions: 1->1(4)
[2022-06-28T13:04:36.221+0000][6][gc,heap     ] GC(192) Old regions: 19->19
[2022-06-28T13:04:36.221+0000][6][gc,heap     ] GC(192) Archive regions: 2->2
[2022-06-28T13:04:36.221+0000][6][gc,heap     ] GC(192) Humongous regions: 2->2
[2022-06-28T13:04:36.221+0000][6][gc,metaspace] GC(192) Metaspace: 107921K(111424K)->107921K(111424K) NonClass: 93506K(95232K)->93506K(95232K) Class: 14414K(16192K)->14414K(16192K)
[2022-06-28T13:04:36.221+0000][6][gc          ] GC(192) Pause Young (Normal) (G1 Evacuation Pause) 203M->87M(256M) 3.183ms
[2022-06-28T13:04:36.221+0000][6][gc,cpu      ] GC(192) User=0.00s Sys=0.00s Real=0.00s
[2022-06-28T13:04:36.221+0000][6][safepoint   ] Safepoint "G1CollectForAllocation", Time since last: 29417747261 ns, Reaching safepoint: 165760 ns, At safepoint: 3228849 ns, Total: 3394609 ns
[2022-06-28T13:04:37.221+0000][6][safepoint   ] Safepoint "Cleanup", Time since last: 1000123190 ns, Reaching safepoint: 37875 ns, At safepoint: 4572 ns, Total: 42447 ns
[2022-06-28T13:05:22.226+0000][6][safepoint   ] Safepoint "Cleanup", Time since last: 45004769170 ns, Reaching safepoint: 153600 ns, At safepoint: 5772 ns, Total: 159372 ns
[2022-06-28T13:05:22.302+0000][6][gc,heap,exit] Heap
[2022-06-28T13:05:22.302+0000][6][gc,heap,exit]  garbage-first heap   total 262144K, used 132954K [0x00000000f0000000, 0x0000000100000000)
[2022-06-28T13:05:22.302+0000][6][gc,heap,exit]   region size 4096K, 12 young (49152K), 1 survivors (4096K)
[2022-06-28T13:05:22.302+0000][6][gc,heap,exit]  Metaspace       used 108116K, committed 111424K, reserved 1179648K
[2022-06-28T13:05:22.302+0000][6][gc,heap,exit]   class space    used 14447K, committed 16192K, reserved 1048576K
